08-23-2026 05:19:05 RAM 2316/7620MB (lfb 27x4MB) SWAP 0/12002MB (cached 0MB) CPU [0%@1510,0%@1510,1%@1510,0%@1510,0%@1510,1%@1510] GR3D_FREQ 0% cpu@47.937C soc2@46.968C soc0@45.343C gpu@46.968C tj@47.937C soc1@45.562C VDD_IN 4252mW/4252mW VDD_CPU_GPU_CV 992mW/992mW VDD_SOC 1391mW/1391mW
08-23-2026 05:19:06 RAM 2316/7620MB (lfb 27x4MB) SWAP 0/12002MB (cached 0MB) CPU [1%@1510,0%@1510,3%@1510,0%@1510,2%@1510,0%@1510] GR3D_FREQ 0% cpu@47.812C soc2@47C soc0@45.343C gpu@47.031C tj@47.812C soc1@45.218C VDD_IN 4252mW/4252mW VDD_CPU_GPU_CV 992mW/992mW VDD_SOC 1391mW/1391mW
08-23-2026 05:19:07 RAM 2316/7620MB (lfb 27x4MB) SWAP 0/12002MB (cached 0MB) CPU [0%@1510,0%@1510,0%@1510,1%@1510,1%@1510,2%@1510] GR3D_FREQ 0% cpu@47.718C soc2@47C soc0@45.406C gpu@47C tj@47.593C soc1@45.343C VDD_IN 4212mW/4238mW VDD_CPU_GPU_CV 992mW/992mW VDD_SOC 1391mW/1391mW
08-23-2026 05:19:09 RAM 2317/7620MB (lfb 27x4MB) SWAP 0/12002MB (cached 0MB) CPU [0%@1510,0%@1510,1%@1510,8%@1510,0%@1510,3%@1510] GR3D_FREQ 0% cpu@47.625C soc2@47.156C soc0@45.531C gpu@47.031C tj@47.625C soc1@45.375C VDD_IN 4292mW/4252mW VDD_CPU_GPU_CV 1031mW/1001mW VDD_SOC 1391mW/1391mW
08-23-2026 05:19:10 RAM 2317/7620MB (lfb 27x4MB) SWAP 0/12002MB (cached 0MB) CPU [0%@1510,0%@1510,0%@1510,0%@1510,0%@1510,0%@1510] GR3D_FREQ 0% cpu@47.812C soc2@47.156C soc0@45.343C gpu@47.093C tj@47.812C soc1@45.375C VDD_IN 4212mW/4244mW VDD_CPU_GPU_CV 952mW/991mW VDD_SOC 1391mW/1391mW
08-23-2026 05:19:11 RAM 2317/7620MB (lfb 27x4MB) SWAP 0/12002MB (cached 0MB) CPU [0%@1510,0%@1510,0%@1510,0%@1510,1%@1510,1%@1510] GR3D_FREQ 0% cpu@48.031C soc2@47.062C soc0@45.312C gpu@47.156C tj@48.031C soc1@45.531C VDD_IN 4212mW/4238mW VDD_CPU_GPU_CV 952mW/985mW VDD_SOC 1391mW/1391mW
08-23-2026 05:19:12 RAM 2317/7620MB (lfb 27x4MB) SWAP 0/12002MB (cached 0MB) CPU [0%@1510,0%@1510,0%@1510,0%@1510,0%@1510,0%@1510] GR3D_FREQ 0% cpu@47.812C soc2@46.968C soc0@45.375C gpu@47.375C tj@47.812C soc1@45.343C VDD_IN 4212mW/4234mW VDD_CPU_GPU_CV 952mW/980mW VDD_SOC 1391mW/1391mW
08-23-2026 05:19:13 RAM 2317/7620MB (lfb 27x4MB) SWAP 0/12002MB (cached 0MB) CPU [0%@1510,0%@1510,0%@1510,0%@1510,0%@1510,0%@1510] GR3D_FREQ 0% cpu@47.593C soc2@47.031C soc0@45.343C gpu@47.5C tj@47.593C soc1@45.25C VDD_IN 4212mW/4232mW VDD_CPU_GPU_CV 952mW/976mW VDD_SOC 1391mW/1391mW
08-23-2026 05:19:14 RAM 2317/7620MB (lfb 27x4MB) SWAP 0/12002MB (cached 0MB) CPU [1%@1510,0%@1510,1%@1510,3%@1510,2%@1510,6%@1510] GR3D_FREQ 0% cpu@47.656C soc2@47.062C soc0@45.468C gpu@47.5C tj@47.656C soc1@45.343C VDD_IN 4292mW/4238mW VDD_CPU_GPU_CV 1031mW/982mW VDD_SOC 1391mW/1391mW
08-23-2026 05:19:15 RAM 2317/7620MB (lfb 27x4MB) SWAP 0/12002MB (cached 0MB) CPU [0%@1510,0%@1510,0%@1510,1%@1510,0%@1510,0%@1510] GR3D_FREQ 0% cpu@47.718C soc2@47.125C soc0@45.312C gpu@47.406C tj@47.718C soc1@45.343C VDD_IN 4212mW/4236mW VDD_CPU_GPU_CV 952mW/979mW VDD_SOC 1391mW/1391mW
08-23-2026 05:19:16 RAM 2317/7620MB (lfb 27x4MB) SWAP 0/12002MB (cached 0MB) CPU [0%@1510,0%@1510,0%@1510,0%@1510,0%@1510,0%@1510] GR3D_FREQ 0% cpu@47.625C soc2@47.062C soc0@45.312C gpu@47C tj@47.625C soc1@45.375C VDD_IN 4212mW/4233mW VDD_CPU_GPU_CV 952mW/977mW VDD_SOC 1391mW/1391mW
08-23-2026 05:19:17 RAM 2317/7620MB (lfb 27x4MB) SWAP 0/12002MB (cached 0MB) CPU [0%@1510,0%@1510,0%@1510,0%@1510,0%@1510,0%@1510] GR3D_FREQ 0% cpu@47.812C soc2@47.062C soc0@45.343C gpu@46.968C tj@47.812C soc1@45.468C VDD_IN 4212mW/4232mW VDD_CPU_GPU_CV 952mW/975mW VDD_SOC 1391mW/1391mW
08-23-2026 05:19:18 RAM 2317/7620MB (lfb 27x4MB) SWAP 0/12002MB (cached 0MB) CPU [0%@1510,0%@1510,0%@1510,0%@1510,0%@1510,0%@1510] GR3D_FREQ 0% cpu@47.625C soc2@47C soc0@45.437C gpu@46.968C tj@47.625C soc1@45.312C VDD_IN 4212mW/4230mW VDD_CPU_GPU_CV 952mW/973mW VDD_SOC 1391mW/1391mW
08-23-2026 05:19:19 RAM 2318/7620MB (lfb 27x4MB) SWAP 0/12002MB (cached 0MB) CPU [0%@1510,0%@1510,1%@1510,2%@1510,7%@1510,0%@1510] GR3D_FREQ 0% cpu@47.625C soc2@47.031C soc0@45.406C gpu@47.031C tj@47.625C soc1@45.375C VDD_IN 4292mW/4234mW VDD_CPU_GPU_CV 1031mW/977mW VDD_SOC 1391mW/1391mW
08-23-2026 05:19:20 RAM 2318/7620MB (lfb 27x4MB) SWAP 0/12002MB (cached 0MB) CPU [0%@1510,0%@1510,0%@1510,0%@1510,0%@1510,1%@1510] GR3D_FREQ 0% cpu@47.687C soc2@47.093C soc0@45.531C gpu@47.062C tj@47.687C soc1@45.343C VDD_IN 4212mW/4233mW VDD_CPU_GPU_CV 992mW/978mW VDD_SOC 1391mW/1391mW
08-23-2026 05:19:21 RAM 2318/7620MB (lfb 27x4MB) SWAP 0/12002MB (cached 0MB) CPU [0%@1510,0%@1510,0%@1510,0%@1510,0%@1510,0%@1510] GR3D_FREQ 0% cpu@47.718C soc2@47.062C soc0@45.343C gpu@47C tj@47.718C soc1@45.375C VDD_IN 4212mW/4232mW VDD_CPU_GPU_CV 952mW/976mW VDD_SOC 1391mW/1391mW
08-23-2026 05:19:22 RAM 2318/7620MB (lfb 27x4MB) SWAP 0/12002MB (cached 0MB) CPU [0%@1510,0%@1510,0%@1510,0%@1510,0%@1510,0%@1510] GR3D_FREQ 0% cpu@47.812C soc2@47.031C soc0@45.343C gpu@46.968C tj@47.812C soc1@45.468C VDD_IN 4212mW/4230mW VDD_CPU_GPU_CV 952mW/975mW VDD_SOC 1391mW/1391mW
08-23-2026 05:19:23 RAM 2318/7620MB (lfb 27x4MB) SWAP 0/12002MB (cached 0MB) CPU [0%@1510,0%@1510,0%@1510,0%@1510,0%@1510,0%@1510] GR3D_FREQ 0% cpu@47.656C soc2@47C soc0@45.343C gpu@46.968C tj@47.562C soc1@45.343C VDD_IN 4212mW/4229mW VDD_CPU_GPU_CV 952mW/974mW VDD_SOC 1391mW/1391mW
08-23-2026 05:19:24 RAM 2319/7620MB (lfb 27x4MB) SWAP 0/12002MB (cached 0MB) CPU [0%@1510,2%@1510,0%@1510,6%@1510,1%@1510,3%@1510] GR3D_FREQ 0% cpu@47.906C soc2@47C soc0@45.437C gpu@47.25C tj@47.906C soc1@45.281C VDD_IN 4292mW/4233mW VDD_CPU_GPU_CV 1031mW/977mW VDD_SOC 1391mW/1391mW
08-23-2026 05:19:25 RAM 2319/7620MB (lfb 27x4MB) SWAP 0/12002MB (cached 0MB) CPU [0%@1510,0%@1510,0%@1510,0%@1510,0%@1510,0%@1510] GR3D_FREQ 0% cpu@47.593C soc2@47.031C soc0@45.406C gpu@47.25C tj@47.593C soc1@45.312C VDD_IN 4212mW/4232mW VDD_CPU_GPU_CV 992mW/977mW VDD_SOC 1391mW/1391mW
08-23-2026 05:19:26 RAM 2319/7620MB (lfb 27x4MB) SWAP 0/12002MB (cached 0MB) CPU [0%@1510,0%@1510,0%@1510,0%@1510,0%@1510,0%@1510] GR3D_FREQ 0% cpu@47.593C soc2@47.125C soc0@45.562C gpu@47.187C tj@47.593C soc1@45.343C VDD_IN 4212mW/4231mW VDD_CPU_GPU_CV 952mW/976mW VDD_SOC 1391mW/1391mW
08-23-2026 05:19:27 RAM 2319/7620MB (lfb 27x4MB) SWAP 0/12002MB (cached 0MB) CPU [0%@1510,0%@1510,0%@1510,0%@1510,0%@1510,0%@1510] GR3D_FREQ 0% cpu@47.75C soc2@47.093C soc0@45.343C gpu@47.218C tj@47.75C soc1@45.343C VDD_IN 4212mW/4230mW VDD_CPU_GPU_CV 952mW/975mW VDD_SOC 1391mW/1391mW
08-23-2026 05:19:28 RAM 2319/7620MB (lfb 27x4MB) SWAP 0/12002MB (cached 0MB) CPU [0%@1510,0%@1510,0%@1510,0%@1510,0%@1510,0%@1510] GR3D_FREQ 0% cpu@47.718C soc2@46.937C soc0@45.375C gpu@47.312C tj@47.718C soc1@45.5C VDD_IN 4212mW/4229mW VDD_CPU_GPU_CV 952mW/974mW VDD_SOC 1391mW/1391mW
08-23-2026 05:19:29 RAM 2320/7620MB (lfb 27x4MB) SWAP 0/12002MB (cached 0MB) CPU [3%@1510,6%@1510,3%@1510,15%@1510,9%@1510,8%@1510] GR3D_FREQ 0% cpu@48C soc2@47.062C soc0@45.343C gpu@47.343C tj@48C soc1@45.593C VDD_IN 4530mW/4241mW VDD_CPU_GPU_CV 1150mW/981mW VDD_SOC 1428mW/1392mW
08-23-2026 05:19:30 RAM 2320/7620MB (lfb 27x4MB) SWAP 0/12002MB (cached 0MB) CPU [0%@1510,0%@1510,0%@1510,0%@1510,0%@1510,0%@1510] GR3D_FREQ 0% cpu@47.625C soc2@47.062C soc0@45.406C gpu@47.312C tj@47.625C soc1@45.375C VDD_IN 4212mW/4240mW VDD_CPU_GPU_CV 992mW/982mW VDD_SOC 1391mW/1392mW
08-23-2026 05:19:31 RAM 2320/7620MB (lfb 27x4MB) SWAP 0/12002MB (cached 0MB) CPU [0%@1510,0%@1510,0%@1510,0%@1510,0%@1510,0%@1510] GR3D_FREQ 0% cpu@47.718C soc2@47.156C soc0@45.531C gpu@47.343C tj@47.718C soc1@45.343C VDD_IN 4212mW/4239mW VDD_CPU_GPU_CV 952mW/981mW VDD_SOC 1391mW/1392mW
08-23-2026 05:19:32 RAM 2320/7620MB (lfb 27x4MB) SWAP 0/12002MB (cached 0MB) CPU [0%@1510,0%@1510,0%@1510,0%@1510,0%@1510,0%@1510] GR3D_FREQ 0% cpu@47.843C soc2@47.125C soc0@45.375C gpu@47.343C tj@47.843C soc1@45.375C VDD_IN 4212mW/4238mW VDD_CPU_GPU_CV 952mW/979mW VDD_SOC 1391mW/1392mW
08-23-2026 05:19:33 RAM 2320/7620MB (lfb 27x4MB) SWAP 0/12002MB (cached 0MB) CPU [0%@1510,0%@1510,0%@1510,0%@1510,0%@1510,0%@1510] GR3D_FREQ 0% cpu@47.718C soc2@46.968C soc0@45.343C gpu@47.437C tj@47.718C soc1@45.5C VDD_IN 4212mW/4237mW VDD_CPU_GPU_CV 952mW/978mW VDD_SOC 1391mW/1392mW
08-23-2026 05:19:34 RAM 2321/7620MB (lfb 27x4MB) SWAP 0/12002MB (cached 0MB) CPU [0%@1510,0%@1510,1%@1510,3%@1510,8%@1510,3%@1510] GR3D_FREQ 0% cpu@47.906C soc2@46.937C soc0@45.312C gpu@47.406C tj@47.906C soc1@45.531C VDD_IN 4332mW/4240mW VDD_CPU_GPU_CV 1031mW/980mW VDD_SOC 1391mW/1392mW
08-23-2026 05:19:35 RAM 2333/7620MB (lfb 27x4MB) SWAP 0/12002MB (cached 0MB) CPU [6%@1510,7%@1510,17%@1510,7%@1510,7%@1510,7%@1510] GR3D_FREQ 0% cpu@48.406C soc2@47C soc0@45.406C gpu@47.062C tj@48.406C soc1@45.281C VDD_IN 4801mW/4259mW VDD_CPU_GPU_CV 1465mW/996mW VDD_SOC 1428mW/1393mW
08-23-2026 05:19:36 RAM 2483/7620MB (lfb 14x4MB) SWAP 0/12002MB (cached 0MB) CPU [1%@1510,0%@1510,100%@1510,2%@1510,2%@1510,1%@1510] GR3D_FREQ 0% cpu@48.25C soc2@47.156C soc0@45.343C gpu@47.125C tj@48.25C soc1@45.343C VDD_IN 5079mW/4286mW VDD_CPU_GPU_CV 1545mW/1014mW VDD_SOC 1428mW/1394mW
08-23-2026 05:19:37 RAM 2528/7620MB (lfb 14x4MB) SWAP 0/12002MB (cached 0MB) CPU [32%@1510,0%@1510,86%@1510,2%@1510,0%@1510,1%@1510] GR3D_FREQ 0% cpu@48.312C soc2@47.156C soc0@45.343C gpu@47.156C tj@48.312C soc1@45.437C VDD_IN 5317mW/4318mW VDD_CPU_GPU_CV 1703mW/1036mW VDD_SOC 1468mW/1396mW
08-23-2026 05:19:38 RAM 2552/7620MB (lfb 13x4MB) SWAP 0/12002MB (cached 0MB) CPU [46%@1510,1%@1510,24%@1510,1%@1510,2%@1510,0%@1510] GR3D_FREQ 0% cpu@47.812C soc2@47.25C soc0@45.375C gpu@47.187C tj@47.812C soc1@45.468C VDD_IN 4530mW/4324mW VDD_CPU_GPU_CV 1190mW/1040mW VDD_SOC 1428mW/1397mW
08-23-2026 05:19:39 RAM 2568/7620MB (lfb 13x4MB) SWAP 0/12002MB (cached 0MB) CPU [8%@1510,8%@1510,21%@1510,13%@1510,8%@1510,10%@1510] GR3D_FREQ 0% cpu@48.781C soc2@47C soc0@45.343C gpu@47.156C tj@48.781C soc1@45.562C VDD_IN 4920mW/4342mW VDD_CPU_GPU_CV 1545mW/1055mW VDD_SOC 1428mW/1398mW
08-23-2026 05:19:40 RAM 2878/7620MB (lfb 4x4MB) SWAP 0/12002MB (cached 0MB) CPU [1%@1510,0%@1510,98%@1510,3%@1510,2%@1510,5%@1510] GR3D_FREQ 0% cpu@48.375C soc2@47.187C soc0@45.437C gpu@47.25C tj@48.375C soc1@45.406C VDD_IN 5317mW/4370mW VDD_CPU_GPU_CV 1584mW/1070mW VDD_SOC 1507mW/1401mW
08-23-2026 05:19:41 RAM 2962/7620MB (lfb 5x4MB) SWAP 0/12002MB (cached 0MB) CPU [2%@1510,1%@1510,19%@1510,2%@1510,3%@1510,1%@1510] GR3D_FREQ 0% cpu@47.843C soc2@47.187C soc0@45.5C gpu@47.187C tj@47.843C soc1@45.5C VDD_IN 4491mW/4373mW VDD_CPU_GPU_CV 1111mW/1071mW VDD_SOC 1428mW/1402mW
08-23-2026 05:19:42 RAM 2962/7620MB (lfb 5x4MB) SWAP 0/12002MB (cached 0MB) CPU [2%@1510,1%@1510,3%@1510,1%@1510,2%@1510,2%@1510] GR3D_FREQ 0% cpu@47.687C soc2@47.187C soc0@45.593C gpu@47C tj@47.875C soc1@45.406C VDD_IN 4332mW/4372mW VDD_CPU_GPU_CV 1031mW/1070mW VDD_SOC 1391mW/1402mW
08-23-2026 05:19:43 RAM 2962/7620MB (lfb 5x4MB) SWAP 0/12002MB (cached 0MB) CPU [2%@1510,3%@1510,3%@1510,1%@1510,1%@1510,1%@1510] GR3D_FREQ 0% cpu@47.781C soc2@47.031C soc0@45.406C gpu@46.968C tj@47.781C soc1@45.468C VDD_IN 4292mW/4370mW VDD_CPU_GPU_CV 992mW/1068mW VDD_SOC 1391mW/1401mW
08-23-2026 05:19:44 RAM 2962/7620MB (lfb 4x4MB) SWAP 0/12002MB (cached 0MB) CPU [2%@1510,8%@1510,4%@1510,3%@1510,3%@1510,4%@1510] GR3D_FREQ 0% cpu@48C soc2@47.156C soc0@45.375C gpu@47.093C tj@48C soc1@45.656C VDD_IN 4411mW/4371mW VDD_CPU_GPU_CV 1071mW/1068mW VDD_SOC 1391mW/1401mW
08-23-2026 05:19:45 RAM 2962/7620MB (lfb 4x4MB) SWAP 0/12002MB (cached 0MB) CPU [2%@1510,1%@1510,2%@1510,1%@1510,1%@1510,2%@1510] GR3D_FREQ 0% cpu@47.781C soc2@47.062C soc0@45.5C gpu@47.062C tj@47.781C soc1@45.343C VDD_IN 4292mW/4369mW VDD_CPU_GPU_CV 1031mW/1067mW VDD_SOC 1391mW/1401mW
08-23-2026 05:19:46 RAM 2963/7620MB (lfb 4x4MB) SWAP 0/12002MB (cached 0MB) CPU [1%@1510,1%@1510,3%@1510,1%@1510,4%@1510,3%@1510] GR3D_FREQ 0% cpu@47.843C soc2@47.156C soc0@45.5C gpu@46.968C tj@47.843C soc1@45.343C VDD_IN 4332mW/4368mW VDD_CPU_GPU_CV 1031mW/1066mW VDD_SOC 1391mW/1401mW
08-23-2026 05:19:47 RAM 2963/7620MB (lfb 4x4MB) SWAP 0/12002MB (cached 0MB) CPU [1%@1510,2%@1510,4%@1510,2%@1510,1%@1510,2%@1510] GR3D_FREQ 0% cpu@47.687C soc2@47.156C soc0@45.593C gpu@47.062C tj@47.687C soc1@45.375C VDD_IN 4292mW/4366mW VDD_CPU_GPU_CV 1031mW/1065mW VDD_SOC 1391mW/1400mW
08-23-2026 05:19:48 RAM 2963/7620MB (lfb 4x4MB) SWAP 0/12002MB (cached 0MB) CPU [2%@1510,1%@1510,4%@1510,3%@1510,1%@1510,1%@1510] GR3D_FREQ 0% cpu@47.812C soc2@47.187C soc0@45.406C gpu@47.031C tj@47.812C soc1@45.437C VDD_IN 4252mW/4363mW VDD_CPU_GPU_CV 992mW/1064mW VDD_SOC 1391mW/1400mW
08-23-2026 05:19:49 RAM 2963/7620MB (lfb 4x4MB) SWAP 0/12002MB (cached 0MB) CPU [1%@1510,1%@1510,3%@1510,0%@1510,1%@1510,2%@1510] GR3D_FREQ 0% cpu@48C soc2@47.062C soc0@45.406C gpu@47.312C tj@48C soc1@45.562C VDD_IN 4292mW/4362mW VDD_CPU_GPU_CV 992mW/1062mW VDD_SOC 1391mW/1400mW
08-23-2026 05:19:50 RAM 2963/7620MB (lfb 4x4MB) SWAP 0/12002MB (cached 0MB) CPU [2%@1510,1%@1510,2%@1510,1%@1510,1%@1510,3%@1510] GR3D_FREQ 0% cpu@47.687C soc2@47.031C soc0@45.406C gpu@47.343C tj@47.687C soc1@45.406C VDD_IN 4292mW/4360mW VDD_CPU_GPU_CV 1031mW/1061mW VDD_SOC 1391mW/1400mW
08-23-2026 05:19:51 RAM 2963/7620MB (lfb 4x4MB) SWAP 0/12002MB (cached 0MB) CPU [3%@1510,0%@1510,4%@1510,2%@1510,2%@1510,4%@1510] GR3D_FREQ 0% cpu@47.75C soc2@47.156C soc0@45.5C gpu@47.312C tj@47.75C soc1@45.406C VDD_IN 4332mW/4360mW VDD_CPU_GPU_CV 1031mW/1061mW VDD_SOC 1391mW/1400mW
08-23-2026 05:19:52 RAM 2963/7620MB (lfb 4x4MB) SWAP 0/12002MB (cached 0MB) CPU [2%@1510,1%@1510,3%@1510,3%@1510,1%@1510,1%@1510] GR3D_FREQ 0% cpu@47.687C soc2@47.125C soc0@45.531C gpu@47.281C tj@47.687C soc1@45.406C VDD_IN 4292mW/4358mW VDD_CPU_GPU_CV 1031mW/1060mW VDD_SOC 1391mW/1399mW
08-23-2026 05:19:53 RAM 2963/7620MB (lfb 4x4MB) SWAP 0/12002MB (cached 0MB) CPU [2%@1510,0%@1510,3%@1510,2%@1510,0%@1510,2%@1510] GR3D_FREQ 0% cpu@47.75C soc2@47.093C soc0@45.437C gpu@47.343C tj@47.75C soc1@45.406C VDD_IN 4292mW/4357mW VDD_CPU_GPU_CV 1031mW/1059mW VDD_SOC 1391mW/1399mW
08-23-2026 05:19:54 RAM 2963/7620MB (lfb 4x4MB) SWAP 0/12002MB (cached 0MB) CPU [1%@1510,2%@1510,3%@1510,1%@1510,1%@1510,0%@1510] GR3D_FREQ 0% cpu@47.937C soc2@46.968C soc0@45.343C gpu@47.343C tj@47.937C soc1@45.531C VDD_IN 4292mW/4355mW VDD_CPU_GPU_CV 1031mW/1059mW VDD_SOC 1391mW/1399mW
08-23-2026 05:19:55 RAM 2963/7620MB (lfb 4x4MB) SWAP 0/12002MB (cached 0MB) CPU [2%@1510,1%@1510,2%@1510,1%@1510,1%@1510,1%@1510] GR3D_FREQ 0% cpu@47.75C soc2@47.031C soc0@45.406C gpu@47.343C tj@47.718C soc1@45.343C VDD_IN 4292mW/4354mW VDD_CPU_GPU_CV 992mW/1058mW VDD_SOC 1391mW/1399mW
08-23-2026 05:19:56 RAM 2967/7620MB (lfb 5x4MB) SWAP 0/12002MB (cached 0MB) CPU [1%@1510,1%@1510,4%@1510,1%@1510,2%@1510,4%@1510] GR3D_FREQ 0% cpu@48.062C soc2@47.156C soc0@45.468C gpu@47.406C tj@47.75C soc1@45.343C VDD_IN 4332mW/4354mW VDD_CPU_GPU_CV 1031mW/1057mW VDD_SOC 1391mW/1399mW
08-23-2026 05:19:57 RAM 2967/7620MB (lfb 5x4MB) SWAP 0/12002MB (cached 0MB) CPU [3%@1510,2%@1510,3%@1510,2%@1510,1%@1510,2%@1510] GR3D_FREQ 0% cpu@47.718C soc2@47.093C soc0@45.531C gpu@47.5C tj@47.718C soc1@45.375C VDD_IN 4292mW/4352mW VDD_CPU_GPU_CV 1031mW/1057mW VDD_SOC 1391mW/1398mW
08-23-2026 05:19:58 RAM 2967/7620MB (lfb 5x4MB) SWAP 0/12002MB (cached 0MB) CPU [0%@1510,0%@1510,3%@1510,1%@1510,1%@1510,2%@1510] GR3D_FREQ 0% cpu@47.687C soc2@47.125C soc0@45.343C gpu@47.093C tj@47.687C soc1@45.343C VDD_IN 4252mW/4351mW VDD_CPU_GPU_CV 992mW/1055mW VDD_SOC 1391mW/1398mW
08-23-2026 05:19:59 RAM 2967/7620MB (lfb 5x4MB) SWAP 0/12002MB (cached 0MB) CPU [0%@1510,0%@1510,3%@1510,1%@1510,0%@1510,1%@1510] GR3D_FREQ 0% cpu@47.968C soc2@47C soc0@45.343C gpu@47.062C tj@47.968C soc1@45.437C VDD_IN 4252mW/4349mW VDD_CPU_GPU_CV 992mW/1054mW VDD_SOC 1391mW/1398mW
08-23-2026 05:20:00 RAM 2967/7620MB (lfb 5x4MB) SWAP 0/12002MB (cached 0MB) CPU [1%@1510,1%@1510,4%@1510,1%@1510,3%@1510,2%@1510] GR3D_FREQ 0% cpu@47.75C soc2@47.031C soc0@45.406C gpu@47.156C tj@47.75C soc1@45.5C VDD_IN 4292mW/4348mW VDD_CPU_GPU_CV 992mW/1053mW VDD_SOC 1391mW/1398mW
08-23-2026 05:20:01 RAM 2967/7620MB (lfb 5x4MB) SWAP 0/12002MB (cached 0MB) CPU [0%@1510,1%@1510,3%@1510,2%@1510,4%@1510,2%@1510] GR3D_FREQ 0% cpu@48.062C soc2@47C soc0@45.5C gpu@47.187C tj@48.062C soc1@45.343C VDD_IN 4292mW/4347mW VDD_CPU_GPU_CV 1031mW/1053mW VDD_SOC 1391mW/1398mW
08-23-2026 05:20:02 RAM 2967/7620MB (lfb 5x4MB) SWAP 0/12002MB (cached 0MB) CPU [1%@1510,0%@1510,3%@1510,1%@1510,0%@1510,3%@1510] GR3D_FREQ 0% cpu@47.625C soc2@47.125C soc0@45.5C gpu@47.187C tj@47.625C soc1@45.343C VDD_IN 4292mW/4346mW VDD_CPU_GPU_CV 1031mW/1052mW VDD_SOC 1391mW/1398mW
08-23-2026 05:20:03 RAM 2967/7620MB (lfb 5x4MB) SWAP 0/12002MB (cached 0MB) CPU [0%@1510,1%@1510,4%@1510,1%@1510,1%@1510,1%@1510] GR3D_FREQ 0% cpu@47.781C soc2@47.156C soc0@45.375C gpu@47.25C tj@47.781C soc1@45.375C VDD_IN 4252mW/4344mW VDD_CPU_GPU_CV 992mW/1051mW VDD_SOC 1391mW/1398mW
08-23-2026 05:20:04 RAM 2967/7620MB (lfb 5x4MB) SWAP 0/12002MB (cached 0MB) CPU [0%@1510,0%@1510,2%@1510,2%@1510,1%@1510,0%@1510] GR3D_FREQ 0% cpu@47.937C soc2@47.093C soc0@45.343C gpu@47.25C tj@47.937C soc1@45.406C VDD_IN 4252mW/4342mW VDD_CPU_GPU_CV 992mW/1050mW VDD_SOC 1391mW/1398mW
08-23-2026 05:20:05 RAM 2967/7620MB (lfb 5x4MB) SWAP 0/12002MB (cached 0MB) CPU [1%@1510,1%@1510,4%@1510,2%@1510,0%@1510,1%@1510] GR3D_FREQ 0% cpu@47.781C soc2@46.937C soc0@45.437C gpu@47.187C tj@47.781C soc1@45.562C VDD_IN 4292mW/4342mW VDD_CPU_GPU_CV 992mW/1049mW VDD_SOC 1391mW/1397mW
08-23-2026 05:20:06 RAM 2967/7620MB (lfb 5x4MB) SWAP 0/12002MB (cached 0MB) CPU [2%@1510,0%@1510,3%@1510,2%@1510,4%@1510,3%@1510] GR3D_FREQ 0% cpu@48.031C soc2@47.031C soc0@45.375C gpu@47.156C tj@48.031C soc1@45.312C VDD_IN 4292mW/4341mW VDD_CPU_GPU_CV 1031mW/1049mW VDD_SOC 1391mW/1397mW
08-23-2026 05:20:07 RAM 2967/7620MB (lfb 5x4MB) SWAP 0/12002MB (cached 0MB) CPU [0%@1510,1%@1510,3%@1510,2%@1510,1%@1510,2%@1510] GR3D_FREQ 0% cpu@47.625C soc2@47.062C soc0@45.468C gpu@47C tj@47.625C soc1@45.281C VDD_IN 4292mW/4340mW VDD_CPU_GPU_CV 1031mW/1049mW VDD_SOC 1391mW/1397mW
08-23-2026 05:20:08 RAM 2967/7620MB (lfb 5x4MB) SWAP 0/12002MB (cached 0MB) CPU [2%@1510,0%@1510,3%@1510,0%@1510,1%@1510,1%@1510] GR3D_FREQ 0% cpu@47.75C soc2@47.062C soc0@45.406C gpu@47C tj@47.75C soc1@45.406C VDD_IN 4252mW/4339mW VDD_CPU_GPU_CV 992mW/1048mW VDD_SOC 1391mW/1397mW
08-23-2026 05:20:09 RAM 2966/7620MB (lfb 5x4MB) SWAP 0/12002MB (cached 0MB) CPU [1%@1510,0%@1510,2%@1510,4%@1510,1%@1510,1%@1510] GR3D_FREQ 0% cpu@47.812C soc2@47.093C soc0@45.312C gpu@46.968C tj@47.812C soc1@45.437C VDD_IN 4252mW/4337mW VDD_CPU_GPU_CV 992mW/1047mW VDD_SOC 1391mW/1397mW
08-23-2026 05:20:10 RAM 2966/7620MB (lfb 5x4MB) SWAP 0/12002MB (cached 0MB) CPU [1%@1510,0%@1510,3%@1510,2%@1510,0%@1510,2%@1510] GR3D_FREQ 0% cpu@47.781C soc2@46.937C soc0@45.312C gpu@47C tj@47.781C soc1@45.468C VDD_IN 4252mW/4336mW VDD_CPU_GPU_CV 992mW/1046mW VDD_SOC 1391mW/1397mW
08-23-2026 05:20:11 RAM 2967/7620MB (lfb 5x4MB) SWAP 0/12002MB (cached 0MB) CPU [2%@1510,1%@1510,4%@1510,4%@1510,6%@1510,2%@1510] GR3D_FREQ 0% cpu@47.906C soc2@47.031C soc0@45.437C gpu@47.062C tj@47.906C soc1@45.218C VDD_IN 4292mW/4335mW VDD_CPU_GPU_CV 1031mW/1046mW VDD_SOC 1391mW/1397mW
08-23-2026 05:20:12 RAM 2968/7620MB (lfb 5x4MB) SWAP 0/12002MB (cached 0MB) CPU [0%@1510,1%@1510,4%@1510,2%@1510,1%@1510,3%@1510] GR3D_FREQ 0% cpu@47.625C soc2@47.062C soc0@45.437C gpu@47.031C tj@47.625C soc1@45.281C VDD_IN 4292mW/4335mW VDD_CPU_GPU_CV 1031mW/1045mW VDD_SOC 1391mW/1397mW
08-23-2026 05:20:13 RAM 2968/7620MB (lfb 5x4MB) SWAP 0/12002MB (cached 0MB) CPU [1%@1510,1%@1510,3%@1510,2%@1510,1%@1510,2%@1510] GR3D_FREQ 0% cpu@47.718C soc2@46.968C soc0@45.437C gpu@47.031C tj@47.718C soc1@45.312C VDD_IN 4292mW/4334mW VDD_CPU_GPU_CV 992mW/1045mW VDD_SOC 1391mW/1397mW
08-23-2026 05:20:14 RAM 2968/7620MB (lfb 5x4MB) SWAP 0/12002MB (cached 0MB) CPU [2%@1510,0%@1510,2%@1510,1%@1510,0%@1510,1%@1510] GR3D_FREQ 0% cpu@47.656C soc2@47.062C soc0@45.343C gpu@47.062C tj@47.843C soc1@45.375C VDD_IN 4252mW/4333mW VDD_CPU_GPU_CV 992mW/1044mW VDD_SOC 1391mW/1397mW
08-23-2026 05:20:15 RAM 2968/7620MB (lfb 5x4MB) SWAP 0/12002MB (cached 0MB) CPU [1%@1510,0%@1510,2%@1510,1%@1510,2%@1510,0%@1510] GR3D_FREQ 0% cpu@47.75C soc2@47C soc0@45.343C gpu@47.031C tj@47.75C soc1@45.406C VDD_IN 4292mW/4332mW VDD_CPU_GPU_CV 992mW/1043mW VDD_SOC 1391mW/1396mW
08-23-2026 05:20:16 RAM 2967/7620MB (lfb 5x4MB) SWAP 0/12002MB (cached 0MB) CPU [1%@1510,2%@1510,3%@1510,4%@1510,0%@1510,2%@1510] GR3D_FREQ 0% cpu@48C soc2@46.968C soc0@45.375C gpu@47.343C tj@48C soc1@45.5C VDD_IN 4332mW/4332mW VDD_CPU_GPU_CV 1031mW/1043mW VDD_SOC 1391mW/1396mW
08-23-2026 05:20:17 RAM 2967/7620MB (lfb 5x4MB) SWAP 0/12002MB (cached 0MB) CPU [3%@1510,0%@1510,3%@1510,2%@1510,1%@1510,3%@1510] GR3D_FREQ 0% cpu@47.625C soc2@47.062C soc0@45.437C gpu@47.375C tj@47.625C soc1@45.343C VDD_IN 4292mW/4332mW VDD_CPU_GPU_CV 1031mW/1043mW VDD_SOC 1391mW/1396mW
08-23-2026 05:20:18 RAM 2967/7620MB (lfb 5x4MB) SWAP 0/12002MB (cached 0MB) CPU [0%@1510,1%@1510,3%@1510,1%@1510,1%@1510,1%@1510] GR3D_FREQ 0% cpu@47.656C soc2@47C soc0@45.562C gpu@47.312C tj@47.656C soc1@45.281C VDD_IN 4252mW/4331mW VDD_CPU_GPU_CV 992mW/1042mW VDD_SOC 1391mW/1396mW
08-23-2026 05:20:19 RAM 2967/7620MB (lfb 5x4MB) SWAP 0/12002MB (cached 0MB) CPU [1%@1510,0%@1510,3%@1510,3%@1510,1%@1510,1%@1510] GR3D_FREQ 0% cpu@47.625C soc2@47.125C soc0@45.562C gpu@47.343C tj@47.625C soc1@45.343C VDD_IN 4252mW/4329mW VDD_CPU_GPU_CV 992mW/1041mW VDD_SOC 1391mW/1396mW
08-23-2026 05:20:20 RAM 2967/7620MB (lfb 5x4MB) SWAP 0/12002MB (cached 0MB) CPU [1%@1510,0%@1510,3%@1510,2%@1510,1%@1510,2%@1510] GR3D_FREQ 0% cpu@47.75C soc2@47.187C soc0@45.406C gpu@47.437C tj@47.75C soc1@45.406C VDD_IN 4292mW/4329mW VDD_CPU_GPU_CV 992mW/1041mW VDD_SOC 1391mW/1396mW
08-23-2026 05:20:21 RAM 2968/7620MB (lfb 5x4MB) SWAP 0/12002MB (cached 0MB) CPU [1%@1510,1%@1510,4%@1510,4%@1510,2%@1510,3%@1510] GR3D_FREQ 0% cpu@47.937C soc2@47.031C soc0@45.343C gpu@47.468C tj@47.937C soc1@45.437C VDD_IN 4292mW/4328mW VDD_CPU_GPU_CV 1031mW/1041mW VDD_SOC 1391mW/1396mW
08-23-2026 05:20:22 RAM 2968/7620MB (lfb 5x4MB) SWAP 0/12002MB (cached 0MB) CPU [2%@1510,0%@1510,4%@1510,3%@1510,2%@1510,0%@1510] GR3D_FREQ 0% cpu@47.718C soc2@47.062C soc0@45.375C gpu@46.937C tj@47.593C soc1@45.281C VDD_IN 4292mW/4328mW VDD_CPU_GPU_CV 1031mW/1040mW VDD_SOC 1391mW/1396mW
08-23-2026 05:20:23 RAM 2968/7620MB (lfb 5x4MB) SWAP 0/12002MB (cached 0MB) CPU [0%@1510,1%@1510,3%@1510,2%@1510,2%@1510,3%@1510] GR3D_FREQ 0% cpu@47.625C soc2@47.125C soc0@45.468C gpu@46.906C tj@47.656C soc1@45.343C VDD_IN 4292mW/4328mW VDD_CPU_GPU_CV 1031mW/1040mW VDD_SOC 1391mW/1396mW
08-23-2026 05:20:24 RAM 2967/7620MB (lfb 5x4MB) SWAP 0/12002MB (cached 0MB) CPU [1%@1510,0%@1510,3%@1510,1%@1510,1%@1510,2%@1510] GR3D_FREQ 0% cpu@47.593C soc2@47.062C soc0@45.625C gpu@46.937C tj@47.593C soc1@45.343C VDD_IN 4252mW/4327mW VDD_CPU_GPU_CV 992mW/1040mW VDD_SOC 1391mW/1396mW
08-23-2026 05:20:25 RAM 2967/7620MB (lfb 5x4MB) SWAP 0/12002MB (cached 0MB) CPU [1%@1510,0%@1510,2%@1510,1%@1510,1%@1510,3%@1510] GR3D_FREQ 0% cpu@47.75C soc2@47.093C soc0@45.375C gpu@47.125C tj@47.75C soc1@45.437C VDD_IN 4292mW/4326mW VDD_CPU_GPU_CV 992mW/1039mW VDD_SOC 1391mW/1396mW
08-23-2026 05:20:26 RAM 2967/7620MB (lfb 5x4MB) SWAP 0/12002MB (cached 0MB) CPU [1%@1510,0%@1510,5%@1510,4%@1510,2%@1510,2%@1510] GR3D_FREQ 0% cpu@48C soc2@47.031C soc0@45.437C gpu@47.156C tj@48C soc1@45.5C VDD_IN 4292mW/4326mW VDD_CPU_GPU_CV 1031mW/1039mW VDD_SOC 1391mW/1396mW
08-23-2026 05:20:27 RAM 2967/7620MB (lfb 5x4MB) SWAP 0/12002MB (cached 0MB) CPU [0%@1510,1%@1510,3%@1510,1%@1510,2%@1510,2%@1510] GR3D_FREQ 0% cpu@47.781C soc2@47.093C soc0@45.406C gpu@47.156C tj@47.781C soc1@45.562C VDD_IN 4292mW/4325mW VDD_CPU_GPU_CV 1031mW/1039mW VDD_SOC 1391mW/1396mW
08-23-2026 05:20:28 RAM 2967/7620MB (lfb 5x4MB) SWAP 0/12002MB (cached 0MB) CPU [2%@1510,1%@1510,3%@1510,1%@1510,1%@1510,1%@1510] GR3D_FREQ 0% cpu@48.062C soc2@47.031C soc0@45.375C gpu@47.187C tj@48.062C soc1@45.343C VDD_IN 4252mW/4324mW VDD_CPU_GPU_CV 992mW/1038mW VDD_SOC 1391mW/1396mW
08-23-2026 05:20:29 RAM 2967/7620MB (lfb 5x4MB) SWAP 0/12002MB (cached 0MB) CPU [0%@1510,1%@1510,3%@1510,1%@1510,1%@1510,3%@1510] GR3D_FREQ 0% cpu@47.593C soc2@47.062C soc0@45.5C gpu@47.187C tj@47.593C soc1@45.406C VDD_IN 4252mW/4324mW VDD_CPU_GPU_CV 992mW/1038mW VDD_SOC 1391mW/1395mW
08-23-2026 05:20:30 RAM 2967/7620MB (lfb 5x4MB) SWAP 0/12002MB (cached 0MB) CPU [2%@1510,1%@1510,4%@1510,0%@1510,2%@1510,1%@1510] GR3D_FREQ 0% cpu@47.781C soc2@47.093C soc0@45.406C gpu@47.187C tj@47.781C soc1@45.468C VDD_IN 4292mW/4323mW VDD_CPU_GPU_CV 992mW/1037mW VDD_SOC 1391mW/1395mW
08-23-2026 05:20:31 RAM 2967/7620MB (lfb 5x4MB) SWAP 0/12002MB (cached 0MB) CPU [3%@1510,1%@1510,5%@1510,3%@1510,1%@1510,4%@1510] GR3D_FREQ 0% cpu@47.843C soc2@47.062C soc0@45.343C gpu@47.093C tj@47.843C soc1@45.468C VDD_IN 4292mW/4323mW VDD_CPU_GPU_CV 1031mW/1037mW VDD_SOC 1391mW/1395mW
08-23-2026 05:20:32 RAM 2967/7620MB (lfb 5x4MB) SWAP 0/12002MB (cached 0MB) CPU [1%@1510,2%@1510,4%@1510,1%@1510,1%@1510,2%@1510] GR3D_FREQ 0% cpu@47.75C soc2@47.031C soc0@45.406C gpu@47.218C tj@47.75C soc1@45.531C VDD_IN 4292mW/4322mW VDD_CPU_GPU_CV 1031mW/1037mW VDD_SOC 1391mW/1395mW
08-23-2026 05:20:33 RAM 2967/7620MB (lfb 5x4MB) SWAP 0/12002MB (cached 0MB) CPU [2%@1510,1%@1510,2%@1510,1%@1510,0%@1510,2%@1510] GR3D_FREQ 0% cpu@48.031C soc2@47C soc0@45.375C gpu@47.281C tj@48.031C soc1@45.343C VDD_IN 4252mW/4322mW VDD_CPU_GPU_CV 992mW/1037mW VDD_SOC 1391mW/1395mW
08-23-2026 05:20:34 RAM 2967/7620MB (lfb 5x4MB) SWAP 0/12002MB (cached 0MB) CPU [1%@1510,1%@1510,4%@1510,1%@1510,0%@1510,3%@1510] GR3D_FREQ 0% cpu@47.656C soc2@47.093C soc0@45.5C gpu@46.968C tj@47.656C soc1@45.437C VDD_IN 4252mW/4321mW VDD_CPU_GPU_CV 992mW/1036mW VDD_SOC 1391mW/1395mW
08-23-2026 05:20:35 RAM 2967/7620MB (lfb 5x4MB) SWAP 0/12002MB (cached 0MB) CPU [2%@1510,2%@1510,1%@1510,1%@1510,1%@1510,2%@1510] GR3D_FREQ 0% cpu@47.718C soc2@47.125C soc0@45.375C gpu@47C tj@47.718C soc1@45.343C VDD_IN 4292mW/4320mW VDD_CPU_GPU_CV 992mW/1036mW VDD_SOC 1391mW/1395mW
08-23-2026 05:20:36 RAM 2967/7620MB (lfb 5x4MB) SWAP 0/12002MB (cached 0MB) CPU [1%@1510,1%@1510,2%@1510,3%@1510,3%@1510,3%@1510] GR3D_FREQ 0% cpu@47.875C soc2@47.031C soc0@45.343C gpu@47.031C tj@47.875C soc1@45.437C VDD_IN 4292mW/4320mW VDD_CPU_GPU_CV 1031mW/1036mW VDD_SOC 1391mW/1395mW
08-23-2026 05:20:37 RAM 2968/7620MB (lfb 5x4MB) SWAP 0/12002MB (cached 0MB) CPU [1%@1510,1%@1510,1%@1510,2%@1510,2%@1510,3%@1510] GR3D_FREQ 0% cpu@47.812C soc2@47C soc0@45.312C gpu@47.062C tj@47.812C soc1@45.531C VDD_IN 4292mW/4320mW VDD_CPU_GPU_CV 1031mW/1035mW VDD_SOC 1391mW/1395mW
08-23-2026 05:20:38 RAM 2968/7620MB (lfb 5x4MB) SWAP 0/12002MB (cached 0MB) CPU [1%@1510,0%@1510,3%@1510,3%@1510,1%@1510,1%@1510] GR3D_FREQ 0% cpu@48C soc2@47.062C soc0@45.406C gpu@47C tj@48C soc1@45.281C VDD_IN 4252mW/4319mW VDD_CPU_GPU_CV 992mW/1035mW VDD_SOC 1391mW/1395mW
08-23-2026 05:20:39 RAM 2968/7620MB (lfb 5x4MB) SWAP 0/12002MB (cached 0MB) CPU [0%@1510,1%@1510,1%@1510,3%@1510,1%@1510,2%@1510] GR3D_FREQ 0% cpu@47.625C soc2@47.062C soc0@45.468C gpu@47C tj@47.625C soc1@45.343C VDD_IN 4252mW/4318mW VDD_CPU_GPU_CV 992mW/1035mW VDD_SOC 1391mW/1395mW
08-23-2026 05:20:40 RAM 2968/7620MB (lfb 5x4MB) SWAP 0/12002MB (cached 0MB) CPU [2%@1510,1%@1510,3%@1510,3%@1510,1%@1510,0%@1510] GR3D_FREQ 0% cpu@47.781C soc2@47.156C soc0@45.437C gpu@47.062C tj@47.781C soc1@45.343C VDD_IN 4292mW/4318mW VDD_CPU_GPU_CV 1031mW/1034mW VDD_SOC 1391mW/1395mW
08-23-2026 05:20:41 RAM 2969/7620MB (lfb 5x4MB) SWAP 0/12002MB (cached 0MB) CPU [1%@1510,1%@1510,4%@1510,3%@1510,2%@1510,3%@1510] GR3D_FREQ 0% cpu@47.906C soc2@47.125C soc0@45.343C gpu@47.031C tj@47.906C soc1@45.343C VDD_IN 4292mW/4318mW VDD_CPU_GPU_CV 1031mW/1034mW VDD_SOC 1391mW/1395mW
08-23-2026 05:20:42 RAM 2970/7620MB (lfb 5x4MB) SWAP 0/12002MB (cached 0MB) CPU [2%@1510,1%@1510,4%@1510,2%@1510,1%@1510,0%@1510] GR3D_FREQ 0% cpu@47.75C soc2@46.968C soc0@45.343C gpu@47.406C tj@47.75C soc1@45.437C VDD_IN 4292mW/4318mW VDD_CPU_GPU_CV 1031mW/1034mW VDD_SOC 1391mW/1395mW
08-23-2026 05:20:43 RAM 2970/7620MB (lfb 5x4MB) SWAP 0/12002MB (cached 0MB) CPU [2%@1510,0%@1510,2%@1510,4%@1510,2%@1510,1%@1510] GR3D_FREQ 0% cpu@47.906C soc2@46.968C soc0@45.343C gpu@47.406C tj@47.906C soc1@45.312C VDD_IN 4252mW/4317mW VDD_CPU_GPU_CV 992mW/1034mW VDD_SOC 1391mW/1395mW
08-23-2026 05:20:44 RAM 2969/7620MB (lfb 5x4MB) SWAP 0/12002MB (cached 0MB) CPU [2%@1510,0%@1510,2%@1510,2%@1510,0%@1510,1%@1510] GR3D_FREQ 0% cpu@47.656C soc2@46.968C soc0@45.437C gpu@47.437C tj@47.656C soc1@45.343C VDD_IN 4252mW/4316mW VDD_CPU_GPU_CV 992mW/1034mW VDD_SOC 1391mW/1395mW
08-23-2026 05:20:45 RAM 2969/7620MB (lfb 5x4MB) SWAP 0/12002MB (cached 0MB) CPU [1%@1510,3%@1510,0%@1510,1%@1510,1%@1510,2%@1510] GR3D_FREQ 0% cpu@47.687C soc2@47.125C soc0@45.437C gpu@46.906C tj@47.687C soc1@45.312C VDD_IN 4292mW/4316mW VDD_CPU_GPU_CV 992mW/1033mW VDD_SOC 1391mW/1395mW
08-23-2026 05:20:46 RAM 2970/7620MB (lfb 5x4MB) SWAP 0/12002MB (cached 0MB) CPU [1%@1510,3%@1510,4%@1510,4%@1510,3%@1510,2%@1510] GR3D_FREQ 0% cpu@47.718C soc2@47.031C soc0@45.343C gpu@46.968C tj@47.906C soc1@45.406C VDD_IN 4292mW/4316mW VDD_CPU_GPU_CV 1031mW/1033mW VDD_SOC 1391mW/1395mW
08-23-2026 05:20:47 RAM 2970/7620MB (lfb 5x4MB) SWAP 0/12002MB (cached 0MB) CPU [1%@1510,3%@1510,1%@1510,2%@1510,2%@1510,1%@1510] GR3D_FREQ 0% cpu@47.718C soc2@47C soc0@45.312C gpu@46.906C tj@47.718C soc1@45.437C VDD_IN 4292mW/4316mW VDD_CPU_GPU_CV 1031mW/1033mW VDD_SOC 1391mW/1395mW
08-23-2026 05:20:48 RAM 2970/7620MB (lfb 5x4MB) SWAP 0/12002MB (cached 0MB) CPU [2%@1510,3%@1510,1%@1510,1%@1510,1%@1510,1%@1510] GR3D_FREQ 0% cpu@48C soc2@47.062C soc0@45.375C gpu@46.968C tj@48C soc1@45.312C VDD_IN 4252mW/4315mW VDD_CPU_GPU_CV 992mW/1033mW VDD_SOC 1391mW/1395mW
08-23-2026 05:20:49 RAM 2970/7620MB (lfb 5x4MB) SWAP 0/12002MB (cached 0MB) CPU [1%@1510,3%@1510,0%@1510,2%@1510,1%@1510,1%@1510] GR3D_FREQ 0% cpu@47.593C soc2@47.031C soc0@45.375C gpu@47C tj@47.593C soc1@45.343C VDD_IN 4292mW/4315mW VDD_CPU_GPU_CV 992mW/1032mW VDD_SOC 1391mW/1394mW
08-23-2026 05:20:50 RAM 2969/7620MB (lfb 5x4MB) SWAP 0/12002MB (cached 0MB) CPU [2%@1510,4%@1510,1%@1510,2%@1510,0%@1510,2%@1510] GR3D_FREQ 0% cpu@47.718C soc2@47C soc0@45.468C gpu@47.218C tj@47.718C soc1@45.406C VDD_IN 4292mW/4314mW VDD_CPU_GPU_CV 992mW/1032mW VDD_SOC 1391mW/1394mW
08-23-2026 05:20:51 RAM 2970/7620MB (lfb 5x4MB) SWAP 0/12002MB (cached 0MB) CPU [1%@1510,2%@1510,3%@1510,4%@1510,3%@1510,1%@1510] GR3D_FREQ 0% cpu@47.687C soc2@47.125C soc0@45.343C gpu@47.125C tj@47.687C soc1@45.375C VDD_IN 4292mW/4314mW VDD_CPU_GPU_CV 1031mW/1032mW VDD_SOC 1391mW/1394mW
08-23-2026 05:20:52 RAM 2970/7620MB (lfb 5x4MB) SWAP 0/12002MB (cached 0MB) CPU [1%@1510,4%@1510,2%@1510,2%@1510,1%@1510,2%@1510] GR3D_FREQ 0% cpu@47.656C soc2@47.062C soc0@45.406C gpu@47.218C tj@47.656C soc1@45.5C VDD_IN 4292mW/4314mW VDD_CPU_GPU_CV 1031mW/1032mW VDD_SOC 1391mW/1394mW
08-23-2026 05:20:53 RAM 2970/7620MB (lfb 5x4MB) SWAP 0/12002MB (cached 0MB) CPU [1%@1510,3%@1510,3%@1510,1%@1510,0%@1510,1%@1510] GR3D_FREQ 0% cpu@48C soc2@47.062C soc0@45.468C gpu@47.218C tj@48C soc1@45.468C VDD_IN 4252mW/4313mW VDD_CPU_GPU_CV 992mW/1031mW VDD_SOC 1391mW/1394mW
08-23-2026 05:20:54 RAM 2970/7620MB (lfb 5x4MB) SWAP 0/12002MB (cached 0MB) CPU [1%@1510,6%@1510,1%@1510,1%@1510,1%@1510,1%@1510] GR3D_FREQ 0% cpu@47.625C soc2@47C soc0@45.531C gpu@47.25C tj@47.625C soc1@45.312C VDD_IN 4252mW/4313mW VDD_CPU_GPU_CV 992mW/1031mW VDD_SOC 1391mW/1394mW
08-23-2026 05:20:55 RAM 2970/7620MB (lfb 5x4MB) SWAP 0/12002MB (cached 0MB) CPU [1%@1510,3%@1510,1%@1510,1%@1510,0%@1510,1%@1510] GR3D_FREQ 0% cpu@47.687C soc2@47.062C soc0@45.531C gpu@47.218C tj@47.687C soc1@45.312C VDD_IN 4292mW/4313mW VDD_CPU_GPU_CV 992mW/1031mW VDD_SOC 1391mW/1394mW
08-23-2026 05:20:56 RAM 2970/7620MB (lfb 5x4MB) SWAP 0/12002MB (cached 0MB) CPU [2%@1510,4%@1510,3%@1510,2%@1510,1%@1510,3%@1510] GR3D_FREQ 0% cpu@47.625C soc2@47.093C soc0@45.281C gpu@47.218C tj@47.625C soc1@45.437C VDD_IN 4292mW/4312mW VDD_CPU_GPU_CV 1031mW/1031mW VDD_SOC 1391mW/1394mW
08-23-2026 05:20:57 RAM 2969/7620MB (lfb 5x4MB) SWAP 0/12002MB (cached 0MB) CPU [2%@1510,4%@1510,1%@1510,2%@1510,2%@1510,1%@1510] GR3D_FREQ 0% cpu@47.687C soc2@47.062C soc0@45.312C gpu@47.031C tj@47.687C soc1@45.468C VDD_IN 4292mW/4312mW VDD_CPU_GPU_CV 1031mW/1031mW VDD_SOC 1391mW/1394mW
08-23-2026 05:20:58 RAM 2969/7620MB (lfb 5x4MB) SWAP 0/12002MB (cached 0MB) CPU [3%@1510,3%@1510,0%@1510,0%@1510,1%@1510,1%@1510] GR3D_FREQ 0% cpu@48C soc2@47.031C soc0@45.375C gpu@46.968C tj@48C soc1@45.312C VDD_IN 4252mW/4312mW VDD_CPU_GPU_CV 992mW/1030mW VDD_SOC 1391mW/1394mW
08-23-2026 05:20:59 RAM 2969/7620MB (lfb 5x4MB) SWAP 0/12002MB (cached 0MB) CPU [1%@1510,4%@1510,0%@1510,1%@1510,1%@1510,1%@1510] GR3D_FREQ 0% cpu@47.656C soc2@47.031C soc0@45.343C gpu@46.968C tj@47.656C soc1@45.343C VDD_IN 4252mW/4311mW VDD_CPU_GPU_CV 992mW/1030mW VDD_SOC 1391mW/1394mW
08-23-2026 05:21:00 RAM 2969/7620MB (lfb 5x4MB) SWAP 0/12002MB (cached 0MB) CPU [1%@1510,3%@1510,1%@1510,0%@1510,1%@1510,1%@1510] GR3D_FREQ 0% cpu@47.656C soc2@47.093C soc0@45.5C gpu@47C tj@47.656C soc1@45.343C VDD_IN 4292mW/4311mW VDD_CPU_GPU_CV 992mW/1030mW VDD_SOC 1391mW/1394mW
08-23-2026 05:21:01 RAM 2970/7620MB (lfb 5x4MB) SWAP 0/12002MB (cached 0MB) CPU [2%@1510,4%@1510,3%@1510,2%@1510,2%@1510,4%@1510] GR3D_FREQ 0% cpu@47.656C soc2@47.125C soc0@45.312C gpu@47.031C tj@47.656C soc1@45.343C VDD_IN 4292mW/4311mW VDD_CPU_GPU_CV 1031mW/1030mW VDD_SOC 1391mW/1394mW
08-23-2026 05:21:02 RAM 2970/7620MB (lfb 5x4MB) SWAP 0/12002MB (cached 0MB) CPU [3%@1510,2%@1510,0%@1510,0%@1510,1%@1510,4%@1510] GR3D_FREQ 0% cpu@47.75C soc2@47.031C soc0@45.343C gpu@47.062C tj@47.75C soc1@45.437C VDD_IN 4292mW/4311mW VDD_CPU_GPU_CV 1031mW/1030mW VDD_SOC 1391mW/1394mW
08-23-2026 05:21:03 RAM 2970/7620MB (lfb 5x4MB) SWAP 0/12002MB (cached 0MB) CPU [5%@1510,1%@1510,1%@1510,0%@1510,1%@1510,1%@1510] GR3D_FREQ 0% cpu@47.968C soc2@47.062C soc0@45.375C gpu@47.093C tj@47.968C soc1@45.437C VDD_IN 4252mW/4310mW VDD_CPU_GPU_CV 992mW/1029mW VDD_SOC 1391mW/1394mW
08-23-2026 05:21:04 RAM 2970/7620MB (lfb 5x4MB) SWAP 0/12002MB (cached 0MB) CPU [3%@1510,0%@1510,1%@1510,0%@1510,1%@1510,1%@1510] GR3D_FREQ 0% cpu@47.75C soc2@47.031C soc0@45.5C gpu@47.031C tj@47.593C soc1@45.343C VDD_IN 4292mW/4310mW VDD_CPU_GPU_CV 992mW/1029mW VDD_SOC 1391mW/1394mW
08-23-2026 05:21:05 RAM 2970/7620MB (lfb 5x4MB) SWAP 0/12002MB (cached 0MB) CPU [4%@1510,1%@1510,1%@1510,1%@1510,1%@1510,1%@1510] GR3D_FREQ 0% cpu@47.593C soc2@47.031C soc0@45.468C gpu@47.375C tj@47.718C soc1@45.343C VDD_IN 4292mW/4310mW VDD_CPU_GPU_CV 992mW/1029mW VDD_SOC 1391mW/1394mW
08-23-2026 05:21:06 RAM 2970/7620MB (lfb 5x4MB) SWAP 0/12002MB (cached 0MB) CPU [3%@1510,2%@1510,1%@1510,1%@1510,5%@1510,1%@1510] GR3D_FREQ 0% cpu@47.593C soc2@47.031C soc0@45.343C gpu@47.375C tj@47.593C soc1@45.343C VDD_IN 4292mW/4310mW VDD_CPU_GPU_CV 1031mW/1029mW VDD_SOC 1391mW/1394mW
08-23-2026 05:21:07 RAM 2970/7620MB (lfb 5x4MB) SWAP 0/12002MB (cached 0MB) CPU [3%@1510,1%@1510,2%@1510,5%@1510,1%@1510,0%@1510] GR3D_FREQ 0% cpu@47.718C soc2@47.156C soc0@45.312C gpu@47.468C tj@47.718C soc1@45.375C VDD_IN 4292mW/4310mW VDD_CPU_GPU_CV 1031mW/1029mW VDD_SOC 1391mW/1394mW
08-23-2026 05:21:08 RAM 2970/7620MB (lfb 5x4MB) SWAP 0/12002MB (cached 0MB) CPU [4%@1510,0%@1510,0%@1510,1%@1510,2%@1510,1%@1510] GR3D_FREQ 0% cpu@47.968C soc2@47.031C soc0@45.406C gpu@46.937C tj@47.968C soc1@45.531C VDD_IN 4252mW/4309mW VDD_CPU_GPU_CV 992mW/1028mW VDD_SOC 1391mW/1394mW
08-23-2026 05:21:09 RAM 2970/7620MB (lfb 5x4MB) SWAP 0/12002MB (cached 0MB) CPU [3%@1510,1%@1510,1%@1510,1%@1510,0%@1510,2%@1510] GR3D_FREQ 0% cpu@47.75C soc2@47C soc0@45.375C gpu@46.906C tj@47.75C soc1@45.343C VDD_IN 4252mW/4309mW VDD_CPU_GPU_CV 992mW/1028mW VDD_SOC 1391mW/1394mW
08-23-2026 05:21:10 RAM 2970/7620MB (lfb 5x4MB) SWAP 0/12002MB (cached 0MB) CPU [4%@1510,0%@1510,2%@1510,2%@1510,1%@1510,1%@1510] GR3D_FREQ 0% cpu@47.593C soc2@47.062C soc0@45.468C gpu@46.968C tj@47.593C soc1@45.343C VDD_IN 4292mW/4309mW VDD_CPU_GPU_CV 1031mW/1028mW VDD_SOC 1391mW/1394mW
08-23-2026 05:21:11 RAM 2969/7620MB (lfb 5x4MB) SWAP 0/12002MB (cached 0MB) CPU [6%@1510,2%@1510,6%@1510,5%@1510,4%@1510,3%@1510] GR3D_FREQ 0% cpu@47.625C soc2@47.031C soc0@45.5C gpu@47C tj@47.625C soc1@45.343C VDD_IN 4411mW/4309mW VDD_CPU_GPU_CV 1071mW/1029mW VDD_SOC 1391mW/1394mW
08-23-2026 05:21:12 RAM 2969/7620MB (lfb 5x4MB) SWAP 0/12002MB (cached 0MB) CPU [6%@1510,3%@1510,2%@1510,2%@1510,3%@1510,4%@1510] GR3D_FREQ 0% cpu@47.718C soc2@47.156C soc0@45.343C gpu@46.968C tj@47.718C soc1@45.375C VDD_IN 4371mW/4310mW VDD_CPU_GPU_CV 1071mW/1029mW VDD_SOC 1391mW/1394mW
08-23-2026 05:21:13 RAM 2969/7620MB (lfb 5x4MB) SWAP 0/12002MB (cached 0MB) CPU [6%@1510,1%@1510,1%@1510,2%@1510,2%@1510,1%@1510] GR3D_FREQ 0% cpu@48C soc2@46.968C soc0@45.375C gpu@47.125C tj@48C soc1@45.375C VDD_IN 4292mW/4310mW VDD_CPU_GPU_CV 1031mW/1029mW VDD_SOC 1391mW/1394mW
08-23-2026 05:21:14 RAM 2969/7620MB (lfb 5x4MB) SWAP 0/12002MB (cached 0MB) CPU [3%@1510,1%@1510,0%@1510,0%@1510,2%@1510,2%@1510] GR3D_FREQ 0% cpu@47.687C soc2@47.062C soc0@45.375C gpu@47.187C tj@47.687C soc1@45.562C VDD_IN 4252mW/4309mW VDD_CPU_GPU_CV 992mW/1029mW VDD_SOC 1391mW/1394mW
08-23-2026 05:21:15 RAM 2968/7620MB (lfb 5x4MB) SWAP 0/12002MB (cached 0MB) CPU [4%@1510,0%@1510,2%@1510,1%@1510,2%@1510,2%@1510] GR3D_FREQ 0% cpu@47.593C soc2@46.968C soc0@45.406C gpu@47.156C tj@47.593C soc1@45.343C VDD_IN 4292mW/4309mW VDD_CPU_GPU_CV 992mW/1028mW VDD_SOC 1391mW/1394mW
08-23-2026 05:21:16 RAM 2969/7620MB (lfb 5x4MB) SWAP 0/12002MB (cached 0MB) CPU [3%@1510,0%@1510,1%@1510,3%@1510,2%@1510,5%@1510] GR3D_FREQ 0% cpu@47.593C soc2@46.968C soc0@45.531C gpu@47.218C tj@47.593C soc1@45.343C VDD_IN 4292mW/4309mW VDD_CPU_GPU_CV 1031mW/1028mW VDD_SOC 1391mW/1394mW
08-23-2026 05:21:17 RAM 2968/7620MB (lfb 5x4MB) SWAP 0/12002MB (cached 0MB) CPU [3%@1510,0%@1510,5%@1510,2%@1510,1%@1510,2%@1510] GR3D_FREQ 0% cpu@47.75C soc2@47.156C soc0@45.25C gpu@47.218C tj@47.75C soc1@45.375C VDD_IN 4252mW/4309mW VDD_CPU_GPU_CV 992mW/1028mW VDD_SOC 1391mW/1394mW
08-23-2026 05:21:18 RAM 2968/7620MB (lfb 5x4MB) SWAP 0/12002MB (cached 0MB) CPU [3%@1510,0%@1510,1%@1510,0%@1510,1%@1510,1%@1510] GR3D_FREQ 0% cpu@47.906C soc2@47.031C soc0@45.312C gpu@47.218C tj@47.906C soc1@45.437C VDD_IN 4252mW/4308mW VDD_CPU_GPU_CV 992mW/1028mW VDD_SOC 1391mW/1394mW
08-23-2026 05:21:19 RAM 2968/7620MB (lfb 5x4MB) SWAP 0/12002MB (cached 0MB) CPU [4%@1510,0%@1510,3%@1510,3%@1510,5%@1510,3%@1510] GR3D_FREQ 0% cpu@47.656C soc2@47.062C soc0@45.281C gpu@47.25C tj@47.656C soc1@45.531C VDD_IN 4292mW/4308mW VDD_CPU_GPU_CV 1031mW/1028mW VDD_SOC 1391mW/1394mW
08-23-2026 05:21:20 RAM 2969/7620MB (lfb 5x4MB) SWAP 0/12002MB (cached 0MB) CPU [5%@1510,1%@1510,6%@1510,4%@1510,6%@1510,4%@1510] GR3D_FREQ 0% cpu@47.625C soc2@47C soc0@45.375C gpu@47.062C tj@47.625C soc1@45.281C VDD_IN 4411mW/4309mW VDD_CPU_GPU_CV 1071mW/1028mW VDD_SOC 1391mW/1394mW
08-23-2026 05:21:21 RAM 2969/7620MB (lfb 5x4MB) SWAP 0/12002MB (cached 0MB) CPU [3%@1510,1%@1510,3%@1510,3%@1510,3%@1510,8%@1510] GR3D_FREQ 0% cpu@47.593C soc2@47.031C soc0@45.437C gpu@47.062C tj@47.593C soc1@45.343C VDD_IN 4332mW/4309mW VDD_CPU_GPU_CV 1031mW/1028mW VDD_SOC 1391mW/1394mW
08-23-2026 05:21:22 RAM 2969/7620MB (lfb 5x4MB) SWAP 0/12002MB (cached 0MB) CPU [3%@1510,0%@1510,2%@1510,0%@1510,2%@1510,3%@1510] GR3D_FREQ 0% cpu@47.687C soc2@47.093C soc0@45.25C gpu@47.093C tj@47.687C soc1@45.312C VDD_IN 4292mW/4309mW VDD_CPU_GPU_CV 1031mW/1028mW VDD_SOC 1391mW/1394mW
08-23-2026 05:21:23 RAM 2969/7620MB (lfb 5x4MB) SWAP 0/12002MB (cached 0MB) CPU [3%@1510,1%@1510,0%@1510,1%@1510,2%@1510,1%@1510] GR3D_FREQ 0% cpu@47.812C soc2@46.968C soc0@45.343C gpu@46.968C tj@47.812C soc1@45.437C VDD_IN 4252mW/4308mW VDD_CPU_GPU_CV 992mW/1028mW VDD_SOC 1391mW/1394mW
08-23-2026 05:21:24 RAM 2969/7620MB (lfb 5x4MB) SWAP 0/12002MB (cached 0MB) CPU [3%@1510,1%@1510,2%@1510,2%@1510,2%@1510,0%@1510] GR3D_FREQ 0% cpu@47.812C soc2@47C soc0@45.343C gpu@47.031C tj@47.812C soc1@45.437C VDD_IN 4292mW/4308mW VDD_CPU_GPU_CV 1031mW/1028mW VDD_SOC 1391mW/1393mW
08-23-2026 05:21:25 RAM 2969/7620MB (lfb 5x4MB) SWAP 0/12002MB (cached 0MB) CPU [3%@1510,1%@1510,3%@1510,0%@1510,1%@1510,0%@1510] GR3D_FREQ 0% cpu@48C soc2@47.031C soc0@45.343C gpu@47C tj@48C soc1@45.312C VDD_IN 4292mW/4308mW VDD_CPU_GPU_CV 992mW/1028mW VDD_SOC 1391mW/1393mW
08-23-2026 05:21:26 RAM 2969/7620MB (lfb 5x4MB) SWAP 0/12002MB (cached 0MB) CPU [3%@1510,0%@1510,2%@1510,2%@1510,2%@1510,2%@1510] GR3D_FREQ 0% cpu@47.593C soc2@47C soc0@45.375C gpu@47C tj@47.593C soc1@45.343C VDD_IN 4292mW/4308mW VDD_CPU_GPU_CV 1031mW/1028mW VDD_SOC 1391mW/1393mW
08-23-2026 05:21:27 RAM 2968/7620MB (lfb 5x4MB) SWAP 0/12002MB (cached 0MB) CPU [3%@1510,1%@1510,3%@1510,1%@1510,3%@1510,0%@1510] GR3D_FREQ 0% cpu@47.656C soc2@47.031C soc0@45.437C gpu@47C tj@47.656C soc1@45.343C VDD_IN 4252mW/4308mW VDD_CPU_GPU_CV 992mW/1027mW VDD_SOC 1391mW/1393mW
08-23-2026 05:21:28 RAM 2968/7620MB (lfb 5x4MB) SWAP 0/12002MB (cached 0MB) CPU [3%@1510,1%@1510,2%@1510,1%@1510,1%@1510,1%@1510] GR3D_FREQ 0% cpu@47.843C soc2@46.906C soc0@45.312C gpu@47.375C tj@47.843C soc1@45.343C VDD_IN 4252mW/4307mW VDD_CPU_GPU_CV 992mW/1027mW VDD_SOC 1391mW/1393mW
08-23-2026 05:21:29 RAM 2968/7620MB (lfb 5x4MB) SWAP 0/12002MB (cached 0MB) CPU [3%@1510,1%@1510,1%@1510,1%@1510,2%@1510,1%@1510] GR3D_FREQ 0% cpu@47.718C soc2@47C soc0@45.343C gpu@47.343C tj@47.718C soc1@45.531C VDD_IN 4252mW/4307mW VDD_CPU_GPU_CV 992mW/1027mW VDD_SOC 1391mW/1393mW
08-23-2026 05:21:30 RAM 2968/7620MB (lfb 5x4MB) SWAP 0/12002MB (cached 0MB) CPU [3%@1510,1%@1510,1%@1510,1%@1510,2%@1510,1%@1510] GR3D_FREQ 0% cpu@48C soc2@46.937C soc0@45.312C gpu@47.468C tj@48C soc1@45.312C VDD_IN 4292mW/4307mW VDD_CPU_GPU_CV 992mW/1027mW VDD_SOC 1391mW/1393mW
08-23-2026 05:21:31 RAM 2968/7620MB (lfb 5x4MB) SWAP 0/12002MB (cached 0MB) CPU [2%@1510,1%@1510,4%@1510,2%@1510,3%@1510,3%@1510] GR3D_FREQ 0% cpu@47.5C soc2@47C soc0@45.468C gpu@46.937C tj@47.5C soc1@45.25C VDD_IN 4292mW/4307mW VDD_CPU_GPU_CV 1031mW/1027mW VDD_SOC 1391mW/1393mW
08-23-2026 05:21:32 RAM 2967/7620MB (lfb 5x4MB) SWAP 0/12002MB (cached 0MB) CPU [3%@1510,1%@1510,2%@1510,1%@1510,1%@1510,0%@1510] GR3D_FREQ 0% cpu@47.687C soc2@47.031C soc0@45.531C gpu@46.937C tj@47.687C soc1@45.343C VDD_IN 4292mW/4307mW VDD_CPU_GPU_CV 1031mW/1027mW VDD_SOC 1391mW/1393mW
08-23-2026 05:21:33 RAM 2967/7620MB (lfb 5x4MB) SWAP 0/12002MB (cached 0MB) CPU [3%@1510,0%@1510,2%@1510,0%@1510,1%@1510,1%@1510] GR3D_FREQ 0% cpu@47.656C soc2@47.125C soc0@45.312C gpu@47.031C tj@47.875C soc1@45.437C VDD_IN 4252mW/4306mW VDD_CPU_GPU_CV 992mW/1026mW VDD_SOC 1391mW/1393mW
08-23-2026 05:21:34 RAM 2967/7620MB (lfb 5x4MB) SWAP 0/12002MB (cached 0MB) CPU [2%@1510,0%@1510,1%@1510,2%@1510,0%@1510,1%@1510] GR3D_FREQ 0% cpu@47.687C soc2@46.937C soc0@45.343C gpu@46.937C tj@47.687C soc1@45.5C VDD_IN 4252mW/4306mW VDD_CPU_GPU_CV 992mW/1026mW VDD_SOC 1391mW/1393mW
08-23-2026 05:21:35 RAM 2967/7620MB (lfb 5x4MB) SWAP 0/12002MB (cached 0MB) CPU [3%@1510,1%@1510,2%@1510,2%@1510,1%@1510,0%@1510] GR3D_FREQ 0% cpu@47.968C soc2@46.937C soc0@45.375C gpu@46.968C tj@47.968C soc1@45.343C VDD_IN 4292mW/4306mW VDD_CPU_GPU_CV 992mW/1026mW VDD_SOC 1391mW/1393mW
08-23-2026 05:21:36 RAM 2968/7620MB (lfb 5x4MB) SWAP 0/12002MB (cached 0MB) CPU [3%@1510,1%@1510,4%@1510,2%@1510,3%@1510,2%@1510] GR3D_FREQ 0% cpu@47.625C soc2@46.875C soc0@45.406C gpu@46.906C tj@47.625C soc1@45.343C VDD_IN 4292mW/4306mW VDD_CPU_GPU_CV 1031mW/1026mW VDD_SOC 1391mW/1393mW
08-23-2026 05:21:37 RAM 2969/7620MB (lfb 5x4MB) SWAP 0/12002MB (cached 0MB) CPU [4%@1510,2%@1510,1%@1510,1%@1510,1%@1510,2%@1510] GR3D_FREQ 0% cpu@47.75C soc2@46.968C soc0@45.531C gpu@47.093C tj@47.75C soc1@45.343C VDD_IN 4252mW/4305mW VDD_CPU_GPU_CV 992mW/1026mW VDD_SOC 1391mW/1393mW
08-23-2026 05:21:38 RAM 2969/7620MB (lfb 5x4MB) SWAP 0/12002MB (cached 0MB) CPU [3%@1510,1%@1510,2%@1510,1%@1510,0%@1510,1%@1510] GR3D_FREQ 0% cpu@47.625C soc2@47.093C soc0@45.312C gpu@47.281C tj@47.625C soc1@45.437C VDD_IN 4252mW/4305mW VDD_CPU_GPU_CV 992mW/1026mW VDD_SOC 1391mW/1393mW
08-23-2026 05:21:39 RAM 2969/7620MB (lfb 5x4MB) SWAP 0/12002MB (cached 0MB) CPU [3%@1510,2%@1510,1%@1510,2%@1510,1%@1510,1%@1510] GR3D_FREQ 0% cpu@47.75C soc2@47.062C soc0@45.312C gpu@47.125C tj@47.75C soc1@45.375C VDD_IN 4252mW/4305mW VDD_CPU_GPU_CV 992mW/1025mW VDD_SOC 1391mW/1393mW
08-23-2026 05:21:40 RAM 2969/7620MB (lfb 5x4MB) SWAP 0/12002MB (cached 0MB) CPU [3%@1510,1%@1510,1%@1510,2%@1510,0%@1510,0%@1510] GR3D_FREQ 0% cpu@48.062C soc2@47.062C soc0@45.343C gpu@47.312C tj@48.062C soc1@45.468C VDD_IN 4292mW/4304mW VDD_CPU_GPU_CV 992mW/1025mW VDD_SOC 1391mW/1393mW
08-23-2026 05:21:41 RAM 2969/7620MB (lfb 5x4MB) SWAP 0/12002MB (cached 0MB) CPU [4%@1510,1%@1510,2%@1510,4%@1510,0%@1510,1%@1510] GR3D_FREQ 0% cpu@47.812C soc2@47.031C soc0@45.375C gpu@47.25C tj@47.656C soc1@45.343C VDD_IN 4292mW/4304mW VDD_CPU_GPU_CV 992mW/1025mW VDD_SOC 1391mW/1393mW
08-23-2026 05:21:42 RAM 2969/7620MB (lfb 5x4MB) SWAP 0/12002MB (cached 0MB) CPU [3%@1510,1%@1510,1%@1510,1%@1510,3%@1510,1%@1510] GR3D_FREQ 0% cpu@47.781C soc2@47C soc0@45.5C gpu@47.281C tj@47.781C soc1@45.281C VDD_IN 4292mW/4304mW VDD_CPU_GPU_CV 1031mW/1025mW VDD_SOC 1391mW/1393mW
08-23-2026 05:21:43 RAM 2969/7620MB (lfb 5x4MB) SWAP 0/12002MB (cached 0MB) CPU [3%@1510,1%@1510,1%@1510,2%@1510,1%@1510,1%@1510] GR3D_FREQ 0% cpu@47.687C soc2@47.156C soc0@45.312C gpu@47.281C tj@47.687C soc1@45.375C VDD_IN 4292mW/4304mW VDD_CPU_GPU_CV 992mW/1025mW VDD_SOC 1391mW/1393mW
08-23-2026 05:21:44 RAM 2969/7620MB (lfb 5x4MB) SWAP 0/12002MB (cached 0MB) CPU [3%@1510,1%@1510,1%@1510,1%@1510,1%@1510,1%@1510] GR3D_FREQ 0% cpu@47.75C soc2@46.968C soc0@45.437C gpu@47.093C tj@47.781C soc1@45.531C VDD_IN 4252mW/4304mW VDD_CPU_GPU_CV 992mW/1025mW VDD_SOC 1391mW/1393mW
08-23-2026 05:21:45 RAM 2969/7620MB (lfb 5x4MB) SWAP 0/12002MB (cached 0MB) CPU [3%@1510,0%@1510,1%@1510,1%@1510,1%@1510,0%@1510] GR3D_FREQ 0% cpu@48.031C soc2@47C soc0@45.406C gpu@47.093C tj@48.031C soc1@45.343C VDD_IN 4292mW/4304mW VDD_CPU_GPU_CV 1031mW/1025mW VDD_SOC 1391mW/1393mW
08-23-2026 05:21:46 RAM 2969/7620MB (lfb 5x4MB) SWAP 0/12002MB (cached 0MB) CPU [4%@1510,1%@1510,1%@1510,2%@1510,3%@1510,1%@1510] GR3D_FREQ 0% cpu@47.843C soc2@47C soc0@45.406C gpu@47.093C tj@47.593C soc1@45.343C VDD_IN 4292mW/4304mW VDD_CPU_GPU_CV 1031mW/1025mW VDD_SOC 1391mW/1393mW
08-23-2026 05:21:47 RAM 2969/7620MB (lfb 5x4MB) SWAP 0/12002MB (cached 0MB) CPU [2%@1510,2%@1510,2%@1510,3%@1510,2%@1510,1%@1510] GR3D_FREQ 0% cpu@47.593C soc2@47.093C soc0@45.437C gpu@47.062C tj@47.656C soc1@45.375C VDD_IN 4292mW/4304mW VDD_CPU_GPU_CV 1031mW/1025mW VDD_SOC 1391mW/1393mW
08-23-2026 05:21:48 RAM 2969/7620MB (lfb 5x4MB) SWAP 0/12002MB (cached 0MB) CPU [3%@1510,1%@1510,0%@1510,1%@1510,0%@1510,2%@1510] GR3D_FREQ 0% cpu@47.656C soc2@46.937C soc0@45.406C gpu@47.031C tj@47.656C soc1@45.406C VDD_IN 4292mW/4304mW VDD_CPU_GPU_CV 992mW/1024mW VDD_SOC 1391mW/1393mW
08-23-2026 05:21:49 RAM 2969/7620MB (lfb 5x4MB) SWAP 0/12002MB (cached 0MB) CPU [4%@1510,1%@1510,1%@1510,1%@1510,1%@1510,2%@1510] GR3D_FREQ 0% cpu@47.781C soc2@47.093C soc0@45.343C gpu@47C tj@47.781C soc1@45.437C VDD_IN 4252mW/4303mW VDD_CPU_GPU_CV 992mW/1024mW VDD_SOC 1391mW/1393mW
08-23-2026 05:21:50 RAM 2969/7620MB (lfb 5x4MB) SWAP 0/12002MB (cached 0MB) CPU [2%@1510,2%@1510,1%@1510,2%@1510,0%@1510,0%@1510] GR3D_FREQ 0% cpu@47.906C soc2@46.968C soc0@45.406C gpu@47.062C tj@47.906C soc1@45.437C VDD_IN 4252mW/4303mW VDD_CPU_GPU_CV 992mW/1024mW VDD_SOC 1391mW/1393mW
08-23-2026 05:21:51 RAM 2970/7620MB (lfb 5x4MB) SWAP 0/12002MB (cached 0MB) CPU [3%@1510,1%@1510,1%@1510,2%@1510,5%@1510,2%@1510] GR3D_FREQ 0% cpu@47.781C soc2@47.031C soc0@45.406C gpu@47.093C tj@47.781C soc1@45.343C VDD_IN 4292mW/4303mW VDD_CPU_GPU_CV 992mW/1024mW VDD_SOC 1391mW/1393mW
08-23-2026 05:21:52 RAM 2970/7620MB (lfb 5x4MB) SWAP 0/12002MB (cached 0MB) CPU [4%@1510,2%@1510,1%@1510,2%@1510,0%@1510,2%@1510] GR3D_FREQ 0% cpu@47.531C soc2@47.062C soc0@45.5C gpu@47.156C tj@47.531C soc1@45.343C VDD_IN 4252mW/4303mW VDD_CPU_GPU_CV 992mW/1024mW VDD_SOC 1391mW/1393mW
08-23-2026 05:21:53 RAM 2970/7620MB (lfb 5x4MB) SWAP 0/12002MB (cached 0MB) CPU [3%@1510,1%@1510,1%@1510,0%@1510,1%@1510,0%@1510] GR3D_FREQ 0% cpu@47.562C soc2@47.062C soc0@45.406C gpu@46.906C tj@47.562C soc1@45.375C VDD_IN 4252mW/4302mW VDD_CPU_GPU_CV 992mW/1023mW VDD_SOC 1391mW/1393mW
08-23-2026 05:21:54 RAM 2970/7620MB (lfb 5x4MB) SWAP 0/12002MB (cached 0MB) CPU [3%@1510,2%@1510,0%@1510,1%@1510,1%@1510,3%@1510] GR3D_FREQ 0% cpu@47.75C soc2@47.125C soc0@45.312C gpu@46.968C tj@47.75C soc1@45.343C VDD_IN 4252mW/4302mW VDD_CPU_GPU_CV 992mW/1023mW VDD_SOC 1391mW/1393mW
08-23-2026 05:21:55 RAM 2970/7620MB (lfb 5x4MB) SWAP 0/12002MB (cached 0MB) CPU [3%@1510,2%@1510,0%@1510,0%@1510,1%@1510,1%@1510] GR3D_FREQ 0% cpu@47.906C soc2@47C soc0@45.312C gpu@46.875C tj@47.906C soc1@45.5C VDD_IN 4252mW/4302mW VDD_CPU_GPU_CV 992mW/1023mW VDD_SOC 1391mW/1393mW
08-23-2026 05:21:56 RAM 2970/7620MB (lfb 5x4MB) SWAP 0/12002MB (cached 0MB) CPU [3%@1510,1%@1510,1%@1510,3%@1510,3%@1510,0%@1510] GR3D_FREQ 0% cpu@47.718C soc2@46.968C soc0@45.406C gpu@46.968C tj@47.718C soc1@45.343C VDD_IN 4252mW/4301mW VDD_CPU_GPU_CV 992mW/1023mW VDD_SOC 1391mW/1393mW
08-23-2026 05:21:57 RAM 2969/7620MB (lfb 5x4MB) SWAP 0/12002MB (cached 0MB) CPU [3%@1510,1%@1510,1%@1510,0%@1510,2%@1510,3%@1510] GR3D_FREQ 0% cpu@47.5C soc2@47.031C soc0@45.406C gpu@46.968C tj@47.5C soc1@45.312C VDD_IN 4252mW/4301mW VDD_CPU_GPU_CV 992mW/1023mW VDD_SOC 1391mW/1393mW
08-23-2026 05:21:58 RAM 2969/7620MB (lfb 5x4MB) SWAP 0/12002MB (cached 0MB) CPU [2%@1510,1%@1510,1%@1510,1%@1510,1%@1510,2%@1510] GR3D_FREQ 0% cpu@47.562C soc2@47.125C soc0@45.406C gpu@46.906C tj@47.562C soc1@45.375C VDD_IN 4252mW/4301mW VDD_CPU_GPU_CV 992mW/1023mW VDD_SOC 1391mW/1393mW
08-23-2026 05:21:59 RAM 2969/7620MB (lfb 5x4MB) SWAP 0/12002MB (cached 0MB) CPU [2%@1510,1%@1510,1%@1510,2%@1510,0%@1510,2%@1510] GR3D_FREQ 0% cpu@47.75C soc2@47.062C soc0@45.343C gpu@47.031C tj@47.75C soc1@45.343C VDD_IN 4252mW/4300mW VDD_CPU_GPU_CV 992mW/1022mW VDD_SOC 1391mW/1393mW
08-23-2026 05:22:00 RAM 2969/7620MB (lfb 5x4MB) SWAP 0/12002MB (cached 0MB) CPU [3%@1510,2%@1510,1%@1510,2%@1510,2%@1510,2%@1510] GR3D_FREQ 0% cpu@47.843C soc2@47C soc0@45.343C gpu@46.937C tj@47.843C soc1@45.406C VDD_IN 4292mW/4300mW VDD_CPU_GPU_CV 992mW/1022mW VDD_SOC 1391mW/1393mW
08-23-2026 05:22:01 RAM 2968/7620MB (lfb 5x4MB) SWAP 0/12002MB (cached 0MB) CPU [3%@1510,0%@1510,2%@1510,5%@1510,1%@1510,3%@1510] GR3D_FREQ 0% cpu@47.75C soc2@47C soc0@45.343C gpu@47.156C tj@47.75C soc1@45.562C VDD_IN 4252mW/4300mW VDD_CPU_GPU_CV 992mW/1022mW VDD_SOC 1391mW/1393mW
08-23-2026 05:22:02 RAM 2969/7620MB (lfb 5x4MB) SWAP 0/12002MB (cached 0MB) CPU [2%@1510,1%@1510,1%@1510,2%@1510,1%@1510,2%@1510] GR3D_FREQ 0% cpu@47.531C soc2@46.937C soc0@45.375C gpu@47.156C tj@47.531C soc1@45.281C VDD_IN 4252mW/4300mW VDD_CPU_GPU_CV 992mW/1022mW VDD_SOC 1391mW/1393mW
08-23-2026 05:22:03 RAM 2969/7620MB (lfb 5x4MB) SWAP 0/12002MB (cached 0MB) CPU [3%@1510,1%@1510,2%@1510,1%@1510,0%@1510,1%@1510] GR3D_FREQ 0% cpu@47.593C soc2@47C soc0@45.468C gpu@47.218C tj@47.593C soc1@45.406C VDD_IN 4252mW/4300mW VDD_CPU_GPU_CV 992mW/1022mW VDD_SOC 1391mW/1393mW
08-23-2026 05:22:04 RAM 2969/7620MB (lfb 5x4MB) SWAP 0/12002MB (cached 0MB) CPU [3%@1510,1%@1510,0%@1510,1%@1510,2%@1510,2%@1510] GR3D_FREQ 0% cpu@47.656C soc2@47.031C soc0@45.281C gpu@47.156C tj@47.656C soc1@45.343C VDD_IN 4252mW/4299mW VDD_CPU_GPU_CV 992mW/1022mW VDD_SOC 1391mW/1393mW
08-23-2026 05:22:05 RAM 2969/7620MB (lfb 5x4MB) SWAP 0/12002MB (cached 0MB) CPU [2%@1510,2%@1510,2%@1510,1%@1510,1%@1510,1%@1510] GR3D_FREQ 0% cpu@47.906C soc2@46.937C soc0@45.312C gpu@47.218C tj@47.906C soc1@45.343C VDD_IN 4252mW/4299mW VDD_CPU_GPU_CV 992mW/1021mW VDD_SOC 1391mW/1393mW
08-23-2026 05:22:06 RAM 2968/7620MB (lfb 5x4MB) SWAP 0/12002MB (cached 0MB) CPU [2%@1510,2%@1510,1%@1510,2%@1510,4%@1510,4%@1510] GR3D_FREQ 0% cpu@47.812C soc2@47C soc0@45.312C gpu@47.281C tj@47.812C soc1@45.5C VDD_IN 4292mW/4299mW VDD_CPU_GPU_CV 1031mW/1021mW VDD_SOC 1391mW/1393mW
08-23-2026 05:22:07 RAM 2969/7620MB (lfb 5x4MB) SWAP 0/12002MB (cached 0MB) CPU [3%@1510,1%@1510,2%@1510,1%@1510,0%@1510,3%@1510] GR3D_FREQ 0% cpu@47.562C soc2@46.968C soc0@45.312C gpu@47.25C tj@47.562C soc1@45.218C VDD_IN 4292mW/4299mW VDD_CPU_GPU_CV 1031mW/1021mW VDD_SOC 1391mW/1393mW
08-23-2026 05:22:08 RAM 2969/7620MB (lfb 5x4MB) SWAP 0/12002MB (cached 0MB) CPU [3%@1510,1%@1510,0%@1510,1%@1510,0%@1510,3%@1510] GR3D_FREQ 0% cpu@47.562C soc2@46.968C soc0@45.437C gpu@47C tj@47.562C soc1@45.281C VDD_IN 4252mW/4299mW VDD_CPU_GPU_CV 992mW/1021mW VDD_SOC 1391mW/1393mW
08-23-2026 05:22:09 RAM 2969/7620MB (lfb 5x4MB) SWAP 0/12002MB (cached 0MB) CPU [2%@1510,1%@1510,0%@1510,2%@1510,1%@1510,2%@1510] GR3D_FREQ 0% cpu@47.593C soc2@47.062C soc0@45.218C gpu@47C tj@47.593C soc1@45.406C VDD_IN 4252mW/4298mW VDD_CPU_GPU_CV 992mW/1021mW VDD_SOC 1391mW/1393mW
08-23-2026 05:22:10 RAM 2970/7620MB (lfb 5x4MB) SWAP 0/12002MB (cached 0MB) CPU [3%@1510,1%@1510,5%@1510,2%@1510,2%@1510,3%@1510] GR3D_FREQ 0% cpu@47.906C soc2@47.031C soc0@45.312C gpu@47.031C tj@47.906C soc1@45.343C VDD_IN 4332mW/4299mW VDD_CPU_GPU_CV 1031mW/1021mW VDD_SOC 1391mW/1393mW
08-23-2026 05:22:12 RAM 2970/7620MB (lfb 5x4MB) SWAP 0/12002MB (cached 0MB) CPU [1%@1510,0%@1510,2%@1510,1%@1510,1%@1510,3%@1510] GR3D_FREQ 0% cpu@47.718C soc2@46.937C soc0@45.281C gpu@47.031C tj@47.718C soc1@45.468C VDD_IN 4292mW/4299mW VDD_CPU_GPU_CV 992mW/1021mW VDD_SOC 1391mW/1393mW
08-23-2026 05:22:13 RAM 2969/7620MB (lfb 5x4MB) SWAP 0/12002MB (cached 0MB) CPU [3%@1510,0%@1510,2%@1510,2%@1510,2%@1510,2%@1510] GR3D_FREQ 0% cpu@47.5C soc2@47C soc0@45.375C gpu@47.062C tj@47.5C soc1@45.25C VDD_IN 4252mW/4298mW VDD_CPU_GPU_CV 992mW/1021mW VDD_SOC 1391mW/1393mW
08-23-2026 05:22:14 RAM 2969/7620MB (lfb 5x4MB) SWAP 0/12002MB (cached 0MB) CPU [2%@1510,0%@1510,1%@1510,0%@1510,1%@1510,1%@1510] GR3D_FREQ 0% cpu@47.593C soc2@46.937C soc0@45.406C gpu@47.062C tj@47.593C soc1@45.281C VDD_IN 4252mW/4298mW VDD_CPU_GPU_CV 992mW/1021mW VDD_SOC 1391mW/1393mW
08-23-2026 05:22:15 RAM 2969/7620MB (lfb 5x4MB) SWAP 0/12002MB (cached 0MB) CPU [2%@1510,0%@1510,1%@1510,1%@1510,2%@1510,1%@1510] GR3D_FREQ 0% cpu@47.75C soc2@47C soc0@45.5C gpu@47C tj@47.75C soc1@45.343C VDD_IN 4252mW/4298mW VDD_CPU_GPU_CV 992mW/1021mW VDD_SOC 1391mW/1393mW
08-23-2026 05:22:16 RAM 2969/7620MB (lfb 5x4MB) SWAP 0/12002MB (cached 0MB) CPU [2%@1510,0%@1510,2%@1510,5%@1510,3%@1510,2%@1510] GR3D_FREQ 0% cpu@47.75C soc2@47.031C soc0@45.343C gpu@47.031C tj@47.75C soc1@45.375C VDD_IN 4371mW/4298mW VDD_CPU_GPU_CV 1071mW/1021mW VDD_SOC 1391mW/1393mW
08-23-2026 05:22:17 RAM 2969/7620MB (lfb 5x4MB) SWAP 0/12002MB (cached 0MB) CPU [3%@1510,0%@1510,2%@1510,1%@1510,2%@1510,4%@1510] GR3D_FREQ 0% cpu@47.687C soc2@46.843C soc0@45.281C gpu@47C tj@47.687C soc1@45.406C VDD_IN 4292mW/4298mW VDD_CPU_GPU_CV 1031mW/1021mW VDD_SOC 1391mW/1393mW
08-23-2026 05:22:18 RAM 2969/7620MB (lfb 5x4MB) SWAP 0/12002MB (cached 0MB) CPU [3%@1510,0%@1510,0%@1510,1%@1510,2%@1510,2%@1510] GR3D_FREQ 0% cpu@47.562C soc2@46.937C soc0@45.343C gpu@46.843C tj@47.562C soc1@45.343C VDD_IN 4252mW/4298mW VDD_CPU_GPU_CV 992mW/1021mW VDD_SOC 1391mW/1393mW
08-23-2026 05:22:19 RAM 2969/7620MB (lfb 5x4MB) SWAP 0/12002MB (cached 0MB) CPU [2%@1510,0%@1510,0%@1510,2%@1510,3%@1510,1%@1510] GR3D_FREQ 0% cpu@47.562C soc2@47.093C soc0@45.312C gpu@46.906C tj@47.562C soc1@45.312C VDD_IN 4252mW/4298mW VDD_CPU_GPU_CV 992mW/1021mW VDD_SOC 1391mW/1393mW
08-23-2026 05:22:20 RAM 2969/7620MB (lfb 5x4MB) SWAP 0/12002MB (cached 0MB) CPU [3%@1510,0%@1510,2%@1510,2%@1510,2%@1510,2%@1510] GR3D_FREQ 0% cpu@47.625C soc2@46.937C soc0@45.375C gpu@46.875C tj@47.625C soc1@45.312C VDD_IN 4252mW/4298mW VDD_CPU_GPU_CV 992mW/1020mW VDD_SOC 1391mW/1393mW
08-23-2026 05:22:21 RAM 2969/7620MB (lfb 5x4MB) SWAP 0/12002MB (cached 0MB) CPU [2%@1510,0%@1510,2%@1510,5%@1510,1%@1510,3%@1510] GR3D_FREQ 0% cpu@47.656C soc2@47.062C soc0@45.25C gpu@46.906C tj@47.656C soc1@45.343C VDD_IN 4371mW/4298mW VDD_CPU_GPU_CV 1071mW/1021mW VDD_SOC 1391mW/1393mW
08-23-2026 05:22:22 RAM 2969/7620MB (lfb 5x4MB) SWAP 0/12002MB (cached 0MB) CPU [3%@1510,0%@1510,3%@1510,2%@1510,2%@1510,2%@1510] GR3D_FREQ 0% cpu@47.718C soc2@46.968C soc0@45.281C gpu@46.937C tj@47.718C soc1@45.406C VDD_IN 4292mW/4298mW VDD_CPU_GPU_CV 1031mW/1021mW VDD_SOC 1391mW/1393mW
08-23-2026 05:22:23 RAM 2968/7620MB (lfb 5x4MB) SWAP 0/12002MB (cached 0MB) CPU [1%@1510,2%@1510,1%@1510,2%@1510,2%@1510,1%@1510] GR3D_FREQ 0% cpu@47.468C soc2@46.875C soc0@45.312C gpu@46.875C tj@47.468C soc1@45.375C VDD_IN 4252mW/4298mW VDD_CPU_GPU_CV 992mW/1021mW VDD_SOC 1391mW/1393mW
08-23-2026 05:22:24 RAM 2968/7620MB (lfb 5x4MB) SWAP 0/12002MB (cached 0MB) CPU [1%@1510,2%@1510,1%@1510,0%@1510,2%@1510,3%@1510] GR3D_FREQ 0% cpu@47.656C soc2@47C soc0@45.343C gpu@46.906C tj@47.593C soc1@45.281C VDD_IN 4252mW/4297mW VDD_CPU_GPU_CV 992mW/1020mW VDD_SOC 1391mW/1393mW
08-23-2026 05:22:25 RAM 2968/7620MB (lfb 5x4MB) SWAP 0/12002MB (cached 0MB) CPU [2%@1510,2%@1510,2%@1510,1%@1510,2%@1510,1%@1510] GR3D_FREQ 0% cpu@47.5C soc2@46.843C soc0@45.437C gpu@46.906C tj@47.593C soc1@45.343C VDD_IN 4252mW/4297mW VDD_CPU_GPU_CV 992mW/1020mW VDD_SOC 1391mW/1393mW
08-23-2026 05:22:26 RAM 2969/7620MB (lfb 5x4MB) SWAP 0/12002MB (cached 0MB) CPU [1%@1510,3%@1510,2%@1510,4%@1510,2%@1510,2%@1510] GR3D_FREQ 0% cpu@47.625C soc2@46.906C soc0@45.281C gpu@46.843C tj@47.625C soc1@45.281C VDD_IN 4371mW/4298mW VDD_CPU_GPU_CV 1071mW/1021mW VDD_SOC 1391mW/1393mW
08-23-2026 05:22:27 RAM 2969/7620MB (lfb 5x4MB) SWAP 0/12002MB (cached 0MB) CPU [2%@1510,3%@1510,2%@1510,1%@1510,1%@1510,2%@1510] GR3D_FREQ 0% cpu@47.625C soc2@47.093C soc0@45.218C gpu@47.093C tj@47.625C soc1@45.375C VDD_IN 4292mW/4297mW VDD_CPU_GPU_CV 1031mW/1021mW VDD_SOC 1391mW/1393mW
08-23-2026 05:22:28 RAM 2969/7620MB (lfb 5x4MB) SWAP 0/12002MB (cached 0MB) CPU [2%@1510,3%@1510,1%@1510,0%@1510,2%@1510,2%@1510] GR3D_FREQ 0% cpu@47.968C soc2@46.937C soc0@45.312C gpu@47.156C tj@47.968C soc1@45.406C VDD_IN 4252mW/4297mW VDD_CPU_GPU_CV 992mW/1020mW VDD_SOC 1391mW/1393mW
08-23-2026 05:22:29 RAM 2969/7620MB (lfb 5x4MB) SWAP 0/12002MB (cached 0MB) CPU [0%@1510,2%@1510,1%@1510,1%@1510,2%@1510,3%@1510] GR3D_FREQ 0% cpu@47.781C soc2@46.937C soc0@45.281C gpu@47.218C tj@47.781C soc1@45.25C VDD_IN 4292mW/4297mW VDD_CPU_GPU_CV 1031mW/1020mW VDD_SOC 1391mW/1393mW
08-23-2026 05:22:30 RAM 2969/7620MB (lfb 5x4MB) SWAP 0/12002MB (cached 0MB) CPU [1%@1510,2%@1510,0%@1510,1%@1510,1%@1510,3%@1510] GR3D_FREQ 0% cpu@47.5C soc2@46.968C soc0@45.343C gpu@47.187C tj@47.5C soc1@45.343C VDD_IN 4292mW/4297mW VDD_CPU_GPU_CV 992mW/1020mW VDD_SOC 1391mW/1393mW
08-23-2026 05:22:31 RAM 2969/7620MB (lfb 5x4MB) SWAP 0/12002MB (cached 0MB) CPU [0%@1510,2%@1510,3%@1510,4%@1510,2%@1510,3%@1510] GR3D_FREQ 0% cpu@47.593C soc2@46.906C soc0@45.25C gpu@47.187C tj@47.593C soc1@45.343C VDD_IN 4371mW/4298mW VDD_CPU_GPU_CV 1071mW/1021mW VDD_SOC 1391mW/1393mW
08-23-2026 05:22:32 RAM 2968/7620MB (lfb 5x4MB) SWAP 0/12002MB (cached 0MB) CPU [1%@1510,2%@1510,1%@1510,1%@1510,1%@1510,3%@1510] GR3D_FREQ 0% cpu@47.593C soc2@46.906C soc0@45.312C gpu@47.187C tj@47.593C soc1@45.437C VDD_IN 4332mW/4298mW VDD_CPU_GPU_CV 1031mW/1021mW VDD_SOC 1391mW/1393mW
08-23-2026 05:22:33 RAM 2968/7620MB (lfb 5x4MB) SWAP 0/12002MB (cached 0MB) CPU [2%@1510,2%@1510,1%@1510,1%@1510,0%@1510,2%@1510] GR3D_FREQ 0% cpu@47.937C soc2@46.968C soc0@45.281C gpu@47.312C tj@47.937C soc1@45.375C VDD_IN 4292mW/4298mW VDD_CPU_GPU_CV 1031mW/1021mW VDD_SOC 1391mW/1393mW
08-23-2026 05:22:34 RAM 2968/7620MB (lfb 5x4MB) SWAP 0/12002MB (cached 0MB) CPU [0%@1510,2%@1510,2%@1510,1%@1510,0%@1510,2%@1510] GR3D_FREQ 0% cpu@47.718C soc2@46.906C soc0@45.281C gpu@47.281C tj@47.718C soc1@45.281C VDD_IN 4292mW/4298mW VDD_CPU_GPU_CV 992mW/1021mW VDD_SOC 1391mW/1392mW
08-23-2026 05:22:35 RAM 2968/7620MB (lfb 5x4MB) SWAP 0/12002MB (cached 0MB) CPU [1%@1510,3%@1510,0%@1510,0%@1510,2%@1510,1%@1510] GR3D_FREQ 0% cpu@47.562C soc2@47.093C soc0@45.343C gpu@46.968C tj@47.562C soc1@45.25C VDD_IN 4292mW/4298mW VDD_CPU_GPU_CV 992mW/1020mW VDD_SOC 1391mW/1392mW
08-23-2026 05:22:36 RAM 2968/7620MB (lfb 5x4MB) SWAP 0/12002MB (cached 0MB) CPU [1%@1510,3%@1510,3%@1510,2%@1510,2%@1510,4%@1510] GR3D_FREQ 0% cpu@47.562C soc2@47.062C soc0@45.343C gpu@46.906C tj@47.562C soc1@45.281C VDD_IN 4371mW/4298mW VDD_CPU_GPU_CV 1071mW/1021mW VDD_SOC 1391mW/1392mW
08-23-2026 05:22:37 RAM 2967/7620MB (lfb 5x4MB) SWAP 0/12002MB (cached 0MB) CPU [1%@1510,3%@1510,2%@1510,3%@1510,1%@1510,2%@1510] GR3D_FREQ 0% cpu@47.656C soc2@47.093C soc0@45.218C gpu@47C tj@47.656C soc1@45.343C VDD_IN 4332mW/4298mW VDD_CPU_GPU_CV 1031mW/1021mW VDD_SOC 1391mW/1392mW
08-23-2026 05:22:38 RAM 2967/7620MB (lfb 5x4MB) SWAP 0/12002MB (cached 0MB) CPU [2%@1510,3%@1510,1%@1510,1%@1510,1%@1510,1%@1510] GR3D_FREQ 0% cpu@47.937C soc2@46.875C soc0@45.281C gpu@46.937C tj@47.937C soc1@45.437C VDD_IN 4292mW/4298mW VDD_CPU_GPU_CV 992mW/1021mW VDD_SOC 1391mW/1392mW
08-23-2026 05:22:39 RAM 2967/7620MB (lfb 5x4MB) SWAP 0/12002MB (cached 0MB) CPU [0%@1510,2%@1510,2%@1510,1%@1510,1%@1510,1%@1510] GR3D_FREQ 0% cpu@47.656C soc2@47C soc0@45.437C gpu@47.093C tj@47.656C soc1@45.25C VDD_IN 4292mW/4298mW VDD_CPU_GPU_CV 992mW/1020mW VDD_SOC 1391mW/1392mW
08-23-2026 05:22:40 RAM 2967/7620MB (lfb 5x4MB) SWAP 0/12002MB (cached 0MB) CPU [1%@1510,2%@1510,2%@1510,1%@1510,1%@1510,1%@1510] GR3D_FREQ 0% cpu@47.593C soc2@47.062C soc0@45.406C gpu@47C tj@47.593C soc1@45.281C VDD_IN 4252mW/4298mW VDD_CPU_GPU_CV 992mW/1020mW VDD_SOC 1391mW/1392mW
08-23-2026 05:22:41 RAM 2967/7620MB (lfb 5x4MB) SWAP 0/12002MB (cached 0MB) CPU [1%@1510,3%@1510,2%@1510,1%@1510,5%@1510,3%@1510] GR3D_FREQ 0% cpu@47.625C soc2@47C soc0@45.437C gpu@47.125C tj@47.625C soc1@45.343C VDD_IN 4371mW/4298mW VDD_CPU_GPU_CV 1071mW/1021mW VDD_SOC 1391mW/1392mW
08-23-2026 05:22:42 RAM 2967/7620MB (lfb 5x4MB) SWAP 0/12002MB (cached 0MB) CPU [0%@1510,1%@1510,2%@1510,2%@1510,1%@1510,1%@1510] GR3D_FREQ 0% cpu@47.687C soc2@47.062C soc0@45.343C gpu@47.062C tj@47.687C soc1@45.343C VDD_IN 4292mW/4298mW VDD_CPU_GPU_CV 1031mW/1021mW VDD_SOC 1391mW/1392mW
08-23-2026 05:22:43 RAM 2967/7620MB (lfb 5x4MB) SWAP 0/12002MB (cached 0MB) CPU [1%@1510,3%@1510,1%@1510,1%@1510,1%@1510,1%@1510] GR3D_FREQ 0% cpu@47.968C soc2@46.968C soc0@45.343C gpu@47.062C tj@47.968C soc1@45.343C VDD_IN 4292mW/4298mW VDD_CPU_GPU_CV 992mW/1020mW VDD_SOC 1391mW/1392mW
08-23-2026 05:22:44 RAM 2967/7620MB (lfb 5x4MB) SWAP 0/12002MB (cached 0MB) CPU [1%@1510,2%@1510,1%@1510,0%@1510,1%@1510,2%@1510] GR3D_FREQ 0% cpu@47.781C soc2@46.937C soc0@45.25C gpu@46.906C tj@47.781C soc1@45.312C VDD_IN 4292mW/4298mW VDD_CPU_GPU_CV 992mW/1020mW VDD_SOC 1391mW/1392mW
08-23-2026 05:22:45 RAM 2967/7620MB (lfb 5x4MB) SWAP 0/12002MB (cached 0MB) CPU [0%@1510,2%@1510,2%@1510,2%@1510,1%@1510,1%@1510] GR3D_FREQ 0% cpu@47.593C soc2@46.875C soc0@45.375C gpu@46.968C tj@47.593C soc1@45.312C VDD_IN 4252mW/4298mW VDD_CPU_GPU_CV 992mW/1020mW VDD_SOC 1391mW/1392mW
08-23-2026 05:22:46 RAM 2967/7620MB (lfb 5x4MB) SWAP 0/12002MB (cached 0MB) CPU [1%@1510,2%@1510,3%@1510,4%@1510,1%@1510,3%@1510] GR3D_FREQ 0% cpu@47.625C soc2@47.062C soc0@45.468C gpu@46.937C tj@47.625C soc1@45.281C VDD_IN 4371mW/4298mW VDD_CPU_GPU_CV 1031mW/1020mW VDD_SOC 1391mW/1392mW
08-23-2026 05:22:47 RAM 2967/7620MB (lfb 5x4MB) SWAP 0/12002MB (cached 0MB) CPU [1%@1510,2%@1510,2%@1510,2%@1510,2%@1510,2%@1510] GR3D_FREQ 0% cpu@47.625C soc2@47.093C soc0@45.25C gpu@46.906C tj@47.625C soc1@45.343C VDD_IN 4292mW/4298mW VDD_CPU_GPU_CV 1031mW/1020mW VDD_SOC 1391mW/1392mW
08-23-2026 05:22:48 RAM 2967/7620MB (lfb 5x4MB) SWAP 0/12002MB (cached 0MB) CPU [0%@1510,2%@1510,2%@1510,1%@1510,2%@1510,2%@1510] GR3D_FREQ 0% cpu@47.718C soc2@46.937C soc0@45.343C gpu@46.968C tj@47.718C soc1@45.375C VDD_IN 4292mW/4298mW VDD_CPU_GPU_CV 992mW/1020mW VDD_SOC 1391mW/1392mW
08-23-2026 05:22:49 RAM 2967/7620MB (lfb 5x4MB) SWAP 0/12002MB (cached 0MB) CPU [2%@1510,2%@1510,2%@1510,1%@1510,2%@1510,1%@1510] GR3D_FREQ 0% cpu@47.718C soc2@47C soc0@45.343C gpu@46.968C tj@47.718C soc1@45.468C VDD_IN 4252mW/4298mW VDD_CPU_GPU_CV 992mW/1020mW VDD_SOC 1391mW/1392mW
08-23-2026 05:22:50 RAM 2967/7620MB (lfb 5x4MB) SWAP 0/12002MB (cached 0MB) CPU [0%@1510,3%@1510,1%@1510,1%@1510,2%@1510,0%@1510] GR3D_FREQ 0% cpu@47.468C soc2@47.031C soc0@45.437C gpu@47.218C tj@47.656C soc1@45.343C VDD_IN 4252mW/4298mW VDD_CPU_GPU_CV 992mW/1020mW VDD_SOC 1391mW/1392mW
08-23-2026 05:22:51 RAM 2967/7620MB (lfb 5x4MB) SWAP 0/12002MB (cached 0MB) CPU [2%@1510,3%@1510,3%@1510,4%@1510,2%@1510,3%@1510] GR3D_FREQ 0% cpu@47.625C soc2@46.968C soc0@45.312C gpu@47.218C tj@47.625C soc1@45.25C VDD_IN 4371mW/4298mW VDD_CPU_GPU_CV 1031mW/1020mW VDD_SOC 1391mW/1392mW
08-23-2026 05:22:52 RAM 2968/7620MB (lfb 5x4MB) SWAP 0/12002MB (cached 0MB) CPU [0%@1510,2%@1510,2%@1510,2%@1510,2%@1510,2%@1510] GR3D_FREQ 0% cpu@47.75C soc2@47.093C soc0@45.343C gpu@47.218C tj@47.75C soc1@45.406C VDD_IN 4292mW/4298mW VDD_CPU_GPU_CV 1031mW/1020mW VDD_SOC 1391mW/1392mW
08-23-2026 05:22:53 RAM 2968/7620MB (lfb 5x4MB) SWAP 0/12002MB (cached 0MB) CPU [1%@1510,2%@1510,3%@1510,2%@1510,1%@1510,2%@1510] GR3D_FREQ 0% cpu@47.968C soc2@46.937C soc0@45.25C gpu@47.312C tj@47.968C soc1@45.5C VDD_IN 4252mW/4298mW VDD_CPU_GPU_CV 992mW/1020mW VDD_SOC 1391mW/1392mW
08-23-2026 05:22:54 RAM 2968/7620MB (lfb 5x4MB) SWAP 0/12002MB (cached 0MB) CPU [0%@1510,2%@1510,1%@1510,3%@1510,1%@1510,2%@1510] GR3D_FREQ 0% cpu@47.718C soc2@46.968C soc0@45.375C gpu@46.937C tj@47.718C soc1@45.281C VDD_IN 4292mW/4298mW VDD_CPU_GPU_CV 1031mW/1020mW VDD_SOC 1391mW/1392mW
08-23-2026 05:22:55 RAM 2968/7620MB (lfb 5x4MB) SWAP 0/12002MB (cached 0MB) CPU [1%@1510,2%@1510,1%@1510,1%@1510,2%@1510,1%@1510] GR3D_FREQ 0% cpu@47.562C soc2@47C soc0@45.406C gpu@46.937C tj@47.562C soc1@45.343C VDD_IN 4252mW/4298mW VDD_CPU_GPU_CV 992mW/1020mW VDD_SOC 1391mW/1392mW
08-23-2026 05:22:56 RAM 2969/7620MB (lfb 5x4MB) SWAP 0/12002MB (cached 0MB) CPU [1%@1510,3%@1510,3%@1510,0%@1510,4%@1510,3%@1510] GR3D_FREQ 0% cpu@47.562C soc2@47.093C soc0@45.375C gpu@46.968C tj@47.562C soc1@45.312C VDD_IN 4371mW/4298mW VDD_CPU_GPU_CV 1031mW/1020mW VDD_SOC 1391mW/1392mW
08-23-2026 05:22:57 RAM 2969/7620MB (lfb 5x4MB) SWAP 0/12002MB (cached 0MB) CPU [1%@1510,2%@1510,2%@1510,2%@1510,0%@1510,2%@1510] GR3D_FREQ 0% cpu@47.781C soc2@47.062C soc0@45.281C gpu@47.031C tj@47.781C soc1@45.375C VDD_IN 4292mW/4298mW VDD_CPU_GPU_CV 1031mW/1020mW VDD_SOC 1391mW/1392mW
08-23-2026 05:22:58 RAM 2969/7620MB (lfb 5x4MB) SWAP 0/12002MB (cached 0MB) CPU [3%@1510,2%@1510,2%@1510,1%@1510,0%@1510,2%@1510] GR3D_FREQ 0% cpu@47.906C soc2@47C soc0@45.281C gpu@47C tj@47.906C soc1@45.406C VDD_IN 4252mW/4298mW VDD_CPU_GPU_CV 992mW/1020mW VDD_SOC 1391mW/1392mW
08-23-2026 05:22:59 RAM 2969/7620MB (lfb 5x4MB) SWAP 0/12002MB (cached 0MB) CPU [0%@1510,2%@1510,1%@1510,0%@1510,1%@1510,1%@1510] GR3D_FREQ 0% cpu@47.75C soc2@47.062C soc0@45.343C gpu@47.093C tj@47.687C soc1@45.531C VDD_IN 4252mW/4297mW VDD_CPU_GPU_CV 992mW/1020mW VDD_SOC 1391mW/1392mW
08-23-2026 05:23:00 RAM 2969/7620MB (lfb 5x4MB) SWAP 0/12002MB (cached 0MB) CPU [0%@1510,2%@1510,2%@1510,0%@1510,0%@1510,2%@1510] GR3D_FREQ 0% cpu@47.593C soc2@46.968C soc0@45.375C gpu@47.062C tj@47.593C soc1@45.25C VDD_IN 4252mW/4297mW VDD_CPU_GPU_CV 992mW/1019mW VDD_SOC 1391mW/1392mW
08-23-2026 05:23:01 RAM 2969/7620MB (lfb 5x4MB) SWAP 0/12002MB (cached 0MB) CPU [1%@1510,2%@1510,3%@1510,2%@1510,4%@1510,3%@1510] GR3D_FREQ 0% cpu@47.593C soc2@46.968C soc0@45.437C gpu@46.968C tj@47.593C soc1@45.312C VDD_IN 4332mW/4297mW VDD_CPU_GPU_CV 1031mW/1020mW VDD_SOC 1391mW/1392mW
08-23-2026 05:23:02 RAM 2970/7620MB (lfb 5x4MB) SWAP 0/12002MB (cached 0MB) CPU [1%@1510,3%@1510,2%@1510,2%@1510,2%@1510,2%@1510] GR3D_FREQ 0% cpu@47.656C soc2@47.062C soc0@45.312C gpu@47.031C tj@47.656C soc1@45.406C VDD_IN 4292mW/4297mW VDD_CPU_GPU_CV 1031mW/1020mW VDD_SOC 1391mW/1392mW
08-23-2026 05:23:03 RAM 2970/7620MB (lfb 5x4MB) SWAP 0/12002MB (cached 0MB) CPU [2%@1510,2%@1510,1%@1510,1%@1510,1%@1510,1%@1510] GR3D_FREQ 0% cpu@47.937C soc2@47.062C soc0@45.343C gpu@46.906C tj@47.937C soc1@45.375C VDD_IN 4252mW/4297mW VDD_CPU_GPU_CV 992mW/1019mW VDD_SOC 1391mW/1392mW
08-23-2026 05:23:04 RAM 2970/7620MB (lfb 5x4MB) SWAP 0/12002MB (cached 0MB) CPU [1%@1510,1%@1510,1%@1510,0%@1510,1%@1510,2%@1510] GR3D_FREQ 0% cpu@47.906C soc2@47.062C soc0@45.343C gpu@46.937C tj@47.906C soc1@45.5C VDD_IN 4252mW/4297mW VDD_CPU_GPU_CV 992mW/1019mW VDD_SOC 1391mW/1392mW
08-23-2026 05:23:05 RAM 2971/7620MB (lfb 5x4MB) SWAP 0/12002MB (cached 0MB) CPU [1%@1510,33%@1510,1%@1510,2%@1510,3%@1510,1%@1510] GR3D_FREQ 0% cpu@47.812C soc2@47C soc0@45.406C gpu@46.906C tj@47.812C soc1@45.312C VDD_IN 4721mW/4299mW VDD_CPU_GPU_CV 1307mW/1021mW VDD_SOC 1428mW/1392mW
08-23-2026 05:23:06 RAM 2973/7620MB (lfb 5x4MB) SWAP 0/12002MB (cached 0MB) CPU [3%@1510,100%@1510,2%@1510,1%@1510,0%@1510,1%@1510] GR3D_FREQ 0% cpu@47.968C soc2@47.031C soc0@45.437C gpu@47.031C tj@47.968C soc1@45.343C VDD_IN 5079mW/4302mW VDD_CPU_GPU_CV 1545mW/1023mW VDD_SOC 1428mW/1393mW
08-23-2026 05:23:07 RAM 2974/7620MB (lfb 5x4MB) SWAP 0/12002MB (cached 0MB) CPU [0%@1510,21%@1510,0%@1510,0%@1510,1%@1510,0%@1510] GR3D_FREQ 0% cpu@47.718C soc2@47.125C soc0@45.406C gpu@46.937C tj@47.718C soc1@45.343C VDD_IN 4371mW/4302mW VDD_CPU_GPU_CV 1071mW/1023mW VDD_SOC 1391mW/1393mW
08-23-2026 05:23:08 RAM 2975/7620MB (lfb 5x4MB) SWAP 0/12002MB (cached 0MB) CPU [2%@1510,1%@1510,1%@1510,3%@1510,7%@1510,2%@1510] GR3D_FREQ 0% cpu@47.593C soc2@47.125C soc0@45.312C gpu@46.906C tj@47.593C soc1@45.343C VDD_IN 4252mW/4302mW VDD_CPU_GPU_CV 992mW/1023mW VDD_SOC 1391mW/1393mW
08-23-2026 05:23:09 RAM 2975/7620MB (lfb 5x4MB) SWAP 0/12002MB (cached 0MB) CPU [0%@1510,0%@1510,0%@1510,0%@1510,0%@1510,0%@1510] GR3D_FREQ 0% cpu@47.812C soc2@47C soc0@45.343C gpu@46.968C tj@47.812C soc1@45.343C VDD_IN 4212mW/4302mW VDD_CPU_GPU_CV 952mW/1023mW VDD_SOC 1391mW/1393mW
08-23-2026 05:23:10 RAM 2977/7620MB (lfb 4x4MB) SWAP 0/12002MB (cached 0MB) CPU [1%@1510,0%@1510,0%@1510,1%@1510,1%@1510,1%@1510] GR3D_FREQ 0% cpu@47.562C soc2@47C soc0@45.437C gpu@46.968C tj@47.562C soc1@45.281C VDD_IN 4212mW/4301mW VDD_CPU_GPU_CV 992mW/1022mW VDD_SOC 1391mW/1393mW
08-23-2026 05:23:11 RAM 2978/7620MB (lfb 4x4MB) SWAP 0/12002MB (cached 0MB) CPU [1%@1510,1%@1510,2%@1510,4%@1510,0%@1510,2%@1510] GR3D_FREQ 0% cpu@47.812C soc2@46.937C soc0@45.375C gpu@47C tj@47.656C soc1@45.343C VDD_IN 4292mW/4301mW VDD_CPU_GPU_CV 992mW/1022mW VDD_SOC 1391mW/1392mW
08-23-2026 05:23:12 RAM 2978/7620MB (lfb 4x4MB) SWAP 0/12002MB (cached 0MB) CPU [0%@1510,0%@1510,1%@1510,1%@1510,0%@1510,1%@1510] GR3D_FREQ 0% cpu@47.562C soc2@46.968C soc0@45.468C gpu@46.937C tj@47.656C soc1@45.281C VDD_IN 4252mW/4301mW VDD_CPU_GPU_CV 992mW/1022mW VDD_SOC 1391mW/1392mW
08-23-2026 05:23:13 RAM 2978/7620MB (lfb 4x4MB) SWAP 0/12002MB (cached 0MB) CPU [2%@1510,1%@1510,2%@1510,0%@1510,3%@1510,4%@1510] GR3D_FREQ 0% cpu@47.593C soc2@47.093C soc0@45.25C gpu@46.968C tj@47.593C soc1@45.375C VDD_IN 4252mW/4301mW VDD_CPU_GPU_CV 992mW/1022mW VDD_SOC 1391mW/1392mW
08-23-2026 05:23:14 RAM 2978/7620MB (lfb 4x4MB) SWAP 0/12002MB (cached 0MB) CPU [0%@1510,0%@1510,0%@1510,0%@1510,0%@1510,1%@1510] GR3D_FREQ 0% cpu@47.687C soc2@46.906C soc0@45.343C gpu@47.156C tj@47.687C soc1@45.406C VDD_IN 4212mW/4301mW VDD_CPU_GPU_CV 952mW/1022mW VDD_SOC 1391mW/1392mW
08-23-2026 05:23:15 RAM 2332/7620MB (lfb 27x4MB) SWAP 0/12002MB (cached 0MB) CPU [0%@1510,4%@1510,2%@1510,0%@1510,0%@1510,0%@1510] GR3D_FREQ 0% cpu@47.531C soc2@47.031C soc0@45.406C gpu@47.125C tj@47.531C soc1@45.468C VDD_IN 4292mW/4301mW VDD_CPU_GPU_CV 992mW/1022mW VDD_SOC 1391mW/1392mW
08-23-2026 05:23:16 RAM 2332/7620MB (lfb 27x4MB) SWAP 0/12002MB (cached 0MB) CPU [1%@1510,1%@1510,2%@1510,1%@1510,1%@1510,3%@1510] GR3D_FREQ 0% cpu@47.781C soc2@46.875C soc0@45.406C gpu@47.25C tj@47.781C soc1@45.281C VDD_IN 4252mW/4300mW VDD_CPU_GPU_CV 992mW/1021mW VDD_SOC 1391mW/1392mW
08-23-2026 05:23:17 RAM 2332/7620MB (lfb 27x4MB) SWAP 0/12002MB (cached 0MB) CPU [0%@1510,0%@1510,0%@1510,0%@1510,0%@1510,0%@1510] GR3D_FREQ 0% cpu@47.468C soc2@47.031C soc0@45.437C gpu@47.343C tj@47.468C soc1@45.281C VDD_IN 4212mW/4300mW VDD_CPU_GPU_CV 992mW/1021mW VDD_SOC 1391mW/1392mW
08-23-2026 05:23:18 RAM 2335/7620MB (lfb 27x4MB) SWAP 0/12002MB (cached 0MB) CPU [3%@1510,2%@1510,7%@1510,2%@1510,1%@1510,1%@1510] GR3D_FREQ 0% cpu@47.593C soc2@47.031C soc0@45.406C gpu@47.281C tj@47.593C soc1@45.375C VDD_IN 4252mW/4300mW VDD_CPU_GPU_CV 992mW/1021mW VDD_SOC 1391mW/1392mW
