08-09-2026 23:41:33 RAM 3046/7620MB (lfb 25x4MB) SWAP 2/12002MB (cached 0MB) CPU [1%@1510,1%@1510,1%@1510,4%@1510,6%@1510,3%@1510] GR3D_FREQ 0% cpu@46.625C soc2@45.843C soc0@44.156C gpu@45.906C tj@46.625C soc1@44.187C VDD_IN 4313mW/4313mW VDD_CPU_GPU_CV 1114mW/1114mW VDD_SOC 1395mW/1395mW
08-09-2026 23:41:34 RAM 3046/7620MB (lfb 25x4MB) SWAP 2/12002MB (cached 0MB) CPU [1%@1510,0%@1510,1%@1510,2%@1510,10%@1510,1%@1510] GR3D_FREQ 0% cpu@46.468C soc2@45.843C soc0@44.187C gpu@45.875C tj@46.468C soc1@44.218C VDD_IN 4273mW/4293mW VDD_CPU_GPU_CV 1036mW/1075mW VDD_SOC 1397mW/1396mW
08-09-2026 23:41:35 RAM 3046/7620MB (lfb 25x4MB) SWAP 2/12002MB (cached 0MB) CPU [1%@1510,0%@1510,1%@1510,3%@1510,1%@1510,1%@1510] GR3D_FREQ 0% cpu@46.562C soc2@45.781C soc0@44.218C gpu@45.875C tj@46.562C soc1@44.093C VDD_IN 4153mW/4246mW VDD_CPU_GPU_CV 996mW/1048mW VDD_SOC 1397mW/1396mW
08-09-2026 23:41:36 RAM 3046/7620MB (lfb 25x4MB) SWAP 2/12002MB (cached 0MB) CPU [1%@1510,0%@1510,0%@1510,0%@1510,0%@1510,0%@1510] GR3D_FREQ 0% cpu@46.812C soc2@45.843C soc0@44.25C gpu@45.906C tj@46.812C soc1@44.093C VDD_IN 4113mW/4213mW VDD_CPU_GPU_CV 996mW/1035mW VDD_SOC 1397mW/1396mW
08-09-2026 23:41:37 RAM 3046/7620MB (lfb 25x4MB) SWAP 2/12002MB (cached 0MB) CPU [1%@1510,1%@1510,0%@1510,0%@1510,1%@1510,0%@1510] GR3D_FREQ 0% cpu@46.531C soc2@45.875C soc0@44.093C gpu@46.031C tj@46.531C soc1@44.093C VDD_IN 4113mW/4193mW VDD_CPU_GPU_CV 996mW/1027mW VDD_SOC 1397mW/1396mW
08-09-2026 23:41:38 RAM 3046/7620MB (lfb 25x4MB) SWAP 2/12002MB (cached 0MB) CPU [1%@1510,0%@1510,0%@1510,0%@1510,0%@1510,0%@1510] GR3D_FREQ 0% cpu@46.437C soc2@45.843C soc0@44.062C gpu@46C tj@46.437C soc1@44.156C VDD_IN 4113mW/4179mW VDD_CPU_GPU_CV 956mW/1015mW VDD_SOC 1397mW/1396mW
08-09-2026 23:41:39 RAM 3046/7620MB (lfb 25x4MB) SWAP 2/12002MB (cached 0MB) CPU [1%@1510,0%@1510,0%@1510,0%@1510,1%@1510,0%@1510] GR3D_FREQ 0% cpu@46.5C soc2@45.875C soc0@44.187C gpu@45.968C tj@46.5C soc1@44.218C VDD_IN 4073mW/4164mW VDD_CPU_GPU_CV 956mW/1007mW VDD_SOC 1397mW/1396mW
08-09-2026 23:41:40 RAM 3046/7620MB (lfb 25x4MB) SWAP 2/12002MB (cached 0MB) CPU [1%@1510,0%@1510,0%@1510,0%@1510,0%@1510,0%@1510] GR3D_FREQ 0% cpu@46.593C soc2@45.937C soc0@44.218C gpu@46C tj@46.593C soc1@44.031C VDD_IN 4073mW/4153mW VDD_CPU_GPU_CV 956mW/1000mW VDD_SOC 1397mW/1396mW
08-09-2026 23:41:41 RAM 3046/7620MB (lfb 25x4MB) SWAP 2/12002MB (cached 0MB) CPU [1%@1510,0%@1510,0%@1510,0%@1510,0%@1510,0%@1510] GR3D_FREQ 0% cpu@46.812C soc2@45.812C soc0@44.312C gpu@46.031C tj@46.812C soc1@44.093C VDD_IN 4073mW/4144mW VDD_CPU_GPU_CV 956mW/995mW VDD_SOC 1397mW/1396mW
08-09-2026 23:41:42 RAM 3046/7620MB (lfb 25x4MB) SWAP 2/12002MB (cached 0MB) CPU [0%@1510,0%@1510,0%@1510,1%@1510,0%@1510,0%@1510] GR3D_FREQ 0% cpu@46.656C soc2@45.781C soc0@44.218C gpu@46.062C tj@46.656C soc1@44.062C VDD_IN 4073mW/4137mW VDD_CPU_GPU_CV 956mW/991mW VDD_SOC 1397mW/1396mW
08-09-2026 23:41:43 RAM 3046/7620MB (lfb 25x4MB) SWAP 2/12002MB (cached 0MB) CPU [0%@1510,0%@1510,0%@1510,0%@1510,0%@1510,0%@1510] GR3D_FREQ 0% cpu@46.406C soc2@45.843C soc0@44.062C gpu@46.156C tj@46.406C soc1@44.125C VDD_IN 4073mW/4131mW VDD_CPU_GPU_CV 958mW/988mW VDD_SOC 1397mW/1396mW
08-09-2026 23:41:44 RAM 3046/7620MB (lfb 25x4MB) SWAP 2/12002MB (cached 0MB) CPU [3%@1510,1%@1510,0%@1510,1%@1510,1%@1510,0%@1510] GR3D_FREQ 0% cpu@46.5C soc2@45.812C soc0@44.062C gpu@46.156C tj@46.5C soc1@44.125C VDD_IN 4080mW/4126mW VDD_CPU_GPU_CV 956mW/986mW VDD_SOC 1397mW/1396mW
08-09-2026 23:41:45 RAM 3046/7620MB (lfb 25x4MB) SWAP 2/12002MB (cached 0MB) CPU [0%@1510,0%@1510,0%@1510,1%@1510,0%@1510,0%@1510] GR3D_FREQ 0% cpu@46.312C soc2@45.843C soc0@44.187C gpu@46.125C tj@46.531C soc1@44.187C VDD_IN 4073mW/4122mW VDD_CPU_GPU_CV 956mW/983mW VDD_SOC 1397mW/1396mW
08-09-2026 23:41:46 RAM 3046/7620MB (lfb 25x4MB) SWAP 2/12002MB (cached 0MB) CPU [0%@1510,1%@1510,0%@1510,0%@1510,0%@1510,1%@1510] GR3D_FREQ 0% cpu@46.5C soc2@45.875C soc0@44.156C gpu@46.093C tj@46.5C soc1@44.281C VDD_IN 4073mW/4119mW VDD_CPU_GPU_CV 956mW/981mW VDD_SOC 1397mW/1396mW
08-09-2026 23:41:47 RAM 3046/7620MB (lfb 25x4MB) SWAP 2/12002MB (cached 0MB) CPU [0%@1510,0%@1510,0%@1510,0%@1510,0%@1510,0%@1510] GR3D_FREQ 0% cpu@46.656C soc2@45.781C soc0@44.218C gpu@46.156C tj@46.656C soc1@44.031C VDD_IN 4073mW/4116mW VDD_CPU_GPU_CV 956mW/980mW VDD_SOC 1397mW/1396mW
08-09-2026 23:41:48 RAM 3046/7620MB (lfb 25x4MB) SWAP 2/12002MB (cached 0MB) CPU [1%@1510,0%@1510,0%@1510,0%@1510,0%@1510,0%@1510] GR3D_FREQ 0% cpu@46.406C soc2@45.843C soc0@44.125C gpu@46.187C tj@46.375C soc1@44.031C VDD_IN 4073mW/4113mW VDD_CPU_GPU_CV 956mW/978mW VDD_SOC 1397mW/1396mW
08-09-2026 23:41:49 RAM 3046/7620MB (lfb 25x4MB) SWAP 2/12002MB (cached 0MB) CPU [0%@1510,1%@1510,0%@1510,0%@1510,0%@1510,0%@1510] GR3D_FREQ 0% cpu@46.718C soc2@45.875C soc0@44.125C gpu@46.25C tj@46.718C soc1@44.156C VDD_IN 4080mW/4111mW VDD_CPU_GPU_CV 956mW/977mW VDD_SOC 1397mW/1396mW
08-09-2026 23:41:50 RAM 3046/7620MB (lfb 25x4MB) SWAP 2/12002MB (cached 0MB) CPU [1%@1510,0%@1510,0%@1510,0%@1510,0%@1510,0%@1510] GR3D_FREQ 0% cpu@46.437C soc2@45.843C soc0@44.062C gpu@46.25C tj@46.437C soc1@44.125C VDD_IN 4080mW/4109mW VDD_CPU_GPU_CV 956mW/976mW VDD_SOC 1397mW/1396mW
08-09-2026 23:41:51 RAM 3046/7620MB (lfb 25x4MB) SWAP 2/12002MB (cached 0MB) CPU [2%@1510,0%@1510,0%@1510,1%@1510,0%@1510,0%@1510] GR3D_FREQ 0% cpu@46.593C soc2@45.843C soc0@44.156C gpu@45.687C tj@46.593C soc1@44.218C VDD_IN 4073mW/4107mW VDD_CPU_GPU_CV 956mW/974mW VDD_SOC 1397mW/1396mW
08-09-2026 23:41:52 RAM 3046/7620MB (lfb 25x4MB) SWAP 2/12002MB (cached 0MB) CPU [2%@1510,0%@1510,0%@1510,0%@1510,0%@1510,0%@1510] GR3D_FREQ 0% cpu@46.593C soc2@45.843C soc0@44.156C gpu@45.718C tj@46.593C soc1@44.187C VDD_IN 4080mW/4106mW VDD_CPU_GPU_CV 956mW/974mW VDD_SOC 1397mW/1396mW
08-09-2026 23:41:53 RAM 3046/7620MB (lfb 25x4MB) SWAP 2/12002MB (cached 0MB) CPU [1%@1510,1%@1510,0%@1510,0%@1510,0%@1510,0%@1510] GR3D_FREQ 0% cpu@46.5C soc2@45.781C soc0@44.281C gpu@45.812C tj@46.5C soc1@44.093C VDD_IN 4080mW/4105mW VDD_CPU_GPU_CV 956mW/973mW VDD_SOC 1397mW/1396mW
08-09-2026 23:41:54 RAM 3046/7620MB (lfb 25x4MB) SWAP 2/12002MB (cached 0MB) CPU [1%@1510,0%@1510,1%@1510,0%@1510,0%@1510,0%@1510] GR3D_FREQ 0% cpu@46.687C soc2@45.812C soc0@44.218C gpu@45.625C tj@46.687C soc1@44C VDD_IN 4080mW/4104mW VDD_CPU_GPU_CV 956mW/972mW VDD_SOC 1397mW/1396mW
08-09-2026 23:41:55 RAM 3046/7620MB (lfb 25x4MB) SWAP 2/12002MB (cached 0MB) CPU [0%@1510,0%@1510,0%@1510,1%@1510,0%@1510,0%@1510] GR3D_FREQ 0% cpu@46.375C soc2@45.843C soc0@44.125C gpu@45.75C tj@46.375C soc1@44.125C VDD_IN 4080mW/4102mW VDD_CPU_GPU_CV 956mW/971mW VDD_SOC 1397mW/1396mW
08-09-2026 23:41:56 RAM 3046/7620MB (lfb 25x4MB) SWAP 2/12002MB (cached 0MB) CPU [2%@1510,0%@1510,0%@1510,0%@1510,0%@1510,0%@1510] GR3D_FREQ 0% cpu@46.75C soc2@45.812C soc0@44.093C gpu@45.781C tj@46.468C soc1@44.125C VDD_IN 4080mW/4102mW VDD_CPU_GPU_CV 956mW/971mW VDD_SOC 1397mW/1396mW
08-09-2026 23:41:57 RAM 3046/7620MB (lfb 25x4MB) SWAP 2/12002MB (cached 0MB) CPU [0%@1510,0%@1510,0%@1510,0%@1510,0%@1510,0%@1510] GR3D_FREQ 0% cpu@46.437C soc2@45.875C soc0@44.125C gpu@45.781C tj@46.437C soc1@44.156C VDD_IN 4080mW/4101mW VDD_CPU_GPU_CV 956mW/970mW VDD_SOC 1397mW/1396mW
08-09-2026 23:41:58 RAM 3046/7620MB (lfb 25x4MB) SWAP 2/12002MB (cached 0MB) CPU [0%@1510,2%@1510,0%@1510,0%@1510,0%@1510,0%@1510] GR3D_FREQ 0% cpu@46.531C soc2@45.875C soc0@44.218C gpu@45.937C tj@46.531C soc1@44.281C VDD_IN 4080mW/4100mW VDD_CPU_GPU_CV 956mW/969mW VDD_SOC 1397mW/1396mW
08-09-2026 23:41:59 RAM 3046/7620MB (lfb 25x4MB) SWAP 2/12002MB (cached 0MB) CPU [1%@1510,2%@1510,0%@1510,0%@1510,0%@1510,0%@1510] GR3D_FREQ 0% cpu@46.718C soc2@45.75C soc0@44.25C gpu@45.968C tj@46.718C soc1@44C VDD_IN 4080mW/4099mW VDD_CPU_GPU_CV 958mW/969mW VDD_SOC 1397mW/1396mW
08-09-2026 23:42:00 RAM 3046/7620MB (lfb 25x4MB) SWAP 2/12002MB (cached 0MB) CPU [1%@1510,0%@1510,0%@1510,0%@1510,3%@1510,0%@1510] GR3D_FREQ 0% cpu@46.562C soc2@45.812C soc0@44.218C gpu@45.968C tj@46.562C soc1@44C VDD_IN 4073mW/4098mW VDD_CPU_GPU_CV 996mW/970mW VDD_SOC 1397mW/1396mW
08-09-2026 23:42:01 RAM 3046/7620MB (lfb 25x4MB) SWAP 2/12002MB (cached 0MB) CPU [2%@1510,0%@1510,0%@1510,0%@1510,0%@1510,0%@1510] GR3D_FREQ 0% cpu@46.812C soc2@45.812C soc0@44.093C gpu@46.062C tj@46.812C soc1@44.031C VDD_IN 4073mW/4097mW VDD_CPU_GPU_CV 956mW/969mW VDD_SOC 1397mW/1396mW
08-09-2026 23:42:02 RAM 3058/7620MB (lfb 25x4MB) SWAP 2/12002MB (cached 0MB) CPU [7%@1510,6%@1510,6%@1510,8%@1510,16%@1510,7%@1510] GR3D_FREQ 0% cpu@46.937C soc2@45.781C soc0@44.187C gpu@46.093C tj@46.937C soc1@44.125C VDD_IN 4665mW/4116mW VDD_CPU_GPU_CV 1433mW/985mW VDD_SOC 1393mW/1396mW
08-09-2026 23:42:03 RAM 3208/7620MB (lfb 23x4MB) SWAP 2/12002MB (cached 0MB) CPU [13%@1510,1%@1510,3%@1510,1%@1510,87%@1510,1%@1510] GR3D_FREQ 0% cpu@46.968C soc2@45.843C soc0@44.156C gpu@46.125C tj@46.968C soc1@44.093C VDD_IN 4960mW/4143mW VDD_CPU_GPU_CV 1545mW/1003mW VDD_SOC 1428mW/1397mW
08-09-2026 23:42:04 RAM 3254/7620MB (lfb 23x4MB) SWAP 2/12002MB (cached 0MB) CPU [100%@1510,1%@1510,17%@1510,1%@1510,1%@1510,1%@1510] GR3D_FREQ 0% cpu@47.156C soc2@45.875C soc0@44.187C gpu@46.187C tj@47.156C soc1@44.125C VDD_IN 5237mW/4178mW VDD_CPU_GPU_CV 1700mW/1025mW VDD_SOC 1465mW/1399mW
08-09-2026 23:42:05 RAM 3280/7620MB (lfb 22x4MB) SWAP 2/12002MB (cached 0MB) CPU [47%@1510,1%@1510,25%@1510,2%@1510,1%@1510,1%@1510] GR3D_FREQ 0% cpu@46.687C soc2@45.937C soc0@44.343C gpu@46.218C tj@46.687C soc1@44.031C VDD_IN 4425mW/4185mW VDD_CPU_GPU_CV 1194mW/1030mW VDD_SOC 1395mW/1399mW
08-09-2026 23:42:06 RAM 3289/7620MB (lfb 22x4MB) SWAP 2/12002MB (cached 0MB) CPU [7%@1510,7%@1510,7%@1510,7%@1510,7%@1510,18%@1510] GR3D_FREQ 0% cpu@47.093C soc2@45.843C soc0@44.343C gpu@46.218C tj@47.093C soc1@44.093C VDD_IN 4697mW/4200mW VDD_CPU_GPU_CV 1470mW/1043mW VDD_SOC 1393mW/1399mW
08-09-2026 23:42:07 RAM 3583/7620MB (lfb 6x4MB) SWAP 2/12002MB (cached 0MB) CPU [7%@1510,1%@1510,5%@1510,15%@1510,5%@1510,83%@1510] GR3D_FREQ 0% cpu@46.906C soc2@45.968C soc0@44.156C gpu@46.125C tj@46.906C soc1@44.218C VDD_IN 5198mW/4229mW VDD_CPU_GPU_CV 1621mW/1059mW VDD_SOC 1505mW/1402mW
08-09-2026 23:42:08 RAM 3693/7620MB (lfb 2x4MB) SWAP 2/12002MB (cached 0MB) CPU [1%@1510,2%@1510,5%@1510,22%@1510,3%@1510,2%@1510] GR3D_FREQ 0% cpu@46.656C soc2@45.906C soc0@44.312C gpu@46.312C tj@46.656C soc1@44.218C VDD_IN 4425mW/4234mW VDD_CPU_GPU_CV 1154mW/1062mW VDD_SOC 1435mW/1403mW
08-09-2026 23:42:09 RAM 3692/7620MB (lfb 2x4MB) SWAP 2/12002MB (cached 0MB) CPU [1%@1510,2%@1510,2%@1510,4%@1510,0%@1510,4%@1510] GR3D_FREQ 0% cpu@46.593C soc2@45.937C soc0@44.218C gpu@46.281C tj@46.593C soc1@44.312C VDD_IN 4233mW/4234mW VDD_CPU_GPU_CV 1036mW/1061mW VDD_SOC 1397mW/1403mW
08-09-2026 23:42:10 RAM 3692/7620MB (lfb 2x4MB) SWAP 2/12002MB (cached 0MB) CPU [2%@1510,2%@1510,1%@1510,6%@1510,2%@1510,2%@1510] GR3D_FREQ 0% cpu@46.625C soc2@45.875C soc0@44.25C gpu@45.968C tj@46.625C soc1@44.156C VDD_IN 4193mW/4233mW VDD_CPU_GPU_CV 1036mW/1060mW VDD_SOC 1397mW/1403mW
08-09-2026 23:42:11 RAM 3692/7620MB (lfb 2x4MB) SWAP 2/12002MB (cached 0MB) CPU [2%@1510,2%@1510,2%@1510,2%@1510,1%@1510,2%@1510] GR3D_FREQ 0% cpu@46.875C soc2@45.875C soc0@44.375C gpu@46C tj@46.875C soc1@44.125C VDD_IN 4153mW/4231mW VDD_CPU_GPU_CV 1036mW/1060mW VDD_SOC 1397mW/1402mW
08-09-2026 23:42:12 RAM 3692/7620MB (lfb 2x4MB) SWAP 2/12002MB (cached 0MB) CPU [2%@1510,1%@1510,1%@1510,4%@1510,3%@1510,1%@1510] GR3D_FREQ 0% cpu@46.625C soc2@45.843C soc0@44.156C gpu@46.062C tj@46.625C soc1@44.156C VDD_IN 4153mW/4229mW VDD_CPU_GPU_CV 1036mW/1059mW VDD_SOC 1397mW/1402mW
08-09-2026 23:42:13 RAM 3693/7620MB (lfb 2x4MB) SWAP 2/12002MB (cached 0MB) CPU [1%@1510,2%@1510,5%@1510,4%@1510,2%@1510,1%@1510] GR3D_FREQ 0% cpu@46.593C soc2@45.906C soc0@44.25C gpu@45.906C tj@46.593C soc1@44.281C VDD_IN 4233mW/4229mW VDD_CPU_GPU_CV 1076mW/1060mW VDD_SOC 1397mW/1402mW
08-09-2026 23:42:14 RAM 3693/7620MB (lfb 2x4MB) SWAP 2/12002MB (cached 0MB) CPU [3%@1510,2%@1510,3%@1510,3%@1510,2%@1510,3%@1510] GR3D_FREQ 0% cpu@46.656C soc2@45.937C soc0@44.281C gpu@46C tj@46.656C soc1@44.343C VDD_IN 4193mW/4228mW VDD_CPU_GPU_CV 1036mW/1059mW VDD_SOC 1397mW/1402mW
08-09-2026 23:42:15 RAM 3693/7620MB (lfb 2x4MB) SWAP 2/12002MB (cached 0MB) CPU [2%@1510,1%@1510,2%@1510,3%@1510,1%@1510,0%@1510] GR3D_FREQ 0% cpu@46.656C soc2@45.937C soc0@44.281C gpu@46.031C tj@46.656C soc1@44.125C VDD_IN 4153mW/4226mW VDD_CPU_GPU_CV 1036mW/1058mW VDD_SOC 1397mW/1402mW
08-09-2026 23:42:16 RAM 3693/7620MB (lfb 2x4MB) SWAP 2/12002MB (cached 0MB) CPU [2%@1510,3%@1510,2%@1510,4%@1510,3%@1510,0%@1510] GR3D_FREQ 0% cpu@46.937C soc2@45.875C soc0@44.343C gpu@46.125C tj@46.937C soc1@44.218C VDD_IN 4153mW/4225mW VDD_CPU_GPU_CV 1036mW/1058mW VDD_SOC 1397mW/1402mW
08-09-2026 23:42:17 RAM 3693/7620MB (lfb 2x4MB) SWAP 2/12002MB (cached 0MB) CPU [2%@1510,1%@1510,0%@1510,3%@1510,1%@1510,1%@1510] GR3D_FREQ 0% cpu@46.718C soc2@45.875C soc0@44.156C gpu@46.093C tj@46.718C soc1@44.125C VDD_IN 4153mW/4223mW VDD_CPU_GPU_CV 1036mW/1057mW VDD_SOC 1397mW/1402mW
08-09-2026 23:42:18 RAM 3693/7620MB (lfb 2x4MB) SWAP 2/12002MB (cached 0MB) CPU [1%@1510,1%@1510,3%@1510,5%@1510,4%@1510,2%@1510] GR3D_FREQ 0% cpu@46.625C soc2@45.843C soc0@44.343C gpu@45.843C tj@46.625C soc1@44.218C VDD_IN 4233mW/4223mW VDD_CPU_GPU_CV 1036mW/1057mW VDD_SOC 1397mW/1402mW
08-09-2026 23:42:19 RAM 3692/7620MB (lfb 2x4MB) SWAP 2/12002MB (cached 0MB) CPU [1%@1510,2%@1510,2%@1510,3%@1510,3%@1510,2%@1510] GR3D_FREQ 0% cpu@46.75C soc2@45.937C soc0@44.312C gpu@46.031C tj@46.75C soc1@44.125C VDD_IN 4193mW/4223mW VDD_CPU_GPU_CV 1036mW/1057mW VDD_SOC 1397mW/1401mW
08-09-2026 23:42:20 RAM 3692/7620MB (lfb 2x4MB) SWAP 2/12002MB (cached 0MB) CPU [3%@1510,1%@1510,1%@1510,2%@1510,2%@1510,2%@1510] GR3D_FREQ 0% cpu@46.687C soc2@45.937C soc0@44.375C gpu@46.062C tj@46.687C soc1@44.187C VDD_IN 4193mW/4222mW VDD_CPU_GPU_CV 1036mW/1056mW VDD_SOC 1397mW/1401mW
08-09-2026 23:42:21 RAM 3692/7620MB (lfb 2x4MB) SWAP 2/12002MB (cached 0MB) CPU [2%@1510,2%@1510,2%@1510,3%@1510,2%@1510,1%@1510] GR3D_FREQ 0% cpu@46.906C soc2@45.875C soc0@44.218C gpu@46.062C tj@46.906C soc1@44.093C VDD_IN 4193mW/4221mW VDD_CPU_GPU_CV 1036mW/1056mW VDD_SOC 1397mW/1401mW
08-09-2026 23:42:22 RAM 3692/7620MB (lfb 2x4MB) SWAP 2/12002MB (cached 0MB) CPU [2%@1510,1%@1510,1%@1510,4%@1510,2%@1510,2%@1510] GR3D_FREQ 0% cpu@46.593C soc2@45.937C soc0@44.187C gpu@46.156C tj@46.593C soc1@44.25C VDD_IN 4153mW/4220mW VDD_CPU_GPU_CV 1036mW/1055mW VDD_SOC 1397mW/1401mW
08-09-2026 23:42:23 RAM 3690/7620MB (lfb 2x4MB) SWAP 2/12002MB (cached 0MB) CPU [1%@1510,1%@1510,5%@1510,4%@1510,3%@1510,3%@1510] GR3D_FREQ 0% cpu@46.593C soc2@45.968C soc0@44.375C gpu@46.093C tj@46.593C soc1@44.281C VDD_IN 4273mW/4221mW VDD_CPU_GPU_CV 1076mW/1056mW VDD_SOC 1397mW/1401mW
08-09-2026 23:42:24 RAM 3691/7620MB (lfb 2x4MB) SWAP 2/12002MB (cached 0MB) CPU [3%@1510,2%@1510,1%@1510,4%@1510,2%@1510,4%@1510] GR3D_FREQ 0% cpu@46.75C soc2@46.031C soc0@44.343C gpu@46.218C tj@46.75C soc1@44.218C VDD_IN 4233mW/4221mW VDD_CPU_GPU_CV 1036mW/1055mW VDD_SOC 1397mW/1401mW
08-09-2026 23:42:25 RAM 3691/7620MB (lfb 2x4MB) SWAP 2/12002MB (cached 0MB) CPU [2%@1510,1%@1510,2%@1510,1%@1510,2%@1510,2%@1510] GR3D_FREQ 0% cpu@46.75C soc2@45.906C soc0@44.375C gpu@46.125C tj@46.75C soc1@44.187C VDD_IN 4153mW/4220mW VDD_CPU_GPU_CV 1036mW/1055mW VDD_SOC 1397mW/1401mW
08-09-2026 23:42:26 RAM 3691/7620MB (lfb 2x4MB) SWAP 2/12002MB (cached 0MB) CPU [2%@1510,0%@1510,1%@1510,1%@1510,3%@1510,2%@1510] GR3D_FREQ 0% cpu@46.875C soc2@45.875C soc0@44.187C gpu@46.187C tj@46.875C soc1@44.218C VDD_IN 4153mW/4219mW VDD_CPU_GPU_CV 1036mW/1055mW VDD_SOC 1397mW/1401mW
08-09-2026 23:42:27 RAM 3691/7620MB (lfb 2x4MB) SWAP 2/12002MB (cached 0MB) CPU [2%@1510,3%@1510,1%@1510,2%@1510,3%@1510,3%@1510] GR3D_FREQ 0% cpu@46.625C soc2@46C soc0@44.343C gpu@46.187C tj@46.625C soc1@44.25C VDD_IN 4153mW/4217mW VDD_CPU_GPU_CV 1036mW/1054mW VDD_SOC 1397mW/1401mW
08-09-2026 23:42:28 RAM 3692/7620MB (lfb 2x4MB) SWAP 2/12002MB (cached 0MB) CPU [2%@1510,2%@1510,2%@1510,3%@1510,1%@1510,5%@1510] GR3D_FREQ 0% cpu@46.625C soc2@45.937C soc0@44.312C gpu@46.218C tj@46.625C soc1@44.25C VDD_IN 4233mW/4218mW VDD_CPU_GPU_CV 1076mW/1055mW VDD_SOC 1397mW/1401mW
08-09-2026 23:42:29 RAM 3693/7620MB (lfb 2x4MB) SWAP 2/12002MB (cached 0MB) CPU [2%@1510,2%@1510,2%@1510,0%@1510,3%@1510,3%@1510] GR3D_FREQ 0% cpu@46.625C soc2@46C soc0@44.312C gpu@46.25C tj@46.625C soc1@44.281C VDD_IN 4193mW/4217mW VDD_CPU_GPU_CV 1036mW/1054mW VDD_SOC 1397mW/1401mW
08-09-2026 23:42:30 RAM 3693/7620MB (lfb 2x4MB) SWAP 2/12002MB (cached 0MB) CPU [2%@1510,1%@1510,1%@1510,1%@1510,0%@1510,3%@1510] GR3D_FREQ 0% cpu@46.656C soc2@46.031C soc0@44.375C gpu@46C tj@46.656C soc1@44.093C VDD_IN 4153mW/4216mW VDD_CPU_GPU_CV 1036mW/1054mW VDD_SOC 1397mW/1401mW
08-09-2026 23:42:31 RAM 3693/7620MB (lfb 2x4MB) SWAP 2/12002MB (cached 0MB) CPU [2%@1510,2%@1510,1%@1510,0%@1510,2%@1510,4%@1510] GR3D_FREQ 0% cpu@46.875C soc2@45.843C soc0@44.375C gpu@45.968C tj@46.875C soc1@44.156C VDD_IN 4153mW/4215mW VDD_CPU_GPU_CV 1036mW/1054mW VDD_SOC 1397mW/1400mW
08-09-2026 23:42:32 RAM 3693/7620MB (lfb 2x4MB) SWAP 2/12002MB (cached 0MB) CPU [2%@1510,2%@1510,1%@1510,2%@1510,1%@1510,3%@1510] GR3D_FREQ 0% cpu@46.718C soc2@45.906C soc0@44.187C gpu@46C tj@46.718C soc1@44.187C VDD_IN 4153mW/4214mW VDD_CPU_GPU_CV 1036mW/1053mW VDD_SOC 1397mW/1400mW
08-09-2026 23:42:33 RAM 3693/7620MB (lfb 2x4MB) SWAP 2/12002MB (cached 0MB) CPU [2%@1510,2%@1510,3%@1510,3%@1510,2%@1510,4%@1510] GR3D_FREQ 0% cpu@46.593C soc2@45.875C soc0@44.187C gpu@46C tj@46.593C soc1@44.218C VDD_IN 4233mW/4214mW VDD_CPU_GPU_CV 1036mW/1053mW VDD_SOC 1397mW/1400mW
08-09-2026 23:42:34 RAM 3694/7620MB (lfb 2x4MB) SWAP 2/12002MB (cached 0MB) CPU [2%@1510,2%@1510,2%@1510,2%@1510,0%@1510,4%@1510] GR3D_FREQ 0% cpu@46.593C soc2@45.906C soc0@44.343C gpu@46C tj@46.593C soc1@44.343C VDD_IN 4193mW/4214mW VDD_CPU_GPU_CV 1036mW/1053mW VDD_SOC 1397mW/1400mW
08-09-2026 23:42:35 RAM 3694/7620MB (lfb 2x4MB) SWAP 2/12002MB (cached 0MB) CPU [2%@1510,1%@1510,2%@1510,1%@1510,2%@1510,3%@1510] GR3D_FREQ 0% cpu@46.656C soc2@46C soc0@44.375C gpu@46.062C tj@46.656C soc1@44.375C VDD_IN 4153mW/4213mW VDD_CPU_GPU_CV 1036mW/1052mW VDD_SOC 1397mW/1400mW
08-09-2026 23:42:36 RAM 3694/7620MB (lfb 2x4MB) SWAP 2/12002MB (cached 0MB) CPU [0%@1510,2%@1510,2%@1510,1%@1510,1%@1510,3%@1510] GR3D_FREQ 0% cpu@46.906C soc2@45.968C soc0@44.406C gpu@46.031C tj@46.906C soc1@44.218C VDD_IN 4153mW/4212mW VDD_CPU_GPU_CV 1036mW/1052mW VDD_SOC 1397mW/1400mW
08-09-2026 23:42:37 RAM 3694/7620MB (lfb 2x4MB) SWAP 2/12002MB (cached 0MB) CPU [1%@1510,2%@1510,1%@1510,1%@1510,2%@1510,4%@1510] GR3D_FREQ 0% cpu@46.75C soc2@45.906C soc0@44.281C gpu@46.031C tj@46.75C soc1@44.218C VDD_IN 4153mW/4211mW VDD_CPU_GPU_CV 1036mW/1052mW VDD_SOC 1397mW/1400mW
08-09-2026 23:42:38 RAM 3694/7620MB (lfb 2x4MB) SWAP 2/12002MB (cached 0MB) CPU [3%@1510,2%@1510,3%@1510,5%@1510,2%@1510,5%@1510] GR3D_FREQ 0% cpu@46.437C soc2@45.937C soc0@44.281C gpu@46.062C tj@46.437C soc1@44.281C VDD_IN 4233mW/4211mW VDD_CPU_GPU_CV 1036mW/1052mW VDD_SOC 1397mW/1400mW
08-09-2026 23:42:39 RAM 3695/7620MB (lfb 2x4MB) SWAP 2/12002MB (cached 0MB) CPU [1%@1510,3%@1510,2%@1510,14%@1510,9%@1510,4%@1510] GR3D_FREQ 0% cpu@46.625C soc2@45.968C soc0@44.343C gpu@45.875C tj@46.625C soc1@44.312C VDD_IN 4273mW/4212mW VDD_CPU_GPU_CV 1076mW/1052mW VDD_SOC 1395mW/1400mW
08-09-2026 23:42:40 RAM 3695/7620MB (lfb 2x4MB) SWAP 2/12002MB (cached 0MB) CPU [3%@1510,2%@1510,2%@1510,1%@1510,1%@1510,2%@1510] GR3D_FREQ 0% cpu@46.687C soc2@45.968C soc0@44.187C gpu@45.875C tj@46.687C soc1@44.281C VDD_IN 4153mW/4212mW VDD_CPU_GPU_CV 1036mW/1052mW VDD_SOC 1397mW/1400mW
08-09-2026 23:42:41 RAM 3695/7620MB (lfb 2x4MB) SWAP 2/12002MB (cached 0MB) CPU [1%@1510,3%@1510,1%@1510,2%@1510,2%@1510,3%@1510] GR3D_FREQ 0% cpu@46.968C soc2@45.937C soc0@44.375C gpu@45.937C tj@46.968C soc1@44.125C VDD_IN 4153mW/4211mW VDD_CPU_GPU_CV 996mW/1051mW VDD_SOC 1397mW/1400mW
08-09-2026 23:42:42 RAM 3695/7620MB (lfb 2x4MB) SWAP 2/12002MB (cached 0MB) CPU [2%@1510,1%@1510,1%@1510,2%@1510,1%@1510,3%@1510] GR3D_FREQ 0% cpu@46.656C soc2@45.875C soc0@44.406C gpu@45.937C tj@46.656C soc1@44.187C VDD_IN 4153mW/4210mW VDD_CPU_GPU_CV 1036mW/1051mW VDD_SOC 1397mW/1400mW
08-09-2026 23:42:43 RAM 3694/7620MB (lfb 2x4MB) SWAP 2/12002MB (cached 0MB) CPU [2%@1510,3%@1510,1%@1510,4%@1510,2%@1510,5%@1510] GR3D_FREQ 0% cpu@46.531C soc2@45.906C soc0@44.281C gpu@45.843C tj@46.531C soc1@44.218C VDD_IN 4233mW/4210mW VDD_CPU_GPU_CV 1036mW/1051mW VDD_SOC 1397mW/1400mW
08-09-2026 23:42:44 RAM 3694/7620MB (lfb 2x4MB) SWAP 2/12002MB (cached 0MB) CPU [3%@1510,3%@1510,1%@1510,1%@1510,2%@1510,3%@1510] GR3D_FREQ 0% cpu@46.593C soc2@46C soc0@44.312C gpu@45.906C tj@46.593C soc1@44.312C VDD_IN 4193mW/4210mW VDD_CPU_GPU_CV 1036mW/1050mW VDD_SOC 1397mW/1400mW
08-09-2026 23:42:45 RAM 3694/7620MB (lfb 2x4MB) SWAP 2/12002MB (cached 0MB) CPU [4%@1510,2%@1510,1%@1510,1%@1510,2%@1510,3%@1510] GR3D_FREQ 0% cpu@46.656C soc2@46C soc0@44.343C gpu@46.187C tj@46.656C soc1@44.093C VDD_IN 4153mW/4209mW VDD_CPU_GPU_CV 1036mW/1050mW VDD_SOC 1397mW/1400mW
08-09-2026 23:42:46 RAM 3694/7620MB (lfb 2x4MB) SWAP 2/12002MB (cached 0MB) CPU [2%@1510,1%@1510,1%@1510,1%@1510,2%@1510,2%@1510] GR3D_FREQ 0% cpu@46.906C soc2@45.906C soc0@44.187C gpu@46.156C tj@46.906C soc1@44.25C VDD_IN 4153mW/4208mW VDD_CPU_GPU_CV 1036mW/1050mW VDD_SOC 1397mW/1400mW
08-09-2026 23:42:47 RAM 3694/7620MB (lfb 2x4MB) SWAP 2/12002MB (cached 0MB) CPU [3%@1510,0%@1510,0%@1510,4%@1510,1%@1510,1%@1510] GR3D_FREQ 0% cpu@46.531C soc2@46C soc0@44.25C gpu@45.906C tj@46.531C soc1@44.281C VDD_IN 4193mW/4208mW VDD_CPU_GPU_CV 1036mW/1050mW VDD_SOC 1397mW/1400mW
08-09-2026 23:42:48 RAM 3694/7620MB (lfb 2x4MB) SWAP 2/12002MB (cached 0MB) CPU [2%@1510,1%@1510,3%@1510,4%@1510,5%@1510,4%@1510] GR3D_FREQ 0% cpu@46.656C soc2@45.937C soc0@44.281C gpu@45.875C tj@46.656C soc1@44.312C VDD_IN 4193mW/4208mW VDD_CPU_GPU_CV 1036mW/1050mW VDD_SOC 1397mW/1400mW
08-09-2026 23:42:49 RAM 3694/7620MB (lfb 2x4MB) SWAP 2/12002MB (cached 0MB) CPU [3%@1510,3%@1510,2%@1510,4%@1510,3%@1510,1%@1510] GR3D_FREQ 0% cpu@46.812C soc2@46.031C soc0@44.312C gpu@45.968C tj@46.812C soc1@44.343C VDD_IN 4193mW/4208mW VDD_CPU_GPU_CV 1036mW/1049mW VDD_SOC 1397mW/1400mW
08-09-2026 23:42:50 RAM 3694/7620MB (lfb 2x4MB) SWAP 2/12002MB (cached 0MB) CPU [3%@1510,1%@1510,1%@1510,4%@1510,3%@1510,0%@1510] GR3D_FREQ 0% cpu@46.687C soc2@45.937C soc0@44.375C gpu@45.937C tj@46.687C soc1@44.187C VDD_IN 4193mW/4208mW VDD_CPU_GPU_CV 1036mW/1049mW VDD_SOC 1397mW/1399mW
08-09-2026 23:42:51 RAM 3694/7620MB (lfb 2x4MB) SWAP 2/12002MB (cached 0MB) CPU [2%@1510,1%@1510,2%@1510,4%@1510,1%@1510,1%@1510] GR3D_FREQ 0% cpu@46.968C soc2@45.875C soc0@44.25C gpu@45.937C tj@46.968C soc1@44.187C VDD_IN 4193mW/4207mW VDD_CPU_GPU_CV 1036mW/1049mW VDD_SOC 1397mW/1399mW
08-09-2026 23:42:52 RAM 3694/7620MB (lfb 2x4MB) SWAP 2/12002MB (cached 0MB) CPU [2%@1510,1%@1510,1%@1510,3%@1510,2%@1510,2%@1510] GR3D_FREQ 0% cpu@46.5C soc2@45.875C soc0@44.218C gpu@45.906C tj@46.5C soc1@44.187C VDD_IN 4153mW/4207mW VDD_CPU_GPU_CV 1036mW/1049mW VDD_SOC 1397mW/1399mW
08-09-2026 23:42:53 RAM 3695/7620MB (lfb 2x4MB) SWAP 2/12002MB (cached 0MB) CPU [3%@1510,1%@1510,5%@1510,3%@1510,1%@1510,2%@1510] GR3D_FREQ 0% cpu@46.625C soc2@46.062C soc0@44.281C gpu@45.875C tj@46.625C soc1@44.312C VDD_IN 4193mW/4206mW VDD_CPU_GPU_CV 1036mW/1049mW VDD_SOC 1397mW/1399mW
08-09-2026 23:42:54 RAM 3695/7620MB (lfb 2x4MB) SWAP 2/12002MB (cached 0MB) CPU [2%@1510,0%@1510,2%@1510,5%@1510,4%@1510,2%@1510] GR3D_FREQ 0% cpu@46.593C soc2@46.031C soc0@44.312C gpu@45.937C tj@46.593C soc1@44.281C VDD_IN 4193mW/4206mW VDD_CPU_GPU_CV 1036mW/1049mW VDD_SOC 1397mW/1399mW
08-09-2026 23:42:55 RAM 3695/7620MB (lfb 2x4MB) SWAP 2/12002MB (cached 0MB) CPU [3%@1510,1%@1510,0%@1510,4%@1510,2%@1510,2%@1510] GR3D_FREQ 0% cpu@46.625C soc2@46.031C soc0@44.375C gpu@46.031C tj@46.625C soc1@44.375C VDD_IN 4153mW/4206mW VDD_CPU_GPU_CV 1036mW/1048mW VDD_SOC 1397mW/1399mW
08-09-2026 23:42:56 RAM 3695/7620MB (lfb 2x4MB) SWAP 2/12002MB (cached 0MB) CPU [2%@1510,0%@1510,1%@1510,3%@1510,1%@1510,3%@1510] GR3D_FREQ 0% cpu@46.875C soc2@45.875C soc0@44.375C gpu@46C tj@46.875C soc1@44.218C VDD_IN 4153mW/4205mW VDD_CPU_GPU_CV 1036mW/1048mW VDD_SOC 1397mW/1399mW
08-09-2026 23:42:57 RAM 3695/7620MB (lfb 2x4MB) SWAP 2/12002MB (cached 0MB) CPU [2%@1510,1%@1510,2%@1510,2%@1510,1%@1510,3%@1510] GR3D_FREQ 0% cpu@46.687C soc2@46C soc0@44.156C gpu@46.031C tj@46.687C soc1@44.156C VDD_IN 4193mW/4205mW VDD_CPU_GPU_CV 1036mW/1048mW VDD_SOC 1397mW/1399mW
08-09-2026 23:42:58 RAM 3695/7620MB (lfb 2x4MB) SWAP 2/12002MB (cached 0MB) CPU [3%@1510,1%@1510,1%@1510,4%@1510,7%@1510,3%@1510] GR3D_FREQ 0% cpu@46.968C soc2@46C soc0@44.281C gpu@46.406C tj@46.968C soc1@44.25C VDD_IN 4193mW/4205mW VDD_CPU_GPU_CV 1036mW/1048mW VDD_SOC 1397mW/1399mW
08-09-2026 23:42:59 RAM 3695/7620MB (lfb 2x4MB) SWAP 2/12002MB (cached 0MB) CPU [2%@1510,2%@1510,1%@1510,4%@1510,2%@1510,2%@1510] GR3D_FREQ 0% cpu@46.625C soc2@45.906C soc0@44.343C gpu@45.812C tj@46.625C soc1@44.281C VDD_IN 4193mW/4205mW VDD_CPU_GPU_CV 1036mW/1048mW VDD_SOC 1397mW/1399mW
08-09-2026 23:43:00 RAM 3695/7620MB (lfb 2x4MB) SWAP 2/12002MB (cached 0MB) CPU [3%@1510,1%@1510,1%@1510,3%@1510,2%@1510,3%@1510] GR3D_FREQ 0% cpu@46.75C soc2@46C soc0@44.312C gpu@45.875C tj@46.75C soc1@44.437C VDD_IN 4153mW/4204mW VDD_CPU_GPU_CV 1036mW/1048mW VDD_SOC 1397mW/1399mW
08-09-2026 23:43:01 RAM 3694/7620MB (lfb 2x4MB) SWAP 2/12002MB (cached 0MB) CPU [2%@1510,1%@1510,3%@1510,3%@1510,1%@1510,2%@1510] GR3D_FREQ 0% cpu@46.812C soc2@45.937C soc0@44.375C gpu@45.875C tj@46.812C soc1@44.281C VDD_IN 4153mW/4203mW VDD_CPU_GPU_CV 1036mW/1047mW VDD_SOC 1397mW/1399mW
08-09-2026 23:43:02 RAM 3694/7620MB (lfb 2x4MB) SWAP 2/12002MB (cached 0MB) CPU [2%@1510,1%@1510,1%@1510,3%@1510,2%@1510,2%@1510] GR3D_FREQ 0% cpu@46.75C soc2@45.906C soc0@44.218C gpu@45.781C tj@46.75C soc1@44.187C VDD_IN 4153mW/4203mW VDD_CPU_GPU_CV 1036mW/1047mW VDD_SOC 1397mW/1399mW
08-09-2026 23:43:03 RAM 3694/7620MB (lfb 2x4MB) SWAP 2/12002MB (cached 0MB) CPU [2%@1510,0%@1510,2%@1510,4%@1510,5%@1510,2%@1510] GR3D_FREQ 0% cpu@46.906C soc2@45.906C soc0@44.281C gpu@45.906C tj@46.906C soc1@44.25C VDD_IN 4193mW/4203mW VDD_CPU_GPU_CV 1036mW/1047mW VDD_SOC 1397mW/1399mW
08-09-2026 23:43:04 RAM 3693/7620MB (lfb 2x4MB) SWAP 2/12002MB (cached 0MB) CPU [3%@1510,1%@1510,1%@1510,4%@1510,2%@1510,2%@1510] GR3D_FREQ 0% cpu@46.593C soc2@46C soc0@44.25C gpu@46.125C tj@46.593C soc1@44.312C VDD_IN 4193mW/4203mW VDD_CPU_GPU_CV 1036mW/1047mW VDD_SOC 1397mW/1399mW
08-09-2026 23:43:05 RAM 3693/7620MB (lfb 2x4MB) SWAP 2/12002MB (cached 0MB) CPU [1%@1510,2%@1510,0%@1510,5%@1510,2%@1510,1%@1510] GR3D_FREQ 0% cpu@46.625C soc2@45.968C soc0@44.343C gpu@46.062C tj@46.625C soc1@44.218C VDD_IN 4153mW/4202mW VDD_CPU_GPU_CV 1036mW/1047mW VDD_SOC 1397mW/1399mW
08-09-2026 23:43:06 RAM 3693/7620MB (lfb 2x4MB) SWAP 2/12002MB (cached 0MB) CPU [2%@1510,0%@1510,1%@1510,3%@1510,1%@1510,2%@1510] GR3D_FREQ 0% cpu@46.843C soc2@45.937C soc0@44.406C gpu@46.156C tj@46.843C soc1@44.281C VDD_IN 4193mW/4202mW VDD_CPU_GPU_CV 1036mW/1047mW VDD_SOC 1397mW/1399mW
08-09-2026 23:43:07 RAM 3693/7620MB (lfb 2x4MB) SWAP 2/12002MB (cached 0MB) CPU [3%@1510,2%@1510,1%@1510,4%@1510,1%@1510,1%@1510] GR3D_FREQ 0% cpu@46.718C soc2@46C soc0@44.281C gpu@46.093C tj@46.656C soc1@44.156C VDD_IN 4193mW/4202mW VDD_CPU_GPU_CV 1036mW/1047mW VDD_SOC 1397mW/1399mW
08-09-2026 23:43:08 RAM 3693/7620MB (lfb 2x4MB) SWAP 2/12002MB (cached 0MB) CPU [3%@1510,2%@1510,3%@1510,3%@1510,2%@1510,4%@1510] GR3D_FREQ 0% cpu@46.625C soc2@45.937C soc0@44.25C gpu@46.156C tj@46.625C soc1@44.25C VDD_IN 4233mW/4202mW VDD_CPU_GPU_CV 1036mW/1047mW VDD_SOC 1397mW/1399mW
08-09-2026 23:43:09 RAM 3691/7620MB (lfb 2x4MB) SWAP 2/12002MB (cached 0MB) CPU [2%@1510,1%@1510,1%@1510,4%@1510,2%@1510,2%@1510] GR3D_FREQ 0% cpu@46.625C soc2@45.937C soc0@44.312C gpu@46.218C tj@46.625C soc1@44.312C VDD_IN 4193mW/4202mW VDD_CPU_GPU_CV 1036mW/1047mW VDD_SOC 1397mW/1399mW
08-09-2026 23:43:10 RAM 3691/7620MB (lfb 2x4MB) SWAP 2/12002MB (cached 0MB) CPU [0%@1510,2%@1510,3%@1510,4%@1510,1%@1510,2%@1510] GR3D_FREQ 0% cpu@46.625C soc2@45.968C soc0@44.437C gpu@45.937C tj@46.625C soc1@44.093C VDD_IN 4193mW/4202mW VDD_CPU_GPU_CV 1036mW/1046mW VDD_SOC 1397mW/1399mW
08-09-2026 23:43:11 RAM 3691/7620MB (lfb 2x4MB) SWAP 2/12002MB (cached 0MB) CPU [3%@1510,1%@1510,2%@1510,2%@1510,1%@1510,2%@1510] GR3D_FREQ 0% cpu@46.843C soc2@45.875C soc0@44.375C gpu@45.937C tj@46.843C soc1@44.218C VDD_IN 4153mW/4202mW VDD_CPU_GPU_CV 1036mW/1046mW VDD_SOC 1397mW/1399mW
08-09-2026 23:43:12 RAM 3691/7620MB (lfb 2x4MB) SWAP 2/12002MB (cached 0MB) CPU [2%@1510,1%@1510,0%@1510,4%@1510,1%@1510,2%@1510] GR3D_FREQ 0% cpu@46.656C soc2@45.937C soc0@44.437C gpu@45.937C tj@46.656C soc1@44.218C VDD_IN 4153mW/4201mW VDD_CPU_GPU_CV 1036mW/1046mW VDD_SOC 1397mW/1399mW
08-09-2026 23:43:13 RAM 3691/7620MB (lfb 2x4MB) SWAP 2/12002MB (cached 0MB) CPU [2%@1510,2%@1510,3%@1510,5%@1510,3%@1510,2%@1510] GR3D_FREQ 0% cpu@46.937C soc2@45.968C soc0@44.343C gpu@45.937C tj@46.937C soc1@44.25C VDD_IN 4193mW/4201mW VDD_CPU_GPU_CV 1036mW/1046mW VDD_SOC 1397mW/1399mW
08-09-2026 23:43:14 RAM 3691/7620MB (lfb 2x4MB) SWAP 2/12002MB (cached 0MB) CPU [2%@1510,1%@1510,2%@1510,3%@1510,2%@1510,1%@1510] GR3D_FREQ 0% cpu@46.593C soc2@45.937C soc0@44.25C gpu@45.968C tj@46.593C soc1@44.312C VDD_IN 4193mW/4201mW VDD_CPU_GPU_CV 1036mW/1046mW VDD_SOC 1397mW/1399mW
08-09-2026 23:43:15 RAM 3691/7620MB (lfb 2x4MB) SWAP 2/12002MB (cached 0MB) CPU [1%@1510,2%@1510,2%@1510,4%@1510,1%@1510,2%@1510] GR3D_FREQ 0% cpu@46.625C soc2@46.031C soc0@44.375C gpu@45.937C tj@46.625C soc1@44.375C VDD_IN 4153mW/4200mW VDD_CPU_GPU_CV 1036mW/1046mW VDD_SOC 1397mW/1399mW
08-09-2026 23:43:16 RAM 3691/7620MB (lfb 2x4MB) SWAP 2/12002MB (cached 0MB) CPU [1%@1510,2%@1510,0%@1510,3%@1510,2%@1510,1%@1510] GR3D_FREQ 0% cpu@46.781C soc2@45.968C soc0@44.375C gpu@45.937C tj@46.781C soc1@44.156C VDD_IN 4153mW/4200mW VDD_CPU_GPU_CV 1036mW/1046mW VDD_SOC 1397mW/1399mW
08-09-2026 23:43:17 RAM 3691/7620MB (lfb 2x4MB) SWAP 2/12002MB (cached 0MB) CPU [2%@1510,1%@1510,1%@1510,3%@1510,1%@1510,2%@1510] GR3D_FREQ 0% cpu@46.687C soc2@45.968C soc0@44.281C gpu@46.312C tj@46.625C soc1@44.125C VDD_IN 4153mW/4199mW VDD_CPU_GPU_CV 1036mW/1046mW VDD_SOC 1397mW/1399mW
08-09-2026 23:43:18 RAM 3691/7620MB (lfb 2x4MB) SWAP 2/12002MB (cached 0MB) CPU [3%@1510,2%@1510,4%@1510,3%@1510,2%@1510,5%@1510] GR3D_FREQ 0% cpu@46.843C soc2@46C soc0@44.218C gpu@46.375C tj@46.625C soc1@44.156C VDD_IN 4193mW/4199mW VDD_CPU_GPU_CV 1036mW/1046mW VDD_SOC 1397mW/1399mW
08-09-2026 23:43:19 RAM 3691/7620MB (lfb 2x4MB) SWAP 2/12002MB (cached 0MB) CPU [2%@1510,3%@1510,2%@1510,4%@1510,0%@1510,1%@1510] GR3D_FREQ 0% cpu@46.625C soc2@46.062C soc0@44.312C gpu@46.343C tj@46.625C soc1@44.375C VDD_IN 4193mW/4199mW VDD_CPU_GPU_CV 1036mW/1045mW VDD_SOC 1397mW/1399mW
08-09-2026 23:43:20 RAM 3691/7620MB (lfb 2x4MB) SWAP 2/12002MB (cached 0MB) CPU [1%@1510,2%@1510,2%@1510,4%@1510,3%@1510,2%@1510] GR3D_FREQ 0% cpu@46.656C soc2@46C soc0@44.375C gpu@46.375C tj@46.656C soc1@44.156C VDD_IN 4153mW/4199mW VDD_CPU_GPU_CV 1036mW/1045mW VDD_SOC 1397mW/1399mW
08-09-2026 23:43:21 RAM 3691/7620MB (lfb 2x4MB) SWAP 2/12002MB (cached 0MB) CPU [2%@1510,1%@1510,1%@1510,6%@1510,2%@1510,1%@1510] GR3D_FREQ 0% cpu@46.843C soc2@45.875C soc0@44.5C gpu@46.375C tj@46.843C soc1@44.093C VDD_IN 4153mW/4198mW VDD_CPU_GPU_CV 1036mW/1045mW VDD_SOC 1397mW/1399mW
08-09-2026 23:43:22 RAM 3691/7620MB (lfb 2x4MB) SWAP 2/12002MB (cached 0MB) CPU [1%@1510,3%@1510,2%@1510,3%@1510,1%@1510,0%@1510] GR3D_FREQ 0% cpu@46.625C soc2@45.937C soc0@44.312C gpu@45.937C tj@46.625C soc1@44.156C VDD_IN 4153mW/4198mW VDD_CPU_GPU_CV 1036mW/1045mW VDD_SOC 1397mW/1399mW
08-09-2026 23:43:23 RAM 3690/7620MB (lfb 2x4MB) SWAP 2/12002MB (cached 0MB) CPU [2%@1510,1%@1510,2%@1510,5%@1510,2%@1510,3%@1510] GR3D_FREQ 0% cpu@46.656C soc2@46C soc0@44.281C gpu@46.062C tj@46.656C soc1@44.281C VDD_IN 4193mW/4198mW VDD_CPU_GPU_CV 1036mW/1045mW VDD_SOC 1397mW/1399mW
08-09-2026 23:43:24 RAM 3690/7620MB (lfb 2x4MB) SWAP 2/12002MB (cached 0MB) CPU [2%@1510,2%@1510,2%@1510,4%@1510,1%@1510,3%@1510] GR3D_FREQ 0% cpu@46.562C soc2@46C soc0@44.343C gpu@46C tj@46.562C soc1@44.375C VDD_IN 4233mW/4198mW VDD_CPU_GPU_CV 1036mW/1045mW VDD_SOC 1397mW/1399mW
08-09-2026 23:43:25 RAM 3690/7620MB (lfb 2x4MB) SWAP 2/12002MB (cached 0MB) CPU [1%@1510,1%@1510,2%@1510,4%@1510,3%@1510,2%@1510] GR3D_FREQ 0% cpu@46.625C soc2@46.062C soc0@44.312C gpu@46.031C tj@46.625C soc1@44.218C VDD_IN 4153mW/4198mW VDD_CPU_GPU_CV 1036mW/1045mW VDD_SOC 1397mW/1399mW
08-09-2026 23:43:26 RAM 3690/7620MB (lfb 2x4MB) SWAP 2/12002MB (cached 0MB) CPU [3%@1510,3%@1510,3%@1510,2%@1510,0%@1510,3%@1510] GR3D_FREQ 0% cpu@46.812C soc2@45.906C soc0@44.468C gpu@46.093C tj@46.812C soc1@44.187C VDD_IN 4193mW/4198mW VDD_CPU_GPU_CV 1036mW/1045mW VDD_SOC 1397mW/1399mW
08-09-2026 23:43:27 RAM 3690/7620MB (lfb 2x4MB) SWAP 2/12002MB (cached 0MB) CPU [2%@1510,1%@1510,1%@1510,3%@1510,2%@1510,1%@1510] GR3D_FREQ 0% cpu@46.656C soc2@45.937C soc0@44.25C gpu@46.093C tj@46.656C soc1@44.187C VDD_IN 4193mW/4198mW VDD_CPU_GPU_CV 1036mW/1045mW VDD_SOC 1397mW/1399mW
08-09-2026 23:43:28 RAM 3692/7620MB (lfb 2x4MB) SWAP 2/12002MB (cached 0MB) CPU [3%@1510,1%@1510,4%@1510,2%@1510,2%@1510,4%@1510] GR3D_FREQ 0% cpu@47C soc2@46C soc0@44.218C gpu@46.125C tj@46.625C soc1@44.218C VDD_IN 4193mW/4198mW VDD_CPU_GPU_CV 1036mW/1045mW VDD_SOC 1397mW/1398mW
08-09-2026 23:43:29 RAM 3691/7620MB (lfb 2x4MB) SWAP 2/12002MB (cached 0MB) CPU [0%@1510,2%@1510,1%@1510,6%@1510,2%@1510,1%@1510] GR3D_FREQ 0% cpu@46.593C soc2@46C soc0@44.312C gpu@46.187C tj@46.593C soc1@44.375C VDD_IN 4193mW/4198mW VDD_CPU_GPU_CV 1036mW/1045mW VDD_SOC 1397mW/1398mW
08-09-2026 23:43:30 RAM 3691/7620MB (lfb 2x4MB) SWAP 2/12002MB (cached 0MB) CPU [1%@1510,1%@1510,3%@1510,3%@1510,3%@1510,0%@1510] GR3D_FREQ 0% cpu@46.687C soc2@46.031C soc0@44.343C gpu@46.062C tj@46.687C soc1@44.375C VDD_IN 4153mW/4197mW VDD_CPU_GPU_CV 1036mW/1045mW VDD_SOC 1397mW/1398mW
08-09-2026 23:43:31 RAM 3691/7620MB (lfb 2x4MB) SWAP 2/12002MB (cached 0MB) CPU [4%@1510,2%@1510,1%@1510,4%@1510,0%@1510,2%@1510] GR3D_FREQ 0% cpu@46.843C soc2@46.031C soc0@44.406C gpu@46.156C tj@46.843C soc1@44.406C VDD_IN 4193mW/4197mW VDD_CPU_GPU_CV 1036mW/1044mW VDD_SOC 1397mW/1398mW
08-09-2026 23:43:32 RAM 3691/7620MB (lfb 2x4MB) SWAP 2/12002MB (cached 0MB) CPU [1%@1510,2%@1510,1%@1510,1%@1510,2%@1510,3%@1510] GR3D_FREQ 0% cpu@46.718C soc2@45.875C soc0@44.437C gpu@46.125C tj@46.718C soc1@44.218C VDD_IN 4353mW/4199mW VDD_CPU_GPU_CV 1036mW/1044mW VDD_SOC 1397mW/1398mW
08-09-2026 23:43:33 RAM 3692/7620MB (lfb 2x4MB) SWAP 2/12002MB (cached 0MB) CPU [4%@1510,2%@1510,15%@1510,23%@1510,4%@1510,4%@1510] GR3D_FREQ 0% cpu@46.656C soc2@45.937C soc0@44.281C gpu@45.937C tj@46.656C soc1@44.343C VDD_IN 4346mW/4200mW VDD_CPU_GPU_CV 1114mW/1045mW VDD_SOC 1395mW/1398mW
08-09-2026 23:43:34 RAM 3692/7620MB (lfb 2x4MB) SWAP 2/12002MB (cached 0MB) CPU [2%@1510,2%@1510,1%@1510,3%@1510,1%@1510,4%@1510] GR3D_FREQ 0% cpu@46.75C soc2@46C soc0@44.406C gpu@46.125C tj@46.75C soc1@44.156C VDD_IN 4193mW/4200mW VDD_CPU_GPU_CV 1036mW/1045mW VDD_SOC 1397mW/1398mW
08-09-2026 23:43:35 RAM 3692/7620MB (lfb 2x4MB) SWAP 2/12002MB (cached 0MB) CPU [2%@1510,2%@1510,0%@1510,2%@1510,0%@1510,2%@1510] GR3D_FREQ 0% cpu@46.937C soc2@45.937C soc0@44.218C gpu@46.031C tj@46.937C soc1@44.25C VDD_IN 4153mW/4199mW VDD_CPU_GPU_CV 996mW/1044mW VDD_SOC 1397mW/1398mW
08-09-2026 23:43:36 RAM 3692/7620MB (lfb 2x4MB) SWAP 2/12002MB (cached 0MB) CPU [2%@1510,2%@1510,1%@1510,2%@1510,0%@1510,2%@1510] GR3D_FREQ 0% cpu@46.625C soc2@45.968C soc0@44.312C gpu@46.125C tj@46.625C soc1@44.312C VDD_IN 4153mW/4199mW VDD_CPU_GPU_CV 1036mW/1044mW VDD_SOC 1397mW/1398mW
08-09-2026 23:43:37 RAM 3692/7620MB (lfb 2x4MB) SWAP 2/12002MB (cached 0MB) CPU [3%@1510,2%@1510,1%@1510,4%@1510,0%@1510,2%@1510] GR3D_FREQ 0% cpu@46.593C soc2@45.937C soc0@44.437C gpu@45.968C tj@46.593C soc1@44.187C VDD_IN 4153mW/4199mW VDD_CPU_GPU_CV 1036mW/1044mW VDD_SOC 1397mW/1398mW
08-09-2026 23:43:38 RAM 3692/7620MB (lfb 2x4MB) SWAP 2/12002MB (cached 0MB) CPU [3%@1510,2%@1510,2%@1510,3%@1510,2%@1510,4%@1510] GR3D_FREQ 0% cpu@46.593C soc2@46.031C soc0@44.312C gpu@46.156C tj@46.593C soc1@44.312C VDD_IN 4153mW/4198mW VDD_CPU_GPU_CV 1036mW/1044mW VDD_SOC 1397mW/1398mW
08-09-2026 23:43:39 RAM 3692/7620MB (lfb 2x4MB) SWAP 2/12002MB (cached 0MB) CPU [2%@1510,3%@1510,3%@1510,2%@1510,1%@1510,2%@1510] GR3D_FREQ 0% cpu@46.687C soc2@45.968C soc0@44.375C gpu@45.875C tj@46.687C soc1@44.125C VDD_IN 4153mW/4198mW VDD_CPU_GPU_CV 1036mW/1044mW VDD_SOC 1397mW/1398mW
08-09-2026 23:43:40 RAM 3692/7620MB (lfb 2x4MB) SWAP 2/12002MB (cached 0MB) CPU [2%@1510,2%@1510,0%@1510,0%@1510,3%@1510,2%@1510] GR3D_FREQ 0% cpu@46.812C soc2@46C soc0@44.218C gpu@46.125C tj@46.593C soc1@44.312C VDD_IN 4153mW/4198mW VDD_CPU_GPU_CV 996mW/1044mW VDD_SOC 1397mW/1398mW
08-09-2026 23:43:41 RAM 3692/7620MB (lfb 2x4MB) SWAP 2/12002MB (cached 0MB) CPU [2%@1510,2%@1510,1%@1510,1%@1510,2%@1510,2%@1510] GR3D_FREQ 0% cpu@46.656C soc2@46C soc0@44.281C gpu@45.906C tj@46.656C soc1@44.156C VDD_IN 4153mW/4197mW VDD_CPU_GPU_CV 996mW/1043mW VDD_SOC 1397mW/1398mW
08-09-2026 23:43:42 RAM 3692/7620MB (lfb 2x4MB) SWAP 2/12002MB (cached 0MB) CPU [3%@1510,2%@1510,1%@1510,2%@1510,0%@1510,3%@1510] GR3D_FREQ 0% cpu@47.062C soc2@45.906C soc0@44.343C gpu@46.187C tj@47.062C soc1@44.187C VDD_IN 4153mW/4197mW VDD_CPU_GPU_CV 996mW/1043mW VDD_SOC 1397mW/1398mW
08-09-2026 23:43:43 RAM 3692/7620MB (lfb 2x4MB) SWAP 2/12002MB (cached 0MB) CPU [1%@1510,3%@1510,2%@1510,5%@1510,1%@1510,4%@1510] GR3D_FREQ 0% cpu@46.625C soc2@46.031C soc0@44.375C gpu@45.906C tj@46.625C soc1@44.343C VDD_IN 4193mW/4197mW VDD_CPU_GPU_CV 1036mW/1043mW VDD_SOC 1397mW/1398mW
08-09-2026 23:43:44 RAM 3692/7620MB (lfb 2x4MB) SWAP 2/12002MB (cached 0MB) CPU [4%@1510,2%@1510,1%@1510,2%@1510,1%@1510,3%@1510] GR3D_FREQ 0% cpu@46.625C soc2@45.937C soc0@44.437C gpu@46.156C tj@46.625C soc1@44.218C VDD_IN 4193mW/4197mW VDD_CPU_GPU_CV 1036mW/1043mW VDD_SOC 1397mW/1398mW
08-09-2026 23:43:45 RAM 3692/7620MB (lfb 2x4MB) SWAP 2/12002MB (cached 0MB) CPU [3%@1510,1%@1510,1%@1510,1%@1510,0%@1510,3%@1510] GR3D_FREQ 0% cpu@46.625C soc2@46C soc0@44.312C gpu@45.968C tj@46.625C soc1@44.281C VDD_IN 4153mW/4196mW VDD_CPU_GPU_CV 1036mW/1043mW VDD_SOC 1397mW/1398mW
08-09-2026 23:43:46 RAM 3692/7620MB (lfb 2x4MB) SWAP 2/12002MB (cached 0MB) CPU [2%@1510,1%@1510,1%@1510,1%@1510,2%@1510,3%@1510] GR3D_FREQ 0% cpu@46.718C soc2@45.875C soc0@44.375C gpu@46.125C tj@46.718C soc1@44.218C VDD_IN 4153mW/4196mW VDD_CPU_GPU_CV 1036mW/1043mW VDD_SOC 1397mW/1398mW
08-09-2026 23:43:47 RAM 3692/7620MB (lfb 2x4MB) SWAP 2/12002MB (cached 0MB) CPU [3%@1510,1%@1510,1%@1510,1%@1510,1%@1510,2%@1510] GR3D_FREQ 0% cpu@46.906C soc2@45.937C soc0@44.281C gpu@45.937C tj@46.906C soc1@44.25C VDD_IN 4153mW/4196mW VDD_CPU_GPU_CV 996mW/1043mW VDD_SOC 1397mW/1398mW
08-09-2026 23:43:48 RAM 3693/7620MB (lfb 2x4MB) SWAP 2/12002MB (cached 0MB) CPU [2%@1510,3%@1510,6%@1510,2%@1510,1%@1510,4%@1510] GR3D_FREQ 0% cpu@46.656C soc2@45.968C soc0@44.281C gpu@46.125C tj@46.656C soc1@44.375C VDD_IN 4193mW/4196mW VDD_CPU_GPU_CV 1036mW/1042mW VDD_SOC 1397mW/1398mW
08-09-2026 23:43:49 RAM 3693/7620MB (lfb 2x4MB) SWAP 2/12002MB (cached 0MB) CPU [2%@1510,3%@1510,1%@1510,2%@1510,1%@1510,3%@1510] GR3D_FREQ 0% cpu@47.031C soc2@45.937C soc0@44.406C gpu@45.937C tj@47.031C soc1@44.218C VDD_IN 4153mW/4195mW VDD_CPU_GPU_CV 1036mW/1042mW VDD_SOC 1397mW/1398mW
08-09-2026 23:43:50 RAM 3693/7620MB (lfb 2x4MB) SWAP 2/12002MB (cached 0MB) CPU [4%@1510,0%@1510,1%@1510,1%@1510,1%@1510,3%@1510] GR3D_FREQ 0% cpu@46.593C soc2@45.968C soc0@44.25C gpu@46C tj@46.593C soc1@44.281C VDD_IN 4153mW/4195mW VDD_CPU_GPU_CV 996mW/1042mW VDD_SOC 1397mW/1398mW
08-09-2026 23:43:51 RAM 3693/7620MB (lfb 2x4MB) SWAP 2/12002MB (cached 0MB) CPU [1%@1510,1%@1510,0%@1510,2%@1510,1%@1510,3%@1510] GR3D_FREQ 0% cpu@46.656C soc2@46C soc0@44.312C gpu@46.156C tj@46.656C soc1@44.281C VDD_IN 4153mW/4195mW VDD_CPU_GPU_CV 996mW/1042mW VDD_SOC 1397mW/1398mW
08-09-2026 23:43:52 RAM 3693/7620MB (lfb 2x4MB) SWAP 2/12002MB (cached 0MB) CPU [2%@1510,1%@1510,0%@1510,2%@1510,1%@1510,3%@1510] GR3D_FREQ 0% cpu@46.875C soc2@45.968C soc0@44.281C gpu@45.968C tj@46.875C soc1@44.187C VDD_IN 4153mW/4195mW VDD_CPU_GPU_CV 996mW/1041mW VDD_SOC 1397mW/1398mW
08-09-2026 23:43:53 RAM 3693/7620MB (lfb 2x4MB) SWAP 2/12002MB (cached 0MB) CPU [1%@1510,2%@1510,3%@1510,5%@1510,5%@1510,4%@1510] GR3D_FREQ 0% cpu@46.718C soc2@46.093C soc0@44.406C gpu@46.25C tj@46.718C soc1@44.406C VDD_IN 4153mW/4194mW VDD_CPU_GPU_CV 1036mW/1041mW VDD_SOC 1397mW/1398mW
08-09-2026 23:43:54 RAM 3693/7620MB (lfb 2x4MB) SWAP 2/12002MB (cached 0MB) CPU [1%@1510,1%@1510,2%@1510,1%@1510,3%@1510,4%@1510] GR3D_FREQ 0% cpu@46.937C soc2@45.906C soc0@44.375C gpu@46C tj@46.937C soc1@44.312C VDD_IN 4153mW/4194mW VDD_CPU_GPU_CV 1036mW/1041mW VDD_SOC 1397mW/1398mW
08-09-2026 23:43:55 RAM 3693/7620MB (lfb 2x4MB) SWAP 2/12002MB (cached 0MB) CPU [4%@1510,2%@1510,1%@1510,2%@1510,1%@1510,3%@1510] GR3D_FREQ 0% cpu@46.625C soc2@46C soc0@44.375C gpu@46.281C tj@46.625C soc1@44.281C VDD_IN 4153mW/4194mW VDD_CPU_GPU_CV 996mW/1041mW VDD_SOC 1397mW/1398mW
08-09-2026 23:43:56 RAM 3693/7620MB (lfb 2x4MB) SWAP 2/12002MB (cached 0MB) CPU [3%@1510,0%@1510,1%@1510,2%@1510,0%@1510,2%@1510] GR3D_FREQ 0% cpu@46.656C soc2@46.062C soc0@44.406C gpu@46C tj@46.656C soc1@44.25C VDD_IN 4153mW/4193mW VDD_CPU_GPU_CV 996mW/1041mW VDD_SOC 1397mW/1398mW
08-09-2026 23:43:57 RAM 3693/7620MB (lfb 2x4MB) SWAP 2/12002MB (cached 0MB) CPU [2%@1510,1%@1510,3%@1510,1%@1510,2%@1510,3%@1510] GR3D_FREQ 0% cpu@46.875C soc2@46C soc0@44.281C gpu@45.968C tj@46.843C soc1@44.312C VDD_IN 4153mW/4193mW VDD_CPU_GPU_CV 1036mW/1041mW VDD_SOC 1397mW/1398mW
08-09-2026 23:43:58 RAM 3693/7620MB (lfb 2x4MB) SWAP 2/12002MB (cached 0MB) CPU [4%@1510,2%@1510,2%@1510,2%@1510,5%@1510,4%@1510] GR3D_FREQ 0% cpu@46.718C soc2@46.125C soc0@44.343C gpu@46.281C tj@46.718C soc1@44.375C VDD_IN 4153mW/4193mW VDD_CPU_GPU_CV 1036mW/1041mW VDD_SOC 1397mW/1398mW
08-09-2026 23:43:59 RAM 3693/7620MB (lfb 2x4MB) SWAP 2/12002MB (cached 0MB) CPU [2%@1510,1%@1510,2%@1510,1%@1510,3%@1510,3%@1510] GR3D_FREQ 0% cpu@46.906C soc2@46C soc0@44.468C gpu@46.031C tj@46.906C soc1@44.281C VDD_IN 4153mW/4193mW VDD_CPU_GPU_CV 1036mW/1041mW VDD_SOC 1397mW/1398mW
08-09-2026 23:44:00 RAM 3692/7620MB (lfb 2x4MB) SWAP 2/12002MB (cached 0MB) CPU [3%@1510,1%@1510,1%@1510,0%@1510,3%@1510,3%@1510] GR3D_FREQ 0% cpu@46.781C soc2@46.062C soc0@44.343C gpu@46.281C tj@46.781C soc1@44.25C VDD_IN 4153mW/4192mW VDD_CPU_GPU_CV 996mW/1040mW VDD_SOC 1397mW/1398mW
08-09-2026 23:44:01 RAM 3692/7620MB (lfb 2x4MB) SWAP 2/12002MB (cached 0MB) CPU [2%@1510,0%@1510,0%@1510,2%@1510,1%@1510,3%@1510] GR3D_FREQ 0% cpu@46.625C soc2@46.031C soc0@44.375C gpu@46.062C tj@46.625C soc1@44.406C VDD_IN 4153mW/4192mW VDD_CPU_GPU_CV 996mW/1040mW VDD_SOC 1397mW/1398mW
08-09-2026 23:44:02 RAM 3692/7620MB (lfb 2x4MB) SWAP 2/12002MB (cached 0MB) CPU [1%@1510,3%@1510,1%@1510,1%@1510,2%@1510,3%@1510] GR3D_FREQ 0% cpu@46.718C soc2@46C soc0@44.343C gpu@46.343C tj@46.718C soc1@44.312C VDD_IN 4193mW/4192mW VDD_CPU_GPU_CV 1036mW/1040mW VDD_SOC 1397mW/1398mW
08-09-2026 23:44:03 RAM 3692/7620MB (lfb 2x4MB) SWAP 2/12002MB (cached 0MB) CPU [2%@1510,1%@1510,5%@1510,3%@1510,1%@1510,3%@1510] GR3D_FREQ 0% cpu@46.687C soc2@46.031C soc0@44.375C gpu@46C tj@46.687C soc1@44.406C VDD_IN 4153mW/4192mW VDD_CPU_GPU_CV 1036mW/1040mW VDD_SOC 1397mW/1398mW
08-09-2026 23:44:04 RAM 3693/7620MB (lfb 2x4MB) SWAP 2/12002MB (cached 0MB) CPU [2%@1510,2%@1510,2%@1510,1%@1510,1%@1510,3%@1510] GR3D_FREQ 0% cpu@46.812C soc2@45.968C soc0@44.437C gpu@46C tj@46.812C soc1@44.218C VDD_IN 4153mW/4191mW VDD_CPU_GPU_CV 1036mW/1040mW VDD_SOC 1397mW/1398mW
08-09-2026 23:44:06 RAM 3693/7620MB (lfb 2x4MB) SWAP 2/12002MB (cached 0MB) CPU [1%@1510,1%@1510,1%@1510,1%@1510,4%@1510,2%@1510] GR3D_FREQ 0% cpu@46.625C soc2@46.031C soc0@44.218C gpu@46.25C tj@46.625C soc1@44.343C VDD_IN 4153mW/4191mW VDD_CPU_GPU_CV 996mW/1040mW VDD_SOC 1397mW/1398mW
08-09-2026 23:44:07 RAM 3693/7620MB (lfb 2x4MB) SWAP 2/12002MB (cached 0MB) CPU [2%@1510,1%@1510,2%@1510,2%@1510,2%@1510,3%@1510] GR3D_FREQ 0% cpu@46.718C soc2@46.031C soc0@44.375C gpu@45.937C tj@46.718C soc1@44.375C VDD_IN 4153mW/4191mW VDD_CPU_GPU_CV 1036mW/1040mW VDD_SOC 1397mW/1398mW
08-09-2026 23:44:08 RAM 3693/7620MB (lfb 2x4MB) SWAP 2/12002MB (cached 0MB) CPU [1%@1510,1%@1510,1%@1510,3%@1510,3%@1510,3%@1510] GR3D_FREQ 0% cpu@46.781C soc2@46.031C soc0@44.406C gpu@46C tj@46.781C soc1@44.25C VDD_IN 4153mW/4191mW VDD_CPU_GPU_CV 996mW/1039mW VDD_SOC 1397mW/1398mW
08-09-2026 23:44:09 RAM 3693/7620MB (lfb 2x4MB) SWAP 2/12002MB (cached 0MB) CPU [3%@1510,1%@1510,2%@1510,2%@1510,6%@1510,4%@1510] GR3D_FREQ 0% cpu@47.031C soc2@46.031C soc0@44.343C gpu@46.281C tj@47.031C soc1@44.25C VDD_IN 4153mW/4190mW VDD_CPU_GPU_CV 1036mW/1039mW VDD_SOC 1397mW/1398mW
08-09-2026 23:44:10 RAM 3693/7620MB (lfb 2x4MB) SWAP 2/12002MB (cached 0MB) CPU [2%@1510,1%@1510,3%@1510,1%@1510,2%@1510,3%@1510] GR3D_FREQ 0% cpu@46.625C soc2@46C soc0@44.343C gpu@45.968C tj@46.625C soc1@44.375C VDD_IN 4153mW/4190mW VDD_CPU_GPU_CV 996mW/1039mW VDD_SOC 1397mW/1398mW
08-09-2026 23:44:11 RAM 3693/7620MB (lfb 2x4MB) SWAP 2/12002MB (cached 0MB) CPU [1%@1510,2%@1510,3%@1510,1%@1510,1%@1510,4%@1510] GR3D_FREQ 0% cpu@46.562C soc2@45.968C soc0@44.406C gpu@46.343C tj@46.562C soc1@44.093C VDD_IN 4153mW/4190mW VDD_CPU_GPU_CV 996mW/1039mW VDD_SOC 1397mW/1398mW
08-09-2026 23:44:12 RAM 3693/7620MB (lfb 2x4MB) SWAP 2/12002MB (cached 0MB) CPU [3%@1510,2%@1510,1%@1510,1%@1510,1%@1510,3%@1510] GR3D_FREQ 0% cpu@46.843C soc2@46C soc0@44.312C gpu@46.281C tj@46.843C soc1@44.281C VDD_IN 4153mW/4190mW VDD_CPU_GPU_CV 996mW/1038mW VDD_SOC 1397mW/1398mW
08-09-2026 23:44:13 RAM 3693/7620MB (lfb 2x4MB) SWAP 2/12002MB (cached 0MB) CPU [3%@1510,0%@1510,0%@1510,2%@1510,2%@1510,4%@1510] GR3D_FREQ 0% cpu@46.75C soc2@46C soc0@44.312C gpu@46C tj@46.75C soc1@44.468C VDD_IN 4153mW/4190mW VDD_CPU_GPU_CV 996mW/1038mW VDD_SOC 1397mW/1398mW
08-09-2026 23:44:14 RAM 3693/7620MB (lfb 2x4MB) SWAP 2/12002MB (cached 0MB) CPU [4%@1510,2%@1510,2%@1510,5%@1510,4%@1510,4%@1510] GR3D_FREQ 0% cpu@46.968C soc2@46.031C soc0@44.406C gpu@46.343C tj@46.968C soc1@44.312C VDD_IN 4193mW/4190mW VDD_CPU_GPU_CV 1036mW/1038mW VDD_SOC 1397mW/1398mW
08-09-2026 23:44:15 RAM 3693/7620MB (lfb 2x4MB) SWAP 2/12002MB (cached 0MB) CPU [4%@1510,1%@1510,1%@1510,3%@1510,2%@1510,3%@1510] GR3D_FREQ 0% cpu@46.625C soc2@46C soc0@44.312C gpu@46.312C tj@46.625C soc1@44.281C VDD_IN 4193mW/4190mW VDD_CPU_GPU_CV 1036mW/1038mW VDD_SOC 1397mW/1398mW
08-09-2026 23:44:16 RAM 3693/7620MB (lfb 2x4MB) SWAP 2/12002MB (cached 0MB) CPU [4%@1510,1%@1510,1%@1510,2%@1510,1%@1510,2%@1510] GR3D_FREQ 0% cpu@46.687C soc2@46C soc0@44.375C gpu@46C tj@46.687C soc1@44.375C VDD_IN 4153mW/4189mW VDD_CPU_GPU_CV 1036mW/1038mW VDD_SOC 1397mW/1398mW
08-09-2026 23:44:17 RAM 3693/7620MB (lfb 2x4MB) SWAP 2/12002MB (cached 0MB) CPU [1%@1510,1%@1510,2%@1510,2%@1510,0%@1510,4%@1510] GR3D_FREQ 0% cpu@46.906C soc2@45.968C soc0@44.437C gpu@46.062C tj@46.906C soc1@44.281C VDD_IN 4153mW/4189mW VDD_CPU_GPU_CV 1036mW/1038mW VDD_SOC 1397mW/1398mW
08-09-2026 23:44:18 RAM 3693/7620MB (lfb 2x4MB) SWAP 2/12002MB (cached 0MB) CPU [2%@1510,1%@1510,2%@1510,2%@1510,0%@1510,2%@1510] GR3D_FREQ 0% cpu@46.75C soc2@46.062C soc0@44.25C gpu@46.375C tj@46.75C soc1@44.281C VDD_IN 4233mW/4189mW VDD_CPU_GPU_CV 1076mW/1038mW VDD_SOC 1397mW/1398mW
08-09-2026 23:44:19 RAM 3693/7620MB (lfb 2x4MB) SWAP 2/12002MB (cached 0MB) CPU [3%@1510,1%@1510,1%@1510,2%@1510,5%@1510,4%@1510] GR3D_FREQ 0% cpu@46.687C soc2@46C soc0@44.406C gpu@46.437C tj@46.687C soc1@44.375C VDD_IN 4153mW/4189mW VDD_CPU_GPU_CV 1036mW/1038mW VDD_SOC 1397mW/1398mW
08-09-2026 23:44:20 RAM 3694/7620MB (lfb 2x4MB) SWAP 2/12002MB (cached 0MB) CPU [3%@1510,0%@1510,1%@1510,3%@1510,2%@1510,3%@1510] GR3D_FREQ 0% cpu@46.75C soc2@46.031C soc0@44.343C gpu@46.406C tj@46.75C soc1@44.375C VDD_IN 4153mW/4189mW VDD_CPU_GPU_CV 1036mW/1038mW VDD_SOC 1397mW/1398mW
08-09-2026 23:44:21 RAM 3694/7620MB (lfb 2x4MB) SWAP 2/12002MB (cached 0MB) CPU [3%@1510,1%@1510,1%@1510,1%@1510,2%@1510,2%@1510] GR3D_FREQ 0% cpu@46.968C soc2@46.062C soc0@44.5C gpu@46.125C tj@46.968C soc1@44.218C VDD_IN 4153mW/4189mW VDD_CPU_GPU_CV 996mW/1038mW VDD_SOC 1397mW/1398mW
08-09-2026 23:44:22 RAM 3694/7620MB (lfb 2x4MB) SWAP 2/12002MB (cached 0MB) CPU [3%@1510,1%@1510,1%@1510,1%@1510,1%@1510,3%@1510] GR3D_FREQ 0% cpu@46.843C soc2@46.031C soc0@44.375C gpu@46C tj@46.812C soc1@44.25C VDD_IN 4153mW/4189mW VDD_CPU_GPU_CV 996mW/1038mW VDD_SOC 1397mW/1398mW
08-09-2026 23:44:23 RAM 3695/7620MB (lfb 2x4MB) SWAP 2/12002MB (cached 0MB) CPU [1%@1510,2%@1510,1%@1510,5%@1510,2%@1510,4%@1510] GR3D_FREQ 0% cpu@46.625C soc2@46.062C soc0@44.25C gpu@46.031C tj@46.625C soc1@44.281C VDD_IN 4233mW/4189mW VDD_CPU_GPU_CV 1076mW/1038mW VDD_SOC 1397mW/1398mW
08-09-2026 23:44:24 RAM 3696/7620MB (lfb 2x4MB) SWAP 2/12002MB (cached 0MB) CPU [5%@1510,1%@1510,2%@1510,2%@1510,3%@1510,4%@1510] GR3D_FREQ 0% cpu@46.718C soc2@46.062C soc0@44.406C gpu@46.125C tj@46.718C soc1@44.375C VDD_IN 4193mW/4189mW VDD_CPU_GPU_CV 1036mW/1038mW VDD_SOC 1397mW/1398mW
08-09-2026 23:44:25 RAM 3696/7620MB (lfb 2x4MB) SWAP 2/12002MB (cached 0MB) CPU [0%@1510,1%@1510,2%@1510,4%@1510,1%@1510,3%@1510] GR3D_FREQ 0% cpu@46.781C soc2@46.062C soc0@44.406C gpu@45.906C tj@46.781C soc1@44.156C VDD_IN 4153mW/4189mW VDD_CPU_GPU_CV 1036mW/1038mW VDD_SOC 1397mW/1398mW
08-09-2026 23:44:26 RAM 3696/7620MB (lfb 2x4MB) SWAP 2/12002MB (cached 0MB) CPU [2%@1510,0%@1510,2%@1510,2%@1510,1%@1510,3%@1510] GR3D_FREQ 0% cpu@46.968C soc2@46.125C soc0@44.406C gpu@45.968C tj@46.968C soc1@44.218C VDD_IN 4153mW/4188mW VDD_CPU_GPU_CV 1036mW/1038mW VDD_SOC 1397mW/1398mW
08-09-2026 23:44:27 RAM 3696/7620MB (lfb 2x4MB) SWAP 2/12002MB (cached 0MB) CPU [3%@1510,0%@1510,2%@1510,2%@1510,1%@1510,3%@1510] GR3D_FREQ 0% cpu@46.656C soc2@45.968C soc0@44.312C gpu@45.875C tj@46.656C soc1@44.343C VDD_IN 4153mW/4188mW VDD_CPU_GPU_CV 996mW/1038mW VDD_SOC 1397mW/1398mW
08-09-2026 23:44:28 RAM 3696/7620MB (lfb 2x4MB) SWAP 2/12002MB (cached 0MB) CPU [2%@1510,2%@1510,4%@1510,2%@1510,4%@1510,5%@1510] GR3D_FREQ 0% cpu@46.75C soc2@46.062C soc0@44.375C gpu@45.906C tj@46.75C soc1@44.343C VDD_IN 4233mW/4188mW VDD_CPU_GPU_CV 1076mW/1038mW VDD_SOC 1397mW/1398mW
08-09-2026 23:44:29 RAM 3696/7620MB (lfb 2x4MB) SWAP 2/12002MB (cached 0MB) CPU [2%@1510,0%@1510,2%@1510,2%@1510,3%@1510,4%@1510] GR3D_FREQ 0% cpu@46.687C soc2@46C soc0@44.437C gpu@46.125C tj@46.875C soc1@44.25C VDD_IN 4193mW/4188mW VDD_CPU_GPU_CV 1036mW/1038mW VDD_SOC 1397mW/1398mW
08-09-2026 23:44:30 RAM 3696/7620MB (lfb 2x4MB) SWAP 2/12002MB (cached 0MB) CPU [3%@1510,1%@1510,3%@1510,0%@1510,1%@1510,3%@1510] GR3D_FREQ 0% cpu@46.75C soc2@46.031C soc0@44.562C gpu@46.187C tj@46.75C soc1@44.25C VDD_IN 4153mW/4188mW VDD_CPU_GPU_CV 996mW/1038mW VDD_SOC 1397mW/1398mW
08-09-2026 23:44:31 RAM 3696/7620MB (lfb 2x4MB) SWAP 2/12002MB (cached 0MB) CPU [2%@1510,1%@1510,2%@1510,2%@1510,2%@1510,3%@1510] GR3D_FREQ 0% cpu@47.062C soc2@46.031C soc0@44.343C gpu@46.156C tj@47.062C soc1@44.343C VDD_IN 4153mW/4188mW VDD_CPU_GPU_CV 1036mW/1038mW VDD_SOC 1397mW/1398mW
08-09-2026 23:44:32 RAM 3696/7620MB (lfb 2x4MB) SWAP 2/12002MB (cached 0MB) CPU [2%@1510,0%@1510,2%@1510,1%@1510,2%@1510,4%@1510] GR3D_FREQ 0% cpu@46.687C soc2@45.968C soc0@44.343C gpu@46.218C tj@46.687C soc1@44.312C VDD_IN 4153mW/4188mW VDD_CPU_GPU_CV 996mW/1037mW VDD_SOC 1397mW/1398mW
08-09-2026 23:44:33 RAM 3696/7620MB (lfb 2x4MB) SWAP 2/12002MB (cached 0MB) CPU [4%@1510,1%@1510,2%@1510,4%@1510,6%@1510,4%@1510] GR3D_FREQ 0% cpu@46.781C soc2@46.062C soc0@44.375C gpu@46.031C tj@46.781C soc1@44.437C VDD_IN 4233mW/4188mW VDD_CPU_GPU_CV 1076mW/1038mW VDD_SOC 1397mW/1398mW
08-09-2026 23:44:34 RAM 3696/7620MB (lfb 2x4MB) SWAP 2/12002MB (cached 0MB) CPU [2%@1510,2%@1510,1%@1510,2%@1510,2%@1510,4%@1510] GR3D_FREQ 0% cpu@46.843C soc2@46.093C soc0@44.375C gpu@46.031C tj@46.843C soc1@44.25C VDD_IN 4193mW/4188mW VDD_CPU_GPU_CV 1036mW/1038mW VDD_SOC 1397mW/1398mW
08-09-2026 23:44:35 RAM 3696/7620MB (lfb 2x4MB) SWAP 2/12002MB (cached 0MB) CPU [1%@1510,1%@1510,2%@1510,2%@1510,2%@1510,2%@1510] GR3D_FREQ 0% cpu@46.843C soc2@45.906C soc0@44.437C gpu@45.937C tj@46.843C soc1@44.343C VDD_IN 4153mW/4188mW VDD_CPU_GPU_CV 996mW/1037mW VDD_SOC 1397mW/1398mW
08-09-2026 23:44:36 RAM 3696/7620MB (lfb 2x4MB) SWAP 2/12002MB (cached 0MB) CPU [1%@1510,0%@1510,2%@1510,3%@1510,2%@1510,3%@1510] GR3D_FREQ 0% cpu@46.968C soc2@46C soc0@44.281C gpu@46C tj@46.968C soc1@44.312C VDD_IN 4153mW/4188mW VDD_CPU_GPU_CV 1036mW/1037mW VDD_SOC 1397mW/1398mW
08-09-2026 23:44:37 RAM 3696/7620MB (lfb 2x4MB) SWAP 2/12002MB (cached 0MB) CPU [1%@1510,1%@1510,2%@1510,1%@1510,1%@1510,3%@1510] GR3D_FREQ 0% cpu@46.625C soc2@46C soc0@44.375C gpu@45.906C tj@46.625C soc1@44.281C VDD_IN 4153mW/4188mW VDD_CPU_GPU_CV 996mW/1037mW VDD_SOC 1397mW/1398mW
08-09-2026 23:44:38 RAM 3696/7620MB (lfb 2x4MB) SWAP 2/12002MB (cached 0MB) CPU [2%@1510,1%@1510,4%@1510,5%@1510,1%@1510,4%@1510] GR3D_FREQ 0% cpu@46.75C soc2@46C soc0@44.312C gpu@46.062C tj@46.75C soc1@44.375C VDD_IN 4233mW/4188mW VDD_CPU_GPU_CV 1076mW/1037mW VDD_SOC 1397mW/1398mW
08-09-2026 23:44:39 RAM 3696/7620MB (lfb 2x4MB) SWAP 2/12002MB (cached 0MB) CPU [3%@1510,1%@1510,2%@1510,1%@1510,2%@1510,2%@1510] GR3D_FREQ 0% cpu@46.875C soc2@46C soc0@44.406C gpu@46C tj@46.875C soc1@44.437C VDD_IN 4233mW/4188mW VDD_CPU_GPU_CV 1036mW/1037mW VDD_SOC 1397mW/1398mW
08-09-2026 23:44:40 RAM 3696/7620MB (lfb 2x4MB) SWAP 2/12002MB (cached 0MB) CPU [2%@1510,2%@1510,0%@1510,1%@1510,3%@1510,3%@1510] GR3D_FREQ 0% cpu@46.656C soc2@45.906C soc0@44.375C gpu@46C tj@46.656C soc1@44.25C VDD_IN 4153mW/4188mW VDD_CPU_GPU_CV 996mW/1037mW VDD_SOC 1397mW/1398mW
08-09-2026 23:44:41 RAM 3696/7620MB (lfb 2x4MB) SWAP 2/12002MB (cached 0MB) CPU [3%@1510,1%@1510,2%@1510,1%@1510,0%@1510,2%@1510] GR3D_FREQ 0% cpu@46.843C soc2@45.906C soc0@44.312C gpu@46.218C tj@46.843C soc1@44.218C VDD_IN 4153mW/4188mW VDD_CPU_GPU_CV 996mW/1037mW VDD_SOC 1397mW/1398mW
08-09-2026 23:44:42 RAM 3696/7620MB (lfb 2x4MB) SWAP 2/12002MB (cached 0MB) CPU [2%@1510,2%@1510,1%@1510,1%@1510,1%@1510,4%@1510] GR3D_FREQ 0% cpu@46.562C soc2@45.968C soc0@44.25C gpu@46.343C tj@46.562C soc1@44.25C VDD_IN 4153mW/4187mW VDD_CPU_GPU_CV 996mW/1037mW VDD_SOC 1397mW/1398mW
08-09-2026 23:44:43 RAM 3696/7620MB (lfb 2x4MB) SWAP 2/12002MB (cached 0MB) CPU [12%@1510,9%@1510,9%@1510,2%@1510,10%@1510,10%@1510] GR3D_FREQ 0% cpu@46.625C soc2@45.968C soc0@44.312C gpu@46.281C tj@46.625C soc1@44.281C VDD_IN 4313mW/4188mW VDD_CPU_GPU_CV 1116mW/1037mW VDD_SOC 1395mW/1398mW
08-09-2026 23:44:44 RAM 3696/7620MB (lfb 2x4MB) SWAP 2/12002MB (cached 0MB) CPU [4%@1510,3%@1510,2%@1510,2%@1510,1%@1510,3%@1510] GR3D_FREQ 0% cpu@46.593C soc2@46.062C soc0@44.343C gpu@46.375C tj@46.812C soc1@44.437C VDD_IN 4193mW/4188mW VDD_CPU_GPU_CV 1036mW/1037mW VDD_SOC 1397mW/1398mW
08-09-2026 23:44:45 RAM 3696/7620MB (lfb 2x4MB) SWAP 2/12002MB (cached 0MB) CPU [2%@1510,3%@1510,2%@1510,0%@1510,1%@1510,4%@1510] GR3D_FREQ 0% cpu@46.75C soc2@45.968C soc0@44.406C gpu@46.343C tj@46.75C soc1@44.218C VDD_IN 4153mW/4188mW VDD_CPU_GPU_CV 996mW/1037mW VDD_SOC 1397mW/1398mW
08-09-2026 23:44:46 RAM 3696/7620MB (lfb 2x4MB) SWAP 2/12002MB (cached 0MB) CPU [1%@1510,1%@1510,4%@1510,1%@1510,0%@1510,3%@1510] GR3D_FREQ 0% cpu@46.781C soc2@45.875C soc0@44.218C gpu@45.906C tj@46.781C soc1@44.218C VDD_IN 4153mW/4188mW VDD_CPU_GPU_CV 996mW/1037mW VDD_SOC 1397mW/1398mW
08-09-2026 23:44:47 RAM 3696/7620MB (lfb 2x4MB) SWAP 2/12002MB (cached 0MB) CPU [2%@1510,1%@1510,1%@1510,0%@1510,2%@1510,2%@1510] GR3D_FREQ 0% cpu@46.5C soc2@46C soc0@44.281C gpu@45.875C tj@46.5C soc1@44.187C VDD_IN 4153mW/4188mW VDD_CPU_GPU_CV 996mW/1036mW VDD_SOC 1397mW/1398mW
08-09-2026 23:44:48 RAM 3697/7620MB (lfb 2x4MB) SWAP 2/12002MB (cached 0MB) CPU [2%@1510,1%@1510,2%@1510,4%@1510,4%@1510,5%@1510] GR3D_FREQ 0% cpu@46.562C soc2@45.937C soc0@44.375C gpu@45.906C tj@46.562C soc1@44.218C VDD_IN 4233mW/4188mW VDD_CPU_GPU_CV 1036mW/1036mW VDD_SOC 1397mW/1398mW
08-09-2026 23:44:49 RAM 3697/7620MB (lfb 2x4MB) SWAP 2/12002MB (cached 0MB) CPU [2%@1510,1%@1510,3%@1510,0%@1510,1%@1510,3%@1510] GR3D_FREQ 0% cpu@46.562C soc2@45.937C soc0@44.343C gpu@46.031C tj@46.562C soc1@44.25C VDD_IN 4193mW/4188mW VDD_CPU_GPU_CV 1036mW/1036mW VDD_SOC 1397mW/1398mW
08-09-2026 23:44:50 RAM 3697/7620MB (lfb 2x4MB) SWAP 2/12002MB (cached 0MB) CPU [3%@1510,1%@1510,3%@1510,1%@1510,1%@1510,3%@1510] GR3D_FREQ 0% cpu@46.593C soc2@45.937C soc0@44.281C gpu@46.031C tj@46.593C soc1@44.187C VDD_IN 4153mW/4188mW VDD_CPU_GPU_CV 996mW/1036mW VDD_SOC 1397mW/1398mW
08-09-2026 23:44:51 RAM 3697/7620MB (lfb 2x4MB) SWAP 2/12002MB (cached 0MB) CPU [1%@1510,2%@1510,2%@1510,2%@1510,1%@1510,4%@1510] GR3D_FREQ 0% cpu@46.843C soc2@45.875C soc0@44.25C gpu@46C tj@46.843C soc1@44.187C VDD_IN 4153mW/4187mW VDD_CPU_GPU_CV 996mW/1036mW VDD_SOC 1397mW/1398mW
08-09-2026 23:44:52 RAM 3697/7620MB (lfb 2x4MB) SWAP 2/12002MB (cached 0MB) CPU [2%@1510,1%@1510,3%@1510,1%@1510,3%@1510,3%@1510] GR3D_FREQ 0% cpu@46.718C soc2@45.906C soc0@44.187C gpu@45.968C tj@46.531C soc1@44.156C VDD_IN 4153mW/4187mW VDD_CPU_GPU_CV 996mW/1036mW VDD_SOC 1397mW/1398mW
08-09-2026 23:44:53 RAM 3697/7620MB (lfb 2x4MB) SWAP 2/12002MB (cached 0MB) CPU [2%@1510,1%@1510,5%@1510,2%@1510,1%@1510,4%@1510] GR3D_FREQ 0% cpu@46.406C soc2@45.906C soc0@44.218C gpu@46.031C tj@46.593C soc1@44.343C VDD_IN 4193mW/4187mW VDD_CPU_GPU_CV 1036mW/1036mW VDD_SOC 1397mW/1398mW
08-09-2026 23:44:54 RAM 3697/7620MB (lfb 2x4MB) SWAP 2/12002MB (cached 0MB) CPU [4%@1510,2%@1510,1%@1510,2%@1510,1%@1510,4%@1510] GR3D_FREQ 0% cpu@46.437C soc2@45.906C soc0@44.218C gpu@46.062C tj@46.437C soc1@44.281C VDD_IN 4193mW/4187mW VDD_CPU_GPU_CV 1036mW/1036mW VDD_SOC 1397mW/1398mW
08-09-2026 23:44:55 RAM 3697/7620MB (lfb 2x4MB) SWAP 2/12002MB (cached 0MB) CPU [2%@1510,2%@1510,1%@1510,1%@1510,1%@1510,3%@1510] GR3D_FREQ 0% cpu@46.531C soc2@45.968C soc0@44.375C gpu@46.093C tj@46.531C soc1@44.343C VDD_IN 4153mW/4187mW VDD_CPU_GPU_CV 996mW/1036mW VDD_SOC 1397mW/1398mW
08-09-2026 23:44:56 RAM 3697/7620MB (lfb 2x4MB) SWAP 2/12002MB (cached 0MB) CPU [3%@1510,2%@1510,2%@1510,0%@1510,3%@1510,3%@1510] GR3D_FREQ 0% cpu@46.812C soc2@45.843C soc0@44.375C gpu@46.093C tj@46.812C soc1@44.187C VDD_IN 4153mW/4187mW VDD_CPU_GPU_CV 1036mW/1036mW VDD_SOC 1397mW/1398mW
08-09-2026 23:44:57 RAM 3697/7620MB (lfb 2x4MB) SWAP 2/12002MB (cached 0MB) CPU [4%@1510,0%@1510,1%@1510,0%@1510,2%@1510,3%@1510] GR3D_FREQ 0% cpu@46.625C soc2@45.812C soc0@44.156C gpu@46.031C tj@46.625C soc1@44.156C VDD_IN 4153mW/4187mW VDD_CPU_GPU_CV 996mW/1035mW VDD_SOC 1397mW/1398mW
08-09-2026 23:44:58 RAM 3697/7620MB (lfb 2x4MB) SWAP 2/12002MB (cached 0MB) CPU [3%@1510,2%@1510,3%@1510,4%@1510,2%@1510,4%@1510] GR3D_FREQ 0% cpu@46.968C soc2@45.937C soc0@44.25C gpu@45.875C tj@46.968C soc1@44.281C VDD_IN 4233mW/4187mW VDD_CPU_GPU_CV 1036mW/1035mW VDD_SOC 1397mW/1398mW
08-09-2026 23:44:59 RAM 3697/7620MB (lfb 2x4MB) SWAP 2/12002MB (cached 0MB) CPU [3%@1510,2%@1510,1%@1510,1%@1510,1%@1510,4%@1510] GR3D_FREQ 0% cpu@46.5C soc2@45.875C soc0@44.187C gpu@45.906C tj@46.5C soc1@44.312C VDD_IN 4193mW/4187mW VDD_CPU_GPU_CV 1036mW/1035mW VDD_SOC 1397mW/1398mW
08-09-2026 23:45:00 RAM 3697/7620MB (lfb 2x4MB) SWAP 2/12002MB (cached 0MB) CPU [4%@1510,1%@1510,1%@1510,1%@1510,2%@1510,2%@1510] GR3D_FREQ 0% cpu@46.625C soc2@45.968C soc0@44.312C gpu@45.875C tj@46.625C soc1@44.312C VDD_IN 4193mW/4187mW VDD_CPU_GPU_CV 1036mW/1035mW VDD_SOC 1397mW/1398mW
08-09-2026 23:45:01 RAM 3697/7620MB (lfb 2x4MB) SWAP 2/12002MB (cached 0MB) CPU [4%@1510,0%@1510,2%@1510,0%@1510,1%@1510,3%@1510] GR3D_FREQ 0% cpu@46.843C soc2@45.906C soc0@44.437C gpu@45.937C tj@46.843C soc1@44.093C VDD_IN 4153mW/4187mW VDD_CPU_GPU_CV 1036mW/1035mW VDD_SOC 1397mW/1398mW
08-09-2026 23:45:02 RAM 3697/7620MB (lfb 2x4MB) SWAP 2/12002MB (cached 0MB) CPU [4%@1510,1%@1510,1%@1510,1%@1510,1%@1510,2%@1510] GR3D_FREQ 0% cpu@46.5C soc2@45.875C soc0@44.25C gpu@46.156C tj@46.5C soc1@44.156C VDD_IN 4153mW/4187mW VDD_CPU_GPU_CV 1036mW/1035mW VDD_SOC 1397mW/1398mW
08-09-2026 23:45:03 RAM 3697/7620MB (lfb 2x4MB) SWAP 2/12002MB (cached 0MB) CPU [4%@1510,4%@1510,2%@1510,3%@1510,2%@1510,4%@1510] GR3D_FREQ 0% cpu@46.593C soc2@45.937C soc0@44.25C gpu@46.156C tj@46.593C soc1@44.187C VDD_IN 4233mW/4187mW VDD_CPU_GPU_CV 1036mW/1035mW VDD_SOC 1397mW/1398mW
08-09-2026 23:45:04 RAM 3697/7620MB (lfb 2x4MB) SWAP 2/12002MB (cached 0MB) CPU [2%@1510,2%@1510,2%@1510,1%@1510,1%@1510,4%@1510] GR3D_FREQ 0% cpu@46.812C soc2@45.968C soc0@44.281C gpu@45.937C tj@46.812C soc1@44.125C VDD_IN 4193mW/4187mW VDD_CPU_GPU_CV 1036mW/1035mW VDD_SOC 1397mW/1398mW
08-09-2026 23:45:05 RAM 3697/7620MB (lfb 2x4MB) SWAP 2/12002MB (cached 0MB) CPU [3%@1510,0%@1510,1%@1510,1%@1510,2%@1510,3%@1510] GR3D_FREQ 0% cpu@46.468C soc2@45.875C soc0@44.218C gpu@45.968C tj@46.468C soc1@44.218C VDD_IN 4153mW/4187mW VDD_CPU_GPU_CV 1036mW/1035mW VDD_SOC 1397mW/1398mW
08-09-2026 23:45:06 RAM 3697/7620MB (lfb 2x4MB) SWAP 2/12002MB (cached 0MB) CPU [2%@1510,1%@1510,2%@1510,2%@1510,0%@1510,3%@1510] GR3D_FREQ 0% cpu@46.437C soc2@45.875C soc0@44.218C gpu@46.218C tj@46.437C soc1@44.218C VDD_IN 4153mW/4187mW VDD_CPU_GPU_CV 996mW/1035mW VDD_SOC 1397mW/1398mW
08-09-2026 23:45:07 RAM 3697/7620MB (lfb 2x4MB) SWAP 2/12002MB (cached 0MB) CPU [2%@1510,0%@1510,2%@1510,2%@1510,0%@1510,3%@1510] GR3D_FREQ 0% cpu@46.625C soc2@45.875C soc0@44.375C gpu@45.937C tj@46.625C soc1@44.187C VDD_IN 4153mW/4187mW VDD_CPU_GPU_CV 996mW/1035mW VDD_SOC 1397mW/1398mW
08-09-2026 23:45:08 RAM 3696/7620MB (lfb 2x4MB) SWAP 2/12002MB (cached 0MB) CPU [3%@1510,2%@1510,2%@1510,2%@1510,5%@1510,4%@1510] GR3D_FREQ 0% cpu@46.843C soc2@45.875C soc0@44.25C gpu@45.906C tj@46.843C soc1@44.187C VDD_IN 4233mW/4187mW VDD_CPU_GPU_CV 1036mW/1035mW VDD_SOC 1397mW/1398mW
08-09-2026 23:45:09 RAM 3696/7620MB (lfb 2x4MB) SWAP 2/12002MB (cached 0MB) CPU [3%@1510,2%@1510,2%@1510,1%@1510,2%@1510,3%@1510] GR3D_FREQ 0% cpu@46.531C soc2@45.968C soc0@44.125C gpu@45.906C tj@46.531C soc1@44.25C VDD_IN 4193mW/4187mW VDD_CPU_GPU_CV 1036mW/1035mW VDD_SOC 1397mW/1398mW
08-09-2026 23:45:10 RAM 3696/7620MB (lfb 2x4MB) SWAP 2/12002MB (cached 0MB) CPU [2%@1510,1%@1510,2%@1510,2%@1510,3%@1510,3%@1510] GR3D_FREQ 0% cpu@46.5C soc2@45.875C soc0@44.281C gpu@45.875C tj@46.5C soc1@44.187C VDD_IN 4153mW/4187mW VDD_CPU_GPU_CV 1036mW/1035mW VDD_SOC 1397mW/1398mW
08-09-2026 23:45:11 RAM 3696/7620MB (lfb 2x4MB) SWAP 2/12002MB (cached 0MB) CPU [2%@1510,1%@1510,1%@1510,1%@1510,2%@1510,3%@1510] GR3D_FREQ 0% cpu@46.468C soc2@45.937C soc0@44.25C gpu@45.968C tj@46.468C soc1@44.281C VDD_IN 4153mW/4186mW VDD_CPU_GPU_CV 996mW/1035mW VDD_SOC 1397mW/1398mW
08-09-2026 23:45:12 RAM 3696/7620MB (lfb 2x4MB) SWAP 2/12002MB (cached 0MB) CPU [2%@1510,2%@1510,2%@1510,2%@1510,2%@1510,3%@1510] GR3D_FREQ 0% cpu@46.593C soc2@45.875C soc0@44.312C gpu@45.937C tj@46.593C soc1@44.125C VDD_IN 4193mW/4187mW VDD_CPU_GPU_CV 996mW/1035mW VDD_SOC 1397mW/1398mW
08-09-2026 23:45:13 RAM 3696/7620MB (lfb 2x4MB) SWAP 2/12002MB (cached 0MB) CPU [3%@1510,1%@1510,4%@1510,2%@1510,3%@1510,4%@1510] GR3D_FREQ 0% cpu@46.812C soc2@45.875C soc0@44.312C gpu@45.906C tj@46.812C soc1@44.093C VDD_IN 4193mW/4187mW VDD_CPU_GPU_CV 1036mW/1035mW VDD_SOC 1397mW/1398mW
08-09-2026 23:45:14 RAM 3696/7620MB (lfb 2x4MB) SWAP 2/12002MB (cached 0MB) CPU [3%@1510,0%@1510,2%@1510,1%@1510,3%@1510,4%@1510] GR3D_FREQ 0% cpu@46.625C soc2@45.843C soc0@44.125C gpu@45.906C tj@46.625C soc1@44.218C VDD_IN 4193mW/4187mW VDD_CPU_GPU_CV 1036mW/1035mW VDD_SOC 1397mW/1398mW
08-09-2026 23:45:15 RAM 3696/7620MB (lfb 2x4MB) SWAP 2/12002MB (cached 0MB) CPU [3%@1510,2%@1510,3%@1510,2%@1510,2%@1510,3%@1510] GR3D_FREQ 0% cpu@46.406C soc2@45.875C soc0@44.156C gpu@45.75C tj@46.406C soc1@44.25C VDD_IN 4153mW/4186mW VDD_CPU_GPU_CV 996mW/1035mW VDD_SOC 1397mW/1398mW
08-09-2026 23:45:16 RAM 3696/7620MB (lfb 2x4MB) SWAP 2/12002MB (cached 0MB) CPU [1%@1510,0%@1510,1%@1510,0%@1510,3%@1510,3%@1510] GR3D_FREQ 0% cpu@46.5C soc2@45.968C soc0@44.25C gpu@45.812C tj@46.5C soc1@44.218C VDD_IN 4153mW/4186mW VDD_CPU_GPU_CV 996mW/1034mW VDD_SOC 1397mW/1398mW
08-09-2026 23:45:17 RAM 3696/7620MB (lfb 2x4MB) SWAP 2/12002MB (cached 0MB) CPU [2%@1510,1%@1510,2%@1510,1%@1510,1%@1510,3%@1510] GR3D_FREQ 0% cpu@46.625C soc2@45.875C soc0@44.312C gpu@45.75C tj@46.625C soc1@44.343C VDD_IN 4153mW/4186mW VDD_CPU_GPU_CV 996mW/1034mW VDD_SOC 1397mW/1398mW
08-09-2026 23:45:18 RAM 3697/7620MB (lfb 2x4MB) SWAP 2/12002MB (cached 0MB) CPU [3%@1510,2%@1510,2%@1510,4%@1510,3%@1510,4%@1510] GR3D_FREQ 0% cpu@46.812C soc2@45.843C soc0@44.312C gpu@45.812C tj@46.812C soc1@44.062C VDD_IN 4193mW/4186mW VDD_CPU_GPU_CV 1036mW/1034mW VDD_SOC 1397mW/1398mW
08-09-2026 23:45:19 RAM 3697/7620MB (lfb 2x4MB) SWAP 2/12002MB (cached 0MB) CPU [3%@1510,1%@1510,2%@1510,3%@1510,2%@1510,3%@1510] GR3D_FREQ 0% cpu@46.468C soc2@45.875C soc0@44.156C gpu@45.968C tj@46.468C soc1@44.187C VDD_IN 4193mW/4186mW VDD_CPU_GPU_CV 1036mW/1034mW VDD_SOC 1397mW/1398mW
08-09-2026 23:45:20 RAM 3697/7620MB (lfb 2x4MB) SWAP 2/12002MB (cached 0MB) CPU [3%@1510,0%@1510,0%@1510,2%@1510,2%@1510,3%@1510] GR3D_FREQ 0% cpu@46.687C soc2@45.906C soc0@44.281C gpu@46C tj@46.687C soc1@44.156C VDD_IN 4153mW/4186mW VDD_CPU_GPU_CV 1036mW/1034mW VDD_SOC 1397mW/1398mW
08-09-2026 23:45:21 RAM 3697/7620MB (lfb 2x4MB) SWAP 2/12002MB (cached 0MB) CPU [2%@1510,1%@1510,1%@1510,4%@1510,2%@1510,1%@1510] GR3D_FREQ 0% cpu@46.718C soc2@45.937C soc0@44.218C gpu@46C tj@46.718C soc1@44.281C VDD_IN 4153mW/4186mW VDD_CPU_GPU_CV 1036mW/1034mW VDD_SOC 1397mW/1397mW
08-09-2026 23:45:22 RAM 3697/7620MB (lfb 2x4MB) SWAP 2/12002MB (cached 0MB) CPU [1%@1510,1%@1510,2%@1510,3%@1510,1%@1510,1%@1510] GR3D_FREQ 0% cpu@46.593C soc2@45.843C soc0@44.375C gpu@46.031C tj@46.593C soc1@44.125C VDD_IN 4153mW/4186mW VDD_CPU_GPU_CV 1036mW/1034mW VDD_SOC 1397mW/1397mW
08-09-2026 23:45:23 RAM 3697/7620MB (lfb 2x4MB) SWAP 2/12002MB (cached 0MB) CPU [1%@1510,1%@1510,3%@1510,4%@1510,4%@1510,2%@1510] GR3D_FREQ 0% cpu@46.812C soc2@45.812C soc0@44.187C gpu@45.781C tj@46.812C soc1@44.187C VDD_IN 4193mW/4186mW VDD_CPU_GPU_CV 1036mW/1034mW VDD_SOC 1397mW/1397mW
08-09-2026 23:45:24 RAM 3697/7620MB (lfb 2x4MB) SWAP 2/12002MB (cached 0MB) CPU [1%@1510,1%@1510,3%@1510,4%@1510,0%@1510,3%@1510] GR3D_FREQ 0% cpu@46.5C soc2@45.906C soc0@44.281C gpu@45.812C tj@46.5C soc1@44.218C VDD_IN 4193mW/4186mW VDD_CPU_GPU_CV 1036mW/1034mW VDD_SOC 1397mW/1397mW
08-09-2026 23:45:25 RAM 3697/7620MB (lfb 2x4MB) SWAP 2/12002MB (cached 0MB) CPU [3%@1510,1%@1510,1%@1510,3%@1510,4%@1510,2%@1510] GR3D_FREQ 0% cpu@46.625C soc2@45.937C soc0@44.312C gpu@46C tj@46.625C soc1@44.281C VDD_IN 4153mW/4186mW VDD_CPU_GPU_CV 1036mW/1034mW VDD_SOC 1397mW/1397mW
08-09-2026 23:45:26 RAM 3697/7620MB (lfb 2x4MB) SWAP 2/12002MB (cached 0MB) CPU [1%@1510,1%@1510,2%@1510,3%@1510,1%@1510,1%@1510] GR3D_FREQ 0% cpu@46.75C soc2@45.812C soc0@44.281C gpu@46C tj@46.75C soc1@44.156C VDD_IN 4153mW/4185mW VDD_CPU_GPU_CV 1036mW/1034mW VDD_SOC 1397mW/1397mW
08-09-2026 23:45:27 RAM 3697/7620MB (lfb 2x4MB) SWAP 2/12002MB (cached 0MB) CPU [2%@1510,1%@1510,1%@1510,4%@1510,1%@1510,1%@1510] GR3D_FREQ 0% cpu@46.531C soc2@45.906C soc0@44.25C gpu@45.875C tj@46.531C soc1@44.187C VDD_IN 4153mW/4185mW VDD_CPU_GPU_CV 1036mW/1034mW VDD_SOC 1397mW/1397mW
08-09-2026 23:45:28 RAM 3697/7620MB (lfb 2x4MB) SWAP 2/12002MB (cached 0MB) CPU [4%@1510,2%@1510,1%@1510,3%@1510,5%@1510,2%@1510] GR3D_FREQ 0% cpu@46.531C soc2@45.906C soc0@44.312C gpu@45.843C tj@46.531C soc1@44.25C VDD_IN 4313mW/4186mW VDD_CPU_GPU_CV 1036mW/1034mW VDD_SOC 1397mW/1397mW
08-09-2026 23:45:29 RAM 3697/7620MB (lfb 2x4MB) SWAP 2/12002MB (cached 0MB) CPU [4%@1510,2%@1510,2%@1510,3%@1510,1%@1510,1%@1510] GR3D_FREQ 0% cpu@46.625C soc2@45.843C soc0@44.312C gpu@46.093C tj@46.625C soc1@44.125C VDD_IN 4193mW/4186mW VDD_CPU_GPU_CV 1036mW/1034mW VDD_SOC 1397mW/1397mW
08-09-2026 23:45:30 RAM 3697/7620MB (lfb 2x4MB) SWAP 2/12002MB (cached 0MB) CPU [5%@1510,5%@1510,1%@1510,2%@1510,1%@1510,0%@1510] GR3D_FREQ 0% cpu@46.781C soc2@45.937C soc0@44.187C gpu@46.25C tj@46.781C soc1@44.156C VDD_IN 4153mW/4186mW VDD_CPU_GPU_CV 996mW/1034mW VDD_SOC 1397mW/1397mW
08-09-2026 23:45:31 RAM 3697/7620MB (lfb 2x4MB) SWAP 2/12002MB (cached 0MB) CPU [4%@1510,1%@1510,1%@1510,2%@1510,2%@1510,0%@1510] GR3D_FREQ 0% cpu@46.468C soc2@45.968C soc0@44.25C gpu@45.843C tj@46.468C soc1@44.312C VDD_IN 4153mW/4186mW VDD_CPU_GPU_CV 996mW/1034mW VDD_SOC 1397mW/1397mW
08-09-2026 23:45:32 RAM 3701/7620MB (lfb 2x4MB) SWAP 2/12002MB (cached 0MB) CPU [2%@1510,1%@1510,1%@1510,4%@1510,44%@1510,1%@1510] GR3D_FREQ 0% cpu@46.812C soc2@45.875C soc0@44.281C gpu@45.937C tj@46.812C soc1@44.156C VDD_IN 4729mW/4188mW VDD_CPU_GPU_CV 1349mW/1035mW VDD_SOC 1430mW/1398mW
08-09-2026 23:45:33 RAM 3702/7620MB (lfb 2x4MB) SWAP 2/12002MB (cached 0MB) CPU [1%@1510,1%@1510,2%@1510,1%@1510,28%@1510,2%@1510] GR3D_FREQ 0% cpu@46.75C soc2@45.906C soc0@44.187C gpu@46.125C tj@46.75C soc1@44.218C VDD_IN 4273mW/4188mW VDD_CPU_GPU_CV 1076mW/1035mW VDD_SOC 1395mW/1398mW
08-09-2026 23:45:34 RAM 3701/7620MB (lfb 2x4MB) SWAP 2/12002MB (cached 0MB) CPU [1%@1510,3%@1510,1%@1510,1%@1510,0%@1510,1%@1510] GR3D_FREQ 0% cpu@46.5C soc2@45.968C soc0@44.218C gpu@46.218C tj@46.5C soc1@44.281C VDD_IN 4113mW/4188mW VDD_CPU_GPU_CV 996mW/1035mW VDD_SOC 1397mW/1398mW
08-09-2026 23:45:35 RAM 3701/7620MB (lfb 2x4MB) SWAP 2/12002MB (cached 0MB) CPU [0%@1510,0%@1510,0%@1510,0%@1510,0%@1510,0%@1510] GR3D_FREQ 0% cpu@46.593C soc2@45.937C soc0@44.375C gpu@45.843C tj@46.593C soc1@44.218C VDD_IN 4073mW/4187mW VDD_CPU_GPU_CV 956mW/1035mW VDD_SOC 1397mW/1398mW
08-09-2026 23:45:36 RAM 3700/7620MB (lfb 2x4MB) SWAP 2/12002MB (cached 0MB) CPU [0%@1510,0%@1510,0%@1510,0%@1510,1%@1510,0%@1510] GR3D_FREQ 0% cpu@46.625C soc2@45.937C soc0@44.375C gpu@45.937C tj@46.625C soc1@44.125C VDD_IN 4073mW/4187mW VDD_CPU_GPU_CV 956mW/1035mW VDD_SOC 1397mW/1398mW
08-09-2026 23:45:37 RAM 3701/7620MB (lfb 2x4MB) SWAP 2/12002MB (cached 0MB) CPU [1%@1510,1%@1510,0%@1510,0%@1510,0%@1510,0%@1510] GR3D_FREQ 0% cpu@46.812C soc2@45.875C soc0@44.25C gpu@46.25C tj@46.812C soc1@44.281C VDD_IN 4073mW/4187mW VDD_CPU_GPU_CV 956mW/1034mW VDD_SOC 1397mW/1398mW
08-09-2026 23:45:38 RAM 3701/7620MB (lfb 2x4MB) SWAP 2/12002MB (cached 0MB) CPU [1%@1510,1%@1510,2%@1510,1%@1510,1%@1510,2%@1510] GR3D_FREQ 0% cpu@46.562C soc2@45.968C soc0@44.281C gpu@46.25C tj@46.562C soc1@44.281C VDD_IN 4113mW/4186mW VDD_CPU_GPU_CV 996mW/1034mW VDD_SOC 1397mW/1398mW
08-09-2026 23:45:39 RAM 3701/7620MB (lfb 2x4MB) SWAP 2/12002MB (cached 0MB) CPU [1%@1510,1%@1510,1%@1510,0%@1510,1%@1510,1%@1510] GR3D_FREQ 0% cpu@46.625C soc2@45.906C soc0@44.281C gpu@46.281C tj@46.625C soc1@44.343C VDD_IN 4113mW/4186mW VDD_CPU_GPU_CV 996mW/1034mW VDD_SOC 1397mW/1398mW
08-09-2026 23:45:40 RAM 3701/7620MB (lfb 2x4MB) SWAP 2/12002MB (cached 0MB) CPU [2%@1510,1%@1510,0%@1510,0%@1510,0%@1510,0%@1510] GR3D_FREQ 0% cpu@46.875C soc2@46.062C soc0@44.312C gpu@46.343C tj@46.875C soc1@44.125C VDD_IN 4073mW/4185mW VDD_CPU_GPU_CV 956mW/1034mW VDD_SOC 1397mW/1398mW
08-09-2026 23:45:41 RAM 3701/7620MB (lfb 2x4MB) SWAP 2/12002MB (cached 0MB) CPU [1%@1510,1%@1510,1%@1510,0%@1510,0%@1510,0%@1510] GR3D_FREQ 0% cpu@46.687C soc2@45.906C soc0@44.406C gpu@45.812C tj@46.687C soc1@44.156C VDD_IN 4073mW/4185mW VDD_CPU_GPU_CV 956mW/1033mW VDD_SOC 1397mW/1398mW
08-09-2026 23:45:42 RAM 3046/7620MB (lfb 22x4MB) SWAP 2/12002MB (cached 0MB) CPU [1%@1510,5%@1510,0%@1510,1%@1510,1%@1510,2%@1510] GR3D_FREQ 0% cpu@46.875C soc2@45.875C soc0@44.156C gpu@45.875C tj@46.875C soc1@44.125C VDD_IN 4113mW/4185mW VDD_CPU_GPU_CV 996mW/1033mW VDD_SOC 1397mW/1398mW
08-09-2026 23:45:43 RAM 3048/7620MB (lfb 22x4MB) SWAP 2/12002MB (cached 0MB) CPU [1%@1510,0%@1510,0%@1510,2%@1510,1%@1510,2%@1510] GR3D_FREQ 0% cpu@46.593C soc2@45.968C soc0@44.25C gpu@45.906C tj@46.593C soc1@44.218C VDD_IN 4113mW/4184mW VDD_CPU_GPU_CV 996mW/1033mW VDD_SOC 1397mW/1398mW
08-09-2026 23:45:44 RAM 3048/7620MB (lfb 22x4MB) SWAP 2/12002MB (cached 0MB) CPU [1%@1510,1%@1510,1%@1510,0%@1510,0%@1510,0%@1510] GR3D_FREQ 0% cpu@46.593C soc2@45.968C soc0@44.25C gpu@45.843C tj@46.593C soc1@44.312C VDD_IN 4073mW/4184mW VDD_CPU_GPU_CV 956mW/1033mW VDD_SOC 1397mW/1398mW
08-09-2026 23:45:45 RAM 3048/7620MB (lfb 22x4MB) SWAP 2/12002MB (cached 0MB) CPU [0%@1510,1%@1510,0%@1510,0%@1510,1%@1510,0%@1510] GR3D_FREQ 0% cpu@46.531C soc2@46C soc0@44.312C gpu@45.875C tj@46.531C soc1@44.343C VDD_IN 4073mW/4184mW VDD_CPU_GPU_CV 956mW/1032mW VDD_SOC 1397mW/1398mW
