08-09-2026 20:08:07 RAM 2970/7620MB (lfb 19x4MB) SWAP 2/12002MB (cached 0MB) CPU [0%@729,1%@729,2%@729,3%@729,7%@1344,4%@1344] GR3D_FREQ 0% cpu@45.062C soc2@44.5C soc0@42.968C gpu@44.718C tj@45.062C soc1@43.031C VDD_IN 3240mW/3240mW VDD_CPU_GPU_CV 559mW/559mW VDD_SOC 1080mW/1080mW
08-09-2026 20:08:08 RAM 2970/7620MB (lfb 19x4MB) SWAP 2/12002MB (cached 0MB) CPU [2%@729,1%@729,1%@729,1%@729,2%@729,2%@729] GR3D_FREQ 0% cpu@45.187C soc2@44.718C soc0@43.093C gpu@44.5C tj@45.187C soc1@43.218C VDD_IN 3120mW/3180mW VDD_CPU_GPU_CV 519mW/539mW VDD_SOC 1080mW/1080mW
08-09-2026 20:08:09 RAM 2970/7620MB (lfb 19x4MB) SWAP 2/12002MB (cached 0MB) CPU [2%@729,1%@729,4%@729,6%@729,4%@729,4%@729] GR3D_FREQ 0% cpu@45.25C soc2@44.531C soc0@43.093C gpu@44.531C tj@45.25C soc1@42.968C VDD_IN 3160mW/3173mW VDD_CPU_GPU_CV 519mW/532mW VDD_SOC 1080mW/1080mW
08-09-2026 20:08:10 RAM 2971/7620MB (lfb 19x4MB) SWAP 2/12002MB (cached 0MB) CPU [9%@729,2%@729,1%@729,2%@729,2%@729,2%@729] GR3D_FREQ 0% cpu@45.156C soc2@44.5C soc0@43.281C gpu@44.531C tj@45.156C soc1@42.937C VDD_IN 3160mW/3170mW VDD_CPU_GPU_CV 519mW/529mW VDD_SOC 1080mW/1080mW
08-09-2026 20:08:11 RAM 2971/7620MB (lfb 19x4MB) SWAP 2/12002MB (cached 0MB) CPU [0%@729,2%@729,0%@729,1%@729,2%@729,1%@729] GR3D_FREQ 0% cpu@45.156C soc2@44.531C soc0@43.093C gpu@44.531C tj@45.156C soc1@43.031C VDD_IN 3120mW/3160mW VDD_CPU_GPU_CV 519mW/527mW VDD_SOC 1040mW/1072mW
08-09-2026 20:08:12 RAM 2971/7620MB (lfb 19x4MB) SWAP 2/12002MB (cached 0MB) CPU [3%@729,1%@729,0%@729,1%@729,0%@729,1%@729] GR3D_FREQ 0% cpu@45.281C soc2@44.562C soc0@43.031C gpu@44.843C tj@45.281C soc1@43.125C VDD_IN 3160mW/3160mW VDD_CPU_GPU_CV 519mW/525mW VDD_SOC 1040mW/1066mW
08-09-2026 20:08:13 RAM 2971/7620MB (lfb 19x4MB) SWAP 2/12002MB (cached 0MB) CPU [1%@729,2%@729,2%@729,1%@729,0%@729,1%@729] GR3D_FREQ 0% cpu@45.468C soc2@44.531C soc0@43.125C gpu@44.812C tj@45.468C soc1@42.906C VDD_IN 3160mW/3160mW VDD_CPU_GPU_CV 519mW/524mW VDD_SOC 1080mW/1068mW
08-09-2026 20:08:14 RAM 2971/7620MB (lfb 19x4MB) SWAP 2/12002MB (cached 0MB) CPU [1%@729,1%@729,0%@729,1%@729,1%@729,0%@729] GR3D_FREQ 0% cpu@45.218C soc2@44.593C soc0@43.031C gpu@44.812C tj@45.218C soc1@42.906C VDD_IN 3120mW/3155mW VDD_CPU_GPU_CV 519mW/524mW VDD_SOC 1040mW/1065mW
08-09-2026 20:08:15 RAM 2971/7620MB (lfb 19x4MB) SWAP 2/12002MB (cached 0MB) CPU [1%@729,2%@729,1%@729,1%@729,1%@729,0%@729] GR3D_FREQ 0% cpu@45.093C soc2@44.531C soc0@43.031C gpu@44.531C tj@45.093C soc1@43C VDD_IN 3120mW/3151mW VDD_CPU_GPU_CV 519mW/523mW VDD_SOC 1040mW/1062mW
08-09-2026 20:08:16 RAM 2971/7620MB (lfb 19x4MB) SWAP 2/12002MB (cached 0MB) CPU [1%@729,1%@729,0%@729,2%@729,1%@729,1%@729] GR3D_FREQ 0% cpu@45.062C soc2@44.593C soc0@43.156C gpu@44.531C tj@45.062C soc1@43.031C VDD_IN 3120mW/3148mW VDD_CPU_GPU_CV 519mW/523mW VDD_SOC 1040mW/1060mW
08-09-2026 20:08:17 RAM 2971/7620MB (lfb 19x4MB) SWAP 2/12002MB (cached 0MB) CPU [1%@729,1%@729,1%@729,1%@729,0%@729,1%@729] GR3D_FREQ 0% cpu@45.25C soc2@44.468C soc0@43.062C gpu@44.5C tj@45.25C soc1@42.937C VDD_IN 3240mW/3156mW VDD_CPU_GPU_CV 519mW/522mW VDD_SOC 1080mW/1061mW
08-09-2026 20:08:18 RAM 2971/7620MB (lfb 19x4MB) SWAP 2/12002MB (cached 0MB) CPU [1%@729,2%@729,1%@729,1%@729,1%@729,0%@729] GR3D_FREQ 0% cpu@45.406C soc2@44.5C soc0@43C gpu@44.781C tj@45.406C soc1@43C VDD_IN 3120mW/3153mW VDD_CPU_GPU_CV 519mW/522mW VDD_SOC 1040mW/1060mW
08-09-2026 20:08:19 RAM 2971/7620MB (lfb 19x4MB) SWAP 2/12002MB (cached 0MB) CPU [2%@729,2%@729,1%@729,2%@729,0%@729,1%@729] GR3D_FREQ 0% cpu@45.093C soc2@44.5C soc0@42.937C gpu@44.406C tj@45.093C soc1@43.031C VDD_IN 3120mW/3150mW VDD_CPU_GPU_CV 519mW/522mW VDD_SOC 1040mW/1058mW
08-09-2026 20:08:20 RAM 2971/7620MB (lfb 19x4MB) SWAP 2/12002MB (cached 0MB) CPU [1%@729,1%@729,1%@729,0%@729,0%@729,0%@729] GR3D_FREQ 0% cpu@45.187C soc2@44.531C soc0@43.031C gpu@44.312C tj@45.187C soc1@43.062C VDD_IN 3120mW/3148mW VDD_CPU_GPU_CV 519mW/521mW VDD_SOC 1040mW/1057mW
08-09-2026 20:08:21 RAM 2971/7620MB (lfb 19x4MB) SWAP 2/12002MB (cached 0MB) CPU [1%@729,1%@729,1%@729,1%@729,1%@729,0%@729] GR3D_FREQ 0% cpu@45.281C soc2@44.593C soc0@43.156C gpu@44.5C tj@45.343C soc1@43.156C VDD_IN 3120mW/3146mW VDD_CPU_GPU_CV 519mW/521mW VDD_SOC 1080mW/1058mW
08-09-2026 20:08:22 RAM 2971/7620MB (lfb 19x4MB) SWAP 2/12002MB (cached 0MB) CPU [2%@729,2%@729,0%@729,1%@729,1%@729,0%@729] GR3D_FREQ 0% cpu@45.125C soc2@44.468C soc0@43.125C gpu@44.5C tj@45.125C soc1@42.968C VDD_IN 3120mW/3145mW VDD_CPU_GPU_CV 519mW/521mW VDD_SOC 1040mW/1057mW
08-09-2026 20:08:23 RAM 2971/7620MB (lfb 19x4MB) SWAP 2/12002MB (cached 0MB) CPU [1%@729,1%@729,1%@729,2%@729,0%@729,0%@729] GR3D_FREQ 0% cpu@45.375C soc2@44.562C soc0@42.937C gpu@44.593C tj@45.343C soc1@42.937C VDD_IN 3120mW/3143mW VDD_CPU_GPU_CV 519mW/521mW VDD_SOC 1040mW/1056mW
08-09-2026 20:08:24 RAM 2971/7620MB (lfb 19x4MB) SWAP 2/12002MB (cached 0MB) CPU [1%@729,1%@729,0%@729,0%@729,0%@729,1%@729] GR3D_FREQ 0% cpu@45.093C soc2@44.468C soc0@43.062C gpu@44.375C tj@45.093C soc1@43.093C VDD_IN 3120mW/3142mW VDD_CPU_GPU_CV 519mW/521mW VDD_SOC 1040mW/1055mW
08-09-2026 20:08:25 RAM 2971/7620MB (lfb 19x4MB) SWAP 2/12002MB (cached 0MB) CPU [2%@729,2%@729,1%@729,1%@729,1%@729,1%@729] GR3D_FREQ 0% cpu@45.156C soc2@44.593C soc0@43.093C gpu@44.437C tj@45.156C soc1@43.062C VDD_IN 3120mW/3141mW VDD_CPU_GPU_CV 519mW/521mW VDD_SOC 1040mW/1054mW
08-09-2026 20:08:26 RAM 2971/7620MB (lfb 19x4MB) SWAP 2/12002MB (cached 0MB) CPU [0%@729,0%@729,1%@729,0%@729,2%@729,0%@729] GR3D_FREQ 0% cpu@45.375C soc2@44.593C soc0@43.156C gpu@44.437C tj@45.375C soc1@43C VDD_IN 3120mW/3140mW VDD_CPU_GPU_CV 519mW/521mW VDD_SOC 1040mW/1054mW
08-09-2026 20:08:27 RAM 2971/7620MB (lfb 19x4MB) SWAP 2/12002MB (cached 0MB) CPU [0%@729,1%@729,1%@729,2%@729,1%@729,1%@729] GR3D_FREQ 0% cpu@45.031C soc2@44.5C soc0@42.968C gpu@44.437C tj@45.031C soc1@42.937C VDD_IN 3120mW/3139mW VDD_CPU_GPU_CV 519mW/520mW VDD_SOC 1080mW/1055mW
08-09-2026 20:08:28 RAM 2971/7620MB (lfb 19x4MB) SWAP 2/12002MB (cached 0MB) CPU [2%@729,0%@729,0%@729,2%@729,1%@729,1%@729] GR3D_FREQ 0% cpu@45.093C soc2@44.531C soc0@42.968C gpu@44.593C tj@45.093C soc1@43C VDD_IN 3160mW/3140mW VDD_CPU_GPU_CV 519mW/520mW VDD_SOC 1080mW/1056mW
08-09-2026 20:08:29 RAM 2971/7620MB (lfb 19x4MB) SWAP 2/12002MB (cached 0MB) CPU [1%@729,1%@729,2%@729,3%@729,1%@729,0%@729] GR3D_FREQ 0% cpu@45.312C soc2@44.531C soc0@43.093C gpu@44.718C tj@45.312C soc1@43.156C VDD_IN 3120mW/3139mW VDD_CPU_GPU_CV 519mW/520mW VDD_SOC 1040mW/1055mW
08-09-2026 20:08:30 RAM 2971/7620MB (lfb 19x4MB) SWAP 2/12002MB (cached 0MB) CPU [1%@729,1%@729,1%@729,1%@729,1%@729,1%@729] GR3D_FREQ 0% cpu@45.437C soc2@44.531C soc0@43.156C gpu@44.656C tj@45.437C soc1@43C VDD_IN 3120mW/3138mW VDD_CPU_GPU_CV 519mW/520mW VDD_SOC 1080mW/1056mW
08-09-2026 20:08:31 RAM 2971/7620MB (lfb 19x4MB) SWAP 2/12002MB (cached 0MB) CPU [1%@729,1%@729,1%@729,1%@729,0%@729,1%@729] GR3D_FREQ 0% cpu@45.281C soc2@44.562C soc0@42.937C gpu@44.687C tj@45.25C soc1@42.968C VDD_IN 3120mW/3137mW VDD_CPU_GPU_CV 519mW/520mW VDD_SOC 1040mW/1056mW
08-09-2026 20:08:32 RAM 2971/7620MB (lfb 19x4MB) SWAP 2/12002MB (cached 0MB) CPU [1%@729,1%@729,1%@729,2%@729,1%@729,1%@729] GR3D_FREQ 0% cpu@45.125C soc2@44.468C soc0@42.937C gpu@44.437C tj@45.125C soc1@43.031C VDD_IN 3120mW/3136mW VDD_CPU_GPU_CV 519mW/520mW VDD_SOC 1040mW/1055mW
08-09-2026 20:08:33 RAM 2971/7620MB (lfb 19x4MB) SWAP 2/12002MB (cached 0MB) CPU [1%@729,0%@729,1%@729,1%@729,1%@729,1%@729] GR3D_FREQ 0% cpu@45.125C soc2@44.593C soc0@43.093C gpu@44.437C tj@45.125C soc1@43.031C VDD_IN 3120mW/3136mW VDD_CPU_GPU_CV 519mW/520mW VDD_SOC 1040mW/1054mW
08-09-2026 20:08:34 RAM 2971/7620MB (lfb 19x4MB) SWAP 2/12002MB (cached 0MB) CPU [1%@729,1%@729,2%@729,1%@729,0%@729,0%@729] GR3D_FREQ 0% cpu@45.218C soc2@44.593C soc0@43.125C gpu@44.468C tj@45.218C soc1@43.125C VDD_IN 3120mW/3135mW VDD_CPU_GPU_CV 519mW/520mW VDD_SOC 1040mW/1054mW
08-09-2026 20:08:35 RAM 2971/7620MB (lfb 19x4MB) SWAP 2/12002MB (cached 0MB) CPU [1%@729,0%@729,0%@729,2%@729,1%@729,1%@729] GR3D_FREQ 0% cpu@45.468C soc2@44.437C soc0@43.187C gpu@44.437C tj@45.468C soc1@42.906C VDD_IN 3120mW/3135mW VDD_CPU_GPU_CV 519mW/520mW VDD_SOC 1040mW/1053mW
08-09-2026 20:08:36 RAM 2971/7620MB (lfb 19x4MB) SWAP 2/12002MB (cached 0MB) CPU [0%@729,1%@729,1%@729,2%@729,1%@729,1%@729] GR3D_FREQ 0% cpu@45.156C soc2@44.531C soc0@42.968C gpu@44.718C tj@45.093C soc1@42.968C VDD_IN 3120mW/3134mW VDD_CPU_GPU_CV 519mW/520mW VDD_SOC 1040mW/1053mW
08-09-2026 20:08:37 RAM 2971/7620MB (lfb 19x4MB) SWAP 2/12002MB (cached 0MB) CPU [1%@729,1%@729,6%@729,2%@729,1%@729,4%@729] GR3D_FREQ 0% cpu@45.187C soc2@44.562C soc0@42.968C gpu@44.687C tj@45.187C soc1@42.968C VDD_IN 3240mW/3138mW VDD_CPU_GPU_CV 559mW/521mW VDD_SOC 1080mW/1054mW
08-09-2026 20:08:38 RAM 2971/7620MB (lfb 19x4MB) SWAP 2/12002MB (cached 0MB) CPU [1%@729,2%@729,0%@729,3%@729,3%@729,3%@729] GR3D_FREQ 0% cpu@45.156C soc2@44.5C soc0@43.031C gpu@44.781C tj@45.375C soc1@43.187C VDD_IN 3160mW/3138mW VDD_CPU_GPU_CV 559mW/522mW VDD_SOC 1040mW/1053mW
08-09-2026 20:08:39 RAM 2971/7620MB (lfb 19x4MB) SWAP 2/12002MB (cached 0MB) CPU [1%@729,0%@729,1%@729,1%@729,0%@729,0%@729] GR3D_FREQ 0% cpu@45.156C soc2@44.437C soc0@43.093C gpu@44.437C tj@45.125C soc1@42.968C VDD_IN 3120mW/3138mW VDD_CPU_GPU_CV 519mW/522mW VDD_SOC 1040mW/1053mW
08-09-2026 20:08:40 RAM 2971/7620MB (lfb 19x4MB) SWAP 2/12002MB (cached 0MB) CPU [0%@729,1%@729,0%@729,2%@729,1%@729,1%@729] GR3D_FREQ 0% cpu@45.406C soc2@44.468C soc0@43C gpu@44.406C tj@45.406C soc1@42.937C VDD_IN 3120mW/3137mW VDD_CPU_GPU_CV 519mW/522mW VDD_SOC 1040mW/1052mW
08-09-2026 20:08:41 RAM 2971/7620MB (lfb 19x4MB) SWAP 2/12002MB (cached 0MB) CPU [0%@729,0%@729,0%@729,1%@729,1%@729,1%@729] GR3D_FREQ 0% cpu@45.125C soc2@44.5C soc0@43C gpu@44.531C tj@45.125C soc1@43.062C VDD_IN 3120mW/3137mW VDD_CPU_GPU_CV 519mW/522mW VDD_SOC 1040mW/1052mW
08-09-2026 20:08:42 RAM 2971/7620MB (lfb 19x4MB) SWAP 2/12002MB (cached 0MB) CPU [1%@729,1%@729,1%@729,1%@729,1%@729,0%@729] GR3D_FREQ 0% cpu@45.218C soc2@44.531C soc0@43.062C gpu@44.437C tj@45.218C soc1@43.125C VDD_IN 3120mW/3136mW VDD_CPU_GPU_CV 519mW/522mW VDD_SOC 1080mW/1053mW
08-09-2026 20:08:43 RAM 2971/7620MB (lfb 19x4MB) SWAP 2/12002MB (cached 0MB) CPU [1%@729,1%@729,2%@729,1%@729,1%@729,1%@729] GR3D_FREQ 0% cpu@45.343C soc2@44.468C soc0@43.062C gpu@44.843C tj@45.343C soc1@42.906C VDD_IN 3120mW/3136mW VDD_CPU_GPU_CV 519mW/522mW VDD_SOC 1040mW/1052mW
08-09-2026 20:08:44 RAM 2971/7620MB (lfb 19x4MB) SWAP 2/12002MB (cached 0MB) CPU [1%@729,1%@729,0%@729,1%@729,2%@729,1%@729] GR3D_FREQ 0% cpu@45.156C soc2@44.5C soc0@43.031C gpu@44.812C tj@45.156C soc1@42.968C VDD_IN 3120mW/3135mW VDD_CPU_GPU_CV 519mW/522mW VDD_SOC 1040mW/1052mW
08-09-2026 20:08:45 RAM 2971/7620MB (lfb 19x4MB) SWAP 2/12002MB (cached 0MB) CPU [1%@729,2%@729,1%@729,0%@729,1%@729,1%@729] GR3D_FREQ 0% cpu@45.218C soc2@44.531C soc0@42.968C gpu@44.812C tj@45.218C soc1@42.968C VDD_IN 3120mW/3135mW VDD_CPU_GPU_CV 519mW/522mW VDD_SOC 1080mW/1053mW
08-09-2026 20:08:46 RAM 2971/7620MB (lfb 19x4MB) SWAP 2/12002MB (cached 0MB) CPU [4%@729,0%@729,1%@729,1%@729,1%@729,1%@729] GR3D_FREQ 0% cpu@45.156C soc2@44.5C soc0@43C gpu@44.343C tj@45.218C soc1@43.156C VDD_IN 3160mW/3136mW VDD_CPU_GPU_CV 519mW/522mW VDD_SOC 1080mW/1054mW
08-09-2026 20:08:47 RAM 2971/7620MB (lfb 19x4MB) SWAP 2/12002MB (cached 0MB) CPU [1%@729,1%@729,2%@729,1%@729,1%@729,1%@729] GR3D_FREQ 0% cpu@45.156C soc2@44.593C soc0@43.093C gpu@44.562C tj@45.156C soc1@43.218C VDD_IN 3120mW/3135mW VDD_CPU_GPU_CV 519mW/521mW VDD_SOC 1080mW/1054mW
08-09-2026 20:08:48 RAM 2971/7620MB (lfb 19x4MB) SWAP 2/12002MB (cached 0MB) CPU [1%@729,2%@729,0%@729,0%@729,1%@729,1%@729] GR3D_FREQ 0% cpu@45.343C soc2@44.531C soc0@43.062C gpu@44.562C tj@45.343C soc1@42.937C VDD_IN 3120mW/3135mW VDD_CPU_GPU_CV 519mW/521mW VDD_SOC 1040mW/1054mW
08-09-2026 20:08:49 RAM 2971/7620MB (lfb 19x4MB) SWAP 2/12002MB (cached 0MB) CPU [1%@729,0%@729,1%@729,0%@729,0%@729,1%@729] GR3D_FREQ 0% cpu@45.125C soc2@44.531C soc0@43.062C gpu@44.406C tj@45.125C soc1@43.125C VDD_IN 3160mW/3135mW VDD_CPU_GPU_CV 519mW/521mW VDD_SOC 1080mW/1054mW
08-09-2026 20:08:50 RAM 2971/7620MB (lfb 19x4MB) SWAP 2/12002MB (cached 0MB) CPU [1%@729,1%@729,0%@729,2%@729,1%@729,1%@729] GR3D_FREQ 0% cpu@45.187C soc2@44.593C soc0@43.093C gpu@44.437C tj@45.437C soc1@43.031C VDD_IN 3160mW/3136mW VDD_CPU_GPU_CV 519mW/521mW VDD_SOC 1080mW/1055mW
08-09-2026 20:08:51 RAM 2971/7620MB (lfb 19x4MB) SWAP 2/12002MB (cached 0MB) CPU [2%@729,1%@729,1%@729,0%@729,0%@729,1%@729] GR3D_FREQ 0% cpu@45.218C soc2@44.468C soc0@43.187C gpu@44.531C tj@45.218C soc1@42.937C VDD_IN 3120mW/3136mW VDD_CPU_GPU_CV 519mW/521mW VDD_SOC 1040mW/1055mW
08-09-2026 20:08:52 RAM 2971/7620MB (lfb 19x4MB) SWAP 2/12002MB (cached 0MB) CPU [2%@729,1%@729,0%@729,1%@729,1%@729,2%@729] GR3D_FREQ 0% cpu@45.5C soc2@44.5C soc0@42.968C gpu@44.593C tj@45.5C soc1@43C VDD_IN 3120mW/3135mW VDD_CPU_GPU_CV 519mW/521mW VDD_SOC 1080mW/1055mW
08-09-2026 20:08:53 RAM 2971/7620MB (lfb 19x4MB) SWAP 2/12002MB (cached 0MB) CPU [1%@729,1%@729,1%@729,0%@729,2%@729,0%@729] GR3D_FREQ 0% cpu@45.156C soc2@44.593C soc0@43.062C gpu@44.437C tj@45.156C soc1@43.093C VDD_IN 3120mW/3135mW VDD_CPU_GPU_CV 519mW/521mW VDD_SOC 1080mW/1056mW
08-09-2026 20:08:54 RAM 2971/7620MB (lfb 19x4MB) SWAP 2/12002MB (cached 0MB) CPU [1%@729,0%@729,1%@729,0%@729,1%@729,1%@729] GR3D_FREQ 0% cpu@45.281C soc2@44.687C soc0@43.062C gpu@44.437C tj@45.281C soc1@42.968C VDD_IN 3120mW/3135mW VDD_CPU_GPU_CV 519mW/521mW VDD_SOC 1080mW/1056mW
08-09-2026 20:08:55 RAM 2971/7620MB (lfb 19x4MB) SWAP 2/12002MB (cached 0MB) CPU [2%@729,1%@729,1%@729,1%@729,1%@729,1%@729] GR3D_FREQ 0% cpu@45.375C soc2@44.531C soc0@43.156C gpu@44.437C tj@45.375C soc1@43C VDD_IN 3120mW/3134mW VDD_CPU_GPU_CV 519mW/521mW VDD_SOC 1040mW/1056mW
08-09-2026 20:08:56 RAM 2971/7620MB (lfb 19x4MB) SWAP 2/12002MB (cached 0MB) CPU [1%@729,1%@729,1%@729,0%@729,1%@729,0%@729] GR3D_FREQ 0% cpu@45.156C soc2@44.531C soc0@43C gpu@44.562C tj@45.156C soc1@43C VDD_IN 3120mW/3134mW VDD_CPU_GPU_CV 519mW/521mW VDD_SOC 1040mW/1056mW
08-09-2026 20:08:57 RAM 2971/7620MB (lfb 19x4MB) SWAP 2/12002MB (cached 0MB) CPU [2%@729,1%@729,1%@729,1%@729,1%@729,1%@729] GR3D_FREQ 0% cpu@45.125C soc2@44.562C soc0@43.031C gpu@44.656C tj@45.125C soc1@43.125C VDD_IN 3120mW/3134mW VDD_CPU_GPU_CV 519mW/521mW VDD_SOC 1080mW/1056mW
08-09-2026 20:08:58 RAM 2971/7620MB (lfb 19x4MB) SWAP 2/12002MB (cached 0MB) CPU [1%@729,2%@729,0%@729,1%@729,0%@729,1%@729] GR3D_FREQ 0% cpu@45.312C soc2@44.593C soc0@43.125C gpu@44.687C tj@45.312C soc1@43C VDD_IN 3120mW/3133mW VDD_CPU_GPU_CV 519mW/521mW VDD_SOC 1040mW/1056mW
08-09-2026 20:08:59 RAM 2971/7620MB (lfb 19x4MB) SWAP 2/12002MB (cached 0MB) CPU [1%@729,1%@729,1%@729,1%@729,0%@729,2%@729] GR3D_FREQ 0% cpu@45.156C soc2@44.531C soc0@43.218C gpu@44.531C tj@45.156C soc1@43.031C VDD_IN 3120mW/3133mW VDD_CPU_GPU_CV 519mW/521mW VDD_SOC 1040mW/1055mW
08-09-2026 20:09:00 RAM 2971/7620MB (lfb 19x4MB) SWAP 2/12002MB (cached 0MB) CPU [3%@729,2%@729,0%@729,1%@729,1%@729,1%@729] GR3D_FREQ 0% cpu@45.281C soc2@44.625C soc0@42.937C gpu@44.468C tj@45.187C soc1@42.968C VDD_IN 3120mW/3133mW VDD_CPU_GPU_CV 519mW/521mW VDD_SOC 1080mW/1056mW
08-09-2026 20:09:01 RAM 2971/7620MB (lfb 19x4MB) SWAP 2/12002MB (cached 0MB) CPU [0%@729,2%@729,1%@729,1%@729,2%@729,0%@729] GR3D_FREQ 0% cpu@45.156C soc2@44.562C soc0@42.968C gpu@44.375C tj@45.156C soc1@43.125C VDD_IN 3120mW/3133mW VDD_CPU_GPU_CV 519mW/521mW VDD_SOC 1080mW/1056mW
08-09-2026 20:09:02 RAM 2971/7620MB (lfb 19x4MB) SWAP 2/12002MB (cached 0MB) CPU [3%@729,2%@729,1%@729,1%@729,1%@729,2%@729] GR3D_FREQ 0% cpu@45.156C soc2@44.625C soc0@43.093C gpu@44.781C tj@45.437C soc1@42.906C VDD_IN 3120mW/3132mW VDD_CPU_GPU_CV 519mW/521mW VDD_SOC 1080mW/1057mW
08-09-2026 20:09:03 RAM 2971/7620MB (lfb 19x4MB) SWAP 2/12002MB (cached 0MB) CPU [1%@729,1%@729,2%@729,1%@729,0%@729,0%@729] GR3D_FREQ 0% cpu@45.312C soc2@44.593C soc0@43.187C gpu@44.656C tj@45.312C soc1@43C VDD_IN 3120mW/3132mW VDD_CPU_GPU_CV 519mW/521mW VDD_SOC 1080mW/1057mW
08-09-2026 20:09:04 RAM 2971/7620MB (lfb 19x4MB) SWAP 2/12002MB (cached 0MB) CPU [0%@729,1%@729,1%@729,1%@729,1%@729,2%@729] GR3D_FREQ 0% cpu@45.468C soc2@44.562C soc0@43.031C gpu@44.718C tj@45.468C soc1@43.031C VDD_IN 3160mW/3133mW VDD_CPU_GPU_CV 519mW/521mW VDD_SOC 1080mW/1057mW
08-09-2026 20:09:05 RAM 2971/7620MB (lfb 19x4MB) SWAP 2/12002MB (cached 0MB) CPU [0%@729,1%@729,1%@729,0%@729,2%@729,1%@729] GR3D_FREQ 0% cpu@45.156C soc2@44.531C soc0@43.031C gpu@44.437C tj@45.156C soc1@43.062C VDD_IN 3120mW/3132mW VDD_CPU_GPU_CV 519mW/521mW VDD_SOC 1040mW/1057mW
08-09-2026 20:09:06 RAM 2971/7620MB (lfb 19x4MB) SWAP 2/12002MB (cached 0MB) CPU [2%@729,0%@729,2%@729,2%@729,0%@729,1%@729] GR3D_FREQ 0% cpu@45.218C soc2@44.468C soc0@43.156C gpu@44.437C tj@45.218C soc1@43C VDD_IN 3120mW/3132mW VDD_CPU_GPU_CV 519mW/521mW VDD_SOC 1040mW/1057mW
08-09-2026 20:09:07 RAM 2971/7620MB (lfb 19x4MB) SWAP 2/12002MB (cached 0MB) CPU [1%@729,2%@729,2%@729,1%@729,3%@729,2%@729] GR3D_FREQ 0% cpu@45.375C soc2@44.437C soc0@43.156C gpu@44.781C tj@45.375C soc1@43.031C VDD_IN 3120mW/3132mW VDD_CPU_GPU_CV 519mW/520mW VDD_SOC 1040mW/1057mW
08-09-2026 20:09:08 RAM 2971/7620MB (lfb 19x4MB) SWAP 2/12002MB (cached 0MB) CPU [0%@729,1%@729,1%@729,2%@729,0%@729,1%@729] GR3D_FREQ 0% cpu@45.125C soc2@44.5C soc0@42.937C gpu@44.781C tj@45.125C soc1@42.968C VDD_IN 3120mW/3132mW VDD_CPU_GPU_CV 519mW/520mW VDD_SOC 1040mW/1056mW
08-09-2026 20:09:09 RAM 2971/7620MB (lfb 19x4MB) SWAP 2/12002MB (cached 0MB) CPU [0%@729,1%@729,2%@729,0%@729,1%@729,1%@729] GR3D_FREQ 0% cpu@45.156C soc2@44.562C soc0@42.968C gpu@44.718C tj@45.156C soc1@43.031C VDD_IN 3120mW/3132mW VDD_CPU_GPU_CV 519mW/520mW VDD_SOC 1080mW/1057mW
08-09-2026 20:09:10 RAM 2971/7620MB (lfb 19x4MB) SWAP 2/12002MB (cached 0MB) CPU [1%@729,1%@729,1%@729,1%@729,11%@729,1%@729] GR3D_FREQ 0% cpu@45.281C soc2@44.593C soc0@43.031C gpu@44.5C tj@45.281C soc1@42.906C VDD_IN 3160mW/3132mW VDD_CPU_GPU_CV 519mW/520mW VDD_SOC 1080mW/1057mW
08-09-2026 20:09:11 RAM 2971/7620MB (lfb 19x4MB) SWAP 2/12002MB (cached 0MB) CPU [0%@729,0%@729,2%@729,2%@729,1%@729,3%@729] GR3D_FREQ 0% cpu@45.062C soc2@44.531C soc0@42.968C gpu@44.531C tj@45.062C soc1@42.968C VDD_IN 3120mW/3132mW VDD_CPU_GPU_CV 519mW/520mW VDD_SOC 1080mW/1057mW
08-09-2026 20:09:12 RAM 2971/7620MB (lfb 19x4MB) SWAP 2/12002MB (cached 0MB) CPU [0%@729,1%@729,0%@729,1%@729,1%@729,0%@729] GR3D_FREQ 0% cpu@45.281C soc2@44.625C soc0@42.937C gpu@44.468C tj@45.156C soc1@43C VDD_IN 3120mW/3132mW VDD_CPU_GPU_CV 519mW/520mW VDD_SOC 1080mW/1058mW
08-09-2026 20:09:13 RAM 2971/7620MB (lfb 19x4MB) SWAP 2/12002MB (cached 0MB) CPU [1%@729,1%@729,1%@729,1%@729,4%@729,0%@729] GR3D_FREQ 0% cpu@45.25C soc2@44.531C soc0@43.031C gpu@44.812C tj@45.25C soc1@43.062C VDD_IN 3120mW/3131mW VDD_CPU_GPU_CV 519mW/520mW VDD_SOC 1040mW/1057mW
08-09-2026 20:09:15 RAM 2971/7620MB (lfb 19x4MB) SWAP 2/12002MB (cached 0MB) CPU [0%@729,1%@729,1%@729,0%@729,1%@729,1%@729] GR3D_FREQ 0% cpu@45.375C soc2@44.468C soc0@43.125C gpu@44.75C tj@45.375C soc1@42.968C VDD_IN 3120mW/3131mW VDD_CPU_GPU_CV 519mW/520mW VDD_SOC 1040mW/1057mW
08-09-2026 20:09:16 RAM 2971/7620MB (lfb 19x4MB) SWAP 2/12002MB (cached 0MB) CPU [1%@729,1%@729,1%@729,2%@729,0%@729,0%@729] GR3D_FREQ 0% cpu@45.156C soc2@44.5C soc0@42.937C gpu@44.593C tj@45.156C soc1@42.937C VDD_IN 3120mW/3131mW VDD_CPU_GPU_CV 519mW/520mW VDD_SOC 1040mW/1057mW
08-09-2026 20:09:17 RAM 2971/7620MB (lfb 19x4MB) SWAP 2/12002MB (cached 0MB) CPU [0%@729,0%@729,0%@729,2%@729,1%@729,1%@729] GR3D_FREQ 0% cpu@45.031C soc2@44.531C soc0@43C gpu@44.531C tj@45.125C soc1@43.031C VDD_IN 3120mW/3131mW VDD_CPU_GPU_CV 519mW/520mW VDD_SOC 1080mW/1057mW
08-09-2026 20:09:18 RAM 2971/7620MB (lfb 19x4MB) SWAP 2/12002MB (cached 0MB) CPU [1%@729,2%@729,1%@729,2%@729,1%@729,1%@729] GR3D_FREQ 0% cpu@45.125C soc2@44.593C soc0@43.031C gpu@44.437C tj@45.25C soc1@43.187C VDD_IN 3120mW/3131mW VDD_CPU_GPU_CV 519mW/520mW VDD_SOC 1080mW/1058mW
08-09-2026 20:09:19 RAM 2971/7620MB (lfb 19x4MB) SWAP 2/12002MB (cached 0MB) CPU [0%@729,1%@729,0%@729,1%@729,1%@729,0%@729] GR3D_FREQ 0% cpu@45.156C soc2@44.437C soc0@43.125C gpu@44.875C tj@45.156C soc1@42.968C VDD_IN 3120mW/3131mW VDD_CPU_GPU_CV 519mW/520mW VDD_SOC 1040mW/1057mW
08-09-2026 20:09:20 RAM 2971/7620MB (lfb 19x4MB) SWAP 2/12002MB (cached 0MB) CPU [1%@729,1%@729,1%@729,1%@729,0%@729,1%@729] GR3D_FREQ 0% cpu@45.406C soc2@44.531C soc0@42.968C gpu@44.343C tj@45.406C soc1@43.031C VDD_IN 3120mW/3130mW VDD_CPU_GPU_CV 519mW/520mW VDD_SOC 1080mW/1058mW
08-09-2026 20:09:21 RAM 2971/7620MB (lfb 19x4MB) SWAP 2/12002MB (cached 0MB) CPU [1%@729,1%@729,1%@729,2%@729,1%@729,0%@729] GR3D_FREQ 0% cpu@45.093C soc2@44.5C soc0@42.968C gpu@44.562C tj@45.093C soc1@43C VDD_IN 3120mW/3130mW VDD_CPU_GPU_CV 519mW/520mW VDD_SOC 1040mW/1057mW
08-09-2026 20:09:22 RAM 2971/7620MB (lfb 19x4MB) SWAP 2/12002MB (cached 0MB) CPU [1%@729,0%@729,1%@729,1%@729,1%@729,0%@729] GR3D_FREQ 0% cpu@45.156C soc2@44.531C soc0@43C gpu@44.562C tj@45.156C soc1@42.875C VDD_IN 3120mW/3130mW VDD_CPU_GPU_CV 519mW/520mW VDD_SOC 1040mW/1057mW
08-09-2026 20:09:23 RAM 2971/7620MB (lfb 19x4MB) SWAP 2/12002MB (cached 0MB) CPU [0%@729,0%@729,1%@729,3%@729,1%@729,0%@729] GR3D_FREQ 0% cpu@45.25C soc2@44.437C soc0@43.093C gpu@44.5C tj@45.25C soc1@42.937C VDD_IN 3120mW/3130mW VDD_CPU_GPU_CV 519mW/520mW VDD_SOC 1040mW/1057mW
08-09-2026 20:09:24 RAM 2971/7620MB (lfb 19x4MB) SWAP 2/12002MB (cached 0MB) CPU [1%@729,0%@729,1%@729,1%@729,1%@729,1%@729] GR3D_FREQ 0% cpu@45.093C soc2@44.531C soc0@43C gpu@44.375C tj@45.093C soc1@43C VDD_IN 3120mW/3130mW VDD_CPU_GPU_CV 519mW/520mW VDD_SOC 1040mW/1057mW
08-09-2026 20:09:25 RAM 2971/7620MB (lfb 19x4MB) SWAP 2/12002MB (cached 0MB) CPU [0%@729,1%@729,1%@729,5%@729,1%@729,0%@729] GR3D_FREQ 0% cpu@45.156C soc2@44.562C soc0@42.968C gpu@44.375C tj@45.156C soc1@43.093C VDD_IN 3160mW/3130mW VDD_CPU_GPU_CV 519mW/520mW VDD_SOC 1040mW/1056mW
08-09-2026 20:09:26 RAM 2971/7620MB (lfb 19x4MB) SWAP 2/12002MB (cached 0MB) CPU [2%@1036,0%@1036,2%@1036,2%@1036,4%@729,1%@729] GR3D_FREQ 0% cpu@45.25C soc2@44.593C soc0@43.031C gpu@44.437C tj@45.25C soc1@43.031C VDD_IN 3160mW/3131mW VDD_CPU_GPU_CV 519mW/520mW VDD_SOC 1080mW/1057mW
08-09-2026 20:09:27 RAM 2971/7620MB (lfb 19x4MB) SWAP 2/12002MB (cached 0MB) CPU [1%@729,0%@729,2%@729,3%@729,1%@729,0%@729] GR3D_FREQ 0% cpu@45.468C soc2@44.5C soc0@43.218C gpu@44.593C tj@45.468C soc1@42.968C VDD_IN 3120mW/3131mW VDD_CPU_GPU_CV 519mW/520mW VDD_SOC 1080mW/1057mW
08-09-2026 20:09:28 RAM 2971/7620MB (lfb 19x4MB) SWAP 2/12002MB (cached 0MB) CPU [0%@729,1%@729,1%@729,1%@729,1%@729,1%@729] GR3D_FREQ 0% cpu@45.25C soc2@44.562C soc0@42.937C gpu@44.687C tj@45.25C soc1@42.968C VDD_IN 3120mW/3130mW VDD_CPU_GPU_CV 519mW/520mW VDD_SOC 1080mW/1057mW
08-09-2026 20:09:29 RAM 2971/7620MB (lfb 19x4MB) SWAP 2/12002MB (cached 0MB) CPU [0%@729,1%@729,1%@729,1%@729,1%@729,1%@729] GR3D_FREQ 0% cpu@45.093C soc2@44.562C soc0@43.031C gpu@44.593C tj@45.25C soc1@43.031C VDD_IN 3120mW/3130mW VDD_CPU_GPU_CV 519mW/520mW VDD_SOC 1080mW/1058mW
08-09-2026 20:09:30 RAM 2971/7620MB (lfb 19x4MB) SWAP 2/12002MB (cached 0MB) CPU [1%@729,0%@729,3%@729,1%@729,1%@729,1%@729] GR3D_FREQ 0% cpu@45.218C soc2@44.562C soc0@43.125C gpu@44.406C tj@45.218C soc1@42.937C VDD_IN 3120mW/3130mW VDD_CPU_GPU_CV 519mW/520mW VDD_SOC 1080mW/1058mW
08-09-2026 20:09:31 RAM 2970/7620MB (lfb 19x4MB) SWAP 2/12002MB (cached 0MB) CPU [1%@729,2%@729,1%@729,1%@729,1%@729,1%@729] GR3D_FREQ 0% cpu@45.281C soc2@44.5C soc0@43.156C gpu@44.437C tj@45.281C soc1@42.937C VDD_IN 3120mW/3130mW VDD_CPU_GPU_CV 519mW/520mW VDD_SOC 1040mW/1058mW
08-09-2026 20:09:32 RAM 2970/7620MB (lfb 19x4MB) SWAP 2/12002MB (cached 0MB) CPU [0%@729,1%@729,2%@729,2%@729,0%@729,1%@729] GR3D_FREQ 0% cpu@45.562C soc2@44.5C soc0@43.062C gpu@44.437C tj@45.562C soc1@43C VDD_IN 3120mW/3130mW VDD_CPU_GPU_CV 519mW/520mW VDD_SOC 1040mW/1057mW
08-09-2026 20:09:33 RAM 2970/7620MB (lfb 19x4MB) SWAP 2/12002MB (cached 0MB) CPU [0%@729,1%@729,2%@729,1%@729,1%@729,0%@729] GR3D_FREQ 0% cpu@45.218C soc2@44.437C soc0@43.062C gpu@44.656C tj@45.218C soc1@43.062C VDD_IN 3120mW/3130mW VDD_CPU_GPU_CV 519mW/520mW VDD_SOC 1040mW/1057mW
08-09-2026 20:09:34 RAM 2970/7620MB (lfb 19x4MB) SWAP 2/12002MB (cached 0MB) CPU [1%@729,0%@729,1%@729,2%@729,1%@729,0%@729] GR3D_FREQ 0% cpu@45.218C soc2@44.625C soc0@43C gpu@44.656C tj@45.218C soc1@43.156C VDD_IN 3120mW/3130mW VDD_CPU_GPU_CV 519mW/520mW VDD_SOC 1040mW/1057mW
08-09-2026 20:09:35 RAM 2970/7620MB (lfb 19x4MB) SWAP 2/12002MB (cached 0MB) CPU [1%@729,0%@729,0%@729,3%@729,2%@729,1%@729] GR3D_FREQ 0% cpu@45.375C soc2@44.5C soc0@43.156C gpu@44.75C tj@45.375C soc1@43C VDD_IN 3120mW/3130mW VDD_CPU_GPU_CV 519mW/520mW VDD_SOC 1080mW/1057mW
08-09-2026 20:09:36 RAM 2970/7620MB (lfb 19x4MB) SWAP 2/12002MB (cached 0MB) CPU [0%@729,0%@729,1%@729,1%@729,2%@729,0%@729] GR3D_FREQ 0% cpu@45.156C soc2@44.562C soc0@43.031C gpu@44.5C tj@45.156C soc1@43C VDD_IN 3120mW/3129mW VDD_CPU_GPU_CV 519mW/520mW VDD_SOC 1040mW/1057mW
08-09-2026 20:09:37 RAM 2970/7620MB (lfb 19x4MB) SWAP 2/12002MB (cached 0MB) CPU [1%@729,0%@729,1%@729,1%@729,1%@729,0%@729] GR3D_FREQ 0% cpu@45.156C soc2@44.562C soc0@43.062C gpu@44.468C tj@45.156C soc1@43.125C VDD_IN 3120mW/3129mW VDD_CPU_GPU_CV 519mW/520mW VDD_SOC 1040mW/1057mW
08-09-2026 20:09:38 RAM 2970/7620MB (lfb 19x4MB) SWAP 2/12002MB (cached 0MB) CPU [1%@729,0%@729,1%@729,1%@729,1%@729,1%@729] GR3D_FREQ 0% cpu@45.406C soc2@44.593C soc0@43.031C gpu@44.531C tj@45.406C soc1@43.093C VDD_IN 3120mW/3129mW VDD_CPU_GPU_CV 519mW/520mW VDD_SOC 1040mW/1057mW
08-09-2026 20:09:39 RAM 2970/7620MB (lfb 19x4MB) SWAP 2/12002MB (cached 0MB) CPU [0%@729,1%@729,1%@729,2%@729,1%@729,1%@729] GR3D_FREQ 0% cpu@45.125C soc2@44.5C soc0@43.156C gpu@44.75C tj@45.125C soc1@43C VDD_IN 3120mW/3129mW VDD_CPU_GPU_CV 519mW/520mW VDD_SOC 1040mW/1056mW
08-09-2026 20:09:40 RAM 2970/7620MB (lfb 19x4MB) SWAP 2/12002MB (cached 0MB) CPU [1%@729,0%@729,1%@729,1%@729,1%@729,0%@729] GR3D_FREQ 0% cpu@45.343C soc2@44.531C soc0@43.125C gpu@44.843C tj@45.343C soc1@43.031C VDD_IN 3120mW/3129mW VDD_CPU_GPU_CV 519mW/520mW VDD_SOC 1040mW/1056mW
08-09-2026 20:09:41 RAM 2970/7620MB (lfb 19x4MB) SWAP 2/12002MB (cached 0MB) CPU [1%@729,1%@729,2%@729,2%@729,1%@729,0%@729] GR3D_FREQ 0% cpu@45.218C soc2@44.562C soc0@43.062C gpu@44.437C tj@45.218C soc1@43.093C VDD_IN 3120mW/3129mW VDD_CPU_GPU_CV 519mW/520mW VDD_SOC 1040mW/1056mW
08-09-2026 20:09:42 RAM 2970/7620MB (lfb 19x4MB) SWAP 2/12002MB (cached 0MB) CPU [1%@729,0%@729,1%@729,2%@729,1%@729,0%@729] GR3D_FREQ 0% cpu@45.437C soc2@44.5C soc0@43.156C gpu@44.593C tj@45.437C soc1@42.968C VDD_IN 3160mW/3129mW VDD_CPU_GPU_CV 519mW/520mW VDD_SOC 1040mW/1056mW
08-09-2026 20:09:43 RAM 2970/7620MB (lfb 19x4MB) SWAP 2/12002MB (cached 0MB) CPU [1%@729,0%@729,1%@729,1%@729,2%@729,1%@729] GR3D_FREQ 0% cpu@45.156C soc2@44.531C soc0@43.218C gpu@44.531C tj@45.187C soc1@43.062C VDD_IN 3120mW/3129mW VDD_CPU_GPU_CV 519mW/520mW VDD_SOC 1040mW/1056mW
08-09-2026 20:09:44 RAM 2970/7620MB (lfb 19x4MB) SWAP 2/12002MB (cached 0MB) CPU [3%@729,0%@729,1%@729,1%@729,1%@729,0%@729] GR3D_FREQ 0% cpu@45.593C soc2@44.531C soc0@43C gpu@44.875C tj@45.593C soc1@43C VDD_IN 3120mW/3129mW VDD_CPU_GPU_CV 519mW/520mW VDD_SOC 1040mW/1056mW
08-09-2026 20:09:45 RAM 2970/7620MB (lfb 19x4MB) SWAP 2/12002MB (cached 0MB) CPU [0%@729,1%@729,0%@729,2%@729,0%@729,0%@729] GR3D_FREQ 0% cpu@45.062C soc2@44.625C soc0@43.093C gpu@44.875C tj@45.062C soc1@43.093C VDD_IN 3120mW/3129mW VDD_CPU_GPU_CV 519mW/520mW VDD_SOC 1040mW/1055mW
08-09-2026 20:09:46 RAM 2970/7620MB (lfb 19x4MB) SWAP 2/12002MB (cached 0MB) CPU [2%@729,1%@729,2%@729,3%@729,0%@729,0%@729] GR3D_FREQ 0% cpu@45.218C soc2@44.562C soc0@43.125C gpu@44.875C tj@45.218C soc1@42.968C VDD_IN 3120mW/3129mW VDD_CPU_GPU_CV 519mW/520mW VDD_SOC 1080mW/1056mW
08-09-2026 20:09:47 RAM 2970/7620MB (lfb 19x4MB) SWAP 2/12002MB (cached 0MB) CPU [0%@729,0%@729,2%@729,2%@729,0%@729,1%@729] GR3D_FREQ 0% cpu@45.468C soc2@44.562C soc0@43.062C gpu@44.531C tj@45.468C soc1@43.031C VDD_IN 3160mW/3129mW VDD_CPU_GPU_CV 519mW/520mW VDD_SOC 1080mW/1056mW
08-09-2026 20:09:48 RAM 2970/7620MB (lfb 19x4MB) SWAP 2/12002MB (cached 0MB) CPU [1%@729,0%@729,2%@729,2%@729,1%@729,0%@729] GR3D_FREQ 0% cpu@45.156C soc2@44.562C soc0@43.031C gpu@44.656C tj@45.156C soc1@43.031C VDD_IN 3120mW/3129mW VDD_CPU_GPU_CV 519mW/520mW VDD_SOC 1080mW/1056mW
08-09-2026 20:09:49 RAM 2970/7620MB (lfb 19x4MB) SWAP 2/12002MB (cached 0MB) CPU [2%@729,0%@729,2%@729,0%@729,1%@729,1%@729] GR3D_FREQ 0% cpu@45.281C soc2@44.718C soc0@43.125C gpu@44.906C tj@45.281C soc1@43.062C VDD_IN 3120mW/3129mW VDD_CPU_GPU_CV 519mW/520mW VDD_SOC 1080mW/1056mW
08-09-2026 20:09:50 RAM 2970/7620MB (lfb 19x4MB) SWAP 2/12002MB (cached 0MB) CPU [0%@729,1%@729,2%@729,2%@729,0%@729,0%@729] GR3D_FREQ 0% cpu@45.375C soc2@44.562C soc0@43.218C gpu@44.468C tj@45.375C soc1@43.062C VDD_IN 3120mW/3129mW VDD_CPU_GPU_CV 519mW/520mW VDD_SOC 1080mW/1057mW
08-09-2026 20:09:51 RAM 2970/7620MB (lfb 19x4MB) SWAP 2/12002MB (cached 0MB) CPU [1%@729,1%@729,2%@729,2%@729,1%@729,0%@729] GR3D_FREQ 0% cpu@45.156C soc2@44.593C soc0@43.031C gpu@44.468C tj@45.156C soc1@43C VDD_IN 3120mW/3129mW VDD_CPU_GPU_CV 519mW/520mW VDD_SOC 1040mW/1056mW
08-09-2026 20:09:52 RAM 2970/7620MB (lfb 19x4MB) SWAP 2/12002MB (cached 0MB) CPU [1%@729,0%@729,2%@729,1%@729,1%@729,1%@729] GR3D_FREQ 0% cpu@45.281C soc2@44.656C soc0@43C gpu@44.656C tj@45.281C soc1@43.125C VDD_IN 3160mW/3129mW VDD_CPU_GPU_CV 519mW/520mW VDD_SOC 1040mW/1056mW
08-09-2026 20:09:53 RAM 2970/7620MB (lfb 19x4MB) SWAP 2/12002MB (cached 0MB) CPU [2%@729,0%@729,1%@729,1%@729,1%@729,1%@729] GR3D_FREQ 0% cpu@45.25C soc2@44.562C soc0@43.093C gpu@44.5C tj@45.25C soc1@43.156C VDD_IN 3120mW/3129mW VDD_CPU_GPU_CV 519mW/520mW VDD_SOC 1040mW/1056mW
08-09-2026 20:09:54 RAM 2970/7620MB (lfb 19x4MB) SWAP 2/12002MB (cached 0MB) CPU [0%@729,1%@729,2%@729,1%@729,1%@729,1%@729] GR3D_FREQ 0% cpu@45.437C soc2@44.593C soc0@43.156C gpu@44.437C tj@45.437C soc1@42.968C VDD_IN 3120mW/3129mW VDD_CPU_GPU_CV 519mW/520mW VDD_SOC 1040mW/1056mW
08-09-2026 20:09:55 RAM 2970/7620MB (lfb 19x4MB) SWAP 2/12002MB (cached 0MB) CPU [0%@729,1%@729,1%@729,1%@729,1%@729,1%@729] GR3D_FREQ 0% cpu@45.281C soc2@44.562C soc0@43.031C gpu@44.375C tj@45.281C soc1@43C VDD_IN 3120mW/3129mW VDD_CPU_GPU_CV 519mW/520mW VDD_SOC 1080mW/1056mW
08-09-2026 20:09:56 RAM 2970/7620MB (lfb 19x4MB) SWAP 2/12002MB (cached 0MB) CPU [2%@729,0%@729,2%@729,1%@729,1%@729,0%@729] GR3D_FREQ 0% cpu@45.218C soc2@44.625C soc0@43C gpu@44.625C tj@45.218C soc1@43.156C VDD_IN 3120mW/3129mW VDD_CPU_GPU_CV 519mW/520mW VDD_SOC 1040mW/1056mW
08-09-2026 20:09:57 RAM 2970/7620MB (lfb 19x4MB) SWAP 2/12002MB (cached 0MB) CPU [0%@729,0%@729,2%@729,2%@729,0%@729,2%@729] GR3D_FREQ 0% cpu@45.468C soc2@44.531C soc0@43.062C gpu@44.593C tj@45.468C soc1@43.187C VDD_IN 3160mW/3129mW VDD_CPU_GPU_CV 519mW/520mW VDD_SOC 1080mW/1056mW
08-09-2026 20:09:58 RAM 2970/7620MB (lfb 19x4MB) SWAP 2/12002MB (cached 0MB) CPU [2%@729,1%@729,2%@729,0%@729,1%@729,0%@729] GR3D_FREQ 0% cpu@45.281C soc2@44.593C soc0@43.25C gpu@44.625C tj@45.187C soc1@42.968C VDD_IN 3120mW/3129mW VDD_CPU_GPU_CV 519mW/520mW VDD_SOC 1040mW/1056mW
08-09-2026 20:09:59 RAM 2970/7620MB (lfb 19x4MB) SWAP 2/12002MB (cached 0MB) CPU [2%@729,1%@729,3%@729,2%@729,0%@729,0%@729] GR3D_FREQ 0% cpu@45.5C soc2@44.562C soc0@43.062C gpu@44.437C tj@45.187C soc1@43C VDD_IN 3160mW/3129mW VDD_CPU_GPU_CV 519mW/520mW VDD_SOC 1040mW/1056mW
08-09-2026 20:10:00 RAM 2970/7620MB (lfb 19x4MB) SWAP 2/12002MB (cached 0MB) CPU [1%@729,1%@729,3%@729,2%@729,1%@729,1%@729] GR3D_FREQ 0% cpu@45.187C soc2@44.625C soc0@43.062C gpu@44.437C tj@45.281C soc1@43.156C VDD_IN 3160mW/3129mW VDD_CPU_GPU_CV 519mW/520mW VDD_SOC 1040mW/1056mW
08-09-2026 20:10:01 RAM 2970/7620MB (lfb 19x4MB) SWAP 2/12002MB (cached 0MB) CPU [0%@729,0%@729,2%@729,1%@729,1%@729,1%@729] GR3D_FREQ 0% cpu@45.156C soc2@44.562C soc0@43.093C gpu@44.718C tj@45.531C soc1@43C VDD_IN 3120mW/3129mW VDD_CPU_GPU_CV 519mW/520mW VDD_SOC 1040mW/1056mW
08-09-2026 20:10:02 RAM 2970/7620MB (lfb 19x4MB) SWAP 2/12002MB (cached 0MB) CPU [1%@729,1%@729,3%@729,1%@729,0%@729,0%@729] GR3D_FREQ 0% cpu@45.437C soc2@44.531C soc0@42.937C gpu@44.75C tj@45.437C soc1@43.062C VDD_IN 3120mW/3129mW VDD_CPU_GPU_CV 519mW/520mW VDD_SOC 1040mW/1056mW
08-09-2026 20:10:03 RAM 2970/7620MB (lfb 19x4MB) SWAP 2/12002MB (cached 0MB) CPU [1%@729,0%@729,1%@729,2%@729,1%@729,0%@729] GR3D_FREQ 0% cpu@45.093C soc2@44.531C soc0@43.031C gpu@44.687C tj@45.093C soc1@43.062C VDD_IN 3120mW/3129mW VDD_CPU_GPU_CV 519mW/520mW VDD_SOC 1040mW/1055mW
08-09-2026 20:10:04 RAM 2970/7620MB (lfb 19x4MB) SWAP 2/12002MB (cached 0MB) CPU [2%@729,0%@729,1%@729,1%@729,1%@729,1%@729] GR3D_FREQ 0% cpu@45.156C soc2@44.593C soc0@43.031C gpu@44.437C tj@45.156C soc1@43.093C VDD_IN 3120mW/3129mW VDD_CPU_GPU_CV 519mW/520mW VDD_SOC 1040mW/1055mW
08-09-2026 20:10:05 RAM 2970/7620MB (lfb 19x4MB) SWAP 2/12002MB (cached 0MB) CPU [1%@729,1%@729,0%@729,1%@729,1%@729,1%@729] GR3D_FREQ 0% cpu@45.25C soc2@44.437C soc0@43.156C gpu@44.468C tj@45.25C soc1@42.968C VDD_IN 3160mW/3129mW VDD_CPU_GPU_CV 519mW/520mW VDD_SOC 1080mW/1055mW
08-09-2026 20:10:06 RAM 2970/7620MB (lfb 19x4MB) SWAP 2/12002MB (cached 0MB) CPU [1%@729,0%@729,0%@729,1%@729,1%@729,3%@729] GR3D_FREQ 0% cpu@45.593C soc2@44.562C soc0@43.062C gpu@44.656C tj@45.593C soc1@43.062C VDD_IN 3120mW/3129mW VDD_CPU_GPU_CV 519mW/520mW VDD_SOC 1040mW/1055mW
08-09-2026 20:10:07 RAM 2970/7620MB (lfb 19x4MB) SWAP 2/12002MB (cached 0MB) CPU [0%@729,0%@729,1%@729,1%@729,2%@729,1%@729] GR3D_FREQ 0% cpu@45.093C soc2@44.468C soc0@43.031C gpu@44.75C tj@45.093C soc1@43.062C VDD_IN 3120mW/3129mW VDD_CPU_GPU_CV 519mW/520mW VDD_SOC 1040mW/1055mW
08-09-2026 20:10:08 RAM 2970/7620MB (lfb 19x4MB) SWAP 2/12002MB (cached 0MB) CPU [1%@729,1%@729,1%@729,1%@729,1%@729,2%@729] GR3D_FREQ 0% cpu@45.187C soc2@44.593C soc0@43.031C gpu@44.718C tj@45.187C soc1@43.125C VDD_IN 3160mW/3129mW VDD_CPU_GPU_CV 519mW/519mW VDD_SOC 1040mW/1055mW
08-09-2026 20:10:09 RAM 2970/7620MB (lfb 19x4MB) SWAP 2/12002MB (cached 0MB) CPU [0%@729,1%@729,0%@729,2%@729,3%@729,1%@729] GR3D_FREQ 0% cpu@45.312C soc2@44.468C soc0@43.25C gpu@44.468C tj@45.312C soc1@43.062C VDD_IN 3120mW/3129mW VDD_CPU_GPU_CV 519mW/519mW VDD_SOC 1040mW/1055mW
08-09-2026 20:10:10 RAM 2970/7620MB (lfb 19x4MB) SWAP 2/12002MB (cached 0MB) CPU [1%@729,1%@729,1%@729,8%@729,2%@729,2%@729] GR3D_FREQ 0% cpu@45.187C soc2@44.531C soc0@43C gpu@44.5C tj@45.187C soc1@43C VDD_IN 3160mW/3130mW VDD_CPU_GPU_CV 519mW/519mW VDD_SOC 1080mW/1055mW
08-09-2026 20:10:11 RAM 2970/7620MB (lfb 19x4MB) SWAP 2/12002MB (cached 0MB) CPU [1%@729,0%@729,1%@729,1%@729,0%@729,1%@729] GR3D_FREQ 0% cpu@45.218C soc2@44.562C soc0@43C gpu@44.718C tj@45.218C soc1@43.125C VDD_IN 3120mW/3130mW VDD_CPU_GPU_CV 519mW/519mW VDD_SOC 1080mW/1055mW
08-09-2026 20:10:12 RAM 2970/7620MB (lfb 19x4MB) SWAP 2/12002MB (cached 0MB) CPU [1%@729,1%@729,2%@729,0%@729,1%@729,0%@729] GR3D_FREQ 0% cpu@45.343C soc2@44.531C soc0@43.125C gpu@44.687C tj@45.343C soc1@43C VDD_IN 3160mW/3130mW VDD_CPU_GPU_CV 519mW/519mW VDD_SOC 1080mW/1056mW
08-09-2026 20:10:13 RAM 2970/7620MB (lfb 19x4MB) SWAP 2/12002MB (cached 0MB) CPU [0%@729,0%@729,1%@729,1%@729,1%@729,1%@729] GR3D_FREQ 0% cpu@45.062C soc2@44.437C soc0@43.125C gpu@44.437C tj@45.062C soc1@43.031C VDD_IN 3120mW/3130mW VDD_CPU_GPU_CV 519mW/519mW VDD_SOC 1080mW/1056mW
08-09-2026 20:10:14 RAM 2970/7620MB (lfb 19x4MB) SWAP 2/12002MB (cached 0MB) CPU [1%@729,1%@729,1%@729,1%@729,1%@729,3%@729] GR3D_FREQ 0% cpu@45.187C soc2@44.531C soc0@43.093C gpu@44.468C tj@45.187C soc1@43.093C VDD_IN 3120mW/3130mW VDD_CPU_GPU_CV 519mW/519mW VDD_SOC 1080mW/1056mW
08-09-2026 20:10:15 RAM 2970/7620MB (lfb 19x4MB) SWAP 2/12002MB (cached 0MB) CPU [1%@729,0%@729,1%@729,1%@729,1%@729,3%@729] GR3D_FREQ 0% cpu@45.312C soc2@44.593C soc0@43.031C gpu@44.437C tj@45.312C soc1@43.125C VDD_IN 3120mW/3130mW VDD_CPU_GPU_CV 519mW/519mW VDD_SOC 1040mW/1056mW
08-09-2026 20:10:16 RAM 2970/7620MB (lfb 19x4MB) SWAP 2/12002MB (cached 0MB) CPU [1%@729,1%@729,2%@729,1%@729,1%@729,0%@729] GR3D_FREQ 0% cpu@45.375C soc2@44.5C soc0@43.125C gpu@44.75C tj@45.375C soc1@42.968C VDD_IN 3120mW/3129mW VDD_CPU_GPU_CV 519mW/519mW VDD_SOC 1040mW/1056mW
08-09-2026 20:10:17 RAM 2970/7620MB (lfb 19x4MB) SWAP 2/12002MB (cached 0MB) CPU [0%@729,1%@729,0%@729,2%@729,1%@729,1%@729] GR3D_FREQ 0% cpu@45.218C soc2@44.468C soc0@43C gpu@44.875C tj@45.156C soc1@43.062C VDD_IN 3120mW/3129mW VDD_CPU_GPU_CV 519mW/519mW VDD_SOC 1040mW/1056mW
08-09-2026 20:10:18 RAM 2970/7620MB (lfb 19x4MB) SWAP 2/12002MB (cached 0MB) CPU [1%@729,0%@729,1%@729,1%@729,1%@729,1%@729] GR3D_FREQ 0% cpu@45.187C soc2@44.687C soc0@43.125C gpu@44.531C tj@45.187C soc1@43.031C VDD_IN 3120mW/3129mW VDD_CPU_GPU_CV 519mW/519mW VDD_SOC 1040mW/1055mW
08-09-2026 20:10:19 RAM 2970/7620MB (lfb 19x4MB) SWAP 2/12002MB (cached 0MB) CPU [2%@729,0%@729,2%@729,1%@729,1%@729,0%@729] GR3D_FREQ 0% cpu@45.281C soc2@44.562C soc0@43.156C gpu@44.531C tj@45.281C soc1@43.218C VDD_IN 3120mW/3129mW VDD_CPU_GPU_CV 519mW/519mW VDD_SOC 1040mW/1055mW
08-09-2026 20:10:20 RAM 2970/7620MB (lfb 19x4MB) SWAP 2/12002MB (cached 0MB) CPU [1%@729,1%@729,1%@729,1%@729,1%@729,0%@729] GR3D_FREQ 0% cpu@45.125C soc2@44.562C soc0@43.125C gpu@44.906C tj@45.125C soc1@42.968C VDD_IN 3160mW/3129mW VDD_CPU_GPU_CV 519mW/519mW VDD_SOC 1080mW/1055mW
08-09-2026 20:10:21 RAM 2970/7620MB (lfb 19x4MB) SWAP 2/12002MB (cached 0MB) CPU [0%@729,1%@729,0%@729,1%@729,1%@729,1%@729] GR3D_FREQ 0% cpu@45.406C soc2@44.593C soc0@43C gpu@44.875C tj@45.406C soc1@43.093C VDD_IN 3120mW/3129mW VDD_CPU_GPU_CV 519mW/519mW VDD_SOC 1040mW/1055mW
08-09-2026 20:10:22 RAM 2970/7620MB (lfb 19x4MB) SWAP 2/12002MB (cached 0MB) CPU [1%@729,0%@729,1%@729,1%@729,3%@729,0%@729] GR3D_FREQ 0% cpu@45.156C soc2@44.593C soc0@43.031C gpu@44.5C tj@45.312C soc1@43.093C VDD_IN 3120mW/3129mW VDD_CPU_GPU_CV 519mW/519mW VDD_SOC 1040mW/1055mW
08-09-2026 20:10:23 RAM 2970/7620MB (lfb 19x4MB) SWAP 2/12002MB (cached 0MB) CPU [1%@729,1%@729,1%@729,1%@729,0%@729,0%@729] GR3D_FREQ 0% cpu@45.218C soc2@44.531C soc0@43.156C gpu@44.593C tj@45.531C soc1@42.968C VDD_IN 3120mW/3129mW VDD_CPU_GPU_CV 519mW/519mW VDD_SOC 1040mW/1055mW
08-09-2026 20:10:24 RAM 2970/7620MB (lfb 19x4MB) SWAP 2/12002MB (cached 0MB) CPU [1%@729,1%@729,1%@729,1%@729,0%@729,2%@729] GR3D_FREQ 0% cpu@45.312C soc2@44.562C soc0@42.937C gpu@44.625C tj@45.25C soc1@43.031C VDD_IN 3160mW/3129mW VDD_CPU_GPU_CV 519mW/519mW VDD_SOC 1040mW/1055mW
08-09-2026 20:10:25 RAM 2971/7620MB (lfb 19x4MB) SWAP 2/12002MB (cached 0MB) CPU [1%@729,1%@729,0%@729,1%@729,2%@729,1%@729] GR3D_FREQ 0% cpu@45.156C soc2@44.5C soc0@43C gpu@44.437C tj@45.25C soc1@43.093C VDD_IN 3120mW/3129mW VDD_CPU_GPU_CV 519mW/519mW VDD_SOC 1040mW/1055mW
08-09-2026 20:10:26 RAM 2971/7620MB (lfb 19x4MB) SWAP 2/12002MB (cached 0MB) CPU [1%@729,1%@729,2%@729,1%@729,1%@729,0%@729] GR3D_FREQ 0% cpu@45.218C soc2@44.531C soc0@43.093C gpu@44.437C tj@45.218C soc1@43.125C VDD_IN 3120mW/3129mW VDD_CPU_GPU_CV 519mW/519mW VDD_SOC 1040mW/1055mW
08-09-2026 20:10:27 RAM 2971/7620MB (lfb 19x4MB) SWAP 2/12002MB (cached 0MB) CPU [0%@729,1%@729,0%@729,1%@729,1%@729,1%@729] GR3D_FREQ 0% cpu@45.25C soc2@44.531C soc0@43.093C gpu@44.437C tj@45.25C soc1@42.937C VDD_IN 3160mW/3130mW VDD_CPU_GPU_CV 519mW/519mW VDD_SOC 1080mW/1055mW
08-09-2026 20:10:28 RAM 2971/7620MB (lfb 19x4MB) SWAP 2/12002MB (cached 0MB) CPU [1%@729,0%@729,0%@729,2%@729,1%@729,0%@729] GR3D_FREQ 0% cpu@45.562C soc2@44.5C soc0@43C gpu@44.625C tj@45.562C soc1@42.968C VDD_IN 3120mW/3129mW VDD_CPU_GPU_CV 519mW/519mW VDD_SOC 1080mW/1055mW
08-09-2026 20:10:29 RAM 2971/7620MB (lfb 19x4MB) SWAP 2/12002MB (cached 0MB) CPU [1%@729,2%@729,2%@729,1%@729,1%@729,0%@729] GR3D_FREQ 0% cpu@45.156C soc2@44.5C soc0@43.093C gpu@44.656C tj@45.156C soc1@43.093C VDD_IN 3120mW/3129mW VDD_CPU_GPU_CV 519mW/519mW VDD_SOC 1040mW/1055mW
08-09-2026 20:10:30 RAM 2971/7620MB (lfb 19x4MB) SWAP 2/12002MB (cached 0MB) CPU [1%@729,1%@729,0%@729,1%@729,0%@729,1%@729] GR3D_FREQ 0% cpu@45.156C soc2@44.531C soc0@43C gpu@44.656C tj@45.156C soc1@43.125C VDD_IN 3120mW/3129mW VDD_CPU_GPU_CV 519mW/519mW VDD_SOC 1040mW/1055mW
08-09-2026 20:10:31 RAM 2971/7620MB (lfb 19x4MB) SWAP 2/12002MB (cached 0MB) CPU [0%@729,1%@729,0%@729,1%@729,3%@729,1%@729] GR3D_FREQ 0% cpu@45.375C soc2@44.468C soc0@43.093C gpu@44.406C tj@45.375C soc1@42.937C VDD_IN 3120mW/3129mW VDD_CPU_GPU_CV 519mW/519mW VDD_SOC 1040mW/1055mW
08-09-2026 20:10:32 RAM 2971/7620MB (lfb 19x4MB) SWAP 2/12002MB (cached 0MB) CPU [0%@729,1%@729,1%@729,1%@729,1%@729,0%@729] GR3D_FREQ 0% cpu@45.187C soc2@44.562C soc0@43.156C gpu@44.437C tj@45.187C soc1@43C VDD_IN 3120mW/3129mW VDD_CPU_GPU_CV 519mW/519mW VDD_SOC 1040mW/1055mW
08-09-2026 20:10:33 RAM 2969/7620MB (lfb 19x4MB) SWAP 2/12002MB (cached 0MB) CPU [0%@729,1%@729,0%@729,2%@729,1%@729,0%@729] GR3D_FREQ 0% cpu@45.468C soc2@44.562C soc0@43C gpu@44.5C tj@45.156C soc1@43.093C VDD_IN 3120mW/3129mW VDD_CPU_GPU_CV 519mW/519mW VDD_SOC 1040mW/1055mW
08-09-2026 20:10:34 RAM 2969/7620MB (lfb 19x4MB) SWAP 2/12002MB (cached 0MB) CPU [3%@729,1%@729,1%@729,0%@729,1%@729,1%@729] GR3D_FREQ 0% cpu@45.156C soc2@44.562C soc0@43.031C gpu@44.687C tj@45.156C soc1@43.125C VDD_IN 3120mW/3129mW VDD_CPU_GPU_CV 519mW/519mW VDD_SOC 1040mW/1054mW
08-09-2026 20:10:35 RAM 2969/7620MB (lfb 19x4MB) SWAP 2/12002MB (cached 0MB) CPU [1%@729,2%@729,1%@729,1%@729,1%@729,0%@729] GR3D_FREQ 0% cpu@45.156C soc2@44.625C soc0@43.218C gpu@44.625C tj@45.156C soc1@43C VDD_IN 3120mW/3129mW VDD_CPU_GPU_CV 519mW/519mW VDD_SOC 1040mW/1054mW
08-09-2026 20:10:36 RAM 2969/7620MB (lfb 19x4MB) SWAP 2/12002MB (cached 0MB) CPU [0%@729,1%@729,0%@729,1%@729,1%@729,1%@729] GR3D_FREQ 0% cpu@45.281C soc2@44.468C soc0@42.937C gpu@44.656C tj@45.281C soc1@43.031C VDD_IN 3120mW/3129mW VDD_CPU_GPU_CV 519mW/519mW VDD_SOC 1040mW/1054mW
08-09-2026 20:10:37 RAM 2969/7620MB (lfb 19x4MB) SWAP 2/12002MB (cached 0MB) CPU [1%@729,1%@729,1%@729,0%@729,1%@729,1%@729] GR3D_FREQ 0% cpu@45.125C soc2@44.562C soc0@43.031C gpu@44.468C tj@45.125C soc1@43.062C VDD_IN 3120mW/3129mW VDD_CPU_GPU_CV 519mW/519mW VDD_SOC 1040mW/1054mW
08-09-2026 20:10:38 RAM 2969/7620MB (lfb 19x4MB) SWAP 2/12002MB (cached 0MB) CPU [0%@729,0%@729,1%@729,1%@729,1%@729,0%@729] GR3D_FREQ 0% cpu@45.218C soc2@44.625C soc0@43.187C gpu@44.468C tj@45.218C soc1@43.156C VDD_IN 3120mW/3129mW VDD_CPU_GPU_CV 519mW/519mW VDD_SOC 1040mW/1054mW
08-09-2026 20:10:39 RAM 2969/7620MB (lfb 19x4MB) SWAP 2/12002MB (cached 0MB) CPU [1%@729,1%@729,1%@729,1%@729,0%@729,0%@729] GR3D_FREQ 0% cpu@45.218C soc2@44.531C soc0@43.218C gpu@44.687C tj@45.218C soc1@42.968C VDD_IN 3120mW/3129mW VDD_CPU_GPU_CV 519mW/519mW VDD_SOC 1040mW/1054mW
08-09-2026 20:10:40 RAM 2969/7620MB (lfb 19x4MB) SWAP 2/12002MB (cached 0MB) CPU [0%@729,1%@729,2%@729,0%@729,1%@729,0%@729] GR3D_FREQ 0% cpu@45.468C soc2@44.437C soc0@43C gpu@44.718C tj@45.468C soc1@43C VDD_IN 3160mW/3129mW VDD_CPU_GPU_CV 519mW/519mW VDD_SOC 1040mW/1054mW
08-09-2026 20:10:41 RAM 2969/7620MB (lfb 19x4MB) SWAP 2/12002MB (cached 0MB) CPU [1%@729,0%@729,1%@729,2%@729,1%@729,1%@729] GR3D_FREQ 0% cpu@45.125C soc2@44.5C soc0@43.062C gpu@44.75C tj@45.125C soc1@43.031C VDD_IN 3120mW/3129mW VDD_CPU_GPU_CV 519mW/519mW VDD_SOC 1040mW/1054mW
08-09-2026 20:10:42 RAM 2969/7620MB (lfb 19x4MB) SWAP 2/12002MB (cached 0MB) CPU [1%@729,0%@729,1%@729,1%@729,0%@729,0%@729] GR3D_FREQ 0% cpu@45.312C soc2@44.562C soc0@43.062C gpu@44.5C tj@45.312C soc1@43.156C VDD_IN 3120mW/3129mW VDD_CPU_GPU_CV 519mW/519mW VDD_SOC 1040mW/1054mW
08-09-2026 20:10:43 RAM 2969/7620MB (lfb 19x4MB) SWAP 2/12002MB (cached 0MB) CPU [1%@729,2%@729,2%@729,1%@729,1%@729,0%@729] GR3D_FREQ 0% cpu@45.468C soc2@44.437C soc0@43.125C gpu@44.5C tj@45.468C soc1@43C VDD_IN 3120mW/3129mW VDD_CPU_GPU_CV 519mW/519mW VDD_SOC 1040mW/1054mW
08-09-2026 20:10:44 RAM 2969/7620MB (lfb 19x4MB) SWAP 2/12002MB (cached 0MB) CPU [0%@729,1%@729,1%@729,1%@729,0%@729,1%@729] GR3D_FREQ 0% cpu@45.156C soc2@44.468C soc0@42.968C gpu@44.468C tj@45.156C soc1@43C VDD_IN 3120mW/3129mW VDD_CPU_GPU_CV 519mW/519mW VDD_SOC 1040mW/1054mW
08-09-2026 20:10:45 RAM 2969/7620MB (lfb 19x4MB) SWAP 2/12002MB (cached 0MB) CPU [1%@729,0%@729,2%@729,1%@729,1%@729,0%@729] GR3D_FREQ 0% cpu@45.562C soc2@44.562C soc0@43C gpu@44.531C tj@45.187C soc1@43C VDD_IN 3160mW/3129mW VDD_CPU_GPU_CV 519mW/519mW VDD_SOC 1040mW/1053mW
08-09-2026 20:10:46 RAM 2969/7620MB (lfb 19x4MB) SWAP 2/12002MB (cached 0MB) CPU [1%@729,1%@729,2%@729,0%@729,1%@729,2%@729] GR3D_FREQ 0% cpu@45.093C soc2@44.531C soc0@43.062C gpu@44.781C tj@45.093C soc1@43.031C VDD_IN 3120mW/3129mW VDD_CPU_GPU_CV 519mW/519mW VDD_SOC 1040mW/1053mW
08-09-2026 20:10:47 RAM 2969/7620MB (lfb 19x4MB) SWAP 2/12002MB (cached 0MB) CPU [0%@729,1%@729,2%@729,0%@729,0%@729,1%@729] GR3D_FREQ 0% cpu@45.187C soc2@44.593C soc0@43.281C gpu@44.718C tj@45.187C soc1@43C VDD_IN 3120mW/3129mW VDD_CPU_GPU_CV 519mW/519mW VDD_SOC 1040mW/1053mW
08-09-2026 20:10:48 RAM 2969/7620MB (lfb 19x4MB) SWAP 2/12002MB (cached 0MB) CPU [1%@729,0%@729,1%@729,1%@729,0%@729,1%@729] GR3D_FREQ 0% cpu@45.375C soc2@44.5C soc0@43.125C gpu@44.875C tj@45.375C soc1@43.031C VDD_IN 3120mW/3129mW VDD_CPU_GPU_CV 519mW/519mW VDD_SOC 1040mW/1053mW
08-09-2026 20:10:49 RAM 2969/7620MB (lfb 19x4MB) SWAP 2/12002MB (cached 0MB) CPU [0%@729,0%@729,3%@729,0%@729,1%@729,0%@729] GR3D_FREQ 0% cpu@45.125C soc2@44.5C soc0@42.968C gpu@44.5C tj@45.125C soc1@43.031C VDD_IN 3120mW/3129mW VDD_CPU_GPU_CV 519mW/519mW VDD_SOC 1040mW/1053mW
08-09-2026 20:10:50 RAM 2969/7620MB (lfb 19x4MB) SWAP 2/12002MB (cached 0MB) CPU [0%@729,0%@729,3%@729,0%@729,0%@729,0%@729] GR3D_FREQ 0% cpu@45.187C soc2@44.468C soc0@43.031C gpu@44.531C tj@45.187C soc1@43.125C VDD_IN 3120mW/3129mW VDD_CPU_GPU_CV 519mW/519mW VDD_SOC 1040mW/1053mW
08-09-2026 20:10:51 RAM 2969/7620MB (lfb 19x4MB) SWAP 2/12002MB (cached 0MB) CPU [1%@729,0%@729,4%@729,2%@729,1%@729,1%@729] GR3D_FREQ 0% cpu@45.281C soc2@44.562C soc0@43.031C gpu@44.468C tj@45.281C soc1@43.062C VDD_IN 3160mW/3129mW VDD_CPU_GPU_CV 519mW/519mW VDD_SOC 1080mW/1053mW
08-09-2026 20:10:52 RAM 2969/7620MB (lfb 19x4MB) SWAP 2/12002MB (cached 0MB) CPU [1%@729,0%@729,1%@729,1%@729,0%@729,0%@729] GR3D_FREQ 0% cpu@45.156C soc2@44.468C soc0@43.187C gpu@44.531C tj@45.156C soc1@43C VDD_IN 3120mW/3129mW VDD_CPU_GPU_CV 519mW/519mW VDD_SOC 1040mW/1053mW
08-09-2026 20:10:53 RAM 2973/7620MB (lfb 19x4MB) SWAP 2/12002MB (cached 0MB) CPU [1%@729,1%@729,2%@729,1%@729,0%@729,2%@729] GR3D_FREQ 0% cpu@45.343C soc2@44.437C soc0@43.031C gpu@44.906C tj@45.312C soc1@42.968C VDD_IN 3160mW/3129mW VDD_CPU_GPU_CV 519mW/519mW VDD_SOC 1080mW/1053mW
08-09-2026 20:10:54 RAM 2973/7620MB (lfb 19x4MB) SWAP 2/12002MB (cached 0MB) CPU [1%@729,1%@729,2%@729,1%@729,0%@729,1%@729] GR3D_FREQ 0% cpu@45.187C soc2@44.562C soc0@43.062C gpu@44.406C tj@45.187C soc1@43.031C VDD_IN 3120mW/3129mW VDD_CPU_GPU_CV 519mW/519mW VDD_SOC 1040mW/1053mW
08-09-2026 20:10:55 RAM 2973/7620MB (lfb 19x4MB) SWAP 2/12002MB (cached 0MB) CPU [1%@729,1%@729,2%@729,0%@729,1%@729,1%@729] GR3D_FREQ 0% cpu@45.125C soc2@44.593C soc0@43.093C gpu@44.437C tj@45.125C soc1@43.187C VDD_IN 3160mW/3129mW VDD_CPU_GPU_CV 519mW/519mW VDD_SOC 1040mW/1053mW
08-09-2026 20:10:56 RAM 2973/7620MB (lfb 19x4MB) SWAP 2/12002MB (cached 0MB) CPU [1%@729,0%@729,1%@729,0%@729,1%@729,1%@729] GR3D_FREQ 0% cpu@45.281C soc2@44.437C soc0@43.156C gpu@44.593C tj@45.281C soc1@43.031C VDD_IN 3120mW/3129mW VDD_CPU_GPU_CV 519mW/519mW VDD_SOC 1040mW/1053mW
08-09-2026 20:10:57 RAM 2973/7620MB (lfb 19x4MB) SWAP 2/12002MB (cached 0MB) CPU [3%@729,1%@729,2%@729,1%@729,1%@729,1%@729] GR3D_FREQ 0% cpu@45.093C soc2@44.531C soc0@43.031C gpu@44.687C tj@45.093C soc1@43.031C VDD_IN 3160mW/3129mW VDD_CPU_GPU_CV 519mW/519mW VDD_SOC 1080mW/1053mW
08-09-2026 20:10:58 RAM 2973/7620MB (lfb 19x4MB) SWAP 2/12002MB (cached 0MB) CPU [1%@729,2%@729,2%@729,1%@729,1%@729,1%@729] GR3D_FREQ 0% cpu@45.125C soc2@44.593C soc0@43C gpu@44.593C tj@45.125C soc1@43.093C VDD_IN 3120mW/3129mW VDD_CPU_GPU_CV 519mW/519mW VDD_SOC 1040mW/1053mW
08-09-2026 20:10:59 RAM 2972/7620MB (lfb 19x4MB) SWAP 2/12002MB (cached 0MB) CPU [2%@729,0%@729,2%@729,0%@729,0%@729,1%@729] GR3D_FREQ 0% cpu@45.281C soc2@44.625C soc0@43.062C gpu@44.437C tj@45.281C soc1@43.125C VDD_IN 3160mW/3129mW VDD_CPU_GPU_CV 519mW/519mW VDD_SOC 1040mW/1053mW
08-09-2026 20:11:00 RAM 2972/7620MB (lfb 19x4MB) SWAP 2/12002MB (cached 0MB) CPU [0%@729,1%@729,5%@729,2%@729,3%@729,2%@729] GR3D_FREQ 0% cpu@45.437C soc2@44.531C soc0@43.156C gpu@44.437C tj@45.437C soc1@43C VDD_IN 3160mW/3129mW VDD_CPU_GPU_CV 519mW/519mW VDD_SOC 1080mW/1053mW
08-09-2026 20:11:01 RAM 2972/7620MB (lfb 19x4MB) SWAP 2/12002MB (cached 0MB) CPU [1%@729,0%@729,2%@729,0%@729,0%@729,1%@729] GR3D_FREQ 0% cpu@45.187C soc2@44.5C soc0@42.968C gpu@44.312C tj@45.093C soc1@42.968C VDD_IN 3160mW/3130mW VDD_CPU_GPU_CV 519mW/519mW VDD_SOC 1080mW/1053mW
08-09-2026 20:11:02 RAM 2972/7620MB (lfb 19x4MB) SWAP 2/12002MB (cached 0MB) CPU [1%@729,0%@729,2%@729,2%@729,1%@729,2%@729] GR3D_FREQ 0% cpu@45.218C soc2@44.5C soc0@43.093C gpu@44.687C tj@45.218C soc1@43.062C VDD_IN 3120mW/3130mW VDD_CPU_GPU_CV 519mW/519mW VDD_SOC 1040mW/1053mW
08-09-2026 20:11:03 RAM 2972/7620MB (lfb 19x4MB) SWAP 2/12002MB (cached 0MB) CPU [1%@729,1%@729,1%@729,0%@729,0%@729,1%@729] GR3D_FREQ 0% cpu@45.156C soc2@44.531C soc0@43.031C gpu@44.562C tj@45.281C soc1@43.218C VDD_IN 3120mW/3130mW VDD_CPU_GPU_CV 519mW/519mW VDD_SOC 1040mW/1053mW
08-09-2026 20:11:04 RAM 2972/7620MB (lfb 19x4MB) SWAP 2/12002MB (cached 0MB) CPU [1%@729,0%@729,2%@729,0%@729,1%@729,1%@729] GR3D_FREQ 0% cpu@45.25C soc2@44.437C soc0@43.156C gpu@44.75C tj@45.25C soc1@42.906C VDD_IN 3160mW/3130mW VDD_CPU_GPU_CV 519mW/519mW VDD_SOC 1080mW/1053mW
08-09-2026 20:11:05 RAM 2972/7620MB (lfb 19x4MB) SWAP 2/12002MB (cached 0MB) CPU [1%@729,1%@729,2%@729,0%@729,0%@729,1%@729] GR3D_FREQ 0% cpu@45.375C soc2@44.562C soc0@43C gpu@44.75C tj@45.375C soc1@43.062C VDD_IN 3120mW/3130mW VDD_CPU_GPU_CV 519mW/519mW VDD_SOC 1040mW/1053mW
08-09-2026 20:11:06 RAM 2972/7620MB (lfb 19x4MB) SWAP 2/12002MB (cached 0MB) CPU [1%@729,1%@729,1%@729,1%@729,1%@729,2%@729] GR3D_FREQ 0% cpu@45.093C soc2@44.531C soc0@43.062C gpu@44.468C tj@45.093C soc1@43.031C VDD_IN 3120mW/3130mW VDD_CPU_GPU_CV 519mW/519mW VDD_SOC 1040mW/1053mW
08-09-2026 20:11:07 RAM 2972/7620MB (lfb 19x4MB) SWAP 2/12002MB (cached 0MB) CPU [1%@729,0%@729,2%@729,0%@729,1%@729,1%@729] GR3D_FREQ 0% cpu@45.187C soc2@44.531C soc0@43.062C gpu@44.437C tj@45.187C soc1@43.125C VDD_IN 3120mW/3130mW VDD_CPU_GPU_CV 519mW/519mW VDD_SOC 1040mW/1053mW
08-09-2026 20:11:08 RAM 2972/7620MB (lfb 19x4MB) SWAP 2/12002MB (cached 0MB) CPU [1%@729,2%@729,1%@729,2%@729,1%@729,2%@729] GR3D_FREQ 0% cpu@45.312C soc2@44.625C soc0@43.093C gpu@44.5C tj@45.312C soc1@42.968C VDD_IN 3120mW/3129mW VDD_CPU_GPU_CV 519mW/519mW VDD_SOC 1040mW/1053mW
08-09-2026 20:11:09 RAM 2972/7620MB (lfb 19x4MB) SWAP 2/12002MB (cached 0MB) CPU [0%@729,0%@729,2%@729,1%@729,2%@729,2%@729] GR3D_FREQ 0% cpu@45.218C soc2@44.562C soc0@43.062C gpu@44.468C tj@45.218C soc1@43C VDD_IN 3120mW/3129mW VDD_CPU_GPU_CV 519mW/519mW VDD_SOC 1040mW/1053mW
08-09-2026 20:11:10 RAM 2972/7620MB (lfb 19x4MB) SWAP 2/12002MB (cached 0MB) CPU [2%@729,2%@729,2%@729,0%@729,9%@729,2%@729] GR3D_FREQ 0% cpu@45.406C soc2@44.625C soc0@42.968C gpu@44.781C tj@45.406C soc1@43.093C VDD_IN 3160mW/3130mW VDD_CPU_GPU_CV 519mW/519mW VDD_SOC 1080mW/1053mW
08-09-2026 20:11:11 RAM 2972/7620MB (lfb 19x4MB) SWAP 2/12002MB (cached 0MB) CPU [1%@729,0%@729,1%@729,2%@729,1%@729,1%@729] GR3D_FREQ 0% cpu@45.156C soc2@44.593C soc0@43C gpu@44.718C tj@45.156C soc1@43.125C VDD_IN 3160mW/3130mW VDD_CPU_GPU_CV 519mW/519mW VDD_SOC 1040mW/1053mW
08-09-2026 20:11:12 RAM 2972/7620MB (lfb 19x4MB) SWAP 2/12002MB (cached 0MB) CPU [1%@729,1%@729,0%@729,1%@729,0%@729,1%@729] GR3D_FREQ 0% cpu@45.25C soc2@44.687C soc0@43.093C gpu@44.781C tj@45.25C soc1@43.125C VDD_IN 3120mW/3130mW VDD_CPU_GPU_CV 519mW/519mW VDD_SOC 1080mW/1053mW
08-09-2026 20:11:13 RAM 2972/7620MB (lfb 19x4MB) SWAP 2/12002MB (cached 0MB) CPU [1%@729,0%@729,2%@729,3%@729,1%@729,1%@729] GR3D_FREQ 0% cpu@45.375C soc2@44.531C soc0@43.125C gpu@44.562C tj@45.375C soc1@42.937C VDD_IN 3120mW/3130mW VDD_CPU_GPU_CV 519mW/519mW VDD_SOC 1040mW/1053mW
08-09-2026 20:11:14 RAM 2972/7620MB (lfb 19x4MB) SWAP 2/12002MB (cached 0MB) CPU [1%@729,1%@729,0%@729,0%@729,1%@729,1%@729] GR3D_FREQ 0% cpu@45.156C soc2@44.562C soc0@43.031C gpu@44.562C tj@45.156C soc1@43.062C VDD_IN 3120mW/3130mW VDD_CPU_GPU_CV 519mW/519mW VDD_SOC 1040mW/1053mW
08-09-2026 20:11:15 RAM 2972/7620MB (lfb 19x4MB) SWAP 2/12002MB (cached 0MB) CPU [1%@729,0%@729,1%@729,2%@729,1%@729,1%@729] GR3D_FREQ 0% cpu@45.25C soc2@44.562C soc0@43.093C gpu@44.593C tj@45.25C soc1@43.125C VDD_IN 3120mW/3130mW VDD_CPU_GPU_CV 519mW/519mW VDD_SOC 1040mW/1053mW
08-09-2026 20:11:16 RAM 2972/7620MB (lfb 19x4MB) SWAP 2/12002MB (cached 0MB) CPU [1%@729,1%@729,3%@729,1%@729,0%@729,1%@729] GR3D_FREQ 0% cpu@45.25C soc2@44.625C soc0@43.031C gpu@44.5C tj@45.25C soc1@43.218C VDD_IN 3160mW/3130mW VDD_CPU_GPU_CV 519mW/519mW VDD_SOC 1040mW/1053mW
08-09-2026 20:11:17 RAM 2972/7620MB (lfb 19x4MB) SWAP 2/12002MB (cached 0MB) CPU [0%@729,1%@729,1%@729,1%@729,0%@729,0%@729] GR3D_FREQ 0% cpu@45.5C soc2@44.5C soc0@43.156C gpu@44.906C tj@45.5C soc1@43C VDD_IN 3120mW/3130mW VDD_CPU_GPU_CV 519mW/519mW VDD_SOC 1040mW/1053mW
08-09-2026 20:11:18 RAM 2972/7620MB (lfb 19x4MB) SWAP 2/12002MB (cached 0MB) CPU [2%@729,2%@729,1%@729,1%@729,2%@729,0%@729] GR3D_FREQ 0% cpu@45.312C soc2@44.531C soc0@42.968C gpu@44.875C tj@45.25C soc1@43.031C VDD_IN 3120mW/3130mW VDD_CPU_GPU_CV 519mW/519mW VDD_SOC 1040mW/1053mW
08-09-2026 20:11:19 RAM 2972/7620MB (lfb 19x4MB) SWAP 2/12002MB (cached 0MB) CPU [0%@729,1%@729,1%@729,1%@729,1%@729,1%@729] GR3D_FREQ 0% cpu@45.125C soc2@44.5C soc0@43C gpu@44.968C tj@45.125C soc1@43.125C VDD_IN 3160mW/3130mW VDD_CPU_GPU_CV 519mW/519mW VDD_SOC 1080mW/1053mW
08-09-2026 20:11:20 RAM 2972/7620MB (lfb 19x4MB) SWAP 2/12002MB (cached 0MB) CPU [0%@729,1%@729,2%@729,0%@729,0%@729,1%@729] GR3D_FREQ 0% cpu@45.156C soc2@44.531C soc0@43C gpu@44.625C tj@45.156C soc1@43.093C VDD_IN 3120mW/3130mW VDD_CPU_GPU_CV 519mW/519mW VDD_SOC 1040mW/1053mW
08-09-2026 20:11:21 RAM 2972/7620MB (lfb 19x4MB) SWAP 2/12002MB (cached 0MB) CPU [1%@729,1%@729,1%@729,1%@729,0%@729,1%@729] GR3D_FREQ 0% cpu@45.281C soc2@44.562C soc0@43.031C gpu@44.562C tj@45.281C soc1@42.937C VDD_IN 3120mW/3130mW VDD_CPU_GPU_CV 519mW/519mW VDD_SOC 1040mW/1053mW
08-09-2026 20:11:22 RAM 2972/7620MB (lfb 19x4MB) SWAP 2/12002MB (cached 0MB) CPU [1%@729,1%@729,4%@729,1%@729,0%@729,1%@729] GR3D_FREQ 0% cpu@45.406C soc2@44.625C soc0@43.031C gpu@44.593C tj@45.406C soc1@42.937C VDD_IN 3120mW/3130mW VDD_CPU_GPU_CV 519mW/519mW VDD_SOC 1040mW/1053mW
08-09-2026 20:11:23 RAM 2972/7620MB (lfb 19x4MB) SWAP 2/12002MB (cached 0MB) CPU [1%@729,1%@729,3%@729,1%@729,0%@729,0%@729] GR3D_FREQ 0% cpu@45.093C soc2@44.562C soc0@43C gpu@44.375C tj@45.093C soc1@43.031C VDD_IN 3120mW/3130mW VDD_CPU_GPU_CV 519mW/519mW VDD_SOC 1040mW/1053mW
08-09-2026 20:11:24 RAM 2972/7620MB (lfb 19x4MB) SWAP 2/12002MB (cached 0MB) CPU [1%@729,1%@729,1%@729,1%@729,1%@729,1%@729] GR3D_FREQ 0% cpu@45.156C soc2@44.562C soc0@43.062C gpu@44.375C tj@45.156C soc1@43.125C VDD_IN 3120mW/3129mW VDD_CPU_GPU_CV 519mW/519mW VDD_SOC 1080mW/1053mW
08-09-2026 20:11:25 RAM 2972/7620MB (lfb 19x4MB) SWAP 2/12002MB (cached 0MB) CPU [2%@729,0%@729,1%@729,1%@729,1%@729,2%@729] GR3D_FREQ 0% cpu@45.375C soc2@44.531C soc0@43C gpu@44.437C tj@45.375C soc1@43C VDD_IN 3160mW/3130mW VDD_CPU_GPU_CV 519mW/519mW VDD_SOC 1080mW/1053mW
08-09-2026 20:11:26 RAM 2972/7620MB (lfb 19x4MB) SWAP 2/12002MB (cached 0MB) CPU [1%@729,1%@729,1%@729,1%@729,0%@729,2%@729] GR3D_FREQ 0% cpu@45.156C soc2@44.531C soc0@42.968C gpu@44.625C tj@45.156C soc1@43C VDD_IN 3120mW/3130mW VDD_CPU_GPU_CV 519mW/519mW VDD_SOC 1040mW/1053mW
08-09-2026 20:11:27 RAM 2972/7620MB (lfb 19x4MB) SWAP 2/12002MB (cached 0MB) CPU [1%@729,0%@729,2%@729,3%@729,0%@729,2%@729] GR3D_FREQ 0% cpu@45.125C soc2@44.531C soc0@42.937C gpu@44.625C tj@45.125C soc1@43.031C VDD_IN 3120mW/3130mW VDD_CPU_GPU_CV 519mW/519mW VDD_SOC 1080mW/1053mW
08-09-2026 20:11:28 RAM 2972/7620MB (lfb 19x4MB) SWAP 2/12002MB (cached 0MB) CPU [1%@729,2%@729,1%@729,1%@729,1%@729,1%@729] GR3D_FREQ 0% cpu@45.312C soc2@44.593C soc0@43.031C gpu@44.75C tj@45.312C soc1@43.062C VDD_IN 3120mW/3129mW VDD_CPU_GPU_CV 519mW/519mW VDD_SOC 1040mW/1053mW
08-09-2026 20:11:29 RAM 2972/7620MB (lfb 19x4MB) SWAP 2/12002MB (cached 0MB) CPU [1%@729,1%@729,2%@729,1%@729,0%@729,1%@729] GR3D_FREQ 0% cpu@45.156C soc2@44.562C soc0@43.062C gpu@44.437C tj@45.156C soc1@42.937C VDD_IN 3120mW/3129mW VDD_CPU_GPU_CV 519mW/519mW VDD_SOC 1040mW/1053mW
08-09-2026 20:11:30 RAM 2972/7620MB (lfb 19x4MB) SWAP 2/12002MB (cached 0MB) CPU [4%@729,0%@729,1%@729,1%@729,1%@729,1%@729] GR3D_FREQ 0% cpu@45.281C soc2@44.5C soc0@43.093C gpu@44.437C tj@45.281C soc1@42.906C VDD_IN 3120mW/3129mW VDD_CPU_GPU_CV 519mW/519mW VDD_SOC 1040mW/1053mW
08-09-2026 20:11:31 RAM 2972/7620MB (lfb 19x4MB) SWAP 2/12002MB (cached 0MB) CPU [0%@729,1%@729,2%@729,1%@729,0%@729,1%@729] GR3D_FREQ 0% cpu@45.062C soc2@44.531C soc0@43C gpu@44.437C tj@45.062C soc1@42.968C VDD_IN 3120mW/3129mW VDD_CPU_GPU_CV 519mW/519mW VDD_SOC 1040mW/1053mW
08-09-2026 20:11:32 RAM 2972/7620MB (lfb 19x4MB) SWAP 2/12002MB (cached 0MB) CPU [1%@729,0%@729,1%@729,1%@729,0%@729,1%@729] GR3D_FREQ 0% cpu@45.093C soc2@44.468C soc0@42.968C gpu@44.562C tj@45.093C soc1@43.093C VDD_IN 3120mW/3129mW VDD_CPU_GPU_CV 519mW/519mW VDD_SOC 1040mW/1053mW
08-09-2026 20:11:33 RAM 2972/7620MB (lfb 19x4MB) SWAP 2/12002MB (cached 0MB) CPU [2%@729,1%@729,2%@729,1%@729,0%@729,1%@729] GR3D_FREQ 0% cpu@45.218C soc2@44.531C soc0@43.093C gpu@44.562C tj@45.218C soc1@42.906C VDD_IN 3120mW/3129mW VDD_CPU_GPU_CV 519mW/519mW VDD_SOC 1040mW/1053mW
08-09-2026 20:11:34 RAM 2972/7620MB (lfb 19x4MB) SWAP 2/12002MB (cached 0MB) CPU [2%@729,0%@729,1%@729,1%@729,1%@729,1%@729] GR3D_FREQ 0% cpu@45.5C soc2@44.562C soc0@43.062C gpu@44.687C tj@45.5C soc1@42.937C VDD_IN 3120mW/3129mW VDD_CPU_GPU_CV 519mW/519mW VDD_SOC 1040mW/1052mW
08-09-2026 20:11:35 RAM 2972/7620MB (lfb 19x4MB) SWAP 2/12002MB (cached 0MB) CPU [0%@729,1%@729,3%@729,0%@729,1%@729,1%@729] GR3D_FREQ 0% cpu@45.187C soc2@44.5C soc0@42.937C gpu@44.437C tj@45.187C soc1@43C VDD_IN 3120mW/3129mW VDD_CPU_GPU_CV 519mW/519mW VDD_SOC 1040mW/1052mW
08-09-2026 20:11:36 RAM 2972/7620MB (lfb 19x4MB) SWAP 2/12002MB (cached 0MB) CPU [1%@729,2%@729,0%@729,0%@729,2%@729,1%@729] GR3D_FREQ 0% cpu@45.218C soc2@44.531C soc0@43C gpu@44.437C tj@45.218C soc1@43.125C VDD_IN 3120mW/3129mW VDD_CPU_GPU_CV 519mW/519mW VDD_SOC 1040mW/1052mW
08-09-2026 20:11:37 RAM 2972/7620MB (lfb 19x4MB) SWAP 2/12002MB (cached 0MB) CPU [0%@729,0%@729,1%@729,0%@729,2%@729,2%@729] GR3D_FREQ 0% cpu@45.375C soc2@44.5C soc0@43.156C gpu@44.625C tj@45.375C soc1@42.968C VDD_IN 3160mW/3129mW VDD_CPU_GPU_CV 519mW/519mW VDD_SOC 1040mW/1052mW
08-09-2026 20:11:38 RAM 2972/7620MB (lfb 19x4MB) SWAP 2/12002MB (cached 0MB) CPU [2%@729,1%@729,1%@729,0%@729,2%@729,1%@729] GR3D_FREQ 0% cpu@45.093C soc2@44.437C soc0@42.968C gpu@44.718C tj@45.093C soc1@43.031C VDD_IN 3120mW/3129mW VDD_CPU_GPU_CV 519mW/519mW VDD_SOC 1080mW/1052mW
08-09-2026 20:11:39 RAM 2972/7620MB (lfb 19x4MB) SWAP 2/12002MB (cached 0MB) CPU [2%@729,0%@729,0%@729,0%@729,2%@729,1%@729] GR3D_FREQ 0% cpu@45.156C soc2@44.562C soc0@42.968C gpu@44.437C tj@45.156C soc1@43.187C VDD_IN 3120mW/3129mW VDD_CPU_GPU_CV 519mW/519mW VDD_SOC 1080mW/1053mW
08-09-2026 20:11:40 RAM 2972/7620MB (lfb 19x4MB) SWAP 2/12002MB (cached 0MB) CPU [1%@729,3%@729,2%@729,1%@729,0%@729,2%@729] GR3D_FREQ 0% cpu@45.312C soc2@44.468C soc0@43.062C gpu@44.437C tj@45.312C soc1@42.906C VDD_IN 3120mW/3129mW VDD_CPU_GPU_CV 519mW/519mW VDD_SOC 1080mW/1053mW
08-09-2026 20:11:41 RAM 2972/7620MB (lfb 19x4MB) SWAP 2/12002MB (cached 0MB) CPU [0%@729,0%@729,1%@729,2%@729,1%@729,1%@729] GR3D_FREQ 0% cpu@45.062C soc2@44.468C soc0@43.062C gpu@44.687C tj@45.062C soc1@42.937C VDD_IN 3120mW/3129mW VDD_CPU_GPU_CV 519mW/519mW VDD_SOC 1080mW/1053mW
08-09-2026 20:11:42 RAM 2972/7620MB (lfb 19x4MB) SWAP 2/12002MB (cached 0MB) CPU [3%@729,1%@729,1%@729,1%@729,1%@729,1%@729] GR3D_FREQ 0% cpu@45.093C soc2@44.531C soc0@42.968C gpu@44.718C tj@45.093C soc1@43C VDD_IN 3160mW/3129mW VDD_CPU_GPU_CV 519mW/519mW VDD_SOC 1080mW/1053mW
08-09-2026 20:11:43 RAM 2972/7620MB (lfb 19x4MB) SWAP 2/12002MB (cached 0MB) CPU [0%@729,1%@729,1%@729,1%@729,2%@729,1%@729] GR3D_FREQ 0% cpu@45.156C soc2@44.593C soc0@43.031C gpu@44.406C tj@45.156C soc1@43.187C VDD_IN 3120mW/3129mW VDD_CPU_GPU_CV 519mW/519mW VDD_SOC 1040mW/1053mW
08-09-2026 20:11:44 RAM 2972/7620MB (lfb 19x4MB) SWAP 2/12002MB (cached 0MB) CPU [1%@729,0%@729,1%@729,1%@729,1%@729,1%@729] GR3D_FREQ 0% cpu@45.343C soc2@44.531C soc0@43.093C gpu@44.468C tj@45.406C soc1@42.937C VDD_IN 3160mW/3129mW VDD_CPU_GPU_CV 519mW/519mW VDD_SOC 1040mW/1053mW
08-09-2026 20:11:45 RAM 2972/7620MB (lfb 19x4MB) SWAP 2/12002MB (cached 0MB) CPU [2%@729,1%@729,1%@729,2%@729,1%@729,1%@729] GR3D_FREQ 0% cpu@45.093C soc2@44.531C soc0@43C gpu@44.5C tj@45.093C soc1@42.937C VDD_IN 3160mW/3129mW VDD_CPU_GPU_CV 519mW/519mW VDD_SOC 1080mW/1053mW
08-09-2026 20:11:46 RAM 2972/7620MB (lfb 19x4MB) SWAP 2/12002MB (cached 0MB) CPU [1%@729,0%@729,2%@729,1%@729,0%@729,2%@729] GR3D_FREQ 0% cpu@45.156C soc2@44.562C soc0@43.093C gpu@44.718C tj@45.156C soc1@43.093C VDD_IN 3120mW/3129mW VDD_CPU_GPU_CV 519mW/519mW VDD_SOC 1080mW/1053mW
08-09-2026 20:11:47 RAM 2972/7620MB (lfb 19x4MB) SWAP 2/12002MB (cached 0MB) CPU [1%@729,0%@729,2%@729,0%@729,1%@729,1%@729] GR3D_FREQ 0% cpu@45.093C soc2@44.593C soc0@43.125C gpu@44.75C tj@45.375C soc1@43.218C VDD_IN 3120mW/3129mW VDD_CPU_GPU_CV 519mW/519mW VDD_SOC 1080mW/1053mW
08-09-2026 20:11:48 RAM 2972/7620MB (lfb 19x4MB) SWAP 2/12002MB (cached 0MB) CPU [2%@729,1%@729,2%@729,1%@729,1%@729,1%@729] GR3D_FREQ 0% cpu@45.25C soc2@44.531C soc0@43.187C gpu@44.781C tj@45.25C soc1@43C VDD_IN 3120mW/3129mW VDD_CPU_GPU_CV 519mW/519mW VDD_SOC 1080mW/1053mW
08-09-2026 20:11:49 RAM 2972/7620MB (lfb 19x4MB) SWAP 2/12002MB (cached 0MB) CPU [0%@729,0%@729,1%@729,1%@729,1%@729,1%@729] GR3D_FREQ 0% cpu@45.312C soc2@44.531C soc0@42.937C gpu@44.562C tj@45.312C soc1@43C VDD_IN 3120mW/3129mW VDD_CPU_GPU_CV 519mW/519mW VDD_SOC 1080mW/1053mW
08-09-2026 20:11:51 RAM 2972/7620MB (lfb 19x4MB) SWAP 2/12002MB (cached 0MB) CPU [1%@729,1%@729,1%@729,0%@729,1%@729,1%@729] GR3D_FREQ 0% cpu@44.968C soc2@44.531C soc0@43C gpu@44.562C tj@44.968C soc1@43.031C VDD_IN 3120mW/3129mW VDD_CPU_GPU_CV 519mW/519mW VDD_SOC 1080mW/1053mW
08-09-2026 20:11:52 RAM 2972/7620MB (lfb 19x4MB) SWAP 2/12002MB (cached 0MB) CPU [1%@729,1%@729,1%@729,0%@729,1%@729,1%@729] GR3D_FREQ 0% cpu@45.187C soc2@44.625C soc0@43.031C gpu@44.562C tj@45.187C soc1@43.062C VDD_IN 3120mW/3129mW VDD_CPU_GPU_CV 519mW/519mW VDD_SOC 1040mW/1053mW
08-09-2026 20:11:53 RAM 2972/7620MB (lfb 19x4MB) SWAP 2/12002MB (cached 0MB) CPU [1%@729,1%@729,0%@729,1%@729,1%@729,1%@729] GR3D_FREQ 0% cpu@45.218C soc2@44.437C soc0@43.062C gpu@44.906C tj@45.218C soc1@42.937C VDD_IN 3120mW/3129mW VDD_CPU_GPU_CV 519mW/519mW VDD_SOC 1040mW/1053mW
08-09-2026 20:11:54 RAM 2972/7620MB (lfb 19x4MB) SWAP 2/12002MB (cached 0MB) CPU [0%@729,1%@729,1%@729,1%@729,1%@729,1%@729] GR3D_FREQ 0% cpu@45.093C soc2@44.531C soc0@43C gpu@44.406C tj@45.093C soc1@43C VDD_IN 3120mW/3129mW VDD_CPU_GPU_CV 519mW/519mW VDD_SOC 1040mW/1053mW
08-09-2026 20:11:55 RAM 2972/7620MB (lfb 19x4MB) SWAP 2/12002MB (cached 0MB) CPU [2%@729,0%@729,1%@729,0%@729,2%@729,0%@729] GR3D_FREQ 0% cpu@45.156C soc2@44.5C soc0@43C gpu@44.406C tj@45.156C soc1@43.031C VDD_IN 3120mW/3129mW VDD_CPU_GPU_CV 519mW/519mW VDD_SOC 1040mW/1053mW
08-09-2026 20:11:56 RAM 2972/7620MB (lfb 19x4MB) SWAP 2/12002MB (cached 0MB) CPU [2%@729,0%@729,1%@729,1%@729,2%@729,2%@729] GR3D_FREQ 0% cpu@45.156C soc2@44.468C soc0@43C gpu@44.593C tj@45.156C soc1@43.125C VDD_IN 3120mW/3129mW VDD_CPU_GPU_CV 519mW/519mW VDD_SOC 1040mW/1053mW
08-09-2026 20:11:57 RAM 2972/7620MB (lfb 19x4MB) SWAP 2/12002MB (cached 0MB) CPU [1%@729,1%@729,1%@729,1%@729,1%@729,1%@729] GR3D_FREQ 0% cpu@45.406C soc2@44.468C soc0@43.062C gpu@44.531C tj@45.406C soc1@42.968C VDD_IN 3120mW/3129mW VDD_CPU_GPU_CV 519mW/519mW VDD_SOC 1040mW/1053mW
08-09-2026 20:11:58 RAM 2972/7620MB (lfb 19x4MB) SWAP 2/12002MB (cached 0MB) CPU [0%@729,1%@729,2%@729,1%@729,1%@729,1%@729] GR3D_FREQ 0% cpu@45.156C soc2@44.468C soc0@43.031C gpu@44.343C tj@45.125C soc1@43C VDD_IN 3120mW/3129mW VDD_CPU_GPU_CV 519mW/519mW VDD_SOC 1080mW/1053mW
08-09-2026 20:11:59 RAM 2972/7620MB (lfb 19x4MB) SWAP 2/12002MB (cached 0MB) CPU [3%@729,0%@729,0%@729,2%@729,1%@729,0%@729] GR3D_FREQ 0% cpu@45.218C soc2@44.5C soc0@43C gpu@44.406C tj@45.218C soc1@43.031C VDD_IN 3120mW/3129mW VDD_CPU_GPU_CV 519mW/519mW VDD_SOC 1040mW/1053mW
08-09-2026 20:12:00 RAM 2972/7620MB (lfb 19x4MB) SWAP 2/12002MB (cached 0MB) CPU [1%@729,2%@729,5%@729,2%@729,2%@729,1%@729] GR3D_FREQ 0% cpu@45.156C soc2@44.625C soc0@43.031C gpu@44.375C tj@45.375C soc1@43.125C VDD_IN 3160mW/3129mW VDD_CPU_GPU_CV 519mW/519mW VDD_SOC 1080mW/1053mW
08-09-2026 20:12:01 RAM 2972/7620MB (lfb 19x4MB) SWAP 2/12002MB (cached 0MB) CPU [1%@729,0%@729,1%@729,0%@729,1%@729,2%@729] GR3D_FREQ 0% cpu@45.156C soc2@44.531C soc0@43.125C gpu@44.562C tj@45.156C soc1@43C VDD_IN 3120mW/3129mW VDD_CPU_GPU_CV 519mW/519mW VDD_SOC 1080mW/1053mW
08-09-2026 20:12:02 RAM 2972/7620MB (lfb 19x4MB) SWAP 2/12002MB (cached 0MB) CPU [1%@729,1%@729,3%@729,1%@729,1%@729,1%@729] GR3D_FREQ 0% cpu@45.5C soc2@44.531C soc0@42.937C gpu@44.593C tj@45.5C soc1@43.031C VDD_IN 3120mW/3129mW VDD_CPU_GPU_CV 519mW/519mW VDD_SOC 1080mW/1054mW
08-09-2026 20:12:03 RAM 2972/7620MB (lfb 19x4MB) SWAP 2/12002MB (cached 0MB) CPU [1%@729,0%@729,1%@729,0%@729,0%@729,0%@729] GR3D_FREQ 0% cpu@45.125C soc2@44.625C soc0@43.031C gpu@44.625C tj@45.125C soc1@43.031C VDD_IN 3120mW/3129mW VDD_CPU_GPU_CV 519mW/519mW VDD_SOC 1080mW/1054mW
08-09-2026 20:12:04 RAM 2972/7620MB (lfb 19x4MB) SWAP 2/12002MB (cached 0MB) CPU [1%@729,1%@729,0%@729,1%@729,1%@729,1%@729] GR3D_FREQ 0% cpu@45.156C soc2@44.531C soc0@43.031C gpu@44.625C tj@45.156C soc1@42.937C VDD_IN 3160mW/3129mW VDD_CPU_GPU_CV 519mW/519mW VDD_SOC 1080mW/1054mW
08-09-2026 20:12:05 RAM 2972/7620MB (lfb 19x4MB) SWAP 2/12002MB (cached 0MB) CPU [1%@729,0%@729,0%@729,1%@729,1%@729,1%@729] GR3D_FREQ 0% cpu@45.343C soc2@44.5C soc0@43.093C gpu@44.437C tj@45.343C soc1@42.937C VDD_IN 3120mW/3129mW VDD_CPU_GPU_CV 519mW/519mW VDD_SOC 1080mW/1054mW
08-09-2026 20:12:06 RAM 2972/7620MB (lfb 19x4MB) SWAP 2/12002MB (cached 0MB) CPU [1%@729,0%@729,2%@729,1%@729,1%@729,1%@729] GR3D_FREQ 0% cpu@45.031C soc2@44.562C soc0@42.937C gpu@44.406C tj@45.031C soc1@42.968C VDD_IN 3120mW/3129mW VDD_CPU_GPU_CV 519mW/519mW VDD_SOC 1080mW/1054mW
08-09-2026 20:12:07 RAM 2972/7620MB (lfb 19x4MB) SWAP 2/12002MB (cached 0MB) CPU [2%@729,1%@729,1%@729,2%@729,1%@729,0%@729] GR3D_FREQ 0% cpu@45.093C soc2@44.531C soc0@43C gpu@44.5C tj@45.093C soc1@43.031C VDD_IN 3120mW/3129mW VDD_CPU_GPU_CV 519mW/519mW VDD_SOC 1080mW/1054mW
08-09-2026 20:12:08 RAM 2972/7620MB (lfb 19x4MB) SWAP 2/12002MB (cached 0MB) CPU [1%@729,0%@729,1%@729,1%@729,1%@729,1%@729] GR3D_FREQ 0% cpu@45.281C soc2@44.593C soc0@43C gpu@44.625C tj@45.281C soc1@43.125C VDD_IN 3120mW/3129mW VDD_CPU_GPU_CV 519mW/519mW VDD_SOC 1080mW/1054mW
08-09-2026 20:12:09 RAM 2972/7620MB (lfb 19x4MB) SWAP 2/12002MB (cached 0MB) CPU [1%@729,0%@729,2%@729,1%@729,1%@729,1%@729] GR3D_FREQ 0% cpu@45.125C soc2@44.531C soc0@43C gpu@44.593C tj@45.468C soc1@42.906C VDD_IN 3120mW/3129mW VDD_CPU_GPU_CV 519mW/519mW VDD_SOC 1080mW/1054mW
08-09-2026 20:12:10 RAM 2972/7620MB (lfb 19x4MB) SWAP 2/12002MB (cached 0MB) CPU [1%@729,1%@729,1%@729,1%@729,1%@729,1%@729] GR3D_FREQ 0% cpu@45.218C soc2@44.468C soc0@42.875C gpu@44.656C tj@45.218C soc1@42.968C VDD_IN 3120mW/3129mW VDD_CPU_GPU_CV 519mW/519mW VDD_SOC 1080mW/1054mW
08-09-2026 20:12:11 RAM 2972/7620MB (lfb 19x4MB) SWAP 2/12002MB (cached 0MB) CPU [2%@729,0%@729,1%@729,1%@729,7%@729,2%@729] GR3D_FREQ 0% cpu@45.062C soc2@44.5C soc0@42.968C gpu@44.437C tj@45.062C soc1@43.031C VDD_IN 3160mW/3129mW VDD_CPU_GPU_CV 519mW/519mW VDD_SOC 1080mW/1054mW
08-09-2026 20:12:12 RAM 2972/7620MB (lfb 19x4MB) SWAP 2/12002MB (cached 0MB) CPU [1%@729,1%@729,1%@729,2%@729,1%@729,1%@729] GR3D_FREQ 0% cpu@45.125C soc2@44.437C soc0@43C gpu@44.406C tj@45.125C soc1@43.093C VDD_IN 3120mW/3129mW VDD_CPU_GPU_CV 519mW/519mW VDD_SOC 1080mW/1055mW
08-09-2026 20:12:13 RAM 2972/7620MB (lfb 19x4MB) SWAP 2/12002MB (cached 0MB) CPU [2%@729,0%@729,0%@729,1%@729,1%@729,2%@729] GR3D_FREQ 0% cpu@45.25C soc2@44.531C soc0@43.093C gpu@44.437C tj@45.25C soc1@43C VDD_IN 3120mW/3129mW VDD_CPU_GPU_CV 519mW/519mW VDD_SOC 1080mW/1055mW
08-09-2026 20:12:14 RAM 2972/7620MB (lfb 19x4MB) SWAP 2/12002MB (cached 0MB) CPU [1%@729,3%@729,1%@729,1%@729,2%@729,2%@729] GR3D_FREQ 0% cpu@45.406C soc2@44.5C soc0@43.156C gpu@44.75C tj@45.406C soc1@42.906C VDD_IN 3120mW/3129mW VDD_CPU_GPU_CV 519mW/519mW VDD_SOC 1080mW/1055mW
08-09-2026 20:12:15 RAM 2972/7620MB (lfb 19x4MB) SWAP 2/12002MB (cached 0MB) CPU [2%@729,1%@729,1%@729,1%@729,1%@729,1%@729] GR3D_FREQ 0% cpu@45.093C soc2@44.468C soc0@42.968C gpu@44.812C tj@45.093C soc1@43C VDD_IN 3120mW/3129mW VDD_CPU_GPU_CV 519mW/519mW VDD_SOC 1080mW/1055mW
08-09-2026 20:12:16 RAM 2972/7620MB (lfb 19x4MB) SWAP 2/12002MB (cached 0MB) CPU [1%@729,1%@729,1%@729,0%@729,0%@729,2%@729] GR3D_FREQ 0% cpu@45.218C soc2@44.5C soc0@43.093C gpu@44.781C tj@45.218C soc1@43.093C VDD_IN 3120mW/3129mW VDD_CPU_GPU_CV 519mW/519mW VDD_SOC 1080mW/1055mW
08-09-2026 20:12:17 RAM 2972/7620MB (lfb 19x4MB) SWAP 2/12002MB (cached 0MB) CPU [2%@729,1%@729,1%@729,1%@729,1%@729,1%@729] GR3D_FREQ 0% cpu@45.343C soc2@44.5C soc0@43.031C gpu@44.531C tj@45.343C soc1@42.906C VDD_IN 3120mW/3129mW VDD_CPU_GPU_CV 519mW/519mW VDD_SOC 1080mW/1055mW
08-09-2026 20:12:18 RAM 2972/7620MB (lfb 19x4MB) SWAP 2/12002MB (cached 0MB) CPU [1%@729,0%@729,1%@729,0%@729,1%@729,2%@729] GR3D_FREQ 0% cpu@45.125C soc2@44.437C soc0@43.062C gpu@44.468C tj@45.125C soc1@43.031C VDD_IN 3120mW/3129mW VDD_CPU_GPU_CV 519mW/519mW VDD_SOC 1080mW/1055mW
08-09-2026 20:12:19 RAM 2972/7620MB (lfb 19x4MB) SWAP 2/12002MB (cached 0MB) CPU [2%@729,0%@729,1%@729,0%@729,1%@729,1%@729] GR3D_FREQ 0% cpu@45.187C soc2@44.5C soc0@42.937C gpu@44.531C tj@45.187C soc1@43.031C VDD_IN 3120mW/3129mW VDD_CPU_GPU_CV 519mW/519mW VDD_SOC 1080mW/1055mW
08-09-2026 20:12:20 RAM 2972/7620MB (lfb 19x4MB) SWAP 2/12002MB (cached 0MB) CPU [1%@729,1%@729,1%@729,0%@729,1%@729,0%@729] GR3D_FREQ 0% cpu@45.187C soc2@44.562C soc0@42.968C gpu@44.812C tj@45.187C soc1@43.156C VDD_IN 3160mW/3129mW VDD_CPU_GPU_CV 519mW/519mW VDD_SOC 1080mW/1055mW
08-09-2026 20:12:21 RAM 2972/7620MB (lfb 19x4MB) SWAP 2/12002MB (cached 0MB) CPU [2%@729,1%@729,2%@729,0%@729,1%@729,2%@729] GR3D_FREQ 0% cpu@45.218C soc2@44.656C soc0@43.031C gpu@44.906C tj@45.218C soc1@43C VDD_IN 3160mW/3129mW VDD_CPU_GPU_CV 519mW/519mW VDD_SOC 1080mW/1055mW
08-09-2026 20:12:22 RAM 2972/7620MB (lfb 19x4MB) SWAP 2/12002MB (cached 0MB) CPU [1%@729,1%@729,2%@729,0%@729,1%@729,1%@729] GR3D_FREQ 0% cpu@45.25C soc2@44.531C soc0@43.125C gpu@44.875C tj@45.25C soc1@43C VDD_IN 3120mW/3129mW VDD_CPU_GPU_CV 519mW/519mW VDD_SOC 1080mW/1056mW
08-09-2026 20:12:23 RAM 2972/7620MB (lfb 19x4MB) SWAP 2/12002MB (cached 0MB) CPU [1%@729,1%@729,0%@729,0%@729,0%@729,1%@729] GR3D_FREQ 0% cpu@45.187C soc2@44.562C soc0@42.937C gpu@44.375C tj@45.187C soc1@43.031C VDD_IN 3120mW/3129mW VDD_CPU_GPU_CV 519mW/519mW VDD_SOC 1080mW/1056mW
08-09-2026 20:12:24 RAM 2972/7620MB (lfb 19x4MB) SWAP 2/12002MB (cached 0MB) CPU [2%@729,0%@729,2%@729,0%@729,1%@729,2%@729] GR3D_FREQ 0% cpu@45.093C soc2@44.531C soc0@43C gpu@44.5C tj@45.093C soc1@43.062C VDD_IN 3120mW/3129mW VDD_CPU_GPU_CV 519mW/519mW VDD_SOC 1080mW/1056mW
08-09-2026 20:12:25 RAM 2972/7620MB (lfb 19x4MB) SWAP 2/12002MB (cached 0MB) CPU [0%@729,1%@729,0%@729,1%@729,0%@729,1%@729] GR3D_FREQ 0% cpu@45.281C soc2@44.593C soc0@42.968C gpu@44.593C tj@45.281C soc1@42.937C VDD_IN 3160mW/3129mW VDD_CPU_GPU_CV 519mW/519mW VDD_SOC 1080mW/1056mW
08-09-2026 20:12:26 RAM 2972/7620MB (lfb 19x4MB) SWAP 2/12002MB (cached 0MB) CPU [3%@729,1%@729,1%@729,1%@729,2%@729,0%@729] GR3D_FREQ 0% cpu@45.531C soc2@44.468C soc0@43.187C gpu@44.531C tj@45.531C soc1@42.906C VDD_IN 3160mW/3129mW VDD_CPU_GPU_CV 519mW/519mW VDD_SOC 1080mW/1056mW
08-09-2026 20:12:27 RAM 2972/7620MB (lfb 19x4MB) SWAP 2/12002MB (cached 0MB) CPU [1%@729,1%@729,1%@729,1%@729,1%@729,1%@729] GR3D_FREQ 0% cpu@45.312C soc2@44.468C soc0@42.937C gpu@44.593C tj@45.312C soc1@43C VDD_IN 3160mW/3129mW VDD_CPU_GPU_CV 519mW/519mW VDD_SOC 1080mW/1056mW
08-09-2026 20:12:28 RAM 2972/7620MB (lfb 19x4MB) SWAP 2/12002MB (cached 0MB) CPU [0%@729,3%@729,1%@729,1%@729,0%@729,1%@729] GR3D_FREQ 0% cpu@45.062C soc2@44.437C soc0@42.937C gpu@44.406C tj@45.062C soc1@43C VDD_IN 3160mW/3129mW VDD_CPU_GPU_CV 519mW/519mW VDD_SOC 1080mW/1056mW
08-09-2026 20:12:29 RAM 2972/7620MB (lfb 19x4MB) SWAP 2/12002MB (cached 0MB) CPU [2%@729,0%@729,1%@729,1%@729,1%@729,0%@729] GR3D_FREQ 0% cpu@45.156C soc2@44.468C soc0@42.937C gpu@44.406C tj@45.156C soc1@43.156C VDD_IN 3160mW/3129mW VDD_CPU_GPU_CV 519mW/519mW VDD_SOC 1080mW/1056mW
08-09-2026 20:12:30 RAM 2972/7620MB (lfb 19x4MB) SWAP 2/12002MB (cached 0MB) CPU [1%@729,2%@729,1%@729,0%@729,0%@729,1%@729] GR3D_FREQ 0% cpu@45.375C soc2@44.656C soc0@43.093C gpu@44.437C tj@45.375C soc1@42.968C VDD_IN 3160mW/3129mW VDD_CPU_GPU_CV 519mW/519mW VDD_SOC 1080mW/1056mW
08-09-2026 20:12:31 RAM 2972/7620MB (lfb 19x4MB) SWAP 2/12002MB (cached 0MB) CPU [0%@729,3%@729,2%@729,0%@729,2%@729,0%@729] GR3D_FREQ 0% cpu@45.5C soc2@44.531C soc0@42.968C gpu@44.656C tj@45.5C soc1@43.031C VDD_IN 3160mW/3130mW VDD_CPU_GPU_CV 519mW/519mW VDD_SOC 1080mW/1056mW
08-09-2026 20:12:32 RAM 2972/7620MB (lfb 19x4MB) SWAP 2/12002MB (cached 0MB) CPU [2%@729,1%@729,1%@729,0%@729,0%@729,0%@729] GR3D_FREQ 0% cpu@45.156C soc2@44.593C soc0@43C gpu@44.593C tj@45.156C soc1@43.062C VDD_IN 3120mW/3130mW VDD_CPU_GPU_CV 519mW/519mW VDD_SOC 1080mW/1056mW
08-09-2026 20:12:33 RAM 2972/7620MB (lfb 19x4MB) SWAP 2/12002MB (cached 0MB) CPU [1%@729,3%@729,1%@729,0%@729,1%@729,0%@729] GR3D_FREQ 0% cpu@45.187C soc2@44.562C soc0@42.968C gpu@44.718C tj@45.187C soc1@43.156C VDD_IN 3120mW/3129mW VDD_CPU_GPU_CV 519mW/519mW VDD_SOC 1080mW/1057mW
08-09-2026 20:12:34 RAM 2972/7620MB (lfb 19x4MB) SWAP 2/12002MB (cached 0MB) CPU [2%@729,1%@729,2%@729,2%@729,0%@729,0%@729] GR3D_FREQ 0% cpu@45.468C soc2@44.468C soc0@43.093C gpu@44.468C tj@45.468C soc1@42.968C VDD_IN 3120mW/3129mW VDD_CPU_GPU_CV 519mW/519mW VDD_SOC 1080mW/1057mW
08-09-2026 20:12:35 RAM 2972/7620MB (lfb 19x4MB) SWAP 2/12002MB (cached 0MB) CPU [2%@729,2%@729,2%@729,1%@729,1%@729,0%@729] GR3D_FREQ 0% cpu@45.156C soc2@44.593C soc0@43.187C gpu@44.468C tj@45.156C soc1@43.031C VDD_IN 3160mW/3130mW VDD_CPU_GPU_CV 519mW/519mW VDD_SOC 1080mW/1057mW
08-09-2026 20:12:36 RAM 2972/7620MB (lfb 19x4MB) SWAP 2/12002MB (cached 0MB) CPU [1%@729,0%@729,1%@729,1%@729,0%@729,0%@729] GR3D_FREQ 0% cpu@45.5C soc2@44.5C soc0@42.968C gpu@44.531C tj@45.187C soc1@43C VDD_IN 3160mW/3130mW VDD_CPU_GPU_CV 519mW/519mW VDD_SOC 1080mW/1057mW
08-09-2026 20:12:37 RAM 2972/7620MB (lfb 19x4MB) SWAP 2/12002MB (cached 0MB) CPU [1%@729,2%@729,1%@729,1%@729,0%@729,0%@729] GR3D_FREQ 0% cpu@45.156C soc2@44.562C soc0@43.093C gpu@44.687C tj@45.343C soc1@43.093C VDD_IN 3160mW/3130mW VDD_CPU_GPU_CV 519mW/519mW VDD_SOC 1040mW/1057mW
08-09-2026 20:12:38 RAM 2972/7620MB (lfb 19x4MB) SWAP 2/12002MB (cached 0MB) CPU [2%@729,2%@729,2%@729,0%@729,1%@729,0%@729] GR3D_FREQ 0% cpu@45.187C soc2@44.625C soc0@43.187C gpu@44.718C tj@45.187C soc1@42.968C VDD_IN 3120mW/3130mW VDD_CPU_GPU_CV 519mW/519mW VDD_SOC 1080mW/1057mW
08-09-2026 20:12:39 RAM 2972/7620MB (lfb 19x4MB) SWAP 2/12002MB (cached 0MB) CPU [0%@729,1%@729,1%@729,0%@729,1%@729,0%@729] GR3D_FREQ 0% cpu@45.437C soc2@44.5C soc0@43.031C gpu@44.75C tj@45.437C soc1@42.968C VDD_IN 3160mW/3130mW VDD_CPU_GPU_CV 519mW/519mW VDD_SOC 1040mW/1057mW
08-09-2026 20:12:40 RAM 2972/7620MB (lfb 19x4MB) SWAP 2/12002MB (cached 0MB) CPU [1%@729,3%@729,1%@729,0%@729,1%@729,0%@729] GR3D_FREQ 0% cpu@45.187C soc2@44.562C soc0@43C gpu@44.531C tj@45.156C soc1@43.062C VDD_IN 3120mW/3130mW VDD_CPU_GPU_CV 519mW/519mW VDD_SOC 1080mW/1057mW
08-09-2026 20:12:41 RAM 2972/7620MB (lfb 19x4MB) SWAP 2/12002MB (cached 0MB) CPU [1%@729,1%@729,1%@729,0%@729,1%@729,1%@729] GR3D_FREQ 0% cpu@45.25C soc2@44.531C soc0@43.031C gpu@44.531C tj@45.25C soc1@43.125C VDD_IN 3160mW/3130mW VDD_CPU_GPU_CV 519mW/519mW VDD_SOC 1080mW/1057mW
08-09-2026 20:12:42 RAM 2972/7620MB (lfb 19x4MB) SWAP 2/12002MB (cached 0MB) CPU [3%@729,0%@729,1%@729,1%@729,0%@729,0%@729] GR3D_FREQ 0% cpu@45.312C soc2@44.656C soc0@43.218C gpu@44.5C tj@45.312C soc1@43C VDD_IN 3160mW/3130mW VDD_CPU_GPU_CV 519mW/519mW VDD_SOC 1080mW/1057mW
08-09-2026 20:12:43 RAM 2972/7620MB (lfb 19x4MB) SWAP 2/12002MB (cached 0MB) CPU [1%@729,1%@729,1%@729,0%@729,1%@729,0%@729] GR3D_FREQ 0% cpu@45.156C soc2@44.468C soc0@43.25C gpu@44.468C tj@45.156C soc1@43.031C VDD_IN 3160mW/3130mW VDD_CPU_GPU_CV 519mW/519mW VDD_SOC 1080mW/1057mW
08-09-2026 20:12:44 RAM 2972/7620MB (lfb 19x4MB) SWAP 2/12002MB (cached 0MB) CPU [2%@729,0%@729,1%@729,1%@729,1%@729,0%@729] GR3D_FREQ 0% cpu@45.312C soc2@44.562C soc0@43.125C gpu@44.781C tj@45.187C soc1@43.062C VDD_IN 3120mW/3130mW VDD_CPU_GPU_CV 519mW/519mW VDD_SOC 1080mW/1057mW
08-09-2026 20:12:45 RAM 2972/7620MB (lfb 19x4MB) SWAP 2/12002MB (cached 0MB) CPU [2%@729,0%@729,0%@729,0%@729,2%@729,0%@729] GR3D_FREQ 0% cpu@45.281C soc2@44.656C soc0@43.062C gpu@44.812C tj@45.281C soc1@43.125C VDD_IN 3120mW/3130mW VDD_CPU_GPU_CV 519mW/519mW VDD_SOC 1040mW/1057mW
08-09-2026 20:12:46 RAM 2972/7620MB (lfb 19x4MB) SWAP 2/12002MB (cached 0MB) CPU [2%@729,1%@729,0%@729,2%@729,1%@729,1%@729] GR3D_FREQ 0% cpu@45.468C soc2@44.593C soc0@43.156C gpu@44.531C tj@45.468C soc1@42.968C VDD_IN 3160mW/3130mW VDD_CPU_GPU_CV 519mW/519mW VDD_SOC 1040mW/1057mW
08-09-2026 20:12:47 RAM 2972/7620MB (lfb 19x4MB) SWAP 2/12002MB (cached 0MB) CPU [2%@729,2%@729,0%@729,0%@729,0%@729,0%@729] GR3D_FREQ 0% cpu@45.281C soc2@44.531C soc0@43.031C gpu@44.562C tj@45.281C soc1@43.062C VDD_IN 3160mW/3130mW VDD_CPU_GPU_CV 519mW/519mW VDD_SOC 1080mW/1057mW
08-09-2026 20:12:48 RAM 2972/7620MB (lfb 19x4MB) SWAP 2/12002MB (cached 0MB) CPU [2%@729,1%@729,1%@729,1%@729,0%@729,0%@729] GR3D_FREQ 0% cpu@45.218C soc2@44.656C soc0@43.125C gpu@44.906C tj@45.218C soc1@43.156C VDD_IN 3160mW/3130mW VDD_CPU_GPU_CV 519mW/519mW VDD_SOC 1080mW/1057mW
08-09-2026 20:12:49 RAM 2972/7620MB (lfb 19x4MB) SWAP 2/12002MB (cached 0MB) CPU [2%@729,0%@729,3%@729,2%@729,1%@729,0%@729] GR3D_FREQ 0% cpu@45.406C soc2@44.531C soc0@43.093C gpu@44.906C tj@45.406C soc1@43.156C VDD_IN 3160mW/3130mW VDD_CPU_GPU_CV 519mW/519mW VDD_SOC 1080mW/1057mW
08-09-2026 20:12:50 RAM 2972/7620MB (lfb 19x4MB) SWAP 2/12002MB (cached 0MB) CPU [3%@729,1%@729,2%@729,0%@729,0%@729,0%@729] GR3D_FREQ 0% cpu@45.25C soc2@44.562C soc0@43.156C gpu@44.937C tj@45.156C soc1@43C VDD_IN 3160mW/3131mW VDD_CPU_GPU_CV 519mW/519mW VDD_SOC 1080mW/1057mW
08-09-2026 20:12:51 RAM 2972/7620MB (lfb 19x4MB) SWAP 2/12002MB (cached 0MB) CPU [3%@729,1%@729,0%@729,3%@729,1%@729,0%@729] GR3D_FREQ 0% cpu@45.562C soc2@44.562C soc0@43.062C gpu@44.625C tj@45.156C soc1@43.125C VDD_IN 3160mW/3131mW VDD_CPU_GPU_CV 519mW/519mW VDD_SOC 1080mW/1057mW
08-09-2026 20:12:52 RAM 2972/7620MB (lfb 19x4MB) SWAP 2/12002MB (cached 0MB) CPU [2%@729,1%@729,0%@729,1%@729,0%@729,0%@729] GR3D_FREQ 0% cpu@45.156C soc2@44.562C soc0@43.156C gpu@44.593C tj@45.343C soc1@43.187C VDD_IN 3160mW/3131mW VDD_CPU_GPU_CV 519mW/519mW VDD_SOC 1080mW/1058mW
08-09-2026 20:12:53 RAM 2972/7620MB (lfb 19x4MB) SWAP 2/12002MB (cached 0MB) CPU [3%@729,1%@729,1%@729,1%@729,0%@729,0%@729] GR3D_FREQ 0% cpu@45.281C soc2@44.75C soc0@43.156C gpu@44.437C tj@45.531C soc1@43.062C VDD_IN 3160mW/3131mW VDD_CPU_GPU_CV 519mW/519mW VDD_SOC 1080mW/1058mW
08-09-2026 20:12:54 RAM 2972/7620MB (lfb 19x4MB) SWAP 2/12002MB (cached 0MB) CPU [5%@729,2%@729,0%@729,2%@729,4%@729,1%@729] GR3D_FREQ 0% cpu@45.312C soc2@44.625C soc0@42.937C gpu@44.437C tj@45.281C soc1@43.062C VDD_IN 3160mW/3131mW VDD_CPU_GPU_CV 519mW/519mW VDD_SOC 1080mW/1058mW
08-09-2026 20:12:55 RAM 2972/7620MB (lfb 19x4MB) SWAP 2/12002MB (cached 0MB) CPU [3%@729,1%@729,0%@729,0%@729,1%@729,0%@729] GR3D_FREQ 0% cpu@45.125C soc2@44.562C soc0@43.093C gpu@44.625C tj@45.25C soc1@43.125C VDD_IN 3160mW/3131mW VDD_CPU_GPU_CV 519mW/519mW VDD_SOC 1080mW/1058mW
08-09-2026 20:12:56 RAM 2972/7620MB (lfb 19x4MB) SWAP 2/12002MB (cached 0MB) CPU [2%@729,1%@729,1%@729,1%@729,1%@729,0%@729] GR3D_FREQ 0% cpu@45.25C soc2@44.625C soc0@43.125C gpu@44.593C tj@45.25C soc1@43C VDD_IN 3160mW/3131mW VDD_CPU_GPU_CV 519mW/519mW VDD_SOC 1080mW/1058mW
08-09-2026 20:12:57 RAM 2972/7620MB (lfb 19x4MB) SWAP 2/12002MB (cached 0MB) CPU [3%@729,1%@729,1%@729,0%@729,1%@729,2%@729] GR3D_FREQ 0% cpu@45.25C soc2@44.656C soc0@43.187C gpu@44.531C tj@45.25C soc1@43.062C VDD_IN 3160mW/3131mW VDD_CPU_GPU_CV 519mW/519mW VDD_SOC 1080mW/1058mW
08-09-2026 20:12:58 RAM 2972/7620MB (lfb 19x4MB) SWAP 2/12002MB (cached 0MB) CPU [2%@729,0%@729,0%@729,0%@729,0%@729,0%@729] GR3D_FREQ 0% cpu@45.5C soc2@44.562C soc0@43.093C gpu@44.5C tj@45.5C soc1@43.093C VDD_IN 3160mW/3131mW VDD_CPU_GPU_CV 519mW/519mW VDD_SOC 1080mW/1058mW
08-09-2026 20:12:59 RAM 2972/7620MB (lfb 19x4MB) SWAP 2/12002MB (cached 0MB) CPU [4%@729,1%@729,1%@729,0%@729,0%@729,1%@729] GR3D_FREQ 0% cpu@45.156C soc2@44.562C soc0@43.156C gpu@44.718C tj@45.312C soc1@43.218C VDD_IN 3120mW/3131mW VDD_CPU_GPU_CV 519mW/519mW VDD_SOC 1080mW/1058mW
08-09-2026 20:13:00 RAM 2972/7620MB (lfb 19x4MB) SWAP 2/12002MB (cached 0MB) CPU [2%@729,1%@729,3%@729,0%@729,1%@729,1%@729] GR3D_FREQ 0% cpu@45.312C soc2@44.531C soc0@43.187C gpu@44.656C tj@45.218C soc1@43.031C VDD_IN 3160mW/3131mW VDD_CPU_GPU_CV 519mW/519mW VDD_SOC 1080mW/1058mW
08-09-2026 20:13:01 RAM 2972/7620MB (lfb 19x4MB) SWAP 2/12002MB (cached 0MB) CPU [4%@729,1%@729,1%@729,0%@729,1%@729,1%@729] GR3D_FREQ 0% cpu@45.468C soc2@44.562C soc0@43.062C gpu@44.5C tj@45.375C soc1@43.093C VDD_IN 3160mW/3132mW VDD_CPU_GPU_CV 519mW/519mW VDD_SOC 1080mW/1058mW
08-09-2026 20:13:02 RAM 2972/7620MB (lfb 19x4MB) SWAP 2/12002MB (cached 0MB) CPU [4%@729,2%@729,0%@729,0%@729,1%@729,1%@729] GR3D_FREQ 0% cpu@45.218C soc2@44.625C soc0@43.093C gpu@44.718C tj@45.218C soc1@43.156C VDD_IN 3160mW/3132mW VDD_CPU_GPU_CV 519mW/519mW VDD_SOC 1080mW/1058mW
08-09-2026 20:13:03 RAM 2972/7620MB (lfb 19x4MB) SWAP 2/12002MB (cached 0MB) CPU [0%@729,0%@729,1%@729,1%@729,1%@729,0%@729] GR3D_FREQ 0% cpu@45.531C soc2@44.5C soc0@43.156C gpu@44.687C tj@45.531C soc1@43.062C VDD_IN 3120mW/3132mW VDD_CPU_GPU_CV 519mW/519mW VDD_SOC 1080mW/1058mW
08-09-2026 20:13:04 RAM 2972/7620MB (lfb 19x4MB) SWAP 2/12002MB (cached 0MB) CPU [2%@729,1%@729,1%@729,1%@729,1%@729,0%@729] GR3D_FREQ 0% cpu@45.218C soc2@44.593C soc0@43.062C gpu@44.531C tj@45.218C soc1@43.125C VDD_IN 3160mW/3132mW VDD_CPU_GPU_CV 519mW/519mW VDD_SOC 1080mW/1058mW
08-09-2026 20:13:05 RAM 2972/7620MB (lfb 19x4MB) SWAP 2/12002MB (cached 0MB) CPU [3%@729,2%@729,1%@729,0%@729,0%@729,0%@729] GR3D_FREQ 0% cpu@45.281C soc2@44.625C soc0@43.25C gpu@44.5C tj@45.281C soc1@43.187C VDD_IN 3160mW/3132mW VDD_CPU_GPU_CV 519mW/519mW VDD_SOC 1080mW/1058mW
08-09-2026 20:13:06 RAM 2972/7620MB (lfb 19x4MB) SWAP 2/12002MB (cached 0MB) CPU [2%@729,1%@729,1%@729,0%@729,0%@729,0%@729] GR3D_FREQ 0% cpu@45.437C soc2@44.718C soc0@43.187C gpu@44.718C tj@45.437C soc1@43.281C VDD_IN 3120mW/3132mW VDD_CPU_GPU_CV 519mW/519mW VDD_SOC 1080mW/1059mW
08-09-2026 20:13:07 RAM 2972/7620MB (lfb 19x4MB) SWAP 2/12002MB (cached 0MB) CPU [2%@729,3%@729,1%@729,0%@729,0%@729,0%@729] GR3D_FREQ 0% cpu@45.25C soc2@44.531C soc0@43.281C gpu@44.812C tj@45.25C soc1@43.062C VDD_IN 3160mW/3132mW VDD_CPU_GPU_CV 519mW/519mW VDD_SOC 1080mW/1059mW
08-09-2026 20:13:08 RAM 2972/7620MB (lfb 19x4MB) SWAP 2/12002MB (cached 0MB) CPU [2%@729,0%@729,1%@729,0%@729,2%@729,0%@729] GR3D_FREQ 0% cpu@45.343C soc2@44.687C soc0@43.125C gpu@44.75C tj@45.343C soc1@43.156C VDD_IN 3160mW/3132mW VDD_CPU_GPU_CV 519mW/519mW VDD_SOC 1080mW/1059mW
08-09-2026 20:13:09 RAM 2972/7620MB (lfb 19x4MB) SWAP 2/12002MB (cached 0MB) CPU [1%@729,1%@729,0%@729,3%@729,1%@729,1%@729] GR3D_FREQ 0% cpu@45.375C soc2@44.625C soc0@43.187C gpu@44.562C tj@45.375C soc1@43.125C VDD_IN 3160mW/3132mW VDD_CPU_GPU_CV 519mW/519mW VDD_SOC 1080mW/1059mW
08-09-2026 20:13:10 RAM 2972/7620MB (lfb 19x4MB) SWAP 2/12002MB (cached 0MB) CPU [2%@729,2%@729,1%@729,1%@729,2%@729,8%@729] GR3D_FREQ 0% cpu@45.593C soc2@44.656C soc0@43.218C gpu@44.562C tj@45.593C soc1@43C VDD_IN 3160mW/3132mW VDD_CPU_GPU_CV 519mW/519mW VDD_SOC 1080mW/1059mW
08-09-2026 20:13:11 RAM 2972/7620MB (lfb 19x4MB) SWAP 2/12002MB (cached 0MB) CPU [0%@729,1%@729,1%@729,1%@729,1%@729,1%@729] GR3D_FREQ 0% cpu@45.375C soc2@44.718C soc0@43.281C gpu@44.593C tj@45.312C soc1@43.062C VDD_IN 3120mW/3132mW VDD_CPU_GPU_CV 519mW/519mW VDD_SOC 1040mW/1059mW
08-09-2026 20:13:12 RAM 2972/7620MB (lfb 19x4MB) SWAP 2/12002MB (cached 0MB) CPU [1%@729,1%@729,1%@729,1%@729,0%@729,0%@729] GR3D_FREQ 0% cpu@45.656C soc2@44.687C soc0@43.093C gpu@44.687C tj@45.656C soc1@43.125C VDD_IN 3160mW/3132mW VDD_CPU_GPU_CV 519mW/519mW VDD_SOC 1080mW/1059mW
08-09-2026 20:13:13 RAM 2972/7620MB (lfb 19x4MB) SWAP 2/12002MB (cached 0MB) CPU [0%@729,1%@729,1%@729,1%@729,2%@729,1%@729] GR3D_FREQ 0% cpu@45.187C soc2@44.593C soc0@43.156C gpu@44.781C tj@45.187C soc1@43.218C VDD_IN 3120mW/3132mW VDD_CPU_GPU_CV 519mW/519mW VDD_SOC 1040mW/1059mW
08-09-2026 20:13:14 RAM 2972/7620MB (lfb 19x4MB) SWAP 2/12002MB (cached 0MB) CPU [2%@729,1%@729,1%@729,1%@729,1%@729,0%@729] GR3D_FREQ 0% cpu@45.343C soc2@44.687C soc0@43.25C gpu@44.812C tj@45.343C soc1@43.125C VDD_IN 3120mW/3132mW VDD_CPU_GPU_CV 519mW/519mW VDD_SOC 1040mW/1059mW
08-09-2026 20:13:15 RAM 2972/7620MB (lfb 19x4MB) SWAP 2/12002MB (cached 0MB) CPU [1%@729,1%@729,0%@729,1%@729,2%@729,0%@729] GR3D_FREQ 0% cpu@45.562C soc2@44.656C soc0@43.125C gpu@44.593C tj@45.562C soc1@43.093C VDD_IN 3120mW/3132mW VDD_CPU_GPU_CV 519mW/519mW VDD_SOC 1040mW/1059mW
08-09-2026 20:13:16 RAM 2972/7620MB (lfb 19x4MB) SWAP 2/12002MB (cached 0MB) CPU [1%@729,0%@729,1%@729,0%@729,1%@729,1%@729] GR3D_FREQ 0% cpu@45.218C soc2@44.625C soc0@43.156C gpu@44.562C tj@45.218C soc1@43.093C VDD_IN 3120mW/3132mW VDD_CPU_GPU_CV 519mW/519mW VDD_SOC 1040mW/1059mW
08-09-2026 20:13:17 RAM 2972/7620MB (lfb 19x4MB) SWAP 2/12002MB (cached 0MB) CPU [1%@729,2%@729,0%@729,1%@729,1%@729,1%@729] GR3D_FREQ 0% cpu@45.25C soc2@44.75C soc0@43.156C gpu@44.656C tj@45.25C soc1@43.187C VDD_IN 3160mW/3132mW VDD_CPU_GPU_CV 519mW/519mW VDD_SOC 1040mW/1059mW
08-09-2026 20:13:18 RAM 2972/7620MB (lfb 19x4MB) SWAP 2/12002MB (cached 0MB) CPU [1%@729,1%@729,1%@729,1%@729,1%@729,1%@729] GR3D_FREQ 0% cpu@45.468C soc2@44.75C soc0@43.312C gpu@44.75C tj@45.468C soc1@43.25C VDD_IN 3120mW/3132mW VDD_CPU_GPU_CV 519mW/519mW VDD_SOC 1040mW/1058mW
08-09-2026 20:13:19 RAM 2972/7620MB (lfb 19x4MB) SWAP 2/12002MB (cached 0MB) CPU [1%@729,1%@729,1%@729,2%@729,1%@729,0%@729] GR3D_FREQ 0% cpu@45.375C soc2@44.625C soc0@43.312C gpu@44.843C tj@45.25C soc1@43.187C VDD_IN 3120mW/3132mW VDD_CPU_GPU_CV 519mW/519mW VDD_SOC 1040mW/1058mW
08-09-2026 20:13:20 RAM 2972/7620MB (lfb 19x4MB) SWAP 2/12002MB (cached 0MB) CPU [0%@729,1%@729,0%@729,0%@729,1%@729,1%@729] GR3D_FREQ 0% cpu@45.562C soc2@44.656C soc0@43.031C gpu@44.781C tj@45.562C soc1@43.093C VDD_IN 3120mW/3132mW VDD_CPU_GPU_CV 519mW/519mW VDD_SOC 1080mW/1058mW
08-09-2026 20:13:21 RAM 2972/7620MB (lfb 19x4MB) SWAP 2/12002MB (cached 0MB) CPU [2%@729,1%@729,2%@729,0%@729,1%@729,1%@729] GR3D_FREQ 0% cpu@45.281C soc2@44.656C soc0@43.125C gpu@44.906C tj@45.281C soc1@43.093C VDD_IN 3120mW/3132mW VDD_CPU_GPU_CV 519mW/519mW VDD_SOC 1040mW/1058mW
08-09-2026 20:13:22 RAM 2972/7620MB (lfb 19x4MB) SWAP 2/12002MB (cached 0MB) CPU [0%@729,1%@729,1%@729,1%@729,3%@729,1%@729] GR3D_FREQ 0% cpu@45.343C soc2@44.687C soc0@43.218C gpu@44.625C tj@45.343C soc1@43.281C VDD_IN 3120mW/3132mW VDD_CPU_GPU_CV 519mW/519mW VDD_SOC 1040mW/1058mW
08-09-2026 20:13:23 RAM 2972/7620MB (lfb 19x4MB) SWAP 2/12002MB (cached 0MB) CPU [1%@729,0%@729,1%@729,0%@729,1%@729,0%@729] GR3D_FREQ 0% cpu@45.437C soc2@44.625C soc0@43.25C gpu@44.656C tj@45.437C soc1@43.062C VDD_IN 3120mW/3132mW VDD_CPU_GPU_CV 519mW/519mW VDD_SOC 1040mW/1058mW
08-09-2026 20:13:24 RAM 2972/7620MB (lfb 19x4MB) SWAP 2/12002MB (cached 0MB) CPU [0%@729,1%@729,1%@729,0%@729,0%@729,1%@729] GR3D_FREQ 0% cpu@45.218C soc2@44.625C soc0@43.062C gpu@44.906C tj@45.218C soc1@43.156C VDD_IN 3120mW/3132mW VDD_CPU_GPU_CV 519mW/519mW VDD_SOC 1040mW/1058mW
08-09-2026 20:13:25 RAM 2972/7620MB (lfb 19x4MB) SWAP 2/12002MB (cached 0MB) CPU [1%@729,1%@729,2%@729,0%@729,2%@729,0%@729] GR3D_FREQ 0% cpu@45.25C soc2@44.625C soc0@43.156C gpu@44.937C tj@45.25C soc1@43.218C VDD_IN 3120mW/3132mW VDD_CPU_GPU_CV 519mW/519mW VDD_SOC 1040mW/1058mW
08-09-2026 20:13:26 RAM 2972/7620MB (lfb 19x4MB) SWAP 2/12002MB (cached 0MB) CPU [0%@729,0%@729,2%@729,1%@729,2%@729,1%@729] GR3D_FREQ 0% cpu@45.375C soc2@44.687C soc0@43.25C gpu@44.687C tj@45.375C soc1@43.031C VDD_IN 3120mW/3132mW VDD_CPU_GPU_CV 519mW/519mW VDD_SOC 1040mW/1058mW
08-09-2026 20:13:27 RAM 2972/7620MB (lfb 19x4MB) SWAP 2/12002MB (cached 0MB) CPU [1%@729,1%@729,5%@729,0%@729,1%@729,1%@729] GR3D_FREQ 0% cpu@45.593C soc2@44.593C soc0@43.187C gpu@44.656C tj@45.593C soc1@43.093C VDD_IN 3200mW/3132mW VDD_CPU_GPU_CV 519mW/519mW VDD_SOC 1080mW/1058mW
08-09-2026 20:13:28 RAM 2972/7620MB (lfb 19x4MB) SWAP 2/12002MB (cached 0MB) CPU [0%@729,0%@729,1%@729,1%@729,0%@729,1%@729] GR3D_FREQ 0% cpu@45.312C soc2@44.687C soc0@43.187C gpu@44.625C tj@45.312C soc1@43.187C VDD_IN 3240mW/3132mW VDD_CPU_GPU_CV 519mW/519mW VDD_SOC 1080mW/1058mW
08-09-2026 20:13:29 RAM 2972/7620MB (lfb 19x4MB) SWAP 2/12002MB (cached 0MB) CPU [1%@729,1%@729,2%@729,1%@729,1%@729,0%@729] GR3D_FREQ 0% cpu@45.281C soc2@44.718C soc0@43.343C gpu@44.968C tj@45.281C soc1@43.281C VDD_IN 3160mW/3132mW VDD_CPU_GPU_CV 519mW/519mW VDD_SOC 1080mW/1058mW
08-09-2026 20:13:30 RAM 2972/7620MB (lfb 19x4MB) SWAP 2/12002MB (cached 0MB) CPU [0%@729,0%@729,1%@729,0%@729,1%@729,0%@729] GR3D_FREQ 0% cpu@45.5C soc2@44.562C soc0@43.281C gpu@44.937C tj@45.5C soc1@43.062C VDD_IN 3120mW/3132mW VDD_CPU_GPU_CV 519mW/519mW VDD_SOC 1040mW/1058mW
08-09-2026 20:13:31 RAM 2972/7620MB (lfb 19x4MB) SWAP 2/12002MB (cached 0MB) CPU [0%@729,0%@729,2%@729,2%@729,2%@729,0%@729] GR3D_FREQ 0% cpu@45.281C soc2@44.656C soc0@43.187C gpu@44.968C tj@45.281C soc1@43.093C VDD_IN 3120mW/3132mW VDD_CPU_GPU_CV 519mW/519mW VDD_SOC 1040mW/1058mW
08-09-2026 20:13:32 RAM 2972/7620MB (lfb 19x4MB) SWAP 2/12002MB (cached 0MB) CPU [0%@729,0%@729,0%@729,1%@729,1%@729,1%@729] GR3D_FREQ 0% cpu@45.343C soc2@44.75C soc0@43.187C gpu@44.593C tj@45.343C soc1@43.156C VDD_IN 3160mW/3132mW VDD_CPU_GPU_CV 519mW/519mW VDD_SOC 1040mW/1058mW
08-09-2026 20:13:33 RAM 2972/7620MB (lfb 19x4MB) SWAP 2/12002MB (cached 0MB) CPU [1%@729,0%@729,1%@729,2%@729,2%@729,1%@729] GR3D_FREQ 0% cpu@45.218C soc2@44.687C soc0@43.156C gpu@44.718C tj@45.406C soc1@43.218C VDD_IN 3200mW/3133mW VDD_CPU_GPU_CV 519mW/519mW VDD_SOC 1080mW/1058mW
08-09-2026 20:13:34 RAM 2972/7620MB (lfb 19x4MB) SWAP 2/12002MB (cached 0MB) CPU [0%@1510,0%@1510,1%@1510,1%@1510,1%@729,0%@729] GR3D_FREQ 0% cpu@45.312C soc2@44.656C soc0@43.218C gpu@44.687C tj@45.312C soc1@43.093C VDD_IN 3160mW/3133mW VDD_CPU_GPU_CV 519mW/519mW VDD_SOC 1080mW/1058mW
08-09-2026 20:13:35 RAM 2972/7620MB (lfb 19x4MB) SWAP 2/12002MB (cached 0MB) CPU [0%@729,0%@729,1%@729,2%@729,0%@729,0%@729] GR3D_FREQ 0% cpu@45.562C soc2@44.656C soc0@43.093C gpu@44.531C tj@45.562C soc1@43.093C VDD_IN 3120mW/3133mW VDD_CPU_GPU_CV 519mW/519mW VDD_SOC 1080mW/1058mW
08-09-2026 20:13:36 RAM 2972/7620MB (lfb 19x4MB) SWAP 2/12002MB (cached 0MB) CPU [0%@729,0%@729,1%@729,2%@729,1%@729,2%@729] GR3D_FREQ 0% cpu@45.312C soc2@44.687C soc0@43.125C gpu@44.531C tj@45.312C soc1@43.281C VDD_IN 3160mW/3133mW VDD_CPU_GPU_CV 519mW/519mW VDD_SOC 1080mW/1058mW
