08-09-2026 22:36:17 RAM 3014/7620MB (lfb 29x4MB) SWAP 2/12002MB (cached 0MB) CPU [0%@1510,0%@1510,2%@1510,1%@1510,3%@1510,2%@1510] GR3D_FREQ 0% cpu@47.062C soc2@46.312C soc0@44.593C gpu@46.562C tj@47.062C soc1@44.562C VDD_IN 4193mW/4193mW VDD_CPU_GPU_CV 1036mW/1036mW VDD_SOC 1397mW/1397mW
08-09-2026 22:36:18 RAM 3014/7620MB (lfb 29x4MB) SWAP 2/12002MB (cached 0MB) CPU [1%@1510,1%@1510,0%@1510,0%@1510,1%@1510,0%@1510] GR3D_FREQ 0% cpu@47C soc2@46.375C soc0@44.687C gpu@46.687C tj@47C soc1@44.593C VDD_IN 4113mW/4153mW VDD_CPU_GPU_CV 996mW/1016mW VDD_SOC 1397mW/1397mW
08-09-2026 22:36:19 RAM 3014/7620MB (lfb 29x4MB) SWAP 2/12002MB (cached 0MB) CPU [1%@1510,0%@1510,1%@1510,1%@1510,0%@1510,1%@1510] GR3D_FREQ 0% cpu@46.875C soc2@46.437C soc0@44.593C gpu@46.718C tj@46.875C soc1@44.625C VDD_IN 4113mW/4139mW VDD_CPU_GPU_CV 996mW/1009mW VDD_SOC 1397mW/1397mW
08-09-2026 22:36:20 RAM 3014/7620MB (lfb 29x4MB) SWAP 2/12002MB (cached 0MB) CPU [0%@1510,0%@1510,0%@1510,0%@1510,0%@1510,0%@1510] GR3D_FREQ 0% cpu@47.031C soc2@46.375C soc0@44.718C gpu@46.593C tj@47.031C soc1@44.531C VDD_IN 4080mW/4124mW VDD_CPU_GPU_CV 958mW/996mW VDD_SOC 1397mW/1397mW
08-09-2026 22:36:21 RAM 3014/7620MB (lfb 29x4MB) SWAP 2/12002MB (cached 0MB) CPU [1%@1510,0%@1510,0%@1510,0%@1510,0%@1510,0%@1510] GR3D_FREQ 0% cpu@47.093C soc2@46.281C soc0@44.75C gpu@46.625C tj@47.093C soc1@44.593C VDD_IN 4120mW/4123mW VDD_CPU_GPU_CV 958mW/988mW VDD_SOC 1397mW/1397mW
08-09-2026 22:36:22 RAM 3014/7620MB (lfb 29x4MB) SWAP 2/12002MB (cached 0MB) CPU [0%@1510,0%@1510,1%@1510,1%@1510,0%@1510,4%@1510] GR3D_FREQ 0% cpu@47C soc2@46.343C soc0@44.781C gpu@46.781C tj@47C soc1@44.5C VDD_IN 4153mW/4128mW VDD_CPU_GPU_CV 1036mW/996mW VDD_SOC 1397mW/1397mW
08-09-2026 22:36:23 RAM 3014/7620MB (lfb 29x4MB) SWAP 2/12002MB (cached 0MB) CPU [0%@1510,0%@1510,0%@1510,0%@1510,1%@1510,0%@1510] GR3D_FREQ 0% cpu@47.218C soc2@46.343C soc0@44.593C gpu@46.75C tj@47.218C soc1@44.593C VDD_IN 4113mW/4126mW VDD_CPU_GPU_CV 996mW/996mW VDD_SOC 1397mW/1397mW
08-09-2026 22:36:24 RAM 3014/7620MB (lfb 29x4MB) SWAP 2/12002MB (cached 0MB) CPU [1%@1510,0%@1510,0%@1510,0%@1510,0%@1510,0%@1510] GR3D_FREQ 0% cpu@46.875C soc2@46.281C soc0@44.656C gpu@46.312C tj@46.875C soc1@44.687C VDD_IN 4080mW/4120mW VDD_CPU_GPU_CV 958mW/991mW VDD_SOC 1397mW/1397mW
08-09-2026 22:36:25 RAM 3014/7620MB (lfb 29x4MB) SWAP 2/12002MB (cached 0MB) CPU [0%@1510,0%@1510,0%@1510,1%@1510,0%@1510,1%@1510] GR3D_FREQ 0% cpu@47.031C soc2@46.343C soc0@44.718C gpu@46.25C tj@47.031C soc1@44.625C VDD_IN 4080mW/4116mW VDD_CPU_GPU_CV 958mW/988mW VDD_SOC 1397mW/1397mW
08-09-2026 22:36:26 RAM 3014/7620MB (lfb 29x4MB) SWAP 2/12002MB (cached 0MB) CPU [2%@1510,0%@1510,0%@1510,0%@1510,0%@1510,1%@1510] GR3D_FREQ 0% cpu@46.937C soc2@46.375C soc0@44.75C gpu@46.25C tj@47.25C soc1@44.562C VDD_IN 4120mW/4116mW VDD_CPU_GPU_CV 958mW/985mW VDD_SOC 1397mW/1397mW
08-09-2026 22:36:27 RAM 3014/7620MB (lfb 29x4MB) SWAP 2/12002MB (cached 0MB) CPU [0%@1510,0%@1510,1%@1510,0%@1510,0%@1510,0%@1510] GR3D_FREQ 0% cpu@47C soc2@46.312C soc0@44.781C gpu@46.25C tj@47.062C soc1@44.5C VDD_IN 4080mW/4113mW VDD_CPU_GPU_CV 958mW/982mW VDD_SOC 1397mW/1397mW
08-09-2026 22:36:28 RAM 3014/7620MB (lfb 29x4MB) SWAP 2/12002MB (cached 0MB) CPU [0%@1510,0%@1510,0%@1510,0%@1510,1%@1510,0%@1510] GR3D_FREQ 0% cpu@47.218C soc2@46.375C soc0@44.812C gpu@46.25C tj@47.218C soc1@44.562C VDD_IN 4080mW/4110mW VDD_CPU_GPU_CV 958mW/980mW VDD_SOC 1397mW/1397mW
08-09-2026 22:36:29 RAM 3014/7620MB (lfb 29x4MB) SWAP 2/12002MB (cached 0MB) CPU [1%@1510,0%@1510,0%@1510,0%@1510,0%@1510,0%@1510] GR3D_FREQ 0% cpu@47.031C soc2@46.375C soc0@44.625C gpu@46.281C tj@47.031C soc1@44.656C VDD_IN 4080mW/4108mW VDD_CPU_GPU_CV 958mW/978mW VDD_SOC 1397mW/1397mW
08-09-2026 22:36:30 RAM 3014/7620MB (lfb 29x4MB) SWAP 2/12002MB (cached 0MB) CPU [1%@1510,0%@1510,1%@1510,1%@1510,0%@1510,0%@1510] GR3D_FREQ 0% cpu@46.812C soc2@46.375C soc0@44.75C gpu@46.375C tj@46.812C soc1@44.687C VDD_IN 4080mW/4106mW VDD_CPU_GPU_CV 958mW/977mW VDD_SOC 1397mW/1397mW
08-09-2026 22:36:31 RAM 3014/7620MB (lfb 29x4MB) SWAP 2/12002MB (cached 0MB) CPU [1%@1510,0%@1510,0%@1510,0%@1510,0%@1510,0%@1510] GR3D_FREQ 0% cpu@46.937C soc2@46.406C soc0@44.625C gpu@46.281C tj@46.937C soc1@44.656C VDD_IN 4080mW/4104mW VDD_CPU_GPU_CV 958mW/976mW VDD_SOC 1397mW/1397mW
08-09-2026 22:36:32 RAM 3014/7620MB (lfb 29x4MB) SWAP 2/12002MB (cached 0MB) CPU [1%@1510,0%@1510,0%@1510,0%@1510,0%@1510,0%@1510] GR3D_FREQ 0% cpu@47C soc2@46.406C soc0@44.781C gpu@46.312C tj@47C soc1@44.75C VDD_IN 4080mW/4102mW VDD_CPU_GPU_CV 958mW/974mW VDD_SOC 1397mW/1397mW
08-09-2026 22:36:33 RAM 3014/7620MB (lfb 29x4MB) SWAP 2/12002MB (cached 0MB) CPU [1%@1510,0%@1510,0%@1510,1%@1510,0%@1510,1%@1510] GR3D_FREQ 0% cpu@47C soc2@46.406C soc0@44.75C gpu@46.343C tj@47.218C soc1@44.593C VDD_IN 4080mW/4101mW VDD_CPU_GPU_CV 958mW/973mW VDD_SOC 1397mW/1397mW
08-09-2026 22:36:34 RAM 3014/7620MB (lfb 29x4MB) SWAP 2/12002MB (cached 0MB) CPU [0%@1510,0%@1510,1%@1510,0%@1510,1%@1510,0%@1510] GR3D_FREQ 0% cpu@47.093C soc2@46.375C soc0@44.812C gpu@46.375C tj@47.093C soc1@44.625C VDD_IN 4080mW/4100mW VDD_CPU_GPU_CV 958mW/973mW VDD_SOC 1397mW/1397mW
08-09-2026 22:36:35 RAM 3014/7620MB (lfb 29x4MB) SWAP 2/12002MB (cached 0MB) CPU [1%@1510,0%@1510,0%@1510,0%@1510,0%@1510,0%@1510] GR3D_FREQ 0% cpu@46.968C soc2@46.343C soc0@44.656C gpu@46.343C tj@46.968C soc1@44.531C VDD_IN 4080mW/4099mW VDD_CPU_GPU_CV 958mW/972mW VDD_SOC 1397mW/1397mW
08-09-2026 22:36:36 RAM 3014/7620MB (lfb 29x4MB) SWAP 2/12002MB (cached 0MB) CPU [1%@1510,0%@1510,0%@1510,0%@1510,0%@1510,0%@1510] GR3D_FREQ 0% cpu@47.156C soc2@46.281C soc0@44.687C gpu@46.312C tj@47.156C soc1@44.593C VDD_IN 4080mW/4098mW VDD_CPU_GPU_CV 958mW/971mW VDD_SOC 1397mW/1397mW
08-09-2026 22:36:37 RAM 3014/7620MB (lfb 29x4MB) SWAP 2/12002MB (cached 0MB) CPU [0%@1510,0%@1510,0%@1510,1%@1510,0%@1510,0%@1510] GR3D_FREQ 0% cpu@46.843C soc2@46.343C soc0@44.625C gpu@46.375C tj@46.843C soc1@44.593C VDD_IN 4080mW/4097mW VDD_CPU_GPU_CV 958mW/970mW VDD_SOC 1397mW/1397mW
08-09-2026 22:36:38 RAM 3014/7620MB (lfb 29x4MB) SWAP 2/12002MB (cached 0MB) CPU [0%@1510,1%@1510,1%@1510,0%@1510,1%@1510,0%@1510] GR3D_FREQ 0% cpu@46.968C soc2@46.343C soc0@44.687C gpu@46.343C tj@46.968C soc1@44.687C VDD_IN 4080mW/4096mW VDD_CPU_GPU_CV 958mW/970mW VDD_SOC 1397mW/1397mW
08-09-2026 22:36:39 RAM 3014/7620MB (lfb 29x4MB) SWAP 2/12002MB (cached 0MB) CPU [1%@1510,1%@1510,0%@1510,0%@1510,0%@1510,0%@1510] GR3D_FREQ 0% cpu@47.093C soc2@46.343C soc0@44.75C gpu@46.406C tj@47.093C soc1@44.531C VDD_IN 4080mW/4095mW VDD_CPU_GPU_CV 958mW/969mW VDD_SOC 1397mW/1397mW
08-09-2026 22:36:40 RAM 3014/7620MB (lfb 29x4MB) SWAP 2/12002MB (cached 0MB) CPU [1%@1510,0%@1510,0%@1510,0%@1510,0%@1510,0%@1510] GR3D_FREQ 0% cpu@47.062C soc2@46.25C soc0@44.75C gpu@46.375C tj@46.968C soc1@44.531C VDD_IN 4080mW/4095mW VDD_CPU_GPU_CV 958mW/969mW VDD_SOC 1397mW/1397mW
08-09-2026 22:36:41 RAM 3014/7620MB (lfb 29x4MB) SWAP 2/12002MB (cached 0MB) CPU [1%@1510,0%@1510,0%@1510,0%@1510,0%@1510,1%@1510] GR3D_FREQ 0% cpu@47.187C soc2@46.375C soc0@44.812C gpu@46.375C tj@47.187C soc1@44.593C VDD_IN 4080mW/4094mW VDD_CPU_GPU_CV 958mW/968mW VDD_SOC 1397mW/1397mW
08-09-2026 22:36:42 RAM 3014/7620MB (lfb 29x4MB) SWAP 2/12002MB (cached 0MB) CPU [0%@1510,0%@1510,0%@1510,0%@1510,0%@1510,0%@1510] GR3D_FREQ 0% cpu@46.968C soc2@46.312C soc0@44.625C gpu@46.375C tj@46.968C soc1@44.593C VDD_IN 4080mW/4094mW VDD_CPU_GPU_CV 958mW/968mW VDD_SOC 1397mW/1397mW
08-09-2026 22:36:43 RAM 3014/7620MB (lfb 29x4MB) SWAP 2/12002MB (cached 0MB) CPU [1%@1510,0%@1510,1%@1510,0%@1510,0%@1510,0%@1510] GR3D_FREQ 0% cpu@47.031C soc2@46.375C soc0@44.656C gpu@46.343C tj@47.031C soc1@44.656C VDD_IN 4080mW/4093mW VDD_CPU_GPU_CV 958mW/968mW VDD_SOC 1397mW/1397mW
08-09-2026 22:36:44 RAM 3014/7620MB (lfb 29x4MB) SWAP 2/12002MB (cached 0MB) CPU [0%@1510,0%@1510,0%@1510,0%@1510,0%@1510,0%@1510] GR3D_FREQ 0% cpu@46.906C soc2@46.375C soc0@44.75C gpu@46.375C tj@46.906C soc1@44.781C VDD_IN 4080mW/4093mW VDD_CPU_GPU_CV 958mW/967mW VDD_SOC 1397mW/1397mW
08-09-2026 22:36:45 RAM 3014/7620MB (lfb 29x4MB) SWAP 2/12002MB (cached 0MB) CPU [2%@1510,1%@1510,0%@1510,1%@1510,0%@1510,0%@1510] GR3D_FREQ 0% cpu@46.968C soc2@46.437C soc0@44.781C gpu@46.375C tj@46.968C soc1@44.531C VDD_IN 4080mW/4092mW VDD_CPU_GPU_CV 958mW/967mW VDD_SOC 1397mW/1397mW
08-09-2026 22:36:46 RAM 3014/7620MB (lfb 29x4MB) SWAP 2/12002MB (cached 0MB) CPU [1%@1510,0%@1510,1%@1510,0%@1510,1%@1510,1%@1510] GR3D_FREQ 0% cpu@47.187C soc2@46.312C soc0@44.781C gpu@46.375C tj@47.187C soc1@44.531C VDD_IN 4080mW/4092mW VDD_CPU_GPU_CV 958mW/967mW VDD_SOC 1397mW/1397mW
08-09-2026 22:36:47 RAM 3014/7620MB (lfb 29x4MB) SWAP 2/12002MB (cached 0MB) CPU [0%@1510,0%@1510,1%@1510,0%@1510,1%@1510,4%@1510] GR3D_FREQ 0% cpu@47.062C soc2@46.375C soc0@44.812C gpu@46.375C tj@47.062C soc1@44.593C VDD_IN 4153mW/4094mW VDD_CPU_GPU_CV 996mW/967mW VDD_SOC 1397mW/1397mW
08-09-2026 22:36:48 RAM 3014/7620MB (lfb 29x4MB) SWAP 2/12002MB (cached 0MB) CPU [1%@1510,0%@1510,1%@1510,2%@1510,0%@1510,1%@1510] GR3D_FREQ 0% cpu@47.25C soc2@46.375C soc0@44.625C gpu@46.25C tj@47.25C soc1@44.593C VDD_IN 4113mW/4094mW VDD_CPU_GPU_CV 996mW/968mW VDD_SOC 1397mW/1397mW
08-09-2026 22:36:49 RAM 3014/7620MB (lfb 29x4MB) SWAP 2/12002MB (cached 0MB) CPU [1%@1510,0%@1510,0%@1510,0%@1510,0%@1510,0%@1510] GR3D_FREQ 0% cpu@46.968C soc2@46.343C soc0@44.718C gpu@46.281C tj@46.968C soc1@44.656C VDD_IN 4080mW/4094mW VDD_CPU_GPU_CV 958mW/968mW VDD_SOC 1397mW/1397mW
08-09-2026 22:36:50 RAM 3014/7620MB (lfb 29x4MB) SWAP 2/12002MB (cached 0MB) CPU [1%@1510,0%@1510,0%@1510,0%@1510,0%@1510,0%@1510] GR3D_FREQ 0% cpu@47.093C soc2@46.406C soc0@44.718C gpu@46.281C tj@47.093C soc1@44.687C VDD_IN 4080mW/4093mW VDD_CPU_GPU_CV 958mW/968mW VDD_SOC 1397mW/1397mW
08-09-2026 22:36:51 RAM 3014/7620MB (lfb 29x4MB) SWAP 2/12002MB (cached 0MB) CPU [0%@1510,1%@1510,0%@1510,0%@1510,0%@1510,1%@1510] GR3D_FREQ 0% cpu@46.937C soc2@46.406C soc0@44.656C gpu@46.25C tj@46.937C soc1@44.593C VDD_IN 4080mW/4093mW VDD_CPU_GPU_CV 958mW/967mW VDD_SOC 1397mW/1397mW
08-09-2026 22:36:52 RAM 3014/7620MB (lfb 29x4MB) SWAP 2/12002MB (cached 0MB) CPU [1%@1510,0%@1510,0%@1510,0%@1510,0%@1510,0%@1510] GR3D_FREQ 0% cpu@47C soc2@46.375C soc0@44.781C gpu@46.375C tj@47C soc1@44.468C VDD_IN 4120mW/4094mW VDD_CPU_GPU_CV 958mW/967mW VDD_SOC 1397mW/1397mW
08-09-2026 22:36:53 RAM 3014/7620MB (lfb 29x4MB) SWAP 2/12002MB (cached 0MB) CPU [1%@1510,0%@1510,0%@1510,0%@1510,1%@1510,0%@1510] GR3D_FREQ 0% cpu@47.25C soc2@46.343C soc0@44.656C gpu@46.375C tj@47.25C soc1@44.625C VDD_IN 4080mW/4093mW VDD_CPU_GPU_CV 958mW/967mW VDD_SOC 1397mW/1397mW
08-09-2026 22:36:54 RAM 3014/7620MB (lfb 29x4MB) SWAP 2/12002MB (cached 0MB) CPU [0%@1510,0%@1510,0%@1510,0%@1510,0%@1510,0%@1510] GR3D_FREQ 0% cpu@47C soc2@46.375C soc0@44.656C gpu@46.375C tj@47C soc1@44.625C VDD_IN 4080mW/4093mW VDD_CPU_GPU_CV 958mW/967mW VDD_SOC 1397mW/1397mW
08-09-2026 22:36:55 RAM 3014/7620MB (lfb 29x4MB) SWAP 2/12002MB (cached 0MB) CPU [2%@1510,0%@1510,0%@1510,0%@1510,0%@1510,0%@1510] GR3D_FREQ 0% cpu@46.906C soc2@46.375C soc0@44.687C gpu@46.343C tj@46.906C soc1@44.687C VDD_IN 4080mW/4093mW VDD_CPU_GPU_CV 958mW/966mW VDD_SOC 1397mW/1397mW
08-09-2026 22:36:56 RAM 3014/7620MB (lfb 29x4MB) SWAP 2/12002MB (cached 0MB) CPU [1%@1510,0%@1510,0%@1510,0%@1510,0%@1510,0%@1510] GR3D_FREQ 0% cpu@46.968C soc2@46.5C soc0@44.718C gpu@46.343C tj@46.968C soc1@44.781C VDD_IN 4080mW/4092mW VDD_CPU_GPU_CV 958mW/966mW VDD_SOC 1397mW/1397mW
08-09-2026 22:36:57 RAM 3014/7620MB (lfb 29x4MB) SWAP 2/12002MB (cached 0MB) CPU [1%@1510,1%@1510,1%@1510,0%@1510,0%@1510,0%@1510] GR3D_FREQ 0% cpu@47.093C soc2@46.437C soc0@44.687C gpu@46.375C tj@47.093C soc1@44.812C VDD_IN 4120mW/4093mW VDD_CPU_GPU_CV 958mW/966mW VDD_SOC 1397mW/1397mW
08-09-2026 22:36:58 RAM 3014/7620MB (lfb 29x4MB) SWAP 2/12002MB (cached 0MB) CPU [0%@1510,0%@1510,0%@1510,0%@1510,1%@1510,0%@1510] GR3D_FREQ 0% cpu@47.312C soc2@46.343C soc0@44.75C gpu@46.375C tj@47.312C soc1@44.5C VDD_IN 4080mW/4093mW VDD_CPU_GPU_CV 958mW/966mW VDD_SOC 1397mW/1397mW
08-09-2026 22:36:59 RAM 3014/7620MB (lfb 29x4MB) SWAP 2/12002MB (cached 0MB) CPU [1%@1510,0%@1510,0%@1510,0%@1510,0%@1510,0%@1510] GR3D_FREQ 0% cpu@47.125C soc2@46.25C soc0@44.718C gpu@46.375C tj@47.125C soc1@44.687C VDD_IN 4080mW/4092mW VDD_CPU_GPU_CV 958mW/966mW VDD_SOC 1397mW/1397mW
08-09-2026 22:37:00 RAM 3014/7620MB (lfb 29x4MB) SWAP 2/12002MB (cached 0MB) CPU [1%@1510,0%@1510,1%@1510,1%@1510,0%@1510,0%@1510] GR3D_FREQ 0% cpu@46.968C soc2@46.312C soc0@44.656C gpu@46.375C tj@46.968C soc1@44.562C VDD_IN 4120mW/4093mW VDD_CPU_GPU_CV 998mW/966mW VDD_SOC 1397mW/1397mW
08-09-2026 22:37:01 RAM 3014/7620MB (lfb 29x4MB) SWAP 2/12002MB (cached 0MB) CPU [1%@1510,0%@1510,2%@1510,3%@1510,3%@1510,9%@1510] GR3D_FREQ 0% cpu@46.906C soc2@46.375C soc0@44.625C gpu@46.406C tj@46.906C soc1@44.625C VDD_IN 4193mW/4095mW VDD_CPU_GPU_CV 1036mW/968mW VDD_SOC 1397mW/1397mW
08-09-2026 22:37:02 RAM 3014/7620MB (lfb 29x4MB) SWAP 2/12002MB (cached 0MB) CPU [2%@1510,1%@1510,0%@1510,0%@1510,0%@1510,0%@1510] GR3D_FREQ 0% cpu@46.968C soc2@46.375C soc0@44.718C gpu@46.406C tj@47.093C soc1@44.781C VDD_IN 4113mW/4096mW VDD_CPU_GPU_CV 996mW/968mW VDD_SOC 1397mW/1397mW
08-09-2026 22:37:03 RAM 3016/7620MB (lfb 29x4MB) SWAP 2/12002MB (cached 0MB) CPU [6%@1510,2%@1510,5%@1510,7%@1510,8%@1510,9%@1510] GR3D_FREQ 0% cpu@47C soc2@46.375C soc0@44.718C gpu@46.375C tj@47C soc1@44.781C VDD_IN 4153mW/4097mW VDD_CPU_GPU_CV 1036mW/970mW VDD_SOC 1397mW/1397mW
08-09-2026 22:37:04 RAM 3016/7620MB (lfb 29x4MB) SWAP 2/12002MB (cached 0MB) CPU [1%@1510,1%@1510,0%@1510,0%@1510,0%@1510,0%@1510] GR3D_FREQ 0% cpu@47.156C soc2@46.343C soc0@44.843C gpu@46.406C tj@47.156C soc1@44.593C VDD_IN 4120mW/4097mW VDD_CPU_GPU_CV 998mW/970mW VDD_SOC 1397mW/1397mW
08-09-2026 22:37:05 RAM 3016/7620MB (lfb 29x4MB) SWAP 2/12002MB (cached 0MB) CPU [0%@1510,0%@1510,1%@1510,0%@1510,0%@1510,0%@1510] GR3D_FREQ 0% cpu@46.937C soc2@46.312C soc0@44.625C gpu@46.5C tj@46.937C soc1@44.625C VDD_IN 4080mW/4097mW VDD_CPU_GPU_CV 958mW/970mW VDD_SOC 1397mW/1397mW
08-09-2026 22:37:06 RAM 3017/7620MB (lfb 29x4MB) SWAP 2/12002MB (cached 0MB) CPU [1%@1510,1%@1510,1%@1510,4%@1510,10%@1510,1%@1510] GR3D_FREQ 0% cpu@47.187C soc2@46.343C soc0@44.593C gpu@46.375C tj@47.156C soc1@44.562C VDD_IN 4193mW/4099mW VDD_CPU_GPU_CV 1036mW/971mW VDD_SOC 1397mW/1397mW
08-09-2026 22:37:07 RAM 3017/7620MB (lfb 29x4MB) SWAP 2/12002MB (cached 0MB) CPU [0%@1510,0%@1510,1%@1510,0%@1510,0%@1510,0%@1510] GR3D_FREQ 0% cpu@46.875C soc2@46.375C soc0@44.687C gpu@46.343C tj@46.875C soc1@44.687C VDD_IN 4120mW/4099mW VDD_CPU_GPU_CV 998mW/972mW VDD_SOC 1397mW/1397mW
08-09-2026 22:37:08 RAM 3017/7620MB (lfb 29x4MB) SWAP 2/12002MB (cached 0MB) CPU [0%@1510,1%@1510,0%@1510,0%@1510,0%@1510,0%@1510] GR3D_FREQ 0% cpu@46.937C soc2@46.375C soc0@44.718C gpu@46.437C tj@46.937C soc1@44.75C VDD_IN 4080mW/4099mW VDD_CPU_GPU_CV 958mW/972mW VDD_SOC 1397mW/1397mW
08-09-2026 22:37:09 RAM 3017/7620MB (lfb 29x4MB) SWAP 2/12002MB (cached 0MB) CPU [2%@1510,1%@1510,1%@1510,0%@1510,0%@1510,0%@1510] GR3D_FREQ 0% cpu@46.968C soc2@46.375C soc0@44.687C gpu@46.406C tj@46.968C soc1@44.75C VDD_IN 4080mW/4098mW VDD_CPU_GPU_CV 958mW/971mW VDD_SOC 1397mW/1397mW
08-09-2026 22:37:10 RAM 3017/7620MB (lfb 29x4MB) SWAP 2/12002MB (cached 0MB) CPU [0%@1510,1%@1510,2%@1510,0%@1510,0%@1510,0%@1510] GR3D_FREQ 0% cpu@46.968C soc2@46.343C soc0@44.75C gpu@46.406C tj@46.968C soc1@44.468C VDD_IN 4120mW/4099mW VDD_CPU_GPU_CV 996mW/972mW VDD_SOC 1397mW/1397mW
08-09-2026 22:37:11 RAM 3017/7620MB (lfb 29x4MB) SWAP 2/12002MB (cached 0MB) CPU [0%@1510,0%@1510,1%@1510,0%@1510,0%@1510,0%@1510] GR3D_FREQ 0% cpu@47.125C soc2@46.281C soc0@44.781C gpu@46.437C tj@47.125C soc1@44.531C VDD_IN 4080mW/4098mW VDD_CPU_GPU_CV 958mW/972mW VDD_SOC 1397mW/1397mW
08-09-2026 22:37:12 RAM 3017/7620MB (lfb 29x4MB) SWAP 2/12002MB (cached 0MB) CPU [0%@1510,0%@1510,0%@1510,0%@1510,0%@1510,0%@1510] GR3D_FREQ 0% cpu@46.906C soc2@46.312C soc0@44.593C gpu@46.468C tj@46.906C soc1@44.531C VDD_IN 4080mW/4098mW VDD_CPU_GPU_CV 958mW/971mW VDD_SOC 1397mW/1397mW
08-09-2026 22:37:13 RAM 3017/7620MB (lfb 29x4MB) SWAP 2/12002MB (cached 0MB) CPU [0%@1510,1%@1510,1%@1510,0%@1510,0%@1510,0%@1510] GR3D_FREQ 0% cpu@47.187C soc2@46.281C soc0@44.531C gpu@46.468C tj@46.906C soc1@44.656C VDD_IN 4080mW/4098mW VDD_CPU_GPU_CV 958mW/971mW VDD_SOC 1397mW/1397mW
08-09-2026 22:37:14 RAM 3017/7620MB (lfb 29x4MB) SWAP 2/12002MB (cached 0MB) CPU [1%@1510,0%@1510,0%@1510,0%@1510,0%@1510,0%@1510] GR3D_FREQ 0% cpu@46.843C soc2@46.25C soc0@44.656C gpu@46.468C tj@46.843C soc1@44.625C VDD_IN 4080mW/4097mW VDD_CPU_GPU_CV 958mW/971mW VDD_SOC 1397mW/1397mW
08-09-2026 22:37:15 RAM 3017/7620MB (lfb 29x4MB) SWAP 2/12002MB (cached 0MB) CPU [0%@1510,1%@1510,1%@1510,1%@1510,0%@1510,0%@1510] GR3D_FREQ 0% cpu@47C soc2@46.375C soc0@44.687C gpu@46.468C tj@47C soc1@44.687C VDD_IN 4080mW/4097mW VDD_CPU_GPU_CV 958mW/971mW VDD_SOC 1397mW/1397mW
08-09-2026 22:37:16 RAM 3017/7620MB (lfb 29x4MB) SWAP 2/12002MB (cached 0MB) CPU [0%@1510,0%@1510,0%@1510,1%@1510,0%@1510,0%@1510] GR3D_FREQ 0% cpu@47.093C soc2@46.375C soc0@44.718C gpu@46.562C tj@47.093C soc1@44.437C VDD_IN 4080mW/4097mW VDD_CPU_GPU_CV 958mW/970mW VDD_SOC 1397mW/1397mW
08-09-2026 22:37:17 RAM 3017/7620MB (lfb 29x4MB) SWAP 2/12002MB (cached 0MB) CPU [1%@1510,0%@1510,0%@1510,0%@1510,0%@1510,0%@1510] GR3D_FREQ 0% cpu@46.968C soc2@46.25C soc0@44.687C gpu@46.468C tj@46.968C soc1@44.562C VDD_IN 4080mW/4097mW VDD_CPU_GPU_CV 958mW/970mW VDD_SOC 1397mW/1397mW
08-09-2026 22:37:18 RAM 3017/7620MB (lfb 29x4MB) SWAP 2/12002MB (cached 0MB) CPU [0%@1510,1%@1510,1%@1510,0%@1510,0%@1510,0%@1510] GR3D_FREQ 0% cpu@47.25C soc2@46.218C soc0@44.531C gpu@46.562C tj@47.25C soc1@44.5C VDD_IN 4080mW/4096mW VDD_CPU_GPU_CV 958mW/970mW VDD_SOC 1397mW/1397mW
08-09-2026 22:37:19 RAM 3017/7620MB (lfb 29x4MB) SWAP 2/12002MB (cached 0MB) CPU [1%@1510,0%@1510,1%@1510,0%@1510,0%@1510,0%@1510] GR3D_FREQ 0% cpu@46.968C soc2@46.312C soc0@44.562C gpu@46.593C tj@46.843C soc1@44.562C VDD_IN 4080mW/4096mW VDD_CPU_GPU_CV 958mW/970mW VDD_SOC 1397mW/1397mW
08-09-2026 22:37:20 RAM 3017/7620MB (lfb 29x4MB) SWAP 2/12002MB (cached 0MB) CPU [1%@1510,1%@1510,0%@1510,1%@1510,0%@1510,0%@1510] GR3D_FREQ 0% cpu@46.937C soc2@46.281C soc0@44.625C gpu@46.531C tj@46.937C soc1@44.625C VDD_IN 4080mW/4096mW VDD_CPU_GPU_CV 958mW/970mW VDD_SOC 1397mW/1397mW
08-09-2026 22:37:21 RAM 3017/7620MB (lfb 29x4MB) SWAP 2/12002MB (cached 0MB) CPU [0%@1510,0%@1510,0%@1510,0%@1510,0%@1510,0%@1510] GR3D_FREQ 0% cpu@46.906C soc2@46.375C soc0@44.593C gpu@46.593C tj@46.906C soc1@44.718C VDD_IN 4080mW/4096mW VDD_CPU_GPU_CV 958mW/969mW VDD_SOC 1397mW/1397mW
08-09-2026 22:37:22 RAM 3017/7620MB (lfb 29x4MB) SWAP 2/12002MB (cached 0MB) CPU [0%@1510,1%@1510,0%@1510,1%@1510,1%@1510,0%@1510] GR3D_FREQ 0% cpu@47C soc2@46.375C soc0@44.656C gpu@46.718C tj@47C soc1@44.843C VDD_IN 4120mW/4096mW VDD_CPU_GPU_CV 958mW/969mW VDD_SOC 1397mW/1397mW
08-09-2026 22:37:23 RAM 3017/7620MB (lfb 29x4MB) SWAP 2/12002MB (cached 0MB) CPU [1%@1510,0%@1510,0%@1510,0%@1510,0%@1510,1%@1510] GR3D_FREQ 0% cpu@47.125C soc2@46.281C soc0@44.656C gpu@46.718C tj@47.125C soc1@44.468C VDD_IN 4080mW/4096mW VDD_CPU_GPU_CV 958mW/969mW VDD_SOC 1397mW/1397mW
08-09-2026 22:37:24 RAM 3017/7620MB (lfb 29x4MB) SWAP 2/12002MB (cached 0MB) CPU [0%@1510,0%@1510,0%@1510,0%@1510,0%@1510,0%@1510] GR3D_FREQ 0% cpu@47.093C soc2@46.312C soc0@44.625C gpu@46.656C tj@47.093C soc1@44.5C VDD_IN 4080mW/4095mW VDD_CPU_GPU_CV 958mW/969mW VDD_SOC 1397mW/1397mW
08-09-2026 22:37:25 RAM 3017/7620MB (lfb 29x4MB) SWAP 2/12002MB (cached 0MB) CPU [0%@1510,1%@1510,1%@1510,1%@1510,0%@1510,0%@1510] GR3D_FREQ 0% cpu@46.906C soc2@46.375C soc0@44.562C gpu@46.312C tj@46.906C soc1@44.562C VDD_IN 4080mW/4095mW VDD_CPU_GPU_CV 958mW/969mW VDD_SOC 1397mW/1397mW
08-09-2026 22:37:26 RAM 3017/7620MB (lfb 29x4MB) SWAP 2/12002MB (cached 0MB) CPU [1%@1510,0%@1510,0%@1510,1%@1510,0%@1510,0%@1510] GR3D_FREQ 0% cpu@47.187C soc2@46.281C soc0@44.562C gpu@46.25C tj@47C soc1@44.562C VDD_IN 4080mW/4095mW VDD_CPU_GPU_CV 958mW/969mW VDD_SOC 1397mW/1397mW
08-09-2026 22:37:27 RAM 3017/7620MB (lfb 29x4MB) SWAP 2/12002MB (cached 0MB) CPU [0%@1510,1%@1510,0%@1510,0%@1510,0%@1510,1%@1510] GR3D_FREQ 0% cpu@46.906C soc2@46.343C soc0@44.625C gpu@46.25C tj@46.906C soc1@44.625C VDD_IN 4080mW/4095mW VDD_CPU_GPU_CV 958mW/968mW VDD_SOC 1397mW/1397mW
08-09-2026 22:37:28 RAM 3017/7620MB (lfb 29x4MB) SWAP 2/12002MB (cached 0MB) CPU [1%@1510,0%@1510,0%@1510,0%@1510,0%@1510,0%@1510] GR3D_FREQ 0% cpu@46.968C soc2@46.375C soc0@44.593C gpu@46.25C tj@46.968C soc1@44.843C VDD_IN 4120mW/4095mW VDD_CPU_GPU_CV 958mW/968mW VDD_SOC 1397mW/1397mW
08-09-2026 22:37:29 RAM 3017/7620MB (lfb 29x4MB) SWAP 2/12002MB (cached 0MB) CPU [0%@1510,2%@1510,0%@1510,2%@1510,0%@1510,0%@1510] GR3D_FREQ 0% cpu@47C soc2@46.375C soc0@44.718C gpu@46.25C tj@47C soc1@44.468C VDD_IN 4080mW/4095mW VDD_CPU_GPU_CV 958mW/968mW VDD_SOC 1397mW/1397mW
08-09-2026 22:37:30 RAM 3017/7620MB (lfb 29x4MB) SWAP 2/12002MB (cached 0MB) CPU [0%@1510,0%@1510,0%@1510,0%@1510,0%@1510,1%@1510] GR3D_FREQ 0% cpu@46.906C soc2@46.25C soc0@44.687C gpu@46.343C tj@46.843C soc1@44.468C VDD_IN 4080mW/4095mW VDD_CPU_GPU_CV 958mW/968mW VDD_SOC 1397mW/1397mW
08-09-2026 22:37:31 RAM 3017/7620MB (lfb 29x4MB) SWAP 2/12002MB (cached 0MB) CPU [1%@1510,1%@1510,0%@1510,0%@1510,0%@1510,1%@1510] GR3D_FREQ 0% cpu@47.062C soc2@46.25C soc0@44.812C gpu@46.218C tj@47.062C soc1@44.593C VDD_IN 4080mW/4094mW VDD_CPU_GPU_CV 958mW/968mW VDD_SOC 1397mW/1397mW
08-09-2026 22:37:32 RAM 3017/7620MB (lfb 29x4MB) SWAP 2/12002MB (cached 0MB) CPU [0%@1510,0%@1510,0%@1510,0%@1510,0%@1510,0%@1510] GR3D_FREQ 0% cpu@46.937C soc2@46.25C soc0@44.593C gpu@46.312C tj@46.937C soc1@44.625C VDD_IN 4120mW/4095mW VDD_CPU_GPU_CV 958mW/968mW VDD_SOC 1397mW/1397mW
08-09-2026 22:37:33 RAM 3017/7620MB (lfb 29x4MB) SWAP 2/12002MB (cached 0MB) CPU [0%@1510,1%@1510,0%@1510,0%@1510,0%@1510,0%@1510] GR3D_FREQ 0% cpu@46.906C soc2@46.281C soc0@44.656C gpu@46.218C tj@46.906C soc1@44.593C VDD_IN 4120mW/4095mW VDD_CPU_GPU_CV 958mW/968mW VDD_SOC 1397mW/1397mW
08-09-2026 22:37:34 RAM 3017/7620MB (lfb 29x4MB) SWAP 2/12002MB (cached 0MB) CPU [0%@1510,0%@1510,1%@1510,0%@1510,0%@1510,0%@1510] GR3D_FREQ 0% cpu@46.843C soc2@46.343C soc0@44.656C gpu@46.375C tj@46.843C soc1@44.656C VDD_IN 4080mW/4095mW VDD_CPU_GPU_CV 958mW/967mW VDD_SOC 1397mW/1397mW
08-09-2026 22:37:35 RAM 3017/7620MB (lfb 29x4MB) SWAP 2/12002MB (cached 0MB) CPU [0%@1510,0%@1510,0%@1510,0%@1510,1%@1510,0%@1510] GR3D_FREQ 0% cpu@46.968C soc2@46.375C soc0@44.687C gpu@46.343C tj@46.968C soc1@44.75C VDD_IN 4080mW/4095mW VDD_CPU_GPU_CV 958mW/967mW VDD_SOC 1397mW/1397mW
08-09-2026 22:37:36 RAM 3017/7620MB (lfb 29x4MB) SWAP 2/12002MB (cached 0MB) CPU [1%@1510,0%@1510,0%@1510,0%@1510,0%@1510,0%@1510] GR3D_FREQ 0% cpu@47.093C soc2@46.375C soc0@44.812C gpu@46.343C tj@47.093C soc1@44.468C VDD_IN 4080mW/4095mW VDD_CPU_GPU_CV 958mW/967mW VDD_SOC 1397mW/1397mW
08-09-2026 22:37:37 RAM 3017/7620MB (lfb 29x4MB) SWAP 2/12002MB (cached 0MB) CPU [0%@1510,0%@1510,1%@1510,0%@1510,0%@1510,1%@1510] GR3D_FREQ 0% cpu@47.062C soc2@46.281C soc0@44.843C gpu@46.281C tj@46.968C soc1@44.562C VDD_IN 4120mW/4095mW VDD_CPU_GPU_CV 958mW/967mW VDD_SOC 1397mW/1397mW
08-09-2026 22:37:38 RAM 3017/7620MB (lfb 29x4MB) SWAP 2/12002MB (cached 0MB) CPU [0%@1510,0%@1510,0%@1510,0%@1510,0%@1510,0%@1510] GR3D_FREQ 0% cpu@47.25C soc2@46.281C soc0@44.531C gpu@46.312C tj@47.25C soc1@44.5C VDD_IN 4080mW/4095mW VDD_CPU_GPU_CV 958mW/967mW VDD_SOC 1397mW/1397mW
08-09-2026 22:37:39 RAM 3017/7620MB (lfb 29x4MB) SWAP 2/12002MB (cached 0MB) CPU [0%@1510,0%@1510,0%@1510,0%@1510,0%@1510,0%@1510] GR3D_FREQ 0% cpu@46.875C soc2@46.312C soc0@44.656C gpu@46.375C tj@46.875C soc1@44.625C VDD_IN 4080mW/4094mW VDD_CPU_GPU_CV 958mW/967mW VDD_SOC 1397mW/1397mW
08-09-2026 22:37:40 RAM 3017/7620MB (lfb 29x4MB) SWAP 2/12002MB (cached 0MB) CPU [0%@1510,1%@1510,0%@1510,0%@1510,0%@1510,0%@1510] GR3D_FREQ 0% cpu@46.906C soc2@46.343C soc0@44.687C gpu@46.312C tj@46.906C soc1@44.625C VDD_IN 4080mW/4094mW VDD_CPU_GPU_CV 958mW/967mW VDD_SOC 1397mW/1397mW
08-09-2026 22:37:41 RAM 3017/7620MB (lfb 29x4MB) SWAP 2/12002MB (cached 0MB) CPU [1%@1510,0%@1510,0%@1510,0%@1510,0%@1510,0%@1510] GR3D_FREQ 0% cpu@46.906C soc2@46.343C soc0@44.562C gpu@46.375C tj@46.906C soc1@44.687C VDD_IN 4080mW/4094mW VDD_CPU_GPU_CV 958mW/967mW VDD_SOC 1397mW/1397mW
08-09-2026 22:37:42 RAM 3017/7620MB (lfb 29x4MB) SWAP 2/12002MB (cached 0MB) CPU [0%@1510,1%@1510,1%@1510,0%@1510,0%@1510,0%@1510] GR3D_FREQ 0% cpu@47.031C soc2@46.281C soc0@44.687C gpu@46.343C tj@47.031C soc1@44.5C VDD_IN 4080mW/4094mW VDD_CPU_GPU_CV 958mW/967mW VDD_SOC 1397mW/1397mW
08-09-2026 22:37:43 RAM 3017/7620MB (lfb 29x4MB) SWAP 2/12002MB (cached 0MB) CPU [0%@1510,1%@1510,0%@1510,0%@1510,0%@1510,0%@1510] GR3D_FREQ 0% cpu@47.218C soc2@46.218C soc0@44.718C gpu@46.343C tj@47.218C soc1@44.468C VDD_IN 4080mW/4094mW VDD_CPU_GPU_CV 958mW/966mW VDD_SOC 1397mW/1397mW
08-09-2026 22:37:44 RAM 3017/7620MB (lfb 29x4MB) SWAP 2/12002MB (cached 0MB) CPU [0%@1510,0%@1510,1%@1510,1%@1510,0%@1510,0%@1510] GR3D_FREQ 0% cpu@47.062C soc2@46.25C soc0@44.562C gpu@46.312C tj@47.062C soc1@44.531C VDD_IN 4080mW/4094mW VDD_CPU_GPU_CV 958mW/966mW VDD_SOC 1397mW/1397mW
08-09-2026 22:37:45 RAM 3017/7620MB (lfb 29x4MB) SWAP 2/12002MB (cached 0MB) CPU [1%@1510,0%@1510,0%@1510,0%@1510,0%@1510,0%@1510] GR3D_FREQ 0% cpu@46.875C soc2@46.375C soc0@44.531C gpu@46.375C tj@46.875C soc1@44.593C VDD_IN 4080mW/4093mW VDD_CPU_GPU_CV 958mW/966mW VDD_SOC 1397mW/1397mW
08-09-2026 22:37:46 RAM 3017/7620MB (lfb 29x4MB) SWAP 2/12002MB (cached 0MB) CPU [0%@1510,0%@1510,0%@1510,1%@1510,0%@1510,0%@1510] GR3D_FREQ 0% cpu@46.906C soc2@46.343C soc0@44.625C gpu@46.375C tj@46.906C soc1@44.562C VDD_IN 4080mW/4093mW VDD_CPU_GPU_CV 958mW/966mW VDD_SOC 1397mW/1397mW
08-09-2026 22:37:47 RAM 3017/7620MB (lfb 29x4MB) SWAP 2/12002MB (cached 0MB) CPU [0%@1510,1%@1510,0%@1510,0%@1510,0%@1510,1%@1510] GR3D_FREQ 0% cpu@47C soc2@46.312C soc0@44.625C gpu@46.375C tj@47C soc1@44.625C VDD_IN 4120mW/4094mW VDD_CPU_GPU_CV 958mW/966mW VDD_SOC 1397mW/1397mW
08-09-2026 22:37:48 RAM 3017/7620MB (lfb 29x4MB) SWAP 2/12002MB (cached 0MB) CPU [0%@1510,0%@1510,1%@1510,0%@1510,0%@1510,0%@1510] GR3D_FREQ 0% cpu@46.937C soc2@46.437C soc0@44.656C gpu@46.406C tj@46.937C soc1@44.75C VDD_IN 4080mW/4093mW VDD_CPU_GPU_CV 958mW/966mW VDD_SOC 1397mW/1397mW
08-09-2026 22:37:49 RAM 3017/7620MB (lfb 29x4MB) SWAP 2/12002MB (cached 0MB) CPU [0%@1510,1%@1510,0%@1510,0%@1510,0%@1510,0%@1510] GR3D_FREQ 0% cpu@47.031C soc2@46.281C soc0@44.781C gpu@46.437C tj@47.031C soc1@44.468C VDD_IN 4080mW/4093mW VDD_CPU_GPU_CV 958mW/966mW VDD_SOC 1397mW/1397mW
08-09-2026 22:37:50 RAM 3017/7620MB (lfb 29x4MB) SWAP 2/12002MB (cached 0MB) CPU [0%@1510,0%@1510,1%@1510,0%@1510,0%@1510,0%@1510] GR3D_FREQ 0% cpu@46.875C soc2@46.281C soc0@44.562C gpu@46.375C tj@46.875C soc1@44.531C VDD_IN 4080mW/4093mW VDD_CPU_GPU_CV 958mW/966mW VDD_SOC 1397mW/1397mW
08-09-2026 22:37:51 RAM 3017/7620MB (lfb 29x4MB) SWAP 2/12002MB (cached 0MB) CPU [1%@1510,0%@1510,1%@1510,0%@1510,0%@1510,0%@1510] GR3D_FREQ 0% cpu@47.125C soc2@46.281C soc0@44.531C gpu@46.437C tj@47.125C soc1@44.531C VDD_IN 4080mW/4093mW VDD_CPU_GPU_CV 958mW/966mW VDD_SOC 1397mW/1397mW
08-09-2026 22:37:52 RAM 3017/7620MB (lfb 29x4MB) SWAP 2/12002MB (cached 0MB) CPU [0%@1510,0%@1510,0%@1510,0%@1510,0%@1510,0%@1510] GR3D_FREQ 0% cpu@46.906C soc2@46.281C soc0@44.593C gpu@46.5C tj@46.906C soc1@44.562C VDD_IN 4120mW/4093mW VDD_CPU_GPU_CV 958mW/966mW VDD_SOC 1397mW/1397mW
08-09-2026 22:37:53 RAM 3017/7620MB (lfb 29x4MB) SWAP 2/12002MB (cached 0MB) CPU [0%@1510,0%@1510,0%@1510,0%@1510,0%@1510,0%@1510] GR3D_FREQ 0% cpu@46.875C soc2@46.343C soc0@44.656C gpu@46.437C tj@46.875C soc1@44.625C VDD_IN 4080mW/4093mW VDD_CPU_GPU_CV 958mW/966mW VDD_SOC 1397mW/1397mW
08-09-2026 22:37:54 RAM 3017/7620MB (lfb 29x4MB) SWAP 2/12002MB (cached 0MB) CPU [0%@1510,1%@1510,0%@1510,0%@1510,0%@1510,0%@1510] GR3D_FREQ 0% cpu@46.875C soc2@46.343C soc0@44.593C gpu@46.406C tj@47.093C soc1@44.687C VDD_IN 4080mW/4093mW VDD_CPU_GPU_CV 998mW/966mW VDD_SOC 1397mW/1397mW
08-09-2026 22:37:55 RAM 3017/7620MB (lfb 29x4MB) SWAP 2/12002MB (cached 0MB) CPU [1%@1510,0%@1510,0%@1510,0%@1510,0%@1510,0%@1510] GR3D_FREQ 0% cpu@46.875C soc2@46.25C soc0@44.687C gpu@46.531C tj@46.875C soc1@44.468C VDD_IN 4080mW/4093mW VDD_CPU_GPU_CV 958mW/966mW VDD_SOC 1397mW/1397mW
08-09-2026 22:37:56 RAM 3017/7620MB (lfb 29x4MB) SWAP 2/12002MB (cached 0MB) CPU [0%@1510,0%@1510,1%@1510,1%@1510,0%@1510,0%@1510] GR3D_FREQ 0% cpu@47.187C soc2@46.25C soc0@44.781C gpu@46.468C tj@47.187C soc1@44.5C VDD_IN 4120mW/4093mW VDD_CPU_GPU_CV 998mW/966mW VDD_SOC 1397mW/1397mW
08-09-2026 22:37:57 RAM 3017/7620MB (lfb 29x4MB) SWAP 2/12002MB (cached 0MB) CPU [1%@1510,0%@1510,1%@1510,0%@1510,0%@1510,0%@1510] GR3D_FREQ 0% cpu@47C soc2@46.25C soc0@44.5C gpu@46.5C tj@47C soc1@44.406C VDD_IN 4120mW/4093mW VDD_CPU_GPU_CV 958mW/966mW VDD_SOC 1397mW/1397mW
08-09-2026 22:37:58 RAM 3017/7620MB (lfb 29x4MB) SWAP 2/12002MB (cached 0MB) CPU [0%@1510,1%@1510,1%@1510,0%@1510,0%@1510,0%@1510] GR3D_FREQ 0% cpu@47.218C soc2@46.25C soc0@44.625C gpu@46.562C tj@47.218C soc1@44.5C VDD_IN 4113mW/4094mW VDD_CPU_GPU_CV 958mW/966mW VDD_SOC 1397mW/1397mW
08-09-2026 22:37:59 RAM 3017/7620MB (lfb 29x4MB) SWAP 2/12002MB (cached 0MB) CPU [1%@1510,0%@1510,1%@1510,1%@1510,0%@1510,0%@1510] GR3D_FREQ 0% cpu@46.937C soc2@46.218C soc0@44.625C gpu@46.562C tj@46.937C soc1@44.531C VDD_IN 4080mW/4093mW VDD_CPU_GPU_CV 958mW/966mW VDD_SOC 1397mW/1397mW
08-09-2026 22:38:00 RAM 3017/7620MB (lfb 29x4MB) SWAP 2/12002MB (cached 0MB) CPU [1%@1510,0%@1510,1%@1510,0%@1510,0%@1510,0%@1510] GR3D_FREQ 0% cpu@46.937C soc2@46.25C soc0@44.687C gpu@46.562C tj@46.937C soc1@44.687C VDD_IN 4080mW/4093mW VDD_CPU_GPU_CV 958mW/966mW VDD_SOC 1397mW/1397mW
08-09-2026 22:38:01 RAM 3017/7620MB (lfb 29x4MB) SWAP 2/12002MB (cached 0MB) CPU [0%@1510,2%@1510,0%@1510,0%@1510,0%@1510,0%@1510] GR3D_FREQ 0% cpu@46.968C soc2@46.25C soc0@44.687C gpu@46.625C tj@47.062C soc1@44.375C VDD_IN 4080mW/4093mW VDD_CPU_GPU_CV 958mW/966mW VDD_SOC 1397mW/1397mW
08-09-2026 22:38:02 RAM 3017/7620MB (lfb 29x4MB) SWAP 2/12002MB (cached 0MB) CPU [1%@1510,0%@1510,1%@1510,0%@1510,2%@1510,0%@1510] GR3D_FREQ 0% cpu@46.968C soc2@46.218C soc0@44.718C gpu@46.593C tj@46.968C soc1@44.5C VDD_IN 4080mW/4093mW VDD_CPU_GPU_CV 958mW/966mW VDD_SOC 1397mW/1397mW
08-09-2026 22:38:03 RAM 3017/7620MB (lfb 29x4MB) SWAP 2/12002MB (cached 0MB) CPU [0%@1510,0%@1510,0%@1510,0%@1510,0%@1510,0%@1510] GR3D_FREQ 0% cpu@47.218C soc2@46.187C soc0@44.593C gpu@46.656C tj@47.218C soc1@44.437C VDD_IN 4080mW/4093mW VDD_CPU_GPU_CV 958mW/966mW VDD_SOC 1397mW/1397mW
08-09-2026 22:38:04 RAM 3017/7620MB (lfb 29x4MB) SWAP 2/12002MB (cached 0MB) CPU [0%@1510,0%@1510,0%@1510,0%@1510,0%@1510,0%@1510] GR3D_FREQ 0% cpu@46.906C soc2@46.187C soc0@44.562C gpu@46.218C tj@46.906C soc1@44.5C VDD_IN 4120mW/4093mW VDD_CPU_GPU_CV 958mW/965mW VDD_SOC 1397mW/1397mW
08-09-2026 22:38:05 RAM 3017/7620MB (lfb 29x4MB) SWAP 2/12002MB (cached 0MB) CPU [1%@1510,0%@1510,1%@1510,0%@1510,1%@1510,0%@1510] GR3D_FREQ 0% cpu@46.812C soc2@46.25C soc0@44.593C gpu@46.093C tj@46.812C soc1@44.468C VDD_IN 4080mW/4093mW VDD_CPU_GPU_CV 958mW/965mW VDD_SOC 1397mW/1397mW
08-09-2026 22:38:06 RAM 3017/7620MB (lfb 29x4MB) SWAP 2/12002MB (cached 0MB) CPU [0%@1510,0%@1510,2%@1510,0%@1510,0%@1510,0%@1510] GR3D_FREQ 0% cpu@46.968C soc2@46.312C soc0@44.5C gpu@46.218C tj@46.968C soc1@44.562C VDD_IN 4080mW/4093mW VDD_CPU_GPU_CV 958mW/965mW VDD_SOC 1397mW/1397mW
08-09-2026 22:38:07 RAM 3017/7620MB (lfb 29x4MB) SWAP 2/12002MB (cached 0MB) CPU [1%@1510,0%@1510,0%@1510,0%@1510,0%@1510,0%@1510] GR3D_FREQ 0% cpu@47C soc2@46.281C soc0@44.625C gpu@46.125C tj@47C soc1@44.437C VDD_IN 4120mW/4093mW VDD_CPU_GPU_CV 958mW/965mW VDD_SOC 1397mW/1397mW
08-09-2026 22:38:08 RAM 3017/7620MB (lfb 29x4MB) SWAP 2/12002MB (cached 0MB) CPU [0%@1510,1%@1510,0%@1510,0%@1510,0%@1510,0%@1510] GR3D_FREQ 0% cpu@47C soc2@46.281C soc0@44.625C gpu@46.25C tj@47.187C soc1@44.437C VDD_IN 4080mW/4093mW VDD_CPU_GPU_CV 958mW/965mW VDD_SOC 1397mW/1397mW
08-09-2026 22:38:09 RAM 3017/7620MB (lfb 29x4MB) SWAP 2/12002MB (cached 0MB) CPU [0%@1510,0%@1510,0%@1510,0%@1510,0%@1510,0%@1510] GR3D_FREQ 0% cpu@47.093C soc2@46.281C soc0@44.75C gpu@46.218C tj@47.093C soc1@44.468C VDD_IN 4120mW/4093mW VDD_CPU_GPU_CV 958mW/965mW VDD_SOC 1397mW/1397mW
08-09-2026 22:38:10 RAM 3017/7620MB (lfb 29x4MB) SWAP 2/12002MB (cached 0MB) CPU [1%@1510,0%@1510,1%@1510,0%@1510,0%@1510,2%@1510] GR3D_FREQ 0% cpu@46.906C soc2@46.375C soc0@44.437C gpu@46.312C tj@46.906C soc1@44.5C VDD_IN 4113mW/4093mW VDD_CPU_GPU_CV 956mW/965mW VDD_SOC 1397mW/1397mW
08-09-2026 22:38:11 RAM 3017/7620MB (lfb 29x4MB) SWAP 2/12002MB (cached 0MB) CPU [0%@1510,0%@1510,1%@1510,0%@1510,0%@1510,0%@1510] GR3D_FREQ 0% cpu@47.093C soc2@46.25C soc0@44.562C gpu@46.281C tj@47.093C soc1@44.562C VDD_IN 4080mW/4093mW VDD_CPU_GPU_CV 958mW/965mW VDD_SOC 1397mW/1397mW
08-09-2026 22:38:12 RAM 3017/7620MB (lfb 29x4MB) SWAP 2/12002MB (cached 0MB) CPU [1%@1510,0%@1510,0%@1510,0%@1510,1%@1510,0%@1510] GR3D_FREQ 0% cpu@46.906C soc2@46.187C soc0@44.625C gpu@46.125C tj@46.906C soc1@44.625C VDD_IN 4080mW/4093mW VDD_CPU_GPU_CV 958mW/965mW VDD_SOC 1397mW/1397mW
08-09-2026 22:38:13 RAM 3017/7620MB (lfb 29x4MB) SWAP 2/12002MB (cached 0MB) CPU [1%@1510,0%@1510,0%@1510,0%@1510,0%@1510,0%@1510] GR3D_FREQ 0% cpu@46.906C soc2@46.312C soc0@44.656C gpu@46.218C tj@46.906C soc1@44.593C VDD_IN 4080mW/4093mW VDD_CPU_GPU_CV 958mW/965mW VDD_SOC 1397mW/1397mW
08-09-2026 22:38:14 RAM 3017/7620MB (lfb 29x4MB) SWAP 2/12002MB (cached 0MB) CPU [0%@1510,0%@1510,1%@1510,0%@1510,0%@1510,0%@1510] GR3D_FREQ 0% cpu@47.062C soc2@46.343C soc0@44.687C gpu@46.218C tj@47.062C soc1@44.718C VDD_IN 4120mW/4093mW VDD_CPU_GPU_CV 958mW/965mW VDD_SOC 1397mW/1397mW
08-09-2026 22:38:15 RAM 3017/7620MB (lfb 29x4MB) SWAP 2/12002MB (cached 0MB) CPU [1%@1510,0%@1510,0%@1510,0%@1510,1%@1510,0%@1510] GR3D_FREQ 0% cpu@47C soc2@46.281C soc0@44.593C gpu@46.343C tj@47C soc1@44.437C VDD_IN 4080mW/4093mW VDD_CPU_GPU_CV 958mW/965mW VDD_SOC 1397mW/1397mW
08-09-2026 22:38:16 RAM 3017/7620MB (lfb 29x4MB) SWAP 2/12002MB (cached 0MB) CPU [0%@1510,0%@1510,1%@1510,0%@1510,0%@1510,0%@1510] GR3D_FREQ 0% cpu@47.093C soc2@46.312C soc0@44.687C gpu@46.187C tj@47.093C soc1@44.437C VDD_IN 4080mW/4093mW VDD_CPU_GPU_CV 958mW/965mW VDD_SOC 1397mW/1397mW
08-09-2026 22:38:17 RAM 3017/7620MB (lfb 29x4MB) SWAP 2/12002MB (cached 0MB) CPU [1%@1510,1%@1510,0%@1510,0%@1510,0%@1510,0%@1510] GR3D_FREQ 0% cpu@46.781C soc2@46.25C soc0@44.468C gpu@46.218C tj@46.781C soc1@44.531C VDD_IN 4080mW/4093mW VDD_CPU_GPU_CV 958mW/965mW VDD_SOC 1397mW/1397mW
08-09-2026 22:38:18 RAM 3017/7620MB (lfb 29x4MB) SWAP 2/12002MB (cached 0MB) CPU [0%@1510,0%@1510,0%@1510,0%@1510,0%@1510,0%@1510] GR3D_FREQ 0% cpu@46.843C soc2@46.281C soc0@44.531C gpu@46.156C tj@46.843C soc1@44.593C VDD_IN 4080mW/4093mW VDD_CPU_GPU_CV 958mW/965mW VDD_SOC 1397mW/1397mW
08-09-2026 22:38:19 RAM 3017/7620MB (lfb 29x4MB) SWAP 2/12002MB (cached 0MB) CPU [1%@1510,0%@1510,0%@1510,1%@1510,0%@1510,0%@1510] GR3D_FREQ 0% cpu@46.843C soc2@46.25C soc0@44.625C gpu@46.281C tj@46.843C soc1@44.625C VDD_IN 4080mW/4093mW VDD_CPU_GPU_CV 958mW/964mW VDD_SOC 1397mW/1397mW
08-09-2026 22:38:20 RAM 3017/7620MB (lfb 29x4MB) SWAP 2/12002MB (cached 0MB) CPU [0%@1510,0%@1510,0%@1510,0%@1510,0%@1510,0%@1510] GR3D_FREQ 0% cpu@46.875C soc2@46.312C soc0@44.656C gpu@46.343C tj@46.875C soc1@44.687C VDD_IN 4120mW/4093mW VDD_CPU_GPU_CV 958mW/964mW VDD_SOC 1397mW/1397mW
08-09-2026 22:38:21 RAM 3017/7620MB (lfb 29x4MB) SWAP 2/12002MB (cached 0MB) CPU [1%@1510,0%@1510,1%@1510,0%@1510,0%@1510,0%@1510] GR3D_FREQ 0% cpu@47.093C soc2@46.125C soc0@44.625C gpu@46.375C tj@47.156C soc1@44.5C VDD_IN 4080mW/4093mW VDD_CPU_GPU_CV 958mW/964mW VDD_SOC 1397mW/1397mW
08-09-2026 22:38:22 RAM 3017/7620MB (lfb 29x4MB) SWAP 2/12002MB (cached 0MB) CPU [3%@1510,0%@1510,0%@1510,0%@1510,1%@1510,1%@1510] GR3D_FREQ 0% cpu@47C soc2@46.156C soc0@44.75C gpu@46.312C tj@47C soc1@44.5C VDD_IN 4200mW/4094mW VDD_CPU_GPU_CV 958mW/964mW VDD_SOC 1397mW/1397mW
08-09-2026 22:38:23 RAM 3017/7620MB (lfb 29x4MB) SWAP 2/12002MB (cached 0MB) CPU [0%@1510,0%@1510,0%@1510,0%@1510,0%@1510,0%@1510] GR3D_FREQ 0% cpu@47.25C soc2@46.281C soc0@44.468C gpu@46.375C tj@47.25C soc1@44.5C VDD_IN 4120mW/4094mW VDD_CPU_GPU_CV 958mW/964mW VDD_SOC 1397mW/1397mW
08-09-2026 22:38:24 RAM 3017/7620MB (lfb 29x4MB) SWAP 2/12002MB (cached 0MB) CPU [0%@1510,0%@1510,0%@1510,0%@1510,1%@1510,0%@1510] GR3D_FREQ 0% cpu@46.812C soc2@46.312C soc0@44.531C gpu@46.312C tj@46.812C soc1@44.531C VDD_IN 4080mW/4094mW VDD_CPU_GPU_CV 958mW/964mW VDD_SOC 1397mW/1397mW
08-09-2026 22:38:25 RAM 3017/7620MB (lfb 29x4MB) SWAP 2/12002MB (cached 0MB) CPU [1%@1510,0%@1510,0%@1510,0%@1510,0%@1510,0%@1510] GR3D_FREQ 0% cpu@46.843C soc2@46.343C soc0@44.5C gpu@46.312C tj@46.937C soc1@44.531C VDD_IN 4120mW/4094mW VDD_CPU_GPU_CV 958mW/964mW VDD_SOC 1397mW/1397mW
08-09-2026 22:38:26 RAM 3017/7620MB (lfb 29x4MB) SWAP 2/12002MB (cached 0MB) CPU [1%@1510,0%@1510,1%@1510,0%@1510,0%@1510,0%@1510] GR3D_FREQ 0% cpu@46.875C soc2@46.375C soc0@44.562C gpu@46.375C tj@46.875C soc1@44.562C VDD_IN 4080mW/4094mW VDD_CPU_GPU_CV 958mW/964mW VDD_SOC 1397mW/1397mW
08-09-2026 22:38:27 RAM 3017/7620MB (lfb 29x4MB) SWAP 2/12002MB (cached 0MB) CPU [1%@1510,0%@1510,0%@1510,0%@1510,0%@1510,1%@1510] GR3D_FREQ 0% cpu@46.968C soc2@46.312C soc0@44.593C gpu@46.187C tj@46.968C soc1@44.437C VDD_IN 4080mW/4094mW VDD_CPU_GPU_CV 958mW/964mW VDD_SOC 1397mW/1397mW
08-09-2026 22:38:28 RAM 3017/7620MB (lfb 29x4MB) SWAP 2/12002MB (cached 0MB) CPU [0%@1510,0%@1510,0%@1510,0%@1510,1%@1510,0%@1510] GR3D_FREQ 0% cpu@47.156C soc2@46.187C soc0@44.593C gpu@46.156C tj@47.156C soc1@44.406C VDD_IN 4080mW/4094mW VDD_CPU_GPU_CV 958mW/964mW VDD_SOC 1397mW/1397mW
08-09-2026 22:38:29 RAM 3017/7620MB (lfb 29x4MB) SWAP 2/12002MB (cached 0MB) CPU [0%@1510,0%@1510,0%@1510,1%@1510,0%@1510,0%@1510] GR3D_FREQ 0% cpu@47.093C soc2@46.25C soc0@44.5C gpu@46.156C tj@47.093C soc1@44.468C VDD_IN 4080mW/4094mW VDD_CPU_GPU_CV 958mW/964mW VDD_SOC 1397mW/1397mW
08-09-2026 22:38:30 RAM 3017/7620MB (lfb 29x4MB) SWAP 2/12002MB (cached 0MB) CPU [1%@1510,0%@1510,1%@1510,0%@1510,0%@1510,0%@1510] GR3D_FREQ 0% cpu@46.812C soc2@46.218C soc0@44.5C gpu@46.187C tj@46.812C soc1@44.5C VDD_IN 4080mW/4093mW VDD_CPU_GPU_CV 958mW/964mW VDD_SOC 1397mW/1397mW
08-09-2026 22:38:31 RAM 3017/7620MB (lfb 29x4MB) SWAP 2/12002MB (cached 0MB) CPU [0%@1510,0%@1510,0%@1510,1%@1510,0%@1510,0%@1510] GR3D_FREQ 0% cpu@46.906C soc2@46.25C soc0@44.562C gpu@46.218C tj@46.906C soc1@44.593C VDD_IN 4080mW/4093mW VDD_CPU_GPU_CV 958mW/964mW VDD_SOC 1397mW/1397mW
08-09-2026 22:38:32 RAM 3017/7620MB (lfb 29x4MB) SWAP 2/12002MB (cached 0MB) CPU [1%@1510,0%@1510,0%@1510,0%@1510,0%@1510,0%@1510] GR3D_FREQ 0% cpu@46.968C soc2@46.25C soc0@44.468C gpu@46.437C tj@46.968C soc1@44.625C VDD_IN 4120mW/4094mW VDD_CPU_GPU_CV 958mW/964mW VDD_SOC 1397mW/1397mW
08-09-2026 22:38:33 RAM 3017/7620MB (lfb 29x4MB) SWAP 2/12002MB (cached 0MB) CPU [0%@1510,1%@1510,1%@1510,0%@1510,0%@1510,0%@1510] GR3D_FREQ 0% cpu@47.281C soc2@46.25C soc0@44.625C gpu@46.437C tj@47.281C soc1@44.468C VDD_IN 4080mW/4093mW VDD_CPU_GPU_CV 958mW/964mW VDD_SOC 1397mW/1397mW
08-09-2026 22:38:34 RAM 3017/7620MB (lfb 29x4MB) SWAP 2/12002MB (cached 0MB) CPU [0%@1510,1%@1510,0%@1510,0%@1510,0%@1510,0%@1510] GR3D_FREQ 0% cpu@46.906C soc2@46.218C soc0@44.468C gpu@46.187C tj@46.812C soc1@44.5C VDD_IN 4080mW/4093mW VDD_CPU_GPU_CV 958mW/964mW VDD_SOC 1397mW/1397mW
08-09-2026 22:38:35 RAM 3017/7620MB (lfb 29x4MB) SWAP 2/12002MB (cached 0MB) CPU [0%@1510,1%@1510,0%@1510,0%@1510,0%@1510,0%@1510] GR3D_FREQ 0% cpu@46.906C soc2@46.218C soc0@44.468C gpu@46.125C tj@46.906C soc1@44.625C VDD_IN 4080mW/4093mW VDD_CPU_GPU_CV 958mW/964mW VDD_SOC 1397mW/1397mW
08-09-2026 22:38:36 RAM 3017/7620MB (lfb 29x4MB) SWAP 2/12002MB (cached 0MB) CPU [0%@1510,0%@1510,0%@1510,0%@1510,0%@1510,0%@1510] GR3D_FREQ 0% cpu@47.062C soc2@46.281C soc0@44.531C gpu@46.437C tj@47.062C soc1@44.406C VDD_IN 4080mW/4093mW VDD_CPU_GPU_CV 958mW/964mW VDD_SOC 1397mW/1397mW
08-09-2026 22:38:37 RAM 3017/7620MB (lfb 29x4MB) SWAP 2/12002MB (cached 0MB) CPU [3%@1510,1%@1510,0%@1510,0%@1510,0%@1510,0%@1510] GR3D_FREQ 0% cpu@46.937C soc2@46.125C soc0@44.656C gpu@46.468C tj@46.937C soc1@44.437C VDD_IN 4080mW/4093mW VDD_CPU_GPU_CV 958mW/964mW VDD_SOC 1397mW/1397mW
08-09-2026 22:38:38 RAM 3017/7620MB (lfb 29x4MB) SWAP 2/12002MB (cached 0MB) CPU [0%@1510,1%@1510,0%@1510,0%@1510,1%@1510,0%@1510] GR3D_FREQ 0% cpu@47.156C soc2@46.218C soc0@44.562C gpu@46.5C tj@47.156C soc1@44.437C VDD_IN 4080mW/4093mW VDD_CPU_GPU_CV 958mW/964mW VDD_SOC 1397mW/1397mW
08-09-2026 22:38:39 RAM 3017/7620MB (lfb 29x4MB) SWAP 2/12002MB (cached 0MB) CPU [0%@1510,0%@1510,0%@1510,0%@1510,0%@1510,0%@1510] GR3D_FREQ 0% cpu@46.812C soc2@46.281C soc0@44.5C gpu@46.437C tj@46.812C soc1@44.593C VDD_IN 4080mW/4093mW VDD_CPU_GPU_CV 958mW/963mW VDD_SOC 1397mW/1397mW
08-09-2026 22:38:40 RAM 3017/7620MB (lfb 29x4MB) SWAP 2/12002MB (cached 0MB) CPU [0%@1510,1%@1510,0%@1510,0%@1510,0%@1510,0%@1510] GR3D_FREQ 0% cpu@46.843C soc2@46.218C soc0@44.531C gpu@46.5C tj@46.843C soc1@44.625C VDD_IN 4120mW/4093mW VDD_CPU_GPU_CV 958mW/963mW VDD_SOC 1397mW/1397mW
08-09-2026 22:38:41 RAM 3017/7620MB (lfb 29x4MB) SWAP 2/12002MB (cached 0MB) CPU [0%@1510,1%@1510,1%@1510,0%@1510,1%@1510,0%@1510] GR3D_FREQ 0% cpu@47.093C soc2@46.25C soc0@44.5C gpu@46.468C tj@47.093C soc1@44.375C VDD_IN 4080mW/4093mW VDD_CPU_GPU_CV 958mW/963mW VDD_SOC 1397mW/1397mW
08-09-2026 22:38:42 RAM 3018/7620MB (lfb 29x4MB) SWAP 2/12002MB (cached 0MB) CPU [1%@1510,1%@1510,0%@1510,0%@1510,0%@1510,0%@1510] GR3D_FREQ 0% cpu@46.843C soc2@46.187C soc0@44.625C gpu@46.531C tj@46.843C soc1@44.343C VDD_IN 4120mW/4093mW VDD_CPU_GPU_CV 958mW/963mW VDD_SOC 1397mW/1397mW
08-09-2026 22:38:43 RAM 3018/7620MB (lfb 29x4MB) SWAP 2/12002MB (cached 0MB) CPU [0%@1510,1%@1510,0%@1510,0%@1510,0%@1510,0%@1510] GR3D_FREQ 0% cpu@47.125C soc2@46.218C soc0@44.625C gpu@46.593C tj@47.125C soc1@44.531C VDD_IN 4080mW/4093mW VDD_CPU_GPU_CV 998mW/964mW VDD_SOC 1397mW/1397mW
08-09-2026 22:38:44 RAM 3018/7620MB (lfb 29x4MB) SWAP 2/12002MB (cached 0MB) CPU [1%@1510,1%@1510,0%@1510,0%@1510,0%@1510,0%@1510] GR3D_FREQ 0% cpu@46.843C soc2@46.125C soc0@44.562C gpu@46.625C tj@46.781C soc1@44.468C VDD_IN 4080mW/4093mW VDD_CPU_GPU_CV 998mW/964mW VDD_SOC 1397mW/1397mW
08-09-2026 22:38:45 RAM 3018/7620MB (lfb 29x4MB) SWAP 2/12002MB (cached 0MB) CPU [1%@1510,0%@1510,0%@1510,0%@1510,0%@1510,0%@1510] GR3D_FREQ 0% cpu@46.75C soc2@46.312C soc0@44.562C gpu@46.093C tj@46.75C soc1@44.531C VDD_IN 4120mW/4093mW VDD_CPU_GPU_CV 958mW/964mW VDD_SOC 1397mW/1397mW
08-09-2026 22:38:46 RAM 3018/7620MB (lfb 29x4MB) SWAP 2/12002MB (cached 0MB) CPU [0%@1510,1%@1510,0%@1510,0%@1510,0%@1510,0%@1510] GR3D_FREQ 0% cpu@46.843C soc2@46.281C soc0@44.5C gpu@46.093C tj@46.843C soc1@44.593C VDD_IN 4120mW/4093mW VDD_CPU_GPU_CV 998mW/964mW VDD_SOC 1397mW/1397mW
08-09-2026 22:38:47 RAM 3018/7620MB (lfb 29x4MB) SWAP 2/12002MB (cached 0MB) CPU [1%@1510,0%@1510,0%@1510,0%@1510,1%@1510,1%@1510] GR3D_FREQ 0% cpu@46.906C soc2@46.25C soc0@44.625C gpu@46.062C tj@46.906C soc1@44.625C VDD_IN 4120mW/4093mW VDD_CPU_GPU_CV 958mW/964mW VDD_SOC 1397mW/1397mW
08-09-2026 22:38:48 RAM 3018/7620MB (lfb 29x4MB) SWAP 2/12002MB (cached 0MB) CPU [0%@1510,0%@1510,1%@1510,0%@1510,0%@1510,0%@1510] GR3D_FREQ 0% cpu@47.187C soc2@46.187C soc0@44.5C gpu@46.125C tj@47.187C soc1@44.375C VDD_IN 4080mW/4093mW VDD_CPU_GPU_CV 958mW/964mW VDD_SOC 1397mW/1397mW
08-09-2026 22:38:49 RAM 3018/7620MB (lfb 29x4MB) SWAP 2/12002MB (cached 0MB) CPU [0%@1510,0%@1510,0%@1510,0%@1510,0%@1510,0%@1510] GR3D_FREQ 0% cpu@47.031C soc2@46.187C soc0@44.593C gpu@46.218C tj@47.031C soc1@44.375C VDD_IN 4120mW/4094mW VDD_CPU_GPU_CV 958mW/964mW VDD_SOC 1397mW/1397mW
08-09-2026 22:38:50 RAM 3018/7620MB (lfb 29x4MB) SWAP 2/12002MB (cached 0MB) CPU [1%@1510,1%@1510,1%@1510,0%@1510,0%@1510,0%@1510] GR3D_FREQ 0% cpu@46.781C soc2@46.187C soc0@44.437C gpu@46.156C tj@46.781C soc1@44.468C VDD_IN 4113mW/4094mW VDD_CPU_GPU_CV 958mW/964mW VDD_SOC 1397mW/1397mW
08-09-2026 22:38:51 RAM 3018/7620MB (lfb 29x4MB) SWAP 2/12002MB (cached 0MB) CPU [0%@1510,1%@1510,0%@1510,0%@1510,0%@1510,1%@1510] GR3D_FREQ 0% cpu@46.906C soc2@46.187C soc0@44.406C gpu@46.187C tj@46.843C soc1@44.437C VDD_IN 4120mW/4094mW VDD_CPU_GPU_CV 958mW/964mW VDD_SOC 1397mW/1397mW
08-09-2026 22:38:52 RAM 3018/7620MB (lfb 29x4MB) SWAP 2/12002MB (cached 0MB) CPU [0%@1510,0%@1510,0%@1510,0%@1510,0%@1510,0%@1510] GR3D_FREQ 0% cpu@46.843C soc2@46.281C soc0@44.5C gpu@46.218C tj@46.843C soc1@44.531C VDD_IN 4120mW/4094mW VDD_CPU_GPU_CV 958mW/964mW VDD_SOC 1397mW/1397mW
08-09-2026 22:38:53 RAM 3018/7620MB (lfb 29x4MB) SWAP 2/12002MB (cached 0MB) CPU [1%@1510,1%@1510,0%@1510,0%@1510,0%@1510,0%@1510] GR3D_FREQ 0% cpu@46.781C soc2@46.187C soc0@44.5C gpu@46.187C tj@46.781C soc1@44.625C VDD_IN 4080mW/4094mW VDD_CPU_GPU_CV 958mW/964mW VDD_SOC 1397mW/1397mW
08-09-2026 22:38:54 RAM 3018/7620MB (lfb 29x4MB) SWAP 2/12002MB (cached 0MB) CPU [1%@1510,1%@1510,0%@1510,0%@1510,0%@1510,1%@1510] GR3D_FREQ 0% cpu@46.906C soc2@46.25C soc0@44.562C gpu@46.156C tj@46.906C soc1@44.375C VDD_IN 4080mW/4094mW VDD_CPU_GPU_CV 958mW/964mW VDD_SOC 1397mW/1397mW
08-09-2026 22:38:55 RAM 3018/7620MB (lfb 29x4MB) SWAP 2/12002MB (cached 0MB) CPU [0%@1510,1%@1510,0%@1510,0%@1510,0%@1510,0%@1510] GR3D_FREQ 0% cpu@46.75C soc2@46.218C soc0@44.656C gpu@46.25C tj@46.75C soc1@44.437C VDD_IN 4080mW/4094mW VDD_CPU_GPU_CV 958mW/964mW VDD_SOC 1397mW/1397mW
08-09-2026 22:38:56 RAM 3018/7620MB (lfb 29x4MB) SWAP 2/12002MB (cached 0MB) CPU [0%@1510,0%@1510,0%@1510,0%@1510,0%@1510,0%@1510] GR3D_FREQ 0% cpu@47.093C soc2@46.156C soc0@44.437C gpu@46.218C tj@47.093C soc1@44.437C VDD_IN 4080mW/4094mW VDD_CPU_GPU_CV 958mW/964mW VDD_SOC 1397mW/1397mW
08-09-2026 22:38:57 RAM 3018/7620MB (lfb 29x4MB) SWAP 2/12002MB (cached 0MB) CPU [0%@1510,1%@1510,0%@1510,0%@1510,0%@1510,0%@1510] GR3D_FREQ 0% cpu@46.875C soc2@46.218C soc0@44.5C gpu@46.187C tj@46.875C soc1@44.5C VDD_IN 4080mW/4094mW VDD_CPU_GPU_CV 958mW/964mW VDD_SOC 1397mW/1397mW
08-09-2026 22:38:58 RAM 3018/7620MB (lfb 29x4MB) SWAP 2/12002MB (cached 0MB) CPU [0%@1510,1%@1510,1%@1510,0%@1510,0%@1510,0%@1510] GR3D_FREQ 0% cpu@46.875C soc2@46.281C soc0@44.593C gpu@46.281C tj@46.875C soc1@44.531C VDD_IN 4080mW/4093mW VDD_CPU_GPU_CV 958mW/964mW VDD_SOC 1397mW/1397mW
08-09-2026 22:38:59 RAM 3018/7620MB (lfb 29x4MB) SWAP 2/12002MB (cached 0MB) CPU [0%@1510,0%@1510,0%@1510,0%@1510,0%@1510,0%@1510] GR3D_FREQ 0% cpu@46.812C soc2@46.312C soc0@44.593C gpu@46.218C tj@46.812C soc1@44.656C VDD_IN 4080mW/4093mW VDD_CPU_GPU_CV 958mW/963mW VDD_SOC 1397mW/1397mW
08-09-2026 22:39:00 RAM 3018/7620MB (lfb 29x4MB) SWAP 2/12002MB (cached 0MB) CPU [0%@1510,1%@1510,0%@1510,0%@1510,0%@1510,1%@1510] GR3D_FREQ 0% cpu@46.937C soc2@46.375C soc0@44.562C gpu@46.312C tj@46.937C soc1@44.406C VDD_IN 4073mW/4093mW VDD_CPU_GPU_CV 956mW/963mW VDD_SOC 1397mW/1397mW
08-09-2026 22:39:01 RAM 3018/7620MB (lfb 29x4MB) SWAP 2/12002MB (cached 0MB) CPU [1%@1510,0%@1510,0%@1510,1%@1510,0%@1510,0%@1510] GR3D_FREQ 0% cpu@47.093C soc2@46.187C soc0@44.656C gpu@46.281C tj@47.093C soc1@44.406C VDD_IN 4080mW/4093mW VDD_CPU_GPU_CV 958mW/963mW VDD_SOC 1397mW/1397mW
08-09-2026 22:39:02 RAM 3018/7620MB (lfb 29x4MB) SWAP 2/12002MB (cached 0MB) CPU [1%@1510,2%@1510,1%@1510,0%@1510,0%@1510,0%@1510] GR3D_FREQ 0% cpu@46.937C soc2@46.218C soc0@44.625C gpu@46.312C tj@46.937C soc1@44.468C VDD_IN 4113mW/4093mW VDD_CPU_GPU_CV 958mW/963mW VDD_SOC 1397mW/1397mW
08-09-2026 22:39:03 RAM 3018/7620MB (lfb 29x4MB) SWAP 2/12002MB (cached 0MB) CPU [1%@1510,0%@1510,0%@1510,0%@1510,0%@1510,0%@1510] GR3D_FREQ 0% cpu@47.156C soc2@46.312C soc0@44.5C gpu@46.281C tj@47.156C soc1@44.5C VDD_IN 4080mW/4093mW VDD_CPU_GPU_CV 958mW/963mW VDD_SOC 1397mW/1397mW
08-09-2026 22:39:04 RAM 3018/7620MB (lfb 29x4MB) SWAP 2/12002MB (cached 0MB) CPU [0%@1510,1%@1510,0%@1510,0%@1510,0%@1510,0%@1510] GR3D_FREQ 0% cpu@46.843C soc2@46.218C soc0@44.5C gpu@46.406C tj@46.843C soc1@44.593C VDD_IN 4080mW/4093mW VDD_CPU_GPU_CV 958mW/963mW VDD_SOC 1397mW/1397mW
08-09-2026 22:39:05 RAM 3018/7620MB (lfb 29x4MB) SWAP 2/12002MB (cached 0MB) CPU [0%@1510,0%@1510,0%@1510,0%@1510,0%@1510,0%@1510] GR3D_FREQ 0% cpu@46.968C soc2@46.343C soc0@44.531C gpu@46.343C tj@46.968C soc1@44.593C VDD_IN 4073mW/4093mW VDD_CPU_GPU_CV 958mW/963mW VDD_SOC 1397mW/1397mW
08-09-2026 22:39:06 RAM 3018/7620MB (lfb 29x4MB) SWAP 2/12002MB (cached 0MB) CPU [1%@1510,1%@1510,0%@1510,0%@1510,1%@1510,1%@1510] GR3D_FREQ 0% cpu@46.781C soc2@46.281C soc0@44.562C gpu@46.343C tj@46.781C soc1@44.468C VDD_IN 4120mW/4093mW VDD_CPU_GPU_CV 958mW/963mW VDD_SOC 1397mW/1397mW
08-09-2026 22:39:07 RAM 3018/7620MB (lfb 29x4MB) SWAP 2/12002MB (cached 0MB) CPU [0%@1510,0%@1510,0%@1510,0%@1510,0%@1510,0%@1510] GR3D_FREQ 0% cpu@46.937C soc2@46.187C soc0@44.593C gpu@46.375C tj@46.937C soc1@44.468C VDD_IN 4080mW/4093mW VDD_CPU_GPU_CV 958mW/963mW VDD_SOC 1397mW/1397mW
08-09-2026 22:39:08 RAM 3018/7620MB (lfb 29x4MB) SWAP 2/12002MB (cached 0MB) CPU [1%@1510,1%@1510,0%@1510,0%@1510,0%@1510,0%@1510] GR3D_FREQ 0% cpu@47.156C soc2@46.312C soc0@44.718C gpu@46.375C tj@47.156C soc1@44.531C VDD_IN 4080mW/4093mW VDD_CPU_GPU_CV 958mW/963mW VDD_SOC 1397mW/1397mW
08-09-2026 22:39:09 RAM 3018/7620MB (lfb 29x4MB) SWAP 2/12002MB (cached 0MB) CPU [1%@1510,1%@1510,0%@1510,0%@1510,0%@1510,0%@1510] GR3D_FREQ 0% cpu@46.937C soc2@46.25C soc0@44.5C gpu@46.375C tj@46.937C soc1@44.406C VDD_IN 4080mW/4093mW VDD_CPU_GPU_CV 958mW/963mW VDD_SOC 1397mW/1397mW
08-09-2026 22:39:10 RAM 3018/7620MB (lfb 29x4MB) SWAP 2/12002MB (cached 0MB) CPU [3%@1510,1%@1510,0%@1510,0%@1510,0%@1510,0%@1510] GR3D_FREQ 0% cpu@46.75C soc2@46.312C soc0@44.5C gpu@46.375C tj@46.75C soc1@44.593C VDD_IN 4080mW/4093mW VDD_CPU_GPU_CV 956mW/963mW VDD_SOC 1397mW/1397mW
08-09-2026 22:39:11 RAM 3018/7620MB (lfb 29x4MB) SWAP 2/12002MB (cached 0MB) CPU [0%@1510,0%@1510,0%@1510,0%@1510,0%@1510,0%@1510] GR3D_FREQ 0% cpu@46.875C soc2@46.312C soc0@44.531C gpu@46.375C tj@46.875C soc1@44.5C VDD_IN 4080mW/4093mW VDD_CPU_GPU_CV 958mW/963mW VDD_SOC 1397mW/1397mW
08-09-2026 22:39:12 RAM 3018/7620MB (lfb 29x4MB) SWAP 2/12002MB (cached 0MB) CPU [0%@1510,1%@1510,0%@1510,0%@1510,0%@1510,0%@1510] GR3D_FREQ 0% cpu@46.906C soc2@46.187C soc0@44.562C gpu@46.406C tj@46.906C soc1@44.562C VDD_IN 4120mW/4093mW VDD_CPU_GPU_CV 958mW/963mW VDD_SOC 1397mW/1397mW
08-09-2026 22:39:13 RAM 3018/7620MB (lfb 29x4MB) SWAP 2/12002MB (cached 0MB) CPU [1%@1510,1%@1510,0%@1510,0%@1510,0%@1510,1%@1510] GR3D_FREQ 0% cpu@46.843C soc2@46.218C soc0@44.625C gpu@46.375C tj@46.843C soc1@44.437C VDD_IN 4080mW/4093mW VDD_CPU_GPU_CV 958mW/963mW VDD_SOC 1397mW/1397mW
08-09-2026 22:39:14 RAM 3018/7620MB (lfb 29x4MB) SWAP 2/12002MB (cached 0MB) CPU [0%@1510,1%@1510,0%@1510,0%@1510,0%@1510,0%@1510] GR3D_FREQ 0% cpu@47C soc2@46.218C soc0@44.625C gpu@46.406C tj@47C soc1@44.437C VDD_IN 4080mW/4093mW VDD_CPU_GPU_CV 958mW/963mW VDD_SOC 1397mW/1397mW
08-09-2026 22:39:15 RAM 3018/7620MB (lfb 29x4MB) SWAP 2/12002MB (cached 0MB) CPU [0%@1510,1%@1510,0%@1510,0%@1510,0%@1510,0%@1510] GR3D_FREQ 0% cpu@46.843C soc2@46.187C soc0@44.468C gpu@46.437C tj@46.843C soc1@44.531C VDD_IN 4080mW/4093mW VDD_CPU_GPU_CV 958mW/963mW VDD_SOC 1397mW/1397mW
08-09-2026 22:39:16 RAM 3018/7620MB (lfb 29x4MB) SWAP 2/12002MB (cached 0MB) CPU [0%@1510,0%@1510,1%@1510,0%@1510,1%@1510,0%@1510] GR3D_FREQ 0% cpu@47.093C soc2@46.25C soc0@44.593C gpu@46.468C tj@47.093C soc1@44.5C VDD_IN 4080mW/4093mW VDD_CPU_GPU_CV 958mW/963mW VDD_SOC 1397mW/1397mW
08-09-2026 22:39:17 RAM 3018/7620MB (lfb 29x4MB) SWAP 2/12002MB (cached 0MB) CPU [1%@1510,1%@1510,0%@1510,0%@1510,1%@1510,1%@1510] GR3D_FREQ 0% cpu@46.781C soc2@46.187C soc0@44.593C gpu@46.468C tj@46.781C soc1@44.562C VDD_IN 4080mW/4093mW VDD_CPU_GPU_CV 956mW/963mW VDD_SOC 1397mW/1397mW
08-09-2026 22:39:18 RAM 3018/7620MB (lfb 29x4MB) SWAP 2/12002MB (cached 0MB) CPU [1%@1510,0%@1510,0%@1510,0%@1510,0%@1510,0%@1510] GR3D_FREQ 0% cpu@46.875C soc2@46.375C soc0@44.593C gpu@46.468C tj@46.875C soc1@44.562C VDD_IN 4080mW/4092mW VDD_CPU_GPU_CV 958mW/963mW VDD_SOC 1397mW/1397mW
08-09-2026 22:39:19 RAM 3018/7620MB (lfb 29x4MB) SWAP 2/12002MB (cached 0MB) CPU [0%@1510,1%@1510,0%@1510,0%@1510,1%@1510,0%@1510] GR3D_FREQ 0% cpu@47.062C soc2@46.343C soc0@44.593C gpu@46.562C tj@47.062C soc1@44.625C VDD_IN 4080mW/4092mW VDD_CPU_GPU_CV 958mW/963mW VDD_SOC 1397mW/1397mW
08-09-2026 22:39:21 RAM 3018/7620MB (lfb 29x4MB) SWAP 2/12002MB (cached 0MB) CPU [1%@1510,0%@1510,0%@1510,0%@1510,0%@1510,0%@1510] GR3D_FREQ 0% cpu@46.968C soc2@46.218C soc0@44.656C gpu@46.5C tj@46.968C soc1@44.5C VDD_IN 4080mW/4092mW VDD_CPU_GPU_CV 958mW/963mW VDD_SOC 1397mW/1397mW
08-09-2026 22:39:22 RAM 3018/7620MB (lfb 29x4MB) SWAP 2/12002MB (cached 0MB) CPU [0%@1510,0%@1510,1%@1510,0%@1510,0%@1510,0%@1510] GR3D_FREQ 0% cpu@47.093C soc2@46.281C soc0@44.781C gpu@46.5C tj@47.093C soc1@44.531C VDD_IN 4080mW/4092mW VDD_CPU_GPU_CV 958mW/963mW VDD_SOC 1397mW/1397mW
08-09-2026 22:39:23 RAM 3018/7620MB (lfb 29x4MB) SWAP 2/12002MB (cached 0MB) CPU [0%@1510,1%@1510,1%@1510,0%@1510,0%@1510,0%@1510] GR3D_FREQ 0% cpu@46.906C soc2@46.281C soc0@44.531C gpu@46.562C tj@46.906C soc1@44.562C VDD_IN 4120mW/4092mW VDD_CPU_GPU_CV 998mW/963mW VDD_SOC 1397mW/1397mW
08-09-2026 22:39:24 RAM 3018/7620MB (lfb 29x4MB) SWAP 2/12002MB (cached 0MB) CPU [1%@1510,1%@1510,0%@1510,0%@1510,1%@1510,0%@1510] GR3D_FREQ 0% cpu@46.875C soc2@46.281C soc0@44.531C gpu@46.656C tj@46.875C soc1@44.531C VDD_IN 4080mW/4092mW VDD_CPU_GPU_CV 958mW/963mW VDD_SOC 1397mW/1397mW
08-09-2026 22:39:25 RAM 3018/7620MB (lfb 29x4MB) SWAP 2/12002MB (cached 0MB) CPU [0%@1510,0%@1510,0%@1510,0%@1510,0%@1510,0%@1510] GR3D_FREQ 0% cpu@46.906C soc2@46.312C soc0@44.562C gpu@46.781C tj@46.906C soc1@44.562C VDD_IN 4080mW/4092mW VDD_CPU_GPU_CV 958mW/963mW VDD_SOC 1397mW/1397mW
08-09-2026 22:39:26 RAM 3018/7620MB (lfb 29x4MB) SWAP 2/12002MB (cached 0MB) CPU [0%@1510,0%@1510,0%@1510,0%@1510,1%@1510,0%@1510] GR3D_FREQ 0% cpu@46.968C soc2@46.312C soc0@44.593C gpu@46.156C tj@46.968C soc1@44.625C VDD_IN 4080mW/4092mW VDD_CPU_GPU_CV 958mW/963mW VDD_SOC 1397mW/1397mW
08-09-2026 22:39:27 RAM 3018/7620MB (lfb 29x4MB) SWAP 2/12002MB (cached 0MB) CPU [0%@1510,1%@1510,1%@1510,0%@1510,0%@1510,0%@1510] GR3D_FREQ 0% cpu@47.093C soc2@46.312C soc0@44.687C gpu@46.125C tj@47.093C soc1@44.406C VDD_IN 4080mW/4092mW VDD_CPU_GPU_CV 958mW/963mW VDD_SOC 1397mW/1397mW
08-09-2026 22:39:28 RAM 3018/7620MB (lfb 29x4MB) SWAP 2/12002MB (cached 0MB) CPU [0%@1510,1%@1510,0%@1510,0%@1510,0%@1510,0%@1510] GR3D_FREQ 0% cpu@47.031C soc2@46.25C soc0@44.687C gpu@46.25C tj@47.031C soc1@44.406C VDD_IN 4080mW/4092mW VDD_CPU_GPU_CV 958mW/963mW VDD_SOC 1397mW/1397mW
08-09-2026 22:39:29 RAM 3018/7620MB (lfb 29x4MB) SWAP 2/12002MB (cached 0MB) CPU [0%@1510,1%@1510,0%@1510,0%@1510,0%@1510,0%@1510] GR3D_FREQ 0% cpu@47.156C soc2@46.218C soc0@44.5C gpu@46.156C tj@47.156C soc1@44.531C VDD_IN 4080mW/4092mW VDD_CPU_GPU_CV 958mW/963mW VDD_SOC 1397mW/1397mW
08-09-2026 22:39:30 RAM 3018/7620MB (lfb 29x4MB) SWAP 2/12002MB (cached 0MB) CPU [0%@1510,1%@1510,0%@1510,0%@1510,1%@1510,1%@1510] GR3D_FREQ 0% cpu@46.937C soc2@46.312C soc0@44.562C gpu@46.187C tj@46.937C soc1@44.593C VDD_IN 4080mW/4092mW VDD_CPU_GPU_CV 958mW/963mW VDD_SOC 1397mW/1397mW
08-09-2026 22:39:31 RAM 3018/7620MB (lfb 29x4MB) SWAP 2/12002MB (cached 0MB) CPU [1%@1510,0%@1510,0%@1510,0%@1510,0%@1510,0%@1510] GR3D_FREQ 0% cpu@46.968C soc2@46.343C soc0@44.625C gpu@46.25C tj@46.968C soc1@44.531C VDD_IN 4080mW/4092mW VDD_CPU_GPU_CV 958mW/963mW VDD_SOC 1397mW/1397mW
08-09-2026 22:39:32 RAM 3018/7620MB (lfb 29x4MB) SWAP 2/12002MB (cached 0MB) CPU [0%@1510,0%@1510,1%@1510,0%@1510,0%@1510,0%@1510] GR3D_FREQ 0% cpu@46.875C soc2@46.312C soc0@44.687C gpu@46.281C tj@46.875C soc1@44.593C VDD_IN 4080mW/4092mW VDD_CPU_GPU_CV 958mW/963mW VDD_SOC 1397mW/1397mW
08-09-2026 22:39:33 RAM 3018/7620MB (lfb 29x4MB) SWAP 2/12002MB (cached 0MB) CPU [0%@1510,1%@1510,0%@1510,1%@1510,1%@1510,0%@1510] GR3D_FREQ 0% cpu@46.968C soc2@46.343C soc0@44.656C gpu@46.125C tj@46.968C soc1@44.781C VDD_IN 4120mW/4092mW VDD_CPU_GPU_CV 956mW/963mW VDD_SOC 1397mW/1397mW
08-09-2026 22:39:34 RAM 3018/7620MB (lfb 29x4MB) SWAP 2/12002MB (cached 0MB) CPU [1%@1510,0%@1510,0%@1510,0%@1510,0%@1510,0%@1510] GR3D_FREQ 0% cpu@47.218C soc2@46.312C soc0@44.625C gpu@46.281C tj@47.218C soc1@44.468C VDD_IN 4080mW/4092mW VDD_CPU_GPU_CV 956mW/963mW VDD_SOC 1397mW/1397mW
08-09-2026 22:39:35 RAM 3018/7620MB (lfb 29x4MB) SWAP 2/12002MB (cached 0MB) CPU [1%@1510,1%@1510,0%@1510,0%@1510,0%@1510,0%@1510] GR3D_FREQ 0% cpu@47.125C soc2@46.281C soc0@44.437C gpu@46.218C tj@47.125C soc1@44.5C VDD_IN 4120mW/4092mW VDD_CPU_GPU_CV 998mW/963mW VDD_SOC 1397mW/1397mW
08-09-2026 22:39:36 RAM 3018/7620MB (lfb 29x4MB) SWAP 2/12002MB (cached 0MB) CPU [1%@1510,0%@1510,0%@1510,0%@1510,0%@1510,0%@1510] GR3D_FREQ 0% cpu@46.843C soc2@46.25C soc0@44.5C gpu@46.187C tj@46.843C soc1@44.468C VDD_IN 4080mW/4092mW VDD_CPU_GPU_CV 958mW/963mW VDD_SOC 1397mW/1397mW
08-09-2026 22:39:37 RAM 3018/7620MB (lfb 29x4MB) SWAP 2/12002MB (cached 0MB) CPU [1%@1510,1%@1510,0%@1510,0%@1510,0%@1510,0%@1510] GR3D_FREQ 0% cpu@46.781C soc2@46.25C soc0@44.562C gpu@46.281C tj@46.781C soc1@44.531C VDD_IN 4080mW/4092mW VDD_CPU_GPU_CV 956mW/963mW VDD_SOC 1397mW/1397mW
08-09-2026 22:39:38 RAM 3018/7620MB (lfb 29x4MB) SWAP 2/12002MB (cached 0MB) CPU [1%@1510,0%@1510,0%@1510,0%@1510,0%@1510,1%@1510] GR3D_FREQ 0% cpu@46.812C soc2@46.25C soc0@44.531C gpu@46.281C tj@46.968C soc1@44.625C VDD_IN 4120mW/4092mW VDD_CPU_GPU_CV 998mW/963mW VDD_SOC 1397mW/1397mW
08-09-2026 22:39:39 RAM 3018/7620MB (lfb 29x4MB) SWAP 2/12002MB (cached 0MB) CPU [0%@1510,0%@1510,1%@1510,0%@1510,0%@1510,0%@1510] GR3D_FREQ 0% cpu@46.875C soc2@46.343C soc0@44.593C gpu@46.312C tj@46.875C soc1@44.718C VDD_IN 4120mW/4092mW VDD_CPU_GPU_CV 956mW/963mW VDD_SOC 1397mW/1397mW
08-09-2026 22:39:40 RAM 3018/7620MB (lfb 29x4MB) SWAP 2/12002MB (cached 0MB) CPU [0%@1510,1%@1510,0%@1510,0%@1510,0%@1510,0%@1510] GR3D_FREQ 0% cpu@47C soc2@46.281C soc0@44.75C gpu@46.187C tj@47C soc1@44.531C VDD_IN 4080mW/4092mW VDD_CPU_GPU_CV 998mW/963mW VDD_SOC 1397mW/1397mW
08-09-2026 22:39:41 RAM 3018/7620MB (lfb 29x4MB) SWAP 2/12002MB (cached 0MB) CPU [1%@1510,0%@1510,0%@1510,0%@1510,0%@1510,0%@1510] GR3D_FREQ 0% cpu@46.875C soc2@46.218C soc0@44.593C gpu@46.281C tj@46.875C soc1@44.437C VDD_IN 4080mW/4092mW VDD_CPU_GPU_CV 998mW/963mW VDD_SOC 1397mW/1397mW
08-09-2026 22:39:42 RAM 3018/7620MB (lfb 29x4MB) SWAP 2/12002MB (cached 0MB) CPU [0%@1510,0%@1510,0%@1510,0%@1510,0%@1510,0%@1510] GR3D_FREQ 0% cpu@47.156C soc2@46.312C soc0@44.531C gpu@46.312C tj@47.156C soc1@44.406C VDD_IN 4080mW/4092mW VDD_CPU_GPU_CV 958mW/963mW VDD_SOC 1397mW/1397mW
08-09-2026 22:39:43 RAM 3018/7620MB (lfb 29x4MB) SWAP 2/12002MB (cached 0MB) CPU [1%@1510,1%@1510,1%@1510,0%@1510,0%@1510,1%@1510] GR3D_FREQ 0% cpu@46.968C soc2@46.281C soc0@44.531C gpu@46.343C tj@46.906C soc1@44.625C VDD_IN 4120mW/4092mW VDD_CPU_GPU_CV 998mW/963mW VDD_SOC 1397mW/1397mW
08-09-2026 22:39:44 RAM 3018/7620MB (lfb 29x4MB) SWAP 2/12002MB (cached 0MB) CPU [1%@1510,0%@1510,0%@1510,1%@1510,0%@1510,0%@1510] GR3D_FREQ 0% cpu@46.968C soc2@46.281C soc0@44.531C gpu@46.375C tj@46.968C soc1@44.625C VDD_IN 4113mW/4092mW VDD_CPU_GPU_CV 998mW/963mW VDD_SOC 1397mW/1397mW
08-09-2026 22:39:45 RAM 3018/7620MB (lfb 29x4MB) SWAP 2/12002MB (cached 0MB) CPU [0%@1510,1%@1510,1%@1510,0%@1510,0%@1510,0%@1510] GR3D_FREQ 0% cpu@47.062C soc2@46.343C soc0@44.593C gpu@46.343C tj@47.062C soc1@44.687C VDD_IN 4120mW/4092mW VDD_CPU_GPU_CV 998mW/964mW VDD_SOC 1397mW/1397mW
08-09-2026 22:39:46 RAM 3018/7620MB (lfb 29x4MB) SWAP 2/12002MB (cached 0MB) CPU [0%@1510,1%@1510,0%@1510,0%@1510,0%@1510,0%@1510] GR3D_FREQ 0% cpu@46.937C soc2@46.187C soc0@44.656C gpu@46.343C tj@46.937C soc1@44.5C VDD_IN 4120mW/4092mW VDD_CPU_GPU_CV 958mW/964mW VDD_SOC 1397mW/1397mW
08-09-2026 22:39:47 RAM 3018/7620MB (lfb 29x4MB) SWAP 2/12002MB (cached 0MB) CPU [0%@1510,1%@1510,0%@1510,0%@1510,1%@1510,0%@1510] GR3D_FREQ 0% cpu@47.125C soc2@46.25C soc0@44.687C gpu@46.343C tj@47.125C soc1@44.468C VDD_IN 4120mW/4093mW VDD_CPU_GPU_CV 958mW/964mW VDD_SOC 1397mW/1397mW
08-09-2026 22:39:48 RAM 3018/7620MB (lfb 29x4MB) SWAP 2/12002MB (cached 0MB) CPU [1%@1510,0%@1510,0%@1510,0%@1510,1%@1510,1%@1510] GR3D_FREQ 0% cpu@46.906C soc2@46.312C soc0@44.593C gpu@46.187C tj@46.906C soc1@44.625C VDD_IN 4080mW/4093mW VDD_CPU_GPU_CV 958mW/964mW VDD_SOC 1397mW/1397mW
08-09-2026 22:39:49 RAM 3018/7620MB (lfb 29x4MB) SWAP 2/12002MB (cached 0MB) CPU [0%@1510,1%@1510,0%@1510,0%@1510,0%@1510,0%@1510] GR3D_FREQ 0% cpu@46.937C soc2@46.312C soc0@44.562C gpu@46.218C tj@46.937C soc1@44.562C VDD_IN 4080mW/4092mW VDD_CPU_GPU_CV 958mW/964mW VDD_SOC 1397mW/1397mW
08-09-2026 22:39:50 RAM 3018/7620MB (lfb 29x4MB) SWAP 2/12002MB (cached 0MB) CPU [0%@1510,1%@1510,0%@1510,0%@1510,0%@1510,1%@1510] GR3D_FREQ 0% cpu@46.875C soc2@46.281C soc0@44.593C gpu@46.187C tj@46.875C soc1@44.718C VDD_IN 4080mW/4092mW VDD_CPU_GPU_CV 958mW/964mW VDD_SOC 1397mW/1397mW
08-09-2026 22:39:51 RAM 3018/7620MB (lfb 29x4MB) SWAP 2/12002MB (cached 0MB) CPU [1%@1510,0%@1510,0%@1510,0%@1510,0%@1510,0%@1510] GR3D_FREQ 0% cpu@46.875C soc2@46.281C soc0@44.625C gpu@46.187C tj@46.875C soc1@44.718C VDD_IN 4080mW/4092mW VDD_CPU_GPU_CV 958mW/963mW VDD_SOC 1397mW/1397mW
08-09-2026 22:39:52 RAM 3018/7620MB (lfb 29x4MB) SWAP 2/12002MB (cached 0MB) CPU [1%@1510,1%@1510,0%@1510,0%@1510,0%@1510,0%@1510] GR3D_FREQ 0% cpu@47.093C soc2@46.343C soc0@44.687C gpu@46.218C tj@47.093C soc1@44.468C VDD_IN 4080mW/4092mW VDD_CPU_GPU_CV 958mW/963mW VDD_SOC 1397mW/1397mW
08-09-2026 22:39:53 RAM 3019/7620MB (lfb 29x4MB) SWAP 2/12002MB (cached 0MB) CPU [0%@1510,0%@1510,0%@1510,0%@1510,0%@1510,0%@1510] GR3D_FREQ 0% cpu@47.093C soc2@46.218C soc0@44.718C gpu@46.218C tj@47.093C soc1@44.531C VDD_IN 4080mW/4092mW VDD_CPU_GPU_CV 958mW/963mW VDD_SOC 1397mW/1397mW
08-09-2026 22:39:54 RAM 3019/7620MB (lfb 29x4MB) SWAP 2/12002MB (cached 0MB) CPU [1%@1510,0%@1510,1%@1510,0%@1510,0%@1510,0%@1510] GR3D_FREQ 0% cpu@47.187C soc2@46.312C soc0@44.562C gpu@46.187C tj@47.187C soc1@44.531C VDD_IN 4080mW/4092mW VDD_CPU_GPU_CV 958mW/963mW VDD_SOC 1397mW/1397mW
08-09-2026 22:39:55 RAM 3019/7620MB (lfb 29x4MB) SWAP 2/12002MB (cached 0MB) CPU [1%@1510,1%@1510,0%@1510,0%@1510,1%@1510,0%@1510] GR3D_FREQ 0% cpu@46.843C soc2@46.343C soc0@44.656C gpu@46.125C tj@46.843C soc1@44.625C VDD_IN 4080mW/4092mW VDD_CPU_GPU_CV 958mW/963mW VDD_SOC 1397mW/1397mW
08-09-2026 22:39:56 RAM 3019/7620MB (lfb 29x4MB) SWAP 2/12002MB (cached 0MB) CPU [0%@1510,0%@1510,1%@1510,0%@1510,0%@1510,0%@1510] GR3D_FREQ 0% cpu@46.937C soc2@46.343C soc0@44.625C gpu@46.343C tj@46.937C soc1@44.593C VDD_IN 4080mW/4092mW VDD_CPU_GPU_CV 958mW/963mW VDD_SOC 1397mW/1397mW
08-09-2026 22:39:57 RAM 3019/7620MB (lfb 29x4MB) SWAP 2/12002MB (cached 0MB) CPU [1%@1510,1%@1510,0%@1510,0%@1510,0%@1510,0%@1510] GR3D_FREQ 0% cpu@46.968C soc2@46.281C soc0@44.562C gpu@46.218C tj@46.968C soc1@44.562C VDD_IN 4080mW/4092mW VDD_CPU_GPU_CV 958mW/963mW VDD_SOC 1397mW/1397mW
08-09-2026 22:39:58 RAM 3019/7620MB (lfb 29x4MB) SWAP 2/12002MB (cached 0MB) CPU [0%@1510,0%@1510,0%@1510,0%@1510,1%@1510,0%@1510] GR3D_FREQ 0% cpu@47.062C soc2@46.375C soc0@44.562C gpu@46.218C tj@47.062C soc1@44.375C VDD_IN 4080mW/4092mW VDD_CPU_GPU_CV 958mW/963mW VDD_SOC 1397mW/1397mW
08-09-2026 22:39:59 RAM 3019/7620MB (lfb 29x4MB) SWAP 2/12002MB (cached 0MB) CPU [1%@1510,1%@1510,0%@1510,0%@1510,0%@1510,0%@1510] GR3D_FREQ 0% cpu@47.125C soc2@46.156C soc0@44.656C gpu@46.25C tj@47.125C soc1@44.437C VDD_IN 4080mW/4092mW VDD_CPU_GPU_CV 958mW/963mW VDD_SOC 1397mW/1397mW
08-09-2026 22:40:00 RAM 3019/7620MB (lfb 29x4MB) SWAP 2/12002MB (cached 0MB) CPU [1%@1510,0%@1510,1%@1510,1%@1510,0%@1510,0%@1510] GR3D_FREQ 0% cpu@47.093C soc2@46.218C soc0@44.468C gpu@46.312C tj@47.093C soc1@44.437C VDD_IN 4080mW/4092mW VDD_CPU_GPU_CV 998mW/963mW VDD_SOC 1397mW/1397mW
08-09-2026 22:40:01 RAM 3019/7620MB (lfb 29x4MB) SWAP 2/12002MB (cached 0MB) CPU [0%@1510,1%@1510,0%@1510,0%@1510,0%@1510,0%@1510] GR3D_FREQ 0% cpu@46.843C soc2@46.343C soc0@44.531C gpu@46.281C tj@46.781C soc1@44.531C VDD_IN 4080mW/4092mW VDD_CPU_GPU_CV 958mW/963mW VDD_SOC 1397mW/1397mW
08-09-2026 22:40:02 RAM 3019/7620MB (lfb 29x4MB) SWAP 2/12002MB (cached 0MB) CPU [1%@1510,1%@1510,0%@1510,1%@1510,0%@1510,0%@1510] GR3D_FREQ 0% cpu@46.843C soc2@46.25C soc0@44.562C gpu@46.281C tj@46.843C soc1@44.531C VDD_IN 4080mW/4092mW VDD_CPU_GPU_CV 958mW/963mW VDD_SOC 1397mW/1397mW
08-09-2026 22:40:03 RAM 3019/7620MB (lfb 29x4MB) SWAP 2/12002MB (cached 0MB) CPU [0%@1510,1%@1510,0%@1510,0%@1510,1%@1510,0%@1510] GR3D_FREQ 0% cpu@46.937C soc2@46.312C soc0@44.531C gpu@46.281C tj@46.937C soc1@44.625C VDD_IN 4080mW/4092mW VDD_CPU_GPU_CV 958mW/963mW VDD_SOC 1397mW/1397mW
08-09-2026 22:40:04 RAM 3019/7620MB (lfb 29x4MB) SWAP 2/12002MB (cached 0MB) CPU [0%@1510,1%@1510,0%@1510,0%@1510,0%@1510,0%@1510] GR3D_FREQ 0% cpu@46.843C soc2@46.343C soc0@44.562C gpu@46.343C tj@46.843C soc1@44.75C VDD_IN 4080mW/4092mW VDD_CPU_GPU_CV 958mW/963mW VDD_SOC 1397mW/1397mW
08-09-2026 22:40:05 RAM 3019/7620MB (lfb 29x4MB) SWAP 2/12002MB (cached 0MB) CPU [0%@1510,1%@1510,0%@1510,1%@1510,0%@1510,1%@1510] GR3D_FREQ 0% cpu@47C soc2@46.25C soc0@44.625C gpu@46.281C tj@47C soc1@44.5C VDD_IN 4120mW/4092mW VDD_CPU_GPU_CV 998mW/963mW VDD_SOC 1397mW/1397mW
08-09-2026 22:40:06 RAM 3019/7620MB (lfb 29x4MB) SWAP 2/12002MB (cached 0MB) CPU [0%@1510,1%@1510,0%@1510,0%@1510,1%@1510,0%@1510] GR3D_FREQ 0% cpu@46.875C soc2@46.25C soc0@44.531C gpu@46.375C tj@46.875C soc1@44.531C VDD_IN 4080mW/4092mW VDD_CPU_GPU_CV 958mW/963mW VDD_SOC 1397mW/1397mW
08-09-2026 22:40:07 RAM 3019/7620MB (lfb 29x4MB) SWAP 2/12002MB (cached 0MB) CPU [0%@1510,0%@1510,0%@1510,0%@1510,0%@1510,0%@1510] GR3D_FREQ 0% cpu@47.156C soc2@46.218C soc0@44.5C gpu@46.375C tj@47.156C soc1@44.562C VDD_IN 4080mW/4092mW VDD_CPU_GPU_CV 958mW/963mW VDD_SOC 1397mW/1397mW
08-09-2026 22:40:08 RAM 3019/7620MB (lfb 29x4MB) SWAP 2/12002MB (cached 0MB) CPU [0%@1510,1%@1510,0%@1510,0%@1510,0%@1510,0%@1510] GR3D_FREQ 0% cpu@46.906C soc2@46.312C soc0@44.593C gpu@46.375C tj@46.906C soc1@44.562C VDD_IN 4080mW/4092mW VDD_CPU_GPU_CV 958mW/963mW VDD_SOC 1397mW/1397mW
08-09-2026 22:40:09 RAM 3019/7620MB (lfb 29x4MB) SWAP 2/12002MB (cached 0MB) CPU [1%@1510,1%@1510,0%@1510,0%@1510,1%@1510,0%@1510] GR3D_FREQ 0% cpu@46.906C soc2@46.375C soc0@44.531C gpu@46.375C tj@46.906C soc1@44.625C VDD_IN 4120mW/4092mW VDD_CPU_GPU_CV 958mW/963mW VDD_SOC 1397mW/1397mW
08-09-2026 22:40:10 RAM 3019/7620MB (lfb 29x4MB) SWAP 2/12002MB (cached 0MB) CPU [2%@1510,0%@1510,0%@1510,0%@1510,0%@1510,0%@1510] GR3D_FREQ 0% cpu@47.093C soc2@46.25C soc0@44.625C gpu@46.312C tj@47.093C soc1@44.656C VDD_IN 4113mW/4092mW VDD_CPU_GPU_CV 996mW/964mW VDD_SOC 1397mW/1397mW
08-09-2026 22:40:11 RAM 3019/7620MB (lfb 29x4MB) SWAP 2/12002MB (cached 0MB) CPU [0%@1510,1%@1510,0%@1510,0%@1510,0%@1510,0%@1510] GR3D_FREQ 0% cpu@46.968C soc2@46.312C soc0@44.625C gpu@46.312C tj@46.968C soc1@44.375C VDD_IN 4080mW/4092mW VDD_CPU_GPU_CV 958mW/963mW VDD_SOC 1397mW/1397mW
08-09-2026 22:40:12 RAM 3019/7620MB (lfb 29x4MB) SWAP 2/12002MB (cached 0MB) CPU [0%@1510,0%@1510,0%@1510,0%@1510,0%@1510,0%@1510] GR3D_FREQ 0% cpu@47.062C soc2@46.187C soc0@44.718C gpu@46.437C tj@47.062C soc1@44.468C VDD_IN 4080mW/4092mW VDD_CPU_GPU_CV 958mW/963mW VDD_SOC 1397mW/1397mW
08-09-2026 22:40:13 RAM 3019/7620MB (lfb 29x4MB) SWAP 2/12002MB (cached 0MB) CPU [1%@1510,0%@1510,0%@1510,1%@1510,0%@1510,0%@1510] GR3D_FREQ 0% cpu@46.937C soc2@46.218C soc0@44.593C gpu@46.375C tj@46.937C soc1@44.468C VDD_IN 4080mW/4092mW VDD_CPU_GPU_CV 958mW/963mW VDD_SOC 1397mW/1397mW
08-09-2026 22:40:14 RAM 3019/7620MB (lfb 29x4MB) SWAP 2/12002MB (cached 0MB) CPU [0%@1510,0%@1510,0%@1510,0%@1510,0%@1510,0%@1510] GR3D_FREQ 0% cpu@46.875C soc2@46.218C soc0@44.562C gpu@46.406C tj@46.875C soc1@44.562C VDD_IN 4080mW/4092mW VDD_CPU_GPU_CV 958mW/963mW VDD_SOC 1397mW/1397mW
08-09-2026 22:40:15 RAM 3019/7620MB (lfb 29x4MB) SWAP 2/12002MB (cached 0MB) CPU [1%@1510,0%@1510,0%@1510,0%@1510,0%@1510,0%@1510] GR3D_FREQ 0% cpu@46.781C soc2@46.312C soc0@44.531C gpu@46.406C tj@46.781C soc1@44.531C VDD_IN 4080mW/4092mW VDD_CPU_GPU_CV 958mW/963mW VDD_SOC 1397mW/1397mW
08-09-2026 22:40:16 RAM 3019/7620MB (lfb 29x4MB) SWAP 2/12002MB (cached 0MB) CPU [0%@1510,0%@1510,0%@1510,0%@1510,0%@1510,0%@1510] GR3D_FREQ 0% cpu@46.937C soc2@46.343C soc0@44.625C gpu@46.437C tj@46.937C soc1@44.625C VDD_IN 4080mW/4091mW VDD_CPU_GPU_CV 958mW/963mW VDD_SOC 1397mW/1397mW
08-09-2026 22:40:17 RAM 3019/7620MB (lfb 29x4MB) SWAP 2/12002MB (cached 0MB) CPU [1%@1510,0%@1510,0%@1510,1%@1510,1%@1510,0%@1510] GR3D_FREQ 0% cpu@47.093C soc2@46.218C soc0@44.656C gpu@46.437C tj@47.093C soc1@44.437C VDD_IN 4080mW/4091mW VDD_CPU_GPU_CV 958mW/963mW VDD_SOC 1397mW/1397mW
08-09-2026 22:40:18 RAM 3019/7620MB (lfb 29x4MB) SWAP 2/12002MB (cached 0MB) CPU [1%@1510,0%@1510,0%@1510,1%@1510,1%@1510,0%@1510] GR3D_FREQ 0% cpu@46.906C soc2@46.218C soc0@44.687C gpu@46.437C tj@46.875C soc1@44.437C VDD_IN 4080mW/4091mW VDD_CPU_GPU_CV 958mW/963mW VDD_SOC 1397mW/1397mW
08-09-2026 22:40:19 RAM 3019/7620MB (lfb 29x4MB) SWAP 2/12002MB (cached 0MB) CPU [0%@1510,1%@1510,0%@1510,0%@1510,0%@1510,0%@1510] GR3D_FREQ 0% cpu@47.187C soc2@46.25C soc0@44.593C gpu@46.468C tj@47.187C soc1@44.5C VDD_IN 4120mW/4092mW VDD_CPU_GPU_CV 998mW/963mW VDD_SOC 1397mW/1397mW
08-09-2026 22:40:20 RAM 3019/7620MB (lfb 29x4MB) SWAP 2/12002MB (cached 0MB) CPU [1%@1510,0%@1510,1%@1510,0%@1510,0%@1510,0%@1510] GR3D_FREQ 0% cpu@46.812C soc2@46.25C soc0@44.531C gpu@46.5C tj@46.812C soc1@44.562C VDD_IN 4120mW/4092mW VDD_CPU_GPU_CV 958mW/963mW VDD_SOC 1397mW/1397mW
08-09-2026 22:40:21 RAM 3019/7620MB (lfb 29x4MB) SWAP 2/12002MB (cached 0MB) CPU [1%@1510,1%@1510,0%@1510,0%@1510,1%@1510,0%@1510] GR3D_FREQ 0% cpu@46.968C soc2@46.312C soc0@44.593C gpu@46.5C tj@46.968C soc1@44.531C VDD_IN 4080mW/4092mW VDD_CPU_GPU_CV 958mW/963mW VDD_SOC 1397mW/1397mW
08-09-2026 22:40:22 RAM 3019/7620MB (lfb 29x4MB) SWAP 2/12002MB (cached 0MB) CPU [1%@1510,1%@1510,0%@1510,0%@1510,0%@1510,0%@1510] GR3D_FREQ 0% cpu@46.875C soc2@46.312C soc0@44.531C gpu@46.562C tj@46.875C soc1@44.625C VDD_IN 4080mW/4092mW VDD_CPU_GPU_CV 958mW/963mW VDD_SOC 1397mW/1397mW
08-09-2026 22:40:23 RAM 3019/7620MB (lfb 29x4MB) SWAP 2/12002MB (cached 0MB) CPU [1%@1510,0%@1510,0%@1510,0%@1510,0%@1510,0%@1510] GR3D_FREQ 0% cpu@46.968C soc2@46.187C soc0@44.656C gpu@46.625C tj@46.968C soc1@44.468C VDD_IN 4120mW/4092mW VDD_CPU_GPU_CV 958mW/963mW VDD_SOC 1397mW/1397mW
08-09-2026 22:40:24 RAM 3019/7620MB (lfb 29x4MB) SWAP 2/12002MB (cached 0MB) CPU [0%@1510,2%@1510,0%@1510,0%@1510,1%@1510,1%@1510] GR3D_FREQ 0% cpu@47.218C soc2@46.218C soc0@44.687C gpu@46.625C tj@47.218C soc1@44.5C VDD_IN 4120mW/4092mW VDD_CPU_GPU_CV 998mW/963mW VDD_SOC 1397mW/1397mW
08-09-2026 22:40:25 RAM 3019/7620MB (lfb 29x4MB) SWAP 2/12002MB (cached 0MB) CPU [1%@1510,0%@1510,0%@1510,0%@1510,0%@1510,0%@1510] GR3D_FREQ 0% cpu@46.875C soc2@46.218C soc0@44.562C gpu@46.718C tj@46.875C soc1@44.406C VDD_IN 4120mW/4092mW VDD_CPU_GPU_CV 958mW/963mW VDD_SOC 1397mW/1397mW
08-09-2026 22:40:26 RAM 3019/7620MB (lfb 29x4MB) SWAP 2/12002MB (cached 0MB) CPU [1%@1510,1%@1510,0%@1510,0%@1510,1%@1510,0%@1510] GR3D_FREQ 0% cpu@46.812C soc2@46.25C soc0@44.562C gpu@46.093C tj@46.812C soc1@44.5C VDD_IN 4113mW/4092mW VDD_CPU_GPU_CV 998mW/964mW VDD_SOC 1397mW/1397mW
08-09-2026 22:40:27 RAM 3019/7620MB (lfb 29x4MB) SWAP 2/12002MB (cached 0MB) CPU [0%@1510,0%@1510,0%@1510,0%@1510,0%@1510,0%@1510] GR3D_FREQ 0% cpu@46.843C soc2@46.375C soc0@44.593C gpu@46.25C tj@46.843C soc1@44.5C VDD_IN 4080mW/4092mW VDD_CPU_GPU_CV 958mW/964mW VDD_SOC 1397mW/1397mW
08-09-2026 22:40:28 RAM 3019/7620MB (lfb 29x4MB) SWAP 2/12002MB (cached 0MB) CPU [0%@1510,1%@1510,0%@1510,0%@1510,0%@1510,0%@1510] GR3D_FREQ 0% cpu@46.968C soc2@46.312C soc0@44.656C gpu@46.156C tj@46.968C soc1@44.687C VDD_IN 4120mW/4092mW VDD_CPU_GPU_CV 958mW/964mW VDD_SOC 1397mW/1397mW
08-09-2026 22:40:29 RAM 3019/7620MB (lfb 29x4MB) SWAP 2/12002MB (cached 0MB) CPU [0%@1510,0%@1510,0%@1510,0%@1510,0%@1510,0%@1510] GR3D_FREQ 0% cpu@47.281C soc2@46.218C soc0@44.625C gpu@46.218C tj@47.281C soc1@44.437C VDD_IN 4080mW/4092mW VDD_CPU_GPU_CV 958mW/964mW VDD_SOC 1397mW/1397mW
08-09-2026 22:40:30 RAM 3019/7620MB (lfb 29x4MB) SWAP 2/12002MB (cached 0MB) CPU [1%@1510,1%@1510,1%@1510,0%@1510,0%@1510,0%@1510] GR3D_FREQ 0% cpu@47.062C soc2@46.25C soc0@44.593C gpu@46.156C tj@47.062C soc1@44.468C VDD_IN 4120mW/4092mW VDD_CPU_GPU_CV 998mW/964mW VDD_SOC 1397mW/1397mW
08-09-2026 22:40:31 RAM 3019/7620MB (lfb 29x4MB) SWAP 2/12002MB (cached 0MB) CPU [0%@1510,1%@1510,0%@1510,1%@1510,0%@1510,0%@1510] GR3D_FREQ 0% cpu@46.812C soc2@46.25C soc0@44.593C gpu@46.218C tj@46.812C soc1@44.5C VDD_IN 4080mW/4092mW VDD_CPU_GPU_CV 958mW/964mW VDD_SOC 1397mW/1397mW
08-09-2026 22:40:32 RAM 3019/7620MB (lfb 29x4MB) SWAP 2/12002MB (cached 0MB) CPU [1%@1510,0%@1510,1%@1510,0%@1510,0%@1510,0%@1510] GR3D_FREQ 0% cpu@46.937C soc2@46.281C soc0@44.562C gpu@46.281C tj@46.937C soc1@44.531C VDD_IN 4080mW/4092mW VDD_CPU_GPU_CV 958mW/964mW VDD_SOC 1397mW/1397mW
08-09-2026 22:40:33 RAM 3019/7620MB (lfb 29x4MB) SWAP 2/12002MB (cached 0MB) CPU [0%@1510,0%@1510,0%@1510,0%@1510,0%@1510,0%@1510] GR3D_FREQ 0% cpu@46.843C soc2@46.343C soc0@44.625C gpu@46.187C tj@47.031C soc1@44.656C VDD_IN 4120mW/4092mW VDD_CPU_GPU_CV 958mW/964mW VDD_SOC 1397mW/1397mW
08-09-2026 22:40:34 RAM 3019/7620MB (lfb 29x4MB) SWAP 2/12002MB (cached 0MB) CPU [2%@1510,1%@1510,0%@1510,0%@1510,0%@1510,0%@1510] GR3D_FREQ 0% cpu@46.937C soc2@46.375C soc0@44.625C gpu@46.437C tj@46.937C soc1@44.718C VDD_IN 4120mW/4092mW VDD_CPU_GPU_CV 958mW/964mW VDD_SOC 1397mW/1397mW
08-09-2026 22:40:35 RAM 3019/7620MB (lfb 29x4MB) SWAP 2/12002MB (cached 0MB) CPU [0%@1510,0%@1510,1%@1510,1%@1510,0%@1510,0%@1510] GR3D_FREQ 0% cpu@47.093C soc2@46.281C soc0@44.718C gpu@46.375C tj@47.093C soc1@44.5C VDD_IN 4120mW/4092mW VDD_CPU_GPU_CV 998mW/964mW VDD_SOC 1397mW/1397mW
08-09-2026 22:40:36 RAM 3019/7620MB (lfb 29x4MB) SWAP 2/12002MB (cached 0MB) CPU [0%@1510,1%@1510,1%@1510,0%@1510,0%@1510,0%@1510] GR3D_FREQ 0% cpu@46.875C soc2@46.281C soc0@44.5C gpu@46.437C tj@46.875C soc1@44.5C VDD_IN 4073mW/4092mW VDD_CPU_GPU_CV 958mW/964mW VDD_SOC 1397mW/1397mW
08-09-2026 22:40:37 RAM 3019/7620MB (lfb 29x4MB) SWAP 2/12002MB (cached 0MB) CPU [0%@1510,0%@1510,1%@1510,0%@1510,0%@1510,0%@1510] GR3D_FREQ 0% cpu@47.125C soc2@46.312C soc0@44.562C gpu@46.468C tj@47.125C soc1@44.562C VDD_IN 4080mW/4092mW VDD_CPU_GPU_CV 958mW/964mW VDD_SOC 1397mW/1397mW
08-09-2026 22:40:38 RAM 3019/7620MB (lfb 29x4MB) SWAP 2/12002MB (cached 0MB) CPU [0%@1510,0%@1510,0%@1510,0%@1510,0%@1510,0%@1510] GR3D_FREQ 0% cpu@46.75C soc2@46.312C soc0@44.531C gpu@46.406C tj@46.75C soc1@44.562C VDD_IN 4120mW/4092mW VDD_CPU_GPU_CV 958mW/964mW VDD_SOC 1397mW/1397mW
08-09-2026 22:40:39 RAM 3019/7620MB (lfb 29x4MB) SWAP 2/12002MB (cached 0MB) CPU [1%@1510,0%@1510,1%@1510,0%@1510,0%@1510,0%@1510] GR3D_FREQ 0% cpu@46.906C soc2@46.312C soc0@44.562C gpu@46.531C tj@46.906C soc1@44.656C VDD_IN 4113mW/4092mW VDD_CPU_GPU_CV 998mW/964mW VDD_SOC 1397mW/1397mW
08-09-2026 22:40:40 RAM 3019/7620MB (lfb 29x4MB) SWAP 2/12002MB (cached 0MB) CPU [1%@1510,1%@1510,0%@1510,0%@1510,0%@1510,0%@1510] GR3D_FREQ 0% cpu@47.093C soc2@46.312C soc0@44.593C gpu@46.531C tj@47.093C soc1@44.656C VDD_IN 4080mW/4092mW VDD_CPU_GPU_CV 998mW/964mW VDD_SOC 1397mW/1397mW
08-09-2026 22:40:41 RAM 3019/7620MB (lfb 29x4MB) SWAP 2/12002MB (cached 0MB) CPU [0%@1510,0%@1510,1%@1510,0%@1510,1%@1510,0%@1510] GR3D_FREQ 0% cpu@46.937C soc2@46.218C soc0@44.656C gpu@46.562C tj@46.843C soc1@44.468C VDD_IN 4120mW/4092mW VDD_CPU_GPU_CV 998mW/964mW VDD_SOC 1397mW/1397mW
08-09-2026 22:40:42 RAM 3019/7620MB (lfb 29x4MB) SWAP 2/12002MB (cached 0MB) CPU [1%@1510,1%@1510,0%@1510,0%@1510,0%@1510,0%@1510] GR3D_FREQ 0% cpu@47.093C soc2@46.312C soc0@44.468C gpu@46.562C tj@47.093C soc1@44.437C VDD_IN 4080mW/4092mW VDD_CPU_GPU_CV 958mW/964mW VDD_SOC 1397mW/1397mW
08-09-2026 22:40:43 RAM 3019/7620MB (lfb 29x4MB) SWAP 2/12002MB (cached 0MB) CPU [0%@1510,0%@1510,1%@1510,0%@1510,0%@1510,0%@1510] GR3D_FREQ 0% cpu@46.906C soc2@46.281C soc0@44.593C gpu@46.593C tj@46.906C soc1@44.562C VDD_IN 4080mW/4092mW VDD_CPU_GPU_CV 958mW/964mW VDD_SOC 1397mW/1397mW
08-09-2026 22:40:44 RAM 3019/7620MB (lfb 29x4MB) SWAP 2/12002MB (cached 0MB) CPU [1%@1510,1%@1510,0%@1510,0%@1510,0%@1510,0%@1510] GR3D_FREQ 0% cpu@46.968C soc2@46.312C soc0@44.593C gpu@46.687C tj@46.968C soc1@44.656C VDD_IN 4080mW/4092mW VDD_CPU_GPU_CV 958mW/964mW VDD_SOC 1397mW/1397mW
08-09-2026 22:40:45 RAM 3019/7620MB (lfb 29x4MB) SWAP 2/12002MB (cached 0MB) CPU [0%@1510,1%@1510,0%@1510,0%@1510,0%@1510,0%@1510] GR3D_FREQ 0% cpu@47C soc2@46.25C soc0@44.593C gpu@46.687C tj@47C soc1@44.718C VDD_IN 4080mW/4092mW VDD_CPU_GPU_CV 958mW/964mW VDD_SOC 1397mW/1397mW
08-09-2026 22:40:46 RAM 3019/7620MB (lfb 29x4MB) SWAP 2/12002MB (cached 0MB) CPU [1%@1510,0%@1510,1%@1510,0%@1510,0%@1510,0%@1510] GR3D_FREQ 0% cpu@46.937C soc2@46.343C soc0@44.656C gpu@46.187C tj@46.937C soc1@44.437C VDD_IN 4080mW/4092mW VDD_CPU_GPU_CV 958mW/964mW VDD_SOC 1397mW/1397mW
08-09-2026 22:40:47 RAM 3019/7620MB (lfb 29x4MB) SWAP 2/12002MB (cached 0MB) CPU [0%@1510,1%@1510,0%@1510,0%@1510,0%@1510,0%@1510] GR3D_FREQ 0% cpu@47.156C soc2@46.218C soc0@44.75C gpu@46.218C tj@47.156C soc1@44.5C VDD_IN 4080mW/4092mW VDD_CPU_GPU_CV 958mW/964mW VDD_SOC 1397mW/1397mW
08-09-2026 22:40:48 RAM 3019/7620MB (lfb 29x4MB) SWAP 2/12002MB (cached 0MB) CPU [0%@1510,1%@1510,0%@1510,0%@1510,0%@1510,0%@1510] GR3D_FREQ 0% cpu@47.093C soc2@46.312C soc0@44.625C gpu@46.187C tj@47.093C soc1@44.656C VDD_IN 4080mW/4092mW VDD_CPU_GPU_CV 958mW/964mW VDD_SOC 1397mW/1397mW
08-09-2026 22:40:49 RAM 3019/7620MB (lfb 29x4MB) SWAP 2/12002MB (cached 0MB) CPU [1%@1510,0%@1510,1%@1510,0%@1510,0%@1510,0%@1510] GR3D_FREQ 0% cpu@46.875C soc2@46.375C soc0@44.656C gpu@46.187C tj@46.875C soc1@44.75C VDD_IN 4080mW/4092mW VDD_CPU_GPU_CV 958mW/964mW VDD_SOC 1397mW/1397mW
08-09-2026 22:40:50 RAM 3019/7620MB (lfb 29x4MB) SWAP 2/12002MB (cached 0MB) CPU [1%@1510,1%@1510,0%@1510,1%@1510,0%@1510,0%@1510] GR3D_FREQ 0% cpu@47C soc2@46.218C soc0@44.625C gpu@46.218C tj@47C soc1@44.5C VDD_IN 4080mW/4092mW VDD_CPU_GPU_CV 958mW/964mW VDD_SOC 1397mW/1397mW
08-09-2026 22:40:51 RAM 3019/7620MB (lfb 29x4MB) SWAP 2/12002MB (cached 0MB) CPU [1%@1510,1%@1510,1%@1510,0%@1510,0%@1510,0%@1510] GR3D_FREQ 0% cpu@46.875C soc2@46.343C soc0@44.687C gpu@46.187C tj@46.875C soc1@44.406C VDD_IN 4080mW/4092mW VDD_CPU_GPU_CV 958mW/964mW VDD_SOC 1397mW/1397mW
08-09-2026 22:40:52 RAM 3019/7620MB (lfb 29x4MB) SWAP 2/12002MB (cached 0MB) CPU [0%@1510,0%@1510,0%@1510,0%@1510,1%@1510,0%@1510] GR3D_FREQ 0% cpu@47.031C soc2@46.281C soc0@44.562C gpu@46.25C tj@47.031C soc1@44.531C VDD_IN 4120mW/4092mW VDD_CPU_GPU_CV 958mW/964mW VDD_SOC 1397mW/1397mW
08-09-2026 22:40:53 RAM 3019/7620MB (lfb 29x4MB) SWAP 2/12002MB (cached 0MB) CPU [1%@1510,1%@1510,0%@1510,0%@1510,0%@1510,0%@1510] GR3D_FREQ 0% cpu@47C soc2@46.281C soc0@44.625C gpu@46.156C tj@47C soc1@44.656C VDD_IN 4080mW/4092mW VDD_CPU_GPU_CV 958mW/964mW VDD_SOC 1397mW/1397mW
08-09-2026 22:40:54 RAM 3019/7620MB (lfb 29x4MB) SWAP 2/12002MB (cached 0MB) CPU [0%@1510,1%@1510,0%@1510,0%@1510,1%@1510,0%@1510] GR3D_FREQ 0% cpu@46.906C soc2@46.281C soc0@44.5C gpu@46.281C tj@46.906C soc1@44.687C VDD_IN 4080mW/4092mW VDD_CPU_GPU_CV 956mW/964mW VDD_SOC 1397mW/1397mW
08-09-2026 22:40:55 RAM 3019/7620MB (lfb 29x4MB) SWAP 2/12002MB (cached 0MB) CPU [0%@1510,1%@1510,1%@1510,0%@1510,0%@1510,0%@1510] GR3D_FREQ 0% cpu@47.031C soc2@46.343C soc0@44.625C gpu@46.281C tj@47.031C soc1@44.718C VDD_IN 4080mW/4092mW VDD_CPU_GPU_CV 958mW/964mW VDD_SOC 1397mW/1397mW
08-09-2026 22:40:56 RAM 3019/7620MB (lfb 29x4MB) SWAP 2/12002MB (cached 0MB) CPU [1%@1510,1%@1510,0%@1510,0%@1510,0%@1510,0%@1510] GR3D_FREQ 0% cpu@46.968C soc2@46.406C soc0@44.656C gpu@46.312C tj@46.968C soc1@44.468C VDD_IN 4113mW/4092mW VDD_CPU_GPU_CV 958mW/964mW VDD_SOC 1397mW/1397mW
08-09-2026 22:40:57 RAM 3020/7620MB (lfb 29x4MB) SWAP 2/12002MB (cached 0MB) CPU [0%@1510,0%@1510,0%@1510,0%@1510,0%@1510,0%@1510] GR3D_FREQ 0% cpu@47.093C soc2@46.281C soc0@44.656C gpu@46.312C tj@47.093C soc1@44.562C VDD_IN 4120mW/4092mW VDD_CPU_GPU_CV 958mW/964mW VDD_SOC 1397mW/1397mW
08-09-2026 22:40:58 RAM 3020/7620MB (lfb 29x4MB) SWAP 2/12002MB (cached 0MB) CPU [0%@1510,1%@1510,0%@1510,0%@1510,0%@1510,0%@1510] GR3D_FREQ 0% cpu@46.968C soc2@46.281C soc0@44.5C gpu@46.312C tj@46.968C soc1@44.5C VDD_IN 4080mW/4092mW VDD_CPU_GPU_CV 958mW/964mW VDD_SOC 1397mW/1397mW
08-09-2026 22:40:59 RAM 3020/7620MB (lfb 29x4MB) SWAP 2/12002MB (cached 0MB) CPU [0%@1510,0%@1510,0%@1510,0%@1510,0%@1510,0%@1510] GR3D_FREQ 0% cpu@47.218C soc2@46.25C soc0@44.562C gpu@46.25C tj@47C soc1@44.531C VDD_IN 4080mW/4092mW VDD_CPU_GPU_CV 958mW/964mW VDD_SOC 1397mW/1397mW
08-09-2026 22:41:00 RAM 3020/7620MB (lfb 29x4MB) SWAP 2/12002MB (cached 0MB) CPU [1%@1510,2%@1510,0%@1510,1%@1510,0%@1510,0%@1510] GR3D_FREQ 0% cpu@46.906C soc2@46.281C soc0@44.531C gpu@46.25C tj@46.906C soc1@44.625C VDD_IN 4080mW/4092mW VDD_CPU_GPU_CV 956mW/964mW VDD_SOC 1397mW/1397mW
08-09-2026 22:41:01 RAM 3020/7620MB (lfb 29x4MB) SWAP 2/12002MB (cached 0MB) CPU [1%@1510,0%@1510,0%@1510,0%@1510,0%@1510,0%@1510] GR3D_FREQ 0% cpu@46.968C soc2@46.312C soc0@44.656C gpu@46.218C tj@46.968C soc1@44.656C VDD_IN 4120mW/4092mW VDD_CPU_GPU_CV 958mW/964mW VDD_SOC 1397mW/1397mW
08-09-2026 22:41:02 RAM 3020/7620MB (lfb 29x4MB) SWAP 2/12002MB (cached 0MB) CPU [1%@1510,1%@1510,1%@1510,0%@1510,0%@1510,0%@1510] GR3D_FREQ 0% cpu@47.062C soc2@46.406C soc0@44.593C gpu@46.343C tj@47.062C soc1@44.75C VDD_IN 4113mW/4092mW VDD_CPU_GPU_CV 956mW/964mW VDD_SOC 1397mW/1397mW
08-09-2026 22:41:03 RAM 3020/7620MB (lfb 29x4MB) SWAP 2/12002MB (cached 0MB) CPU [0%@1510,1%@1510,0%@1510,0%@1510,0%@1510,0%@1510] GR3D_FREQ 0% cpu@47C soc2@46.312C soc0@44.562C gpu@46.468C tj@47C soc1@44.593C VDD_IN 4080mW/4092mW VDD_CPU_GPU_CV 958mW/963mW VDD_SOC 1397mW/1397mW
08-09-2026 22:41:04 RAM 3020/7620MB (lfb 29x4MB) SWAP 2/12002MB (cached 0MB) CPU [0%@1510,0%@1510,0%@1510,0%@1510,0%@1510,0%@1510] GR3D_FREQ 0% cpu@46.843C soc2@46.406C soc0@44.718C gpu@46.25C tj@46.843C soc1@44.718C VDD_IN 4080mW/4092mW VDD_CPU_GPU_CV 958mW/963mW VDD_SOC 1397mW/1397mW
08-09-2026 22:41:05 RAM 3020/7620MB (lfb 29x4MB) SWAP 2/12002MB (cached 0MB) CPU [0%@1510,0%@1510,0%@1510,0%@1510,0%@1510,0%@1510] GR3D_FREQ 0% cpu@46.875C soc2@46.375C soc0@44.531C gpu@46.531C tj@46.875C soc1@44.531C VDD_IN 4080mW/4092mW VDD_CPU_GPU_CV 958mW/963mW VDD_SOC 1397mW/1397mW
08-09-2026 22:41:06 RAM 3020/7620MB (lfb 29x4MB) SWAP 2/12002MB (cached 0MB) CPU [1%@1510,0%@1510,0%@1510,0%@1510,0%@1510,0%@1510] GR3D_FREQ 0% cpu@46.937C soc2@46.312C soc0@44.531C gpu@46.531C tj@46.937C soc1@44.718C VDD_IN 4080mW/4092mW VDD_CPU_GPU_CV 958mW/963mW VDD_SOC 1397mW/1397mW
08-09-2026 22:41:07 RAM 3020/7620MB (lfb 29x4MB) SWAP 2/12002MB (cached 0MB) CPU [0%@1510,0%@1510,0%@1510,0%@1510,2%@1510,0%@1510] GR3D_FREQ 0% cpu@47.093C soc2@46.218C soc0@44.625C gpu@46.468C tj@47.093C soc1@44.468C VDD_IN 4120mW/4092mW VDD_CPU_GPU_CV 958mW/963mW VDD_SOC 1397mW/1397mW
08-09-2026 22:41:08 RAM 3020/7620MB (lfb 29x4MB) SWAP 2/12002MB (cached 0MB) CPU [0%@1510,0%@1510,0%@1510,0%@1510,0%@1510,0%@1510] GR3D_FREQ 0% cpu@46.968C soc2@46.25C soc0@44.625C gpu@46.218C tj@46.968C soc1@44.593C VDD_IN 4080mW/4092mW VDD_CPU_GPU_CV 958mW/963mW VDD_SOC 1397mW/1397mW
08-09-2026 22:41:09 RAM 3020/7620MB (lfb 29x4MB) SWAP 2/12002MB (cached 0MB) CPU [1%@1510,0%@1510,0%@1510,0%@1510,0%@1510,0%@1510] GR3D_FREQ 0% cpu@47.093C soc2@46.343C soc0@44.625C gpu@46.531C tj@47.093C soc1@44.437C VDD_IN 4073mW/4092mW VDD_CPU_GPU_CV 958mW/963mW VDD_SOC 1397mW/1397mW
08-09-2026 22:41:10 RAM 3020/7620MB (lfb 29x4MB) SWAP 2/12002MB (cached 0MB) CPU [2%@1510,1%@1510,1%@1510,0%@1510,0%@1510,0%@1510] GR3D_FREQ 0% cpu@46.937C soc2@46.343C soc0@44.562C gpu@46.312C tj@46.937C soc1@44.468C VDD_IN 4113mW/4092mW VDD_CPU_GPU_CV 996mW/963mW VDD_SOC 1397mW/1397mW
08-09-2026 22:41:11 RAM 3020/7620MB (lfb 29x4MB) SWAP 2/12002MB (cached 0MB) CPU [1%@1510,0%@1510,0%@1510,0%@1510,0%@1510,0%@1510] GR3D_FREQ 0% cpu@47C soc2@46.375C soc0@44.656C gpu@46.593C tj@47C soc1@44.593C VDD_IN 4080mW/4092mW VDD_CPU_GPU_CV 956mW/963mW VDD_SOC 1397mW/1397mW
08-09-2026 22:41:12 RAM 3020/7620MB (lfb 29x4MB) SWAP 2/12002MB (cached 0MB) CPU [0%@1510,0%@1510,0%@1510,0%@1510,0%@1510,0%@1510] GR3D_FREQ 0% cpu@47C soc2@46.312C soc0@44.687C gpu@46.281C tj@47C soc1@44.562C VDD_IN 4120mW/4092mW VDD_CPU_GPU_CV 956mW/963mW VDD_SOC 1397mW/1397mW
08-09-2026 22:41:13 RAM 3020/7620MB (lfb 29x4MB) SWAP 2/12002MB (cached 0MB) CPU [0%@1510,0%@1510,0%@1510,0%@1510,0%@1510,0%@1510] GR3D_FREQ 0% cpu@47.281C soc2@46.312C soc0@44.562C gpu@46.312C tj@47.281C soc1@44.593C VDD_IN 4080mW/4092mW VDD_CPU_GPU_CV 958mW/963mW VDD_SOC 1397mW/1397mW
08-09-2026 22:41:14 RAM 3020/7620MB (lfb 29x4MB) SWAP 2/12002MB (cached 0MB) CPU [1%@1510,0%@1510,0%@1510,0%@1510,2%@1510,0%@1510] GR3D_FREQ 0% cpu@46.906C soc2@46.312C soc0@44.625C gpu@46.593C tj@47.093C soc1@44.687C VDD_IN 4080mW/4092mW VDD_CPU_GPU_CV 958mW/963mW VDD_SOC 1397mW/1397mW
08-09-2026 22:41:15 RAM 3020/7620MB (lfb 29x4MB) SWAP 2/12002MB (cached 0MB) CPU [0%@1510,0%@1510,0%@1510,0%@1510,0%@1510,0%@1510] GR3D_FREQ 0% cpu@47C soc2@46.25C soc0@44.718C gpu@46.625C tj@47C soc1@44.468C VDD_IN 4080mW/4092mW VDD_CPU_GPU_CV 958mW/963mW VDD_SOC 1397mW/1397mW
08-09-2026 22:41:16 RAM 3020/7620MB (lfb 29x4MB) SWAP 2/12002MB (cached 0MB) CPU [1%@1510,1%@1510,0%@1510,1%@1510,0%@1510,0%@1510] GR3D_FREQ 0% cpu@47.125C soc2@46.375C soc0@44.593C gpu@46.343C tj@47.125C soc1@44.5C VDD_IN 4080mW/4092mW VDD_CPU_GPU_CV 958mW/963mW VDD_SOC 1397mW/1397mW
08-09-2026 22:41:17 RAM 3020/7620MB (lfb 29x4MB) SWAP 2/12002MB (cached 0MB) CPU [0%@1510,1%@1510,0%@1510,0%@1510,2%@1510,0%@1510] GR3D_FREQ 0% cpu@46.906C soc2@46.343C soc0@44.531C gpu@46.281C tj@46.906C soc1@44.531C VDD_IN 4120mW/4092mW VDD_CPU_GPU_CV 958mW/963mW VDD_SOC 1397mW/1397mW
08-09-2026 22:41:18 RAM 3020/7620MB (lfb 29x4MB) SWAP 2/12002MB (cached 0MB) CPU [0%@1510,2%@1510,0%@1510,0%@1510,0%@1510,0%@1510] GR3D_FREQ 0% cpu@46.968C soc2@46.406C soc0@44.75C gpu@46.625C tj@46.968C soc1@44.781C VDD_IN 4080mW/4092mW VDD_CPU_GPU_CV 958mW/963mW VDD_SOC 1397mW/1397mW
08-09-2026 22:41:19 RAM 3020/7620MB (lfb 29x4MB) SWAP 2/12002MB (cached 0MB) CPU [1%@1510,0%@1510,0%@1510,0%@1510,0%@1510,0%@1510] GR3D_FREQ 0% cpu@47.031C soc2@46.343C soc0@44.75C gpu@46.718C tj@47.031C soc1@44.531C VDD_IN 4080mW/4092mW VDD_CPU_GPU_CV 956mW/963mW VDD_SOC 1397mW/1397mW
08-09-2026 22:41:20 RAM 3020/7620MB (lfb 29x4MB) SWAP 2/12002MB (cached 0MB) CPU [0%@1510,0%@1510,0%@1510,0%@1510,0%@1510,0%@1510] GR3D_FREQ 0% cpu@46.875C soc2@46.312C soc0@44.593C gpu@46.687C tj@46.875C soc1@44.593C VDD_IN 4080mW/4092mW VDD_CPU_GPU_CV 958mW/963mW VDD_SOC 1397mW/1397mW
08-09-2026 22:41:21 RAM 3020/7620MB (lfb 29x4MB) SWAP 2/12002MB (cached 0MB) CPU [1%@1510,1%@1510,0%@1510,0%@1510,0%@1510,0%@1510] GR3D_FREQ 0% cpu@46.906C soc2@46.375C soc0@44.562C gpu@46.375C tj@46.906C soc1@44.656C VDD_IN 4080mW/4092mW VDD_CPU_GPU_CV 956mW/963mW VDD_SOC 1397mW/1397mW
08-09-2026 22:41:22 RAM 3020/7620MB (lfb 29x4MB) SWAP 2/12002MB (cached 0MB) CPU [1%@1510,0%@1510,0%@1510,0%@1510,0%@1510,0%@1510] GR3D_FREQ 0% cpu@47.031C soc2@46.406C soc0@44.625C gpu@46.343C tj@47.031C soc1@44.687C VDD_IN 4120mW/4092mW VDD_CPU_GPU_CV 956mW/963mW VDD_SOC 1397mW/1397mW
08-09-2026 22:41:23 RAM 3020/7620MB (lfb 29x4MB) SWAP 2/12002MB (cached 0MB) CPU [0%@1510,0%@1510,0%@1510,0%@1510,1%@1510,0%@1510] GR3D_FREQ 0% cpu@47.187C soc2@46.343C soc0@44.781C gpu@46.375C tj@47.187C soc1@44.5C VDD_IN 4080mW/4092mW VDD_CPU_GPU_CV 958mW/963mW VDD_SOC 1397mW/1397mW
08-09-2026 22:41:24 RAM 3020/7620MB (lfb 29x4MB) SWAP 2/12002MB (cached 0MB) CPU [1%@1510,0%@1510,0%@1510,0%@1510,0%@1510,0%@1510] GR3D_FREQ 0% cpu@46.968C soc2@46.281C soc0@44.562C gpu@46.375C tj@46.968C soc1@44.625C VDD_IN 4080mW/4092mW VDD_CPU_GPU_CV 958mW/963mW VDD_SOC 1397mW/1397mW
08-09-2026 22:41:25 RAM 3020/7620MB (lfb 29x4MB) SWAP 2/12002MB (cached 0MB) CPU [0%@1510,0%@1510,0%@1510,0%@1510,0%@1510,1%@1510] GR3D_FREQ 0% cpu@46.843C soc2@46.343C soc0@44.625C gpu@46.375C tj@47.093C soc1@44.718C VDD_IN 4073mW/4092mW VDD_CPU_GPU_CV 998mW/963mW VDD_SOC 1397mW/1397mW
08-09-2026 22:41:26 RAM 3020/7620MB (lfb 29x4MB) SWAP 2/12002MB (cached 0MB) CPU [3%@1510,1%@1510,0%@1510,0%@1510,1%@1510,0%@1510] GR3D_FREQ 0% cpu@46.937C soc2@46.406C soc0@44.593C gpu@46.218C tj@46.937C soc1@44.718C VDD_IN 4080mW/4092mW VDD_CPU_GPU_CV 998mW/963mW VDD_SOC 1397mW/1397mW
08-09-2026 22:41:27 RAM 3020/7620MB (lfb 29x4MB) SWAP 2/12002MB (cached 0MB) CPU [1%@1510,0%@1510,0%@1510,0%@1510,1%@1510,0%@1510] GR3D_FREQ 0% cpu@47.093C soc2@46.281C soc0@44.656C gpu@46.25C tj@47.093C soc1@44.531C VDD_IN 4113mW/4092mW VDD_CPU_GPU_CV 996mW/963mW VDD_SOC 1397mW/1397mW
08-09-2026 22:41:28 RAM 3020/7620MB (lfb 29x4MB) SWAP 2/12002MB (cached 0MB) CPU [0%@1510,0%@1510,0%@1510,0%@1510,1%@1510,0%@1510] GR3D_FREQ 0% cpu@47.218C soc2@46.281C soc0@44.531C gpu@46.343C tj@47.218C soc1@44.531C VDD_IN 4080mW/4092mW VDD_CPU_GPU_CV 958mW/963mW VDD_SOC 1357mW/1396mW
08-09-2026 22:41:29 RAM 3020/7620MB (lfb 29x4MB) SWAP 2/12002MB (cached 0MB) CPU [1%@1510,0%@1510,0%@1510,0%@1510,0%@1510,0%@1510] GR3D_FREQ 0% cpu@46.906C soc2@46.281C soc0@44.593C gpu@46.375C tj@46.906C soc1@44.625C VDD_IN 4080mW/4092mW VDD_CPU_GPU_CV 958mW/963mW VDD_SOC 1397mW/1396mW
08-09-2026 22:41:30 RAM 3020/7620MB (lfb 29x4MB) SWAP 2/12002MB (cached 0MB) CPU [0%@1510,0%@1510,0%@1510,0%@1510,0%@1510,0%@1510] GR3D_FREQ 0% cpu@47C soc2@46.375C soc0@44.562C gpu@46.468C tj@47C soc1@44.656C VDD_IN 4073mW/4092mW VDD_CPU_GPU_CV 956mW/963mW VDD_SOC 1397mW/1396mW
08-09-2026 22:41:31 RAM 3020/7620MB (lfb 29x4MB) SWAP 2/12002MB (cached 0MB) CPU [1%@1510,0%@1510,0%@1510,0%@1510,0%@1510,0%@1510] GR3D_FREQ 0% cpu@47.093C soc2@46.343C soc0@44.687C gpu@46.437C tj@47.093C soc1@44.75C VDD_IN 4080mW/4092mW VDD_CPU_GPU_CV 958mW/963mW VDD_SOC 1397mW/1396mW
08-09-2026 22:41:32 RAM 3020/7620MB (lfb 29x4MB) SWAP 2/12002MB (cached 0MB) CPU [0%@1510,0%@1510,0%@1510,0%@1510,0%@1510,0%@1510] GR3D_FREQ 0% cpu@47C soc2@46.312C soc0@44.718C gpu@46.531C tj@47C soc1@44.531C VDD_IN 4113mW/4092mW VDD_CPU_GPU_CV 998mW/964mW VDD_SOC 1397mW/1396mW
08-09-2026 22:41:33 RAM 3020/7620MB (lfb 29x4MB) SWAP 2/12002MB (cached 0MB) CPU [0%@1510,0%@1510,0%@1510,0%@1510,0%@1510,0%@1510] GR3D_FREQ 0% cpu@47.187C soc2@46.375C soc0@44.531C gpu@46.531C tj@47.187C soc1@44.562C VDD_IN 4120mW/4092mW VDD_CPU_GPU_CV 998mW/964mW VDD_SOC 1397mW/1396mW
08-09-2026 22:41:34 RAM 3020/7620MB (lfb 29x4MB) SWAP 2/12002MB (cached 0MB) CPU [0%@1510,1%@1510,0%@1510,0%@1510,0%@1510,0%@1510] GR3D_FREQ 0% cpu@47.031C soc2@46.375C soc0@44.562C gpu@46.468C tj@47.031C soc1@44.562C VDD_IN 4073mW/4092mW VDD_CPU_GPU_CV 956mW/964mW VDD_SOC 1397mW/1396mW
08-09-2026 22:41:35 RAM 3020/7620MB (lfb 29x4MB) SWAP 2/12002MB (cached 0MB) CPU [0%@1510,1%@1510,0%@1510,0%@1510,0%@1510,0%@1510] GR3D_FREQ 0% cpu@47.062C soc2@46.312C soc0@44.687C gpu@46.562C tj@47.062C soc1@44.625C VDD_IN 4080mW/4092mW VDD_CPU_GPU_CV 998mW/964mW VDD_SOC 1397mW/1396mW
08-09-2026 22:41:36 RAM 3020/7620MB (lfb 29x4MB) SWAP 2/12002MB (cached 0MB) CPU [2%@1510,0%@1510,0%@1510,0%@1510,1%@1510,0%@1510] GR3D_FREQ 0% cpu@47.031C soc2@46.375C soc0@44.625C gpu@46.562C tj@47.031C soc1@44.75C VDD_IN 4120mW/4092mW VDD_CPU_GPU_CV 998mW/964mW VDD_SOC 1397mW/1396mW
08-09-2026 22:41:37 RAM 3020/7620MB (lfb 29x4MB) SWAP 2/12002MB (cached 0MB) CPU [0%@1510,1%@1510,0%@1510,0%@1510,0%@1510,0%@1510] GR3D_FREQ 0% cpu@47.093C soc2@46.375C soc0@44.687C gpu@46.562C tj@47.093C soc1@44.781C VDD_IN 4120mW/4092mW VDD_CPU_GPU_CV 998mW/964mW VDD_SOC 1397mW/1396mW
08-09-2026 22:41:38 RAM 3020/7620MB (lfb 29x4MB) SWAP 2/12002MB (cached 0MB) CPU [0%@1510,0%@1510,0%@1510,1%@1510,1%@1510,0%@1510] GR3D_FREQ 0% cpu@47.218C soc2@46.281C soc0@44.781C gpu@46.593C tj@47.218C soc1@44.468C VDD_IN 4120mW/4092mW VDD_CPU_GPU_CV 998mW/964mW VDD_SOC 1397mW/1396mW
08-09-2026 22:41:39 RAM 3020/7620MB (lfb 29x4MB) SWAP 2/12002MB (cached 0MB) CPU [0%@1510,1%@1510,0%@1510,0%@1510,0%@1510,0%@1510] GR3D_FREQ 0% cpu@47.156C soc2@46.25C soc0@44.781C gpu@46.625C tj@47.156C soc1@44.625C VDD_IN 4120mW/4092mW VDD_CPU_GPU_CV 998mW/964mW VDD_SOC 1397mW/1396mW
08-09-2026 22:41:40 RAM 3020/7620MB (lfb 29x4MB) SWAP 2/12002MB (cached 0MB) CPU [1%@1510,0%@1510,0%@1510,0%@1510,0%@1510,0%@1510] GR3D_FREQ 0% cpu@47.312C soc2@46.343C soc0@44.593C gpu@46.593C tj@47.312C soc1@44.562C VDD_IN 4080mW/4092mW VDD_CPU_GPU_CV 958mW/964mW VDD_SOC 1397mW/1396mW
08-09-2026 22:41:41 RAM 3020/7620MB (lfb 29x4MB) SWAP 2/12002MB (cached 0MB) CPU [1%@1510,2%@1510,0%@1510,0%@1510,0%@1510,0%@1510] GR3D_FREQ 0% cpu@46.875C soc2@46.343C soc0@44.593C gpu@46.375C tj@46.875C soc1@44.531C VDD_IN 4080mW/4092mW VDD_CPU_GPU_CV 958mW/964mW VDD_SOC 1397mW/1396mW
08-09-2026 22:41:42 RAM 3020/7620MB (lfb 29x4MB) SWAP 2/12002MB (cached 0MB) CPU [0%@1510,1%@1510,0%@1510,0%@1510,0%@1510,0%@1510] GR3D_FREQ 0% cpu@47.031C soc2@46.375C soc0@44.593C gpu@46.375C tj@47.031C soc1@44.718C VDD_IN 4120mW/4092mW VDD_CPU_GPU_CV 958mW/964mW VDD_SOC 1397mW/1396mW
08-09-2026 22:41:43 RAM 3020/7620MB (lfb 29x4MB) SWAP 2/12002MB (cached 0MB) CPU [1%@1510,0%@1510,0%@1510,0%@1510,0%@1510,1%@1510] GR3D_FREQ 0% cpu@46.937C soc2@46.437C soc0@44.687C gpu@46.375C tj@46.937C soc1@44.531C VDD_IN 4080mW/4092mW VDD_CPU_GPU_CV 958mW/964mW VDD_SOC 1397mW/1396mW
08-09-2026 22:41:44 RAM 3020/7620MB (lfb 29x4MB) SWAP 2/12002MB (cached 0MB) CPU [0%@1510,1%@1510,0%@1510,0%@1510,0%@1510,0%@1510] GR3D_FREQ 0% cpu@47.093C soc2@46.281C soc0@44.718C gpu@46.375C tj@47.093C soc1@44.531C VDD_IN 4080mW/4092mW VDD_CPU_GPU_CV 958mW/964mW VDD_SOC 1397mW/1396mW
08-09-2026 22:41:45 RAM 3020/7620MB (lfb 29x4MB) SWAP 2/12002MB (cached 0MB) CPU [1%@1510,1%@1510,1%@1510,0%@1510,0%@1510,0%@1510] GR3D_FREQ 0% cpu@47.343C soc2@46.343C soc0@44.781C gpu@46.375C tj@47.343C soc1@44.562C VDD_IN 4073mW/4092mW VDD_CPU_GPU_CV 956mW/964mW VDD_SOC 1397mW/1396mW
08-09-2026 22:41:46 RAM 3020/7620MB (lfb 29x4MB) SWAP 2/12002MB (cached 0MB) CPU [0%@1510,0%@1510,0%@1510,0%@1510,0%@1510,0%@1510] GR3D_FREQ 0% cpu@47.125C soc2@46.375C soc0@44.625C gpu@46.406C tj@47.125C soc1@44.625C VDD_IN 4080mW/4092mW VDD_CPU_GPU_CV 956mW/964mW VDD_SOC 1397mW/1396mW
