08-10-2026 00:11:42 RAM 3075/7620MB (lfb 31x4MB) SWAP 2/12002MB (cached 0MB) CPU [1%@1510,3%@1510,2%@1510,0%@1510,0%@1510,0%@1510] GR3D_FREQ 0% cpu@47.343C soc2@46.531C soc0@44.718C gpu@46.375C tj@47.343C soc1@44.687C VDD_IN 4153mW/4153mW VDD_CPU_GPU_CV 996mW/996mW VDD_SOC 1397mW/1397mW
08-10-2026 00:11:43 RAM 3075/7620MB (lfb 31x4MB) SWAP 2/12002MB (cached 0MB) CPU [1%@1510,0%@1510,1%@1510,3%@1510,0%@1510,0%@1510] GR3D_FREQ 0% cpu@47.187C soc2@46.437C soc0@44.843C gpu@46.5C tj@47.187C soc1@44.656C VDD_IN 4153mW/4153mW VDD_CPU_GPU_CV 996mW/996mW VDD_SOC 1397mW/1397mW
08-10-2026 00:11:44 RAM 3075/7620MB (lfb 31x4MB) SWAP 2/12002MB (cached 0MB) CPU [0%@1510,1%@1510,0%@1510,0%@1510,0%@1510,1%@1510] GR3D_FREQ 0% cpu@47.375C soc2@46.406C soc0@44.718C gpu@46.375C tj@47.375C soc1@44.812C VDD_IN 4113mW/4139mW VDD_CPU_GPU_CV 996mW/996mW VDD_SOC 1397mW/1397mW
08-10-2026 00:11:45 RAM 3075/7620MB (lfb 31x4MB) SWAP 2/12002MB (cached 0MB) CPU [1%@1510,1%@1510,1%@1510,0%@1510,0%@1510,0%@1510] GR3D_FREQ 0% cpu@47.125C soc2@46.375C soc0@44.812C gpu@46.406C tj@47.125C soc1@44.781C VDD_IN 4073mW/4123mW VDD_CPU_GPU_CV 996mW/996mW VDD_SOC 1397mW/1397mW
08-10-2026 00:11:46 RAM 3075/7620MB (lfb 31x4MB) SWAP 2/12002MB (cached 0MB) CPU [1%@1510,0%@1510,0%@1510,0%@1510,1%@1510,0%@1510] GR3D_FREQ 0% cpu@47C soc2@46.468C soc0@44.687C gpu@46.375C tj@47.093C soc1@44.843C VDD_IN 4073mW/4113mW VDD_CPU_GPU_CV 956mW/988mW VDD_SOC 1397mW/1397mW
08-10-2026 00:11:47 RAM 3075/7620MB (lfb 31x4MB) SWAP 2/12002MB (cached 0MB) CPU [0%@1510,1%@1510,0%@1510,0%@1510,0%@1510,0%@1510] GR3D_FREQ 0% cpu@47.093C soc2@46.375C soc0@44.781C gpu@46.375C tj@47.093C soc1@44.781C VDD_IN 4073mW/4106mW VDD_CPU_GPU_CV 956mW/982mW VDD_SOC 1397mW/1397mW
08-10-2026 00:11:48 RAM 3075/7620MB (lfb 31x4MB) SWAP 2/12002MB (cached 0MB) CPU [1%@1510,2%@1510,0%@1510,0%@1510,0%@1510,1%@1510] GR3D_FREQ 0% cpu@47.125C soc2@46.531C soc0@44.812C gpu@46.406C tj@47.125C soc1@44.875C VDD_IN 4113mW/4107mW VDD_CPU_GPU_CV 956mW/978mW VDD_SOC 1397mW/1397mW
08-10-2026 00:11:49 RAM 3075/7620MB (lfb 31x4MB) SWAP 2/12002MB (cached 0MB) CPU [1%@1510,0%@1510,0%@1510,0%@1510,0%@1510,0%@1510] GR3D_FREQ 0% cpu@47.375C soc2@46.468C soc0@44.843C gpu@46.468C tj@47.375C soc1@44.656C VDD_IN 4073mW/4103mW VDD_CPU_GPU_CV 956mW/976mW VDD_SOC 1397mW/1397mW
08-10-2026 00:11:50 RAM 3075/7620MB (lfb 31x4MB) SWAP 2/12002MB (cached 0MB) CPU [0%@1510,0%@1510,0%@1510,0%@1510,1%@1510,0%@1510] GR3D_FREQ 0% cpu@47.218C soc2@46.406C soc0@44.75C gpu@46.437C tj@47.218C soc1@44.687C VDD_IN 4113mW/4104mW VDD_CPU_GPU_CV 956mW/973mW VDD_SOC 1397mW/1397mW
08-10-2026 00:11:51 RAM 3075/7620MB (lfb 31x4MB) SWAP 2/12002MB (cached 0MB) CPU [1%@1510,1%@1510,0%@1510,0%@1510,1%@1510,0%@1510] GR3D_FREQ 0% cpu@47C soc2@46.437C soc0@44.687C gpu@46.406C tj@46.937C soc1@44.718C VDD_IN 4073mW/4101mW VDD_CPU_GPU_CV 996mW/976mW VDD_SOC 1397mW/1397mW
08-10-2026 00:11:52 RAM 3075/7620MB (lfb 31x4MB) SWAP 2/12002MB (cached 0MB) CPU [1%@1510,1%@1510,0%@1510,0%@1510,0%@1510,0%@1510] GR3D_FREQ 0% cpu@47.031C soc2@46.437C soc0@44.812C gpu@46.5C tj@47.031C soc1@44.656C VDD_IN 4073mW/4098mW VDD_CPU_GPU_CV 996mW/977mW VDD_SOC 1397mW/1397mW
08-10-2026 00:11:53 RAM 3075/7620MB (lfb 31x4MB) SWAP 2/12002MB (cached 0MB) CPU [1%@1510,1%@1510,0%@1510,0%@1510,0%@1510,0%@1510] GR3D_FREQ 0% cpu@47.093C soc2@46.437C soc0@44.75C gpu@46.5C tj@47.093C soc1@44.75C VDD_IN 4113mW/4099mW VDD_CPU_GPU_CV 996mW/979mW VDD_SOC 1397mW/1397mW
08-10-2026 00:11:54 RAM 3075/7620MB (lfb 31x4MB) SWAP 2/12002MB (cached 0MB) CPU [1%@1510,0%@1510,0%@1510,0%@1510,1%@1510,0%@1510] GR3D_FREQ 0% cpu@47.093C soc2@46.468C soc0@44.812C gpu@46.437C tj@47.093C soc1@44.812C VDD_IN 4073mW/4097mW VDD_CPU_GPU_CV 996mW/980mW VDD_SOC 1397mW/1397mW
08-10-2026 00:11:55 RAM 3075/7620MB (lfb 31x4MB) SWAP 2/12002MB (cached 0MB) CPU [1%@1510,1%@1510,0%@1510,0%@1510,0%@1510,0%@1510] GR3D_FREQ 0% cpu@47.218C soc2@46.375C soc0@44.781C gpu@46.5C tj@47.218C soc1@44.656C VDD_IN 4073mW/4095mW VDD_CPU_GPU_CV 996mW/981mW VDD_SOC 1397mW/1397mW
08-10-2026 00:11:56 RAM 3076/7620MB (lfb 31x4MB) SWAP 2/12002MB (cached 0MB) CPU [3%@1510,1%@1510,1%@1510,0%@1510,15%@1510,1%@1510] GR3D_FREQ 0% cpu@47.031C soc2@46.437C soc0@44.875C gpu@46.437C tj@47.031C soc1@44.75C VDD_IN 4193mW/4102mW VDD_CPU_GPU_CV 1036mW/985mW VDD_SOC 1397mW/1397mW
08-10-2026 00:11:57 RAM 3076/7620MB (lfb 31x4MB) SWAP 2/12002MB (cached 0MB) CPU [1%@1510,0%@1510,0%@1510,0%@1510,1%@1510,0%@1510] GR3D_FREQ 0% cpu@47.187C soc2@46.406C soc0@44.656C gpu@46.5C tj@47.187C soc1@44.75C VDD_IN 4113mW/4103mW VDD_CPU_GPU_CV 996mW/986mW VDD_SOC 1397mW/1397mW
08-10-2026 00:11:58 RAM 3076/7620MB (lfb 31x4MB) SWAP 2/12002MB (cached 0MB) CPU [0%@1510,1%@1510,0%@1510,0%@1510,0%@1510,0%@1510] GR3D_FREQ 0% cpu@47C soc2@46.5C soc0@44.687C gpu@46.468C tj@47C soc1@44.75C VDD_IN 4113mW/4103mW VDD_CPU_GPU_CV 996mW/986mW VDD_SOC 1397mW/1397mW
08-10-2026 00:11:59 RAM 3076/7620MB (lfb 31x4MB) SWAP 2/12002MB (cached 0MB) CPU [1%@1510,1%@1510,0%@1510,0%@1510,0%@1510,0%@1510] GR3D_FREQ 0% cpu@47.031C soc2@46.437C soc0@44.781C gpu@46.5C tj@47.031C soc1@44.812C VDD_IN 4073mW/4101mW VDD_CPU_GPU_CV 956mW/984mW VDD_SOC 1397mW/1397mW
08-10-2026 00:12:00 RAM 3076/7620MB (lfb 31x4MB) SWAP 2/12002MB (cached 0MB) CPU [1%@1510,1%@1510,0%@1510,0%@1510,0%@1510,0%@1510] GR3D_FREQ 0% cpu@47.187C soc2@46.406C soc0@44.781C gpu@46.531C tj@47.187C soc1@44.687C VDD_IN 4113mW/4102mW VDD_CPU_GPU_CV 996mW/985mW VDD_SOC 1397mW/1397mW
08-10-2026 00:12:01 RAM 3077/7620MB (lfb 31x4MB) SWAP 2/12002MB (cached 0MB) CPU [0%@1510,1%@1510,1%@1510,1%@1510,15%@1510,2%@1510] GR3D_FREQ 0% cpu@47.093C soc2@46.375C soc0@44.781C gpu@46.562C tj@47C soc1@44.656C VDD_IN 4193mW/4107mW VDD_CPU_GPU_CV 1036mW/988mW VDD_SOC 1397mW/1397mW
08-10-2026 00:12:02 RAM 3077/7620MB (lfb 31x4MB) SWAP 2/12002MB (cached 0MB) CPU [1%@1510,1%@1510,0%@1510,0%@1510,1%@1510,0%@1510] GR3D_FREQ 0% cpu@47.25C soc2@46.375C soc0@44.656C gpu@46.343C tj@47.25C soc1@44.75C VDD_IN 4113mW/4107mW VDD_CPU_GPU_CV 996mW/988mW VDD_SOC 1397mW/1397mW
08-10-2026 00:12:03 RAM 3077/7620MB (lfb 31x4MB) SWAP 2/12002MB (cached 0MB) CPU [1%@1510,0%@1510,0%@1510,0%@1510,0%@1510,0%@1510] GR3D_FREQ 0% cpu@47.031C soc2@46.437C soc0@44.687C gpu@46.312C tj@47.031C soc1@44.687C VDD_IN 4113mW/4107mW VDD_CPU_GPU_CV 996mW/988mW VDD_SOC 1397mW/1397mW
08-10-2026 00:12:04 RAM 3077/7620MB (lfb 31x4MB) SWAP 2/12002MB (cached 0MB) CPU [0%@1510,1%@1510,0%@1510,0%@1510,0%@1510,0%@1510] GR3D_FREQ 0% cpu@46.968C soc2@46.343C soc0@44.718C gpu@46.343C tj@46.968C soc1@44.656C VDD_IN 4073mW/4106mW VDD_CPU_GPU_CV 956mW/987mW VDD_SOC 1397mW/1397mW
08-10-2026 00:12:05 RAM 3077/7620MB (lfb 31x4MB) SWAP 2/12002MB (cached 0MB) CPU [2%@1510,0%@1510,0%@1510,0%@1510,0%@1510,0%@1510] GR3D_FREQ 0% cpu@47.031C soc2@46.406C soc0@44.75C gpu@46.343C tj@47.031C soc1@44.812C VDD_IN 4113mW/4106mW VDD_CPU_GPU_CV 996mW/987mW VDD_SOC 1397mW/1397mW
08-10-2026 00:12:06 RAM 3077/7620MB (lfb 31x4MB) SWAP 2/12002MB (cached 0MB) CPU [1%@1510,0%@1510,0%@1510,0%@1510,0%@1510,1%@1510] GR3D_FREQ 0% cpu@47.093C soc2@46.375C soc0@44.75C gpu@46.375C tj@47.093C soc1@44.625C VDD_IN 4073mW/4105mW VDD_CPU_GPU_CV 996mW/988mW VDD_SOC 1397mW/1397mW
08-10-2026 00:12:07 RAM 3077/7620MB (lfb 31x4MB) SWAP 2/12002MB (cached 0MB) CPU [0%@1510,1%@1510,0%@1510,0%@1510,0%@1510,0%@1510] GR3D_FREQ 0% cpu@47.281C soc2@46.312C soc0@44.781C gpu@46.437C tj@47.281C soc1@44.593C VDD_IN 4073mW/4103mW VDD_CPU_GPU_CV 956mW/986mW VDD_SOC 1397mW/1397mW
08-10-2026 00:12:08 RAM 3077/7620MB (lfb 31x4MB) SWAP 2/12002MB (cached 0MB) CPU [0%@1510,0%@1510,0%@1510,0%@1510,0%@1510,0%@1510] GR3D_FREQ 0% cpu@47.093C soc2@46.312C soc0@44.75C gpu@46.437C tj@47.093C soc1@44.718C VDD_IN 4113mW/4104mW VDD_CPU_GPU_CV 996mW/987mW VDD_SOC 1397mW/1397mW
08-10-2026 00:12:09 RAM 3077/7620MB (lfb 31x4MB) SWAP 2/12002MB (cached 0MB) CPU [1%@1510,1%@1510,0%@1510,0%@1510,1%@1510,0%@1510] GR3D_FREQ 0% cpu@47.343C soc2@46.406C soc0@44.656C gpu@46.375C tj@47.343C soc1@44.687C VDD_IN 4073mW/4103mW VDD_CPU_GPU_CV 956mW/986mW VDD_SOC 1397mW/1397mW
08-10-2026 00:12:10 RAM 3077/7620MB (lfb 31x4MB) SWAP 2/12002MB (cached 0MB) CPU [1%@1510,1%@1510,0%@1510,2%@1510,1%@1510,0%@1510] GR3D_FREQ 0% cpu@47C soc2@46.406C soc0@44.687C gpu@46.375C tj@47C soc1@44.781C VDD_IN 4113mW/4103mW VDD_CPU_GPU_CV 996mW/986mW VDD_SOC 1397mW/1397mW
08-10-2026 00:12:11 RAM 3087/7620MB (lfb 31x4MB) SWAP 2/12002MB (cached 0MB) CPU [8%@1510,7%@1510,7%@1510,6%@1510,7%@1510,16%@1510] GR3D_FREQ 0% cpu@47.562C soc2@46.468C soc0@44.656C gpu@46.375C tj@47.562C soc1@44.75C VDD_IN 4665mW/4122mW VDD_CPU_GPU_CV 1470mW/1002mW VDD_SOC 1393mW/1396mW
08-10-2026 00:12:12 RAM 3238/7620MB (lfb 31x4MB) SWAP 2/12002MB (cached 0MB) CPU [1%@1510,1%@1510,1%@1510,2%@1510,5%@1510,100%@1510] GR3D_FREQ 0% cpu@47.437C soc2@46.437C soc0@44.812C gpu@46.437C tj@47.437C soc1@44.687C VDD_IN 4960mW/4149mW VDD_CPU_GPU_CV 1545mW/1019mW VDD_SOC 1428mW/1397mW
08-10-2026 00:12:13 RAM 3280/7620MB (lfb 31x4MB) SWAP 2/12002MB (cached 0MB) CPU [1%@1510,18%@1510,1%@1510,1%@1510,1%@1510,100%@1510] GR3D_FREQ 0% cpu@47.812C soc2@46.437C soc0@44.875C gpu@46.562C tj@47.812C soc1@44.656C VDD_IN 5229mW/4182mW VDD_CPU_GPU_CV 1700mW/1041mW VDD_SOC 1465mW/1399mW
08-10-2026 00:12:14 RAM 3301/7620MB (lfb 31x4MB) SWAP 2/12002MB (cached 0MB) CPU [2%@1510,25%@1510,1%@1510,15%@1510,1%@1510,31%@1510] GR3D_FREQ 0% cpu@47.437C soc2@46.468C soc0@44.75C gpu@46.468C tj@47.437C soc1@44.718C VDD_IN 4425mW/4190mW VDD_CPU_GPU_CV 1194mW/1045mW VDD_SOC 1395mW/1399mW
08-10-2026 00:12:15 RAM 3314/7620MB (lfb 31x4MB) SWAP 2/12002MB (cached 0MB) CPU [8%@1510,8%@1510,7%@1510,6%@1510,7%@1510,18%@1510] GR3D_FREQ 0% cpu@47.437C soc2@46.468C soc0@44.718C gpu@46.5C tj@47.437C soc1@44.718C VDD_IN 4697mW/4205mW VDD_CPU_GPU_CV 1470mW/1058mW VDD_SOC 1393mW/1399mW
08-10-2026 00:12:16 RAM 3385/7620MB (lfb 31x4MB) SWAP 2/12002MB (cached 0MB) CPU [1%@1510,1%@1510,1%@1510,1%@1510,1%@1510,88%@1510] GR3D_FREQ 0% cpu@47.281C soc2@46.531C soc0@44.75C gpu@46.562C tj@47.281C soc1@44.843C VDD_IN 4848mW/4223mW VDD_CPU_GPU_CV 1428mW/1068mW VDD_SOC 1430mW/1400mW
08-10-2026 00:12:17 RAM 3926/7620MB (lfb 5x1MB) SWAP 2/12002MB (cached 0MB) CPU [8%@1510,8%@1510,18%@1510,10%@1510,21%@1510,63%@1510] GR3D_FREQ 0% cpu@47.468C soc2@46.625C soc0@44.812C gpu@46.937C tj@47.562C soc1@44.781C VDD_IN 5467mW/4258mW VDD_CPU_GPU_CV 1661mW/1085mW VDD_SOC 1545mW/1404mW
08-10-2026 00:12:18 RAM 3928/7620MB (lfb 5x1MB) SWAP 2/12002MB (cached 0MB) CPU [3%@1510,3%@1510,1%@1510,1%@1510,2%@1510,7%@1510] GR3D_FREQ 0% cpu@47.312C soc2@46.531C soc0@44.937C gpu@46.468C tj@47.312C soc1@44.843C VDD_IN 4505mW/4264mW VDD_CPU_GPU_CV 1114mW/1086mW VDD_SOC 1435mW/1405mW
08-10-2026 00:12:19 RAM 3933/7620MB (lfb 5x1MB) SWAP 2/12002MB (cached 0MB) CPU [2%@1510,2%@1510,0%@1510,1%@1510,1%@1510,3%@1510] GR3D_FREQ 0% cpu@47.437C soc2@46.562C soc0@44.875C gpu@46.406C tj@47.437C soc1@44.781C VDD_IN 4193mW/4262mW VDD_CPU_GPU_CV 1036mW/1084mW VDD_SOC 1397mW/1405mW
08-10-2026 00:12:20 RAM 3933/7620MB (lfb 5x1MB) SWAP 2/12002MB (cached 0MB) CPU [3%@1510,3%@1510,1%@1510,0%@1510,2%@1510,4%@1510] GR3D_FREQ 0% cpu@47.125C soc2@46.437C soc0@44.812C gpu@46.406C tj@47.125C soc1@44.718C VDD_IN 4193mW/4261mW VDD_CPU_GPU_CV 1036mW/1083mW VDD_SOC 1397mW/1404mW
08-10-2026 00:12:21 RAM 3933/7620MB (lfb 5x1MB) SWAP 2/12002MB (cached 0MB) CPU [5%@1510,3%@1510,0%@1510,1%@1510,1%@1510,3%@1510] GR3D_FREQ 0% cpu@47.218C soc2@46.5C soc0@44.875C gpu@46.375C tj@47.218C soc1@44.843C VDD_IN 4153mW/4258mW VDD_CPU_GPU_CV 1036mW/1082mW VDD_SOC 1397mW/1404mW
08-10-2026 00:12:22 RAM 3934/7620MB (lfb 5x1MB) SWAP 2/12002MB (cached 0MB) CPU [4%@1510,3%@1510,2%@1510,1%@1510,4%@1510,4%@1510] GR3D_FREQ 0% cpu@47.187C soc2@46.562C soc0@44.843C gpu@46.406C tj@47.187C soc1@44.906C VDD_IN 4273mW/4258mW VDD_CPU_GPU_CV 1076mW/1082mW VDD_SOC 1395mW/1404mW
08-10-2026 00:12:23 RAM 3935/7620MB (lfb 5x1MB) SWAP 2/12002MB (cached 0MB) CPU [3%@1510,3%@1510,1%@1510,2%@1510,2%@1510,4%@1510] GR3D_FREQ 0% cpu@47.187C soc2@46.625C soc0@44.875C gpu@46.437C tj@47.187C soc1@44.75C VDD_IN 4233mW/4258mW VDD_CPU_GPU_CV 1036mW/1081mW VDD_SOC 1397mW/1404mW
08-10-2026 00:12:24 RAM 3935/7620MB (lfb 5x1MB) SWAP 2/12002MB (cached 0MB) CPU [2%@1510,4%@1510,1%@1510,1%@1510,1%@1510,4%@1510] GR3D_FREQ 0% cpu@47.437C soc2@46.468C soc0@44.906C gpu@46.375C tj@47.437C soc1@44.687C VDD_IN 4193mW/4256mW VDD_CPU_GPU_CV 1036mW/1080mW VDD_SOC 1397mW/1404mW
08-10-2026 00:12:25 RAM 3935/7620MB (lfb 5x1MB) SWAP 2/12002MB (cached 0MB) CPU [4%@1510,2%@1510,0%@1510,1%@1510,1%@1510,3%@1510] GR3D_FREQ 0% cpu@47.125C soc2@46.531C soc0@44.843C gpu@46.406C tj@47.125C soc1@44.781C VDD_IN 4193mW/4255mW VDD_CPU_GPU_CV 1036mW/1079mW VDD_SOC 1397mW/1403mW
08-10-2026 00:12:26 RAM 3935/7620MB (lfb 5x1MB) SWAP 2/12002MB (cached 0MB) CPU [1%@1510,3%@1510,1%@1510,0%@1510,1%@1510,3%@1510] GR3D_FREQ 0% cpu@47.218C soc2@46.5C soc0@44.718C gpu@46.593C tj@47.218C soc1@44.812C VDD_IN 4193mW/4253mW VDD_CPU_GPU_CV 1036mW/1078mW VDD_SOC 1397mW/1403mW
08-10-2026 00:12:27 RAM 3936/7620MB (lfb 5x1MB) SWAP 2/12002MB (cached 0MB) CPU [3%@1510,1%@1510,6%@1510,2%@1510,3%@1510,4%@1510] GR3D_FREQ 0% cpu@47.125C soc2@46.562C soc0@44.843C gpu@46.656C tj@47.125C soc1@44.906C VDD_IN 4273mW/4254mW VDD_CPU_GPU_CV 1076mW/1078mW VDD_SOC 1395mW/1403mW
08-10-2026 00:12:28 RAM 3936/7620MB (lfb 5x1MB) SWAP 2/12002MB (cached 0MB) CPU [3%@1510,2%@1510,3%@1510,2%@1510,1%@1510,4%@1510] GR3D_FREQ 0% cpu@47.25C soc2@46.468C soc0@44.843C gpu@46.812C tj@47.25C soc1@44.75C VDD_IN 4233mW/4253mW VDD_CPU_GPU_CV 1076mW/1078mW VDD_SOC 1397mW/1403mW
08-10-2026 00:12:29 RAM 3936/7620MB (lfb 5x1MB) SWAP 2/12002MB (cached 0MB) CPU [1%@1510,1%@1510,2%@1510,2%@1510,2%@1510,4%@1510] GR3D_FREQ 0% cpu@47.375C soc2@46.468C soc0@44.906C gpu@46.687C tj@47.375C soc1@44.687C VDD_IN 4193mW/4252mW VDD_CPU_GPU_CV 1036mW/1077mW VDD_SOC 1397mW/1403mW
08-10-2026 00:12:30 RAM 3936/7620MB (lfb 5x1MB) SWAP 2/12002MB (cached 0MB) CPU [2%@1510,2%@1510,1%@1510,1%@1510,0%@1510,4%@1510] GR3D_FREQ 0% cpu@47.25C soc2@46.468C soc0@44.75C gpu@46.718C tj@47.125C soc1@44.718C VDD_IN 4193mW/4251mW VDD_CPU_GPU_CV 1036mW/1076mW VDD_SOC 1397mW/1403mW
08-10-2026 00:12:31 RAM 3936/7620MB (lfb 5x1MB) SWAP 2/12002MB (cached 0MB) CPU [0%@1510,1%@1510,4%@1510,2%@1510,3%@1510,4%@1510] GR3D_FREQ 0% cpu@47.093C soc2@46.562C soc0@44.812C gpu@46.718C tj@47.125C soc1@44.843C VDD_IN 4193mW/4250mW VDD_CPU_GPU_CV 1036mW/1075mW VDD_SOC 1397mW/1403mW
08-10-2026 00:12:32 RAM 3937/7620MB (lfb 5x1MB) SWAP 2/12002MB (cached 0MB) CPU [3%@1510,0%@1510,3%@1510,3%@1510,4%@1510,1%@1510] GR3D_FREQ 0% cpu@47.093C soc2@46.5C soc0@44.843C gpu@46.781C tj@47.093C soc1@44.843C VDD_IN 4273mW/4250mW VDD_CPU_GPU_CV 1076mW/1075mW VDD_SOC 1395mW/1402mW
08-10-2026 00:12:33 RAM 3937/7620MB (lfb 5x1MB) SWAP 2/12002MB (cached 0MB) CPU [1%@1510,1%@1510,3%@1510,3%@1510,5%@1510,3%@1510] GR3D_FREQ 0% cpu@47.218C soc2@46.562C soc0@44.812C gpu@46.75C tj@47.218C soc1@44.875C VDD_IN 4233mW/4250mW VDD_CPU_GPU_CV 1076mW/1075mW VDD_SOC 1397mW/1402mW
08-10-2026 00:12:34 RAM 3937/7620MB (lfb 5x1MB) SWAP 2/12002MB (cached 0MB) CPU [2%@1510,2%@1510,2%@1510,1%@1510,4%@1510,1%@1510] GR3D_FREQ 0% cpu@47.343C soc2@46.468C soc0@44.906C gpu@46.468C tj@47.343C soc1@44.656C VDD_IN 4193mW/4249mW VDD_CPU_GPU_CV 1036mW/1074mW VDD_SOC 1397mW/1402mW
08-10-2026 00:12:35 RAM 3937/7620MB (lfb 5x1MB) SWAP 2/12002MB (cached 0MB) CPU [3%@1510,1%@1510,2%@1510,1%@1510,3%@1510,0%@1510] GR3D_FREQ 0% cpu@47.187C soc2@46.437C soc0@44.75C gpu@46.406C tj@47.187C soc1@44.781C VDD_IN 4193mW/4248mW VDD_CPU_GPU_CV 1036mW/1074mW VDD_SOC 1397mW/1402mW
08-10-2026 00:12:36 RAM 3937/7620MB (lfb 5x1MB) SWAP 2/12002MB (cached 0MB) CPU [3%@1510,2%@1510,1%@1510,0%@1510,4%@1510,0%@1510] GR3D_FREQ 0% cpu@47.062C soc2@46.531C soc0@44.812C gpu@46.406C tj@47.062C soc1@44.812C VDD_IN 4193mW/4247mW VDD_CPU_GPU_CV 1036mW/1073mW VDD_SOC 1397mW/1402mW
08-10-2026 00:12:37 RAM 3937/7620MB (lfb 5x1MB) SWAP 2/12002MB (cached 0MB) CPU [4%@1510,4%@1510,2%@1510,1%@1510,5%@1510,3%@1510] GR3D_FREQ 0% cpu@47.093C soc2@46.562C soc0@44.781C gpu@46.406C tj@47.093C soc1@44.875C VDD_IN 4233mW/4246mW VDD_CPU_GPU_CV 1076mW/1073mW VDD_SOC 1397mW/1402mW
08-10-2026 00:12:38 RAM 3936/7620MB (lfb 5x1MB) SWAP 2/12002MB (cached 0MB) CPU [0%@1510,2%@1510,1%@1510,0%@1510,3%@1510,1%@1510] GR3D_FREQ 0% cpu@47.218C soc2@46.531C soc0@44.718C gpu@46.5C tj@47.218C soc1@44.906C VDD_IN 4233mW/4246mW VDD_CPU_GPU_CV 1036mW/1072mW VDD_SOC 1397mW/1402mW
08-10-2026 00:12:39 RAM 3936/7620MB (lfb 5x1MB) SWAP 2/12002MB (cached 0MB) CPU [3%@1510,2%@1510,1%@1510,0%@1510,4%@1510,2%@1510] GR3D_FREQ 0% cpu@47.375C soc2@46.5C soc0@44.812C gpu@46.468C tj@47.375C soc1@44.75C VDD_IN 4193mW/4245mW VDD_CPU_GPU_CV 1036mW/1072mW VDD_SOC 1397mW/1402mW
08-10-2026 00:12:40 RAM 3936/7620MB (lfb 5x1MB) SWAP 2/12002MB (cached 0MB) CPU [1%@1510,2%@1510,1%@1510,0%@1510,3%@1510,1%@1510] GR3D_FREQ 0% cpu@47.187C soc2@46.406C soc0@44.875C gpu@46.5C tj@47.187C soc1@44.687C VDD_IN 4193mW/4244mW VDD_CPU_GPU_CV 1036mW/1071mW VDD_SOC 1397mW/1402mW
08-10-2026 00:12:41 RAM 3936/7620MB (lfb 5x1MB) SWAP 2/12002MB (cached 0MB) CPU [3%@1510,5%@1510,1%@1510,1%@1510,4%@1510,1%@1510] GR3D_FREQ 0% cpu@47.5C soc2@46.5C soc0@44.75C gpu@46.5C tj@47.5C soc1@44.656C VDD_IN 4193mW/4243mW VDD_CPU_GPU_CV 1036mW/1070mW VDD_SOC 1397mW/1402mW
08-10-2026 00:12:42 RAM 3936/7620MB (lfb 5x1MB) SWAP 2/12002MB (cached 0MB) CPU [3%@1510,3%@1510,4%@1510,1%@1510,5%@1510,2%@1510] GR3D_FREQ 0% cpu@47.25C soc2@46.468C soc0@44.656C gpu@46.5C tj@47.125C soc1@44.781C VDD_IN 4233mW/4243mW VDD_CPU_GPU_CV 1076mW/1070mW VDD_SOC 1397mW/1401mW
08-10-2026 00:12:43 RAM 3936/7620MB (lfb 5x1MB) SWAP 2/12002MB (cached 0MB) CPU [1%@1510,4%@1510,3%@1510,0%@1510,5%@1510,1%@1510] GR3D_FREQ 0% cpu@47C soc2@46.437C soc0@44.687C gpu@46.531C tj@47.187C soc1@44.843C VDD_IN 4193mW/4242mW VDD_CPU_GPU_CV 1036mW/1070mW VDD_SOC 1397mW/1401mW
08-10-2026 00:12:44 RAM 3936/7620MB (lfb 5x1MB) SWAP 2/12002MB (cached 0MB) CPU [4%@1510,3%@1510,2%@1510,0%@1510,3%@1510,1%@1510] GR3D_FREQ 0% cpu@47.062C soc2@46.5C soc0@44.812C gpu@46.562C tj@47.062C soc1@44.843C VDD_IN 4193mW/4242mW VDD_CPU_GPU_CV 1036mW/1069mW VDD_SOC 1397mW/1401mW
08-10-2026 00:12:45 RAM 3936/7620MB (lfb 5x1MB) SWAP 2/12002MB (cached 0MB) CPU [0%@1510,1%@1510,1%@1510,1%@1510,3%@1510,1%@1510] GR3D_FREQ 0% cpu@47.125C soc2@46.531C soc0@44.812C gpu@46.593C tj@47.125C soc1@44.687C VDD_IN 4193mW/4241mW VDD_CPU_GPU_CV 1036mW/1069mW VDD_SOC 1397mW/1401mW
08-10-2026 00:12:46 RAM 3936/7620MB (lfb 5x1MB) SWAP 2/12002MB (cached 0MB) CPU [3%@1510,3%@1510,1%@1510,2%@1510,5%@1510,1%@1510] GR3D_FREQ 0% cpu@47.375C soc2@46.375C soc0@44.875C gpu@46.656C tj@47.375C soc1@44.718C VDD_IN 4193mW/4240mW VDD_CPU_GPU_CV 1036mW/1068mW VDD_SOC 1397mW/1401mW
08-10-2026 00:12:47 RAM 3936/7620MB (lfb 5x1MB) SWAP 2/12002MB (cached 0MB) CPU [1%@1510,3%@1510,1%@1510,3%@1510,5%@1510,4%@1510] GR3D_FREQ 0% cpu@47.218C soc2@46.406C soc0@44.718C gpu@46.562C tj@47.031C soc1@44.687C VDD_IN 4233mW/4240mW VDD_CPU_GPU_CV 1076mW/1068mW VDD_SOC 1397mW/1401mW
08-10-2026 00:12:48 RAM 3936/7620MB (lfb 5x1MB) SWAP 2/12002MB (cached 0MB) CPU [2%@1510,1%@1510,2%@1510,2%@1510,7%@1510,2%@1510] GR3D_FREQ 0% cpu@46.906C soc2@46.406C soc0@44.718C gpu@46.625C tj@46.906C soc1@44.781C VDD_IN 4233mW/4240mW VDD_CPU_GPU_CV 1036mW/1068mW VDD_SOC 1397mW/1401mW
08-10-2026 00:12:49 RAM 3936/7620MB (lfb 5x1MB) SWAP 2/12002MB (cached 0MB) CPU [3%@1510,0%@1510,3%@1510,2%@1510,6%@1510,1%@1510] GR3D_FREQ 0% cpu@47.062C soc2@46.437C soc0@44.75C gpu@46.593C tj@47.062C soc1@44.75C VDD_IN 4233mW/4240mW VDD_CPU_GPU_CV 1036mW/1067mW VDD_SOC 1397mW/1401mW
08-10-2026 00:12:50 RAM 3936/7620MB (lfb 5x1MB) SWAP 2/12002MB (cached 0MB) CPU [1%@1510,1%@1510,0%@1510,1%@1510,5%@1510,2%@1510] GR3D_FREQ 0% cpu@47.125C soc2@46.5C soc0@44.812C gpu@46.687C tj@47.125C soc1@44.812C VDD_IN 4193mW/4239mW VDD_CPU_GPU_CV 1036mW/1067mW VDD_SOC 1397mW/1401mW
08-10-2026 00:12:51 RAM 3936/7620MB (lfb 5x1MB) SWAP 2/12002MB (cached 0MB) CPU [3%@1510,0%@1510,1%@1510,2%@1510,2%@1510,4%@1510] GR3D_FREQ 0% cpu@47.062C soc2@46.437C soc0@44.843C gpu@46.687C tj@47.375C soc1@44.687C VDD_IN 4193mW/4238mW VDD_CPU_GPU_CV 1036mW/1067mW VDD_SOC 1397mW/1401mW
08-10-2026 00:12:52 RAM 3937/7620MB (lfb 5x1MB) SWAP 2/12002MB (cached 0MB) CPU [1%@1510,2%@1510,3%@1510,4%@1510,2%@1510,5%@1510] GR3D_FREQ 0% cpu@47.25C soc2@46.375C soc0@44.875C gpu@46.687C tj@47.25C soc1@44.718C VDD_IN 4273mW/4239mW VDD_CPU_GPU_CV 1076mW/1067mW VDD_SOC 1397mW/1401mW
08-10-2026 00:12:53 RAM 3937/7620MB (lfb 5x1MB) SWAP 2/12002MB (cached 0MB) CPU [3%@1510,2%@1510,2%@1510,2%@1510,3%@1510,5%@1510] GR3D_FREQ 0% cpu@47.093C soc2@46.406C soc0@44.687C gpu@46.718C tj@47.093C soc1@44.625C VDD_IN 4233mW/4239mW VDD_CPU_GPU_CV 1076mW/1067mW VDD_SOC 1397mW/1401mW
08-10-2026 00:12:54 RAM 3937/7620MB (lfb 5x1MB) SWAP 2/12002MB (cached 0MB) CPU [3%@1510,3%@1510,1%@1510,0%@1510,1%@1510,3%@1510] GR3D_FREQ 0% cpu@47.062C soc2@46.375C soc0@44.75C gpu@46.687C tj@47.062C soc1@44.687C VDD_IN 4193mW/4238mW VDD_CPU_GPU_CV 1036mW/1066mW VDD_SOC 1397mW/1401mW
08-10-2026 00:12:55 RAM 3937/7620MB (lfb 5x1MB) SWAP 2/12002MB (cached 0MB) CPU [3%@1510,1%@1510,2%@1510,2%@1510,1%@1510,4%@1510] GR3D_FREQ 0% cpu@47.062C soc2@46.375C soc0@44.718C gpu@46.437C tj@47.062C soc1@44.812C VDD_IN 4193mW/4238mW VDD_CPU_GPU_CV 1036mW/1066mW VDD_SOC 1397mW/1401mW
08-10-2026 00:12:56 RAM 3937/7620MB (lfb 5x1MB) SWAP 2/12002MB (cached 0MB) CPU [2%@1510,0%@1510,1%@1510,1%@1510,2%@1510,4%@1510] GR3D_FREQ 0% cpu@47.312C soc2@46.343C soc0@44.875C gpu@46.406C tj@47.312C soc1@44.593C VDD_IN 4193mW/4237mW VDD_CPU_GPU_CV 1036mW/1066mW VDD_SOC 1397mW/1401mW
08-10-2026 00:12:57 RAM 3937/7620MB (lfb 5x1MB) SWAP 2/12002MB (cached 0MB) CPU [1%@1510,2%@1510,3%@1510,3%@1510,3%@1510,5%@1510] GR3D_FREQ 0% cpu@47.093C soc2@46.468C soc0@44.718C gpu@46.375C tj@47.093C soc1@44.75C VDD_IN 4273mW/4237mW VDD_CPU_GPU_CV 1076mW/1066mW VDD_SOC 1397mW/1400mW
08-10-2026 00:12:58 RAM 3937/7620MB (lfb 5x1MB) SWAP 2/12002MB (cached 0MB) CPU [3%@1510,2%@1510,2%@1510,1%@1510,1%@1510,6%@1510] GR3D_FREQ 0% cpu@47.093C soc2@46.437C soc0@44.75C gpu@46.437C tj@47.093C soc1@44.656C VDD_IN 4193mW/4237mW VDD_CPU_GPU_CV 1036mW/1065mW VDD_SOC 1397mW/1400mW
08-10-2026 00:12:59 RAM 3937/7620MB (lfb 5x1MB) SWAP 2/12002MB (cached 0MB) CPU [0%@1510,2%@1510,2%@1510,2%@1510,1%@1510,4%@1510] GR3D_FREQ 0% cpu@47.343C soc2@46.312C soc0@44.687C gpu@46.781C tj@47.343C soc1@44.656C VDD_IN 4193mW/4236mW VDD_CPU_GPU_CV 1036mW/1065mW VDD_SOC 1397mW/1400mW
08-10-2026 00:13:00 RAM 3937/7620MB (lfb 5x1MB) SWAP 2/12002MB (cached 0MB) CPU [2%@1510,2%@1510,3%@1510,1%@1510,1%@1510,4%@1510] GR3D_FREQ 0% cpu@47.093C soc2@46.406C soc0@44.656C gpu@46.687C tj@47.093C soc1@44.75C VDD_IN 4193mW/4236mW VDD_CPU_GPU_CV 1036mW/1065mW VDD_SOC 1397mW/1400mW
08-10-2026 00:13:01 RAM 3937/7620MB (lfb 5x1MB) SWAP 2/12002MB (cached 0MB) CPU [2%@1510,2%@1510,4%@1510,0%@1510,2%@1510,1%@1510] GR3D_FREQ 0% cpu@47.031C soc2@46.406C soc0@44.75C gpu@46.5C tj@47.031C soc1@44.843C VDD_IN 4193mW/4235mW VDD_CPU_GPU_CV 1036mW/1064mW VDD_SOC 1397mW/1400mW
08-10-2026 00:13:02 RAM 3938/7620MB (lfb 5x1MB) SWAP 2/12002MB (cached 0MB) CPU [0%@1510,1%@1510,5%@1510,1%@1510,3%@1510,3%@1510] GR3D_FREQ 0% cpu@47.187C soc2@46.375C soc0@44.875C gpu@46.468C tj@47.187C soc1@44.625C VDD_IN 4233mW/4235mW VDD_CPU_GPU_CV 1036mW/1064mW VDD_SOC 1397mW/1400mW
08-10-2026 00:13:03 RAM 3940/7620MB (lfb 5x1MB) SWAP 2/12002MB (cached 0MB) CPU [2%@1510,2%@1510,4%@1510,2%@1510,2%@1510,1%@1510] GR3D_FREQ 0% cpu@47C soc2@46.375C soc0@44.875C gpu@46.468C tj@47C soc1@44.781C VDD_IN 4193mW/4235mW VDD_CPU_GPU_CV 1036mW/1063mW VDD_SOC 1397mW/1400mW
08-10-2026 00:13:04 RAM 3940/7620MB (lfb 5x1MB) SWAP 2/12002MB (cached 0MB) CPU [2%@1510,1%@1510,4%@1510,0%@1510,2%@1510,1%@1510] GR3D_FREQ 0% cpu@47.312C soc2@46.406C soc0@44.593C gpu@46.531C tj@47.281C soc1@44.656C VDD_IN 4193mW/4234mW VDD_CPU_GPU_CV 1036mW/1063mW VDD_SOC 1397mW/1400mW
08-10-2026 00:13:05 RAM 3940/7620MB (lfb 5x1MB) SWAP 2/12002MB (cached 0MB) CPU [0%@1510,3%@1510,3%@1510,1%@1510,1%@1510,2%@1510] GR3D_FREQ 0% cpu@47.062C soc2@46.437C soc0@44.687C gpu@46.531C tj@47.062C soc1@44.718C VDD_IN 4193mW/4234mW VDD_CPU_GPU_CV 1036mW/1063mW VDD_SOC 1397mW/1400mW
08-10-2026 00:13:06 RAM 3940/7620MB (lfb 5x1MB) SWAP 2/12002MB (cached 0MB) CPU [2%@1510,4%@1510,5%@1510,3%@1510,1%@1510,1%@1510] GR3D_FREQ 0% cpu@47.031C soc2@46.406C soc0@44.781C gpu@46.468C tj@47.031C soc1@44.812C VDD_IN 4153mW/4233mW VDD_CPU_GPU_CV 1036mW/1062mW VDD_SOC 1397mW/1400mW
08-10-2026 00:13:07 RAM 3940/7620MB (lfb 5x1MB) SWAP 2/12002MB (cached 0MB) CPU [0%@1510,2%@1510,4%@1510,2%@1510,2%@1510,4%@1510] GR3D_FREQ 0% cpu@47.187C soc2@46.468C soc0@44.687C gpu@46.437C tj@47.187C soc1@44.875C VDD_IN 4273mW/4233mW VDD_CPU_GPU_CV 1036mW/1062mW VDD_SOC 1397mW/1400mW
08-10-2026 00:13:08 RAM 3937/7620MB (lfb 5x1MB) SWAP 2/12002MB (cached 0MB) CPU [1%@1510,3%@1510,5%@1510,1%@1510,2%@1510,3%@1510] GR3D_FREQ 0% cpu@47.125C soc2@46.468C soc0@44.875C gpu@46.468C tj@47.125C soc1@44.656C VDD_IN 4193mW/4233mW VDD_CPU_GPU_CV 1036mW/1062mW VDD_SOC 1397mW/1400mW
08-10-2026 00:13:09 RAM 3937/7620MB (lfb 5x1MB) SWAP 2/12002MB (cached 0MB) CPU [4%@1510,3%@1510,7%@1510,0%@1510,2%@1510,1%@1510] GR3D_FREQ 0% cpu@47.343C soc2@46.406C soc0@44.843C gpu@46.531C tj@47.343C soc1@44.687C VDD_IN 4193mW/4232mW VDD_CPU_GPU_CV 1036mW/1062mW VDD_SOC 1397mW/1400mW
08-10-2026 00:13:10 RAM 3937/7620MB (lfb 5x1MB) SWAP 2/12002MB (cached 0MB) CPU [0%@1510,3%@1510,5%@1510,2%@1510,0%@1510,1%@1510] GR3D_FREQ 0% cpu@47C soc2@46.375C soc0@44.687C gpu@46.343C tj@47C soc1@44.75C VDD_IN 4193mW/4232mW VDD_CPU_GPU_CV 1036mW/1061mW VDD_SOC 1397mW/1400mW
08-10-2026 00:13:11 RAM 3937/7620MB (lfb 5x1MB) SWAP 2/12002MB (cached 0MB) CPU [2%@1510,3%@1510,4%@1510,1%@1510,1%@1510,0%@1510] GR3D_FREQ 0% cpu@47.093C soc2@46.5C soc0@44.812C gpu@46.375C tj@47.093C soc1@44.75C VDD_IN 4193mW/4231mW VDD_CPU_GPU_CV 1036mW/1061mW VDD_SOC 1397mW/1400mW
08-10-2026 00:13:12 RAM 3938/7620MB (lfb 5x1MB) SWAP 2/12002MB (cached 0MB) CPU [3%@1510,2%@1510,5%@1510,3%@1510,3%@1510,3%@1510] GR3D_FREQ 0% cpu@46.968C soc2@46.5C soc0@44.75C gpu@46.375C tj@46.968C soc1@44.843C VDD_IN 4233mW/4231mW VDD_CPU_GPU_CV 1076mW/1061mW VDD_SOC 1397mW/1400mW
08-10-2026 00:13:13 RAM 3939/7620MB (lfb 5x1MB) SWAP 2/12002MB (cached 0MB) CPU [0%@1510,1%@1510,4%@1510,2%@1510,2%@1510,3%@1510] GR3D_FREQ 0% cpu@47.125C soc2@46.437C soc0@44.687C gpu@46.375C tj@47.125C soc1@44.593C VDD_IN 4233mW/4231mW VDD_CPU_GPU_CV 1036mW/1061mW VDD_SOC 1397mW/1400mW
08-10-2026 00:13:14 RAM 3939/7620MB (lfb 5x1MB) SWAP 2/12002MB (cached 0MB) CPU [3%@1510,3%@1510,4%@1510,2%@1510,3%@1510,1%@1510] GR3D_FREQ 0% cpu@47.281C soc2@46.468C soc0@44.75C gpu@46.375C tj@47.281C soc1@44.625C VDD_IN 4193mW/4231mW VDD_CPU_GPU_CV 1036mW/1061mW VDD_SOC 1397mW/1400mW
08-10-2026 00:13:15 RAM 3939/7620MB (lfb 5x1MB) SWAP 2/12002MB (cached 0MB) CPU [1%@1510,1%@1510,3%@1510,1%@1510,3%@1510,2%@1510] GR3D_FREQ 0% cpu@47.156C soc2@46.375C soc0@44.906C gpu@46.375C tj@47.156C soc1@44.593C VDD_IN 4193mW/4231mW VDD_CPU_GPU_CV 1036mW/1060mW VDD_SOC 1397mW/1400mW
08-10-2026 00:13:16 RAM 3939/7620MB (lfb 5x1MB) SWAP 2/12002MB (cached 0MB) CPU [1%@1510,1%@1510,4%@1510,2%@1510,0%@1510,1%@1510] GR3D_FREQ 0% cpu@47.375C soc2@46.406C soc0@44.625C gpu@46.375C tj@47.375C soc1@44.687C VDD_IN 4193mW/4230mW VDD_CPU_GPU_CV 1036mW/1060mW VDD_SOC 1397mW/1400mW
08-10-2026 00:13:17 RAM 3939/7620MB (lfb 5x1MB) SWAP 2/12002MB (cached 0MB) CPU [4%@1510,1%@1510,6%@1510,3%@1510,3%@1510,4%@1510] GR3D_FREQ 0% cpu@47.093C soc2@46.375C soc0@44.75C gpu@46.468C tj@47.093C soc1@44.656C VDD_IN 4233mW/4230mW VDD_CPU_GPU_CV 1076mW/1060mW VDD_SOC 1397mW/1400mW
08-10-2026 00:13:18 RAM 3937/7620MB (lfb 5x1MB) SWAP 2/12002MB (cached 0MB) CPU [1%@1510,2%@1510,5%@1510,3%@1510,4%@1510,2%@1510] GR3D_FREQ 0% cpu@47.125C soc2@46.468C soc0@44.781C gpu@46.406C tj@47.125C soc1@44.781C VDD_IN 4233mW/4230mW VDD_CPU_GPU_CV 1036mW/1060mW VDD_SOC 1397mW/1400mW
08-10-2026 00:13:19 RAM 3937/7620MB (lfb 5x1MB) SWAP 2/12002MB (cached 0MB) CPU [2%@1510,1%@1510,4%@1510,2%@1510,2%@1510,1%@1510] GR3D_FREQ 0% cpu@47.093C soc2@46.468C soc0@44.781C gpu@46.406C tj@47.093C soc1@44.812C VDD_IN 4193mW/4230mW VDD_CPU_GPU_CV 1036mW/1060mW VDD_SOC 1397mW/1400mW
08-10-2026 00:13:20 RAM 3937/7620MB (lfb 5x1MB) SWAP 2/12002MB (cached 0MB) CPU [2%@1510,0%@1510,4%@1510,2%@1510,2%@1510,1%@1510] GR3D_FREQ 0% cpu@47.156C soc2@46.437C soc0@44.843C gpu@46.406C tj@47.156C soc1@44.656C VDD_IN 4193mW/4229mW VDD_CPU_GPU_CV 1036mW/1059mW VDD_SOC 1397mW/1400mW
08-10-2026 00:13:21 RAM 3937/7620MB (lfb 5x1MB) SWAP 2/12002MB (cached 0MB) CPU [2%@1510,1%@1510,5%@1510,3%@1510,2%@1510,2%@1510] GR3D_FREQ 0% cpu@47.406C soc2@46.375C soc0@44.875C gpu@46.437C tj@47.406C soc1@44.593C VDD_IN 4193mW/4229mW VDD_CPU_GPU_CV 1036mW/1059mW VDD_SOC 1397mW/1400mW
08-10-2026 00:13:22 RAM 3937/7620MB (lfb 5x1MB) SWAP 2/12002MB (cached 0MB) CPU [2%@1510,0%@1510,5%@1510,5%@1510,3%@1510,5%@1510] GR3D_FREQ 0% cpu@47.187C soc2@46.406C soc0@44.687C gpu@46.437C tj@47.187C soc1@44.75C VDD_IN 4233mW/4229mW VDD_CPU_GPU_CV 1036mW/1059mW VDD_SOC 1397mW/1399mW
08-10-2026 00:13:23 RAM 3938/7620MB (lfb 5x1MB) SWAP 2/12002MB (cached 0MB) CPU [2%@1510,2%@1510,5%@1510,4%@1510,2%@1510,3%@1510] GR3D_FREQ 0% cpu@47.031C soc2@46.437C soc0@44.781C gpu@46.437C tj@47.031C soc1@44.687C VDD_IN 4233mW/4229mW VDD_CPU_GPU_CV 1036mW/1059mW VDD_SOC 1397mW/1399mW
08-10-2026 00:13:24 RAM 3938/7620MB (lfb 5x1MB) SWAP 2/12002MB (cached 0MB) CPU [1%@1510,1%@1510,5%@1510,2%@1510,1%@1510,1%@1510] GR3D_FREQ 0% cpu@47.062C soc2@46.375C soc0@44.687C gpu@46.406C tj@47.062C soc1@44.718C VDD_IN 4193mW/4229mW VDD_CPU_GPU_CV 1036mW/1059mW VDD_SOC 1397mW/1399mW
08-10-2026 00:13:25 RAM 3938/7620MB (lfb 5x1MB) SWAP 2/12002MB (cached 0MB) CPU [3%@1510,2%@1510,4%@1510,3%@1510,1%@1510,1%@1510] GR3D_FREQ 0% cpu@47.062C soc2@46.406C soc0@44.781C gpu@46.437C tj@47.062C soc1@44.843C VDD_IN 4193mW/4228mW VDD_CPU_GPU_CV 1036mW/1058mW VDD_SOC 1397mW/1399mW
08-10-2026 00:13:26 RAM 3938/7620MB (lfb 5x1MB) SWAP 2/12002MB (cached 0MB) CPU [2%@1510,1%@1510,4%@1510,1%@1510,1%@1510,2%@1510] GR3D_FREQ 0% cpu@47.062C soc2@46.562C soc0@44.718C gpu@46.437C tj@47.343C soc1@44.718C VDD_IN 4193mW/4228mW VDD_CPU_GPU_CV 1036mW/1058mW VDD_SOC 1397mW/1399mW
08-10-2026 00:13:27 RAM 3938/7620MB (lfb 5x1MB) SWAP 2/12002MB (cached 0MB) CPU [3%@1510,2%@1510,4%@1510,4%@1510,5%@1510,3%@1510] GR3D_FREQ 0% cpu@47.156C soc2@46.406C soc0@44.812C gpu@46.468C tj@47.156C soc1@44.625C VDD_IN 4233mW/4228mW VDD_CPU_GPU_CV 1036mW/1058mW VDD_SOC 1397mW/1399mW
08-10-2026 00:13:28 RAM 3938/7620MB (lfb 5x1MB) SWAP 2/12002MB (cached 0MB) CPU [1%@1510,1%@1510,5%@1510,2%@1510,2%@1510,2%@1510] GR3D_FREQ 0% cpu@47.031C soc2@46.375C soc0@44.656C gpu@46.406C tj@47.031C soc1@44.687C VDD_IN 4193mW/4228mW VDD_CPU_GPU_CV 1036mW/1058mW VDD_SOC 1397mW/1399mW
08-10-2026 00:13:29 RAM 3938/7620MB (lfb 5x1MB) SWAP 2/12002MB (cached 0MB) CPU [2%@1510,2%@1510,4%@1510,1%@1510,2%@1510,3%@1510] GR3D_FREQ 0% cpu@47.093C soc2@46.437C soc0@44.718C gpu@46.562C tj@47.093C soc1@44.781C VDD_IN 4193mW/4227mW VDD_CPU_GPU_CV 1036mW/1057mW VDD_SOC 1397mW/1399mW
08-10-2026 00:13:30 RAM 3938/7620MB (lfb 5x1MB) SWAP 2/12002MB (cached 0MB) CPU [3%@1510,1%@1510,6%@1510,0%@1510,2%@1510,2%@1510] GR3D_FREQ 0% cpu@47.125C soc2@46.437C soc0@44.781C gpu@46.562C tj@47.125C soc1@44.781C VDD_IN 4193mW/4227mW VDD_CPU_GPU_CV 1036mW/1057mW VDD_SOC 1397mW/1399mW
08-10-2026 00:13:31 RAM 3938/7620MB (lfb 5x1MB) SWAP 2/12002MB (cached 0MB) CPU [1%@1510,1%@1510,4%@1510,1%@1510,3%@1510,4%@1510] GR3D_FREQ 0% cpu@47.093C soc2@46.468C soc0@44.75C gpu@46.531C tj@47.093C soc1@44.843C VDD_IN 4193mW/4227mW VDD_CPU_GPU_CV 1036mW/1057mW VDD_SOC 1397mW/1399mW
08-10-2026 00:13:32 RAM 3938/7620MB (lfb 5x1MB) SWAP 2/12002MB (cached 0MB) CPU [2%@1510,2%@1510,5%@1510,2%@1510,3%@1510,4%@1510] GR3D_FREQ 0% cpu@47.218C soc2@46.375C soc0@44.75C gpu@46.5C tj@47.218C soc1@44.625C VDD_IN 4193mW/4226mW VDD_CPU_GPU_CV 1036mW/1057mW VDD_SOC 1397mW/1399mW
08-10-2026 00:13:33 RAM 3939/7620MB (lfb 5x1MB) SWAP 2/12002MB (cached 0MB) CPU [1%@1510,2%@1510,5%@1510,1%@1510,2%@1510,2%@1510] GR3D_FREQ 0% cpu@47.031C soc2@46.437C soc0@44.75C gpu@46.406C tj@47.031C soc1@44.656C VDD_IN 4193mW/4226mW VDD_CPU_GPU_CV 1036mW/1057mW VDD_SOC 1397mW/1399mW
08-10-2026 00:13:34 RAM 3939/7620MB (lfb 5x1MB) SWAP 2/12002MB (cached 0MB) CPU [1%@1510,2%@1510,3%@1510,1%@1510,2%@1510,1%@1510] GR3D_FREQ 0% cpu@47.281C soc2@46.375C soc0@44.625C gpu@46.375C tj@47C soc1@44.656C VDD_IN 4193mW/4226mW VDD_CPU_GPU_CV 1036mW/1057mW VDD_SOC 1397mW/1399mW
08-10-2026 00:13:35 RAM 3939/7620MB (lfb 5x1MB) SWAP 2/12002MB (cached 0MB) CPU [1%@1510,2%@1510,4%@1510,1%@1510,2%@1510,1%@1510] GR3D_FREQ 0% cpu@47.062C soc2@46.343C soc0@44.687C gpu@46.375C tj@47.125C soc1@44.718C VDD_IN 4193mW/4226mW VDD_CPU_GPU_CV 1036mW/1056mW VDD_SOC 1397mW/1399mW
08-10-2026 00:13:36 RAM 3939/7620MB (lfb 5x1MB) SWAP 2/12002MB (cached 0MB) CPU [1%@1510,1%@1510,5%@1510,1%@1510,3%@1510,2%@1510] GR3D_FREQ 0% cpu@47.093C soc2@46.468C soc0@44.812C gpu@46.375C tj@47.093C soc1@44.843C VDD_IN 4193mW/4225mW VDD_CPU_GPU_CV 1036mW/1056mW VDD_SOC 1397mW/1399mW
08-10-2026 00:13:37 RAM 3940/7620MB (lfb 5x1MB) SWAP 2/12002MB (cached 0MB) CPU [3%@1510,1%@1510,4%@1510,4%@1510,3%@1510,1%@1510] GR3D_FREQ 0% cpu@47.218C soc2@46.312C soc0@44.781C gpu@46.375C tj@47.218C soc1@44.593C VDD_IN 4233mW/4225mW VDD_CPU_GPU_CV 1036mW/1056mW VDD_SOC 1397mW/1399mW
08-10-2026 00:13:38 RAM 3939/7620MB (lfb 5x1MB) SWAP 2/12002MB (cached 0MB) CPU [1%@1510,1%@1510,4%@1510,1%@1510,2%@1510,2%@1510] GR3D_FREQ 0% cpu@46.968C soc2@46.375C soc0@44.843C gpu@46.437C tj@46.968C soc1@44.625C VDD_IN 4193mW/4225mW VDD_CPU_GPU_CV 1036mW/1056mW VDD_SOC 1397mW/1399mW
08-10-2026 00:13:39 RAM 3939/7620MB (lfb 5x1MB) SWAP 2/12002MB (cached 0MB) CPU [3%@1510,1%@1510,4%@1510,1%@1510,2%@1510,2%@1510] GR3D_FREQ 0% cpu@47.281C soc2@46.375C soc0@44.687C gpu@46.406C tj@47.281C soc1@44.687C VDD_IN 4193mW/4225mW VDD_CPU_GPU_CV 1036mW/1056mW VDD_SOC 1397mW/1399mW
08-10-2026 00:13:40 RAM 3939/7620MB (lfb 5x1MB) SWAP 2/12002MB (cached 0MB) CPU [0%@1510,1%@1510,5%@1510,1%@1510,2%@1510,1%@1510] GR3D_FREQ 0% cpu@47.062C soc2@46.375C soc0@44.656C gpu@46.375C tj@47.062C soc1@44.75C VDD_IN 4193mW/4225mW VDD_CPU_GPU_CV 1036mW/1055mW VDD_SOC 1397mW/1399mW
08-10-2026 00:13:41 RAM 3939/7620MB (lfb 5x1MB) SWAP 2/12002MB (cached 0MB) CPU [2%@1510,2%@1510,5%@1510,1%@1510,4%@1510,1%@1510] GR3D_FREQ 0% cpu@47.031C soc2@46.406C soc0@44.718C gpu@46.375C tj@47.031C soc1@44.812C VDD_IN 4193mW/4224mW VDD_CPU_GPU_CV 1036mW/1055mW VDD_SOC 1397mW/1399mW
08-10-2026 00:13:42 RAM 3939/7620MB (lfb 5x1MB) SWAP 2/12002MB (cached 0MB) CPU [1%@1510,1%@1510,4%@1510,2%@1510,3%@1510,2%@1510] GR3D_FREQ 0% cpu@47.156C soc2@46.531C soc0@44.75C gpu@46.5C tj@47.156C soc1@44.562C VDD_IN 4193mW/4224mW VDD_CPU_GPU_CV 1036mW/1055mW VDD_SOC 1397mW/1399mW
08-10-2026 00:13:43 RAM 3938/7620MB (lfb 5x1MB) SWAP 2/12002MB (cached 0MB) CPU [1%@1510,2%@1510,5%@1510,2%@1510,3%@1510,1%@1510] GR3D_FREQ 0% cpu@47.312C soc2@46.375C soc0@44.843C gpu@46.406C tj@47.312C soc1@44.531C VDD_IN 4193mW/4224mW VDD_CPU_GPU_CV 1036mW/1055mW VDD_SOC 1397mW/1399mW
08-10-2026 00:13:44 RAM 3938/7620MB (lfb 5x1MB) SWAP 2/12002MB (cached 0MB) CPU [1%@1510,2%@1510,4%@1510,1%@1510,2%@1510,2%@1510] GR3D_FREQ 0% cpu@47.218C soc2@46.312C soc0@44.656C gpu@46.75C tj@47.218C soc1@44.687C VDD_IN 4193mW/4223mW VDD_CPU_GPU_CV 1036mW/1055mW VDD_SOC 1397mW/1399mW
08-10-2026 00:13:45 RAM 3938/7620MB (lfb 5x1MB) SWAP 2/12002MB (cached 0MB) CPU [2%@1510,1%@1510,3%@1510,0%@1510,2%@1510,2%@1510] GR3D_FREQ 0% cpu@47C soc2@46.375C soc0@44.656C gpu@46.812C tj@46.968C soc1@44.656C VDD_IN 4193mW/4223mW VDD_CPU_GPU_CV 1036mW/1055mW VDD_SOC 1397mW/1399mW
08-10-2026 00:13:46 RAM 3938/7620MB (lfb 5x1MB) SWAP 2/12002MB (cached 0MB) CPU [2%@1510,2%@1510,4%@1510,1%@1510,2%@1510,2%@1510] GR3D_FREQ 0% cpu@47.062C soc2@46.437C soc0@44.75C gpu@46.875C tj@47.062C soc1@44.75C VDD_IN 4193mW/4223mW VDD_CPU_GPU_CV 1036mW/1054mW VDD_SOC 1397mW/1399mW
08-10-2026 00:13:47 RAM 3939/7620MB (lfb 5x1MB) SWAP 2/12002MB (cached 0MB) CPU [2%@1510,2%@1510,7%@1510,3%@1510,5%@1510,1%@1510] GR3D_FREQ 0% cpu@47.125C soc2@46.406C soc0@44.75C gpu@46.375C tj@47.125C soc1@44.781C VDD_IN 4193mW/4223mW VDD_CPU_GPU_CV 1036mW/1054mW VDD_SOC 1397mW/1399mW
08-10-2026 00:13:49 RAM 3939/7620MB (lfb 5x1MB) SWAP 2/12002MB (cached 0MB) CPU [2%@1510,2%@1510,5%@1510,2%@1510,2%@1510,2%@1510] GR3D_FREQ 0% cpu@46.968C soc2@46.343C soc0@44.812C gpu@46.375C tj@47.312C soc1@44.625C VDD_IN 4193mW/4223mW VDD_CPU_GPU_CV 1036mW/1054mW VDD_SOC 1397mW/1399mW
08-10-2026 00:13:50 RAM 3939/7620MB (lfb 5x1MB) SWAP 2/12002MB (cached 0MB) CPU [2%@1510,0%@1510,4%@1510,1%@1510,1%@1510,1%@1510] GR3D_FREQ 0% cpu@47.218C soc2@46.343C soc0@44.75C gpu@46.343C tj@47.218C soc1@44.656C VDD_IN 4193mW/4222mW VDD_CPU_GPU_CV 1036mW/1054mW VDD_SOC 1397mW/1399mW
08-10-2026 00:13:51 RAM 3939/7620MB (lfb 5x1MB) SWAP 2/12002MB (cached 0MB) CPU [3%@1510,1%@1510,5%@1510,1%@1510,2%@1510,2%@1510] GR3D_FREQ 0% cpu@46.968C soc2@46.343C soc0@44.718C gpu@46.281C tj@46.968C soc1@44.718C VDD_IN 4193mW/4222mW VDD_CPU_GPU_CV 1036mW/1054mW VDD_SOC 1397mW/1399mW
08-10-2026 00:13:52 RAM 3939/7620MB (lfb 5x1MB) SWAP 2/12002MB (cached 0MB) CPU [1%@1510,0%@1510,5%@1510,0%@1510,2%@1510,1%@1510] GR3D_FREQ 0% cpu@47.093C soc2@46.468C soc0@44.75C gpu@46.343C tj@47.093C soc1@44.718C VDD_IN 4193mW/4222mW VDD_CPU_GPU_CV 1036mW/1054mW VDD_SOC 1397mW/1399mW
08-10-2026 00:13:53 RAM 3938/7620MB (lfb 5x1MB) SWAP 2/12002MB (cached 0MB) CPU [8%@1510,8%@1510,12%@1510,13%@1510,11%@1510,5%@1510] GR3D_FREQ 0% cpu@47.218C soc2@46.5C soc0@44.781C gpu@46.375C tj@47.218C soc1@44.75C VDD_IN 4505mW/4224mW VDD_CPU_GPU_CV 1234mW/1055mW VDD_SOC 1435mW/1399mW
08-10-2026 00:13:54 RAM 3938/7620MB (lfb 5x1MB) SWAP 2/12002MB (cached 0MB) CPU [3%@1510,1%@1510,4%@1510,0%@1510,3%@1510,1%@1510] GR3D_FREQ 0% cpu@47.093C soc2@46.343C soc0@44.781C gpu@46.531C tj@47.093C soc1@44.625C VDD_IN 4233mW/4224mW VDD_CPU_GPU_CV 1036mW/1055mW VDD_SOC 1397mW/1399mW
08-10-2026 00:13:55 RAM 3938/7620MB (lfb 5x1MB) SWAP 2/12002MB (cached 0MB) CPU [3%@1510,1%@1510,4%@1510,0%@1510,3%@1510,0%@1510] GR3D_FREQ 0% cpu@47.125C soc2@46.375C soc0@44.843C gpu@46.531C tj@47.125C soc1@44.687C VDD_IN 4193mW/4224mW VDD_CPU_GPU_CV 1036mW/1055mW VDD_SOC 1397mW/1399mW
08-10-2026 00:13:56 RAM 3938/7620MB (lfb 5x1MB) SWAP 2/12002MB (cached 0MB) CPU [4%@1510,2%@1510,5%@1510,1%@1510,2%@1510,1%@1510] GR3D_FREQ 0% cpu@47C soc2@46.406C soc0@44.718C gpu@46.562C tj@47C soc1@44.625C VDD_IN 4193mW/4224mW VDD_CPU_GPU_CV 1036mW/1055mW VDD_SOC 1397mW/1399mW
08-10-2026 00:13:57 RAM 3938/7620MB (lfb 5x1MB) SWAP 2/12002MB (cached 0MB) CPU [3%@1510,1%@1510,4%@1510,1%@1510,1%@1510,1%@1510] GR3D_FREQ 0% cpu@47.031C soc2@46.375C soc0@44.812C gpu@46.593C tj@47.031C soc1@44.843C VDD_IN 4193mW/4223mW VDD_CPU_GPU_CV 1036mW/1055mW VDD_SOC 1397mW/1399mW
08-10-2026 00:13:58 RAM 3939/7620MB (lfb 5x1MB) SWAP 2/12002MB (cached 0MB) CPU [3%@1510,3%@1510,4%@1510,2%@1510,1%@1510,5%@1510] GR3D_FREQ 0% cpu@47.093C soc2@46.468C soc0@44.812C gpu@46.625C tj@47.093C soc1@44.656C VDD_IN 4313mW/4224mW VDD_CPU_GPU_CV 1036mW/1054mW VDD_SOC 1397mW/1399mW
08-10-2026 00:13:59 RAM 3938/7620MB (lfb 5x1MB) SWAP 2/12002MB (cached 0MB) CPU [3%@1510,1%@1510,4%@1510,2%@1510,1%@1510,3%@1510] GR3D_FREQ 0% cpu@47.343C soc2@46.343C soc0@44.843C gpu@46.343C tj@47.343C soc1@44.593C VDD_IN 4233mW/4224mW VDD_CPU_GPU_CV 1036mW/1054mW VDD_SOC 1397mW/1399mW
08-10-2026 00:14:00 RAM 3938/7620MB (lfb 5x1MB) SWAP 2/12002MB (cached 0MB) CPU [3%@1510,1%@1510,4%@1510,1%@1510,0%@1510,2%@1510] GR3D_FREQ 0% cpu@47.25C soc2@46.406C soc0@44.625C gpu@46.375C tj@47.25C soc1@44.625C VDD_IN 4233mW/4224mW VDD_CPU_GPU_CV 1036mW/1054mW VDD_SOC 1397mW/1399mW
08-10-2026 00:14:01 RAM 3938/7620MB (lfb 5x1MB) SWAP 2/12002MB (cached 0MB) CPU [2%@1510,3%@1510,3%@1510,0%@1510,1%@1510,3%@1510] GR3D_FREQ 0% cpu@47C soc2@46.406C soc0@44.75C gpu@46.343C tj@47C soc1@44.687C VDD_IN 4193mW/4224mW VDD_CPU_GPU_CV 1036mW/1054mW VDD_SOC 1397mW/1399mW
08-10-2026 00:14:02 RAM 3938/7620MB (lfb 5x1MB) SWAP 2/12002MB (cached 0MB) CPU [1%@1510,1%@1510,4%@1510,1%@1510,3%@1510,1%@1510] GR3D_FREQ 0% cpu@47C soc2@46.375C soc0@44.718C gpu@46.406C tj@47C soc1@44.718C VDD_IN 4193mW/4224mW VDD_CPU_GPU_CV 1036mW/1054mW VDD_SOC 1397mW/1399mW
08-10-2026 00:14:03 RAM 3939/7620MB (lfb 5x1MB) SWAP 2/12002MB (cached 0MB) CPU [2%@1510,2%@1510,9%@1510,3%@1510,0%@1510,1%@1510] GR3D_FREQ 0% cpu@47.093C soc2@46.531C soc0@44.781C gpu@46.375C tj@47.093C soc1@44.75C VDD_IN 4193mW/4223mW VDD_CPU_GPU_CV 1036mW/1054mW VDD_SOC 1397mW/1399mW
08-10-2026 00:14:04 RAM 3938/7620MB (lfb 5x1MB) SWAP 2/12002MB (cached 0MB) CPU [1%@1510,2%@1510,5%@1510,2%@1510,2%@1510,2%@1510] GR3D_FREQ 0% cpu@47C soc2@46.343C soc0@44.687C gpu@46.437C tj@47C soc1@44.625C VDD_IN 4193mW/4223mW VDD_CPU_GPU_CV 1036mW/1054mW VDD_SOC 1397mW/1399mW
08-10-2026 00:14:05 RAM 3938/7620MB (lfb 5x1MB) SWAP 2/12002MB (cached 0MB) CPU [2%@1510,1%@1510,4%@1510,1%@1510,2%@1510,1%@1510] GR3D_FREQ 0% cpu@47.156C soc2@46.375C soc0@44.812C gpu@46.375C tj@47.156C soc1@44.687C VDD_IN 4193mW/4223mW VDD_CPU_GPU_CV 1036mW/1053mW VDD_SOC 1397mW/1399mW
08-10-2026 00:14:06 RAM 3938/7620MB (lfb 5x1MB) SWAP 2/12002MB (cached 0MB) CPU [1%@1510,1%@1510,4%@1510,1%@1510,1%@1510,2%@1510] GR3D_FREQ 0% cpu@46.968C soc2@46.343C soc0@44.718C gpu@46.5C tj@46.968C soc1@44.687C VDD_IN 4193mW/4223mW VDD_CPU_GPU_CV 1036mW/1053mW VDD_SOC 1397mW/1399mW
08-10-2026 00:14:07 RAM 3938/7620MB (lfb 5x1MB) SWAP 2/12002MB (cached 0MB) CPU [1%@1510,2%@1510,5%@1510,2%@1510,2%@1510,2%@1510] GR3D_FREQ 0% cpu@47.343C soc2@46.375C soc0@44.718C gpu@46.375C tj@47.343C soc1@44.687C VDD_IN 4193mW/4223mW VDD_CPU_GPU_CV 1036mW/1053mW VDD_SOC 1397mW/1399mW
08-10-2026 00:14:08 RAM 3938/7620MB (lfb 5x1MB) SWAP 2/12002MB (cached 0MB) CPU [2%@1510,2%@1510,6%@1510,6%@1510,2%@1510,0%@1510] GR3D_FREQ 0% cpu@46.968C soc2@46.406C soc0@44.75C gpu@46.375C tj@46.968C soc1@44.718C VDD_IN 4233mW/4223mW VDD_CPU_GPU_CV 1036mW/1053mW VDD_SOC 1397mW/1399mW
08-10-2026 00:14:09 RAM 3938/7620MB (lfb 5x1MB) SWAP 2/12002MB (cached 0MB) CPU [0%@1510,1%@1510,5%@1510,3%@1510,3%@1510,1%@1510] GR3D_FREQ 0% cpu@47.031C soc2@46.437C soc0@44.718C gpu@46.468C tj@47.031C soc1@44.843C VDD_IN 4193mW/4222mW VDD_CPU_GPU_CV 1036mW/1053mW VDD_SOC 1397mW/1399mW
08-10-2026 00:14:10 RAM 3938/7620MB (lfb 5x1MB) SWAP 2/12002MB (cached 0MB) CPU [1%@1510,3%@1510,4%@1510,4%@1510,2%@1510,0%@1510] GR3D_FREQ 0% cpu@47.156C soc2@46.375C soc0@44.781C gpu@46.468C tj@47.156C soc1@44.562C VDD_IN 4193mW/4222mW VDD_CPU_GPU_CV 1036mW/1053mW VDD_SOC 1397mW/1399mW
08-10-2026 00:14:11 RAM 3938/7620MB (lfb 5x1MB) SWAP 2/12002MB (cached 0MB) CPU [3%@1510,1%@1510,5%@1510,1%@1510,4%@1510,4%@1510] GR3D_FREQ 0% cpu@47.031C soc2@46.375C soc0@44.75C gpu@46.5C tj@47.031C soc1@44.718C VDD_IN 4193mW/4222mW VDD_CPU_GPU_CV 1036mW/1053mW VDD_SOC 1397mW/1399mW
08-10-2026 00:14:12 RAM 3937/7620MB (lfb 5x1MB) SWAP 2/12002MB (cached 0MB) CPU [0%@1510,2%@1510,4%@1510,2%@1510,1%@1510,3%@1510] GR3D_FREQ 0% cpu@47.281C soc2@46.312C soc0@44.656C gpu@46.437C tj@47.281C soc1@44.656C VDD_IN 4193mW/4222mW VDD_CPU_GPU_CV 1036mW/1053mW VDD_SOC 1397mW/1399mW
08-10-2026 00:14:13 RAM 3938/7620MB (lfb 5x1MB) SWAP 2/12002MB (cached 0MB) CPU [2%@1510,2%@1510,5%@1510,5%@1510,3%@1510,3%@1510] GR3D_FREQ 0% cpu@46.937C soc2@46.406C soc0@44.656C gpu@46.375C tj@46.937C soc1@44.687C VDD_IN 4193mW/4222mW VDD_CPU_GPU_CV 1036mW/1053mW VDD_SOC 1397mW/1399mW
08-10-2026 00:14:14 RAM 3937/7620MB (lfb 5x1MB) SWAP 2/12002MB (cached 0MB) CPU [1%@1510,2%@1510,6%@1510,2%@1510,2%@1510,1%@1510] GR3D_FREQ 0% cpu@47C soc2@46.437C soc0@44.656C gpu@46.375C tj@47C soc1@44.812C VDD_IN 4193mW/4221mW VDD_CPU_GPU_CV 1036mW/1052mW VDD_SOC 1397mW/1399mW
08-10-2026 00:14:15 RAM 3937/7620MB (lfb 5x1MB) SWAP 2/12002MB (cached 0MB) CPU [2%@1510,1%@1510,4%@1510,1%@1510,2%@1510,2%@1510] GR3D_FREQ 0% cpu@47.187C soc2@46.375C soc0@44.718C gpu@46.281C tj@47.187C soc1@44.812C VDD_IN 4193mW/4221mW VDD_CPU_GPU_CV 1036mW/1052mW VDD_SOC 1397mW/1399mW
08-10-2026 00:14:16 RAM 3937/7620MB (lfb 5x1MB) SWAP 2/12002MB (cached 0MB) CPU [1%@1510,1%@1510,4%@1510,1%@1510,1%@1510,2%@1510] GR3D_FREQ 0% cpu@47.125C soc2@46.375C soc0@44.781C gpu@46.375C tj@47.125C soc1@44.5C VDD_IN 4193mW/4221mW VDD_CPU_GPU_CV 1036mW/1052mW VDD_SOC 1397mW/1399mW
08-10-2026 00:14:17 RAM 3937/7620MB (lfb 5x1MB) SWAP 2/12002MB (cached 0MB) CPU [2%@1510,1%@1510,5%@1510,1%@1510,2%@1510,3%@1510] GR3D_FREQ 0% cpu@47.25C soc2@46.375C soc0@44.843C gpu@46.437C tj@47.25C soc1@44.593C VDD_IN 4193mW/4221mW VDD_CPU_GPU_CV 1036mW/1052mW VDD_SOC 1397mW/1399mW
08-10-2026 00:14:18 RAM 3938/7620MB (lfb 5x1MB) SWAP 2/12002MB (cached 0MB) CPU [2%@1510,1%@1510,6%@1510,5%@1510,2%@1510,0%@1510] GR3D_FREQ 0% cpu@47.093C soc2@46.437C soc0@44.75C gpu@46.406C tj@47.093C soc1@44.687C VDD_IN 4193mW/4221mW VDD_CPU_GPU_CV 1036mW/1052mW VDD_SOC 1397mW/1399mW
08-10-2026 00:14:19 RAM 3938/7620MB (lfb 5x1MB) SWAP 2/12002MB (cached 0MB) CPU [2%@1510,2%@1510,5%@1510,3%@1510,1%@1510,2%@1510] GR3D_FREQ 0% cpu@47.093C soc2@46.375C soc0@44.75C gpu@46.406C tj@47.093C soc1@44.75C VDD_IN 4193mW/4221mW VDD_CPU_GPU_CV 1036mW/1052mW VDD_SOC 1397mW/1399mW
08-10-2026 00:14:20 RAM 3938/7620MB (lfb 5x1MB) SWAP 2/12002MB (cached 0MB) CPU [3%@1510,1%@1510,3%@1510,3%@1510,0%@1510,1%@1510] GR3D_FREQ 0% cpu@47.031C soc2@46.5C soc0@44.875C gpu@46.312C tj@47.031C soc1@44.75C VDD_IN 4193mW/4220mW VDD_CPU_GPU_CV 1036mW/1052mW VDD_SOC 1397mW/1399mW
08-10-2026 00:14:21 RAM 3938/7620MB (lfb 5x1MB) SWAP 2/12002MB (cached 0MB) CPU [1%@1510,1%@1510,5%@1510,0%@1510,2%@1510,2%@1510] GR3D_FREQ 0% cpu@47.062C soc2@46.375C soc0@44.718C gpu@46.343C tj@47.062C soc1@44.656C VDD_IN 4193mW/4220mW VDD_CPU_GPU_CV 1036mW/1052mW VDD_SOC 1397mW/1399mW
08-10-2026 00:14:22 RAM 3938/7620MB (lfb 5x1MB) SWAP 2/12002MB (cached 0MB) CPU [2%@1510,0%@1510,5%@1510,2%@1510,2%@1510,4%@1510] GR3D_FREQ 0% cpu@47.25C soc2@46.375C soc0@44.812C gpu@46.437C tj@47.25C soc1@44.625C VDD_IN 4233mW/4220mW VDD_CPU_GPU_CV 1036mW/1052mW VDD_SOC 1397mW/1399mW
08-10-2026 00:14:23 RAM 3938/7620MB (lfb 5x1MB) SWAP 2/12002MB (cached 0MB) CPU [2%@1510,1%@1510,10%@1510,3%@1510,3%@1510,3%@1510] GR3D_FREQ 0% cpu@47.125C soc2@46.406C soc0@44.687C gpu@46.437C tj@47.125C soc1@44.687C VDD_IN 4233mW/4220mW VDD_CPU_GPU_CV 1036mW/1051mW VDD_SOC 1397mW/1399mW
08-10-2026 00:14:24 RAM 3938/7620MB (lfb 5x1MB) SWAP 2/12002MB (cached 0MB) CPU [2%@1510,0%@1510,6%@1510,2%@1510,3%@1510,4%@1510] GR3D_FREQ 0% cpu@47.375C soc2@46.375C soc0@44.718C gpu@46.375C tj@47.375C soc1@44.687C VDD_IN 4233mW/4220mW VDD_CPU_GPU_CV 1036mW/1051mW VDD_SOC 1397mW/1399mW
08-10-2026 00:14:25 RAM 3938/7620MB (lfb 5x1MB) SWAP 2/12002MB (cached 0MB) CPU [2%@1510,0%@1510,4%@1510,1%@1510,3%@1510,5%@1510] GR3D_FREQ 0% cpu@47.062C soc2@46.406C soc0@44.656C gpu@46.406C tj@47.062C soc1@44.812C VDD_IN 4233mW/4221mW VDD_CPU_GPU_CV 1036mW/1051mW VDD_SOC 1397mW/1399mW
08-10-2026 00:14:26 RAM 3938/7620MB (lfb 5x1MB) SWAP 2/12002MB (cached 0MB) CPU [2%@1510,1%@1510,4%@1510,2%@1510,3%@1510,2%@1510] GR3D_FREQ 0% cpu@47.125C soc2@46.406C soc0@44.75C gpu@46.375C tj@47.125C soc1@44.75C VDD_IN 4193mW/4220mW VDD_CPU_GPU_CV 1036mW/1051mW VDD_SOC 1397mW/1399mW
08-10-2026 00:14:27 RAM 3938/7620MB (lfb 5x1MB) SWAP 2/12002MB (cached 0MB) CPU [3%@1510,1%@1510,1%@1510,4%@1510,2%@1510,2%@1510] GR3D_FREQ 0% cpu@47.218C soc2@46.437C soc0@44.781C gpu@46.406C tj@47.218C soc1@44.562C VDD_IN 4193mW/4220mW VDD_CPU_GPU_CV 1036mW/1051mW VDD_SOC 1397mW/1399mW
08-10-2026 00:14:28 RAM 3936/7620MB (lfb 5x1MB) SWAP 2/12002MB (cached 0MB) CPU [2%@1510,1%@1510,3%@1510,6%@1510,5%@1510,3%@1510] GR3D_FREQ 0% cpu@47.25C soc2@46.406C soc0@44.875C gpu@46.812C tj@47.25C soc1@44.718C VDD_IN 4233mW/4220mW VDD_CPU_GPU_CV 1036mW/1051mW VDD_SOC 1397mW/1399mW
08-10-2026 00:14:29 RAM 3936/7620MB (lfb 5x1MB) SWAP 2/12002MB (cached 0MB) CPU [2%@1510,3%@1510,2%@1510,6%@1510,1%@1510,3%@1510] GR3D_FREQ 0% cpu@47.437C soc2@46.375C soc0@44.781C gpu@46.781C tj@47.437C soc1@44.687C VDD_IN 4233mW/4220mW VDD_CPU_GPU_CV 1036mW/1051mW VDD_SOC 1397mW/1399mW
08-10-2026 00:14:30 RAM 3936/7620MB (lfb 5x1MB) SWAP 2/12002MB (cached 0MB) CPU [2%@1510,0%@1510,1%@1510,5%@1510,2%@1510,3%@1510] GR3D_FREQ 0% cpu@47.062C soc2@46.375C soc0@44.687C gpu@46.812C tj@47.062C soc1@44.75C VDD_IN 4193mW/4220mW VDD_CPU_GPU_CV 1036mW/1051mW VDD_SOC 1397mW/1399mW
08-10-2026 00:14:31 RAM 3933/7620MB (lfb 5x1MB) SWAP 2/12002MB (cached 0MB) CPU [2%@1510,0%@1510,4%@1510,6%@1510,8%@1510,8%@1510] GR3D_FREQ 0% cpu@47.125C soc2@46.5C soc0@44.812C gpu@46.375C tj@47.125C soc1@44.843C VDD_IN 4385mW/4221mW VDD_CPU_GPU_CV 1114mW/1051mW VDD_SOC 1395mW/1399mW
08-10-2026 00:14:32 RAM 3933/7620MB (lfb 5x1MB) SWAP 2/12002MB (cached 0MB) CPU [2%@1510,1%@1510,2%@1510,5%@1510,2%@1510,4%@1510] GR3D_FREQ 0% cpu@47.093C soc2@46.437C soc0@44.843C gpu@46.343C tj@47.093C soc1@44.593C VDD_IN 4233mW/4221mW VDD_CPU_GPU_CV 1036mW/1051mW VDD_SOC 1397mW/1398mW
08-10-2026 00:14:33 RAM 3934/7620MB (lfb 5x1MB) SWAP 2/12002MB (cached 0MB) CPU [3%@1510,1%@1510,2%@1510,6%@1510,4%@1510,2%@1510] GR3D_FREQ 0% cpu@47.156C soc2@46.375C soc0@44.812C gpu@46.281C tj@47.156C soc1@44.656C VDD_IN 4193mW/4221mW VDD_CPU_GPU_CV 1036mW/1051mW VDD_SOC 1397mW/1398mW
08-10-2026 00:14:34 RAM 3931/7620MB (lfb 5x1MB) SWAP 2/12002MB (cached 0MB) CPU [2%@1510,0%@1510,4%@1510,6%@1510,4%@1510,1%@1510] GR3D_FREQ 0% cpu@47.281C soc2@46.375C soc0@44.75C gpu@46.375C tj@47.281C soc1@44.718C VDD_IN 4193mW/4221mW VDD_CPU_GPU_CV 1036mW/1051mW VDD_SOC 1397mW/1398mW
08-10-2026 00:14:35 RAM 3931/7620MB (lfb 5x1MB) SWAP 2/12002MB (cached 0MB) CPU [4%@1510,2%@1510,3%@1510,2%@1510,2%@1510,4%@1510] GR3D_FREQ 0% cpu@47.125C soc2@46.375C soc0@44.781C gpu@46.375C tj@47.125C soc1@44.656C VDD_IN 4193mW/4221mW VDD_CPU_GPU_CV 1036mW/1051mW VDD_SOC 1397mW/1398mW
08-10-2026 00:14:36 RAM 3931/7620MB (lfb 5x1MB) SWAP 2/12002MB (cached 0MB) CPU [2%@1510,2%@1510,3%@1510,1%@1510,0%@1510,4%@1510] GR3D_FREQ 0% cpu@47C soc2@46.531C soc0@44.718C gpu@46.406C tj@47C soc1@44.75C VDD_IN 4193mW/4221mW VDD_CPU_GPU_CV 1036mW/1051mW VDD_SOC 1397mW/1398mW
08-10-2026 00:14:37 RAM 3931/7620MB (lfb 5x1MB) SWAP 2/12002MB (cached 0MB) CPU [2%@1510,3%@1510,4%@1510,2%@1510,2%@1510,5%@1510] GR3D_FREQ 0% cpu@47.093C soc2@46.5C soc0@44.75C gpu@46.437C tj@47.093C soc1@44.812C VDD_IN 4233mW/4221mW VDD_CPU_GPU_CV 1036mW/1051mW VDD_SOC 1397mW/1398mW
08-10-2026 00:14:38 RAM 3932/7620MB (lfb 5x1MB) SWAP 2/12002MB (cached 0MB) CPU [3%@1510,2%@1510,4%@1510,1%@1510,4%@1510,5%@1510] GR3D_FREQ 0% cpu@47.093C soc2@46.406C soc0@44.656C gpu@46.343C tj@47.093C soc1@44.843C VDD_IN 4193mW/4220mW VDD_CPU_GPU_CV 1036mW/1051mW VDD_SOC 1397mW/1398mW
08-10-2026 00:14:39 RAM 3933/7620MB (lfb 5x1MB) SWAP 2/12002MB (cached 0MB) CPU [0%@1510,2%@1510,3%@1510,2%@1510,3%@1510,5%@1510] GR3D_FREQ 0% cpu@47.343C soc2@46.375C soc0@44.843C gpu@46.375C tj@47.343C soc1@44.718C VDD_IN 4193mW/4220mW VDD_CPU_GPU_CV 1036mW/1050mW VDD_SOC 1397mW/1398mW
08-10-2026 00:14:40 RAM 3933/7620MB (lfb 5x1MB) SWAP 2/12002MB (cached 0MB) CPU [3%@1510,2%@1510,3%@1510,1%@1510,2%@1510,4%@1510] GR3D_FREQ 0% cpu@47.281C soc2@46.375C soc0@44.656C gpu@46.375C tj@47.125C soc1@44.687C VDD_IN 4193mW/4220mW VDD_CPU_GPU_CV 1036mW/1050mW VDD_SOC 1397mW/1398mW
08-10-2026 00:14:41 RAM 3933/7620MB (lfb 5x1MB) SWAP 2/12002MB (cached 0MB) CPU [1%@1510,2%@1510,6%@1510,3%@1510,1%@1510,3%@1510] GR3D_FREQ 0% cpu@47C soc2@46.406C soc0@44.718C gpu@46.625C tj@47C soc1@44.687C VDD_IN 4193mW/4220mW VDD_CPU_GPU_CV 1036mW/1050mW VDD_SOC 1397mW/1398mW
08-10-2026 00:14:42 RAM 3933/7620MB (lfb 5x1MB) SWAP 2/12002MB (cached 0MB) CPU [2%@1510,2%@1510,1%@1510,6%@1510,1%@1510,2%@1510] GR3D_FREQ 0% cpu@47C soc2@46.406C soc0@44.687C gpu@46.562C tj@47C soc1@44.75C VDD_IN 4233mW/4220mW VDD_CPU_GPU_CV 1036mW/1050mW VDD_SOC 1397mW/1398mW
08-10-2026 00:14:43 RAM 3933/7620MB (lfb 5x1MB) SWAP 2/12002MB (cached 0MB) CPU [4%@1510,0%@1510,2%@1510,7%@1510,1%@1510,2%@1510] GR3D_FREQ 0% cpu@47.093C soc2@46.562C soc0@44.781C gpu@46.593C tj@47.093C soc1@44.625C VDD_IN 4233mW/4220mW VDD_CPU_GPU_CV 1036mW/1050mW VDD_SOC 1397mW/1398mW
08-10-2026 00:14:44 RAM 3934/7620MB (lfb 5x1MB) SWAP 2/12002MB (cached 0MB) CPU [3%@1510,1%@1510,3%@1510,5%@1510,0%@1510,3%@1510] GR3D_FREQ 0% cpu@47.281C soc2@46.406C soc0@44.843C gpu@46.593C tj@47.281C soc1@44.687C VDD_IN 4193mW/4220mW VDD_CPU_GPU_CV 1036mW/1050mW VDD_SOC 1397mW/1398mW
08-10-2026 00:14:45 RAM 3934/7620MB (lfb 5x1MB) SWAP 2/12002MB (cached 0MB) CPU [2%@1510,0%@1510,1%@1510,2%@1510,1%@1510,4%@1510] GR3D_FREQ 0% cpu@47.031C soc2@46.468C soc0@44.75C gpu@46.375C tj@47.031C soc1@44.718C VDD_IN 4193mW/4220mW VDD_CPU_GPU_CV 1036mW/1050mW VDD_SOC 1397mW/1398mW
08-10-2026 00:14:46 RAM 3934/7620MB (lfb 5x1MB) SWAP 2/12002MB (cached 0MB) CPU [1%@1510,2%@1510,1%@1510,2%@1510,3%@1510,5%@1510] GR3D_FREQ 0% cpu@47.093C soc2@46.468C soc0@44.781C gpu@46.562C tj@47.093C soc1@44.875C VDD_IN 4193mW/4220mW VDD_CPU_GPU_CV 1036mW/1050mW VDD_SOC 1397mW/1398mW
08-10-2026 00:14:47 RAM 3934/7620MB (lfb 5x1MB) SWAP 2/12002MB (cached 0MB) CPU [1%@1510,1%@1510,5%@1510,3%@1510,1%@1510,4%@1510] GR3D_FREQ 0% cpu@47.437C soc2@46.406C soc0@44.75C gpu@46.593C tj@47.437C soc1@44.656C VDD_IN 4233mW/4220mW VDD_CPU_GPU_CV 1076mW/1050mW VDD_SOC 1395mW/1398mW
08-10-2026 00:14:48 RAM 3935/7620MB (lfb 5x1MB) SWAP 2/12002MB (cached 0MB) CPU [4%@1510,1%@1510,3%@1510,1%@1510,2%@1510,4%@1510] GR3D_FREQ 0% cpu@46.968C soc2@46.437C soc0@44.625C gpu@46.656C tj@46.968C soc1@44.656C VDD_IN 4193mW/4220mW VDD_CPU_GPU_CV 1036mW/1050mW VDD_SOC 1397mW/1398mW
08-10-2026 00:14:49 RAM 3936/7620MB (lfb 5x1MB) SWAP 2/12002MB (cached 0MB) CPU [3%@1510,1%@1510,2%@1510,1%@1510,2%@1510,5%@1510] GR3D_FREQ 0% cpu@47.062C soc2@46.406C soc0@44.687C gpu@46.562C tj@47.062C soc1@44.687C VDD_IN 4193mW/4219mW VDD_CPU_GPU_CV 1036mW/1050mW VDD_SOC 1397mW/1398mW
08-10-2026 00:14:50 RAM 3936/7620MB (lfb 5x1MB) SWAP 2/12002MB (cached 0MB) CPU [2%@1510,0%@1510,3%@1510,1%@1510,1%@1510,4%@1510] GR3D_FREQ 0% cpu@47C soc2@46.437C soc0@44.812C gpu@46.593C tj@47.125C soc1@44.812C VDD_IN 4193mW/4219mW VDD_CPU_GPU_CV 1036mW/1050mW VDD_SOC 1397mW/1398mW
08-10-2026 00:14:51 RAM 3936/7620MB (lfb 5x1MB) SWAP 2/12002MB (cached 0MB) CPU [3%@1510,1%@1510,2%@1510,1%@1510,2%@1510,4%@1510] GR3D_FREQ 0% cpu@47.062C soc2@46.531C soc0@44.687C gpu@46.687C tj@47.062C soc1@44.906C VDD_IN 4193mW/4219mW VDD_CPU_GPU_CV 1036mW/1050mW VDD_SOC 1397mW/1398mW
08-10-2026 00:14:52 RAM 3937/7620MB (lfb 5x1MB) SWAP 2/12002MB (cached 0MB) CPU [2%@1510,1%@1510,3%@1510,4%@1510,2%@1510,4%@1510] GR3D_FREQ 0% cpu@47.437C soc2@46.562C soc0@44.75C gpu@46.812C tj@47.437C soc1@44.593C VDD_IN 4313mW/4220mW VDD_CPU_GPU_CV 1076mW/1050mW VDD_SOC 1395mW/1398mW
08-10-2026 00:14:53 RAM 3937/7620MB (lfb 5x1MB) SWAP 2/12002MB (cached 0MB) CPU [2%@1510,1%@1510,3%@1510,2%@1510,1%@1510,5%@1510] GR3D_FREQ 0% cpu@47.125C soc2@46.406C soc0@44.781C gpu@46.718C tj@47.125C soc1@44.718C VDD_IN 4193mW/4219mW VDD_CPU_GPU_CV 1036mW/1050mW VDD_SOC 1397mW/1398mW
08-10-2026 00:14:54 RAM 3937/7620MB (lfb 5x1MB) SWAP 2/12002MB (cached 0MB) CPU [1%@1510,2%@1510,1%@1510,2%@1510,2%@1510,6%@1510] GR3D_FREQ 0% cpu@47.281C soc2@46.375C soc0@44.687C gpu@46.812C tj@47.281C soc1@44.625C VDD_IN 4193mW/4219mW VDD_CPU_GPU_CV 1036mW/1050mW VDD_SOC 1397mW/1398mW
08-10-2026 00:14:55 RAM 3937/7620MB (lfb 5x1MB) SWAP 2/12002MB (cached 0MB) CPU [2%@1510,2%@1510,1%@1510,3%@1510,1%@1510,5%@1510] GR3D_FREQ 0% cpu@47.125C soc2@46.375C soc0@44.687C gpu@46.812C tj@47.125C soc1@44.718C VDD_IN 4193mW/4219mW VDD_CPU_GPU_CV 1036mW/1050mW VDD_SOC 1397mW/1398mW
08-10-2026 00:14:56 RAM 3937/7620MB (lfb 5x1MB) SWAP 2/12002MB (cached 0MB) CPU [3%@1510,0%@1510,0%@1510,3%@1510,0%@1510,4%@1510] GR3D_FREQ 0% cpu@47.093C soc2@46.375C soc0@44.781C gpu@46.812C tj@47.093C soc1@44.812C VDD_IN 4193mW/4219mW VDD_CPU_GPU_CV 1036mW/1050mW VDD_SOC 1397mW/1398mW
08-10-2026 00:14:57 RAM 3937/7620MB (lfb 5x1MB) SWAP 2/12002MB (cached 0MB) CPU [2%@1510,1%@1510,3%@1510,3%@1510,2%@1510,5%@1510] GR3D_FREQ 0% cpu@47.156C soc2@46.406C soc0@44.812C gpu@46.781C tj@47.187C soc1@44.843C VDD_IN 4273mW/4219mW VDD_CPU_GPU_CV 1076mW/1050mW VDD_SOC 1395mW/1398mW
08-10-2026 00:14:58 RAM 3938/7620MB (lfb 5x1MB) SWAP 2/12002MB (cached 0MB) CPU [2%@1510,3%@1510,2%@1510,3%@1510,5%@1510,5%@1510] GR3D_FREQ 0% cpu@47.093C soc2@46.375C soc0@44.781C gpu@46.375C tj@47.093C soc1@44.656C VDD_IN 4233mW/4219mW VDD_CPU_GPU_CV 1036mW/1050mW VDD_SOC 1397mW/1398mW
08-10-2026 00:14:59 RAM 3938/7620MB (lfb 5x1MB) SWAP 2/12002MB (cached 0MB) CPU [2%@1510,2%@1510,1%@1510,2%@1510,1%@1510,4%@1510] GR3D_FREQ 0% cpu@47.312C soc2@46.343C soc0@44.781C gpu@46.312C tj@47.312C soc1@44.656C VDD_IN 4193mW/4219mW VDD_CPU_GPU_CV 1036mW/1050mW VDD_SOC 1397mW/1398mW
08-10-2026 00:15:00 RAM 3938/7620MB (lfb 5x1MB) SWAP 2/12002MB (cached 0MB) CPU [3%@1510,1%@1510,1%@1510,2%@1510,0%@1510,4%@1510] GR3D_FREQ 0% cpu@47.156C soc2@46.406C soc0@44.781C gpu@46.375C tj@47.156C soc1@44.562C VDD_IN 4193mW/4219mW VDD_CPU_GPU_CV 1036mW/1049mW VDD_SOC 1397mW/1398mW
08-10-2026 00:15:01 RAM 3938/7620MB (lfb 5x1MB) SWAP 2/12002MB (cached 0MB) CPU [3%@1510,1%@1510,1%@1510,3%@1510,2%@1510,4%@1510] GR3D_FREQ 0% cpu@47.406C soc2@46.468C soc0@44.718C gpu@46.343C tj@47.406C soc1@44.687C VDD_IN 4193mW/4219mW VDD_CPU_GPU_CV 1036mW/1049mW VDD_SOC 1397mW/1398mW
08-10-2026 00:15:02 RAM 3938/7620MB (lfb 5x1MB) SWAP 2/12002MB (cached 0MB) CPU [2%@1510,2%@1510,2%@1510,2%@1510,5%@1510,7%@1510] GR3D_FREQ 0% cpu@47.031C soc2@46.343C soc0@44.718C gpu@46.375C tj@47.031C soc1@44.718C VDD_IN 4273mW/4219mW VDD_CPU_GPU_CV 1076mW/1050mW VDD_SOC 1395mW/1398mW
08-10-2026 00:15:03 RAM 3939/7620MB (lfb 5x1MB) SWAP 2/12002MB (cached 0MB) CPU [1%@1510,2%@1510,3%@1510,2%@1510,1%@1510,4%@1510] GR3D_FREQ 0% cpu@47.125C soc2@46.468C soc0@44.781C gpu@46.343C tj@47.125C soc1@44.843C VDD_IN 4233mW/4219mW VDD_CPU_GPU_CV 1076mW/1050mW VDD_SOC 1397mW/1398mW
08-10-2026 00:15:04 RAM 3939/7620MB (lfb 5x1MB) SWAP 2/12002MB (cached 0MB) CPU [3%@1510,1%@1510,1%@1510,3%@1510,2%@1510,4%@1510] GR3D_FREQ 0% cpu@47.25C soc2@46.468C soc0@44.718C gpu@46.375C tj@47.25C soc1@44.656C VDD_IN 4193mW/4219mW VDD_CPU_GPU_CV 1036mW/1050mW VDD_SOC 1397mW/1398mW
08-10-2026 00:15:05 RAM 3938/7620MB (lfb 5x1MB) SWAP 2/12002MB (cached 0MB) CPU [2%@1510,3%@1510,1%@1510,2%@1510,1%@1510,5%@1510] GR3D_FREQ 0% cpu@47.125C soc2@46.375C soc0@44.875C gpu@46.312C tj@47.125C soc1@44.562C VDD_IN 4233mW/4219mW VDD_CPU_GPU_CV 1036mW/1050mW VDD_SOC 1397mW/1398mW
08-10-2026 00:15:06 RAM 3938/7620MB (lfb 5x1MB) SWAP 2/12002MB (cached 0MB) CPU [3%@1510,1%@1510,1%@1510,1%@1510,0%@1510,6%@1510] GR3D_FREQ 0% cpu@47.375C soc2@46.406C soc0@44.718C gpu@46.375C tj@47.375C soc1@44.593C VDD_IN 4193mW/4219mW VDD_CPU_GPU_CV 1036mW/1049mW VDD_SOC 1397mW/1398mW
08-10-2026 00:15:07 RAM 3939/7620MB (lfb 5x1MB) SWAP 2/12002MB (cached 0MB) CPU [2%@1510,0%@1510,4%@1510,2%@1510,2%@1510,7%@1510] GR3D_FREQ 0% cpu@47.093C soc2@46.437C soc0@44.687C gpu@46.375C tj@47.093C soc1@44.718C VDD_IN 4313mW/4220mW VDD_CPU_GPU_CV 1076mW/1050mW VDD_SOC 1395mW/1398mW
08-10-2026 00:15:08 RAM 3939/7620MB (lfb 5x1MB) SWAP 2/12002MB (cached 0MB) CPU [2%@1510,3%@1510,1%@1510,3%@1510,1%@1510,5%@1510] GR3D_FREQ 0% cpu@47.062C soc2@46.468C soc0@44.843C gpu@46.531C tj@47.093C soc1@44.718C VDD_IN 4233mW/4220mW VDD_CPU_GPU_CV 1076mW/1050mW VDD_SOC 1397mW/1398mW
08-10-2026 00:15:09 RAM 3939/7620MB (lfb 5x1MB) SWAP 2/12002MB (cached 0MB) CPU [1%@1510,2%@1510,2%@1510,1%@1510,2%@1510,4%@1510] GR3D_FREQ 0% cpu@47C soc2@46.468C soc0@44.656C gpu@46.625C tj@47C soc1@44.812C VDD_IN 4193mW/4220mW VDD_CPU_GPU_CV 1036mW/1050mW VDD_SOC 1397mW/1398mW
08-10-2026 00:15:10 RAM 3939/7620MB (lfb 5x1MB) SWAP 2/12002MB (cached 0MB) CPU [2%@1510,2%@1510,2%@1510,2%@1510,2%@1510,4%@1510] GR3D_FREQ 0% cpu@47.187C soc2@46.406C soc0@44.843C gpu@46.406C tj@47.187C soc1@44.906C VDD_IN 4233mW/4220mW VDD_CPU_GPU_CV 1036mW/1050mW VDD_SOC 1397mW/1398mW
08-10-2026 00:15:11 RAM 3939/7620MB (lfb 5x1MB) SWAP 2/12002MB (cached 0MB) CPU [3%@1510,1%@1510,2%@1510,0%@1510,1%@1510,5%@1510] GR3D_FREQ 0% cpu@47.375C soc2@46.375C soc0@44.843C gpu@46.375C tj@47.375C soc1@44.562C VDD_IN 4193mW/4219mW VDD_CPU_GPU_CV 1036mW/1050mW VDD_SOC 1397mW/1398mW
08-10-2026 00:15:12 RAM 3939/7620MB (lfb 5x1MB) SWAP 2/12002MB (cached 0MB) CPU [3%@1510,2%@1510,3%@1510,4%@1510,1%@1510,6%@1510] GR3D_FREQ 0% cpu@47.187C soc2@46.375C soc0@44.718C gpu@46.468C tj@47.187C soc1@44.625C VDD_IN 4273mW/4220mW VDD_CPU_GPU_CV 1076mW/1050mW VDD_SOC 1395mW/1398mW
08-10-2026 00:15:13 RAM 3939/7620MB (lfb 5x1MB) SWAP 2/12002MB (cached 0MB) CPU [3%@1510,2%@1510,4%@1510,1%@1510,2%@1510,5%@1510] GR3D_FREQ 0% cpu@47.031C soc2@46.375C soc0@44.656C gpu@46.437C tj@47.031C soc1@44.718C VDD_IN 4233mW/4220mW VDD_CPU_GPU_CV 1076mW/1050mW VDD_SOC 1397mW/1398mW
08-10-2026 00:15:14 RAM 3939/7620MB (lfb 5x1MB) SWAP 2/12002MB (cached 0MB) CPU [3%@1510,1%@1510,2%@1510,2%@1510,1%@1510,6%@1510] GR3D_FREQ 0% cpu@46.968C soc2@46.375C soc0@44.718C gpu@46.562C tj@46.968C soc1@44.75C VDD_IN 4193mW/4220mW VDD_CPU_GPU_CV 1036mW/1050mW VDD_SOC 1397mW/1398mW
08-10-2026 00:15:15 RAM 3939/7620MB (lfb 5x1MB) SWAP 2/12002MB (cached 0MB) CPU [0%@1510,1%@1510,1%@1510,1%@1510,2%@1510,4%@1510] GR3D_FREQ 0% cpu@47C soc2@46.406C soc0@44.781C gpu@46.781C tj@47C soc1@44.781C VDD_IN 4193mW/4220mW VDD_CPU_GPU_CV 1036mW/1050mW VDD_SOC 1397mW/1398mW
08-10-2026 00:15:16 RAM 3939/7620MB (lfb 5x1MB) SWAP 2/12002MB (cached 0MB) CPU [2%@1510,1%@1510,2%@1510,1%@1510,1%@1510,4%@1510] GR3D_FREQ 0% cpu@47.093C soc2@46.437C soc0@44.875C gpu@46.812C tj@47.093C soc1@44.812C VDD_IN 4193mW/4219mW VDD_CPU_GPU_CV 1036mW/1050mW VDD_SOC 1397mW/1398mW
08-10-2026 00:15:17 RAM 3940/7620MB (lfb 5x1MB) SWAP 2/12002MB (cached 0MB) CPU [4%@1510,2%@1510,6%@1510,1%@1510,1%@1510,6%@1510] GR3D_FREQ 0% cpu@47.156C soc2@46.375C soc0@44.812C gpu@46.75C tj@47.156C soc1@44.656C VDD_IN 4273mW/4220mW VDD_CPU_GPU_CV 1076mW/1050mW VDD_SOC 1395mW/1398mW
08-10-2026 00:15:18 RAM 3940/7620MB (lfb 5x1MB) SWAP 2/12002MB (cached 0MB) CPU [3%@1510,1%@1510,1%@1510,2%@1510,2%@1510,8%@1510] GR3D_FREQ 0% cpu@47.031C soc2@46.468C soc0@44.562C gpu@46.843C tj@47C soc1@44.593C VDD_IN 4273mW/4220mW VDD_CPU_GPU_CV 1076mW/1050mW VDD_SOC 1397mW/1398mW
08-10-2026 00:15:19 RAM 3940/7620MB (lfb 5x1MB) SWAP 2/12002MB (cached 0MB) CPU [2%@1510,1%@1510,3%@1510,0%@1510,1%@1510,4%@1510] GR3D_FREQ 0% cpu@47.281C soc2@46.375C soc0@44.687C gpu@46.375C tj@47.281C soc1@44.687C VDD_IN 4193mW/4220mW VDD_CPU_GPU_CV 1036mW/1050mW VDD_SOC 1397mW/1398mW
08-10-2026 00:15:20 RAM 3940/7620MB (lfb 5x1MB) SWAP 2/12002MB (cached 0MB) CPU [1%@1510,0%@1510,1%@1510,4%@1510,2%@1510,4%@1510] GR3D_FREQ 0% cpu@46.906C soc2@46.375C soc0@44.75C gpu@46.312C tj@46.906C soc1@44.656C VDD_IN 4193mW/4220mW VDD_CPU_GPU_CV 1036mW/1050mW VDD_SOC 1397mW/1398mW
08-10-2026 00:15:21 RAM 3940/7620MB (lfb 5x1MB) SWAP 2/12002MB (cached 0MB) CPU [2%@1510,0%@1510,1%@1510,5%@1510,0%@1510,1%@1510] GR3D_FREQ 0% cpu@47.093C soc2@46.375C soc0@44.718C gpu@46.468C tj@47.093C soc1@44.593C VDD_IN 4153mW/4219mW VDD_CPU_GPU_CV 1036mW/1050mW VDD_SOC 1397mW/1398mW
08-10-2026 00:15:22 RAM 3940/7620MB (lfb 5x1MB) SWAP 2/12002MB (cached 0MB) CPU [2%@1510,2%@1510,5%@1510,5%@1510,1%@1510,2%@1510] GR3D_FREQ 0% cpu@47.187C soc2@46.375C soc0@44.625C gpu@46.406C tj@47.187C soc1@44.5C VDD_IN 4273mW/4220mW VDD_CPU_GPU_CV 1076mW/1050mW VDD_SOC 1395mW/1398mW
08-10-2026 00:15:23 RAM 3939/7620MB (lfb 5x1MB) SWAP 2/12002MB (cached 0MB) CPU [1%@1510,1%@1510,3%@1510,6%@1510,3%@1510,2%@1510] GR3D_FREQ 0% cpu@47C soc2@46.406C soc0@44.625C gpu@46.531C tj@47C soc1@44.656C VDD_IN 4233mW/4220mW VDD_CPU_GPU_CV 1036mW/1050mW VDD_SOC 1397mW/1398mW
08-10-2026 00:15:24 RAM 3939/7620MB (lfb 5x1MB) SWAP 2/12002MB (cached 0MB) CPU [4%@1510,1%@1510,0%@1510,5%@1510,1%@1510,1%@1510] GR3D_FREQ 0% cpu@47C soc2@46.375C soc0@44.656C gpu@46.375C tj@47C soc1@44.687C VDD_IN 4193mW/4220mW VDD_CPU_GPU_CV 1036mW/1050mW VDD_SOC 1397mW/1398mW
08-10-2026 00:15:25 RAM 3939/7620MB (lfb 5x1MB) SWAP 2/12002MB (cached 0MB) CPU [2%@1510,4%@1510,2%@1510,5%@1510,4%@1510,1%@1510] GR3D_FREQ 0% cpu@47.125C soc2@46.437C soc0@44.75C gpu@46.312C tj@47.125C soc1@44.843C VDD_IN 4193mW/4219mW VDD_CPU_GPU_CV 1036mW/1050mW VDD_SOC 1397mW/1398mW
08-10-2026 00:15:26 RAM 3939/7620MB (lfb 5x1MB) SWAP 2/12002MB (cached 0MB) CPU [1%@1510,1%@1510,2%@1510,4%@1510,1%@1510,2%@1510] GR3D_FREQ 0% cpu@47.281C soc2@46.375C soc0@44.687C gpu@46.343C tj@47.281C soc1@44.625C VDD_IN 4193mW/4219mW VDD_CPU_GPU_CV 1036mW/1049mW VDD_SOC 1397mW/1398mW
08-10-2026 00:15:27 RAM 3939/7620MB (lfb 5x1MB) SWAP 2/12002MB (cached 0MB) CPU [2%@1510,1%@1510,2%@1510,5%@1510,5%@1510,3%@1510] GR3D_FREQ 0% cpu@47.187C soc2@46.343C soc0@44.625C gpu@46.312C tj@47.187C soc1@44.562C VDD_IN 4273mW/4220mW VDD_CPU_GPU_CV 1076mW/1050mW VDD_SOC 1395mW/1398mW
08-10-2026 00:15:28 RAM 3939/7620MB (lfb 5x1MB) SWAP 2/12002MB (cached 0MB) CPU [1%@1510,2%@1510,2%@1510,5%@1510,2%@1510,2%@1510] GR3D_FREQ 0% cpu@47.125C soc2@46.375C soc0@44.687C gpu@46.593C tj@47.125C soc1@44.812C VDD_IN 4233mW/4220mW VDD_CPU_GPU_CV 1036mW/1050mW VDD_SOC 1397mW/1398mW
08-10-2026 00:15:29 RAM 3939/7620MB (lfb 5x1MB) SWAP 2/12002MB (cached 0MB) CPU [3%@1510,1%@1510,2%@1510,4%@1510,2%@1510,2%@1510] GR3D_FREQ 0% cpu@47.218C soc2@46.437C soc0@44.875C gpu@46.593C tj@47.218C soc1@44.843C VDD_IN 4193mW/4219mW VDD_CPU_GPU_CV 1036mW/1049mW VDD_SOC 1397mW/1398mW
08-10-2026 00:15:30 RAM 3939/7620MB (lfb 5x1MB) SWAP 2/12002MB (cached 0MB) CPU [1%@1510,0%@1510,1%@1510,5%@1510,3%@1510,1%@1510] GR3D_FREQ 0% cpu@47.093C soc2@46.437C soc0@44.781C gpu@46.593C tj@47C soc1@44.625C VDD_IN 4193mW/4219mW VDD_CPU_GPU_CV 1036mW/1049mW VDD_SOC 1397mW/1398mW
08-10-2026 00:15:31 RAM 3940/7620MB (lfb 5x1MB) SWAP 2/12002MB (cached 0MB) CPU [3%@1510,1%@1510,1%@1510,4%@1510,3%@1510,0%@1510] GR3D_FREQ 0% cpu@47.25C soc2@46.375C soc0@44.656C gpu@46.406C tj@47.25C soc1@44.593C VDD_IN 4193mW/4219mW VDD_CPU_GPU_CV 1036mW/1049mW VDD_SOC 1397mW/1398mW
08-10-2026 00:15:32 RAM 3940/7620MB (lfb 5x1MB) SWAP 2/12002MB (cached 0MB) CPU [1%@1510,2%@1510,4%@1510,5%@1510,5%@1510,2%@1510] GR3D_FREQ 0% cpu@47.093C soc2@46.437C soc0@44.718C gpu@46.375C tj@47.093C soc1@44.593C VDD_IN 4233mW/4219mW VDD_CPU_GPU_CV 1076mW/1049mW VDD_SOC 1395mW/1398mW
08-10-2026 00:15:33 RAM 3941/7620MB (lfb 5x1MB) SWAP 2/12002MB (cached 0MB) CPU [1%@1510,1%@1510,3%@1510,5%@1510,3%@1510,2%@1510] GR3D_FREQ 0% cpu@47.093C soc2@46.406C soc0@44.781C gpu@46.375C tj@47.093C soc1@44.781C VDD_IN 4233mW/4219mW VDD_CPU_GPU_CV 1036mW/1049mW VDD_SOC 1397mW/1398mW
08-10-2026 00:15:34 RAM 3941/7620MB (lfb 5x1MB) SWAP 2/12002MB (cached 0MB) CPU [2%@1510,2%@1510,1%@1510,5%@1510,3%@1510,0%@1510] GR3D_FREQ 0% cpu@47.218C soc2@46.562C soc0@44.687C gpu@46.406C tj@47.218C soc1@44.875C VDD_IN 4193mW/4219mW VDD_CPU_GPU_CV 1036mW/1049mW VDD_SOC 1397mW/1398mW
08-10-2026 00:15:35 RAM 3941/7620MB (lfb 5x1MB) SWAP 2/12002MB (cached 0MB) CPU [2%@1510,1%@1510,2%@1510,3%@1510,2%@1510,1%@1510] GR3D_FREQ 0% cpu@47.125C soc2@46.343C soc0@44.812C gpu@46.406C tj@47.062C soc1@44.531C VDD_IN 4193mW/4219mW VDD_CPU_GPU_CV 1036mW/1049mW VDD_SOC 1397mW/1398mW
08-10-2026 00:15:36 RAM 3941/7620MB (lfb 5x1MB) SWAP 2/12002MB (cached 0MB) CPU [2%@1510,4%@1510,2%@1510,4%@1510,2%@1510,0%@1510] GR3D_FREQ 0% cpu@47.312C soc2@46.375C soc0@44.656C gpu@46.375C tj@47.312C soc1@44.5C VDD_IN 4193mW/4219mW VDD_CPU_GPU_CV 1036mW/1049mW VDD_SOC 1397mW/1398mW
08-10-2026 00:15:37 RAM 3941/7620MB (lfb 5x1MB) SWAP 2/12002MB (cached 0MB) CPU [2%@1510,2%@1510,4%@1510,4%@1510,3%@1510,2%@1510] GR3D_FREQ 0% cpu@47C soc2@46.406C soc0@44.687C gpu@46.437C tj@47C soc1@44.656C VDD_IN 4273mW/4219mW VDD_CPU_GPU_CV 1076mW/1049mW VDD_SOC 1397mW/1398mW
08-10-2026 00:15:38 RAM 3941/7620MB (lfb 5x1MB) SWAP 2/12002MB (cached 0MB) CPU [1%@1510,2%@1510,3%@1510,5%@1510,2%@1510,1%@1510] GR3D_FREQ 0% cpu@47.062C soc2@46.437C soc0@44.687C gpu@46.593C tj@47.062C soc1@44.75C VDD_IN 4193mW/4219mW VDD_CPU_GPU_CV 1036mW/1049mW VDD_SOC 1397mW/1398mW
08-10-2026 00:15:39 RAM 3941/7620MB (lfb 5x1MB) SWAP 2/12002MB (cached 0MB) CPU [2%@1510,2%@1510,2%@1510,4%@1510,2%@1510,1%@1510] GR3D_FREQ 0% cpu@47.156C soc2@46.5C soc0@44.687C gpu@46.75C tj@47.156C soc1@44.843C VDD_IN 4193mW/4219mW VDD_CPU_GPU_CV 1036mW/1049mW VDD_SOC 1397mW/1398mW
08-10-2026 00:15:40 RAM 3941/7620MB (lfb 5x1MB) SWAP 2/12002MB (cached 0MB) CPU [3%@1510,2%@1510,1%@1510,3%@1510,2%@1510,1%@1510] GR3D_FREQ 0% cpu@47.062C soc2@46.375C soc0@44.75C gpu@46.75C tj@47.062C soc1@44.531C VDD_IN 4153mW/4219mW VDD_CPU_GPU_CV 1036mW/1049mW VDD_SOC 1397mW/1398mW
08-10-2026 00:15:41 RAM 3941/7620MB (lfb 5x1MB) SWAP 2/12002MB (cached 0MB) CPU [3%@1510,1%@1510,3%@1510,4%@1510,1%@1510,2%@1510] GR3D_FREQ 0% cpu@47.281C soc2@46.406C soc0@44.656C gpu@46.718C tj@47.281C soc1@44.687C VDD_IN 4153mW/4218mW VDD_CPU_GPU_CV 1036mW/1049mW VDD_SOC 1397mW/1398mW
08-10-2026 00:15:42 RAM 3943/7620MB (lfb 5x1MB) SWAP 2/12002MB (cached 0MB) CPU [2%@1510,47%@1510,5%@1510,2%@1510,2%@1510,4%@1510] GR3D_FREQ 0% cpu@47.125C soc2@46.406C soc0@44.656C gpu@46.812C tj@47.125C soc1@44.656C VDD_IN 4769mW/4221mW VDD_CPU_GPU_CV 1388mW/1051mW VDD_SOC 1430mW/1398mW
08-10-2026 00:15:43 RAM 3945/7620MB (lfb 5x1MB) SWAP 2/12002MB (cached 0MB) CPU [11%@1510,80%@1510,10%@1510,11%@1510,2%@1510,9%@1510] GR3D_FREQ 0% cpu@47.125C soc2@46.5C soc0@44.812C gpu@46.375C tj@47.125C soc1@44.718C VDD_IN 4729mW/4223mW VDD_CPU_GPU_CV 1388mW/1052mW VDD_SOC 1430mW/1398mW
08-10-2026 00:15:44 RAM 3945/7620MB (lfb 5x1MB) SWAP 2/12002MB (cached 0MB) CPU [0%@1510,0%@1510,0%@1510,0%@1510,0%@1510,1%@1510] GR3D_FREQ 0% cpu@46.937C soc2@46.437C soc0@44.781C gpu@46.343C tj@46.937C soc1@44.781C VDD_IN 4153mW/4223mW VDD_CPU_GPU_CV 996mW/1052mW VDD_SOC 1397mW/1398mW
08-10-2026 00:15:45 RAM 3945/7620MB (lfb 5x1MB) SWAP 2/12002MB (cached 0MB) CPU [1%@1510,0%@1510,0%@1510,0%@1510,0%@1510,0%@1510] GR3D_FREQ 0% cpu@47.062C soc2@46.5C soc0@44.75C gpu@46.375C tj@47.062C soc1@44.656C VDD_IN 4113mW/4222mW VDD_CPU_GPU_CV 996mW/1051mW VDD_SOC 1397mW/1398mW
08-10-2026 00:15:46 RAM 3945/7620MB (lfb 5x1MB) SWAP 2/12002MB (cached 0MB) CPU [1%@1510,0%@1510,0%@1510,0%@1510,1%@1510,0%@1510] GR3D_FREQ 0% cpu@47.218C soc2@46.437C soc0@44.781C gpu@46.343C tj@47.218C soc1@44.625C VDD_IN 4113mW/4222mW VDD_CPU_GPU_CV 996mW/1051mW VDD_SOC 1397mW/1398mW
08-10-2026 00:15:47 RAM 3946/7620MB (lfb 5x1MB) SWAP 2/12002MB (cached 0MB) CPU [1%@1510,1%@1510,2%@1510,2%@1510,1%@1510,3%@1510] GR3D_FREQ 0% cpu@47C soc2@46.375C soc0@44.812C gpu@46.343C tj@47C soc1@44.625C VDD_IN 4193mW/4222mW VDD_CPU_GPU_CV 996mW/1051mW VDD_SOC 1397mW/1398mW
08-10-2026 00:15:48 RAM 3947/7620MB (lfb 5x1MB) SWAP 2/12002MB (cached 0MB) CPU [0%@1510,0%@1510,0%@1510,0%@1510,1%@1510,1%@1510] GR3D_FREQ 0% cpu@47.343C soc2@46.375C soc0@44.75C gpu@46.343C tj@47.343C soc1@44.562C VDD_IN 4113mW/4221mW VDD_CPU_GPU_CV 996mW/1051mW VDD_SOC 1397mW/1398mW
08-10-2026 00:15:49 RAM 3947/7620MB (lfb 5x1MB) SWAP 2/12002MB (cached 0MB) CPU [0%@1510,1%@1510,0%@1510,0%@1510,0%@1510,0%@1510] GR3D_FREQ 0% cpu@47.031C soc2@46.343C soc0@44.75C gpu@46.343C tj@47.031C soc1@44.718C VDD_IN 4113mW/4221mW VDD_CPU_GPU_CV 996mW/1051mW VDD_SOC 1397mW/1398mW
08-10-2026 00:15:50 RAM 3947/7620MB (lfb 5x1MB) SWAP 2/12002MB (cached 0MB) CPU [2%@1510,1%@1510,0%@1510,0%@1510,0%@1510,0%@1510] GR3D_FREQ 0% cpu@47.125C soc2@46.468C soc0@44.656C gpu@46.312C tj@47.125C soc1@44.687C VDD_IN 4113mW/4220mW VDD_CPU_GPU_CV 996mW/1050mW VDD_SOC 1397mW/1398mW
08-10-2026 00:15:51 RAM 3067/7620MB (lfb 30x4MB) SWAP 2/12002MB (cached 0MB) CPU [1%@1510,4%@1510,0%@1510,0%@1510,3%@1510,0%@1510] GR3D_FREQ 0% cpu@47C soc2@46.375C soc0@44.75C gpu@46.312C tj@47C soc1@44.531C VDD_IN 4193mW/4220mW VDD_CPU_GPU_CV 1036mW/1050mW VDD_SOC 1397mW/1398mW
08-10-2026 00:15:52 RAM 3067/7620MB (lfb 30x4MB) SWAP 2/12002MB (cached 0MB) CPU [2%@1510,1%@1510,0%@1510,1%@1510,0%@1510,3%@1510] GR3D_FREQ 0% cpu@47.062C soc2@46.312C soc0@44.75C gpu@46.375C tj@47.062C soc1@44.625C VDD_IN 4153mW/4220mW VDD_CPU_GPU_CV 996mW/1050mW VDD_SOC 1397mW/1398mW
08-10-2026 00:15:53 RAM 3067/7620MB (lfb 30x4MB) SWAP 2/12002MB (cached 0MB) CPU [1%@1510,1%@1510,1%@1510,0%@1510,1%@1510,1%@1510] GR3D_FREQ 0% cpu@47.375C soc2@46.406C soc0@44.875C gpu@46.375C tj@47.375C soc1@44.687C VDD_IN 4113mW/4219mW VDD_CPU_GPU_CV 996mW/1050mW VDD_SOC 1397mW/1398mW
08-10-2026 00:15:54 RAM 3067/7620MB (lfb 30x4MB) SWAP 2/12002MB (cached 0MB) CPU [0%@1510,1%@1510,0%@1510,0%@1510,0%@1510,0%@1510] GR3D_FREQ 0% cpu@47.093C soc2@46.406C soc0@44.687C gpu@46.406C tj@47.093C soc1@44.625C VDD_IN 4113mW/4219mW VDD_CPU_GPU_CV 996mW/1050mW VDD_SOC 1397mW/1398mW
