08-23-2026 05:06:22 RAM 2314/7620MB (lfb 26x4MB) SWAP 0/12002MB (cached 0MB) CPU [1%@1510,0%@1510,0%@1510,0%@1510,0%@1510,1%@1510] GR3D_FREQ 0% cpu@47.062C soc2@46.468C soc0@44.937C gpu@46.375C tj@47.125C soc1@44.781C VDD_IN 4252mW/4252mW VDD_CPU_GPU_CV 992mW/992mW VDD_SOC 1391mW/1391mW
08-23-2026 05:06:23 RAM 2314/7620MB (lfb 26x4MB) SWAP 0/12002MB (cached 0MB) CPU [1%@1510,0%@1510,0%@1510,0%@1510,0%@1510,0%@1510] GR3D_FREQ 0% cpu@47.093C soc2@46.562C soc0@44.75C gpu@46.375C tj@47.093C soc1@44.843C VDD_IN 4212mW/4232mW VDD_CPU_GPU_CV 952mW/972mW VDD_SOC 1391mW/1391mW
08-23-2026 05:06:24 RAM 2315/7620MB (lfb 26x4MB) SWAP 0/12002MB (cached 0MB) CPU [1%@1510,6%@1510,0%@1510,0%@1510,3%@1510,1%@1510] GR3D_FREQ 0% cpu@47.25C soc2@46.406C soc0@44.812C gpu@46.468C tj@47.25C soc1@44.875C VDD_IN 4252mW/4238mW VDD_CPU_GPU_CV 992mW/978mW VDD_SOC 1391mW/1391mW
08-23-2026 05:06:25 RAM 2314/7620MB (lfb 26x4MB) SWAP 0/12002MB (cached 0MB) CPU [0%@1510,0%@1510,0%@1510,0%@1510,0%@1510,2%@1510] GR3D_FREQ 0% cpu@47.093C soc2@46.468C soc0@44.875C gpu@46.375C tj@47.093C soc1@44.75C VDD_IN 4252mW/4242mW VDD_CPU_GPU_CV 992mW/982mW VDD_SOC 1391mW/1391mW
08-23-2026 05:06:27 RAM 2313/7620MB (lfb 26x4MB) SWAP 0/12002MB (cached 0MB) CPU [0%@1510,0%@1510,0%@1510,0%@1510,0%@1510,1%@1510] GR3D_FREQ 0% cpu@47.062C soc2@46.468C soc0@44.875C gpu@46.437C tj@47.062C soc1@44.75C VDD_IN 4212mW/4236mW VDD_CPU_GPU_CV 992mW/984mW VDD_SOC 1391mW/1391mW
08-23-2026 05:06:28 RAM 2313/7620MB (lfb 26x4MB) SWAP 0/12002MB (cached 0MB) CPU [0%@1510,0%@1510,0%@1510,0%@1510,0%@1510,0%@1510] GR3D_FREQ 0% cpu@47.093C soc2@46.468C soc0@44.937C gpu@46.406C tj@47.093C soc1@44.843C VDD_IN 4212mW/4232mW VDD_CPU_GPU_CV 952mW/978mW VDD_SOC 1391mW/1391mW
08-23-2026 05:06:29 RAM 2313/7620MB (lfb 26x4MB) SWAP 0/12002MB (cached 0MB) CPU [0%@1510,0%@1510,0%@1510,0%@1510,0%@1510,0%@1510] GR3D_FREQ 0% cpu@47.031C soc2@46.562C soc0@44.875C gpu@46.5C tj@47.031C soc1@44.843C VDD_IN 4173mW/4223mW VDD_CPU_GPU_CV 952mW/974mW VDD_SOC 1391mW/1391mW
08-23-2026 05:06:30 RAM 2314/7620MB (lfb 26x4MB) SWAP 0/12002MB (cached 0MB) CPU [2%@1510,7%@1510,1%@1510,0%@1510,2%@1510,0%@1510] GR3D_FREQ 0% cpu@47.281C soc2@46.468C soc0@44.812C gpu@46.375C tj@47.281C soc1@44.843C VDD_IN 4252mW/4227mW VDD_CPU_GPU_CV 992mW/977mW VDD_SOC 1391mW/1391mW
08-23-2026 05:06:31 RAM 2314/7620MB (lfb 26x4MB) SWAP 0/12002MB (cached 0MB) CPU [0%@1510,0%@1510,0%@1510,0%@1510,0%@1510,1%@1510] GR3D_FREQ 0% cpu@47.062C soc2@46.375C soc0@44.75C gpu@46.437C tj@47.062C soc1@44.687C VDD_IN 4212mW/4225mW VDD_CPU_GPU_CV 952mW/974mW VDD_SOC 1391mW/1391mW
08-23-2026 05:06:32 RAM 2314/7620MB (lfb 26x4MB) SWAP 0/12002MB (cached 0MB) CPU [0%@1510,0%@1510,0%@1510,0%@1510,0%@1510,0%@1510] GR3D_FREQ 0% cpu@47.343C soc2@46.437C soc0@44.875C gpu@46.375C tj@47.343C soc1@44.781C VDD_IN 4212mW/4224mW VDD_CPU_GPU_CV 952mW/972mW VDD_SOC 1391mW/1391mW
08-23-2026 05:06:33 RAM 2314/7620MB (lfb 26x4MB) SWAP 0/12002MB (cached 0MB) CPU [0%@1510,0%@1510,0%@1510,0%@1510,0%@1510,0%@1510] GR3D_FREQ 0% cpu@47.093C soc2@46.406C soc0@44.875C gpu@46.687C tj@47.093C soc1@44.718C VDD_IN 4212mW/4223mW VDD_CPU_GPU_CV 952mW/970mW VDD_SOC 1391mW/1391mW
08-23-2026 05:06:34 RAM 2314/7620MB (lfb 26x4MB) SWAP 0/12002MB (cached 0MB) CPU [0%@1510,0%@1510,0%@1510,0%@1510,0%@1510,0%@1510] GR3D_FREQ 0% cpu@47C soc2@46.406C soc0@44.75C gpu@46.656C tj@47C soc1@44.75C VDD_IN 4212mW/4222mW VDD_CPU_GPU_CV 952mW/968mW VDD_SOC 1391mW/1391mW
08-23-2026 05:06:35 RAM 2313/7620MB (lfb 26x4MB) SWAP 0/12002MB (cached 0MB) CPU [1%@1510,2%@1510,1%@1510,1%@1510,5%@1510,2%@1510] GR3D_FREQ 0% cpu@47.187C soc2@46.468C soc0@44.812C gpu@46.687C tj@47.187C soc1@44.812C VDD_IN 4252mW/4224mW VDD_CPU_GPU_CV 992mW/970mW VDD_SOC 1391mW/1391mW
08-23-2026 05:06:36 RAM 2313/7620MB (lfb 26x4MB) SWAP 0/12002MB (cached 0MB) CPU [0%@1510,0%@1510,0%@1510,0%@1510,0%@1510,0%@1510] GR3D_FREQ 0% cpu@47.093C soc2@46.406C soc0@44.812C gpu@46.75C tj@47.093C soc1@44.875C VDD_IN 4212mW/4223mW VDD_CPU_GPU_CV 952mW/969mW VDD_SOC 1391mW/1391mW
08-23-2026 05:06:37 RAM 2313/7620MB (lfb 26x4MB) SWAP 0/12002MB (cached 0MB) CPU [0%@1510,0%@1510,0%@1510,0%@1510,0%@1510,0%@1510] GR3D_FREQ 0% cpu@47.25C soc2@46.437C soc0@44.812C gpu@46.75C tj@47.25C soc1@45C VDD_IN 4212mW/4222mW VDD_CPU_GPU_CV 952mW/968mW VDD_SOC 1391mW/1391mW
08-23-2026 05:06:38 RAM 2313/7620MB (lfb 26x4MB) SWAP 0/12002MB (cached 0MB) CPU [0%@1510,0%@1510,0%@1510,0%@1510,0%@1510,0%@1510] GR3D_FREQ 0% cpu@47.062C soc2@46.406C soc0@44.875C gpu@46.781C tj@47.062C soc1@44.656C VDD_IN 4173mW/4219mW VDD_CPU_GPU_CV 952mW/967mW VDD_SOC 1391mW/1391mW
08-23-2026 05:06:39 RAM 2313/7620MB (lfb 26x4MB) SWAP 0/12002MB (cached 0MB) CPU [0%@1510,0%@1510,0%@1510,1%@1510,0%@1510,0%@1510] GR3D_FREQ 0% cpu@47.093C soc2@46.5C soc0@45C gpu@46.781C tj@47.093C soc1@44.781C VDD_IN 4173mW/4216mW VDD_CPU_GPU_CV 952mW/966mW VDD_SOC 1391mW/1391mW
08-23-2026 05:06:40 RAM 2314/7620MB (lfb 26x4MB) SWAP 0/12002MB (cached 0MB) CPU [0%@1510,0%@1510,6%@1510,0%@1510,1%@1510,2%@1510] GR3D_FREQ 0% cpu@47.093C soc2@46.468C soc0@45.031C gpu@46.843C tj@47.093C soc1@44.812C VDD_IN 4252mW/4218mW VDD_CPU_GPU_CV 992mW/967mW VDD_SOC 1391mW/1391mW
08-23-2026 05:06:41 RAM 2314/7620MB (lfb 26x4MB) SWAP 0/12002MB (cached 0MB) CPU [0%@1510,0%@1510,0%@1510,0%@1510,0%@1510,0%@1510] GR3D_FREQ 0% cpu@47.093C soc2@46.593C soc0@44.843C gpu@46.843C tj@47.093C soc1@44.812C VDD_IN 4212mW/4218mW VDD_CPU_GPU_CV 952mW/966mW VDD_SOC 1391mW/1391mW
08-23-2026 05:06:42 RAM 2314/7620MB (lfb 26x4MB) SWAP 0/12002MB (cached 0MB) CPU [0%@1510,0%@1510,0%@1510,0%@1510,0%@1510,0%@1510] GR3D_FREQ 0% cpu@47.343C soc2@46.437C soc0@44.875C gpu@46.843C tj@47.343C soc1@44.843C VDD_IN 4212mW/4218mW VDD_CPU_GPU_CV 952mW/966mW VDD_SOC 1391mW/1391mW
08-23-2026 05:06:43 RAM 2314/7620MB (lfb 26x4MB) SWAP 0/12002MB (cached 0MB) CPU [0%@1510,0%@1510,0%@1510,0%@1510,0%@1510,0%@1510] GR3D_FREQ 0% cpu@47.062C soc2@46.437C soc0@44.781C gpu@46.468C tj@47.062C soc1@44.656C VDD_IN 4173mW/4216mW VDD_CPU_GPU_CV 952mW/965mW VDD_SOC 1391mW/1391mW
08-23-2026 05:06:44 RAM 2314/7620MB (lfb 26x4MB) SWAP 0/12002MB (cached 0MB) CPU [0%@1510,0%@1510,0%@1510,0%@1510,0%@1510,0%@1510] GR3D_FREQ 0% cpu@46.968C soc2@46.5C soc0@44.812C gpu@46.343C tj@46.968C soc1@44.781C VDD_IN 4173mW/4214mW VDD_CPU_GPU_CV 952mW/964mW VDD_SOC 1391mW/1391mW
08-23-2026 05:06:45 RAM 2313/7620MB (lfb 26x4MB) SWAP 0/12002MB (cached 0MB) CPU [2%@1510,0%@1510,3%@1510,1%@1510,1%@1510,7%@1510] GR3D_FREQ 0% cpu@47C soc2@46.437C soc0@44.937C gpu@46.406C tj@47C soc1@44.75C VDD_IN 4252mW/4215mW VDD_CPU_GPU_CV 992mW/965mW VDD_SOC 1391mW/1391mW
08-23-2026 05:06:46 RAM 2313/7620MB (lfb 26x4MB) SWAP 0/12002MB (cached 0MB) CPU [0%@1510,0%@1510,0%@1510,0%@1510,0%@1510,0%@1510] GR3D_FREQ 0% cpu@47.093C soc2@46.5C soc0@44.75C gpu@46.375C tj@47.093C soc1@44.718C VDD_IN 4212mW/4215mW VDD_CPU_GPU_CV 952mW/965mW VDD_SOC 1391mW/1391mW
08-23-2026 05:06:47 RAM 2313/7620MB (lfb 26x4MB) SWAP 0/12002MB (cached 0MB) CPU [0%@1510,0%@1510,0%@1510,0%@1510,0%@1510,1%@1510] GR3D_FREQ 0% cpu@47.312C soc2@46.437C soc0@44.781C gpu@46.375C tj@47.312C soc1@44.906C VDD_IN 4212mW/4215mW VDD_CPU_GPU_CV 952mW/964mW VDD_SOC 1391mW/1391mW
08-23-2026 05:06:48 RAM 2313/7620MB (lfb 26x4MB) SWAP 0/12002MB (cached 0MB) CPU [1%@1510,0%@1510,0%@1510,0%@1510,0%@1510,0%@1510] GR3D_FREQ 0% cpu@47.093C soc2@46.406C soc0@44.812C gpu@46.468C tj@47.093C soc1@44.968C VDD_IN 4212mW/4215mW VDD_CPU_GPU_CV 952mW/964mW VDD_SOC 1391mW/1391mW
08-23-2026 05:06:49 RAM 2313/7620MB (lfb 26x4MB) SWAP 0/12002MB (cached 0MB) CPU [0%@1510,1%@1510,0%@1510,0%@1510,0%@1510,0%@1510] GR3D_FREQ 0% cpu@47.343C soc2@46.375C soc0@44.875C gpu@46.375C tj@47.343C soc1@44.687C VDD_IN 4212mW/4215mW VDD_CPU_GPU_CV 952mW/963mW VDD_SOC 1391mW/1391mW
08-23-2026 05:06:50 RAM 2313/7620MB (lfb 26x4MB) SWAP 0/12002MB (cached 0MB) CPU [0%@1510,0%@1510,4%@1510,2%@1510,3%@1510,3%@1510] GR3D_FREQ 0% cpu@47C soc2@46.375C soc0@44.843C gpu@46.562C tj@47C soc1@44.687C VDD_IN 4252mW/4216mW VDD_CPU_GPU_CV 992mW/964mW VDD_SOC 1391mW/1391mW
08-23-2026 05:06:51 RAM 2313/7620MB (lfb 26x4MB) SWAP 0/12002MB (cached 0MB) CPU [0%@1510,0%@1510,0%@1510,0%@1510,0%@1510,0%@1510] GR3D_FREQ 0% cpu@47.062C soc2@46.406C soc0@44.906C gpu@46.562C tj@47.062C soc1@44.75C VDD_IN 4212mW/4216mW VDD_CPU_GPU_CV 952mW/964mW VDD_SOC 1391mW/1391mW
08-23-2026 05:06:52 RAM 2327/7620MB (lfb 26x4MB) SWAP 0/12002MB (cached 0MB) CPU [7%@1510,7%@1510,7%@1510,7%@1510,7%@1510,17%@1510] GR3D_FREQ 0% cpu@47.406C soc2@46.531C soc0@44.718C gpu@46.593C tj@47.406C soc1@44.781C VDD_IN 4769mW/4234mW VDD_CPU_GPU_CV 1426mW/979mW VDD_SOC 1388mW/1390mW
08-23-2026 05:06:53 RAM 2475/7620MB (lfb 13x4MB) SWAP 0/12002MB (cached 0MB) CPU [0%@1510,0%@1510,3%@1510,1%@1510,0%@1510,100%@1510] GR3D_FREQ 0% cpu@47.406C soc2@46.5C soc0@44.875C gpu@46.687C tj@47.406C soc1@44.875C VDD_IN 5079mW/4261mW VDD_CPU_GPU_CV 1545mW/998mW VDD_SOC 1428mW/1392mW
08-23-2026 05:06:54 RAM 2516/7620MB (lfb 13x4MB) SWAP 0/12002MB (cached 0MB) CPU [18%@1510,0%@1510,0%@1510,2%@1510,1%@1510,100%@1510] GR3D_FREQ 0% cpu@47.843C soc2@46.468C soc0@44.875C gpu@46.687C tj@47.843C soc1@44.718C VDD_IN 5317mW/4294mW VDD_CPU_GPU_CV 1703mW/1020mW VDD_SOC 1468mW/1394mW
08-23-2026 05:06:55 RAM 2538/7620MB (lfb 13x4MB) SWAP 0/12002MB (cached 0MB) CPU [26%@1510,4%@1510,3%@1510,3%@1510,7%@1510,44%@1510] GR3D_FREQ 0% cpu@47.281C soc2@46.531C soc0@44.906C gpu@46.812C tj@47.093C soc1@44.843C VDD_IN 4570mW/4303mW VDD_CPU_GPU_CV 1230mW/1026mW VDD_SOC 1428mW/1395mW
08-23-2026 05:06:56 RAM 2551/7620MB (lfb 13x4MB) SWAP 0/12002MB (cached 0MB) CPU [7%@1510,7%@1510,7%@1510,7%@1510,7%@1510,19%@1510] GR3D_FREQ 0% cpu@47.375C soc2@46.562C soc0@44.906C gpu@46.718C tj@47.406C soc1@44.812C VDD_IN 4801mW/4317mW VDD_CPU_GPU_CV 1465mW/1039mW VDD_SOC 1388mW/1395mW
08-23-2026 05:06:57 RAM 2877/7620MB (lfb 4x4MB) SWAP 0/12002MB (cached 0MB) CPU [2%@1510,1%@1510,2%@1510,5%@1510,7%@1510,96%@1510] GR3D_FREQ 0% cpu@47.5C soc2@46.531C soc0@44.781C gpu@46.812C tj@47.5C soc1@44.937C VDD_IN 5317mW/4346mW VDD_CPU_GPU_CV 1624mW/1056mW VDD_SOC 1507mW/1398mW
08-23-2026 05:06:58 RAM 2955/7620MB (lfb 5x4MB) SWAP 0/12002MB (cached 0MB) CPU [3%@1510,1%@1510,0%@1510,4%@1510,1%@1510,22%@1510] GR3D_FREQ 0% cpu@47.218C soc2@46.562C soc0@44.843C gpu@46.843C tj@47.218C soc1@44.968C VDD_IN 4491mW/4350mW VDD_CPU_GPU_CV 1150mW/1058mW VDD_SOC 1430mW/1399mW
08-23-2026 05:06:59 RAM 2954/7620MB (lfb 5x4MB) SWAP 0/12002MB (cached 0MB) CPU [2%@1510,0%@1510,0%@1510,1%@1510,0%@1510,3%@1510] GR3D_FREQ 0% cpu@47.531C soc2@46.5C soc0@44.843C gpu@46.843C tj@47.531C soc1@44.937C VDD_IN 4332mW/4349mW VDD_CPU_GPU_CV 1031mW/1057mW VDD_SOC 1391mW/1399mW
08-23-2026 05:07:00 RAM 2956/7620MB (lfb 5x4MB) SWAP 0/12002MB (cached 0MB) CPU [12%@1510,14%@1510,10%@1510,6%@1510,8%@1510,10%@1510] GR3D_FREQ 0% cpu@47.343C soc2@46.562C soc0@44.843C gpu@46.562C tj@47.343C soc1@44.843C VDD_IN 4570mW/4355mW VDD_CPU_GPU_CV 1190mW/1061mW VDD_SOC 1428mW/1399mW
08-23-2026 05:07:01 RAM 2955/7620MB (lfb 5x4MB) SWAP 0/12002MB (cached 0MB) CPU [1%@1510,0%@1510,0%@1510,2%@1510,1%@1510,3%@1510] GR3D_FREQ 0% cpu@47.093C soc2@46.562C soc0@44.875C gpu@46.562C tj@47.093C soc1@44.843C VDD_IN 4292mW/4354mW VDD_CPU_GPU_CV 1031mW/1060mW VDD_SOC 1391mW/1399mW
08-23-2026 05:07:02 RAM 2955/7620MB (lfb 5x4MB) SWAP 0/12002MB (cached 0MB) CPU [2%@1510,0%@1510,0%@1510,1%@1510,1%@1510,3%@1510] GR3D_FREQ 0% cpu@47.062C soc2@46.531C soc0@44.875C gpu@46.468C tj@47.062C soc1@44.718C VDD_IN 4252mW/4351mW VDD_CPU_GPU_CV 992mW/1058mW VDD_SOC 1391mW/1399mW
08-23-2026 05:07:03 RAM 2956/7620MB (lfb 5x4MB) SWAP 0/12002MB (cached 0MB) CPU [2%@1510,1%@1510,2%@1510,4%@1510,2%@1510,4%@1510] GR3D_FREQ 0% cpu@47.156C soc2@46.562C soc0@44.875C gpu@46.5C tj@47.156C soc1@44.875C VDD_IN 4332mW/4351mW VDD_CPU_GPU_CV 1031mW/1058mW VDD_SOC 1391mW/1399mW
08-23-2026 05:07:04 RAM 2956/7620MB (lfb 5x4MB) SWAP 0/12002MB (cached 0MB) CPU [3%@1510,1%@1510,0%@1510,2%@1510,1%@1510,3%@1510] GR3D_FREQ 0% cpu@47.406C soc2@46.437C soc0@44.843C gpu@46.531C tj@47.406C soc1@44.906C VDD_IN 4292mW/4349mW VDD_CPU_GPU_CV 1031mW/1057mW VDD_SOC 1391mW/1399mW
08-23-2026 05:07:05 RAM 2956/7620MB (lfb 5x4MB) SWAP 0/12002MB (cached 0MB) CPU [2%@1510,1%@1510,0%@1510,0%@1510,0%@1510,3%@1510] GR3D_FREQ 0% cpu@47.218C soc2@46.437C soc0@44.843C gpu@46.531C tj@47.218C soc1@44.75C VDD_IN 4252mW/4347mW VDD_CPU_GPU_CV 992mW/1056mW VDD_SOC 1391mW/1398mW
08-23-2026 05:07:06 RAM 2956/7620MB (lfb 5x4MB) SWAP 0/12002MB (cached 0MB) CPU [2%@1510,2%@1510,0%@1510,1%@1510,0%@1510,2%@1510] GR3D_FREQ 0% cpu@46.968C soc2@46.5C soc0@44.875C gpu@46.562C tj@46.968C soc1@44.718C VDD_IN 4252mW/4345mW VDD_CPU_GPU_CV 992mW/1054mW VDD_SOC 1391mW/1398mW
08-23-2026 05:07:07 RAM 2956/7620MB (lfb 5x4MB) SWAP 0/12002MB (cached 0MB) CPU [3%@1510,0%@1510,0%@1510,2%@1510,1%@1510,5%@1510] GR3D_FREQ 0% cpu@47.093C soc2@46.5C soc0@44.937C gpu@46.531C tj@47.093C soc1@44.718C VDD_IN 4292mW/4344mW VDD_CPU_GPU_CV 992mW/1053mW VDD_SOC 1391mW/1398mW
08-23-2026 05:07:08 RAM 2956/7620MB (lfb 5x4MB) SWAP 0/12002MB (cached 0MB) CPU [2%@1510,1%@1510,3%@1510,2%@1510,3%@1510,4%@1510] GR3D_FREQ 0% cpu@47.25C soc2@46.531C soc0@44.781C gpu@46.531C tj@47.25C soc1@44.75C VDD_IN 4332mW/4343mW VDD_CPU_GPU_CV 1031mW/1052mW VDD_SOC 1391mW/1398mW
08-23-2026 05:07:09 RAM 2957/7620MB (lfb 5x4MB) SWAP 0/12002MB (cached 0MB) CPU [3%@1510,1%@1510,1%@1510,1%@1510,1%@1510,4%@1510] GR3D_FREQ 0% cpu@47.406C soc2@46.437C soc0@44.812C gpu@46.406C tj@47.406C soc1@44.937C VDD_IN 4292mW/4342mW VDD_CPU_GPU_CV 1031mW/1052mW VDD_SOC 1391mW/1398mW
08-23-2026 05:07:10 RAM 2957/7620MB (lfb 5x4MB) SWAP 0/12002MB (cached 0MB) CPU [1%@1510,2%@1510,1%@1510,1%@1510,1%@1510,2%@1510] GR3D_FREQ 0% cpu@47.218C soc2@46.437C soc0@44.812C gpu@46.406C tj@47.218C soc1@44.75C VDD_IN 4252mW/4340mW VDD_CPU_GPU_CV 992mW/1050mW VDD_SOC 1391mW/1398mW
08-23-2026 05:07:11 RAM 2957/7620MB (lfb 5x4MB) SWAP 0/12002MB (cached 0MB) CPU [2%@1510,1%@1510,1%@1510,2%@1510,1%@1510,4%@1510] GR3D_FREQ 0% cpu@47.031C soc2@46.437C soc0@44.875C gpu@46.406C tj@47.031C soc1@44.781C VDD_IN 4292mW/4339mW VDD_CPU_GPU_CV 1031mW/1050mW VDD_SOC 1391mW/1397mW
08-23-2026 05:07:12 RAM 2957/7620MB (lfb 5x4MB) SWAP 0/12002MB (cached 0MB) CPU [2%@1510,0%@1510,1%@1510,3%@1510,0%@1510,2%@1510] GR3D_FREQ 0% cpu@47.093C soc2@46.531C soc0@44.875C gpu@46.406C tj@47.093C soc1@44.812C VDD_IN 4292mW/4338mW VDD_CPU_GPU_CV 992mW/1049mW VDD_SOC 1391mW/1397mW
08-23-2026 05:07:13 RAM 2958/7620MB (lfb 5x4MB) SWAP 0/12002MB (cached 0MB) CPU [1%@1510,1%@1510,2%@1510,4%@1510,2%@1510,4%@1510] GR3D_FREQ 0% cpu@47.187C soc2@46.531C soc0@44.812C gpu@46.406C tj@47.187C soc1@44.75C VDD_IN 4332mW/4338mW VDD_CPU_GPU_CV 1031mW/1049mW VDD_SOC 1391mW/1397mW
08-23-2026 05:07:14 RAM 2959/7620MB (lfb 5x4MB) SWAP 0/12002MB (cached 0MB) CPU [3%@1510,2%@1510,1%@1510,1%@1510,1%@1510,2%@1510] GR3D_FREQ 0% cpu@47.406C soc2@46.437C soc0@44.843C gpu@46.406C tj@47.406C soc1@44.843C VDD_IN 4292mW/4337mW VDD_CPU_GPU_CV 1031mW/1048mW VDD_SOC 1391mW/1397mW
08-23-2026 05:07:15 RAM 2959/7620MB (lfb 5x4MB) SWAP 0/12002MB (cached 0MB) CPU [1%@1510,0%@1510,2%@1510,0%@1510,3%@1510,3%@1510] GR3D_FREQ 0% cpu@47.281C soc2@46.468C soc0@44.875C gpu@46.437C tj@47.281C soc1@44.781C VDD_IN 4252mW/4336mW VDD_CPU_GPU_CV 992mW/1047mW VDD_SOC 1391mW/1397mW
08-23-2026 05:07:16 RAM 2959/7620MB (lfb 5x4MB) SWAP 0/12002MB (cached 0MB) CPU [3%@1510,1%@1510,1%@1510,0%@1510,0%@1510,4%@1510] GR3D_FREQ 0% cpu@47.093C soc2@46.5C soc0@44.875C gpu@46.531C tj@47.093C soc1@44.812C VDD_IN 4252mW/4334mW VDD_CPU_GPU_CV 992mW/1046mW VDD_SOC 1391mW/1397mW
08-23-2026 05:07:17 RAM 2959/7620MB (lfb 5x4MB) SWAP 0/12002MB (cached 0MB) CPU [2%@1510,0%@1510,2%@1510,1%@1510,0%@1510,2%@1510] GR3D_FREQ 0% cpu@47.093C soc2@46.531C soc0@44.968C gpu@46.718C tj@47.093C soc1@44.75C VDD_IN 4292mW/4333mW VDD_CPU_GPU_CV 992mW/1045mW VDD_SOC 1391mW/1397mW
08-23-2026 05:07:18 RAM 2959/7620MB (lfb 5x4MB) SWAP 0/12002MB (cached 0MB) CPU [2%@1510,0%@1510,1%@1510,3%@1510,4%@1510,4%@1510] GR3D_FREQ 0% cpu@47.312C soc2@46.656C soc0@44.812C gpu@46.843C tj@47.312C soc1@44.906C VDD_IN 4292mW/4333mW VDD_CPU_GPU_CV 1031mW/1045mW VDD_SOC 1391mW/1397mW
08-23-2026 05:07:19 RAM 2958/7620MB (lfb 5x4MB) SWAP 0/12002MB (cached 0MB) CPU [2%@1510,1%@1510,2%@1510,2%@1510,1%@1510,3%@1510] GR3D_FREQ 0% cpu@47.125C soc2@46.593C soc0@44.875C gpu@46.718C tj@47.468C soc1@44.875C VDD_IN 4292mW/4332mW VDD_CPU_GPU_CV 1031mW/1045mW VDD_SOC 1391mW/1396mW
08-23-2026 05:07:20 RAM 2958/7620MB (lfb 5x4MB) SWAP 0/12002MB (cached 0MB) CPU [2%@1510,0%@1510,1%@1510,0%@1510,1%@1510,3%@1510] GR3D_FREQ 0% cpu@47.187C soc2@46.406C soc0@44.875C gpu@46.812C tj@47.187C soc1@44.906C VDD_IN 4252mW/4331mW VDD_CPU_GPU_CV 992mW/1044mW VDD_SOC 1391mW/1396mW
08-23-2026 05:07:21 RAM 2958/7620MB (lfb 5x4MB) SWAP 0/12002MB (cached 0MB) CPU [2%@1510,0%@1510,2%@1510,0%@1510,1%@1510,2%@1510] GR3D_FREQ 0% cpu@47.031C soc2@46.468C soc0@44.843C gpu@46.843C tj@47.031C soc1@44.781C VDD_IN 4252mW/4329mW VDD_CPU_GPU_CV 992mW/1043mW VDD_SOC 1391mW/1396mW
08-23-2026 05:07:22 RAM 2958/7620MB (lfb 5x4MB) SWAP 0/12002MB (cached 0MB) CPU [2%@1510,1%@1510,0%@1510,1%@1510,1%@1510,3%@1510] GR3D_FREQ 0% cpu@47.093C soc2@46.468C soc0@45C gpu@46.812C tj@47.093C soc1@44.843C VDD_IN 4292mW/4329mW VDD_CPU_GPU_CV 992mW/1042mW VDD_SOC 1391mW/1396mW
08-23-2026 05:07:23 RAM 2958/7620MB (lfb 5x4MB) SWAP 0/12002MB (cached 0MB) CPU [1%@1510,0%@1510,2%@1510,4%@1510,1%@1510,3%@1510] GR3D_FREQ 0% cpu@47.125C soc2@46.593C soc0@44.968C gpu@46.843C tj@47.125C soc1@44.812C VDD_IN 4292mW/4328mW VDD_CPU_GPU_CV 1031mW/1042mW VDD_SOC 1391mW/1396mW
08-23-2026 05:07:24 RAM 2958/7620MB (lfb 5x4MB) SWAP 0/12002MB (cached 0MB) CPU [2%@1510,0%@1510,1%@1510,4%@1510,1%@1510,3%@1510] GR3D_FREQ 0% cpu@47.125C soc2@46.562C soc0@44.781C gpu@46.875C tj@47.125C soc1@44.812C VDD_IN 4292mW/4327mW VDD_CPU_GPU_CV 1031mW/1042mW VDD_SOC 1391mW/1396mW
08-23-2026 05:07:25 RAM 2958/7620MB (lfb 5x4MB) SWAP 0/12002MB (cached 0MB) CPU [3%@1510,1%@1510,1%@1510,0%@1510,1%@1510,4%@1510] GR3D_FREQ 0% cpu@47.187C soc2@46.437C soc0@44.812C gpu@46.843C tj@47.187C soc1@44.843C VDD_IN 4252mW/4326mW VDD_CPU_GPU_CV 992mW/1041mW VDD_SOC 1391mW/1396mW
08-23-2026 05:07:26 RAM 2958/7620MB (lfb 5x4MB) SWAP 0/12002MB (cached 0MB) CPU [2%@1510,1%@1510,2%@1510,0%@1510,0%@1510,2%@1510] GR3D_FREQ 0% cpu@47C soc2@46.437C soc0@44.843C gpu@46.593C tj@47C soc1@44.937C VDD_IN 4252mW/4325mW VDD_CPU_GPU_CV 992mW/1040mW VDD_SOC 1391mW/1396mW
08-23-2026 05:07:27 RAM 2958/7620MB (lfb 5x4MB) SWAP 0/12002MB (cached 0MB) CPU [2%@1510,0%@1510,2%@1510,0%@1510,1%@1510,3%@1510] GR3D_FREQ 0% cpu@47.218C soc2@46.531C soc0@44.875C gpu@46.468C tj@47.218C soc1@44.812C VDD_IN 4252mW/4324mW VDD_CPU_GPU_CV 992mW/1039mW VDD_SOC 1391mW/1396mW
08-23-2026 05:07:28 RAM 2958/7620MB (lfb 5x4MB) SWAP 0/12002MB (cached 0MB) CPU [3%@1510,1%@1510,1%@1510,0%@1510,3%@1510,2%@1510] GR3D_FREQ 0% cpu@46.968C soc2@46.468C soc0@44.906C gpu@46.562C tj@47.125C soc1@44.812C VDD_IN 4292mW/4323mW VDD_CPU_GPU_CV 1031mW/1039mW VDD_SOC 1391mW/1396mW
08-23-2026 05:07:29 RAM 2958/7620MB (lfb 5x4MB) SWAP 0/12002MB (cached 0MB) CPU [2%@1510,0%@1510,1%@1510,2%@1510,2%@1510,4%@1510] GR3D_FREQ 0% cpu@47.093C soc2@46.531C soc0@44.812C gpu@46.593C tj@47.093C soc1@44.812C VDD_IN 4292mW/4323mW VDD_CPU_GPU_CV 1031mW/1039mW VDD_SOC 1391mW/1396mW
08-23-2026 05:07:30 RAM 2958/7620MB (lfb 5x4MB) SWAP 0/12002MB (cached 0MB) CPU [1%@1510,1%@1510,0%@1510,0%@1510,2%@1510,2%@1510] GR3D_FREQ 0% cpu@47.218C soc2@46.406C soc0@44.812C gpu@46.531C tj@47.218C soc1@44.906C VDD_IN 4252mW/4322mW VDD_CPU_GPU_CV 992mW/1038mW VDD_SOC 1391mW/1395mW
08-23-2026 05:07:31 RAM 2958/7620MB (lfb 5x4MB) SWAP 0/12002MB (cached 0MB) CPU [2%@1510,0%@1510,0%@1510,1%@1510,0%@1510,3%@1510] GR3D_FREQ 0% cpu@46.968C soc2@46.437C soc0@44.812C gpu@46.562C tj@46.968C soc1@45.031C VDD_IN 4252mW/4321mW VDD_CPU_GPU_CV 992mW/1038mW VDD_SOC 1391mW/1395mW
08-23-2026 05:07:32 RAM 2958/7620MB (lfb 5x4MB) SWAP 0/12002MB (cached 0MB) CPU [3%@1510,1%@1510,1%@1510,2%@1510,1%@1510,4%@1510] GR3D_FREQ 0% cpu@47.343C soc2@46.406C soc0@44.906C gpu@46.562C tj@47.343C soc1@44.687C VDD_IN 4252mW/4320mW VDD_CPU_GPU_CV 992mW/1037mW VDD_SOC 1391mW/1395mW
08-23-2026 05:07:33 RAM 2957/7620MB (lfb 5x4MB) SWAP 0/12002MB (cached 0MB) CPU [2%@1510,0%@1510,2%@1510,1%@1510,3%@1510,3%@1510] GR3D_FREQ 0% cpu@47.031C soc2@46.468C soc0@44.875C gpu@46.656C tj@47.031C soc1@44.812C VDD_IN 4292mW/4319mW VDD_CPU_GPU_CV 1031mW/1037mW VDD_SOC 1391mW/1395mW
08-23-2026 05:07:34 RAM 2957/7620MB (lfb 5x4MB) SWAP 0/12002MB (cached 0MB) CPU [2%@1510,2%@1510,1%@1510,1%@1510,1%@1510,4%@1510] GR3D_FREQ 0% cpu@47.031C soc2@46.468C soc0@44.75C gpu@46.375C tj@47.031C soc1@44.812C VDD_IN 4292mW/4319mW VDD_CPU_GPU_CV 1031mW/1037mW VDD_SOC 1391mW/1395mW
08-23-2026 05:07:35 RAM 2957/7620MB (lfb 5x4MB) SWAP 0/12002MB (cached 0MB) CPU [2%@1510,3%@1510,0%@1510,0%@1510,0%@1510,2%@1510] GR3D_FREQ 0% cpu@47.25C soc2@46.406C soc0@44.75C gpu@46.468C tj@47.25C soc1@44.906C VDD_IN 4252mW/4318mW VDD_CPU_GPU_CV 992mW/1036mW VDD_SOC 1391mW/1395mW
08-23-2026 05:07:36 RAM 2957/7620MB (lfb 5x4MB) SWAP 0/12002MB (cached 0MB) CPU [3%@1510,2%@1510,1%@1510,1%@1510,1%@1510,3%@1510] GR3D_FREQ 0% cpu@47.062C soc2@46.5C soc0@44.875C gpu@46.375C tj@47.062C soc1@44.968C VDD_IN 4252mW/4317mW VDD_CPU_GPU_CV 992mW/1036mW VDD_SOC 1391mW/1395mW
08-23-2026 05:07:37 RAM 2957/7620MB (lfb 5x4MB) SWAP 0/12002MB (cached 0MB) CPU [3%@1510,1%@1510,0%@1510,2%@1510,0%@1510,2%@1510] GR3D_FREQ 0% cpu@47.218C soc2@46.5C soc0@44.875C gpu@46.468C tj@47.218C soc1@44.718C VDD_IN 4292mW/4317mW VDD_CPU_GPU_CV 992mW/1035mW VDD_SOC 1391mW/1395mW
08-23-2026 05:07:38 RAM 2957/7620MB (lfb 5x4MB) SWAP 0/12002MB (cached 0MB) CPU [6%@1510,3%@1510,5%@1510,5%@1510,3%@1510,5%@1510] GR3D_FREQ 0% cpu@47.031C soc2@46.5C soc0@44.968C gpu@46.406C tj@47.031C soc1@44.843C VDD_IN 4411mW/4318mW VDD_CPU_GPU_CV 1071mW/1035mW VDD_SOC 1391mW/1395mW
08-23-2026 05:07:39 RAM 2958/7620MB (lfb 5x4MB) SWAP 0/12002MB (cached 0MB) CPU [3%@1510,2%@1510,2%@1510,4%@1510,4%@1510,6%@1510] GR3D_FREQ 0% cpu@47.093C soc2@46.562C soc0@44.875C gpu@46.5C tj@47.093C soc1@44.843C VDD_IN 4332mW/4318mW VDD_CPU_GPU_CV 1031mW/1035mW VDD_SOC 1391mW/1395mW
08-23-2026 05:07:40 RAM 2958/7620MB (lfb 5x4MB) SWAP 0/12002MB (cached 0MB) CPU [2%@1510,2%@1510,1%@1510,3%@1510,2%@1510,5%@1510] GR3D_FREQ 0% cpu@47.218C soc2@46.406C soc0@44.843C gpu@46.468C tj@47.218C soc1@44.875C VDD_IN 4292mW/4318mW VDD_CPU_GPU_CV 1031mW/1035mW VDD_SOC 1391mW/1395mW
08-23-2026 05:07:41 RAM 2958/7620MB (lfb 5x4MB) SWAP 0/12002MB (cached 0MB) CPU [1%@1510,0%@1510,2%@1510,2%@1510,1%@1510,4%@1510] GR3D_FREQ 0% cpu@47.031C soc2@46.468C soc0@44.812C gpu@46.437C tj@47.031C soc1@44.968C VDD_IN 4292mW/4318mW VDD_CPU_GPU_CV 992mW/1035mW VDD_SOC 1391mW/1395mW
08-23-2026 05:07:42 RAM 2958/7620MB (lfb 5x4MB) SWAP 0/12002MB (cached 0MB) CPU [4%@1510,0%@1510,2%@1510,2%@1510,3%@1510,4%@1510] GR3D_FREQ 0% cpu@47.281C soc2@46.531C soc0@44.875C gpu@46.75C tj@47.218C soc1@44.718C VDD_IN 4292mW/4317mW VDD_CPU_GPU_CV 1031mW/1035mW VDD_SOC 1391mW/1395mW
08-23-2026 05:07:43 RAM 2959/7620MB (lfb 5x4MB) SWAP 0/12002MB (cached 0MB) CPU [1%@1510,0%@1510,2%@1510,4%@1510,4%@1510,5%@1510] GR3D_FREQ 0% cpu@47.062C soc2@46.531C soc0@44.906C gpu@46.781C tj@47.062C soc1@44.843C VDD_IN 4332mW/4317mW VDD_CPU_GPU_CV 1031mW/1035mW VDD_SOC 1391mW/1395mW
08-23-2026 05:07:44 RAM 2959/7620MB (lfb 5x4MB) SWAP 0/12002MB (cached 0MB) CPU [4%@1510,1%@1510,1%@1510,1%@1510,3%@1510,4%@1510] GR3D_FREQ 0% cpu@47.093C soc2@46.562C soc0@45.031C gpu@46.843C tj@47.093C soc1@44.843C VDD_IN 4332mW/4318mW VDD_CPU_GPU_CV 1031mW/1035mW VDD_SOC 1391mW/1395mW
08-23-2026 05:07:45 RAM 2959/7620MB (lfb 5x4MB) SWAP 0/12002MB (cached 0MB) CPU [3%@1510,1%@1510,3%@1510,1%@1510,0%@1510,4%@1510] GR3D_FREQ 0% cpu@47.281C soc2@46.656C soc0@44.812C gpu@46.843C tj@47.281C soc1@44.875C VDD_IN 4292mW/4317mW VDD_CPU_GPU_CV 1031mW/1035mW VDD_SOC 1391mW/1395mW
08-23-2026 05:07:46 RAM 2959/7620MB (lfb 5x4MB) SWAP 0/12002MB (cached 0MB) CPU [3%@1510,3%@1510,2%@1510,1%@1510,1%@1510,4%@1510] GR3D_FREQ 0% cpu@47.531C soc2@46.531C soc0@44.875C gpu@46.906C tj@47.531C soc1@45C VDD_IN 4292mW/4317mW VDD_CPU_GPU_CV 1031mW/1035mW VDD_SOC 1391mW/1395mW
08-23-2026 05:07:47 RAM 2959/7620MB (lfb 5x4MB) SWAP 0/12002MB (cached 0MB) CPU [2%@1510,3%@1510,1%@1510,2%@1510,3%@1510,3%@1510] GR3D_FREQ 0% cpu@47.343C soc2@46.5C soc0@44.875C gpu@46.906C tj@47.343C soc1@44.843C VDD_IN 4292mW/4317mW VDD_CPU_GPU_CV 1031mW/1034mW VDD_SOC 1391mW/1394mW
08-23-2026 05:07:48 RAM 2959/7620MB (lfb 5x4MB) SWAP 0/12002MB (cached 0MB) CPU [4%@1510,3%@1510,6%@1510,3%@1510,0%@1510,5%@1510] GR3D_FREQ 0% cpu@47.093C soc2@46.5C soc0@44.906C gpu@46.906C tj@47.093C soc1@44.781C VDD_IN 4332mW/4317mW VDD_CPU_GPU_CV 1031mW/1034mW VDD_SOC 1391mW/1394mW
08-23-2026 05:07:49 RAM 2960/7620MB (lfb 5x4MB) SWAP 0/12002MB (cached 0MB) CPU [3%@1510,0%@1510,1%@1510,3%@1510,2%@1510,5%@1510] GR3D_FREQ 0% cpu@47.156C soc2@46.593C soc0@45C gpu@46.656C tj@47.156C soc1@44.843C VDD_IN 4292mW/4317mW VDD_CPU_GPU_CV 1031mW/1034mW VDD_SOC 1391mW/1394mW
08-23-2026 05:07:50 RAM 2960/7620MB (lfb 5x4MB) SWAP 0/12002MB (cached 0MB) CPU [4%@1510,1%@1510,2%@1510,1%@1510,2%@1510,4%@1510] GR3D_FREQ 0% cpu@47.25C soc2@46.562C soc0@44.875C gpu@46.562C tj@47.25C soc1@44.968C VDD_IN 4292mW/4316mW VDD_CPU_GPU_CV 1031mW/1034mW VDD_SOC 1391mW/1394mW
08-23-2026 05:07:51 RAM 2960/7620MB (lfb 5x4MB) SWAP 0/12002MB (cached 0MB) CPU [4%@1510,1%@1510,1%@1510,3%@1510,0%@1510,3%@1510] GR3D_FREQ 0% cpu@47.593C soc2@46.593C soc0@44.812C gpu@46.562C tj@47.593C soc1@44.968C VDD_IN 4292mW/4316mW VDD_CPU_GPU_CV 1031mW/1034mW VDD_SOC 1391mW/1394mW
08-23-2026 05:07:52 RAM 2959/7620MB (lfb 5x4MB) SWAP 0/12002MB (cached 0MB) CPU [5%@1510,2%@1510,0%@1510,2%@1510,1%@1510,3%@1510] GR3D_FREQ 0% cpu@47.343C soc2@46.593C soc0@44.906C gpu@46.625C tj@47.343C soc1@44.843C VDD_IN 4292mW/4316mW VDD_CPU_GPU_CV 1031mW/1034mW VDD_SOC 1391mW/1394mW
08-23-2026 05:07:53 RAM 2959/7620MB (lfb 5x4MB) SWAP 0/12002MB (cached 0MB) CPU [4%@1510,2%@1510,4%@1510,3%@1510,2%@1510,5%@1510] GR3D_FREQ 0% cpu@47.156C soc2@46.531C soc0@44.906C gpu@46.625C tj@47.156C soc1@44.843C VDD_IN 4332mW/4316mW VDD_CPU_GPU_CV 1031mW/1034mW VDD_SOC 1391mW/1394mW
08-23-2026 05:07:54 RAM 2959/7620MB (lfb 5x4MB) SWAP 0/12002MB (cached 0MB) CPU [3%@1510,1%@1510,1%@1510,0%@1510,2%@1510,4%@1510] GR3D_FREQ 0% cpu@47.187C soc2@46.562C soc0@45.125C gpu@46.75C tj@47.187C soc1@44.906C VDD_IN 4292mW/4316mW VDD_CPU_GPU_CV 1031mW/1034mW VDD_SOC 1391mW/1394mW
08-23-2026 05:07:55 RAM 2959/7620MB (lfb 5x4MB) SWAP 0/12002MB (cached 0MB) CPU [2%@1510,2%@1510,1%@1510,2%@1510,1%@1510,3%@1510] GR3D_FREQ 0% cpu@47.281C soc2@46.562C soc0@44.906C gpu@46.656C tj@47.281C soc1@44.875C VDD_IN 4292mW/4315mW VDD_CPU_GPU_CV 1031mW/1034mW VDD_SOC 1391mW/1394mW
08-23-2026 05:07:56 RAM 2959/7620MB (lfb 5x4MB) SWAP 0/12002MB (cached 0MB) CPU [3%@1510,2%@1510,1%@1510,1%@1510,0%@1510,4%@1510] GR3D_FREQ 0% cpu@47.5C soc2@46.562C soc0@44.906C gpu@46.468C tj@47.5C soc1@45.031C VDD_IN 4292mW/4315mW VDD_CPU_GPU_CV 1031mW/1034mW VDD_SOC 1391mW/1394mW
08-23-2026 05:07:57 RAM 2959/7620MB (lfb 5x4MB) SWAP 0/12002MB (cached 0MB) CPU [3%@1510,2%@1510,2%@1510,3%@1510,2%@1510,4%@1510] GR3D_FREQ 0% cpu@47.406C soc2@46.5C soc0@44.937C gpu@46.5C tj@47.406C soc1@44.812C VDD_IN 4332mW/4315mW VDD_CPU_GPU_CV 1031mW/1034mW VDD_SOC 1391mW/1394mW
08-23-2026 05:07:58 RAM 2959/7620MB (lfb 5x4MB) SWAP 0/12002MB (cached 0MB) CPU [5%@1510,2%@1510,3%@1510,1%@1510,3%@1510,4%@1510] GR3D_FREQ 0% cpu@47.125C soc2@46.625C soc0@44.968C gpu@46.437C tj@47.093C soc1@44.843C VDD_IN 4332mW/4315mW VDD_CPU_GPU_CV 1031mW/1034mW VDD_SOC 1391mW/1394mW
08-23-2026 05:07:59 RAM 2959/7620MB (lfb 5x4MB) SWAP 0/12002MB (cached 0MB) CPU [3%@1510,2%@1510,3%@1510,4%@1510,2%@1510,4%@1510] GR3D_FREQ 0% cpu@47.187C soc2@46.562C soc0@45.031C gpu@46.468C tj@47.187C soc1@44.843C VDD_IN 4332mW/4316mW VDD_CPU_GPU_CV 1031mW/1034mW VDD_SOC 1391mW/1394mW
08-23-2026 05:08:00 RAM 2959/7620MB (lfb 5x4MB) SWAP 0/12002MB (cached 0MB) CPU [4%@1510,2%@1510,4%@1510,2%@1510,1%@1510,4%@1510] GR3D_FREQ 0% cpu@47.312C soc2@46.593C soc0@44.875C gpu@46.531C tj@47.312C soc1@44.937C VDD_IN 4292mW/4315mW VDD_CPU_GPU_CV 1031mW/1034mW VDD_SOC 1391mW/1394mW
08-23-2026 05:08:01 RAM 2959/7620MB (lfb 5x4MB) SWAP 0/12002MB (cached 0MB) CPU [1%@1510,1%@1510,2%@1510,1%@1510,3%@1510,3%@1510] GR3D_FREQ 0% cpu@47.187C soc2@46.625C soc0@44.937C gpu@46.531C tj@47.531C soc1@44.937C VDD_IN 4292mW/4315mW VDD_CPU_GPU_CV 1031mW/1034mW VDD_SOC 1391mW/1394mW
08-23-2026 05:08:02 RAM 2959/7620MB (lfb 5x4MB) SWAP 0/12002MB (cached 0MB) CPU [2%@1510,1%@1510,4%@1510,2%@1510,3%@1510,3%@1510] GR3D_FREQ 0% cpu@47.375C soc2@46.531C soc0@44.875C gpu@46.5C tj@47.375C soc1@45.062C VDD_IN 4332mW/4315mW VDD_CPU_GPU_CV 1031mW/1034mW VDD_SOC 1391mW/1394mW
08-23-2026 05:08:03 RAM 2959/7620MB (lfb 5x4MB) SWAP 0/12002MB (cached 0MB) CPU [1%@1510,1%@1510,5%@1510,3%@1510,5%@1510,4%@1510] GR3D_FREQ 0% cpu@47.125C soc2@46.625C soc0@44.937C gpu@46.562C tj@47.125C soc1@44.812C VDD_IN 4332mW/4315mW VDD_CPU_GPU_CV 1031mW/1034mW VDD_SOC 1391mW/1394mW
08-23-2026 05:08:04 RAM 2959/7620MB (lfb 5x4MB) SWAP 0/12002MB (cached 0MB) CPU [2%@1510,1%@1510,4%@1510,1%@1510,1%@1510,2%@1510] GR3D_FREQ 0% cpu@47.25C soc2@46.593C soc0@45.031C gpu@46.562C tj@47.25C soc1@44.843C VDD_IN 4332mW/4316mW VDD_CPU_GPU_CV 1031mW/1034mW VDD_SOC 1391mW/1394mW
08-23-2026 05:08:05 RAM 2959/7620MB (lfb 5x4MB) SWAP 0/12002MB (cached 0MB) CPU [0%@1510,1%@1510,1%@1510,3%@1510,1%@1510,2%@1510] GR3D_FREQ 0% cpu@47.218C soc2@46.593C soc0@44.812C gpu@46.875C tj@47.218C soc1@44.906C VDD_IN 4292mW/4315mW VDD_CPU_GPU_CV 1031mW/1034mW VDD_SOC 1391mW/1394mW
08-23-2026 05:08:06 RAM 2959/7620MB (lfb 5x4MB) SWAP 0/12002MB (cached 0MB) CPU [2%@1510,1%@1510,2%@1510,5%@1510,1%@1510,1%@1510] GR3D_FREQ 0% cpu@47.218C soc2@46.625C soc0@44.875C gpu@46.812C tj@47.218C soc1@44.906C VDD_IN 4292mW/4315mW VDD_CPU_GPU_CV 1031mW/1034mW VDD_SOC 1391mW/1394mW
08-23-2026 05:08:07 RAM 2959/7620MB (lfb 5x4MB) SWAP 0/12002MB (cached 0MB) CPU [1%@1510,1%@1510,2%@1510,4%@1510,3%@1510,4%@1510] GR3D_FREQ 0% cpu@47.281C soc2@46.5C soc0@44.906C gpu@46.875C tj@47.281C soc1@45C VDD_IN 4292mW/4315mW VDD_CPU_GPU_CV 1031mW/1034mW VDD_SOC 1391mW/1394mW
08-23-2026 05:08:08 RAM 2958/7620MB (lfb 5x4MB) SWAP 0/12002MB (cached 0MB) CPU [2%@1510,3%@1510,3%@1510,7%@1510,2%@1510,3%@1510] GR3D_FREQ 0% cpu@47.125C soc2@46.625C soc0@44.906C gpu@46.812C tj@47.125C soc1@44.843C VDD_IN 4292mW/4315mW VDD_CPU_GPU_CV 1031mW/1034mW VDD_SOC 1391mW/1394mW
08-23-2026 05:08:09 RAM 2959/7620MB (lfb 5x4MB) SWAP 0/12002MB (cached 0MB) CPU [2%@1510,1%@1510,2%@1510,5%@1510,3%@1510,3%@1510] GR3D_FREQ 0% cpu@47.437C soc2@46.625C soc0@44.906C gpu@46.843C tj@47.187C soc1@44.812C VDD_IN 4332mW/4315mW VDD_CPU_GPU_CV 1031mW/1034mW VDD_SOC 1391mW/1394mW
08-23-2026 05:08:10 RAM 2959/7620MB (lfb 5x4MB) SWAP 0/12002MB (cached 0MB) CPU [2%@1510,2%@1510,2%@1510,3%@1510,2%@1510,2%@1510] GR3D_FREQ 0% cpu@47.156C soc2@46.562C soc0@44.906C gpu@46.937C tj@47.218C soc1@44.875C VDD_IN 4292mW/4315mW VDD_CPU_GPU_CV 1031mW/1034mW VDD_SOC 1391mW/1394mW
08-23-2026 05:08:11 RAM 2959/7620MB (lfb 5x4MB) SWAP 0/12002MB (cached 0MB) CPU [1%@1510,2%@1510,1%@1510,3%@1510,1%@1510,2%@1510] GR3D_FREQ 0% cpu@47.093C soc2@46.625C soc0@44.843C gpu@47.031C tj@47.093C soc1@44.875C VDD_IN 4292mW/4314mW VDD_CPU_GPU_CV 1031mW/1034mW VDD_SOC 1391mW/1394mW
08-23-2026 05:08:12 RAM 2959/7620MB (lfb 5x4MB) SWAP 0/12002MB (cached 0MB) CPU [1%@1510,1%@1510,2%@1510,5%@1510,2%@1510,2%@1510] GR3D_FREQ 0% cpu@47.343C soc2@46.468C soc0@44.843C gpu@46.437C tj@47.343C soc1@44.937C VDD_IN 4292mW/4314mW VDD_CPU_GPU_CV 1031mW/1034mW VDD_SOC 1391mW/1394mW
08-23-2026 05:08:13 RAM 2959/7620MB (lfb 5x4MB) SWAP 0/12002MB (cached 0MB) CPU [3%@1510,2%@1510,6%@1510,6%@1510,6%@1510,5%@1510] GR3D_FREQ 0% cpu@47.125C soc2@46.531C soc0@44.875C gpu@46.437C tj@47.125C soc1@45.125C VDD_IN 4332mW/4314mW VDD_CPU_GPU_CV 1031mW/1034mW VDD_SOC 1391mW/1394mW
08-23-2026 05:08:14 RAM 2960/7620MB (lfb 5x4MB) SWAP 0/12002MB (cached 0MB) CPU [3%@1510,2%@1510,2%@1510,4%@1510,1%@1510,3%@1510] GR3D_FREQ 0% cpu@47.406C soc2@46.468C soc0@44.937C gpu@46.562C tj@47.406C soc1@44.875C VDD_IN 4292mW/4314mW VDD_CPU_GPU_CV 1031mW/1034mW VDD_SOC 1391mW/1394mW
08-23-2026 05:08:15 RAM 2960/7620MB (lfb 5x4MB) SWAP 0/12002MB (cached 0MB) CPU [3%@1510,1%@1510,1%@1510,3%@1510,3%@1510,1%@1510] GR3D_FREQ 0% cpu@47.093C soc2@46.562C soc0@44.937C gpu@46.625C tj@47.093C soc1@44.968C VDD_IN 4292mW/4314mW VDD_CPU_GPU_CV 1031mW/1033mW VDD_SOC 1391mW/1393mW
08-23-2026 05:08:16 RAM 2960/7620MB (lfb 5x4MB) SWAP 0/12002MB (cached 0MB) CPU [3%@1510,1%@1510,3%@1510,2%@1510,3%@1510,1%@1510] GR3D_FREQ 0% cpu@47.156C soc2@46.593C soc0@44.875C gpu@46.562C tj@47.156C soc1@44.843C VDD_IN 4292mW/4314mW VDD_CPU_GPU_CV 1031mW/1033mW VDD_SOC 1391mW/1393mW
08-23-2026 05:08:17 RAM 2960/7620MB (lfb 5x4MB) SWAP 0/12002MB (cached 0MB) CPU [3%@1510,1%@1510,4%@1510,1%@1510,2%@1510,1%@1510] GR3D_FREQ 0% cpu@47.343C soc2@46.468C soc0@44.875C gpu@46.687C tj@47.343C soc1@44.937C VDD_IN 4292mW/4314mW VDD_CPU_GPU_CV 1031mW/1033mW VDD_SOC 1391mW/1393mW
08-23-2026 05:08:18 RAM 2960/7620MB (lfb 5x4MB) SWAP 0/12002MB (cached 0MB) CPU [3%@1510,3%@1510,5%@1510,2%@1510,5%@1510,2%@1510] GR3D_FREQ 0% cpu@47.093C soc2@46.437C soc0@44.875C gpu@46.75C tj@47.093C soc1@45.093C VDD_IN 4332mW/4314mW VDD_CPU_GPU_CV 1031mW/1033mW VDD_SOC 1391mW/1393mW
08-23-2026 05:08:19 RAM 2960/7620MB (lfb 5x4MB) SWAP 0/12002MB (cached 0MB) CPU [3%@1510,0%@1510,3%@1510,3%@1510,1%@1510,3%@1510] GR3D_FREQ 0% cpu@47.406C soc2@46.531C soc0@44.875C gpu@46.75C tj@47.406C soc1@44.781C VDD_IN 4332mW/4314mW VDD_CPU_GPU_CV 1031mW/1033mW VDD_SOC 1391mW/1393mW
08-23-2026 05:08:20 RAM 2960/7620MB (lfb 5x4MB) SWAP 0/12002MB (cached 0MB) CPU [2%@1510,1%@1510,6%@1510,2%@1510,2%@1510,2%@1510] GR3D_FREQ 0% cpu@47.093C soc2@46.5C soc0@44.937C gpu@46.75C tj@47.093C soc1@44.812C VDD_IN 4292mW/4314mW VDD_CPU_GPU_CV 1031mW/1033mW VDD_SOC 1391mW/1393mW
08-23-2026 05:08:21 RAM 2960/7620MB (lfb 5x4MB) SWAP 0/12002MB (cached 0MB) CPU [4%@1510,0%@1510,4%@1510,2%@1510,4%@1510,1%@1510] GR3D_FREQ 0% cpu@47.187C soc2@46.437C soc0@44.75C gpu@46.468C tj@47.187C soc1@44.843C VDD_IN 4292mW/4314mW VDD_CPU_GPU_CV 1031mW/1033mW VDD_SOC 1391mW/1393mW
08-23-2026 05:08:22 RAM 2961/7620MB (lfb 5x4MB) SWAP 0/12002MB (cached 0MB) CPU [3%@1510,0%@1510,3%@1510,2%@1510,2%@1510,1%@1510] GR3D_FREQ 0% cpu@47.281C soc2@46.625C soc0@44.812C gpu@46.468C tj@47.281C soc1@44.906C VDD_IN 4292mW/4313mW VDD_CPU_GPU_CV 1031mW/1033mW VDD_SOC 1391mW/1393mW
08-23-2026 05:08:23 RAM 2961/7620MB (lfb 5x4MB) SWAP 0/12002MB (cached 0MB) CPU [4%@1510,2%@1510,6%@1510,3%@1510,2%@1510,5%@1510] GR3D_FREQ 0% cpu@47.156C soc2@46.468C soc0@44.875C gpu@46.531C tj@47.062C soc1@45C VDD_IN 4332mW/4314mW VDD_CPU_GPU_CV 1031mW/1033mW VDD_SOC 1391mW/1393mW
08-23-2026 05:08:24 RAM 2961/7620MB (lfb 5x4MB) SWAP 0/12002MB (cached 0MB) CPU [3%@1510,2%@1510,5%@1510,2%@1510,3%@1510,2%@1510] GR3D_FREQ 0% cpu@47.375C soc2@46.562C soc0@44.906C gpu@46.5C tj@47.343C soc1@44.812C VDD_IN 4292mW/4313mW VDD_CPU_GPU_CV 1031mW/1033mW VDD_SOC 1391mW/1393mW
08-23-2026 05:08:25 RAM 2961/7620MB (lfb 5x4MB) SWAP 0/12002MB (cached 0MB) CPU [1%@1510,3%@1510,3%@1510,2%@1510,2%@1510,3%@1510] GR3D_FREQ 0% cpu@47.093C soc2@46.468C soc0@44.937C gpu@46.437C tj@47.093C soc1@44.843C VDD_IN 4292mW/4313mW VDD_CPU_GPU_CV 1031mW/1033mW VDD_SOC 1391mW/1393mW
08-23-2026 05:08:26 RAM 2961/7620MB (lfb 5x4MB) SWAP 0/12002MB (cached 0MB) CPU [2%@1510,2%@1510,4%@1510,1%@1510,0%@1510,1%@1510] GR3D_FREQ 0% cpu@47.156C soc2@46.562C soc0@45C gpu@46.5C tj@47.156C soc1@44.875C VDD_IN 4292mW/4313mW VDD_CPU_GPU_CV 1031mW/1033mW VDD_SOC 1391mW/1393mW
08-23-2026 05:08:27 RAM 2961/7620MB (lfb 5x4MB) SWAP 0/12002MB (cached 0MB) CPU [4%@1510,2%@1510,3%@1510,3%@1510,1%@1510,2%@1510] GR3D_FREQ 0% cpu@47.218C soc2@46.718C soc0@44.843C gpu@46.468C tj@47.218C soc1@44.875C VDD_IN 4292mW/4313mW VDD_CPU_GPU_CV 1031mW/1033mW VDD_SOC 1391mW/1393mW
08-23-2026 05:08:28 RAM 2961/7620MB (lfb 5x4MB) SWAP 0/12002MB (cached 0MB) CPU [3%@1510,1%@1510,4%@1510,3%@1510,3%@1510,2%@1510] GR3D_FREQ 0% cpu@47.156C soc2@46.437C soc0@44.875C gpu@46.5C tj@47.156C soc1@45C VDD_IN 4292mW/4313mW VDD_CPU_GPU_CV 1031mW/1033mW VDD_SOC 1391mW/1393mW
08-23-2026 05:08:29 RAM 2962/7620MB (lfb 5x4MB) SWAP 0/12002MB (cached 0MB) CPU [2%@1510,2%@1510,3%@1510,3%@1510,2%@1510,3%@1510] GR3D_FREQ 0% cpu@47.343C soc2@46.531C soc0@44.937C gpu@46.468C tj@47.343C soc1@44.75C VDD_IN 4292mW/4312mW VDD_CPU_GPU_CV 1031mW/1033mW VDD_SOC 1391mW/1393mW
08-23-2026 05:08:30 RAM 2962/7620MB (lfb 5x4MB) SWAP 0/12002MB (cached 0MB) CPU [3%@1510,0%@1510,4%@1510,2%@1510,2%@1510,1%@1510] GR3D_FREQ 0% cpu@47.187C soc2@46.531C soc0@44.937C gpu@46.75C tj@47.062C soc1@44.843C VDD_IN 4292mW/4312mW VDD_CPU_GPU_CV 1031mW/1033mW VDD_SOC 1391mW/1393mW
08-23-2026 05:08:31 RAM 2962/7620MB (lfb 5x4MB) SWAP 0/12002MB (cached 0MB) CPU [2%@1510,3%@1510,3%@1510,2%@1510,1%@1510,2%@1510] GR3D_FREQ 0% cpu@47.156C soc2@46.593C soc0@44.875C gpu@46.843C tj@47.156C soc1@44.843C VDD_IN 4292mW/4312mW VDD_CPU_GPU_CV 1031mW/1033mW VDD_SOC 1391mW/1393mW
08-23-2026 05:08:32 RAM 2962/7620MB (lfb 5x4MB) SWAP 0/12002MB (cached 0MB) CPU [4%@1510,0%@1510,5%@1510,2%@1510,3%@1510,1%@1510] GR3D_FREQ 0% cpu@47.25C soc2@46.625C soc0@44.812C gpu@46.812C tj@47.25C soc1@44.843C VDD_IN 4292mW/4312mW VDD_CPU_GPU_CV 1031mW/1033mW VDD_SOC 1391mW/1393mW
08-23-2026 05:08:33 RAM 2962/7620MB (lfb 5x4MB) SWAP 0/12002MB (cached 0MB) CPU [1%@1510,1%@1510,5%@1510,3%@1510,3%@1510,5%@1510] GR3D_FREQ 0% cpu@47.187C soc2@46.5C soc0@44.843C gpu@46.906C tj@47.187C soc1@45.031C VDD_IN 4292mW/4312mW VDD_CPU_GPU_CV 1031mW/1033mW VDD_SOC 1391mW/1393mW
08-23-2026 05:08:34 RAM 2961/7620MB (lfb 5x4MB) SWAP 0/12002MB (cached 0MB) CPU [2%@1510,1%@1510,5%@1510,4%@1510,3%@1510,3%@1510] GR3D_FREQ 0% cpu@47.375C soc2@46.5C soc0@44.875C gpu@46.875C tj@47.375C soc1@44.781C VDD_IN 4292mW/4312mW VDD_CPU_GPU_CV 1031mW/1033mW VDD_SOC 1391mW/1393mW
08-23-2026 05:08:35 RAM 2961/7620MB (lfb 5x4MB) SWAP 0/12002MB (cached 0MB) CPU [1%@1510,1%@1510,2%@1510,3%@1510,3%@1510,2%@1510] GR3D_FREQ 0% cpu@47.125C soc2@46.531C soc0@44.875C gpu@46.468C tj@47.125C soc1@44.781C VDD_IN 4292mW/4312mW VDD_CPU_GPU_CV 1031mW/1033mW VDD_SOC 1391mW/1393mW
08-23-2026 05:08:36 RAM 2961/7620MB (lfb 5x4MB) SWAP 0/12002MB (cached 0MB) CPU [1%@1510,1%@1510,1%@1510,2%@1510,6%@1510,2%@1510] GR3D_FREQ 0% cpu@47.093C soc2@46.5C soc0@44.937C gpu@46.437C tj@47.093C soc1@44.75C VDD_IN 4292mW/4311mW VDD_CPU_GPU_CV 1031mW/1033mW VDD_SOC 1391mW/1393mW
08-23-2026 05:08:37 RAM 2961/7620MB (lfb 5x4MB) SWAP 0/12002MB (cached 0MB) CPU [1%@1510,1%@1510,4%@1510,2%@1510,7%@1510,2%@1510] GR3D_FREQ 0% cpu@47.281C soc2@46.593C soc0@44.781C gpu@46.406C tj@47.281C soc1@44.843C VDD_IN 4292mW/4311mW VDD_CPU_GPU_CV 1031mW/1033mW VDD_SOC 1391mW/1393mW
08-23-2026 05:08:38 RAM 2962/7620MB (lfb 5x4MB) SWAP 0/12002MB (cached 0MB) CPU [1%@1510,3%@1510,3%@1510,3%@1510,6%@1510,2%@1510] GR3D_FREQ 0% cpu@47.093C soc2@46.468C soc0@44.875C gpu@46.562C tj@47.093C soc1@44.875C VDD_IN 4332mW/4311mW VDD_CPU_GPU_CV 1031mW/1033mW VDD_SOC 1391mW/1393mW
08-23-2026 05:08:39 RAM 2960/7620MB (lfb 5x4MB) SWAP 0/12002MB (cached 0MB) CPU [2%@1510,3%@1510,4%@1510,2%@1510,5%@1510,3%@1510] GR3D_FREQ 0% cpu@47.375C soc2@46.531C soc0@44.843C gpu@46.625C tj@47.375C soc1@44.937C VDD_IN 4292mW/4311mW VDD_CPU_GPU_CV 1031mW/1033mW VDD_SOC 1391mW/1393mW
08-23-2026 05:08:40 RAM 2960/7620MB (lfb 5x4MB) SWAP 0/12002MB (cached 0MB) CPU [2%@1510,5%@1510,2%@1510,0%@1510,3%@1510,4%@1510] GR3D_FREQ 0% cpu@47.125C soc2@46.531C soc0@44.812C gpu@46.625C tj@47.125C soc1@44.75C VDD_IN 4292mW/4311mW VDD_CPU_GPU_CV 1031mW/1033mW VDD_SOC 1391mW/1393mW
08-23-2026 05:08:41 RAM 2960/7620MB (lfb 5x4MB) SWAP 0/12002MB (cached 0MB) CPU [2%@1510,3%@1510,1%@1510,2%@1510,3%@1510,2%@1510] GR3D_FREQ 0% cpu@47.093C soc2@46.562C soc0@44.906C gpu@46.625C tj@47.093C soc1@44.812C VDD_IN 4292mW/4311mW VDD_CPU_GPU_CV 1031mW/1033mW VDD_SOC 1391mW/1393mW
08-23-2026 05:08:42 RAM 2960/7620MB (lfb 5x4MB) SWAP 0/12002MB (cached 0MB) CPU [4%@1510,1%@1510,0%@1510,1%@1510,5%@1510,2%@1510] GR3D_FREQ 0% cpu@47.25C soc2@46.625C soc0@44.75C gpu@46.593C tj@47.25C soc1@44.843C VDD_IN 4292mW/4311mW VDD_CPU_GPU_CV 1031mW/1033mW VDD_SOC 1391mW/1393mW
08-23-2026 05:08:43 RAM 2960/7620MB (lfb 5x4MB) SWAP 0/12002MB (cached 0MB) CPU [3%@1510,3%@1510,2%@1510,4%@1510,4%@1510,3%@1510] GR3D_FREQ 0% cpu@47.093C soc2@46.437C soc0@44.875C gpu@46.656C tj@47.093C soc1@44.843C VDD_IN 4332mW/4311mW VDD_CPU_GPU_CV 1031mW/1033mW VDD_SOC 1391mW/1393mW
08-23-2026 05:08:44 RAM 2960/7620MB (lfb 5x4MB) SWAP 0/12002MB (cached 0MB) CPU [2%@1510,2%@1510,2%@1510,3%@1510,4%@1510,2%@1510] GR3D_FREQ 0% cpu@47.312C soc2@46.437C soc0@44.843C gpu@46.656C tj@47.312C soc1@44.906C VDD_IN 4292mW/4311mW VDD_CPU_GPU_CV 1031mW/1033mW VDD_SOC 1391mW/1393mW
08-23-2026 05:08:45 RAM 2960/7620MB (lfb 5x4MB) SWAP 0/12002MB (cached 0MB) CPU [2%@1510,1%@1510,2%@1510,2%@1510,5%@1510,3%@1510] GR3D_FREQ 0% cpu@47.093C soc2@46.531C soc0@44.843C gpu@46.718C tj@47.093C soc1@44.812C VDD_IN 4292mW/4311mW VDD_CPU_GPU_CV 1031mW/1033mW VDD_SOC 1391mW/1393mW
08-23-2026 05:08:46 RAM 2960/7620MB (lfb 5x4MB) SWAP 0/12002MB (cached 0MB) CPU [1%@1510,2%@1510,0%@1510,1%@1510,4%@1510,2%@1510] GR3D_FREQ 0% cpu@47.093C soc2@46.531C soc0@44.875C gpu@46.406C tj@47.093C soc1@44.812C VDD_IN 4292mW/4311mW VDD_CPU_GPU_CV 1031mW/1033mW VDD_SOC 1391mW/1393mW
08-23-2026 05:08:47 RAM 2960/7620MB (lfb 5x4MB) SWAP 0/12002MB (cached 0MB) CPU [2%@1510,1%@1510,3%@1510,1%@1510,4%@1510,3%@1510] GR3D_FREQ 0% cpu@47.093C soc2@46.468C soc0@44.812C gpu@46.5C tj@47.25C soc1@44.843C VDD_IN 4292mW/4310mW VDD_CPU_GPU_CV 1031mW/1033mW VDD_SOC 1391mW/1393mW
08-23-2026 05:08:48 RAM 2959/7620MB (lfb 5x4MB) SWAP 0/12002MB (cached 0MB) CPU [1%@1510,1%@1510,3%@1510,3%@1510,5%@1510,4%@1510] GR3D_FREQ 0% cpu@47.093C soc2@46.531C soc0@44.718C gpu@46.468C tj@47.093C soc1@44.875C VDD_IN 4292mW/4310mW VDD_CPU_GPU_CV 1031mW/1033mW VDD_SOC 1391mW/1393mW
08-23-2026 05:08:49 RAM 2959/7620MB (lfb 5x4MB) SWAP 0/12002MB (cached 0MB) CPU [2%@1510,2%@1510,0%@1510,3%@1510,3%@1510,4%@1510] GR3D_FREQ 0% cpu@47.312C soc2@46.437C soc0@44.812C gpu@46.468C tj@47.312C soc1@44.906C VDD_IN 4292mW/4310mW VDD_CPU_GPU_CV 1031mW/1033mW VDD_SOC 1391mW/1393mW
08-23-2026 05:08:50 RAM 2959/7620MB (lfb 5x4MB) SWAP 0/12002MB (cached 0MB) CPU [1%@1510,1%@1510,3%@1510,1%@1510,5%@1510,2%@1510] GR3D_FREQ 0% cpu@47.156C soc2@46.531C soc0@44.843C gpu@46.468C tj@47.156C soc1@44.75C VDD_IN 4292mW/4310mW VDD_CPU_GPU_CV 1031mW/1033mW VDD_SOC 1391mW/1393mW
08-23-2026 05:08:51 RAM 2959/7620MB (lfb 5x4MB) SWAP 0/12002MB (cached 0MB) CPU [2%@1510,1%@1510,2%@1510,2%@1510,4%@1510,2%@1510] GR3D_FREQ 0% cpu@47.093C soc2@46.406C soc0@44.843C gpu@46.437C tj@47.093C soc1@44.812C VDD_IN 4292mW/4310mW VDD_CPU_GPU_CV 1031mW/1033mW VDD_SOC 1391mW/1393mW
08-23-2026 05:08:52 RAM 2959/7620MB (lfb 5x4MB) SWAP 0/12002MB (cached 0MB) CPU [0%@1510,2%@1510,1%@1510,4%@1510,3%@1510,1%@1510] GR3D_FREQ 0% cpu@47.125C soc2@46.625C soc0@45C gpu@46.531C tj@47.125C soc1@44.875C VDD_IN 4292mW/4310mW VDD_CPU_GPU_CV 1031mW/1033mW VDD_SOC 1391mW/1393mW
08-23-2026 05:08:53 RAM 2959/7620MB (lfb 5x4MB) SWAP 0/12002MB (cached 0MB) CPU [2%@1510,2%@1510,4%@1510,3%@1510,5%@1510,3%@1510] GR3D_FREQ 0% cpu@47.125C soc2@46.562C soc0@44.781C gpu@46.5C tj@47.125C soc1@44.843C VDD_IN 4292mW/4310mW VDD_CPU_GPU_CV 1031mW/1033mW VDD_SOC 1391mW/1393mW
08-23-2026 05:08:54 RAM 2959/7620MB (lfb 5x4MB) SWAP 0/12002MB (cached 0MB) CPU [1%@1510,2%@1510,2%@1510,2%@1510,4%@1510,3%@1510] GR3D_FREQ 0% cpu@47.25C soc2@46.562C soc0@44.875C gpu@46.562C tj@47.25C soc1@45C VDD_IN 4292mW/4310mW VDD_CPU_GPU_CV 1031mW/1033mW VDD_SOC 1391mW/1393mW
08-23-2026 05:08:55 RAM 2959/7620MB (lfb 5x4MB) SWAP 0/12002MB (cached 0MB) CPU [3%@1510,1%@1510,1%@1510,2%@1510,3%@1510,2%@1510] GR3D_FREQ 0% cpu@47.125C soc2@46.5C soc0@44.875C gpu@46.562C tj@47.093C soc1@44.781C VDD_IN 4292mW/4309mW VDD_CPU_GPU_CV 1031mW/1033mW VDD_SOC 1391mW/1393mW
08-23-2026 05:08:56 RAM 2959/7620MB (lfb 5x4MB) SWAP 0/12002MB (cached 0MB) CPU [2%@1510,1%@1510,2%@1510,4%@1510,3%@1510,2%@1510] GR3D_FREQ 0% cpu@47.343C soc2@46.593C soc0@44.906C gpu@46.937C tj@47.093C soc1@44.843C VDD_IN 4292mW/4309mW VDD_CPU_GPU_CV 1031mW/1033mW VDD_SOC 1391mW/1393mW
08-23-2026 05:08:57 RAM 2959/7620MB (lfb 5x4MB) SWAP 0/12002MB (cached 0MB) CPU [3%@1510,1%@1510,2%@1510,2%@1510,5%@1510,3%@1510] GR3D_FREQ 0% cpu@47C soc2@46.562C soc0@44.906C gpu@46.937C tj@47C soc1@44.75C VDD_IN 4292mW/4309mW VDD_CPU_GPU_CV 1031mW/1033mW VDD_SOC 1391mW/1393mW
08-23-2026 05:08:58 RAM 2960/7620MB (lfb 5x4MB) SWAP 0/12002MB (cached 0MB) CPU [1%@1510,1%@1510,4%@1510,5%@1510,3%@1510,3%@1510] GR3D_FREQ 0% cpu@47.125C soc2@46.531C soc0@44.875C gpu@46.468C tj@47.125C soc1@44.906C VDD_IN 4292mW/4309mW VDD_CPU_GPU_CV 1031mW/1033mW VDD_SOC 1391mW/1393mW
08-23-2026 05:08:59 RAM 2961/7620MB (lfb 5x4MB) SWAP 0/12002MB (cached 0MB) CPU [3%@1510,1%@1510,3%@1510,1%@1510,4%@1510,4%@1510] GR3D_FREQ 0% cpu@47.343C soc2@46.531C soc0@44.781C gpu@46.437C tj@47.343C soc1@44.843C VDD_IN 4292mW/4309mW VDD_CPU_GPU_CV 1031mW/1033mW VDD_SOC 1391mW/1393mW
08-23-2026 05:09:00 RAM 2961/7620MB (lfb 5x4MB) SWAP 0/12002MB (cached 0MB) CPU [2%@1510,1%@1510,2%@1510,1%@1510,4%@1510,1%@1510] GR3D_FREQ 0% cpu@47.125C soc2@46.468C soc0@44.843C gpu@46.437C tj@47.093C soc1@44.812C VDD_IN 4292mW/4309mW VDD_CPU_GPU_CV 1031mW/1033mW VDD_SOC 1391mW/1393mW
08-23-2026 05:09:01 RAM 2961/7620MB (lfb 5x4MB) SWAP 0/12002MB (cached 0MB) CPU [2%@1510,1%@1510,1%@1510,1%@1510,4%@1510,0%@1510] GR3D_FREQ 0% cpu@47.093C soc2@46.468C soc0@44.843C gpu@46.468C tj@47.093C soc1@44.843C VDD_IN 4292mW/4309mW VDD_CPU_GPU_CV 1031mW/1033mW VDD_SOC 1391mW/1393mW
08-23-2026 05:09:02 RAM 2961/7620MB (lfb 5x4MB) SWAP 0/12002MB (cached 0MB) CPU [2%@1510,1%@1510,2%@1510,1%@1510,2%@1510,1%@1510] GR3D_FREQ 0% cpu@47.125C soc2@46.562C soc0@44.937C gpu@46.625C tj@47.125C soc1@44.843C VDD_IN 4292mW/4309mW VDD_CPU_GPU_CV 1031mW/1033mW VDD_SOC 1391mW/1393mW
08-23-2026 05:09:03 RAM 2961/7620MB (lfb 5x4MB) SWAP 0/12002MB (cached 0MB) CPU [2%@1510,0%@1510,4%@1510,2%@1510,5%@1510,3%@1510] GR3D_FREQ 0% cpu@47.156C soc2@46.656C soc0@44.875C gpu@46.593C tj@47.156C soc1@44.843C VDD_IN 4292mW/4309mW VDD_CPU_GPU_CV 1031mW/1033mW VDD_SOC 1391mW/1393mW
08-23-2026 05:09:04 RAM 2960/7620MB (lfb 5x4MB) SWAP 0/12002MB (cached 0MB) CPU [4%@1510,1%@1510,2%@1510,3%@1510,4%@1510,2%@1510] GR3D_FREQ 0% cpu@47.343C soc2@46.562C soc0@44.875C gpu@46.718C tj@47.343C soc1@44.875C VDD_IN 4332mW/4309mW VDD_CPU_GPU_CV 1031mW/1033mW VDD_SOC 1391mW/1393mW
08-23-2026 05:09:05 RAM 2960/7620MB (lfb 5x4MB) SWAP 0/12002MB (cached 0MB) CPU [1%@1510,1%@1510,2%@1510,3%@1510,4%@1510,1%@1510] GR3D_FREQ 0% cpu@47.125C soc2@46.468C soc0@44.812C gpu@46.718C tj@47.093C soc1@44.781C VDD_IN 4292mW/4309mW VDD_CPU_GPU_CV 1031mW/1033mW VDD_SOC 1391mW/1393mW
08-23-2026 05:09:06 RAM 2960/7620MB (lfb 5x4MB) SWAP 0/12002MB (cached 0MB) CPU [1%@1510,0%@1510,1%@1510,2%@1510,3%@1510,2%@1510] GR3D_FREQ 0% cpu@47.437C soc2@46.468C soc0@44.875C gpu@46.656C tj@47.375C soc1@44.781C VDD_IN 4252mW/4308mW VDD_CPU_GPU_CV 992mW/1032mW VDD_SOC 1391mW/1393mW
08-23-2026 05:09:07 RAM 2960/7620MB (lfb 5x4MB) SWAP 0/12002MB (cached 0MB) CPU [0%@1510,1%@1510,1%@1510,1%@1510,3%@1510,0%@1510] GR3D_FREQ 0% cpu@47.093C soc2@46.562C soc0@44.968C gpu@46.781C tj@47.093C soc1@44.843C VDD_IN 4252mW/4308mW VDD_CPU_GPU_CV 992mW/1032mW VDD_SOC 1391mW/1393mW
08-23-2026 05:09:08 RAM 2961/7620MB (lfb 5x4MB) SWAP 0/12002MB (cached 0MB) CPU [0%@1510,1%@1510,2%@1510,4%@1510,3%@1510,2%@1510] GR3D_FREQ 0% cpu@47.093C soc2@46.625C soc0@45C gpu@46.781C tj@47.093C soc1@44.812C VDD_IN 4252mW/4308mW VDD_CPU_GPU_CV 992mW/1032mW VDD_SOC 1391mW/1393mW
08-23-2026 05:09:09 RAM 2960/7620MB (lfb 5x4MB) SWAP 0/12002MB (cached 0MB) CPU [2%@1510,0%@1510,3%@1510,2%@1510,4%@1510,2%@1510] GR3D_FREQ 0% cpu@47.312C soc2@46.468C soc0@44.812C gpu@46.781C tj@47.312C soc1@44.843C VDD_IN 4292mW/4307mW VDD_CPU_GPU_CV 992mW/1032mW VDD_SOC 1391mW/1393mW
08-23-2026 05:09:10 RAM 2960/7620MB (lfb 5x4MB) SWAP 0/12002MB (cached 0MB) CPU [1%@1510,1%@1510,1%@1510,1%@1510,2%@1510,2%@1510] GR3D_FREQ 0% cpu@47.125C soc2@46.5C soc0@44.875C gpu@46.468C tj@47.125C soc1@44.968C VDD_IN 4292mW/4307mW VDD_CPU_GPU_CV 992mW/1031mW VDD_SOC 1391mW/1393mW
08-23-2026 05:09:11 RAM 2959/7620MB (lfb 5x4MB) SWAP 0/12002MB (cached 0MB) CPU [0%@1510,1%@1510,1%@1510,1%@1510,2%@1510,2%@1510] GR3D_FREQ 0% cpu@47.437C soc2@46.468C soc0@44.875C gpu@46.406C tj@47.437C soc1@44.875C VDD_IN 4252mW/4307mW VDD_CPU_GPU_CV 992mW/1031mW VDD_SOC 1391mW/1392mW
08-23-2026 05:09:12 RAM 2959/7620MB (lfb 5x4MB) SWAP 0/12002MB (cached 0MB) CPU [1%@1510,1%@1510,0%@1510,1%@1510,4%@1510,3%@1510] GR3D_FREQ 0% cpu@47.062C soc2@46.437C soc0@45.031C gpu@46.468C tj@47.062C soc1@44.875C VDD_IN 4292mW/4307mW VDD_CPU_GPU_CV 992mW/1031mW VDD_SOC 1391mW/1392mW
08-23-2026 05:09:13 RAM 2960/7620MB (lfb 5x4MB) SWAP 0/12002MB (cached 0MB) CPU [0%@1510,2%@1510,2%@1510,3%@1510,3%@1510,2%@1510] GR3D_FREQ 0% cpu@47.218C soc2@46.531C soc0@44.968C gpu@46.5C tj@47.218C soc1@44.906C VDD_IN 4292mW/4307mW VDD_CPU_GPU_CV 992mW/1031mW VDD_SOC 1391mW/1392mW
08-23-2026 05:09:14 RAM 2959/7620MB (lfb 5x4MB) SWAP 0/12002MB (cached 0MB) CPU [1%@1510,1%@1510,1%@1510,1%@1510,2%@1510,2%@1510] GR3D_FREQ 0% cpu@47.312C soc2@46.625C soc0@44.812C gpu@46.5C tj@47.312C soc1@44.875C VDD_IN 4252mW/4307mW VDD_CPU_GPU_CV 992mW/1030mW VDD_SOC 1391mW/1392mW
08-23-2026 05:09:15 RAM 2959/7620MB (lfb 5x4MB) SWAP 0/12002MB (cached 0MB) CPU [0%@1510,1%@1510,1%@1510,2%@1510,3%@1510,2%@1510] GR3D_FREQ 0% cpu@47.187C soc2@46.593C soc0@44.906C gpu@46.562C tj@47.187C soc1@44.968C VDD_IN 4252mW/4306mW VDD_CPU_GPU_CV 992mW/1030mW VDD_SOC 1391mW/1392mW
08-23-2026 05:09:16 RAM 2959/7620MB (lfb 5x4MB) SWAP 0/12002MB (cached 0MB) CPU [0%@1510,1%@1510,0%@1510,1%@1510,3%@1510,1%@1510] GR3D_FREQ 0% cpu@47.468C soc2@46.5C soc0@44.875C gpu@46.625C tj@47.468C soc1@44.812C VDD_IN 4252mW/4306mW VDD_CPU_GPU_CV 992mW/1030mW VDD_SOC 1391mW/1392mW
08-23-2026 05:09:17 RAM 2959/7620MB (lfb 5x4MB) SWAP 0/12002MB (cached 0MB) CPU [2%@1510,0%@1510,1%@1510,0%@1510,3%@1510,4%@1510] GR3D_FREQ 0% cpu@47.062C soc2@46.531C soc0@44.906C gpu@46.625C tj@47.062C soc1@44.812C VDD_IN 4252mW/4306mW VDD_CPU_GPU_CV 992mW/1030mW VDD_SOC 1391mW/1392mW
08-23-2026 05:09:18 RAM 2959/7620MB (lfb 5x4MB) SWAP 0/12002MB (cached 0MB) CPU [0%@1510,1%@1510,4%@1510,2%@1510,4%@1510,1%@1510] GR3D_FREQ 0% cpu@47.125C soc2@46.531C soc0@45C gpu@46.625C tj@47.125C soc1@44.843C VDD_IN 4252mW/4305mW VDD_CPU_GPU_CV 992mW/1030mW VDD_SOC 1391mW/1392mW
08-23-2026 05:09:19 RAM 2959/7620MB (lfb 5x4MB) SWAP 0/12002MB (cached 0MB) CPU [1%@1510,1%@1510,1%@1510,2%@1510,3%@1510,2%@1510] GR3D_FREQ 0% cpu@47.25C soc2@46.593C soc0@44.875C gpu@46.937C tj@47.25C soc1@44.875C VDD_IN 4252mW/4305mW VDD_CPU_GPU_CV 992mW/1029mW VDD_SOC 1391mW/1392mW
08-23-2026 05:09:20 RAM 2959/7620MB (lfb 5x4MB) SWAP 0/12002MB (cached 0MB) CPU [1%@1510,0%@1510,1%@1510,1%@1510,2%@1510,2%@1510] GR3D_FREQ 0% cpu@47.156C soc2@46.468C soc0@44.875C gpu@46.406C tj@47.156C soc1@44.875C VDD_IN 4252mW/4305mW VDD_CPU_GPU_CV 992mW/1029mW VDD_SOC 1391mW/1392mW
08-23-2026 05:09:21 RAM 2959/7620MB (lfb 5x4MB) SWAP 0/12002MB (cached 0MB) CPU [2%@1510,1%@1510,1%@1510,2%@1510,3%@1510,2%@1510] GR3D_FREQ 0% cpu@47.375C soc2@46.5C soc0@44.906C gpu@46.406C tj@47.375C soc1@45.031C VDD_IN 4252mW/4304mW VDD_CPU_GPU_CV 992mW/1029mW VDD_SOC 1391mW/1392mW
08-23-2026 05:09:22 RAM 2959/7620MB (lfb 5x4MB) SWAP 0/12002MB (cached 0MB) CPU [2%@1510,0%@1510,1%@1510,2%@1510,4%@1510,0%@1510] GR3D_FREQ 0% cpu@47.218C soc2@46.562C soc0@44.937C gpu@46.468C tj@47.218C soc1@44.843C VDD_IN 4252mW/4304mW VDD_CPU_GPU_CV 992mW/1029mW VDD_SOC 1391mW/1392mW
08-23-2026 05:09:23 RAM 2960/7620MB (lfb 5x4MB) SWAP 0/12002MB (cached 0MB) CPU [1%@1510,2%@1510,2%@1510,2%@1510,3%@1510,1%@1510] GR3D_FREQ 0% cpu@47.093C soc2@46.593C soc0@44.968C gpu@46.437C tj@47.093C soc1@44.812C VDD_IN 4292mW/4304mW VDD_CPU_GPU_CV 992mW/1028mW VDD_SOC 1391mW/1392mW
08-23-2026 05:09:24 RAM 2959/7620MB (lfb 5x4MB) SWAP 0/12002MB (cached 0MB) CPU [3%@1510,0%@1510,1%@1510,2%@1510,2%@1510,2%@1510] GR3D_FREQ 0% cpu@47.125C soc2@46.531C soc0@45.031C gpu@46.531C tj@47.281C soc1@44.843C VDD_IN 4292mW/4304mW VDD_CPU_GPU_CV 1031mW/1028mW VDD_SOC 1391mW/1392mW
08-23-2026 05:09:25 RAM 2960/7620MB (lfb 5x4MB) SWAP 0/12002MB (cached 0MB) CPU [2%@1510,1%@1510,0%@1510,0%@1510,3%@1510,1%@1510] GR3D_FREQ 0% cpu@47.25C soc2@46.437C soc0@44.875C gpu@46.437C tj@47.25C soc1@44.937C VDD_IN 4252mW/4304mW VDD_CPU_GPU_CV 992mW/1028mW VDD_SOC 1391mW/1392mW
08-23-2026 05:09:26 RAM 2960/7620MB (lfb 5x4MB) SWAP 0/12002MB (cached 0MB) CPU [3%@1510,1%@1510,1%@1510,0%@1510,2%@1510,1%@1510] GR3D_FREQ 0% cpu@47.406C soc2@46.5C soc0@44.875C gpu@46.562C tj@47.406C soc1@44.968C VDD_IN 4252mW/4303mW VDD_CPU_GPU_CV 992mW/1028mW VDD_SOC 1391mW/1392mW
08-23-2026 05:09:27 RAM 2960/7620MB (lfb 5x4MB) SWAP 0/12002MB (cached 0MB) CPU [3%@1510,1%@1510,2%@1510,1%@1510,5%@1510,2%@1510] GR3D_FREQ 0% cpu@47.281C soc2@46.562C soc0@44.968C gpu@46.468C tj@47.281C soc1@44.875C VDD_IN 4292mW/4303mW VDD_CPU_GPU_CV 1031mW/1028mW VDD_SOC 1391mW/1392mW
08-23-2026 05:09:29 RAM 2960/7620MB (lfb 5x4MB) SWAP 0/12002MB (cached 0MB) CPU [2%@1510,5%@1510,0%@1510,2%@1510,3%@1510,1%@1510] GR3D_FREQ 0% cpu@47.187C soc2@46.562C soc0@44.968C gpu@46.687C tj@47.187C soc1@44.843C VDD_IN 4252mW/4303mW VDD_CPU_GPU_CV 992mW/1028mW VDD_SOC 1391mW/1392mW
08-23-2026 05:09:30 RAM 2960/7620MB (lfb 5x4MB) SWAP 0/12002MB (cached 0MB) CPU [3%@1510,2%@1510,1%@1510,1%@1510,3%@1510,2%@1510] GR3D_FREQ 0% cpu@47.156C soc2@46.625C soc0@45C gpu@46.718C tj@47.156C soc1@44.875C VDD_IN 4252mW/4303mW VDD_CPU_GPU_CV 992mW/1028mW VDD_SOC 1391mW/1392mW
08-23-2026 05:09:31 RAM 2960/7620MB (lfb 5x4MB) SWAP 0/12002MB (cached 0MB) CPU [3%@1510,2%@1510,0%@1510,1%@1510,3%@1510,1%@1510] GR3D_FREQ 0% cpu@47.187C soc2@46.656C soc0@44.875C gpu@46.781C tj@47.187C soc1@44.875C VDD_IN 4252mW/4302mW VDD_CPU_GPU_CV 992mW/1028mW VDD_SOC 1391mW/1392mW
08-23-2026 05:09:32 RAM 2960/7620MB (lfb 5x4MB) SWAP 0/12002MB (cached 0MB) CPU [3%@1510,2%@1510,1%@1510,1%@1510,3%@1510,1%@1510] GR3D_FREQ 0% cpu@47.375C soc2@46.468C soc0@44.968C gpu@46.781C tj@47.375C soc1@44.968C VDD_IN 4252mW/4302mW VDD_CPU_GPU_CV 992mW/1027mW VDD_SOC 1391mW/1392mW
08-23-2026 05:09:33 RAM 2960/7620MB (lfb 5x4MB) SWAP 0/12002MB (cached 0MB) CPU [3%@1510,1%@1510,1%@1510,4%@1510,3%@1510,1%@1510] GR3D_FREQ 0% cpu@47.312C soc2@46.593C soc0@44.875C gpu@46.75C tj@47.312C soc1@44.875C VDD_IN 4371mW/4303mW VDD_CPU_GPU_CV 1071mW/1028mW VDD_SOC 1391mW/1392mW
08-23-2026 05:09:34 RAM 2960/7620MB (lfb 5x4MB) SWAP 0/12002MB (cached 0MB) CPU [3%@1510,1%@1510,1%@1510,0%@1510,3%@1510,1%@1510] GR3D_FREQ 0% cpu@47.531C soc2@46.468C soc0@45C gpu@46.843C tj@47.156C soc1@44.812C VDD_IN 4292mW/4303mW VDD_CPU_GPU_CV 1031mW/1028mW VDD_SOC 1391mW/1392mW
08-23-2026 05:09:35 RAM 2959/7620MB (lfb 5x4MB) SWAP 0/12002MB (cached 0MB) CPU [2%@1510,1%@1510,2%@1510,1%@1510,3%@1510,1%@1510] GR3D_FREQ 0% cpu@47.093C soc2@46.656C soc0@45.062C gpu@46.812C tj@47.093C soc1@44.906C VDD_IN 4252mW/4302mW VDD_CPU_GPU_CV 992mW/1027mW VDD_SOC 1391mW/1392mW
08-23-2026 05:09:36 RAM 2959/7620MB (lfb 5x4MB) SWAP 0/12002MB (cached 0MB) CPU [2%@1510,1%@1510,0%@1510,0%@1510,2%@1510,2%@1510] GR3D_FREQ 0% cpu@47.218C soc2@46.625C soc0@44.875C gpu@46.843C tj@47.218C soc1@44.968C VDD_IN 4252mW/4302mW VDD_CPU_GPU_CV 992mW/1027mW VDD_SOC 1391mW/1392mW
08-23-2026 05:09:37 RAM 2959/7620MB (lfb 5x4MB) SWAP 0/12002MB (cached 0MB) CPU [1%@1510,2%@1510,1%@1510,2%@1510,3%@1510,0%@1510] GR3D_FREQ 0% cpu@47.406C soc2@46.593C soc0@44.875C gpu@46.562C tj@47.406C soc1@45C VDD_IN 4252mW/4302mW VDD_CPU_GPU_CV 992mW/1027mW VDD_SOC 1391mW/1392mW
08-23-2026 05:09:38 RAM 2959/7620MB (lfb 5x4MB) SWAP 0/12002MB (cached 0MB) CPU [2%@1510,2%@1510,2%@1510,0%@1510,4%@1510,1%@1510] GR3D_FREQ 0% cpu@47.281C soc2@46.5C soc0@44.937C gpu@46.625C tj@47.281C soc1@44.812C VDD_IN 4332mW/4302mW VDD_CPU_GPU_CV 1071mW/1027mW VDD_SOC 1391mW/1392mW
08-23-2026 05:09:39 RAM 2959/7620MB (lfb 5x4MB) SWAP 0/12002MB (cached 0MB) CPU [1%@1510,2%@1510,2%@1510,1%@1510,3%@1510,1%@1510] GR3D_FREQ 0% cpu@47.531C soc2@46.5C soc0@44.906C gpu@46.656C tj@47.531C soc1@44.843C VDD_IN 4292mW/4302mW VDD_CPU_GPU_CV 1031mW/1027mW VDD_SOC 1391mW/1392mW
08-23-2026 05:09:40 RAM 2959/7620MB (lfb 5x4MB) SWAP 0/12002MB (cached 0MB) CPU [2%@1510,2%@1510,1%@1510,0%@1510,2%@1510,1%@1510] GR3D_FREQ 0% cpu@47.125C soc2@46.625C soc0@45.031C gpu@46.625C tj@47.125C soc1@44.875C VDD_IN 4252mW/4302mW VDD_CPU_GPU_CV 992mW/1027mW VDD_SOC 1391mW/1392mW
08-23-2026 05:09:41 RAM 2959/7620MB (lfb 5x4MB) SWAP 0/12002MB (cached 0MB) CPU [3%@1510,3%@1510,1%@1510,0%@1510,2%@1510,0%@1510] GR3D_FREQ 0% cpu@47.218C soc2@46.625C soc0@44.875C gpu@46.625C tj@47.218C soc1@44.875C VDD_IN 4252mW/4301mW VDD_CPU_GPU_CV 992mW/1027mW VDD_SOC 1391mW/1392mW
08-23-2026 05:09:42 RAM 2959/7620MB (lfb 5x4MB) SWAP 0/12002MB (cached 0MB) CPU [1%@1510,4%@1510,2%@1510,0%@1510,0%@1510,0%@1510] GR3D_FREQ 0% cpu@47.437C soc2@46.531C soc0@44.906C gpu@46.625C tj@47.437C soc1@44.968C VDD_IN 4252mW/4301mW VDD_CPU_GPU_CV 992mW/1027mW VDD_SOC 1391mW/1392mW
08-23-2026 05:09:43 RAM 2960/7620MB (lfb 5x4MB) SWAP 0/12002MB (cached 0MB) CPU [3%@1510,2%@1510,3%@1510,1%@1510,4%@1510,2%@1510] GR3D_FREQ 0% cpu@47.375C soc2@46.656C soc0@44.968C gpu@46.687C tj@47.281C soc1@44.968C VDD_IN 4332mW/4301mW VDD_CPU_GPU_CV 1071mW/1027mW VDD_SOC 1391mW/1392mW
08-23-2026 05:09:44 RAM 2960/7620MB (lfb 5x4MB) SWAP 0/12002MB (cached 0MB) CPU [3%@1510,1%@1510,3%@1510,1%@1510,3%@1510,2%@1510] GR3D_FREQ 0% cpu@47.562C soc2@46.562C soc0@44.937C gpu@46.687C tj@47.562C soc1@44.875C VDD_IN 4292mW/4301mW VDD_CPU_GPU_CV 1031mW/1027mW VDD_SOC 1391mW/1392mW
08-23-2026 05:09:45 RAM 2960/7620MB (lfb 5x4MB) SWAP 0/12002MB (cached 0MB) CPU [4%@1510,1%@1510,4%@1510,1%@1510,2%@1510,3%@1510] GR3D_FREQ 0% cpu@47.187C soc2@46.593C soc0@45.062C gpu@46.718C tj@47.187C soc1@44.906C VDD_IN 4332mW/4301mW VDD_CPU_GPU_CV 1031mW/1027mW VDD_SOC 1391mW/1392mW
08-23-2026 05:09:46 RAM 2960/7620MB (lfb 5x4MB) SWAP 0/12002MB (cached 0MB) CPU [1%@1510,0%@1510,3%@1510,3%@1510,2%@1510,4%@1510] GR3D_FREQ 0% cpu@47.312C soc2@46.625C soc0@44.906C gpu@46.437C tj@47.312C soc1@44.906C VDD_IN 4332mW/4301mW VDD_CPU_GPU_CV 1031mW/1027mW VDD_SOC 1391mW/1392mW
08-23-2026 05:09:47 RAM 2960/7620MB (lfb 5x4MB) SWAP 0/12002MB (cached 0MB) CPU [5%@1510,2%@1510,6%@1510,2%@1510,3%@1510,4%@1510] GR3D_FREQ 0% cpu@47.468C soc2@46.812C soc0@44.968C gpu@46.625C tj@47.5C soc1@45C VDD_IN 4332mW/4302mW VDD_CPU_GPU_CV 1071mW/1027mW VDD_SOC 1391mW/1392mW
08-23-2026 05:09:48 RAM 2960/7620MB (lfb 5x4MB) SWAP 0/12002MB (cached 0MB) CPU [2%@1510,0%@1510,4%@1510,1%@1510,5%@1510,2%@1510] GR3D_FREQ 0% cpu@47.406C soc2@46.625C soc0@45C gpu@46.562C tj@47.343C soc1@45.062C VDD_IN 4371mW/4302mW VDD_CPU_GPU_CV 1071mW/1027mW VDD_SOC 1391mW/1392mW
08-23-2026 05:09:49 RAM 2959/7620MB (lfb 5x4MB) SWAP 0/12002MB (cached 0MB) CPU [3%@1510,0%@1510,2%@1510,2%@1510,3%@1510,2%@1510] GR3D_FREQ 0% cpu@47.625C soc2@46.718C soc0@45C gpu@46.625C tj@47.625C soc1@44.906C VDD_IN 4332mW/4302mW VDD_CPU_GPU_CV 1031mW/1027mW VDD_SOC 1391mW/1392mW
08-23-2026 05:09:50 RAM 2958/7620MB (lfb 5x4MB) SWAP 0/12002MB (cached 0MB) CPU [1%@1510,1%@1510,1%@1510,0%@1510,2%@1510,3%@1510] GR3D_FREQ 0% cpu@47.125C soc2@46.656C soc0@45.093C gpu@46.593C tj@47.125C soc1@44.937C VDD_IN 4292mW/4302mW VDD_CPU_GPU_CV 1031mW/1027mW VDD_SOC 1391mW/1392mW
08-23-2026 05:09:51 RAM 2959/7620MB (lfb 5x4MB) SWAP 0/12002MB (cached 0MB) CPU [2%@1510,0%@1510,1%@1510,1%@1510,3%@1510,1%@1510] GR3D_FREQ 0% cpu@47.312C soc2@46.687C soc0@45C gpu@46.593C tj@47.312C soc1@44.937C VDD_IN 4292mW/4302mW VDD_CPU_GPU_CV 992mW/1027mW VDD_SOC 1391mW/1392mW
08-23-2026 05:09:52 RAM 2959/7620MB (lfb 5x4MB) SWAP 0/12002MB (cached 0MB) CPU [2%@1510,2%@1510,1%@1510,0%@1510,3%@1510,0%@1510] GR3D_FREQ 0% cpu@47.468C soc2@46.812C soc0@44.906C gpu@46.562C tj@47.468C soc1@45C VDD_IN 4292mW/4302mW VDD_CPU_GPU_CV 992mW/1027mW VDD_SOC 1391mW/1392mW
08-23-2026 05:09:53 RAM 2959/7620MB (lfb 5x4MB) SWAP 0/12002MB (cached 0MB) CPU [1%@1510,0%@1510,2%@1510,2%@1510,5%@1510,3%@1510] GR3D_FREQ 0% cpu@47.343C soc2@46.625C soc0@44.906C gpu@46.843C tj@47.343C soc1@45.093C VDD_IN 4371mW/4302mW VDD_CPU_GPU_CV 1071mW/1027mW VDD_SOC 1391mW/1392mW
08-23-2026 05:09:54 RAM 2959/7620MB (lfb 5x4MB) SWAP 0/12002MB (cached 0MB) CPU [2%@1510,0%@1510,1%@1510,1%@1510,3%@1510,3%@1510] GR3D_FREQ 0% cpu@47.5C soc2@46.687C soc0@45.062C gpu@46.843C tj@47.5C soc1@44.875C VDD_IN 4332mW/4302mW VDD_CPU_GPU_CV 1031mW/1027mW VDD_SOC 1391mW/1392mW
08-23-2026 05:09:55 RAM 2959/7620MB (lfb 5x4MB) SWAP 0/12002MB (cached 0MB) CPU [1%@1510,2%@1510,1%@1510,1%@1510,2%@1510,2%@1510] GR3D_FREQ 0% cpu@47.312C soc2@46.656C soc0@45C gpu@46.843C tj@47.312C soc1@44.875C VDD_IN 4292mW/4302mW VDD_CPU_GPU_CV 992mW/1027mW VDD_SOC 1391mW/1392mW
08-23-2026 05:09:56 RAM 2959/7620MB (lfb 5x4MB) SWAP 0/12002MB (cached 0MB) CPU [2%@1510,2%@1510,1%@1510,2%@1510,3%@1510,2%@1510] GR3D_FREQ 0% cpu@47.312C soc2@46.718C soc0@45C gpu@46.875C tj@47.312C soc1@44.937C VDD_IN 4252mW/4302mW VDD_CPU_GPU_CV 992mW/1027mW VDD_SOC 1391mW/1392mW
08-23-2026 05:09:57 RAM 2959/7620MB (lfb 5x4MB) SWAP 0/12002MB (cached 0MB) CPU [1%@1510,1%@1510,1%@1510,1%@1510,2%@1510,1%@1510] GR3D_FREQ 0% cpu@47.437C soc2@46.718C soc0@44.937C gpu@46.906C tj@47.437C soc1@44.968C VDD_IN 4252mW/4302mW VDD_CPU_GPU_CV 992mW/1027mW VDD_SOC 1391mW/1392mW
08-23-2026 05:09:58 RAM 2959/7620MB (lfb 5x4MB) SWAP 0/12002MB (cached 0MB) CPU [1%@1510,1%@1510,1%@1510,2%@1510,4%@1510,3%@1510] GR3D_FREQ 0% cpu@47.375C soc2@46.687C soc0@44.937C gpu@46.906C tj@47.375C soc1@45.218C VDD_IN 4332mW/4302mW VDD_CPU_GPU_CV 1031mW/1027mW VDD_SOC 1391mW/1392mW
08-23-2026 05:09:59 RAM 2958/7620MB (lfb 5x4MB) SWAP 0/12002MB (cached 0MB) CPU [1%@1510,1%@1510,3%@1510,1%@1510,3%@1510,4%@1510] GR3D_FREQ 0% cpu@47.593C soc2@46.718C soc0@45C gpu@46.906C tj@47.593C soc1@45.093C VDD_IN 4292mW/4302mW VDD_CPU_GPU_CV 1031mW/1027mW VDD_SOC 1391mW/1392mW
08-23-2026 05:10:00 RAM 2958/7620MB (lfb 5x4MB) SWAP 0/12002MB (cached 0MB) CPU [1%@1510,1%@1510,1%@1510,2%@1510,2%@1510,1%@1510] GR3D_FREQ 0% cpu@47.343C soc2@46.687C soc0@45.031C gpu@47C tj@47.343C soc1@44.906C VDD_IN 4252mW/4302mW VDD_CPU_GPU_CV 992mW/1027mW VDD_SOC 1391mW/1392mW
08-23-2026 05:10:01 RAM 2958/7620MB (lfb 5x4MB) SWAP 0/12002MB (cached 0MB) CPU [1%@1510,1%@1510,1%@1510,2%@1510,3%@1510,0%@1510] GR3D_FREQ 0% cpu@47.375C soc2@46.718C soc0@45.062C gpu@47.031C tj@47.375C soc1@44.906C VDD_IN 4252mW/4301mW VDD_CPU_GPU_CV 992mW/1027mW VDD_SOC 1391mW/1392mW
08-23-2026 05:10:02 RAM 2958/7620MB (lfb 5x4MB) SWAP 0/12002MB (cached 0MB) CPU [1%@1510,1%@1510,1%@1510,0%@1510,2%@1510,1%@1510] GR3D_FREQ 0% cpu@47.218C soc2@46.812C soc0@45.125C gpu@47.062C tj@47.218C soc1@44.906C VDD_IN 4252mW/4301mW VDD_CPU_GPU_CV 992mW/1026mW VDD_SOC 1391mW/1392mW
08-23-2026 05:10:03 RAM 2959/7620MB (lfb 5x4MB) SWAP 0/12002MB (cached 0MB) CPU [1%@1510,0%@1510,4%@1510,3%@1510,4%@1510,2%@1510] GR3D_FREQ 0% cpu@47.343C soc2@46.687C soc0@44.968C gpu@46.75C tj@47.343C soc1@44.906C VDD_IN 4332mW/4301mW VDD_CPU_GPU_CV 1031mW/1026mW VDD_SOC 1391mW/1392mW
08-23-2026 05:10:04 RAM 2959/7620MB (lfb 5x4MB) SWAP 0/12002MB (cached 0MB) CPU [2%@1510,2%@1510,3%@1510,0%@1510,3%@1510,3%@1510] GR3D_FREQ 0% cpu@47.593C soc2@46.562C soc0@45.093C gpu@46.656C tj@47.593C soc1@45.093C VDD_IN 4292mW/4301mW VDD_CPU_GPU_CV 1031mW/1026mW VDD_SOC 1391mW/1392mW
08-23-2026 05:10:05 RAM 2959/7620MB (lfb 5x4MB) SWAP 0/12002MB (cached 0MB) CPU [1%@1510,1%@1510,0%@1510,2%@1510,3%@1510,2%@1510] GR3D_FREQ 0% cpu@47.375C soc2@46.593C soc0@44.968C gpu@46.75C tj@47.281C soc1@44.906C VDD_IN 4252mW/4301mW VDD_CPU_GPU_CV 992mW/1026mW VDD_SOC 1391mW/1392mW
08-23-2026 05:10:06 RAM 2959/7620MB (lfb 5x4MB) SWAP 0/12002MB (cached 0MB) CPU [0%@1510,1%@1510,1%@1510,0%@1510,2%@1510,2%@1510] GR3D_FREQ 0% cpu@47.187C soc2@46.75C soc0@45.093C gpu@46.718C tj@47.343C soc1@44.906C VDD_IN 4252mW/4301mW VDD_CPU_GPU_CV 992mW/1026mW VDD_SOC 1391mW/1392mW
08-23-2026 05:10:07 RAM 2959/7620MB (lfb 5x4MB) SWAP 0/12002MB (cached 0MB) CPU [1%@1510,1%@1510,2%@1510,1%@1510,3%@1510,3%@1510] GR3D_FREQ 0% cpu@47.281C soc2@46.687C soc0@45.125C gpu@46.781C tj@47.281C soc1@45.031C VDD_IN 4252mW/4301mW VDD_CPU_GPU_CV 992mW/1026mW VDD_SOC 1391mW/1392mW
08-23-2026 05:10:08 RAM 2960/7620MB (lfb 5x4MB) SWAP 0/12002MB (cached 0MB) CPU [2%@1510,1%@1510,2%@1510,2%@1510,3%@1510,4%@1510] GR3D_FREQ 0% cpu@47.406C soc2@46.75C soc0@44.968C gpu@46.75C tj@47.406C soc1@45.062C VDD_IN 4332mW/4301mW VDD_CPU_GPU_CV 1031mW/1026mW VDD_SOC 1391mW/1392mW
08-23-2026 05:10:09 RAM 2959/7620MB (lfb 5x4MB) SWAP 0/12002MB (cached 0MB) CPU [1%@1510,1%@1510,2%@1510,2%@1510,4%@1510,1%@1510] GR3D_FREQ 0% cpu@47.656C soc2@46.687C soc0@44.968C gpu@46.781C tj@47.656C soc1@45.125C VDD_IN 4292mW/4301mW VDD_CPU_GPU_CV 1031mW/1026mW VDD_SOC 1391mW/1392mW
08-23-2026 05:10:10 RAM 2959/7620MB (lfb 5x4MB) SWAP 0/12002MB (cached 0MB) CPU [1%@1510,0%@1510,1%@1510,2%@1510,3%@1510,1%@1510] GR3D_FREQ 0% cpu@47.437C soc2@46.625C soc0@45.031C gpu@46.812C tj@47.437C soc1@44.937C VDD_IN 4252mW/4301mW VDD_CPU_GPU_CV 992mW/1026mW VDD_SOC 1391mW/1392mW
08-23-2026 05:10:11 RAM 2959/7620MB (lfb 5x4MB) SWAP 0/12002MB (cached 0MB) CPU [3%@1510,0%@1510,3%@1510,1%@1510,3%@1510,1%@1510] GR3D_FREQ 0% cpu@47.687C soc2@46.687C soc0@45.093C gpu@46.812C tj@47.687C soc1@45.093C VDD_IN 4292mW/4301mW VDD_CPU_GPU_CV 1031mW/1026mW VDD_SOC 1391mW/1392mW
08-23-2026 05:10:12 RAM 2959/7620MB (lfb 5x4MB) SWAP 0/12002MB (cached 0MB) CPU [0%@1510,1%@1510,2%@1510,1%@1510,2%@1510,0%@1510] GR3D_FREQ 0% cpu@47.281C soc2@46.75C soc0@45.156C gpu@46.656C tj@47.281C soc1@44.968C VDD_IN 4252mW/4300mW VDD_CPU_GPU_CV 992mW/1026mW VDD_SOC 1391mW/1392mW
08-23-2026 05:10:13 RAM 2959/7620MB (lfb 5x4MB) SWAP 0/12002MB (cached 0MB) CPU [0%@1510,1%@1510,3%@1510,2%@1510,3%@1510,1%@1510] GR3D_FREQ 0% cpu@47.375C soc2@46.781C soc0@44.937C gpu@46.687C tj@47.375C soc1@45.062C VDD_IN 4332mW/4300mW VDD_CPU_GPU_CV 1031mW/1026mW VDD_SOC 1391mW/1392mW
08-23-2026 05:10:14 RAM 2960/7620MB (lfb 5x4MB) SWAP 0/12002MB (cached 0MB) CPU [1%@1510,1%@1510,3%@1510,3%@1510,3%@1510,3%@1510] GR3D_FREQ 0% cpu@47.531C soc2@46.687C soc0@45.062C gpu@46.687C tj@47.718C soc1@45.093C VDD_IN 4292mW/4300mW VDD_CPU_GPU_CV 1031mW/1026mW VDD_SOC 1391mW/1392mW
08-23-2026 05:10:15 RAM 2960/7620MB (lfb 5x4MB) SWAP 0/12002MB (cached 0MB) CPU [0%@1510,1%@1510,1%@1510,1%@1510,3%@1510,1%@1510] GR3D_FREQ 0% cpu@47.5C soc2@46.656C soc0@45C gpu@46.593C tj@47.406C soc1@45.156C VDD_IN 4252mW/4300mW VDD_CPU_GPU_CV 992mW/1026mW VDD_SOC 1391mW/1392mW
08-23-2026 05:10:16 RAM 2959/7620MB (lfb 5x4MB) SWAP 0/12002MB (cached 0MB) CPU [0%@1510,2%@1510,1%@1510,1%@1510,4%@1510,1%@1510] GR3D_FREQ 0% cpu@47.656C soc2@46.687C soc0@45.062C gpu@46.718C tj@47.656C soc1@45C VDD_IN 4252mW/4300mW VDD_CPU_GPU_CV 992mW/1025mW VDD_SOC 1391mW/1392mW
08-23-2026 05:10:17 RAM 2959/7620MB (lfb 5x4MB) SWAP 0/12002MB (cached 0MB) CPU [1%@1510,1%@1510,1%@1510,2%@1510,2%@1510,1%@1510] GR3D_FREQ 0% cpu@47.281C soc2@46.593C soc0@45.093C gpu@46.593C tj@47.281C soc1@44.937C VDD_IN 4252mW/4300mW VDD_CPU_GPU_CV 992mW/1025mW VDD_SOC 1391mW/1392mW
08-23-2026 05:10:18 RAM 2961/7620MB (lfb 5x4MB) SWAP 0/12002MB (cached 0MB) CPU [0%@1510,2%@1510,2%@1510,4%@1510,4%@1510,3%@1510] GR3D_FREQ 0% cpu@47.375C soc2@46.781C soc0@45.093C gpu@46.656C tj@47.375C soc1@45C VDD_IN 4332mW/4300mW VDD_CPU_GPU_CV 1031mW/1025mW VDD_SOC 1391mW/1392mW
08-23-2026 05:10:19 RAM 2962/7620MB (lfb 5x4MB) SWAP 0/12002MB (cached 0MB) CPU [0%@1510,2%@1510,2%@1510,1%@1510,3%@1510,1%@1510] GR3D_FREQ 0% cpu@47.562C soc2@46.656C soc0@45.093C gpu@46.781C tj@47.562C soc1@45.093C VDD_IN 4292mW/4300mW VDD_CPU_GPU_CV 1031mW/1025mW VDD_SOC 1391mW/1392mW
08-23-2026 05:10:20 RAM 2962/7620MB (lfb 5x4MB) SWAP 0/12002MB (cached 0MB) CPU [2%@1510,1%@1510,1%@1510,1%@1510,3%@1510,1%@1510] GR3D_FREQ 0% cpu@47.375C soc2@46.656C soc0@45C gpu@46.875C tj@47.312C soc1@45.125C VDD_IN 4252mW/4300mW VDD_CPU_GPU_CV 992mW/1025mW VDD_SOC 1391mW/1392mW
08-23-2026 05:10:21 RAM 2962/7620MB (lfb 5x4MB) SWAP 0/12002MB (cached 0MB) CPU [0%@1510,1%@1510,1%@1510,1%@1510,2%@1510,2%@1510] GR3D_FREQ 0% cpu@47.656C soc2@46.687C soc0@45C gpu@46.937C tj@47.656C soc1@44.906C VDD_IN 4252mW/4299mW VDD_CPU_GPU_CV 992mW/1025mW VDD_SOC 1391mW/1392mW
08-23-2026 05:10:22 RAM 2963/7620MB (lfb 5x4MB) SWAP 0/12002MB (cached 0MB) CPU [2%@1510,32%@1510,0%@1510,1%@1510,1%@1510,1%@1510] GR3D_FREQ 0% cpu@47.468C soc2@46.75C soc0@45.093C gpu@46.968C tj@47.468C soc1@44.906C VDD_IN 4689mW/4301mW VDD_CPU_GPU_CV 1267mW/1026mW VDD_SOC 1428mW/1392mW
08-23-2026 05:10:23 RAM 2965/7620MB (lfb 5x4MB) SWAP 0/12002MB (cached 0MB) CPU [2%@1510,100%@1510,1%@1510,2%@1510,3%@1510,1%@1510] GR3D_FREQ 0% cpu@47.656C soc2@46.843C soc0@45.093C gpu@47C tj@47.656C soc1@45.093C VDD_IN 5079mW/4304mW VDD_CPU_GPU_CV 1545mW/1028mW VDD_SOC 1428mW/1392mW
08-23-2026 05:10:24 RAM 2966/7620MB (lfb 5x4MB) SWAP 0/12002MB (cached 0MB) CPU [1%@1510,21%@1510,1%@1510,0%@1510,0%@1510,1%@1510] GR3D_FREQ 0% cpu@47.593C soc2@46.843C soc0@44.968C gpu@47.093C tj@47.593C soc1@45.093C VDD_IN 4371mW/4305mW VDD_CPU_GPU_CV 1071mW/1028mW VDD_SOC 1391mW/1392mW
08-23-2026 05:10:25 RAM 2967/7620MB (lfb 5x4MB) SWAP 0/12002MB (cached 0MB) CPU [0%@1510,0%@1510,2%@1510,3%@1510,7%@1510,1%@1510] GR3D_FREQ 0% cpu@47.375C soc2@46.718C soc0@45.062C gpu@47.125C tj@47.375C soc1@45.125C VDD_IN 4252mW/4304mW VDD_CPU_GPU_CV 992mW/1028mW VDD_SOC 1391mW/1392mW
08-23-2026 05:10:26 RAM 2967/7620MB (lfb 5x4MB) SWAP 0/12002MB (cached 0MB) CPU [0%@1510,0%@1510,0%@1510,0%@1510,0%@1510,0%@1510] GR3D_FREQ 0% cpu@47.593C soc2@46.75C soc0@45.062C gpu@47.093C tj@47.593C soc1@44.937C VDD_IN 4212mW/4304mW VDD_CPU_GPU_CV 952mW/1028mW VDD_SOC 1391mW/1392mW
08-23-2026 05:10:27 RAM 2967/7620MB (lfb 5x4MB) SWAP 0/12002MB (cached 0MB) CPU [1%@1510,0%@1510,0%@1510,0%@1510,0%@1510,0%@1510] GR3D_FREQ 0% cpu@47.25C soc2@46.656C soc0@45.093C gpu@46.625C tj@47.25C soc1@45C VDD_IN 4212mW/4304mW VDD_CPU_GPU_CV 952mW/1028mW VDD_SOC 1391mW/1392mW
08-23-2026 05:10:28 RAM 2967/7620MB (lfb 5x4MB) SWAP 0/12002MB (cached 0MB) CPU [1%@1510,0%@1510,1%@1510,0%@1510,3%@1510,1%@1510] GR3D_FREQ 0% cpu@47.343C soc2@46.687C soc0@45.156C gpu@46.687C tj@47.343C soc1@44.968C VDD_IN 4252mW/4303mW VDD_CPU_GPU_CV 992mW/1027mW VDD_SOC 1391mW/1392mW
08-23-2026 05:10:29 RAM 2967/7620MB (lfb 5x4MB) SWAP 0/12002MB (cached 0MB) CPU [0%@1510,0%@1510,1%@1510,0%@1510,1%@1510,0%@1510] GR3D_FREQ 0% cpu@47.156C soc2@46.843C soc0@44.906C gpu@46.593C tj@47.156C soc1@45C VDD_IN 4212mW/4303mW VDD_CPU_GPU_CV 992mW/1027mW VDD_SOC 1391mW/1392mW
08-23-2026 05:10:30 RAM 2968/7620MB (lfb 5x4MB) SWAP 0/12002MB (cached 0MB) CPU [1%@1510,0%@1510,1%@1510,1%@1510,3%@1510,7%@1510] GR3D_FREQ 0% cpu@47.406C soc2@46.656C soc0@45.031C gpu@46.562C tj@47.406C soc1@45.093C VDD_IN 4212mW/4303mW VDD_CPU_GPU_CV 992mW/1027mW VDD_SOC 1391mW/1392mW
08-23-2026 05:10:31 RAM 2968/7620MB (lfb 5x4MB) SWAP 0/12002MB (cached 0MB) CPU [0%@1510,0%@1510,0%@1510,0%@1510,0%@1510,0%@1510] GR3D_FREQ 0% cpu@47.656C soc2@46.718C soc0@45.062C gpu@46.75C tj@47.656C soc1@45.093C VDD_IN 4212mW/4302mW VDD_CPU_GPU_CV 952mW/1027mW VDD_SOC 1391mW/1392mW
08-23-2026 05:10:32 RAM 2320/7620MB (lfb 26x4MB) SWAP 0/12002MB (cached 0MB) CPU [4%@1510,0%@1510,1%@1510,0%@1510,2%@1510,0%@1510] GR3D_FREQ 0% cpu@47.375C soc2@46.656C soc0@45.031C gpu@46.843C tj@47.375C soc1@44.968C VDD_IN 4252mW/4302mW VDD_CPU_GPU_CV 992mW/1027mW VDD_SOC 1391mW/1392mW
08-23-2026 05:10:33 RAM 2320/7620MB (lfb 26x4MB) SWAP 0/12002MB (cached 0MB) CPU [0%@1510,0%@1510,1%@1510,1%@1510,2%@1510,0%@1510] GR3D_FREQ 0% cpu@47.187C soc2@46.625C soc0@45.031C gpu@46.781C tj@47.187C soc1@44.968C VDD_IN 4252mW/4302mW VDD_CPU_GPU_CV 992mW/1027mW VDD_SOC 1391mW/1392mW
08-23-2026 05:10:34 RAM 2320/7620MB (lfb 26x4MB) SWAP 0/12002MB (cached 0MB) CPU [0%@1510,0%@1510,0%@1510,0%@1510,0%@1510,0%@1510] GR3D_FREQ 0% cpu@47.25C soc2@46.687C soc0@44.968C gpu@46.781C tj@47.25C soc1@44.937C VDD_IN 4212mW/4302mW VDD_CPU_GPU_CV 992mW/1026mW VDD_SOC 1391mW/1392mW
08-23-2026 05:10:35 RAM 2320/7620MB (lfb 26x4MB) SWAP 0/12002MB (cached 0MB) CPU [1%@1510,0%@1510,2%@1510,0%@1510,3%@1510,6%@1510] GR3D_FREQ 0% cpu@47.343C soc2@46.718C soc0@44.968C gpu@46.812C tj@47.343C soc1@44.968C VDD_IN 4252mW/4301mW VDD_CPU_GPU_CV 992mW/1026mW VDD_SOC 1391mW/1392mW
