08-23-2026 05:10:37 RAM 2322/7620MB (lfb 26x4MB) SWAP 0/12002MB (cached 0MB) CPU [0%@1510,0%@1510,0%@1510,0%@1510,0%@1510,0%@1510] GR3D_FREQ 0% cpu@47.375C soc2@46.75C soc0@44.968C gpu@46.593C tj@47.375C soc1@44.968C VDD_IN 4212mW/4212mW VDD_CPU_GPU_CV 992mW/992mW VDD_SOC 1391mW/1391mW
08-23-2026 05:10:38 RAM 2322/7620MB (lfb 26x4MB) SWAP 0/12002MB (cached 0MB) CPU [0%@1510,0%@1510,2%@1510,3%@1510,0%@1510,0%@1510] GR3D_FREQ 0% cpu@47.375C soc2@46.562C soc0@44.875C gpu@46.562C tj@47.375C soc1@45.031C VDD_IN 4252mW/4232mW VDD_CPU_GPU_CV 992mW/992mW VDD_SOC 1391mW/1391mW
08-23-2026 05:10:39 RAM 2322/7620MB (lfb 26x4MB) SWAP 0/12002MB (cached 0MB) CPU [0%@1510,0%@1510,0%@1510,0%@1510,1%@1510,0%@1510] GR3D_FREQ 0% cpu@47.187C soc2@46.562C soc0@44.937C gpu@46.593C tj@47.187C soc1@44.843C VDD_IN 4212mW/4225mW VDD_CPU_GPU_CV 992mW/992mW VDD_SOC 1391mW/1391mW
08-23-2026 05:10:40 RAM 2322/7620MB (lfb 26x4MB) SWAP 0/12002MB (cached 0MB) CPU [0%@1510,1%@1510,1%@1510,0%@1510,7%@1510,3%@1510] GR3D_FREQ 0% cpu@47.187C soc2@46.687C soc0@45.062C gpu@46.593C tj@47.187C soc1@44.875C VDD_IN 4252mW/4232mW VDD_CPU_GPU_CV 992mW/992mW VDD_SOC 1391mW/1391mW
08-23-2026 05:10:41 RAM 2322/7620MB (lfb 26x4MB) SWAP 0/12002MB (cached 0MB) CPU [1%@1510,0%@1510,0%@1510,0%@1510,0%@1510,0%@1510] GR3D_FREQ 0% cpu@47.218C soc2@46.625C soc0@45.031C gpu@46.593C tj@47.218C soc1@44.968C VDD_IN 4212mW/4228mW VDD_CPU_GPU_CV 952mW/984mW VDD_SOC 1391mW/1391mW
08-23-2026 05:10:42 RAM 2322/7620MB (lfb 26x4MB) SWAP 0/12002MB (cached 0MB) CPU [0%@1510,0%@1510,0%@1510,0%@1510,0%@1510,0%@1510] GR3D_FREQ 0% cpu@47.25C soc2@46.718C soc0@44.906C gpu@46.656C tj@47.25C soc1@44.937C VDD_IN 4173mW/4218mW VDD_CPU_GPU_CV 952mW/978mW VDD_SOC 1391mW/1391mW
08-23-2026 05:10:43 RAM 2322/7620MB (lfb 26x4MB) SWAP 0/12002MB (cached 0MB) CPU [0%@1510,0%@1510,0%@1510,0%@1510,0%@1510,0%@1510] GR3D_FREQ 0% cpu@47.406C soc2@46.562C soc0@45.031C gpu@46.656C tj@47.406C soc1@44.937C VDD_IN 4212mW/4217mW VDD_CPU_GPU_CV 952mW/974mW VDD_SOC 1391mW/1391mW
08-23-2026 05:10:44 RAM 2322/7620MB (lfb 26x4MB) SWAP 0/12002MB (cached 0MB) CPU [0%@1510,0%@1510,0%@1510,0%@1510,0%@1510,0%@1510] GR3D_FREQ 0% cpu@47.187C soc2@46.593C soc0@44.968C gpu@46.843C tj@47.187C soc1@45.031C VDD_IN 4212mW/4217mW VDD_CPU_GPU_CV 952mW/972mW VDD_SOC 1391mW/1391mW
08-23-2026 05:10:45 RAM 2323/7620MB (lfb 26x4MB) SWAP 0/12002MB (cached 0MB) CPU [1%@1510,4%@1510,1%@1510,1%@1510,3%@1510,2%@1510] GR3D_FREQ 0% cpu@47.531C soc2@46.625C soc0@45C gpu@46.875C tj@47.531C soc1@45C VDD_IN 4252mW/4221mW VDD_CPU_GPU_CV 992mW/974mW VDD_SOC 1391mW/1391mW
08-23-2026 05:10:46 RAM 2323/7620MB (lfb 26x4MB) SWAP 0/12002MB (cached 0MB) CPU [0%@1510,0%@1510,0%@1510,0%@1510,0%@1510,0%@1510] GR3D_FREQ 0% cpu@47.218C soc2@46.687C soc0@45.031C gpu@46.843C tj@47.218C soc1@45C VDD_IN 4212mW/4220mW VDD_CPU_GPU_CV 952mW/972mW VDD_SOC 1391mW/1391mW
08-23-2026 05:10:47 RAM 2323/7620MB (lfb 26x4MB) SWAP 0/12002MB (cached 0MB) CPU [0%@1510,0%@1510,0%@1510,0%@1510,0%@1510,0%@1510] GR3D_FREQ 0% cpu@47.218C soc2@46.687C soc0@45.062C gpu@46.937C tj@47.218C soc1@44.937C VDD_IN 4212mW/4219mW VDD_CPU_GPU_CV 952mW/970mW VDD_SOC 1391mW/1391mW
08-23-2026 05:10:48 RAM 2323/7620MB (lfb 26x4MB) SWAP 0/12002MB (cached 0MB) CPU [0%@1510,0%@1510,0%@1510,0%@1510,0%@1510,0%@1510] GR3D_FREQ 0% cpu@47.406C soc2@46.718C soc0@44.937C gpu@46.906C tj@47.406C soc1@44.968C VDD_IN 4212mW/4218mW VDD_CPU_GPU_CV 952mW/968mW VDD_SOC 1391mW/1391mW
08-23-2026 05:10:49 RAM 2323/7620MB (lfb 26x4MB) SWAP 0/12002MB (cached 0MB) CPU [0%@1510,0%@1510,0%@1510,0%@1510,0%@1510,0%@1510] GR3D_FREQ 0% cpu@47.406C soc2@46.593C soc0@45C gpu@46.937C tj@47.406C soc1@45C VDD_IN 4212mW/4218mW VDD_CPU_GPU_CV 952mW/967mW VDD_SOC 1391mW/1391mW
08-23-2026 05:10:50 RAM 2321/7620MB (lfb 26x4MB) SWAP 0/12002MB (cached 0MB) CPU [2%@1510,6%@1510,3%@1510,1%@1510,0%@1510,1%@1510] GR3D_FREQ 0% cpu@47.5C soc2@46.656C soc0@45C gpu@47.031C tj@47.5C soc1@45.093C VDD_IN 4252mW/4220mW VDD_CPU_GPU_CV 992mW/969mW VDD_SOC 1391mW/1391mW
08-23-2026 05:10:51 RAM 2321/7620MB (lfb 26x4MB) SWAP 0/12002MB (cached 0MB) CPU [0%@1510,0%@1510,0%@1510,0%@1510,0%@1510,0%@1510] GR3D_FREQ 0% cpu@47.156C soc2@46.687C soc0@44.968C gpu@47.093C tj@47.156C soc1@44.875C VDD_IN 4212mW/4220mW VDD_CPU_GPU_CV 952mW/968mW VDD_SOC 1391mW/1391mW
08-23-2026 05:10:52 RAM 2321/7620MB (lfb 26x4MB) SWAP 0/12002MB (cached 0MB) CPU [0%@1510,0%@1510,0%@1510,0%@1510,0%@1510,0%@1510] GR3D_FREQ 0% cpu@47.218C soc2@46.625C soc0@45.093C gpu@47.062C tj@47.218C soc1@44.968C VDD_IN 4212mW/4219mW VDD_CPU_GPU_CV 952mW/967mW VDD_SOC 1391mW/1391mW
08-23-2026 05:10:53 RAM 2321/7620MB (lfb 26x4MB) SWAP 0/12002MB (cached 0MB) CPU [0%@1510,0%@1510,0%@1510,0%@1510,0%@1510,0%@1510] GR3D_FREQ 0% cpu@47.125C soc2@46.625C soc0@45.156C gpu@46.5C tj@47.125C soc1@45.062C VDD_IN 4212mW/4219mW VDD_CPU_GPU_CV 952mW/966mW VDD_SOC 1391mW/1391mW
08-23-2026 05:10:54 RAM 2321/7620MB (lfb 26x4MB) SWAP 0/12002MB (cached 0MB) CPU [0%@1510,0%@1510,0%@1510,0%@1510,0%@1510,0%@1510] GR3D_FREQ 0% cpu@47.375C soc2@46.718C soc0@44.937C gpu@46.562C tj@47.375C soc1@44.937C VDD_IN 4173mW/4216mW VDD_CPU_GPU_CV 952mW/965mW VDD_SOC 1391mW/1391mW
08-23-2026 05:10:55 RAM 2325/7620MB (lfb 26x4MB) SWAP 0/12002MB (cached 0MB) CPU [5%@1510,2%@1510,2%@1510,2%@1510,1%@1510,2%@1510] GR3D_FREQ 0% cpu@47.531C soc2@46.687C soc0@44.968C gpu@46.593C tj@47.531C soc1@45.031C VDD_IN 4252mW/4218mW VDD_CPU_GPU_CV 992mW/966mW VDD_SOC 1391mW/1391mW
08-23-2026 05:10:56 RAM 2324/7620MB (lfb 26x4MB) SWAP 0/12002MB (cached 0MB) CPU [1%@1510,0%@1510,0%@1510,0%@1510,0%@1510,0%@1510] GR3D_FREQ 0% cpu@47.281C soc2@46.656C soc0@44.937C gpu@46.656C tj@47.25C soc1@44.906C VDD_IN 4212mW/4218mW VDD_CPU_GPU_CV 952mW/966mW VDD_SOC 1391mW/1391mW
08-23-2026 05:10:57 RAM 2324/7620MB (lfb 26x4MB) SWAP 0/12002MB (cached 0MB) CPU [0%@1510,0%@1510,1%@1510,0%@1510,0%@1510,0%@1510] GR3D_FREQ 0% cpu@47.593C soc2@46.687C soc0@45.031C gpu@46.718C tj@47.593C soc1@44.968C VDD_IN 4173mW/4215mW VDD_CPU_GPU_CV 952mW/965mW VDD_SOC 1391mW/1391mW
08-23-2026 05:10:58 RAM 2324/7620MB (lfb 26x4MB) SWAP 0/12002MB (cached 0MB) CPU [0%@1510,0%@1510,0%@1510,0%@1510,0%@1510,0%@1510] GR3D_FREQ 0% cpu@47.281C soc2@46.593C soc0@45.156C gpu@46.812C tj@47.281C soc1@44.968C VDD_IN 4173mW/4214mW VDD_CPU_GPU_CV 952mW/964mW VDD_SOC 1391mW/1391mW
08-23-2026 05:10:59 RAM 2324/7620MB (lfb 26x4MB) SWAP 0/12002MB (cached 0MB) CPU [0%@1510,0%@1510,0%@1510,0%@1510,0%@1510,0%@1510] GR3D_FREQ 0% cpu@47.375C soc2@46.718C soc0@44.937C gpu@46.812C tj@47.375C soc1@45C VDD_IN 4173mW/4212mW VDD_CPU_GPU_CV 952mW/964mW VDD_SOC 1391mW/1391mW
08-23-2026 05:11:00 RAM 2323/7620MB (lfb 26x4MB) SWAP 0/12002MB (cached 0MB) CPU [3%@1510,5%@1510,1%@1510,1%@1510,0%@1510,3%@1510] GR3D_FREQ 0% cpu@47.5C soc2@46.718C soc0@45C gpu@46.843C tj@47.5C soc1@45.125C VDD_IN 4252mW/4213mW VDD_CPU_GPU_CV 992mW/965mW VDD_SOC 1391mW/1391mW
08-23-2026 05:11:01 RAM 2323/7620MB (lfb 26x4MB) SWAP 0/12002MB (cached 0MB) CPU [1%@1510,0%@1510,0%@1510,0%@1510,0%@1510,0%@1510] GR3D_FREQ 0% cpu@47.406C soc2@46.687C soc0@45C gpu@46.843C tj@47.312C soc1@45.093C VDD_IN 4212mW/4213mW VDD_CPU_GPU_CV 952mW/964mW VDD_SOC 1391mW/1391mW
08-23-2026 05:11:02 RAM 2323/7620MB (lfb 26x4MB) SWAP 0/12002MB (cached 0MB) CPU [0%@1510,0%@1510,0%@1510,0%@1510,0%@1510,0%@1510] GR3D_FREQ 0% cpu@47.593C soc2@46.687C soc0@45.093C gpu@46.843C tj@47.593C soc1@44.937C VDD_IN 4173mW/4212mW VDD_CPU_GPU_CV 952mW/964mW VDD_SOC 1391mW/1391mW
08-23-2026 05:11:03 RAM 2323/7620MB (lfb 26x4MB) SWAP 0/12002MB (cached 0MB) CPU [0%@1510,0%@1510,0%@1510,0%@1510,0%@1510,0%@1510] GR3D_FREQ 0% cpu@47.125C soc2@46.687C soc0@45.031C gpu@46.812C tj@47.125C soc1@44.968C VDD_IN 4212mW/4212mW VDD_CPU_GPU_CV 952mW/963mW VDD_SOC 1391mW/1391mW
08-23-2026 05:11:04 RAM 2323/7620MB (lfb 26x4MB) SWAP 0/12002MB (cached 0MB) CPU [0%@1510,0%@1510,0%@1510,0%@1510,0%@1510,0%@1510] GR3D_FREQ 0% cpu@47.312C soc2@46.687C soc0@45.062C gpu@46.843C tj@47.312C soc1@44.937C VDD_IN 4173mW/4210mW VDD_CPU_GPU_CV 952mW/963mW VDD_SOC 1391mW/1391mW
08-23-2026 05:11:05 RAM 2325/7620MB (lfb 26x4MB) SWAP 0/12002MB (cached 0MB) CPU [6%@1510,3%@1510,3%@1510,0%@1510,0%@1510,2%@1510] GR3D_FREQ 0% cpu@47.531C soc2@46.75C soc0@44.968C gpu@46.906C tj@47.531C soc1@45.031C VDD_IN 4252mW/4212mW VDD_CPU_GPU_CV 992mW/964mW VDD_SOC 1391mW/1391mW
08-23-2026 05:11:06 RAM 2335/7620MB (lfb 26x4MB) SWAP 0/12002MB (cached 0MB) CPU [6%@1510,6%@1510,6%@1510,16%@1510,6%@1510,7%@1510] GR3D_FREQ 0% cpu@48C soc2@46.656C soc0@45.031C gpu@47C tj@48C soc1@45.062C VDD_IN 4761mW/4230mW VDD_CPU_GPU_CV 1426mW/979mW VDD_SOC 1388mW/1390mW
08-23-2026 05:11:07 RAM 2490/7620MB (lfb 11x4MB) SWAP 0/12002MB (cached 0MB) CPU [0%@1510,0%@1510,2%@1510,100%@1510,0%@1510,3%@1510] GR3D_FREQ 0% cpu@47.843C soc2@46.718C soc0@45.062C gpu@46.937C tj@47.843C soc1@45.031C VDD_IN 5079mW/4257mW VDD_CPU_GPU_CV 1545mW/998mW VDD_SOC 1428mW/1392mW
08-23-2026 05:11:08 RAM 2536/7620MB (lfb 11x4MB) SWAP 0/12002MB (cached 0MB) CPU [0%@1510,19%@1510,1%@1510,100%@1510,1%@1510,1%@1510] GR3D_FREQ 0% cpu@47.812C soc2@46.781C soc0@45.125C gpu@46.687C tj@47.812C soc1@45.031C VDD_IN 5317mW/4291mW VDD_CPU_GPU_CV 1703mW/1020mW VDD_SOC 1468mW/1394mW
08-23-2026 05:11:09 RAM 2560/7620MB (lfb 10x4MB) SWAP 0/12002MB (cached 0MB) CPU [2%@1510,24%@1510,0%@1510,44%@1510,2%@1510,0%@1510] GR3D_FREQ 0% cpu@47.406C soc2@46.843C soc0@45.281C gpu@46.781C tj@47.406C soc1@45.125C VDD_IN 4530mW/4298mW VDD_CPU_GPU_CV 1190mW/1025mW VDD_SOC 1430mW/1395mW
08-23-2026 05:11:10 RAM 2574/7620MB (lfb 10x4MB) SWAP 0/12002MB (cached 0MB) CPU [10%@1510,19%@1510,12%@1510,7%@1510,7%@1510,10%@1510] GR3D_FREQ 0% cpu@47.75C soc2@46.781C soc0@45C gpu@46.75C tj@47.75C soc1@45.062C VDD_IN 4880mW/4315mW VDD_CPU_GPU_CV 1505mW/1039mW VDD_SOC 1428mW/1396mW
08-23-2026 05:11:11 RAM 2875/7620MB (lfb 4x4MB) SWAP 0/12002MB (cached 0MB) CPU [2%@1510,3%@1510,6%@1510,6%@1510,5%@1510,93%@1510] GR3D_FREQ 0% cpu@48C soc2@46.812C soc0@45.093C gpu@46.75C tj@48C soc1@45.125C VDD_IN 5277mW/4342mW VDD_CPU_GPU_CV 1584mW/1054mW VDD_SOC 1507mW/1399mW
08-23-2026 05:11:12 RAM 2972/7620MB (lfb 5x4MB) SWAP 0/12002MB (cached 0MB) CPU [0%@1510,0%@1510,4%@1510,3%@1510,3%@1510,21%@1510] GR3D_FREQ 0% cpu@47.75C soc2@46.812C soc0@45.062C gpu@46.812C tj@47.75C soc1@45C VDD_IN 4491mW/4346mW VDD_CPU_GPU_CV 1111mW/1056mW VDD_SOC 1430mW/1400mW
08-23-2026 05:11:13 RAM 2972/7620MB (lfb 5x4MB) SWAP 0/12002MB (cached 0MB) CPU [2%@1510,0%@1510,1%@1510,1%@1510,2%@1510,4%@1510] GR3D_FREQ 0% cpu@47.343C soc2@46.75C soc0@45.125C gpu@46.812C tj@47.343C soc1@45.093C VDD_IN 4292mW/4345mW VDD_CPU_GPU_CV 1031mW/1055mW VDD_SOC 1391mW/1400mW
08-23-2026 05:11:14 RAM 2972/7620MB (lfb 5x4MB) SWAP 0/12002MB (cached 0MB) CPU [2%@1510,0%@1510,1%@1510,1%@1510,2%@1510,3%@1510] GR3D_FREQ 0% cpu@47.468C soc2@46.812C soc0@45.187C gpu@46.812C tj@47.468C soc1@45C VDD_IN 4252mW/4343mW VDD_CPU_GPU_CV 992mW/1054mW VDD_SOC 1391mW/1400mW
08-23-2026 05:11:15 RAM 2976/7620MB (lfb 5x4MB) SWAP 0/12002MB (cached 0MB) CPU [3%@1510,2%@1510,3%@1510,7%@1510,3%@1510,3%@1510] GR3D_FREQ 0% cpu@47.375C soc2@46.843C soc0@45.062C gpu@46.843C tj@47.375C soc1@45.062C VDD_IN 4332mW/4342mW VDD_CPU_GPU_CV 1031mW/1053mW VDD_SOC 1391mW/1399mW
08-23-2026 05:11:16 RAM 2976/7620MB (lfb 5x4MB) SWAP 0/12002MB (cached 0MB) CPU [2%@1510,0%@1510,1%@1510,1%@1510,1%@1510,4%@1510] GR3D_FREQ 0% cpu@47.562C soc2@46.656C soc0@45.031C gpu@46.687C tj@47.562C soc1@45.125C VDD_IN 4252mW/4340mW VDD_CPU_GPU_CV 992mW/1051mW VDD_SOC 1391mW/1399mW
08-23-2026 05:11:17 RAM 2977/7620MB (lfb 5x4MB) SWAP 0/12002MB (cached 0MB) CPU [2%@1510,0%@1510,4%@1510,1%@1510,4%@1510,3%@1510] GR3D_FREQ 0% cpu@47.625C soc2@46.718C soc0@45.062C gpu@46.718C tj@47.625C soc1@44.968C VDD_IN 4332mW/4340mW VDD_CPU_GPU_CV 1031mW/1051mW VDD_SOC 1391mW/1399mW
08-23-2026 05:11:18 RAM 2977/7620MB (lfb 5x4MB) SWAP 0/12002MB (cached 0MB) CPU [2%@1510,2%@1510,1%@1510,2%@1510,3%@1510,3%@1510] GR3D_FREQ 0% cpu@47.281C soc2@46.843C soc0@45.093C gpu@46.625C tj@47.281C soc1@45C VDD_IN 4292mW/4339mW VDD_CPU_GPU_CV 1031mW/1050mW VDD_SOC 1391mW/1399mW
08-23-2026 05:11:19 RAM 2977/7620MB (lfb 5x4MB) SWAP 0/12002MB (cached 0MB) CPU [1%@1510,3%@1510,1%@1510,1%@1510,1%@1510,3%@1510] GR3D_FREQ 0% cpu@47.468C soc2@46.781C soc0@45.125C gpu@46.625C tj@47.468C soc1@45.062C VDD_IN 4252mW/4337mW VDD_CPU_GPU_CV 992mW/1049mW VDD_SOC 1391mW/1398mW
08-23-2026 05:11:20 RAM 2977/7620MB (lfb 5x4MB) SWAP 0/12002MB (cached 0MB) CPU [1%@1510,2%@1510,0%@1510,0%@1510,2%@1510,3%@1510] GR3D_FREQ 0% cpu@47.343C soc2@46.75C soc0@45C gpu@46.718C tj@47.343C soc1@45.031C VDD_IN 4252mW/4335mW VDD_CPU_GPU_CV 992mW/1048mW VDD_SOC 1391mW/1398mW
08-23-2026 05:11:21 RAM 2977/7620MB (lfb 5x4MB) SWAP 0/12002MB (cached 0MB) CPU [2%@1510,2%@1510,1%@1510,2%@1510,2%@1510,3%@1510] GR3D_FREQ 0% cpu@47.406C soc2@46.687C soc0@45C gpu@46.593C tj@47.406C soc1@45.156C VDD_IN 4252mW/4333mW VDD_CPU_GPU_CV 992mW/1047mW VDD_SOC 1391mW/1398mW
08-23-2026 05:11:22 RAM 2978/7620MB (lfb 5x4MB) SWAP 0/12002MB (cached 0MB) CPU [4%@1510,1%@1510,2%@1510,2%@1510,4%@1510,3%@1510] GR3D_FREQ 0% cpu@47.656C soc2@46.718C soc0@45.031C gpu@46.687C tj@47.656C soc1@45.187C VDD_IN 4332mW/4333mW VDD_CPU_GPU_CV 1031mW/1046mW VDD_SOC 1391mW/1398mW
08-23-2026 05:11:23 RAM 2978/7620MB (lfb 5x4MB) SWAP 0/12002MB (cached 0MB) CPU [3%@1510,1%@1510,2%@1510,1%@1510,2%@1510,3%@1510] GR3D_FREQ 0% cpu@47.406C soc2@46.75C soc0@45.062C gpu@46.843C tj@47.312C soc1@44.968C VDD_IN 4292mW/4332mW VDD_CPU_GPU_CV 1031mW/1046mW VDD_SOC 1391mW/1398mW
08-23-2026 05:11:24 RAM 2978/7620MB (lfb 5x4MB) SWAP 0/12002MB (cached 0MB) CPU [3%@1510,1%@1510,1%@1510,1%@1510,2%@1510,3%@1510] GR3D_FREQ 0% cpu@47.281C soc2@46.687C soc0@45.156C gpu@46.875C tj@47.343C soc1@45.031C VDD_IN 4252mW/4330mW VDD_CPU_GPU_CV 1031mW/1046mW VDD_SOC 1391mW/1398mW
08-23-2026 05:11:25 RAM 2978/7620MB (lfb 5x4MB) SWAP 0/12002MB (cached 0MB) CPU [3%@1510,0%@1510,1%@1510,0%@1510,1%@1510,3%@1510] GR3D_FREQ 0% cpu@47.312C soc2@46.843C soc0@44.937C gpu@46.843C tj@47.312C soc1@45.031C VDD_IN 4252mW/4329mW VDD_CPU_GPU_CV 992mW/1044mW VDD_SOC 1391mW/1397mW
08-23-2026 05:11:26 RAM 2978/7620MB (lfb 5x4MB) SWAP 0/12002MB (cached 0MB) CPU [3%@1510,0%@1510,0%@1510,1%@1510,1%@1510,3%@1510] GR3D_FREQ 0% cpu@47.375C soc2@46.718C soc0@45.031C gpu@46.875C tj@47.375C soc1@45.156C VDD_IN 4252mW/4327mW VDD_CPU_GPU_CV 992mW/1043mW VDD_SOC 1391mW/1397mW
08-23-2026 05:11:27 RAM 2978/7620MB (lfb 5x4MB) SWAP 0/12002MB (cached 0MB) CPU [3%@1510,2%@1510,2%@1510,2%@1510,4%@1510,4%@1510] GR3D_FREQ 0% cpu@47.593C soc2@46.656C soc0@45.031C gpu@46.906C tj@47.593C soc1@45.093C VDD_IN 4332mW/4327mW VDD_CPU_GPU_CV 1031mW/1043mW VDD_SOC 1391mW/1397mW
08-23-2026 05:11:28 RAM 2978/7620MB (lfb 5x4MB) SWAP 0/12002MB (cached 0MB) CPU [1%@1510,2%@1510,1%@1510,2%@1510,1%@1510,4%@1510] GR3D_FREQ 0% cpu@47.406C soc2@46.75C soc0@45.062C gpu@46.937C tj@47.406C soc1@44.937C VDD_IN 4292mW/4326mW VDD_CPU_GPU_CV 1031mW/1043mW VDD_SOC 1391mW/1397mW
08-23-2026 05:11:29 RAM 2978/7620MB (lfb 5x4MB) SWAP 0/12002MB (cached 0MB) CPU [0%@1510,1%@1510,1%@1510,2%@1510,2%@1510,3%@1510] GR3D_FREQ 0% cpu@47.312C soc2@46.718C soc0@45.187C gpu@46.937C tj@47.312C soc1@45C VDD_IN 4252mW/4325mW VDD_CPU_GPU_CV 992mW/1042mW VDD_SOC 1391mW/1397mW
08-23-2026 05:11:30 RAM 2978/7620MB (lfb 5x4MB) SWAP 0/12002MB (cached 0MB) CPU [0%@1510,2%@1510,1%@1510,0%@1510,1%@1510,3%@1510] GR3D_FREQ 0% cpu@47.281C soc2@46.718C soc0@44.968C gpu@47.031C tj@47.281C soc1@45.062C VDD_IN 4292mW/4324mW VDD_CPU_GPU_CV 992mW/1041mW VDD_SOC 1391mW/1397mW
08-23-2026 05:11:31 RAM 2978/7620MB (lfb 5x4MB) SWAP 0/12002MB (cached 0MB) CPU [1%@1510,2%@1510,1%@1510,1%@1510,3%@1510,2%@1510] GR3D_FREQ 0% cpu@47.375C soc2@46.75C soc0@44.968C gpu@47.093C tj@47.375C soc1@45.062C VDD_IN 4252mW/4323mW VDD_CPU_GPU_CV 992mW/1040mW VDD_SOC 1391mW/1397mW
08-23-2026 05:11:32 RAM 2978/7620MB (lfb 5x4MB) SWAP 0/12002MB (cached 0MB) CPU [2%@1510,2%@1510,3%@1510,1%@1510,3%@1510,4%@1510] GR3D_FREQ 0% cpu@47.593C soc2@46.687C soc0@44.937C gpu@46.687C tj@47.593C soc1@45.187C VDD_IN 4332mW/4323mW VDD_CPU_GPU_CV 1031mW/1040mW VDD_SOC 1391mW/1397mW
08-23-2026 05:11:33 RAM 2979/7620MB (lfb 5x4MB) SWAP 0/12002MB (cached 0MB) CPU [20%@1510,2%@1510,2%@1510,1%@1510,2%@1510,4%@1510] GR3D_FREQ 0% cpu@47.406C soc2@46.718C soc0@45C gpu@46.656C tj@47.406C soc1@45.187C VDD_IN 4451mW/4325mW VDD_CPU_GPU_CV 1111mW/1041mW VDD_SOC 1391mW/1397mW
08-23-2026 05:11:34 RAM 2979/7620MB (lfb 5x4MB) SWAP 0/12002MB (cached 0MB) CPU [1%@1510,0%@1510,1%@1510,2%@1510,1%@1510,3%@1510] GR3D_FREQ 0% cpu@47.187C soc2@46.656C soc0@45.062C gpu@46.718C tj@47.187C soc1@45C VDD_IN 4292mW/4325mW VDD_CPU_GPU_CV 1031mW/1041mW VDD_SOC 1391mW/1396mW
08-23-2026 05:11:35 RAM 2979/7620MB (lfb 5x4MB) SWAP 0/12002MB (cached 0MB) CPU [3%@1510,1%@1510,2%@1510,2%@1510,1%@1510,3%@1510] GR3D_FREQ 0% cpu@47.281C soc2@46.75C soc0@45.187C gpu@46.718C tj@47.281C soc1@45C VDD_IN 4292mW/4324mW VDD_CPU_GPU_CV 992mW/1040mW VDD_SOC 1391mW/1396mW
08-23-2026 05:11:36 RAM 2979/7620MB (lfb 5x4MB) SWAP 0/12002MB (cached 0MB) CPU [4%@1510,0%@1510,2%@1510,1%@1510,1%@1510,3%@1510] GR3D_FREQ 0% cpu@47.468C soc2@46.812C soc0@45.062C gpu@46.781C tj@47.468C soc1@45.093C VDD_IN 4292mW/4324mW VDD_CPU_GPU_CV 1031mW/1040mW VDD_SOC 1391mW/1396mW
08-23-2026 05:11:37 RAM 2978/7620MB (lfb 5x4MB) SWAP 0/12002MB (cached 0MB) CPU [1%@1510,2%@1510,2%@1510,2%@1510,3%@1510,4%@1510] GR3D_FREQ 0% cpu@47.593C soc2@46.687C soc0@45.093C gpu@46.718C tj@47.593C soc1@45.156C VDD_IN 4332mW/4324mW VDD_CPU_GPU_CV 1031mW/1040mW VDD_SOC 1391mW/1396mW
08-23-2026 05:11:38 RAM 2978/7620MB (lfb 5x4MB) SWAP 0/12002MB (cached 0MB) CPU [2%@1510,2%@1510,1%@1510,1%@1510,1%@1510,3%@1510] GR3D_FREQ 0% cpu@47.468C soc2@46.625C soc0@45C gpu@46.812C tj@47.468C soc1@45.062C VDD_IN 4292mW/4323mW VDD_CPU_GPU_CV 1031mW/1040mW VDD_SOC 1391mW/1396mW
08-23-2026 05:11:39 RAM 2978/7620MB (lfb 5x4MB) SWAP 0/12002MB (cached 0MB) CPU [1%@1510,1%@1510,2%@1510,0%@1510,1%@1510,3%@1510] GR3D_FREQ 0% cpu@47.218C soc2@46.75C soc0@45.093C gpu@46.781C tj@47.218C soc1@44.875C VDD_IN 4252mW/4322mW VDD_CPU_GPU_CV 992mW/1039mW VDD_SOC 1391mW/1396mW
08-23-2026 05:11:40 RAM 2978/7620MB (lfb 5x4MB) SWAP 0/12002MB (cached 0MB) CPU [2%@1510,1%@1510,1%@1510,1%@1510,0%@1510,3%@1510] GR3D_FREQ 0% cpu@47.312C soc2@46.687C soc0@45.156C gpu@46.593C tj@47.312C soc1@44.968C VDD_IN 4252mW/4321mW VDD_CPU_GPU_CV 992mW/1038mW VDD_SOC 1391mW/1396mW
08-23-2026 05:11:41 RAM 2978/7620MB (lfb 5x4MB) SWAP 0/12002MB (cached 0MB) CPU [2%@1510,1%@1510,2%@1510,1%@1510,0%@1510,3%@1510] GR3D_FREQ 0% cpu@47.312C soc2@46.656C soc0@45C gpu@46.593C tj@47.312C soc1@45C VDD_IN 4252mW/4320mW VDD_CPU_GPU_CV 992mW/1037mW VDD_SOC 1391mW/1396mW
08-23-2026 05:11:42 RAM 2978/7620MB (lfb 5x4MB) SWAP 0/12002MB (cached 0MB) CPU [3%@1510,1%@1510,3%@1510,2%@1510,2%@1510,3%@1510] GR3D_FREQ 0% cpu@47.531C soc2@46.843C soc0@44.968C gpu@46.531C tj@47.531C soc1@45C VDD_IN 4292mW/4320mW VDD_CPU_GPU_CV 1031mW/1037mW VDD_SOC 1391mW/1396mW
08-23-2026 05:11:43 RAM 2979/7620MB (lfb 5x4MB) SWAP 0/12002MB (cached 0MB) CPU [2%@1510,1%@1510,2%@1510,1%@1510,1%@1510,3%@1510] GR3D_FREQ 0% cpu@47.437C soc2@46.718C soc0@45C gpu@46.687C tj@47.437C soc1@45.187C VDD_IN 4292mW/4319mW VDD_CPU_GPU_CV 1031mW/1037mW VDD_SOC 1391mW/1396mW
08-23-2026 05:11:44 RAM 2979/7620MB (lfb 5x4MB) SWAP 0/12002MB (cached 0MB) CPU [1%@1510,1%@1510,1%@1510,3%@1510,1%@1510,3%@1510] GR3D_FREQ 0% cpu@47.187C soc2@46.718C soc0@45.031C gpu@46.687C tj@47.187C soc1@44.937C VDD_IN 4252mW/4318mW VDD_CPU_GPU_CV 992mW/1037mW VDD_SOC 1391mW/1396mW
08-23-2026 05:11:45 RAM 2977/7620MB (lfb 5x4MB) SWAP 0/12002MB (cached 0MB) CPU [1%@1510,1%@1510,3%@1510,0%@1510,1%@1510,4%@1510] GR3D_FREQ 0% cpu@47.218C soc2@46.656C soc0@45.093C gpu@46.656C tj@47.218C soc1@44.937C VDD_IN 4252mW/4317mW VDD_CPU_GPU_CV 992mW/1036mW VDD_SOC 1391mW/1395mW
08-23-2026 05:11:46 RAM 2977/7620MB (lfb 5x4MB) SWAP 0/12002MB (cached 0MB) CPU [2%@1510,0%@1510,2%@1510,1%@1510,0%@1510,3%@1510] GR3D_FREQ 0% cpu@47.406C soc2@46.656C soc0@45.187C gpu@46.656C tj@47.406C soc1@45.062C VDD_IN 4252mW/4316mW VDD_CPU_GPU_CV 992mW/1035mW VDD_SOC 1391mW/1395mW
08-23-2026 05:11:47 RAM 2977/7620MB (lfb 5x4MB) SWAP 0/12002MB (cached 0MB) CPU [2%@1510,0%@1510,3%@1510,2%@1510,5%@1510,4%@1510] GR3D_FREQ 0% cpu@47.25C soc2@46.781C soc0@45C gpu@46.656C tj@47.25C soc1@45.093C VDD_IN 4332mW/4317mW VDD_CPU_GPU_CV 1031mW/1035mW VDD_SOC 1391mW/1395mW
08-23-2026 05:11:48 RAM 2976/7620MB (lfb 5x4MB) SWAP 0/12002MB (cached 0MB) CPU [2%@1510,0%@1510,3%@1510,2%@1510,2%@1510,3%@1510] GR3D_FREQ 0% cpu@47.531C soc2@46.687C soc0@44.968C gpu@46.75C tj@47.531C soc1@45.156C VDD_IN 4292mW/4316mW VDD_CPU_GPU_CV 1031mW/1035mW VDD_SOC 1391mW/1395mW
08-23-2026 05:11:49 RAM 2976/7620MB (lfb 5x4MB) SWAP 0/12002MB (cached 0MB) CPU [2%@1510,1%@1510,1%@1510,1%@1510,1%@1510,2%@1510] GR3D_FREQ 0% cpu@47.75C soc2@46.812C soc0@45.062C gpu@47C tj@47.75C soc1@44.968C VDD_IN 4252mW/4315mW VDD_CPU_GPU_CV 992mW/1035mW VDD_SOC 1391mW/1395mW
08-23-2026 05:11:50 RAM 2976/7620MB (lfb 5x4MB) SWAP 0/12002MB (cached 0MB) CPU [4%@1510,0%@1510,2%@1510,1%@1510,0%@1510,4%@1510] GR3D_FREQ 0% cpu@47.281C soc2@46.718C soc0@45.156C gpu@46.937C tj@47.281C soc1@45C VDD_IN 4292mW/4315mW VDD_CPU_GPU_CV 1031mW/1034mW VDD_SOC 1391mW/1395mW
08-23-2026 05:11:51 RAM 2976/7620MB (lfb 5x4MB) SWAP 0/12002MB (cached 0MB) CPU [2%@1510,1%@1510,1%@1510,2%@1510,0%@1510,2%@1510] GR3D_FREQ 0% cpu@47.375C soc2@46.75C soc0@45.187C gpu@46.968C tj@47.375C soc1@45.031C VDD_IN 4252mW/4314mW VDD_CPU_GPU_CV 992mW/1034mW VDD_SOC 1391mW/1395mW
08-23-2026 05:11:52 RAM 2976/7620MB (lfb 5x4MB) SWAP 0/12002MB (cached 0MB) CPU [3%@1510,1%@1510,3%@1510,3%@1510,2%@1510,4%@1510] GR3D_FREQ 0% cpu@47.375C soc2@46.812C soc0@45.031C gpu@46.875C tj@47.375C soc1@45.031C VDD_IN 4292mW/4314mW VDD_CPU_GPU_CV 1031mW/1034mW VDD_SOC 1391mW/1395mW
08-23-2026 05:11:53 RAM 2976/7620MB (lfb 5x4MB) SWAP 0/12002MB (cached 0MB) CPU [2%@1510,1%@1510,1%@1510,1%@1510,0%@1510,4%@1510] GR3D_FREQ 0% cpu@47.406C soc2@46.687C soc0@45.031C gpu@47.062C tj@47.406C soc1@45.093C VDD_IN 4292mW/4314mW VDD_CPU_GPU_CV 1031mW/1034mW VDD_SOC 1391mW/1395mW
08-23-2026 05:11:54 RAM 2976/7620MB (lfb 5x4MB) SWAP 0/12002MB (cached 0MB) CPU [2%@1510,1%@1510,1%@1510,2%@1510,0%@1510,3%@1510] GR3D_FREQ 0% cpu@47.687C soc2@46.656C soc0@45.031C gpu@47.031C tj@47.687C soc1@45.093C VDD_IN 4252mW/4313mW VDD_CPU_GPU_CV 992mW/1033mW VDD_SOC 1391mW/1395mW
08-23-2026 05:11:55 RAM 2976/7620MB (lfb 5x4MB) SWAP 0/12002MB (cached 0MB) CPU [1%@1510,2%@1510,1%@1510,1%@1510,2%@1510,3%@1510] GR3D_FREQ 0% cpu@47.5C soc2@46.687C soc0@45.093C gpu@47.062C tj@47.375C soc1@45C VDD_IN 4252mW/4312mW VDD_CPU_GPU_CV 992mW/1033mW VDD_SOC 1391mW/1395mW
08-23-2026 05:11:56 RAM 2976/7620MB (lfb 5x4MB) SWAP 0/12002MB (cached 0MB) CPU [2%@1510,2%@1510,1%@1510,1%@1510,1%@1510,3%@1510] GR3D_FREQ 0% cpu@47.312C soc2@46.812C soc0@45.187C gpu@47C tj@47.375C soc1@45C VDD_IN 4252mW/4311mW VDD_CPU_GPU_CV 992mW/1032mW VDD_SOC 1391mW/1395mW
08-23-2026 05:11:57 RAM 2977/7620MB (lfb 5x4MB) SWAP 0/12002MB (cached 0MB) CPU [1%@1510,1%@1510,4%@1510,3%@1510,3%@1510,4%@1510] GR3D_FREQ 0% cpu@47.375C soc2@46.718C soc0@45C gpu@47.125C tj@47.375C soc1@45.125C VDD_IN 4292mW/4311mW VDD_CPU_GPU_CV 1031mW/1032mW VDD_SOC 1391mW/1395mW
08-23-2026 05:11:58 RAM 2977/7620MB (lfb 5x4MB) SWAP 0/12002MB (cached 0MB) CPU [3%@1510,2%@1510,2%@1510,2%@1510,2%@1510,4%@1510] GR3D_FREQ 0% cpu@47.468C soc2@46.75C soc0@45C gpu@46.843C tj@47.468C soc1@45.125C VDD_IN 4292mW/4311mW VDD_CPU_GPU_CV 1031mW/1032mW VDD_SOC 1391mW/1395mW
08-23-2026 05:11:59 RAM 2977/7620MB (lfb 5x4MB) SWAP 0/12002MB (cached 0MB) CPU [2%@1510,1%@1510,1%@1510,0%@1510,1%@1510,3%@1510] GR3D_FREQ 0% cpu@47.718C soc2@46.718C soc0@45.093C gpu@46.75C tj@47.718C soc1@45.156C VDD_IN 4292mW/4311mW VDD_CPU_GPU_CV 992mW/1032mW VDD_SOC 1391mW/1395mW
08-23-2026 05:12:00 RAM 2977/7620MB (lfb 5x4MB) SWAP 0/12002MB (cached 0MB) CPU [1%@1510,0%@1510,1%@1510,1%@1510,0%@1510,4%@1510] GR3D_FREQ 0% cpu@47.531C soc2@46.75C soc0@45.187C gpu@46.812C tj@47.531C soc1@45C VDD_IN 4252mW/4310mW VDD_CPU_GPU_CV 992mW/1031mW VDD_SOC 1391mW/1395mW
08-23-2026 05:12:01 RAM 2977/7620MB (lfb 5x4MB) SWAP 0/12002MB (cached 0MB) CPU [2%@1510,1%@1510,2%@1510,1%@1510,0%@1510,3%@1510] GR3D_FREQ 0% cpu@47.25C soc2@46.812C soc0@45.125C gpu@46.843C tj@47.25C soc1@45C VDD_IN 4252mW/4309mW VDD_CPU_GPU_CV 992mW/1031mW VDD_SOC 1391mW/1395mW
08-23-2026 05:12:02 RAM 2977/7620MB (lfb 5x4MB) SWAP 0/12002MB (cached 0MB) CPU [2%@1510,1%@1510,3%@1510,5%@1510,2%@1510,6%@1510] GR3D_FREQ 0% cpu@47.312C soc2@46.75C soc0@45.218C gpu@46.843C tj@47.312C soc1@45.062C VDD_IN 4292mW/4309mW VDD_CPU_GPU_CV 1031mW/1031mW VDD_SOC 1391mW/1394mW
08-23-2026 05:12:03 RAM 2977/7620MB (lfb 5x4MB) SWAP 0/12002MB (cached 0MB) CPU [2%@1510,1%@1510,1%@1510,2%@1510,1%@1510,3%@1510] GR3D_FREQ 0% cpu@47.437C soc2@46.843C soc0@45C gpu@46.843C tj@47.437C soc1@45.062C VDD_IN 4292mW/4309mW VDD_CPU_GPU_CV 1031mW/1031mW VDD_SOC 1391mW/1394mW
08-23-2026 05:12:04 RAM 2977/7620MB (lfb 5x4MB) SWAP 0/12002MB (cached 0MB) CPU [2%@1510,1%@1510,1%@1510,2%@1510,0%@1510,4%@1510] GR3D_FREQ 0% cpu@47.781C soc2@46.687C soc0@45.125C gpu@46.843C tj@47.781C soc1@45.218C VDD_IN 4252mW/4308mW VDD_CPU_GPU_CV 992mW/1030mW VDD_SOC 1391mW/1394mW
08-23-2026 05:12:05 RAM 2977/7620MB (lfb 5x4MB) SWAP 0/12002MB (cached 0MB) CPU [0%@1510,1%@1510,1%@1510,2%@1510,2%@1510,4%@1510] GR3D_FREQ 0% cpu@47.593C soc2@46.75C soc0@45.093C gpu@46.906C tj@47.468C soc1@45.031C VDD_IN 4252mW/4307mW VDD_CPU_GPU_CV 992mW/1030mW VDD_SOC 1391mW/1394mW
08-23-2026 05:12:06 RAM 2977/7620MB (lfb 5x4MB) SWAP 0/12002MB (cached 0MB) CPU [3%@1510,2%@1510,1%@1510,2%@1510,0%@1510,4%@1510] GR3D_FREQ 0% cpu@47.25C soc2@46.75C soc0@45.093C gpu@46.875C tj@47.25C soc1@45.031C VDD_IN 4252mW/4307mW VDD_CPU_GPU_CV 992mW/1029mW VDD_SOC 1391mW/1394mW
08-23-2026 05:12:07 RAM 2976/7620MB (lfb 5x4MB) SWAP 0/12002MB (cached 0MB) CPU [1%@1510,1%@1510,1%@1510,3%@1510,2%@1510,3%@1510] GR3D_FREQ 0% cpu@47.375C soc2@46.875C soc0@45.218C gpu@46.718C tj@47.375C soc1@45.062C VDD_IN 4292mW/4307mW VDD_CPU_GPU_CV 1031mW/1029mW VDD_SOC 1391mW/1394mW
08-23-2026 05:12:08 RAM 2976/7620MB (lfb 5x4MB) SWAP 0/12002MB (cached 0MB) CPU [1%@1510,2%@1510,0%@1510,3%@1510,4%@1510,3%@1510] GR3D_FREQ 0% cpu@47.531C soc2@46.843C soc0@45.031C gpu@46.718C tj@47.531C soc1@45.093C VDD_IN 4292mW/4306mW VDD_CPU_GPU_CV 1031mW/1029mW VDD_SOC 1391mW/1394mW
08-23-2026 05:12:09 RAM 2976/7620MB (lfb 5x4MB) SWAP 0/12002MB (cached 0MB) CPU [2%@1510,1%@1510,1%@1510,2%@1510,1%@1510,4%@1510] GR3D_FREQ 0% cpu@47.718C soc2@46.781C soc0@45.093C gpu@46.75C tj@47.718C soc1@45.25C VDD_IN 4252mW/4306mW VDD_CPU_GPU_CV 992mW/1029mW VDD_SOC 1391mW/1394mW
08-23-2026 05:12:10 RAM 2976/7620MB (lfb 5x4MB) SWAP 0/12002MB (cached 0MB) CPU [1%@1510,2%@1510,0%@1510,2%@1510,1%@1510,3%@1510] GR3D_FREQ 0% cpu@47.593C soc2@46.781C soc0@45.125C gpu@46.781C tj@47.593C soc1@45.062C VDD_IN 4292mW/4306mW VDD_CPU_GPU_CV 1031mW/1029mW VDD_SOC 1391mW/1394mW
08-23-2026 05:12:11 RAM 2976/7620MB (lfb 5x4MB) SWAP 0/12002MB (cached 0MB) CPU [1%@1510,2%@1510,1%@1510,1%@1510,1%@1510,2%@1510] GR3D_FREQ 0% cpu@47.375C soc2@46.781C soc0@45.156C gpu@46.75C tj@47.375C soc1@45.093C VDD_IN 4292mW/4306mW VDD_CPU_GPU_CV 992mW/1029mW VDD_SOC 1391mW/1394mW
08-23-2026 05:12:12 RAM 2976/7620MB (lfb 5x4MB) SWAP 0/12002MB (cached 0MB) CPU [1%@1510,2%@1510,1%@1510,4%@1510,3%@1510,5%@1510] GR3D_FREQ 0% cpu@47.5C soc2@46.812C soc0@45.156C gpu@46.843C tj@47.5C soc1@45.187C VDD_IN 4292mW/4305mW VDD_CPU_GPU_CV 1031mW/1029mW VDD_SOC 1391mW/1394mW
08-23-2026 05:12:13 RAM 2975/7620MB (lfb 5x4MB) SWAP 0/12002MB (cached 0MB) CPU [1%@1510,4%@1510,2%@1510,1%@1510,2%@1510,3%@1510] GR3D_FREQ 0% cpu@47.593C soc2@46.843C soc0@45.062C gpu@46.781C tj@47.593C soc1@45.062C VDD_IN 4292mW/4305mW VDD_CPU_GPU_CV 1031mW/1029mW VDD_SOC 1391mW/1394mW
08-23-2026 05:12:14 RAM 2975/7620MB (lfb 5x4MB) SWAP 0/12002MB (cached 0MB) CPU [3%@1510,1%@1510,1%@1510,1%@1510,0%@1510,4%@1510] GR3D_FREQ 0% cpu@47.718C soc2@46.718C soc0@45.093C gpu@46.906C tj@47.718C soc1@45.312C VDD_IN 4252mW/4305mW VDD_CPU_GPU_CV 992mW/1028mW VDD_SOC 1391mW/1394mW
08-23-2026 05:12:15 RAM 2975/7620MB (lfb 5x4MB) SWAP 0/12002MB (cached 0MB) CPU [0%@1510,2%@1510,0%@1510,1%@1510,1%@1510,4%@1510] GR3D_FREQ 0% cpu@47.562C soc2@46.843C soc0@45.093C gpu@47.093C tj@47.562C soc1@45.031C VDD_IN 4292mW/4305mW VDD_CPU_GPU_CV 1031mW/1028mW VDD_SOC 1391mW/1394mW
08-23-2026 05:12:16 RAM 2975/7620MB (lfb 5x4MB) SWAP 0/12002MB (cached 0MB) CPU [2%@1510,2%@1510,0%@1510,1%@1510,1%@1510,4%@1510] GR3D_FREQ 0% cpu@47.375C soc2@46.843C soc0@45.093C gpu@47.218C tj@47.343C soc1@45.031C VDD_IN 4252mW/4304mW VDD_CPU_GPU_CV 992mW/1028mW VDD_SOC 1391mW/1394mW
08-23-2026 05:12:17 RAM 2977/7620MB (lfb 5x4MB) SWAP 0/12002MB (cached 0MB) CPU [2%@1510,2%@1510,2%@1510,4%@1510,1%@1510,5%@1510] GR3D_FREQ 0% cpu@47.437C soc2@46.843C soc0@45.156C gpu@47.031C tj@47.437C soc1@45.156C VDD_IN 4332mW/4304mW VDD_CPU_GPU_CV 1031mW/1028mW VDD_SOC 1391mW/1394mW
08-23-2026 05:12:18 RAM 2976/7620MB (lfb 5x4MB) SWAP 0/12002MB (cached 0MB) CPU [1%@1510,0%@1510,3%@1510,1%@1510,2%@1510,5%@1510] GR3D_FREQ 0% cpu@47.531C soc2@46.875C soc0@45.062C gpu@47.218C tj@47.531C soc1@45.25C VDD_IN 4292mW/4304mW VDD_CPU_GPU_CV 1031mW/1028mW VDD_SOC 1391mW/1394mW
08-23-2026 05:12:19 RAM 2976/7620MB (lfb 5x4MB) SWAP 0/12002MB (cached 0MB) CPU [1%@1510,0%@1510,2%@1510,1%@1510,1%@1510,4%@1510] GR3D_FREQ 0% cpu@47.468C soc2@46.843C soc0@45.093C gpu@47.093C tj@47.687C soc1@45.187C VDD_IN 4252mW/4304mW VDD_CPU_GPU_CV 992mW/1028mW VDD_SOC 1391mW/1394mW
08-23-2026 05:12:20 RAM 2976/7620MB (lfb 5x4MB) SWAP 0/12002MB (cached 0MB) CPU [0%@1510,0%@1510,2%@1510,1%@1510,2%@1510,3%@1510] GR3D_FREQ 0% cpu@47.593C soc2@46.781C soc0@45.093C gpu@47.218C tj@47.593C soc1@45.093C VDD_IN 4252mW/4303mW VDD_CPU_GPU_CV 992mW/1027mW VDD_SOC 1391mW/1394mW
08-23-2026 05:12:21 RAM 2976/7620MB (lfb 5x4MB) SWAP 0/12002MB (cached 0MB) CPU [1%@1510,1%@1510,2%@1510,1%@1510,1%@1510,4%@1510] GR3D_FREQ 0% cpu@47.437C soc2@46.812C soc0@45.125C gpu@47.156C tj@47.437C soc1@45.156C VDD_IN 4252mW/4303mW VDD_CPU_GPU_CV 992mW/1027mW VDD_SOC 1391mW/1394mW
08-23-2026 05:12:22 RAM 2977/7620MB (lfb 5x4MB) SWAP 0/12002MB (cached 0MB) CPU [4%@1510,0%@1510,5%@1510,1%@1510,3%@1510,5%@1510] GR3D_FREQ 0% cpu@47.5C soc2@46.906C soc0@45.156C gpu@46.718C tj@47.5C soc1@45.093C VDD_IN 4292mW/4303mW VDD_CPU_GPU_CV 1031mW/1027mW VDD_SOC 1391mW/1394mW
08-23-2026 05:12:23 RAM 2977/7620MB (lfb 5x4MB) SWAP 0/12002MB (cached 0MB) CPU [1%@1510,0%@1510,4%@1510,4%@1510,1%@1510,2%@1510] GR3D_FREQ 0% cpu@47.531C soc2@46.843C soc0@45.281C gpu@46.843C tj@47.531C soc1@45.156C VDD_IN 4292mW/4303mW VDD_CPU_GPU_CV 1031mW/1027mW VDD_SOC 1391mW/1394mW
08-23-2026 05:12:24 RAM 2977/7620MB (lfb 5x4MB) SWAP 0/12002MB (cached 0MB) CPU [2%@1510,0%@1510,3%@1510,2%@1510,2%@1510,1%@1510] GR3D_FREQ 0% cpu@47.375C soc2@46.937C soc0@45.062C gpu@46.906C tj@47.375C soc1@45.218C VDD_IN 4252mW/4302mW VDD_CPU_GPU_CV 992mW/1027mW VDD_SOC 1391mW/1394mW
08-23-2026 05:12:25 RAM 2977/7620MB (lfb 5x4MB) SWAP 0/12002MB (cached 0MB) CPU [2%@1510,0%@1510,3%@1510,2%@1510,1%@1510,1%@1510] GR3D_FREQ 0% cpu@47.562C soc2@46.843C soc0@45.156C gpu@46.812C tj@47.562C soc1@45.25C VDD_IN 4252mW/4302mW VDD_CPU_GPU_CV 992mW/1026mW VDD_SOC 1391mW/1394mW
08-23-2026 05:12:26 RAM 2977/7620MB (lfb 5x4MB) SWAP 0/12002MB (cached 0MB) CPU [1%@1510,0%@1510,3%@1510,2%@1510,2%@1510,2%@1510] GR3D_FREQ 0% cpu@47.375C soc2@46.781C soc0@45.156C gpu@46.937C tj@47.375C soc1@45.281C VDD_IN 4252mW/4301mW VDD_CPU_GPU_CV 992mW/1026mW VDD_SOC 1391mW/1394mW
08-23-2026 05:12:27 RAM 2978/7620MB (lfb 5x4MB) SWAP 0/12002MB (cached 0MB) CPU [2%@1510,0%@1510,4%@1510,1%@1510,4%@1510,3%@1510] GR3D_FREQ 0% cpu@47.625C soc2@46.812C soc0@45.218C gpu@46.906C tj@47.5C soc1@45.125C VDD_IN 4292mW/4301mW VDD_CPU_GPU_CV 1031mW/1026mW VDD_SOC 1391mW/1394mW
08-23-2026 05:12:28 RAM 2977/7620MB (lfb 5x4MB) SWAP 0/12002MB (cached 0MB) CPU [2%@1510,0%@1510,3%@1510,3%@1510,1%@1510,2%@1510] GR3D_FREQ 0% cpu@47.406C soc2@46.968C soc0@45.281C gpu@46.906C tj@47.468C soc1@45.156C VDD_IN 4292mW/4301mW VDD_CPU_GPU_CV 992mW/1026mW VDD_SOC 1391mW/1394mW
08-23-2026 05:12:29 RAM 2977/7620MB (lfb 5x4MB) SWAP 0/12002MB (cached 0MB) CPU [2%@1510,0%@1510,4%@1510,1%@1510,1%@1510,2%@1510] GR3D_FREQ 0% cpu@47.437C soc2@46.906C soc0@45.093C gpu@46.906C tj@47.437C soc1@45.218C VDD_IN 4252mW/4301mW VDD_CPU_GPU_CV 992mW/1026mW VDD_SOC 1391mW/1394mW
08-23-2026 05:12:30 RAM 2977/7620MB (lfb 5x4MB) SWAP 0/12002MB (cached 0MB) CPU [2%@1510,1%@1510,3%@1510,2%@1510,0%@1510,2%@1510] GR3D_FREQ 0% cpu@47.562C soc2@46.812C soc0@45.093C gpu@46.968C tj@47.562C soc1@45.218C VDD_IN 4252mW/4300mW VDD_CPU_GPU_CV 992mW/1025mW VDD_SOC 1391mW/1394mW
08-23-2026 05:12:31 RAM 2977/7620MB (lfb 5x4MB) SWAP 0/12002MB (cached 0MB) CPU [0%@1510,2%@1510,3%@1510,1%@1510,1%@1510,1%@1510] GR3D_FREQ 0% cpu@47.375C soc2@46.875C soc0@45.218C gpu@47C tj@47.375C soc1@45.343C VDD_IN 4292mW/4300mW VDD_CPU_GPU_CV 992mW/1025mW VDD_SOC 1391mW/1393mW
08-23-2026 05:12:32 RAM 2978/7620MB (lfb 5x4MB) SWAP 0/12002MB (cached 0MB) CPU [2%@1510,1%@1510,3%@1510,2%@1510,1%@1510,5%@1510] GR3D_FREQ 0% cpu@47.718C soc2@46.843C soc0@45.156C gpu@46.843C tj@47.718C soc1@45.156C VDD_IN 4292mW/4300mW VDD_CPU_GPU_CV 1031mW/1025mW VDD_SOC 1391mW/1393mW
08-23-2026 05:12:33 RAM 2977/7620MB (lfb 5x4MB) SWAP 0/12002MB (cached 0MB) CPU [1%@1510,2%@1510,5%@1510,2%@1510,2%@1510,2%@1510] GR3D_FREQ 0% cpu@47.375C soc2@46.843C soc0@45.25C gpu@46.781C tj@47.375C soc1@45.093C VDD_IN 4292mW/4300mW VDD_CPU_GPU_CV 1031mW/1025mW VDD_SOC 1391mW/1393mW
08-23-2026 05:12:34 RAM 2977/7620MB (lfb 5x4MB) SWAP 0/12002MB (cached 0MB) CPU [0%@1510,1%@1510,3%@1510,0%@1510,0%@1510,1%@1510] GR3D_FREQ 0% cpu@47.593C soc2@46.843C soc0@45.125C gpu@46.718C tj@47.593C soc1@45.125C VDD_IN 4292mW/4300mW VDD_CPU_GPU_CV 992mW/1025mW VDD_SOC 1391mW/1393mW
08-23-2026 05:12:35 RAM 2977/7620MB (lfb 5x4MB) SWAP 0/12002MB (cached 0MB) CPU [1%@1510,2%@1510,3%@1510,0%@1510,1%@1510,2%@1510] GR3D_FREQ 0% cpu@47.531C soc2@46.75C soc0@45.125C gpu@46.812C tj@47.531C soc1@45.187C VDD_IN 4292mW/4300mW VDD_CPU_GPU_CV 1031mW/1025mW VDD_SOC 1391mW/1393mW
08-23-2026 05:12:36 RAM 2977/7620MB (lfb 5x4MB) SWAP 0/12002MB (cached 0MB) CPU [1%@1510,2%@1510,4%@1510,0%@1510,2%@1510,2%@1510] GR3D_FREQ 0% cpu@47.375C soc2@46.812C soc0@45.125C gpu@46.781C tj@47.375C soc1@45.343C VDD_IN 4292mW/4300mW VDD_CPU_GPU_CV 992mW/1025mW VDD_SOC 1391mW/1393mW
08-23-2026 05:12:37 RAM 2977/7620MB (lfb 5x4MB) SWAP 0/12002MB (cached 0MB) CPU [2%@1510,2%@1510,3%@1510,4%@1510,2%@1510,3%@1510] GR3D_FREQ 0% cpu@47.562C soc2@46.781C soc0@45.156C gpu@46.75C tj@47.562C soc1@45.093C VDD_IN 4292mW/4300mW VDD_CPU_GPU_CV 1031mW/1025mW VDD_SOC 1391mW/1393mW
08-23-2026 05:12:38 RAM 2977/7620MB (lfb 5x4MB) SWAP 0/12002MB (cached 0MB) CPU [2%@1510,1%@1510,3%@1510,3%@1510,2%@1510,2%@1510] GR3D_FREQ 0% cpu@47.343C soc2@46.812C soc0@45.281C gpu@46.75C tj@47.343C soc1@45.125C VDD_IN 4292mW/4300mW VDD_CPU_GPU_CV 1031mW/1025mW VDD_SOC 1391mW/1393mW
08-23-2026 05:12:39 RAM 2977/7620MB (lfb 5x4MB) SWAP 0/12002MB (cached 0MB) CPU [3%@1510,0%@1510,1%@1510,3%@1510,1%@1510,1%@1510] GR3D_FREQ 0% cpu@47.468C soc2@46.812C soc0@45.218C gpu@46.781C tj@47.468C soc1@45.187C VDD_IN 4252mW/4299mW VDD_CPU_GPU_CV 992mW/1024mW VDD_SOC 1391mW/1393mW
08-23-2026 05:12:40 RAM 2977/7620MB (lfb 5x4MB) SWAP 0/12002MB (cached 0MB) CPU [2%@1510,0%@1510,2%@1510,3%@1510,1%@1510,1%@1510] GR3D_FREQ 0% cpu@47.593C soc2@46.875C soc0@45.093C gpu@47.125C tj@47.593C soc1@45.156C VDD_IN 4252mW/4299mW VDD_CPU_GPU_CV 992mW/1024mW VDD_SOC 1391mW/1393mW
08-23-2026 05:12:41 RAM 2977/7620MB (lfb 5x4MB) SWAP 0/12002MB (cached 0MB) CPU [0%@1510,1%@1510,2%@1510,3%@1510,1%@1510,1%@1510] GR3D_FREQ 0% cpu@47.406C soc2@46.843C soc0@45.156C gpu@47.156C tj@47.406C soc1@45.187C VDD_IN 4252mW/4298mW VDD_CPU_GPU_CV 992mW/1024mW VDD_SOC 1391mW/1393mW
08-23-2026 05:12:42 RAM 2976/7620MB (lfb 5x4MB) SWAP 0/12002MB (cached 0MB) CPU [2%@1510,1%@1510,3%@1510,6%@1510,2%@1510,2%@1510] GR3D_FREQ 0% cpu@47.593C soc2@46.843C soc0@45.156C gpu@47.187C tj@47.593C soc1@45.031C VDD_IN 4292mW/4298mW VDD_CPU_GPU_CV 1031mW/1024mW VDD_SOC 1391mW/1393mW
08-23-2026 05:12:44 RAM 2976/7620MB (lfb 5x4MB) SWAP 0/12002MB (cached 0MB) CPU [2%@1510,1%@1510,3%@1510,1%@1510,3%@1510,2%@1510] GR3D_FREQ 0% cpu@47.375C soc2@46.843C soc0@45.187C gpu@47.187C tj@47.375C soc1@45.125C VDD_IN 4292mW/4298mW VDD_CPU_GPU_CV 992mW/1024mW VDD_SOC 1391mW/1393mW
08-23-2026 05:12:45 RAM 2976/7620MB (lfb 5x4MB) SWAP 0/12002MB (cached 0MB) CPU [2%@1510,1%@1510,3%@1510,1%@1510,1%@1510,0%@1510] GR3D_FREQ 0% cpu@47.406C soc2@46.812C soc0@45.312C gpu@46.656C tj@47.406C soc1@45.125C VDD_IN 4252mW/4298mW VDD_CPU_GPU_CV 992mW/1023mW VDD_SOC 1391mW/1393mW
08-23-2026 05:12:46 RAM 2976/7620MB (lfb 5x4MB) SWAP 0/12002MB (cached 0MB) CPU [2%@1510,0%@1510,3%@1510,1%@1510,1%@1510,1%@1510] GR3D_FREQ 0% cpu@47.593C soc2@46.843C soc0@45.062C gpu@46.687C tj@47.593C soc1@45.125C VDD_IN 4252mW/4298mW VDD_CPU_GPU_CV 992mW/1023mW VDD_SOC 1391mW/1393mW
08-23-2026 05:12:47 RAM 2977/7620MB (lfb 5x4MB) SWAP 0/12002MB (cached 0MB) CPU [1%@1510,1%@1510,4%@1510,2%@1510,1%@1510,0%@1510] GR3D_FREQ 0% cpu@47.906C soc2@46.843C soc0@45.125C gpu@46.718C tj@47.906C soc1@45.25C VDD_IN 4252mW/4297mW VDD_CPU_GPU_CV 992mW/1023mW VDD_SOC 1391mW/1393mW
08-23-2026 05:12:48 RAM 2976/7620MB (lfb 5x4MB) SWAP 0/12002MB (cached 0MB) CPU [2%@1510,1%@1510,4%@1510,4%@1510,2%@1510,3%@1510] GR3D_FREQ 0% cpu@47.593C soc2@46.843C soc0@45.187C gpu@46.75C tj@47.593C soc1@45.062C VDD_IN 4292mW/4297mW VDD_CPU_GPU_CV 1031mW/1023mW VDD_SOC 1391mW/1393mW
08-23-2026 05:12:49 RAM 2976/7620MB (lfb 5x4MB) SWAP 0/12002MB (cached 0MB) CPU [2%@1510,1%@1510,4%@1510,2%@1510,1%@1510,2%@1510] GR3D_FREQ 0% cpu@47.406C soc2@46.812C soc0@45.25C gpu@46.75C tj@47.375C soc1@45.062C VDD_IN 4292mW/4297mW VDD_CPU_GPU_CV 992mW/1023mW VDD_SOC 1391mW/1393mW
08-23-2026 05:12:50 RAM 2976/7620MB (lfb 5x4MB) SWAP 0/12002MB (cached 0MB) CPU [1%@1510,1%@1510,3%@1510,1%@1510,1%@1510,1%@1510] GR3D_FREQ 0% cpu@47.468C soc2@46.843C soc0@45.343C gpu@46.968C tj@47.468C soc1@45.093C VDD_IN 4252mW/4297mW VDD_CPU_GPU_CV 992mW/1022mW VDD_SOC 1391mW/1393mW
08-23-2026 05:12:51 RAM 2975/7620MB (lfb 5x4MB) SWAP 0/12002MB (cached 0MB) CPU [1%@1510,1%@1510,3%@1510,2%@1510,1%@1510,1%@1510] GR3D_FREQ 0% cpu@47.593C soc2@46.906C soc0@45.125C gpu@46.843C tj@47.593C soc1@45.187C VDD_IN 4252mW/4296mW VDD_CPU_GPU_CV 992mW/1022mW VDD_SOC 1391mW/1393mW
08-23-2026 05:12:52 RAM 2975/7620MB (lfb 5x4MB) SWAP 0/12002MB (cached 0MB) CPU [3%@1510,0%@1510,2%@1510,1%@1510,1%@1510,1%@1510] GR3D_FREQ 0% cpu@47.468C soc2@46.812C soc0@45.156C gpu@46.968C tj@47.843C soc1@45.218C VDD_IN 4252mW/4296mW VDD_CPU_GPU_CV 992mW/1022mW VDD_SOC 1391mW/1393mW
08-23-2026 05:12:53 RAM 2976/7620MB (lfb 5x4MB) SWAP 0/12002MB (cached 0MB) CPU [1%@1510,2%@1510,6%@1510,1%@1510,3%@1510,1%@1510] GR3D_FREQ 0% cpu@47.625C soc2@46.843C soc0@45.125C gpu@46.937C tj@47.625C soc1@45.343C VDD_IN 4292mW/4296mW VDD_CPU_GPU_CV 992mW/1022mW VDD_SOC 1391mW/1393mW
08-23-2026 05:12:54 RAM 2976/7620MB (lfb 5x4MB) SWAP 0/12002MB (cached 0MB) CPU [3%@1510,2%@1510,3%@1510,4%@1510,1%@1510,0%@1510] GR3D_FREQ 0% cpu@47.406C soc2@46.812C soc0@45.187C gpu@47.031C tj@47.406C soc1@45.125C VDD_IN 4292mW/4296mW VDD_CPU_GPU_CV 1031mW/1022mW VDD_SOC 1391mW/1393mW
08-23-2026 05:12:55 RAM 2976/7620MB (lfb 5x4MB) SWAP 0/12002MB (cached 0MB) CPU [1%@1510,1%@1510,3%@1510,1%@1510,0%@1510,1%@1510] GR3D_FREQ 0% cpu@47.468C soc2@46.843C soc0@45.25C gpu@46.968C tj@47.468C soc1@45.156C VDD_IN 4252mW/4296mW VDD_CPU_GPU_CV 992mW/1022mW VDD_SOC 1391mW/1393mW
08-23-2026 05:12:56 RAM 2977/7620MB (lfb 5x4MB) SWAP 0/12002MB (cached 0MB) CPU [1%@1510,1%@1510,3%@1510,1%@1510,0%@1510,2%@1510] GR3D_FREQ 0% cpu@47.593C soc2@46.875C soc0@45.062C gpu@47.062C tj@47.593C soc1@45.187C VDD_IN 4252mW/4295mW VDD_CPU_GPU_CV 992mW/1021mW VDD_SOC 1391mW/1393mW
08-23-2026 05:12:57 RAM 2977/7620MB (lfb 5x4MB) SWAP 0/12002MB (cached 0MB) CPU [3%@1510,1%@1510,3%@1510,1%@1510,1%@1510,2%@1510] GR3D_FREQ 0% cpu@47.437C soc2@46.812C soc0@45.156C gpu@47.031C tj@47.437C soc1@45.281C VDD_IN 4252mW/4295mW VDD_CPU_GPU_CV 992mW/1021mW VDD_SOC 1391mW/1393mW
08-23-2026 05:12:58 RAM 2977/7620MB (lfb 5x4MB) SWAP 0/12002MB (cached 0MB) CPU [2%@1510,0%@1510,5%@1510,3%@1510,5%@1510,10%@1510] GR3D_FREQ 0% cpu@47.718C soc2@46.812C soc0@45.218C gpu@46.843C tj@47.718C soc1@45.343C VDD_IN 4451mW/4296mW VDD_CPU_GPU_CV 1111mW/1022mW VDD_SOC 1430mW/1393mW
08-23-2026 05:12:59 RAM 2977/7620MB (lfb 5x4MB) SWAP 0/12002MB (cached 0MB) CPU [1%@1510,2%@1510,4%@1510,2%@1510,2%@1510,2%@1510] GR3D_FREQ 0% cpu@47.437C soc2@46.843C soc0@45.187C gpu@46.781C tj@47.437C soc1@45.156C VDD_IN 4292mW/4296mW VDD_CPU_GPU_CV 1031mW/1022mW VDD_SOC 1391mW/1393mW
08-23-2026 05:13:00 RAM 2977/7620MB (lfb 5x4MB) SWAP 0/12002MB (cached 0MB) CPU [2%@1510,2%@1510,4%@1510,1%@1510,2%@1510,1%@1510] GR3D_FREQ 0% cpu@47.406C soc2@46.843C soc0@45.343C gpu@46.843C tj@47.406C soc1@45.156C VDD_IN 4292mW/4296mW VDD_CPU_GPU_CV 1031mW/1022mW VDD_SOC 1391mW/1393mW
08-23-2026 05:13:01 RAM 2977/7620MB (lfb 5x4MB) SWAP 0/12002MB (cached 0MB) CPU [1%@1510,1%@1510,3%@1510,0%@1510,2%@1510,0%@1510] GR3D_FREQ 0% cpu@47.593C soc2@46.906C soc0@45.156C gpu@46.843C tj@47.593C soc1@45.156C VDD_IN 4252mW/4296mW VDD_CPU_GPU_CV 992mW/1022mW VDD_SOC 1391mW/1393mW
08-23-2026 05:13:02 RAM 2977/7620MB (lfb 5x4MB) SWAP 0/12002MB (cached 0MB) CPU [1%@1510,1%@1510,3%@1510,0%@1510,1%@1510,1%@1510] GR3D_FREQ 0% cpu@47.531C soc2@47.062C soc0@45.093C gpu@46.843C tj@47.531C soc1@45.156C VDD_IN 4252mW/4295mW VDD_CPU_GPU_CV 992mW/1022mW VDD_SOC 1391mW/1393mW
08-23-2026 05:13:03 RAM 2977/7620MB (lfb 5x4MB) SWAP 0/12002MB (cached 0MB) CPU [2%@1510,0%@1510,4%@1510,3%@1510,5%@1510,2%@1510] GR3D_FREQ 0% cpu@47.656C soc2@46.937C soc0@45.156C gpu@46.843C tj@47.656C soc1@45.343C VDD_IN 4292mW/4295mW VDD_CPU_GPU_CV 1031mW/1022mW VDD_SOC 1391mW/1393mW
08-23-2026 05:13:04 RAM 2977/7620MB (lfb 5x4MB) SWAP 0/12002MB (cached 0MB) CPU [1%@1510,0%@1510,4%@1510,2%@1510,2%@1510,2%@1510] GR3D_FREQ 0% cpu@47.531C soc2@46.812C soc0@45.218C gpu@46.781C tj@47.531C soc1@45.156C VDD_IN 4252mW/4295mW VDD_CPU_GPU_CV 992mW/1021mW VDD_SOC 1391mW/1393mW
08-23-2026 05:13:05 RAM 2977/7620MB (lfb 5x4MB) SWAP 0/12002MB (cached 0MB) CPU [1%@1510,1%@1510,3%@1510,2%@1510,2%@1510,0%@1510] GR3D_FREQ 0% cpu@47.468C soc2@46.843C soc0@45.25C gpu@46.875C tj@47.468C soc1@45.156C VDD_IN 4252mW/4295mW VDD_CPU_GPU_CV 992mW/1021mW VDD_SOC 1391mW/1393mW
08-23-2026 05:13:06 RAM 2977/7620MB (lfb 5x4MB) SWAP 0/12002MB (cached 0MB) CPU [1%@1510,2%@1510,3%@1510,2%@1510,0%@1510,2%@1510] GR3D_FREQ 0% cpu@47.406C soc2@46.875C soc0@45.187C gpu@47.218C tj@47.406C soc1@45.187C VDD_IN 4292mW/4295mW VDD_CPU_GPU_CV 1031mW/1021mW VDD_SOC 1391mW/1393mW
08-23-2026 05:13:07 RAM 2977/7620MB (lfb 5x4MB) SWAP 0/12002MB (cached 0MB) CPU [0%@1510,0%@1510,3%@1510,3%@1510,1%@1510,1%@1510] GR3D_FREQ 0% cpu@47.531C soc2@46.906C soc0@45.125C gpu@47.218C tj@47.531C soc1@45.187C VDD_IN 4252mW/4295mW VDD_CPU_GPU_CV 992mW/1021mW VDD_SOC 1391mW/1393mW
08-23-2026 05:13:08 RAM 2976/7620MB (lfb 5x4MB) SWAP 0/12002MB (cached 0MB) CPU [1%@1510,2%@1510,3%@1510,4%@1510,2%@1510,3%@1510] GR3D_FREQ 0% cpu@47.718C soc2@46.875C soc0@45.125C gpu@46.781C tj@47.718C soc1@45.281C VDD_IN 4292mW/4295mW VDD_CPU_GPU_CV 992mW/1021mW VDD_SOC 1391mW/1393mW
08-23-2026 05:13:09 RAM 2976/7620MB (lfb 5x4MB) SWAP 0/12002MB (cached 0MB) CPU [1%@1510,1%@1510,4%@1510,3%@1510,2%@1510,1%@1510] GR3D_FREQ 0% cpu@47.437C soc2@46.812C soc0@45.156C gpu@46.687C tj@47.437C soc1@45.156C VDD_IN 4292mW/4295mW VDD_CPU_GPU_CV 992mW/1021mW VDD_SOC 1391mW/1393mW
08-23-2026 05:13:10 RAM 2976/7620MB (lfb 5x4MB) SWAP 0/12002MB (cached 0MB) CPU [1%@1510,1%@1510,3%@1510,3%@1510,2%@1510,2%@1510] GR3D_FREQ 0% cpu@47.75C soc2@46.843C soc0@45.187C gpu@46.781C tj@47.75C soc1@45.093C VDD_IN 4252mW/4294mW VDD_CPU_GPU_CV 992mW/1020mW VDD_SOC 1391mW/1393mW
08-23-2026 05:13:11 RAM 2976/7620MB (lfb 5x4MB) SWAP 0/12002MB (cached 0MB) CPU [1%@1510,0%@1510,3%@1510,2%@1510,4%@1510,2%@1510] GR3D_FREQ 0% cpu@47.406C soc2@46.875C soc0@45.281C gpu@46.75C tj@47.406C soc1@45.218C VDD_IN 4252mW/4294mW VDD_CPU_GPU_CV 992mW/1020mW VDD_SOC 1391mW/1393mW
08-23-2026 05:13:12 RAM 2976/7620MB (lfb 5x4MB) SWAP 0/12002MB (cached 0MB) CPU [0%@1510,0%@1510,3%@1510,2%@1510,2%@1510,3%@1510] GR3D_FREQ 0% cpu@47.531C soc2@46.906C soc0@45.343C gpu@46.718C tj@47.531C soc1@45.187C VDD_IN 4252mW/4294mW VDD_CPU_GPU_CV 992mW/1020mW VDD_SOC 1391mW/1393mW
08-23-2026 05:13:13 RAM 2976/7620MB (lfb 5x4MB) SWAP 0/12002MB (cached 0MB) CPU [4%@1510,6%@1510,14%@1510,8%@1510,6%@1510,9%@1510] GR3D_FREQ 0% cpu@47.687C soc2@46.812C soc0@45.218C gpu@46.812C tj@47.687C soc1@45.218C VDD_IN 4332mW/4294mW VDD_CPU_GPU_CV 1031mW/1020mW VDD_SOC 1391mW/1393mW
08-23-2026 05:13:14 RAM 2976/7620MB (lfb 5x4MB) SWAP 0/12002MB (cached 0MB) CPU [2%@1510,1%@1510,3%@1510,2%@1510,3%@1510,2%@1510] GR3D_FREQ 0% cpu@47.406C soc2@46.812C soc0@45.187C gpu@46.812C tj@47.406C soc1@45.343C VDD_IN 4252mW/4294mW VDD_CPU_GPU_CV 992mW/1020mW VDD_SOC 1391mW/1393mW
08-23-2026 05:13:15 RAM 2976/7620MB (lfb 5x4MB) SWAP 0/12002MB (cached 0MB) CPU [3%@1510,1%@1510,3%@1510,1%@1510,0%@1510,1%@1510] GR3D_FREQ 0% cpu@47.781C soc2@46.843C soc0@45.218C gpu@46.968C tj@47.781C soc1@45.187C VDD_IN 4252mW/4293mW VDD_CPU_GPU_CV 992mW/1020mW VDD_SOC 1391mW/1393mW
08-23-2026 05:13:16 RAM 2975/7620MB (lfb 5x4MB) SWAP 0/12002MB (cached 0MB) CPU [2%@1510,1%@1510,3%@1510,1%@1510,1%@1510,2%@1510] GR3D_FREQ 0% cpu@47.406C soc2@46.875C soc0@45.312C gpu@46.968C tj@47.406C soc1@45.093C VDD_IN 4252mW/4293mW VDD_CPU_GPU_CV 992mW/1020mW VDD_SOC 1391mW/1393mW
08-23-2026 05:13:17 RAM 2975/7620MB (lfb 5x4MB) SWAP 0/12002MB (cached 0MB) CPU [3%@1510,0%@1510,3%@1510,2%@1510,0%@1510,0%@1510] GR3D_FREQ 0% cpu@47.593C soc2@46.906C soc0@45.312C gpu@47C tj@47.593C soc1@45.25C VDD_IN 4252mW/4293mW VDD_CPU_GPU_CV 992mW/1019mW VDD_SOC 1391mW/1393mW
08-23-2026 05:13:18 RAM 2975/7620MB (lfb 5x4MB) SWAP 0/12002MB (cached 0MB) CPU [2%@1510,2%@1510,4%@1510,5%@1510,1%@1510,4%@1510] GR3D_FREQ 0% cpu@47.718C soc2@46.937C soc0@45.125C gpu@47.031C tj@47.718C soc1@45.187C VDD_IN 4292mW/4293mW VDD_CPU_GPU_CV 1031mW/1020mW VDD_SOC 1391mW/1393mW
08-23-2026 05:13:19 RAM 2975/7620MB (lfb 5x4MB) SWAP 0/12002MB (cached 0MB) CPU [2%@1510,3%@1510,2%@1510,5%@1510,1%@1510,1%@1510] GR3D_FREQ 0% cpu@47.531C soc2@46.843C soc0@45.187C gpu@47C tj@47.531C soc1@45.343C VDD_IN 4292mW/4293mW VDD_CPU_GPU_CV 1031mW/1020mW VDD_SOC 1391mW/1393mW
08-23-2026 05:13:20 RAM 2975/7620MB (lfb 5x4MB) SWAP 0/12002MB (cached 0MB) CPU [2%@1510,1%@1510,3%@1510,1%@1510,0%@1510,1%@1510] GR3D_FREQ 0% cpu@47.781C soc2@46.875C soc0@45.25C gpu@47.062C tj@47.781C soc1@45.093C VDD_IN 4292mW/4293mW VDD_CPU_GPU_CV 992mW/1019mW VDD_SOC 1391mW/1393mW
08-23-2026 05:13:21 RAM 2975/7620MB (lfb 5x4MB) SWAP 0/12002MB (cached 0MB) CPU [0%@1510,2%@1510,2%@1510,2%@1510,0%@1510,0%@1510] GR3D_FREQ 0% cpu@47.468C soc2@46.843C soc0@45.312C gpu@47.125C tj@47.468C soc1@45.062C VDD_IN 4292mW/4293mW VDD_CPU_GPU_CV 992mW/1019mW VDD_SOC 1391mW/1393mW
08-23-2026 05:13:22 RAM 2975/7620MB (lfb 5x4MB) SWAP 0/12002MB (cached 0MB) CPU [1%@1510,1%@1510,2%@1510,2%@1510,1%@1510,1%@1510] GR3D_FREQ 0% cpu@47.468C soc2@46.937C soc0@45.343C gpu@47.125C tj@47.468C soc1@45.125C VDD_IN 4252mW/4293mW VDD_CPU_GPU_CV 992mW/1019mW VDD_SOC 1391mW/1393mW
08-23-2026 05:13:23 RAM 2976/7620MB (lfb 5x4MB) SWAP 0/12002MB (cached 0MB) CPU [3%@1510,1%@1510,5%@1510,1%@1510,3%@1510,3%@1510] GR3D_FREQ 0% cpu@47.562C soc2@46.906C soc0@45.062C gpu@46.875C tj@47.562C soc1@45.281C VDD_IN 4292mW/4293mW VDD_CPU_GPU_CV 1031mW/1019mW VDD_SOC 1391mW/1393mW
08-23-2026 05:13:24 RAM 2975/7620MB (lfb 5x4MB) SWAP 0/12002MB (cached 0MB) CPU [1%@1510,0%@1510,3%@1510,1%@1510,2%@1510,1%@1510] GR3D_FREQ 0% cpu@47.625C soc2@46.843C soc0@45.156C gpu@46.843C tj@47.531C soc1@45.218C VDD_IN 4292mW/4293mW VDD_CPU_GPU_CV 1031mW/1019mW VDD_SOC 1391mW/1393mW
08-23-2026 05:13:25 RAM 2975/7620MB (lfb 5x4MB) SWAP 0/12002MB (cached 0MB) CPU [2%@1510,1%@1510,3%@1510,2%@1510,2%@1510,1%@1510] GR3D_FREQ 0% cpu@47.781C soc2@46.812C soc0@45.156C gpu@46.843C tj@47.781C soc1@45.093C VDD_IN 4292mW/4293mW VDD_CPU_GPU_CV 992mW/1019mW VDD_SOC 1391mW/1393mW
08-23-2026 05:13:26 RAM 2975/7620MB (lfb 5x4MB) SWAP 0/12002MB (cached 0MB) CPU [1%@1510,0%@1510,2%@1510,1%@1510,0%@1510,1%@1510] GR3D_FREQ 0% cpu@47.531C soc2@46.843C soc0@45.218C gpu@46.843C tj@47.531C soc1@45.125C VDD_IN 4252mW/4292mW VDD_CPU_GPU_CV 992mW/1019mW VDD_SOC 1391mW/1393mW
08-23-2026 05:13:27 RAM 2975/7620MB (lfb 5x4MB) SWAP 0/12002MB (cached 0MB) CPU [2%@1510,0%@1510,3%@1510,2%@1510,2%@1510,1%@1510] GR3D_FREQ 0% cpu@47.5C soc2@46.843C soc0@45.343C gpu@46.843C tj@47.5C soc1@45.093C VDD_IN 4252mW/4292mW VDD_CPU_GPU_CV 992mW/1019mW VDD_SOC 1391mW/1393mW
08-23-2026 05:13:28 RAM 2976/7620MB (lfb 5x4MB) SWAP 0/12002MB (cached 0MB) CPU [2%@1510,0%@1510,3%@1510,1%@1510,3%@1510,3%@1510] GR3D_FREQ 0% cpu@47.593C soc2@46.843C soc0@45.125C gpu@46.906C tj@47.593C soc1@45.093C VDD_IN 4292mW/4292mW VDD_CPU_GPU_CV 1031mW/1019mW VDD_SOC 1391mW/1393mW
08-23-2026 05:13:29 RAM 2975/7620MB (lfb 5x4MB) SWAP 0/12002MB (cached 0MB) CPU [1%@1510,1%@1510,4%@1510,4%@1510,2%@1510,1%@1510] GR3D_FREQ 0% cpu@47.562C soc2@46.812C soc0@45.125C gpu@46.906C tj@47.562C soc1@45.25C VDD_IN 4292mW/4292mW VDD_CPU_GPU_CV 992mW/1019mW VDD_SOC 1391mW/1393mW
08-23-2026 05:13:30 RAM 2975/7620MB (lfb 5x4MB) SWAP 0/12002MB (cached 0MB) CPU [2%@1510,1%@1510,3%@1510,1%@1510,2%@1510,0%@1510] GR3D_FREQ 0% cpu@47.718C soc2@46.812C soc0@45.187C gpu@46.937C tj@47.718C soc1@45.25C VDD_IN 4252mW/4292mW VDD_CPU_GPU_CV 992mW/1018mW VDD_SOC 1391mW/1393mW
08-23-2026 05:13:31 RAM 2975/7620MB (lfb 5x4MB) SWAP 0/12002MB (cached 0MB) CPU [1%@1510,2%@1510,2%@1510,2%@1510,0%@1510,1%@1510] GR3D_FREQ 0% cpu@47.531C soc2@46.843C soc0@45.218C gpu@46.906C tj@47.531C soc1@45.093C VDD_IN 4252mW/4292mW VDD_CPU_GPU_CV 992mW/1018mW VDD_SOC 1391mW/1393mW
08-23-2026 05:13:32 RAM 2976/7620MB (lfb 5x4MB) SWAP 0/12002MB (cached 0MB) CPU [1%@1510,0%@1510,3%@1510,2%@1510,0%@1510,2%@1510] GR3D_FREQ 0% cpu@47.468C soc2@46.875C soc0@45.281C gpu@46.75C tj@47.468C soc1@45.093C VDD_IN 4252mW/4291mW VDD_CPU_GPU_CV 992mW/1018mW VDD_SOC 1391mW/1393mW
08-23-2026 05:13:33 RAM 2976/7620MB (lfb 5x4MB) SWAP 0/12002MB (cached 0MB) CPU [1%@1510,0%@1510,4%@1510,1%@1510,5%@1510,2%@1510] GR3D_FREQ 0% cpu@47.406C soc2@46.875C soc0@45.25C gpu@46.781C tj@47.593C soc1@45.187C VDD_IN 4292mW/4291mW VDD_CPU_GPU_CV 1031mW/1018mW VDD_SOC 1391mW/1393mW
08-23-2026 05:13:34 RAM 2976/7620MB (lfb 5x4MB) SWAP 0/12002MB (cached 0MB) CPU [3%@1510,1%@1510,3%@1510,1%@1510,2%@1510,1%@1510] GR3D_FREQ 0% cpu@47.531C soc2@46.875C soc0@45.156C gpu@46.75C tj@47.531C soc1@45.25C VDD_IN 4252mW/4291mW VDD_CPU_GPU_CV 992mW/1018mW VDD_SOC 1391mW/1393mW
08-23-2026 05:13:35 RAM 2976/7620MB (lfb 5x4MB) SWAP 0/12002MB (cached 0MB) CPU [2%@1510,1%@1510,2%@1510,2%@1510,1%@1510,1%@1510] GR3D_FREQ 0% cpu@47.781C soc2@46.843C soc0@45.156C gpu@46.781C tj@47.781C soc1@45.343C VDD_IN 4252mW/4291mW VDD_CPU_GPU_CV 992mW/1018mW VDD_SOC 1391mW/1393mW
08-23-2026 05:13:36 RAM 2976/7620MB (lfb 5x4MB) SWAP 0/12002MB (cached 0MB) CPU [3%@1510,1%@1510,3%@1510,1%@1510,1%@1510,0%@1510] GR3D_FREQ 0% cpu@47.562C soc2@46.875C soc0@45.281C gpu@46.812C tj@47.562C soc1@45.093C VDD_IN 4252mW/4291mW VDD_CPU_GPU_CV 992mW/1018mW VDD_SOC 1391mW/1393mW
08-23-2026 05:13:37 RAM 2976/7620MB (lfb 5x4MB) SWAP 0/12002MB (cached 0MB) CPU [2%@1510,1%@1510,3%@1510,0%@1510,1%@1510,1%@1510] GR3D_FREQ 0% cpu@47.5C soc2@46.843C soc0@45.281C gpu@46.812C tj@47.5C soc1@45.156C VDD_IN 4252mW/4290mW VDD_CPU_GPU_CV 992mW/1018mW VDD_SOC 1391mW/1393mW
08-23-2026 05:13:38 RAM 2976/7620MB (lfb 5x4MB) SWAP 0/12002MB (cached 0MB) CPU [3%@1510,2%@1510,4%@1510,3%@1510,0%@1510,2%@1510] GR3D_FREQ 0% cpu@47.406C soc2@46.843C soc0@45.312C gpu@46.812C tj@47.406C soc1@45.218C VDD_IN 4252mW/4290mW VDD_CPU_GPU_CV 992mW/1017mW VDD_SOC 1391mW/1393mW
08-23-2026 05:13:39 RAM 2975/7620MB (lfb 5x4MB) SWAP 0/12002MB (cached 0MB) CPU [4%@1510,2%@1510,3%@1510,1%@1510,1%@1510,1%@1510] GR3D_FREQ 0% cpu@47.531C soc2@46.906C soc0@45.125C gpu@46.781C tj@47.531C soc1@45.218C VDD_IN 4292mW/4290mW VDD_CPU_GPU_CV 992mW/1017mW VDD_SOC 1391mW/1393mW
08-23-2026 05:13:40 RAM 2975/7620MB (lfb 5x4MB) SWAP 0/12002MB (cached 0MB) CPU [2%@1510,2%@1510,3%@1510,1%@1510,1%@1510,0%@1510] GR3D_FREQ 0% cpu@47.687C soc2@46.843C soc0@45.093C gpu@46.843C tj@47.687C soc1@45.281C VDD_IN 4252mW/4290mW VDD_CPU_GPU_CV 992mW/1017mW VDD_SOC 1391mW/1393mW
08-23-2026 05:13:41 RAM 2975/7620MB (lfb 5x4MB) SWAP 0/12002MB (cached 0MB) CPU [2%@1510,1%@1510,3%@1510,1%@1510,0%@1510,1%@1510] GR3D_FREQ 0% cpu@47.625C soc2@46.875C soc0@45.125C gpu@47.125C tj@47.531C soc1@45.187C VDD_IN 4252mW/4290mW VDD_CPU_GPU_CV 992mW/1017mW VDD_SOC 1391mW/1393mW
08-23-2026 05:13:42 RAM 2975/7620MB (lfb 5x4MB) SWAP 0/12002MB (cached 0MB) CPU [1%@1510,1%@1510,3%@1510,1%@1510,2%@1510,1%@1510] GR3D_FREQ 0% cpu@47.843C soc2@46.875C soc0@45.281C gpu@47.156C tj@47.5C soc1@45.062C VDD_IN 4292mW/4290mW VDD_CPU_GPU_CV 1031mW/1017mW VDD_SOC 1391mW/1393mW
08-23-2026 05:13:43 RAM 2975/7620MB (lfb 5x4MB) SWAP 0/12002MB (cached 0MB) CPU [5%@1510,4%@1510,4%@1510,1%@1510,1%@1510,1%@1510] GR3D_FREQ 0% cpu@47.406C soc2@46.937C soc0@45.312C gpu@47C tj@47.406C soc1@45.062C VDD_IN 4292mW/4290mW VDD_CPU_GPU_CV 1031mW/1017mW VDD_SOC 1391mW/1393mW
08-23-2026 05:13:44 RAM 2976/7620MB (lfb 5x4MB) SWAP 0/12002MB (cached 0MB) CPU [3%@1510,2%@1510,3%@1510,1%@1510,0%@1510,2%@1510] GR3D_FREQ 0% cpu@47.468C soc2@47C soc0@45.125C gpu@47.062C tj@47.468C soc1@45.187C VDD_IN 4292mW/4290mW VDD_CPU_GPU_CV 992mW/1017mW VDD_SOC 1391mW/1393mW
08-23-2026 05:13:45 RAM 2976/7620MB (lfb 5x4MB) SWAP 0/12002MB (cached 0MB) CPU [3%@1510,1%@1510,3%@1510,1%@1510,0%@1510,0%@1510] GR3D_FREQ 0% cpu@47.718C soc2@46.781C soc0@45.125C gpu@47.093C tj@47.718C soc1@45.218C VDD_IN 4292mW/4290mW VDD_CPU_GPU_CV 1031mW/1017mW VDD_SOC 1391mW/1393mW
08-23-2026 05:13:46 RAM 2976/7620MB (lfb 5x4MB) SWAP 0/12002MB (cached 0MB) CPU [1%@1510,2%@1510,3%@1510,1%@1510,0%@1510,1%@1510] GR3D_FREQ 0% cpu@47.468C soc2@46.906C soc0@45.125C gpu@47.125C tj@47.468C soc1@45.125C VDD_IN 4252mW/4290mW VDD_CPU_GPU_CV 992mW/1017mW VDD_SOC 1391mW/1393mW
08-23-2026 05:13:47 RAM 2977/7620MB (lfb 5x4MB) SWAP 0/12002MB (cached 0MB) CPU [2%@1510,1%@1510,4%@1510,1%@1510,3%@1510,1%@1510] GR3D_FREQ 0% cpu@47.812C soc2@46.843C soc0@45.156C gpu@47.093C tj@47.812C soc1@45.062C VDD_IN 4332mW/4290mW VDD_CPU_GPU_CV 1071mW/1017mW VDD_SOC 1391mW/1393mW
08-23-2026 05:13:48 RAM 2977/7620MB (lfb 5x4MB) SWAP 0/12002MB (cached 0MB) CPU [3%@1510,2%@1510,3%@1510,1%@1510,0%@1510,1%@1510] GR3D_FREQ 0% cpu@47.468C soc2@46.812C soc0@45.25C gpu@47.125C tj@47.468C soc1@45.125C VDD_IN 4292mW/4290mW VDD_CPU_GPU_CV 1031mW/1017mW VDD_SOC 1391mW/1392mW
08-23-2026 05:13:49 RAM 2977/7620MB (lfb 5x4MB) SWAP 0/12002MB (cached 0MB) CPU [2%@1510,1%@1510,4%@1510,2%@1510,0%@1510,0%@1510] GR3D_FREQ 0% cpu@47.5C soc2@46.875C soc0@45.093C gpu@47.218C tj@47.5C soc1@45.125C VDD_IN 4252mW/4290mW VDD_CPU_GPU_CV 992mW/1017mW VDD_SOC 1391mW/1392mW
08-23-2026 05:13:50 RAM 2977/7620MB (lfb 5x4MB) SWAP 0/12002MB (cached 0MB) CPU [3%@1510,2%@1510,2%@1510,1%@1510,2%@1510,2%@1510] GR3D_FREQ 0% cpu@47.687C soc2@46.843C soc0@45.156C gpu@46.843C tj@47.687C soc1@45.218C VDD_IN 4292mW/4290mW VDD_CPU_GPU_CV 992mW/1017mW VDD_SOC 1391mW/1392mW
08-23-2026 05:13:51 RAM 2977/7620MB (lfb 5x4MB) SWAP 0/12002MB (cached 0MB) CPU [2%@1510,1%@1510,2%@1510,0%@1510,0%@1510,0%@1510] GR3D_FREQ 0% cpu@47.593C soc2@46.812C soc0@45.062C gpu@46.843C tj@47.5C soc1@45.343C VDD_IN 4252mW/4290mW VDD_CPU_GPU_CV 992mW/1017mW VDD_SOC 1391mW/1392mW
08-23-2026 05:13:52 RAM 2978/7620MB (lfb 5x4MB) SWAP 0/12002MB (cached 0MB) CPU [2%@1510,1%@1510,3%@1510,3%@1510,4%@1510,1%@1510] GR3D_FREQ 0% cpu@47.718C soc2@46.781C soc0@45.156C gpu@47C tj@47.718C soc1@45.093C VDD_IN 4332mW/4290mW VDD_CPU_GPU_CV 1031mW/1017mW VDD_SOC 1391mW/1392mW
08-23-2026 05:13:53 RAM 2979/7620MB (lfb 5x4MB) SWAP 0/12002MB (cached 0MB) CPU [2%@1510,2%@1510,3%@1510,2%@1510,1%@1510,0%@1510] GR3D_FREQ 0% cpu@47.5C soc2@46.843C soc0@45.218C gpu@46.937C tj@47.5C soc1@45.093C VDD_IN 4292mW/4290mW VDD_CPU_GPU_CV 1031mW/1017mW VDD_SOC 1391mW/1392mW
08-23-2026 05:13:54 RAM 2978/7620MB (lfb 5x4MB) SWAP 0/12002MB (cached 0MB) CPU [2%@1510,2%@1510,3%@1510,1%@1510,2%@1510,0%@1510] GR3D_FREQ 0% cpu@47.531C soc2@46.843C soc0@45.156C gpu@46.968C tj@47.531C soc1@45.281C VDD_IN 4252mW/4290mW VDD_CPU_GPU_CV 992mW/1017mW VDD_SOC 1391mW/1392mW
08-23-2026 05:13:55 RAM 2978/7620MB (lfb 5x4MB) SWAP 0/12002MB (cached 0MB) CPU [2%@1510,1%@1510,2%@1510,1%@1510,1%@1510,2%@1510] GR3D_FREQ 0% cpu@47.593C soc2@46.875C soc0@45.125C gpu@47.031C tj@47.593C soc1@45.156C VDD_IN 4252mW/4289mW VDD_CPU_GPU_CV 992mW/1017mW VDD_SOC 1391mW/1392mW
08-23-2026 05:13:56 RAM 2978/7620MB (lfb 5x4MB) SWAP 0/12002MB (cached 0MB) CPU [2%@1510,3%@1510,2%@1510,1%@1510,0%@1510,2%@1510] GR3D_FREQ 0% cpu@47.5C soc2@46.843C soc0@45.218C gpu@46.875C tj@47.5C soc1@45.281C VDD_IN 4252mW/4289mW VDD_CPU_GPU_CV 992mW/1017mW VDD_SOC 1391mW/1392mW
08-23-2026 05:13:57 RAM 2978/7620MB (lfb 5x4MB) SWAP 0/12002MB (cached 0MB) CPU [2%@1510,0%@1510,3%@1510,1%@1510,2%@1510,4%@1510] GR3D_FREQ 0% cpu@47.687C soc2@46.781C soc0@45.125C gpu@47C tj@47.687C soc1@45.093C VDD_IN 4332mW/4289mW VDD_CPU_GPU_CV 1031mW/1017mW VDD_SOC 1391mW/1392mW
08-23-2026 05:13:58 RAM 2978/7620MB (lfb 5x4MB) SWAP 0/12002MB (cached 0MB) CPU [2%@1510,3%@1510,3%@1510,1%@1510,2%@1510,1%@1510] GR3D_FREQ 0% cpu@47.406C soc2@46.843C soc0@45.218C gpu@47.031C tj@47.406C soc1@45.125C VDD_IN 4292mW/4289mW VDD_CPU_GPU_CV 1031mW/1017mW VDD_SOC 1391mW/1392mW
08-23-2026 05:13:59 RAM 2978/7620MB (lfb 5x4MB) SWAP 0/12002MB (cached 0MB) CPU [3%@1510,1%@1510,3%@1510,0%@1510,0%@1510,2%@1510] GR3D_FREQ 0% cpu@47.468C soc2@46.812C soc0@45.218C gpu@46.843C tj@47.468C soc1@45.156C VDD_IN 4252mW/4289mW VDD_CPU_GPU_CV 992mW/1017mW VDD_SOC 1391mW/1392mW
08-23-2026 05:14:00 RAM 2978/7620MB (lfb 5x4MB) SWAP 0/12002MB (cached 0MB) CPU [1%@1510,1%@1510,3%@1510,0%@1510,0%@1510,0%@1510] GR3D_FREQ 0% cpu@47.406C soc2@46.843C soc0@45.062C gpu@46.75C tj@47.593C soc1@45.125C VDD_IN 4252mW/4289mW VDD_CPU_GPU_CV 992mW/1017mW VDD_SOC 1391mW/1392mW
08-23-2026 05:14:01 RAM 2978/7620MB (lfb 5x4MB) SWAP 0/12002MB (cached 0MB) CPU [1%@1510,0%@1510,3%@1510,2%@1510,1%@1510,1%@1510] GR3D_FREQ 0% cpu@47.468C soc2@46.843C soc0@45.093C gpu@46.812C tj@47.468C soc1@45.281C VDD_IN 4252mW/4289mW VDD_CPU_GPU_CV 992mW/1016mW VDD_SOC 1391mW/1392mW
08-23-2026 05:14:02 RAM 2977/7620MB (lfb 5x4MB) SWAP 0/12002MB (cached 0MB) CPU [3%@1510,1%@1510,4%@1510,2%@1510,1%@1510,3%@1510] GR3D_FREQ 0% cpu@47.75C soc2@46.843C soc0@45.125C gpu@46.781C tj@47.75C soc1@45.312C VDD_IN 4332mW/4289mW VDD_CPU_GPU_CV 1031mW/1017mW VDD_SOC 1391mW/1392mW
08-23-2026 05:14:03 RAM 2977/7620MB (lfb 5x4MB) SWAP 0/12002MB (cached 0MB) CPU [1%@1510,1%@1510,3%@1510,2%@1510,2%@1510,2%@1510] GR3D_FREQ 0% cpu@47.437C soc2@46.843C soc0@45.25C gpu@46.75C tj@47.437C soc1@45.062C VDD_IN 4332mW/4289mW VDD_CPU_GPU_CV 1031mW/1017mW VDD_SOC 1391mW/1392mW
08-23-2026 05:14:04 RAM 2977/7620MB (lfb 5x4MB) SWAP 0/12002MB (cached 0MB) CPU [1%@1510,0%@1510,3%@1510,1%@1510,2%@1510,1%@1510] GR3D_FREQ 0% cpu@47.468C soc2@46.812C soc0@45.187C gpu@46.812C tj@47.468C soc1@45.093C VDD_IN 4292mW/4289mW VDD_CPU_GPU_CV 992mW/1016mW VDD_SOC 1391mW/1392mW
08-23-2026 05:14:05 RAM 2977/7620MB (lfb 5x4MB) SWAP 0/12002MB (cached 0MB) CPU [2%@1510,1%@1510,3%@1510,1%@1510,0%@1510,1%@1510] GR3D_FREQ 0% cpu@47.375C soc2@46.812C soc0@45.312C gpu@46.843C tj@47.375C soc1@45.093C VDD_IN 4292mW/4289mW VDD_CPU_GPU_CV 992mW/1016mW VDD_SOC 1391mW/1392mW
08-23-2026 05:14:06 RAM 2977/7620MB (lfb 5x4MB) SWAP 0/12002MB (cached 0MB) CPU [2%@1510,0%@1510,3%@1510,0%@1510,1%@1510,1%@1510] GR3D_FREQ 0% cpu@47.531C soc2@46.875C soc0@45.156C gpu@46.75C tj@47.531C soc1@45.281C VDD_IN 4252mW/4289mW VDD_CPU_GPU_CV 992mW/1016mW VDD_SOC 1391mW/1392mW
08-23-2026 05:14:07 RAM 2977/7620MB (lfb 5x4MB) SWAP 0/12002MB (cached 0MB) CPU [3%@1510,1%@1510,4%@1510,2%@1510,3%@1510,2%@1510] GR3D_FREQ 0% cpu@47.75C soc2@46.781C soc0@45.125C gpu@46.843C tj@47.75C soc1@45.343C VDD_IN 4371mW/4289mW VDD_CPU_GPU_CV 1071mW/1017mW VDD_SOC 1391mW/1392mW
08-23-2026 05:14:08 RAM 2976/7620MB (lfb 5x4MB) SWAP 0/12002MB (cached 0MB) CPU [2%@1510,1%@1510,4%@1510,2%@1510,2%@1510,2%@1510] GR3D_FREQ 0% cpu@47.406C soc2@46.781C soc0@45.156C gpu@47.093C tj@47.406C soc1@45.093C VDD_IN 4332mW/4290mW VDD_CPU_GPU_CV 1031mW/1017mW VDD_SOC 1391mW/1392mW
08-23-2026 05:14:09 RAM 2976/7620MB (lfb 5x4MB) SWAP 0/12002MB (cached 0MB) CPU [1%@1510,1%@1510,3%@1510,1%@1510,0%@1510,0%@1510] GR3D_FREQ 0% cpu@47.437C soc2@46.781C soc0@45.218C gpu@47.187C tj@47.437C soc1@45.125C VDD_IN 4292mW/4290mW VDD_CPU_GPU_CV 992mW/1016mW VDD_SOC 1391mW/1392mW
08-23-2026 05:14:10 RAM 2976/7620MB (lfb 5x4MB) SWAP 0/12002MB (cached 0MB) CPU [2%@1510,1%@1510,3%@1510,1%@1510,2%@1510,0%@1510] GR3D_FREQ 0% cpu@47.406C soc2@46.843C soc0@45.343C gpu@47.093C tj@47.406C soc1@45.125C VDD_IN 4252mW/4290mW VDD_CPU_GPU_CV 992mW/1016mW VDD_SOC 1391mW/1392mW
08-23-2026 05:14:11 RAM 2976/7620MB (lfb 5x4MB) SWAP 0/12002MB (cached 0MB) CPU [2%@1510,1%@1510,3%@1510,0%@1510,1%@1510,2%@1510] GR3D_FREQ 0% cpu@47.437C soc2@46.843C soc0@45.062C gpu@47.218C tj@47.437C soc1@45.187C VDD_IN 4252mW/4289mW VDD_CPU_GPU_CV 992mW/1016mW VDD_SOC 1391mW/1392mW
08-23-2026 05:14:12 RAM 2976/7620MB (lfb 5x4MB) SWAP 0/12002MB (cached 0MB) CPU [2%@1510,1%@1510,4%@1510,2%@1510,3%@1510,3%@1510] GR3D_FREQ 0% cpu@47.75C soc2@46.843C soc0@45.062C gpu@47.281C tj@47.75C soc1@45.25C VDD_IN 4332mW/4290mW VDD_CPU_GPU_CV 1031mW/1016mW VDD_SOC 1391mW/1392mW
08-23-2026 05:14:13 RAM 2976/7620MB (lfb 5x4MB) SWAP 0/12002MB (cached 0MB) CPU [2%@1510,1%@1510,4%@1510,0%@1510,2%@1510,0%@1510] GR3D_FREQ 0% cpu@47.468C soc2@46.781C soc0@45.187C gpu@47.25C tj@47.468C soc1@45.125C VDD_IN 4292mW/4290mW VDD_CPU_GPU_CV 1031mW/1016mW VDD_SOC 1391mW/1392mW
08-23-2026 05:14:14 RAM 2976/7620MB (lfb 5x4MB) SWAP 0/12002MB (cached 0MB) CPU [1%@1510,1%@1510,4%@1510,2%@1510,2%@1510,0%@1510] GR3D_FREQ 0% cpu@47.781C soc2@46.843C soc0@45.25C gpu@46.687C tj@47.781C soc1@45.093C VDD_IN 4252mW/4289mW VDD_CPU_GPU_CV 992mW/1016mW VDD_SOC 1391mW/1392mW
08-23-2026 05:14:15 RAM 2976/7620MB (lfb 5x4MB) SWAP 0/12002MB (cached 0MB) CPU [3%@1510,0%@1510,4%@1510,0%@1510,1%@1510,1%@1510] GR3D_FREQ 0% cpu@47.5C soc2@46.843C soc0@45.312C gpu@46.75C tj@47.5C soc1@45.093C VDD_IN 4252mW/4289mW VDD_CPU_GPU_CV 992mW/1016mW VDD_SOC 1391mW/1392mW
08-23-2026 05:14:16 RAM 2976/7620MB (lfb 5x4MB) SWAP 0/12002MB (cached 0MB) CPU [2%@1510,1%@1510,3%@1510,0%@1510,1%@1510,3%@1510] GR3D_FREQ 0% cpu@47.531C soc2@46.843C soc0@45C gpu@46.718C tj@47.531C soc1@45.218C VDD_IN 4252mW/4289mW VDD_CPU_GPU_CV 992mW/1016mW VDD_SOC 1391mW/1392mW
08-23-2026 05:14:17 RAM 2977/7620MB (lfb 5x4MB) SWAP 0/12002MB (cached 0MB) CPU [2%@1510,1%@1510,3%@1510,2%@1510,3%@1510,3%@1510] GR3D_FREQ 0% cpu@47.718C soc2@46.843C soc0@45.093C gpu@46.843C tj@47.718C soc1@45.25C VDD_IN 4332mW/4289mW VDD_CPU_GPU_CV 1031mW/1016mW VDD_SOC 1391mW/1392mW
08-23-2026 05:14:18 RAM 2978/7620MB (lfb 5x4MB) SWAP 0/12002MB (cached 0MB) CPU [2%@1510,1%@1510,3%@1510,0%@1510,2%@1510,2%@1510] GR3D_FREQ 0% cpu@47.437C soc2@46.75C soc0@45.156C gpu@46.906C tj@47.437C soc1@45.25C VDD_IN 4292mW/4289mW VDD_CPU_GPU_CV 1031mW/1016mW VDD_SOC 1391mW/1392mW
08-23-2026 05:14:19 RAM 2978/7620MB (lfb 5x4MB) SWAP 0/12002MB (cached 0MB) CPU [2%@1510,1%@1510,3%@1510,2%@1510,1%@1510,0%@1510] GR3D_FREQ 0% cpu@47.718C soc2@46.843C soc0@45.187C gpu@46.968C tj@47.718C soc1@45.093C VDD_IN 4292mW/4289mW VDD_CPU_GPU_CV 992mW/1016mW VDD_SOC 1391mW/1392mW
08-23-2026 05:14:20 RAM 2978/7620MB (lfb 5x4MB) SWAP 0/12002MB (cached 0MB) CPU [3%@1510,0%@1510,3%@1510,2%@1510,1%@1510,1%@1510] GR3D_FREQ 0% cpu@47.343C soc2@46.781C soc0@45.25C gpu@46.875C tj@47.343C soc1@45.031C VDD_IN 4252mW/4289mW VDD_CPU_GPU_CV 992mW/1016mW VDD_SOC 1391mW/1392mW
08-23-2026 05:14:21 RAM 2978/7620MB (lfb 5x4MB) SWAP 0/12002MB (cached 0MB) CPU [2%@1510,1%@1510,2%@1510,1%@1510,1%@1510,0%@1510] GR3D_FREQ 0% cpu@47.593C soc2@46.843C soc0@45.062C gpu@46.937C tj@47.593C soc1@45.093C VDD_IN 4292mW/4289mW VDD_CPU_GPU_CV 992mW/1016mW VDD_SOC 1391mW/1392mW
08-23-2026 05:14:22 RAM 2978/7620MB (lfb 5x4MB) SWAP 0/12002MB (cached 0MB) CPU [2%@1510,1%@1510,6%@1510,1%@1510,2%@1510,2%@1510] GR3D_FREQ 0% cpu@47.687C soc2@46.875C soc0@45.156C gpu@46.968C tj@47.687C soc1@45.218C VDD_IN 4332mW/4289mW VDD_CPU_GPU_CV 1031mW/1016mW VDD_SOC 1391mW/1392mW
08-23-2026 05:14:23 RAM 2977/7620MB (lfb 5x4MB) SWAP 0/12002MB (cached 0MB) CPU [1%@1510,1%@1510,5%@1510,1%@1510,0%@1510,2%@1510] GR3D_FREQ 0% cpu@47.562C soc2@46.843C soc0@45.093C gpu@47.031C tj@47.562C soc1@45.312C VDD_IN 4292mW/4289mW VDD_CPU_GPU_CV 1031mW/1016mW VDD_SOC 1391mW/1392mW
08-23-2026 05:14:24 RAM 2977/7620MB (lfb 5x4MB) SWAP 0/12002MB (cached 0MB) CPU [4%@1510,1%@1510,3%@1510,1%@1510,0%@1510,2%@1510] GR3D_FREQ 0% cpu@47.718C soc2@46.843C soc0@45.156C gpu@47.031C tj@47.718C soc1@45.031C VDD_IN 4252mW/4289mW VDD_CPU_GPU_CV 992mW/1016mW VDD_SOC 1391mW/1392mW
08-23-2026 05:14:25 RAM 2977/7620MB (lfb 5x4MB) SWAP 0/12002MB (cached 0MB) CPU [0%@1510,0%@1510,5%@1510,1%@1510,2%@1510,1%@1510] GR3D_FREQ 0% cpu@47.406C soc2@46.843C soc0@45.218C gpu@47.031C tj@47.406C soc1@45.156C VDD_IN 4292mW/4289mW VDD_CPU_GPU_CV 992mW/1016mW VDD_SOC 1391mW/1392mW
08-23-2026 05:14:26 RAM 2977/7620MB (lfb 5x4MB) SWAP 0/12002MB (cached 0MB) CPU [0%@1510,0%@1510,3%@1510,1%@1510,1%@1510,1%@1510] GR3D_FREQ 0% cpu@47.468C soc2@46.843C soc0@45.281C gpu@46.812C tj@47.468C soc1@45.156C VDD_IN 4252mW/4289mW VDD_CPU_GPU_CV 992mW/1016mW VDD_SOC 1391mW/1392mW
08-23-2026 05:14:27 RAM 2978/7620MB (lfb 5x4MB) SWAP 0/12002MB (cached 0MB) CPU [3%@1510,1%@1510,3%@1510,5%@1510,4%@1510,2%@1510] GR3D_FREQ 0% cpu@47.656C soc2@46.843C soc0@45.125C gpu@46.781C tj@47.656C soc1@45.25C VDD_IN 4332mW/4289mW VDD_CPU_GPU_CV 1031mW/1016mW VDD_SOC 1391mW/1392mW
08-23-2026 05:14:28 RAM 2977/7620MB (lfb 5x4MB) SWAP 0/12002MB (cached 0MB) CPU [0%@1510,2%@1510,4%@1510,2%@1510,2%@1510,1%@1510] GR3D_FREQ 0% cpu@47.593C soc2@46.812C soc0@45.156C gpu@46.812C tj@47.593C soc1@45.343C VDD_IN 4292mW/4289mW VDD_CPU_GPU_CV 1031mW/1016mW VDD_SOC 1391mW/1392mW
08-23-2026 05:14:29 RAM 2977/7620MB (lfb 5x4MB) SWAP 0/12002MB (cached 0MB) CPU [1%@1510,0%@1510,4%@1510,1%@1510,1%@1510,1%@1510] GR3D_FREQ 0% cpu@47.75C soc2@46.812C soc0@45.156C gpu@46.843C tj@47.75C soc1@45.093C VDD_IN 4292mW/4289mW VDD_CPU_GPU_CV 1031mW/1016mW VDD_SOC 1391mW/1392mW
08-23-2026 05:14:30 RAM 2977/7620MB (lfb 5x4MB) SWAP 0/12002MB (cached 0MB) CPU [3%@1510,2%@1510,4%@1510,2%@1510,2%@1510,1%@1510] GR3D_FREQ 0% cpu@47.437C soc2@46.812C soc0@45.218C gpu@46.781C tj@47.437C soc1@45.125C VDD_IN 4292mW/4289mW VDD_CPU_GPU_CV 1031mW/1016mW VDD_SOC 1391mW/1392mW
08-23-2026 05:14:31 RAM 2977/7620MB (lfb 5x4MB) SWAP 0/12002MB (cached 0MB) CPU [0%@1510,1%@1510,2%@1510,1%@1510,1%@1510,0%@1510] GR3D_FREQ 0% cpu@47.5C soc2@46.875C soc0@45.25C gpu@46.843C tj@47.5C soc1@45.187C VDD_IN 4252mW/4289mW VDD_CPU_GPU_CV 992mW/1016mW VDD_SOC 1391mW/1392mW
08-23-2026 05:14:32 RAM 2977/7620MB (lfb 5x4MB) SWAP 0/12002MB (cached 0MB) CPU [1%@1510,1%@1510,3%@1510,2%@1510,5%@1510,3%@1510] GR3D_FREQ 0% cpu@47.5C soc2@46.843C soc0@45.187C gpu@46.875C tj@47.656C soc1@45.187C VDD_IN 4332mW/4289mW VDD_CPU_GPU_CV 1031mW/1016mW VDD_SOC 1391mW/1392mW
08-23-2026 05:14:33 RAM 2977/7620MB (lfb 5x4MB) SWAP 0/12002MB (cached 0MB) CPU [2%@1510,0%@1510,3%@1510,2%@1510,2%@1510,2%@1510] GR3D_FREQ 0% cpu@47.562C soc2@46.875C soc0@45.125C gpu@46.906C tj@47.562C soc1@45.312C VDD_IN 4292mW/4289mW VDD_CPU_GPU_CV 1031mW/1016mW VDD_SOC 1391mW/1392mW
08-23-2026 05:14:34 RAM 2977/7620MB (lfb 5x4MB) SWAP 0/12002MB (cached 0MB) CPU [1%@1510,0%@1510,2%@1510,0%@1510,3%@1510,2%@1510] GR3D_FREQ 0% cpu@47.75C soc2@46.812C soc0@45.093C gpu@47.187C tj@47.75C soc1@45.031C VDD_IN 4252mW/4289mW VDD_CPU_GPU_CV 992mW/1016mW VDD_SOC 1391mW/1392mW
08-23-2026 05:14:35 RAM 2977/7620MB (lfb 5x4MB) SWAP 0/12002MB (cached 0MB) CPU [2%@1510,0%@1510,1%@1510,2%@1510,3%@1510,1%@1510] GR3D_FREQ 0% cpu@47.5C soc2@46.843C soc0@45.25C gpu@47.218C tj@47.5C soc1@45.156C VDD_IN 4252mW/4289mW VDD_CPU_GPU_CV 992mW/1016mW VDD_SOC 1391mW/1392mW
08-23-2026 05:14:36 RAM 2978/7620MB (lfb 5x4MB) SWAP 0/12002MB (cached 0MB) CPU [26%@1510,2%@1510,3%@1510,2%@1510,5%@1510,2%@1510] GR3D_FREQ 0% cpu@47.75C soc2@46.875C soc0@45.343C gpu@47.281C tj@47.75C soc1@45.125C VDD_IN 4729mW/4291mW VDD_CPU_GPU_CV 1307mW/1017mW VDD_SOC 1428mW/1392mW
08-23-2026 05:14:37 RAM 2975/7620MB (lfb 5x4MB) SWAP 0/12002MB (cached 0MB) CPU [100%@1510,10%@1510,2%@1510,9%@1510,10%@1510,11%@1510] GR3D_FREQ 0% cpu@47.843C soc2@47C soc0@45.125C gpu@46.812C tj@48.062C soc1@45.281C VDD_IN 5198mW/4294mW VDD_CPU_GPU_CV 1624mW/1019mW VDD_SOC 1428mW/1392mW
08-23-2026 05:14:38 RAM 2974/7620MB (lfb 5x4MB) SWAP 0/12002MB (cached 0MB) CPU [18%@1510,0%@1510,1%@1510,1%@1510,1%@1510,0%@1510] GR3D_FREQ 0% cpu@47.625C soc2@46.843C soc0@45.187C gpu@46.875C tj@47.625C soc1@45.312C VDD_IN 4371mW/4295mW VDD_CPU_GPU_CV 1071mW/1020mW VDD_SOC 1391mW/1392mW
08-23-2026 05:14:39 RAM 2974/7620MB (lfb 5x4MB) SWAP 0/12002MB (cached 0MB) CPU [1%@1510,0%@1510,1%@1510,0%@1510,0%@1510,0%@1510] GR3D_FREQ 0% cpu@47.781C soc2@46.843C soc0@45.281C gpu@46.812C tj@47.781C soc1@45.156C VDD_IN 4212mW/4294mW VDD_CPU_GPU_CV 952mW/1019mW VDD_SOC 1391mW/1392mW
08-23-2026 05:14:40 RAM 2974/7620MB (lfb 5x4MB) SWAP 0/12002MB (cached 0MB) CPU [1%@1510,0%@1510,0%@1510,0%@1510,0%@1510,0%@1510] GR3D_FREQ 0% cpu@47.593C soc2@46.906C soc0@45.25C gpu@46.812C tj@47.593C soc1@45.125C VDD_IN 4212mW/4294mW VDD_CPU_GPU_CV 952mW/1019mW VDD_SOC 1391mW/1392mW
08-23-2026 05:14:41 RAM 2974/7620MB (lfb 5x4MB) SWAP 0/12002MB (cached 0MB) CPU [0%@1510,0%@1510,0%@1510,0%@1510,0%@1510,0%@1510] GR3D_FREQ 0% cpu@47.375C soc2@46.875C soc0@45.312C gpu@46.843C tj@47.531C soc1@45.187C VDD_IN 4212mW/4294mW VDD_CPU_GPU_CV 952mW/1019mW VDD_SOC 1391mW/1392mW
08-23-2026 05:14:42 RAM 2974/7620MB (lfb 5x4MB) SWAP 0/12002MB (cached 0MB) CPU [0%@1510,0%@1510,3%@1510,0%@1510,0%@1510,2%@1510] GR3D_FREQ 0% cpu@47.468C soc2@46.875C soc0@45.062C gpu@46.843C tj@47.468C soc1@45.156C VDD_IN 4252mW/4294mW VDD_CPU_GPU_CV 992mW/1019mW VDD_SOC 1391mW/1392mW
08-23-2026 05:14:43 RAM 2974/7620MB (lfb 5x4MB) SWAP 0/12002MB (cached 0MB) CPU [0%@1510,0%@1510,0%@1510,0%@1510,0%@1510,1%@1510] GR3D_FREQ 0% cpu@47.593C soc2@46.906C soc0@45.156C gpu@46.968C tj@47.593C soc1@45.25C VDD_IN 4212mW/4293mW VDD_CPU_GPU_CV 992mW/1019mW VDD_SOC 1391mW/1392mW
08-23-2026 05:14:44 RAM 2974/7620MB (lfb 5x4MB) SWAP 0/12002MB (cached 0MB) CPU [1%@1510,0%@1510,0%@1510,0%@1510,0%@1510,0%@1510] GR3D_FREQ 0% cpu@47.75C soc2@46.843C soc0@45.125C gpu@47.031C tj@47.75C soc1@45.312C VDD_IN 4212mW/4293mW VDD_CPU_GPU_CV 952mW/1018mW VDD_SOC 1391mW/1392mW
08-23-2026 05:14:45 RAM 2974/7620MB (lfb 5x4MB) SWAP 0/12002MB (cached 0MB) CPU [0%@1510,0%@1510,0%@1510,0%@1510,0%@1510,0%@1510] GR3D_FREQ 0% cpu@47.593C soc2@46.843C soc0@45.25C gpu@46.968C tj@47.5C soc1@45.187C VDD_IN 4212mW/4293mW VDD_CPU_GPU_CV 952mW/1018mW VDD_SOC 1391mW/1392mW
08-23-2026 05:14:46 RAM 2316/7620MB (lfb 26x4MB) SWAP 0/12002MB (cached 0MB) CPU [0%@1510,2%@1510,3%@1510,0%@1510,0%@1510,1%@1510] GR3D_FREQ 0% cpu@47.375C soc2@46.812C soc0@45.218C gpu@47.031C tj@47.375C soc1@45.093C VDD_IN 4252mW/4292mW VDD_CPU_GPU_CV 992mW/1018mW VDD_SOC 1391mW/1392mW
08-23-2026 05:14:47 RAM 2317/7620MB (lfb 26x4MB) SWAP 0/12002MB (cached 0MB) CPU [0%@1510,0%@1510,1%@1510,1%@1510,0%@1510,3%@1510] GR3D_FREQ 0% cpu@47.375C soc2@46.843C soc0@45.218C gpu@47.031C tj@47.375C soc1@45.125C VDD_IN 4252mW/4292mW VDD_CPU_GPU_CV 992mW/1018mW VDD_SOC 1391mW/1392mW
08-23-2026 05:14:48 RAM 2317/7620MB (lfb 26x4MB) SWAP 0/12002MB (cached 0MB) CPU [0%@1510,0%@1510,0%@1510,0%@1510,0%@1510,1%@1510] GR3D_FREQ 0% cpu@47.531C soc2@46.843C soc0@45.125C gpu@47.062C tj@47.531C soc1@45.125C VDD_IN 4212mW/4292mW VDD_CPU_GPU_CV 952mW/1018mW VDD_SOC 1391mW/1392mW
08-23-2026 05:14:49 RAM 2319/7620MB (lfb 26x4MB) SWAP 0/12002MB (cached 0MB) CPU [0%@1510,0%@1510,0%@1510,0%@1510,0%@1510,0%@1510] GR3D_FREQ 0% cpu@47.687C soc2@46.781C soc0@45.125C gpu@47.125C tj@47.687C soc1@45.218C VDD_IN 4212mW/4292mW VDD_CPU_GPU_CV 952mW/1017mW VDD_SOC 1391mW/1392mW
