08-09-2026 23:58:30 RAM 3068/7620MB (lfb 24x4MB) SWAP 2/12002MB (cached 0MB) CPU [1%@1510,1%@1510,0%@1510,0%@1510,0%@1510,0%@1510] GR3D_FREQ 0% cpu@46.656C soc2@46.031C soc0@44.406C gpu@46.375C tj@46.656C soc1@44.312C VDD_IN 4113mW/4113mW VDD_CPU_GPU_CV 996mW/996mW VDD_SOC 1397mW/1397mW
08-09-2026 23:58:31 RAM 3069/7620MB (lfb 24x4MB) SWAP 2/12002MB (cached 0MB) CPU [2%@1510,0%@1510,2%@1510,0%@1510,0%@1510,0%@1510] GR3D_FREQ 0% cpu@46.625C soc2@46.062C soc0@44.406C gpu@46.375C tj@46.625C soc1@44.437C VDD_IN 4153mW/4133mW VDD_CPU_GPU_CV 996mW/996mW VDD_SOC 1397mW/1397mW
08-09-2026 23:58:32 RAM 3068/7620MB (lfb 24x4MB) SWAP 2/12002MB (cached 0MB) CPU [1%@1510,0%@1510,1%@1510,0%@1510,1%@1510,1%@1510] GR3D_FREQ 0% cpu@46.875C soc2@46C soc0@44.406C gpu@46.375C tj@46.875C soc1@44.25C VDD_IN 4113mW/4126mW VDD_CPU_GPU_CV 996mW/996mW VDD_SOC 1397mW/1397mW
08-09-2026 23:58:33 RAM 3068/7620MB (lfb 24x4MB) SWAP 2/12002MB (cached 0MB) CPU [0%@1510,1%@1510,0%@1510,0%@1510,0%@1510,0%@1510] GR3D_FREQ 0% cpu@46.593C soc2@46.031C soc0@44.562C gpu@46.406C tj@46.593C soc1@44.187C VDD_IN 4113mW/4123mW VDD_CPU_GPU_CV 956mW/986mW VDD_SOC 1397mW/1397mW
08-09-2026 23:58:34 RAM 3068/7620MB (lfb 24x4MB) SWAP 2/12002MB (cached 0MB) CPU [0%@1510,0%@1510,0%@1510,0%@1510,0%@1510,0%@1510] GR3D_FREQ 0% cpu@46.875C soc2@46.031C soc0@44.281C gpu@46.375C tj@46.875C soc1@44.25C VDD_IN 4073mW/4113mW VDD_CPU_GPU_CV 956mW/980mW VDD_SOC 1397mW/1397mW
08-09-2026 23:58:35 RAM 3068/7620MB (lfb 24x4MB) SWAP 2/12002MB (cached 0MB) CPU [1%@1510,1%@1510,0%@1510,0%@1510,0%@1510,0%@1510] GR3D_FREQ 0% cpu@46.687C soc2@45.968C soc0@44.312C gpu@45.937C tj@46.687C soc1@44.281C VDD_IN 4073mW/4106mW VDD_CPU_GPU_CV 956mW/976mW VDD_SOC 1397mW/1397mW
08-09-2026 23:58:36 RAM 3068/7620MB (lfb 24x4MB) SWAP 2/12002MB (cached 0MB) CPU [2%@1510,0%@1510,0%@1510,0%@1510,0%@1510,0%@1510] GR3D_FREQ 0% cpu@46.687C soc2@45.968C soc0@44.312C gpu@45.937C tj@46.687C soc1@44.375C VDD_IN 4073mW/4101mW VDD_CPU_GPU_CV 956mW/973mW VDD_SOC 1397mW/1397mW
08-09-2026 23:58:37 RAM 3068/7620MB (lfb 24x4MB) SWAP 2/12002MB (cached 0MB) CPU [0%@1510,1%@1510,0%@1510,0%@1510,0%@1510,1%@1510] GR3D_FREQ 0% cpu@46.593C soc2@46.031C soc0@44.375C gpu@45.906C tj@46.812C soc1@44.406C VDD_IN 4113mW/4103mW VDD_CPU_GPU_CV 956mW/971mW VDD_SOC 1397mW/1397mW
08-09-2026 23:58:38 RAM 3068/7620MB (lfb 24x4MB) SWAP 2/12002MB (cached 0MB) CPU [1%@1510,1%@1510,0%@1510,0%@1510,0%@1510,0%@1510] GR3D_FREQ 0% cpu@46.656C soc2@46.093C soc0@44.5C gpu@45.937C tj@46.656C soc1@44.281C VDD_IN 4113mW/4104mW VDD_CPU_GPU_CV 996mW/973mW VDD_SOC 1397mW/1397mW
08-09-2026 23:58:39 RAM 3068/7620MB (lfb 24x4MB) SWAP 2/12002MB (cached 0MB) CPU [0%@1510,1%@1510,0%@1510,0%@1510,0%@1510,0%@1510] GR3D_FREQ 0% cpu@46.906C soc2@45.937C soc0@44.406C gpu@45.968C tj@46.906C soc1@44.343C VDD_IN 4073mW/4101mW VDD_CPU_GPU_CV 956mW/972mW VDD_SOC 1397mW/1397mW
08-09-2026 23:58:40 RAM 3068/7620MB (lfb 24x4MB) SWAP 2/12002MB (cached 0MB) CPU [2%@1510,1%@1510,0%@1510,0%@1510,1%@1510,1%@1510] GR3D_FREQ 0% cpu@46.75C soc2@45.937C soc0@44.25C gpu@45.968C tj@46.656C soc1@44.281C VDD_IN 4113mW/4102mW VDD_CPU_GPU_CV 996mW/974mW VDD_SOC 1397mW/1397mW
08-09-2026 23:58:41 RAM 3068/7620MB (lfb 24x4MB) SWAP 2/12002MB (cached 0MB) CPU [1%@1510,1%@1510,0%@1510,0%@1510,0%@1510,1%@1510] GR3D_FREQ 0% cpu@47C soc2@46.031C soc0@44.375C gpu@46.062C tj@46.593C soc1@44.281C VDD_IN 4113mW/4103mW VDD_CPU_GPU_CV 996mW/976mW VDD_SOC 1397mW/1397mW
08-09-2026 23:58:42 RAM 3068/7620MB (lfb 24x4MB) SWAP 2/12002MB (cached 0MB) CPU [1%@1510,0%@1510,0%@1510,0%@1510,0%@1510,0%@1510] GR3D_FREQ 0% cpu@46.656C soc2@46.093C soc0@44.406C gpu@45.968C tj@46.656C soc1@44.312C VDD_IN 4113mW/4103mW VDD_CPU_GPU_CV 996mW/977mW VDD_SOC 1397mW/1397mW
08-09-2026 23:58:43 RAM 3068/7620MB (lfb 24x4MB) SWAP 2/12002MB (cached 0MB) CPU [2%@1510,0%@1510,0%@1510,0%@1510,0%@1510,1%@1510] GR3D_FREQ 0% cpu@46.75C soc2@46.093C soc0@44.437C gpu@45.968C tj@46.75C soc1@44.375C VDD_IN 4113mW/4104mW VDD_CPU_GPU_CV 956mW/976mW VDD_SOC 1397mW/1397mW
08-09-2026 23:58:44 RAM 3068/7620MB (lfb 24x4MB) SWAP 2/12002MB (cached 0MB) CPU [0%@1510,1%@1510,0%@1510,0%@1510,1%@1510,0%@1510] GR3D_FREQ 0% cpu@46.843C soc2@46.125C soc0@44.406C gpu@45.968C tj@46.843C soc1@44.25C VDD_IN 4113mW/4105mW VDD_CPU_GPU_CV 956mW/974mW VDD_SOC 1397mW/1397mW
08-09-2026 23:58:45 RAM 3068/7620MB (lfb 24x4MB) SWAP 2/12002MB (cached 0MB) CPU [0%@1510,2%@1510,0%@1510,0%@1510,0%@1510,0%@1510] GR3D_FREQ 0% cpu@46.75C soc2@45.968C soc0@44.5C gpu@46C tj@46.75C soc1@44.25C VDD_IN 4073mW/4103mW VDD_CPU_GPU_CV 996mW/976mW VDD_SOC 1397mW/1397mW
08-09-2026 23:58:46 RAM 3068/7620MB (lfb 24x4MB) SWAP 2/12002MB (cached 0MB) CPU [1%@1510,1%@1510,0%@1510,0%@1510,0%@1510,0%@1510] GR3D_FREQ 0% cpu@46.968C soc2@46.031C soc0@44.312C gpu@46.031C tj@46.968C soc1@44.25C VDD_IN 4073mW/4101mW VDD_CPU_GPU_CV 956mW/974mW VDD_SOC 1397mW/1397mW
08-09-2026 23:58:47 RAM 3068/7620MB (lfb 24x4MB) SWAP 2/12002MB (cached 0MB) CPU [0%@1510,1%@1510,0%@1510,0%@1510,0%@1510,0%@1510] GR3D_FREQ 0% cpu@46.687C soc2@45.968C soc0@44.343C gpu@46C tj@46.687C soc1@44.312C VDD_IN 4113mW/4101mW VDD_CPU_GPU_CV 956mW/973mW VDD_SOC 1397mW/1397mW
08-09-2026 23:58:48 RAM 3068/7620MB (lfb 24x4MB) SWAP 2/12002MB (cached 0MB) CPU [0%@1510,1%@1510,0%@1510,0%@1510,0%@1510,0%@1510] GR3D_FREQ 0% cpu@46.656C soc2@46C soc0@44.375C gpu@46C tj@46.656C soc1@44.343C VDD_IN 4073mW/4100mW VDD_CPU_GPU_CV 956mW/972mW VDD_SOC 1397mW/1397mW
08-09-2026 23:58:49 RAM 3068/7620MB (lfb 24x4MB) SWAP 2/12002MB (cached 0MB) CPU [1%@1510,1%@1510,0%@1510,0%@1510,0%@1510,0%@1510] GR3D_FREQ 0% cpu@46.625C soc2@46.062C soc0@44.375C gpu@46.031C tj@46.625C soc1@44.375C VDD_IN 4113mW/4101mW VDD_CPU_GPU_CV 956mW/972mW VDD_SOC 1397mW/1397mW
08-09-2026 23:58:50 RAM 3068/7620MB (lfb 24x4MB) SWAP 2/12002MB (cached 0MB) CPU [1%@1510,1%@1510,0%@1510,0%@1510,0%@1510,1%@1510] GR3D_FREQ 0% cpu@46.812C soc2@46C soc0@44.406C gpu@46.281C tj@46.812C soc1@44.281C VDD_IN 4073mW/4099mW VDD_CPU_GPU_CV 956mW/971mW VDD_SOC 1397mW/1397mW
08-09-2026 23:58:51 RAM 3068/7620MB (lfb 24x4MB) SWAP 2/12002MB (cached 0MB) CPU [1%@1510,1%@1510,0%@1510,0%@1510,0%@1510,0%@1510] GR3D_FREQ 0% cpu@46.937C soc2@46.031C soc0@44.437C gpu@46.312C tj@46.937C soc1@44.25C VDD_IN 4073mW/4098mW VDD_CPU_GPU_CV 956mW/970mW VDD_SOC 1397mW/1397mW
08-09-2026 23:58:52 RAM 3068/7620MB (lfb 24x4MB) SWAP 2/12002MB (cached 0MB) CPU [1%@1510,0%@1510,0%@1510,0%@1510,0%@1510,0%@1510] GR3D_FREQ 0% cpu@46.687C soc2@45.875C soc0@44.343C gpu@46.375C tj@46.687C soc1@44.281C VDD_IN 4113mW/4099mW VDD_CPU_GPU_CV 996mW/971mW VDD_SOC 1397mW/1397mW
08-09-2026 23:58:53 RAM 3068/7620MB (lfb 24x4MB) SWAP 2/12002MB (cached 0MB) CPU [1%@1510,0%@1510,0%@1510,0%@1510,0%@1510,0%@1510] GR3D_FREQ 0% cpu@46.531C soc2@45.968C soc0@44.375C gpu@46.375C tj@46.531C soc1@44.343C VDD_IN 4113mW/4099mW VDD_CPU_GPU_CV 956mW/971mW VDD_SOC 1397mW/1397mW
08-09-2026 23:58:54 RAM 3068/7620MB (lfb 24x4MB) SWAP 2/12002MB (cached 0MB) CPU [0%@1510,1%@1510,0%@1510,0%@1510,0%@1510,0%@1510] GR3D_FREQ 0% cpu@46.656C soc2@45.968C soc0@44.343C gpu@46.375C tj@46.656C soc1@44.375C VDD_IN 4113mW/4100mW VDD_CPU_GPU_CV 996mW/972mW VDD_SOC 1397mW/1397mW
08-09-2026 23:58:55 RAM 3068/7620MB (lfb 24x4MB) SWAP 2/12002MB (cached 0MB) CPU [1%@1510,1%@1510,0%@1510,0%@1510,0%@1510,0%@1510] GR3D_FREQ 0% cpu@46.718C soc2@46.093C soc0@44.312C gpu@46.437C tj@46.718C soc1@44.531C VDD_IN 4113mW/4100mW VDD_CPU_GPU_CV 996mW/972mW VDD_SOC 1397mW/1397mW
08-09-2026 23:58:56 RAM 3068/7620MB (lfb 24x4MB) SWAP 2/12002MB (cached 0MB) CPU [1%@1510,1%@1510,0%@1510,0%@1510,1%@1510,0%@1510] GR3D_FREQ 0% cpu@47.062C soc2@46.062C soc0@44.437C gpu@45.968C tj@47.062C soc1@44.312C VDD_IN 4073mW/4099mW VDD_CPU_GPU_CV 956mW/972mW VDD_SOC 1397mW/1397mW
08-09-2026 23:58:57 RAM 3068/7620MB (lfb 24x4MB) SWAP 2/12002MB (cached 0MB) CPU [1%@1510,0%@1510,0%@1510,1%@1510,0%@1510,0%@1510] GR3D_FREQ 0% cpu@46.781C soc2@45.968C soc0@44.468C gpu@45.906C tj@46.781C soc1@44.281C VDD_IN 4113mW/4100mW VDD_CPU_GPU_CV 996mW/973mW VDD_SOC 1397mW/1397mW
08-09-2026 23:58:58 RAM 3068/7620MB (lfb 24x4MB) SWAP 2/12002MB (cached 0MB) CPU [1%@1510,1%@1510,0%@1510,0%@1510,0%@1510,0%@1510] GR3D_FREQ 0% cpu@46.625C soc2@46.031C soc0@44.343C gpu@45.968C tj@46.625C soc1@44.281C VDD_IN 4073mW/4099mW VDD_CPU_GPU_CV 996mW/973mW VDD_SOC 1397mW/1397mW
08-09-2026 23:58:59 RAM 3075/7620MB (lfb 24x4MB) SWAP 2/12002MB (cached 0MB) CPU [7%@1510,7%@1510,6%@1510,7%@1510,7%@1510,16%@1510] GR3D_FREQ 0% cpu@47.031C soc2@46.062C soc0@44.343C gpu@46C tj@47.031C soc1@44.375C VDD_IN 4784mW/4122mW VDD_CPU_GPU_CV 1430mW/989mW VDD_SOC 1393mW/1396mW
08-09-2026 23:59:00 RAM 3229/7620MB (lfb 24x4MB) SWAP 2/12002MB (cached 0MB) CPU [1%@1510,2%@1510,3%@1510,1%@1510,1%@1510,100%@1510] GR3D_FREQ 0% cpu@46.937C soc2@46.062C soc0@44.375C gpu@46C tj@46.937C soc1@44.406C VDD_IN 4999mW/4150mW VDD_CPU_GPU_CV 1545mW/1007mW VDD_SOC 1428mW/1397mW
08-09-2026 23:59:01 RAM 3267/7620MB (lfb 24x4MB) SWAP 2/12002MB (cached 0MB) CPU [15%@1510,2%@1510,4%@1510,0%@1510,1%@1510,100%@1510] GR3D_FREQ 0% cpu@47.093C soc2@46.187C soc0@44.437C gpu@46.093C tj@47.093C soc1@44.562C VDD_IN 5229mW/4184mW VDD_CPU_GPU_CV 1700mW/1028mW VDD_SOC 1465mW/1399mW
08-09-2026 23:59:02 RAM 3289/7620MB (lfb 24x4MB) SWAP 2/12002MB (cached 0MB) CPU [25%@1510,2%@1510,0%@1510,1%@1510,1%@1510,48%@1510] GR3D_FREQ 0% cpu@46.937C soc2@46.093C soc0@44.531C gpu@46.031C tj@46.937C soc1@44.343C VDD_IN 4505mW/4193mW VDD_CPU_GPU_CV 1194mW/1033mW VDD_SOC 1395mW/1399mW
08-09-2026 23:59:03 RAM 3303/7620MB (lfb 24x4MB) SWAP 2/12002MB (cached 0MB) CPU [6%@1510,9%@1510,9%@1510,7%@1510,6%@1510,19%@1510] GR3D_FREQ 0% cpu@47.062C soc2@46.125C soc0@44.406C gpu@46.187C tj@47.062C soc1@44.437C VDD_IN 4737mW/4209mW VDD_CPU_GPU_CV 1470mW/1046mW VDD_SOC 1393mW/1399mW
08-09-2026 23:59:04 RAM 3624/7620MB (lfb 7x1MB) SWAP 2/12002MB (cached 0MB) CPU [3%@1510,2%@1510,5%@1510,5%@1510,10%@1510,89%@1510] GR3D_FREQ 0% cpu@47.125C soc2@46.218C soc0@44.5C gpu@46.187C tj@47.125C soc1@44.468C VDD_IN 5237mW/4239mW VDD_CPU_GPU_CV 1621mW/1062mW VDD_SOC 1505mW/1402mW
08-09-2026 23:59:05 RAM 3703/7620MB (lfb 1x4MB) SWAP 2/12002MB (cached 0MB) CPU [4%@1510,2%@1510,4%@1510,4%@1510,19%@1510,4%@1510] GR3D_FREQ 0% cpu@46.968C soc2@46.156C soc0@44.5C gpu@46.25C tj@46.968C soc1@44.437C VDD_IN 4385mW/4243mW VDD_CPU_GPU_CV 1154mW/1065mW VDD_SOC 1435mW/1403mW
08-09-2026 23:59:06 RAM 3704/7620MB (lfb 1x4MB) SWAP 2/12002MB (cached 0MB) CPU [2%@1510,2%@1510,2%@1510,3%@1510,4%@1510,0%@1510] GR3D_FREQ 0% cpu@46.937C soc2@46.093C soc0@44.531C gpu@46.312C tj@46.937C soc1@44.343C VDD_IN 4193mW/4241mW VDD_CPU_GPU_CV 1036mW/1064mW VDD_SOC 1397mW/1403mW
08-09-2026 23:59:07 RAM 3704/7620MB (lfb 1x4MB) SWAP 2/12002MB (cached 0MB) CPU [2%@1510,1%@1510,2%@1510,1%@1510,4%@1510,1%@1510] GR3D_FREQ 0% cpu@46.843C soc2@46.093C soc0@44.468C gpu@46.281C tj@46.843C soc1@44.375C VDD_IN 4193mW/4240mW VDD_CPU_GPU_CV 996mW/1062mW VDD_SOC 1397mW/1403mW
08-09-2026 23:59:08 RAM 3704/7620MB (lfb 1x4MB) SWAP 2/12002MB (cached 0MB) CPU [2%@1510,1%@1510,2%@1510,2%@1510,5%@1510,2%@1510] GR3D_FREQ 0% cpu@47C soc2@46.093C soc0@44.406C gpu@46.375C tj@47C soc1@44.375C VDD_IN 4153mW/4238mW VDD_CPU_GPU_CV 996mW/1061mW VDD_SOC 1397mW/1403mW
08-09-2026 23:59:09 RAM 3704/7620MB (lfb 1x4MB) SWAP 2/12002MB (cached 0MB) CPU [2%@1510,1%@1510,2%@1510,2%@1510,2%@1510,2%@1510] GR3D_FREQ 0% cpu@46.781C soc2@46.062C soc0@44.5C gpu@46.375C tj@46.781C soc1@44.406C VDD_IN 4153mW/4236mW VDD_CPU_GPU_CV 996mW/1059mW VDD_SOC 1397mW/1402mW
08-09-2026 23:59:10 RAM 3705/7620MB (lfb 1x4MB) SWAP 2/12002MB (cached 0MB) CPU [3%@1510,0%@1510,7%@1510,2%@1510,5%@1510,2%@1510] GR3D_FREQ 0% cpu@46.843C soc2@46.218C soc0@44.437C gpu@46.343C tj@46.843C soc1@44.562C VDD_IN 4233mW/4236mW VDD_CPU_GPU_CV 1076mW/1059mW VDD_SOC 1397mW/1402mW
08-09-2026 23:59:11 RAM 3705/7620MB (lfb 1x4MB) SWAP 2/12002MB (cached 0MB) CPU [2%@1510,1%@1510,0%@1510,2%@1510,4%@1510,3%@1510] GR3D_FREQ 0% cpu@46.968C soc2@46.218C soc0@44.468C gpu@46.156C tj@46.968C soc1@44.375C VDD_IN 4193mW/4235mW VDD_CPU_GPU_CV 1036mW/1059mW VDD_SOC 1397mW/1402mW
08-09-2026 23:59:12 RAM 3705/7620MB (lfb 1x4MB) SWAP 2/12002MB (cached 0MB) CPU [3%@1510,1%@1510,0%@1510,0%@1510,5%@1510,2%@1510] GR3D_FREQ 0% cpu@46.843C soc2@46.156C soc0@44.562C gpu@46.156C tj@46.843C soc1@44.375C VDD_IN 4193mW/4234mW VDD_CPU_GPU_CV 996mW/1057mW VDD_SOC 1397mW/1402mW
08-09-2026 23:59:13 RAM 3705/7620MB (lfb 1x4MB) SWAP 2/12002MB (cached 0MB) CPU [2%@1510,1%@1510,2%@1510,0%@1510,4%@1510,3%@1510] GR3D_FREQ 0% cpu@47.093C soc2@46.125C soc0@44.406C gpu@46.187C tj@47.093C soc1@44.375C VDD_IN 4153mW/4232mW VDD_CPU_GPU_CV 1036mW/1057mW VDD_SOC 1397mW/1402mW
08-09-2026 23:59:14 RAM 3705/7620MB (lfb 1x4MB) SWAP 2/12002MB (cached 0MB) CPU [2%@1510,2%@1510,1%@1510,0%@1510,3%@1510,3%@1510] GR3D_FREQ 0% cpu@46.812C soc2@46.093C soc0@44.437C gpu@46.062C tj@46.812C soc1@44.437C VDD_IN 4153mW/4230mW VDD_CPU_GPU_CV 1036mW/1056mW VDD_SOC 1397mW/1402mW
08-09-2026 23:59:15 RAM 3705/7620MB (lfb 1x4MB) SWAP 2/12002MB (cached 0MB) CPU [2%@1510,3%@1510,2%@1510,4%@1510,4%@1510,3%@1510] GR3D_FREQ 0% cpu@46.906C soc2@46.25C soc0@44.437C gpu@46.156C tj@46.906C soc1@44.531C VDD_IN 4233mW/4230mW VDD_CPU_GPU_CV 1076mW/1057mW VDD_SOC 1397mW/1402mW
08-09-2026 23:59:16 RAM 3701/7620MB (lfb 1x4MB) SWAP 2/12002MB (cached 0MB) CPU [2%@1510,2%@1510,1%@1510,1%@1510,3%@1510,2%@1510] GR3D_FREQ 0% cpu@46.968C soc2@46.218C soc0@44.5C gpu@46.156C tj@46.968C soc1@44.375C VDD_IN 4193mW/4229mW VDD_CPU_GPU_CV 1036mW/1056mW VDD_SOC 1397mW/1402mW
08-09-2026 23:59:17 RAM 3701/7620MB (lfb 1x4MB) SWAP 2/12002MB (cached 0MB) CPU [2%@1510,2%@1510,1%@1510,0%@1510,3%@1510,2%@1510] GR3D_FREQ 0% cpu@46.906C soc2@46.062C soc0@44.593C gpu@46.25C tj@46.906C soc1@44.375C VDD_IN 4193mW/4228mW VDD_CPU_GPU_CV 1036mW/1056mW VDD_SOC 1397mW/1401mW
08-09-2026 23:59:18 RAM 3701/7620MB (lfb 1x4MB) SWAP 2/12002MB (cached 0MB) CPU [2%@1510,3%@1510,0%@1510,3%@1510,3%@1510,2%@1510] GR3D_FREQ 0% cpu@47.187C soc2@46.125C soc0@44.468C gpu@46.468C tj@47.187C soc1@44.468C VDD_IN 4153mW/4227mW VDD_CPU_GPU_CV 1036mW/1056mW VDD_SOC 1397mW/1401mW
08-09-2026 23:59:19 RAM 3701/7620MB (lfb 1x4MB) SWAP 2/12002MB (cached 0MB) CPU [2%@1510,2%@1510,1%@1510,2%@1510,1%@1510,2%@1510] GR3D_FREQ 0% cpu@46.781C soc2@46.156C soc0@44.437C gpu@46.531C tj@46.781C soc1@44.468C VDD_IN 4153mW/4225mW VDD_CPU_GPU_CV 1036mW/1055mW VDD_SOC 1397mW/1401mW
08-09-2026 23:59:20 RAM 3701/7620MB (lfb 1x4MB) SWAP 2/12002MB (cached 0MB) CPU [1%@1510,1%@1510,4%@1510,4%@1510,3%@1510,2%@1510] GR3D_FREQ 0% cpu@46.875C soc2@46.25C soc0@44.531C gpu@46.625C tj@46.875C soc1@44.562C VDD_IN 4233mW/4226mW VDD_CPU_GPU_CV 1036mW/1055mW VDD_SOC 1397mW/1401mW
08-09-2026 23:59:21 RAM 3701/7620MB (lfb 1x4MB) SWAP 2/12002MB (cached 0MB) CPU [9%@1510,9%@1510,9%@1510,4%@1510,11%@1510,9%@1510] GR3D_FREQ 0% cpu@47.093C soc2@46.281C soc0@44.531C gpu@46.562C tj@47.093C soc1@44.687C VDD_IN 4313mW/4227mW VDD_CPU_GPU_CV 1116mW/1056mW VDD_SOC 1397mW/1401mW
08-09-2026 23:59:22 RAM 3701/7620MB (lfb 1x4MB) SWAP 2/12002MB (cached 0MB) CPU [0%@1510,1%@1510,1%@1510,3%@1510,1%@1510,1%@1510] GR3D_FREQ 0% cpu@46.875C soc2@46.187C soc0@44.531C gpu@46.25C tj@46.875C soc1@44.468C VDD_IN 4193mW/4227mW VDD_CPU_GPU_CV 1036mW/1056mW VDD_SOC 1397mW/1401mW
08-09-2026 23:59:23 RAM 3701/7620MB (lfb 1x4MB) SWAP 2/12002MB (cached 0MB) CPU [1%@1510,2%@1510,1%@1510,3%@1510,1%@1510,2%@1510] GR3D_FREQ 0% cpu@46.781C soc2@46.218C soc0@44.468C gpu@46.218C tj@46.781C soc1@44.5C VDD_IN 4153mW/4225mW VDD_CPU_GPU_CV 1036mW/1055mW VDD_SOC 1397mW/1401mW
08-09-2026 23:59:24 RAM 3701/7620MB (lfb 1x4MB) SWAP 2/12002MB (cached 0MB) CPU [1%@1510,1%@1510,2%@1510,4%@1510,1%@1510,1%@1510] GR3D_FREQ 0% cpu@46.781C soc2@46.218C soc0@44.531C gpu@46.187C tj@46.937C soc1@44.593C VDD_IN 4153mW/4224mW VDD_CPU_GPU_CV 996mW/1054mW VDD_SOC 1397mW/1401mW
08-09-2026 23:59:25 RAM 3702/7620MB (lfb 1x4MB) SWAP 2/12002MB (cached 0MB) CPU [0%@1510,1%@1510,1%@1510,3%@1510,3%@1510,4%@1510] GR3D_FREQ 0% cpu@46.781C soc2@46.125C soc0@44.5C gpu@46.125C tj@46.781C soc1@44.375C VDD_IN 4233mW/4224mW VDD_CPU_GPU_CV 1036mW/1054mW VDD_SOC 1397mW/1401mW
08-09-2026 23:59:26 RAM 3702/7620MB (lfb 1x4MB) SWAP 2/12002MB (cached 0MB) CPU [2%@1510,1%@1510,4%@1510,3%@1510,3%@1510,3%@1510] GR3D_FREQ 0% cpu@47.093C soc2@46.156C soc0@44.593C gpu@46.093C tj@47.093C soc1@44.437C VDD_IN 4193mW/4223mW VDD_CPU_GPU_CV 1036mW/1053mW VDD_SOC 1397mW/1401mW
08-09-2026 23:59:27 RAM 3702/7620MB (lfb 1x4MB) SWAP 2/12002MB (cached 0MB) CPU [1%@1510,1%@1510,0%@1510,3%@1510,2%@1510,1%@1510] GR3D_FREQ 0% cpu@46.75C soc2@46.187C soc0@44.562C gpu@46.25C tj@46.75C soc1@44.5C VDD_IN 4153mW/4222mW VDD_CPU_GPU_CV 996mW/1052mW VDD_SOC 1397mW/1401mW
08-09-2026 23:59:28 RAM 3702/7620MB (lfb 1x4MB) SWAP 2/12002MB (cached 0MB) CPU [1%@1510,1%@1510,2%@1510,4%@1510,2%@1510,1%@1510] GR3D_FREQ 0% cpu@46.843C soc2@46.312C soc0@44.531C gpu@46.312C tj@46.843C soc1@44.625C VDD_IN 4153mW/4221mW VDD_CPU_GPU_CV 996mW/1051mW VDD_SOC 1397mW/1400mW
08-09-2026 23:59:29 RAM 3702/7620MB (lfb 1x4MB) SWAP 2/12002MB (cached 0MB) CPU [2%@1510,2%@1510,1%@1510,4%@1510,2%@1510,1%@1510] GR3D_FREQ 0% cpu@46.968C soc2@46.187C soc0@44.531C gpu@46.281C tj@46.968C soc1@44.406C VDD_IN 4153mW/4220mW VDD_CPU_GPU_CV 996mW/1051mW VDD_SOC 1397mW/1400mW
08-09-2026 23:59:30 RAM 3703/7620MB (lfb 1x4MB) SWAP 2/12002MB (cached 0MB) CPU [1%@1510,1%@1510,1%@1510,4%@1510,2%@1510,4%@1510] GR3D_FREQ 0% cpu@47.25C soc2@46.218C soc0@44.406C gpu@46.093C tj@47.25C soc1@44.437C VDD_IN 4233mW/4220mW VDD_CPU_GPU_CV 1036mW/1050mW VDD_SOC 1397mW/1400mW
08-09-2026 23:59:31 RAM 3703/7620MB (lfb 1x4MB) SWAP 2/12002MB (cached 0MB) CPU [3%@1510,1%@1510,2%@1510,3%@1510,2%@1510,2%@1510] GR3D_FREQ 0% cpu@46.75C soc2@46.25C soc0@44.5C gpu@46.093C tj@46.75C soc1@44.406C VDD_IN 4193mW/4220mW VDD_CPU_GPU_CV 1036mW/1050mW VDD_SOC 1397mW/1400mW
08-09-2026 23:59:32 RAM 3703/7620MB (lfb 1x4MB) SWAP 2/12002MB (cached 0MB) CPU [3%@1510,2%@1510,1%@1510,3%@1510,2%@1510,1%@1510] GR3D_FREQ 0% cpu@46.781C soc2@46.25C soc0@44.593C gpu@46.375C tj@46.781C soc1@44.375C VDD_IN 4233mW/4220mW VDD_CPU_GPU_CV 996mW/1049mW VDD_SOC 1397mW/1400mW
08-09-2026 23:59:33 RAM 3703/7620MB (lfb 1x4MB) SWAP 2/12002MB (cached 0MB) CPU [1%@1510,1%@1510,1%@1510,3%@1510,1%@1510,1%@1510] GR3D_FREQ 0% cpu@47.062C soc2@46.156C soc0@44.468C gpu@46.093C tj@47.062C soc1@44.437C VDD_IN 4153mW/4219mW VDD_CPU_GPU_CV 1036mW/1049mW VDD_SOC 1397mW/1400mW
08-09-2026 23:59:34 RAM 3703/7620MB (lfb 1x4MB) SWAP 2/12002MB (cached 0MB) CPU [3%@1510,2%@1510,1%@1510,3%@1510,1%@1510,0%@1510] GR3D_FREQ 0% cpu@46.687C soc2@46.093C soc0@44.437C gpu@46.062C tj@46.687C soc1@44.5C VDD_IN 4153mW/4218mW VDD_CPU_GPU_CV 1036mW/1049mW VDD_SOC 1397mW/1400mW
08-09-2026 23:59:35 RAM 3703/7620MB (lfb 1x4MB) SWAP 2/12002MB (cached 0MB) CPU [1%@1510,2%@1510,2%@1510,7%@1510,4%@1510,2%@1510] GR3D_FREQ 0% cpu@46.781C soc2@46.187C soc0@44.5C gpu@46.375C tj@46.781C soc1@44.406C VDD_IN 4233mW/4218mW VDD_CPU_GPU_CV 1036mW/1049mW VDD_SOC 1397mW/1400mW
08-09-2026 23:59:36 RAM 3702/7620MB (lfb 1x4MB) SWAP 2/12002MB (cached 0MB) CPU [1%@1510,1%@1510,2%@1510,3%@1510,3%@1510,2%@1510] GR3D_FREQ 0% cpu@46.875C soc2@46.187C soc0@44.437C gpu@46.093C tj@46.875C soc1@44.437C VDD_IN 4193mW/4218mW VDD_CPU_GPU_CV 1036mW/1048mW VDD_SOC 1397mW/1400mW
08-09-2026 23:59:37 RAM 3703/7620MB (lfb 1x4MB) SWAP 2/12002MB (cached 0MB) CPU [2%@1510,1%@1510,0%@1510,5%@1510,2%@1510,1%@1510] GR3D_FREQ 0% cpu@46.718C soc2@46.093C soc0@44.468C gpu@46.156C tj@46.718C soc1@44.5C VDD_IN 4153mW/4217mW VDD_CPU_GPU_CV 1036mW/1048mW VDD_SOC 1397mW/1400mW
08-09-2026 23:59:38 RAM 3703/7620MB (lfb 1x4MB) SWAP 2/12002MB (cached 0MB) CPU [1%@1510,1%@1510,2%@1510,2%@1510,3%@1510,1%@1510] GR3D_FREQ 0% cpu@46.937C soc2@46.125C soc0@44.5C gpu@46.343C tj@46.937C soc1@44.406C VDD_IN 4153mW/4216mW VDD_CPU_GPU_CV 996mW/1047mW VDD_SOC 1397mW/1400mW
08-09-2026 23:59:39 RAM 3703/7620MB (lfb 1x4MB) SWAP 2/12002MB (cached 0MB) CPU [3%@1510,1%@1510,0%@1510,3%@1510,2%@1510,2%@1510] GR3D_FREQ 0% cpu@46.781C soc2@46.156C soc0@44.406C gpu@46.093C tj@46.781C soc1@44.375C VDD_IN 4153mW/4215mW VDD_CPU_GPU_CV 996mW/1047mW VDD_SOC 1397mW/1400mW
08-09-2026 23:59:40 RAM 3704/7620MB (lfb 1x4MB) SWAP 2/12002MB (cached 0MB) CPU [1%@1510,1%@1510,2%@1510,4%@1510,3%@1510,3%@1510] GR3D_FREQ 0% cpu@46.718C soc2@46.156C soc0@44.468C gpu@46.093C tj@46.718C soc1@44.468C VDD_IN 4233mW/4215mW VDD_CPU_GPU_CV 1036mW/1047mW VDD_SOC 1397mW/1400mW
08-09-2026 23:59:41 RAM 3703/7620MB (lfb 1x4MB) SWAP 2/12002MB (cached 0MB) CPU [1%@1510,1%@1510,2%@1510,3%@1510,4%@1510,1%@1510] GR3D_FREQ 0% cpu@47C soc2@46.093C soc0@44.625C gpu@46.406C tj@47C soc1@44.437C VDD_IN 4193mW/4215mW VDD_CPU_GPU_CV 1036mW/1046mW VDD_SOC 1397mW/1400mW
08-09-2026 23:59:42 RAM 3703/7620MB (lfb 1x4MB) SWAP 2/12002MB (cached 0MB) CPU [2%@1510,2%@1510,2%@1510,3%@1510,2%@1510,1%@1510] GR3D_FREQ 0% cpu@47.187C soc2@46.25C soc0@44.406C gpu@46.187C tj@47.187C soc1@44.375C VDD_IN 4273mW/4216mW VDD_CPU_GPU_CV 1036mW/1046mW VDD_SOC 1397mW/1400mW
08-09-2026 23:59:43 RAM 3704/7620MB (lfb 1x4MB) SWAP 2/12002MB (cached 0MB) CPU [1%@1510,0%@1510,2%@1510,4%@1510,2%@1510,0%@1510] GR3D_FREQ 0% cpu@46.812C soc2@46.156C soc0@44.437C gpu@46.093C tj@46.812C soc1@44.406C VDD_IN 4193mW/4215mW VDD_CPU_GPU_CV 1036mW/1046mW VDD_SOC 1397mW/1400mW
08-09-2026 23:59:44 RAM 3704/7620MB (lfb 1x4MB) SWAP 2/12002MB (cached 0MB) CPU [2%@1510,1%@1510,1%@1510,3%@1510,1%@1510,1%@1510] GR3D_FREQ 0% cpu@46.781C soc2@46.187C soc0@44.5C gpu@46.187C tj@46.781C soc1@44.437C VDD_IN 4153mW/4214mW VDD_CPU_GPU_CV 996mW/1045mW VDD_SOC 1397mW/1400mW
08-09-2026 23:59:45 RAM 3704/7620MB (lfb 1x4MB) SWAP 2/12002MB (cached 0MB) CPU [1%@1510,2%@1510,3%@1510,3%@1510,3%@1510,5%@1510] GR3D_FREQ 0% cpu@46.781C soc2@46.156C soc0@44.437C gpu@46.062C tj@46.781C soc1@44.406C VDD_IN 4233mW/4215mW VDD_CPU_GPU_CV 1036mW/1045mW VDD_SOC 1397mW/1400mW
08-09-2026 23:59:46 RAM 3704/7620MB (lfb 1x4MB) SWAP 2/12002MB (cached 0MB) CPU [2%@1510,23%@1510,4%@1510,4%@1510,4%@1510,2%@1510] GR3D_FREQ 0% cpu@47.125C soc2@46.093C soc0@44.562C gpu@46.093C tj@47.125C soc1@44.375C VDD_IN 4577mW/4219mW VDD_CPU_GPU_CV 1271mW/1048mW VDD_SOC 1433mW/1400mW
08-09-2026 23:59:47 RAM 3703/7620MB (lfb 1x4MB) SWAP 2/12002MB (cached 0MB) CPU [5%@1510,6%@1510,4%@1510,5%@1510,3%@1510,3%@1510] GR3D_FREQ 0% cpu@47.156C soc2@46.125C soc0@44.468C gpu@46.187C tj@47.156C soc1@44.406C VDD_IN 4233mW/4220mW VDD_CPU_GPU_CV 1076mW/1049mW VDD_SOC 1397mW/1400mW
08-09-2026 23:59:48 RAM 3703/7620MB (lfb 1x4MB) SWAP 2/12002MB (cached 0MB) CPU [1%@1510,1%@1510,2%@1510,8%@1510,3%@1510,1%@1510] GR3D_FREQ 0% cpu@46.875C soc2@46.156C soc0@44.5C gpu@46.25C tj@46.75C soc1@44.5C VDD_IN 4153mW/4219mW VDD_CPU_GPU_CV 1036mW/1048mW VDD_SOC 1397mW/1400mW
08-09-2026 23:59:49 RAM 3704/7620MB (lfb 1x4MB) SWAP 2/12002MB (cached 0MB) CPU [2%@1510,0%@1510,2%@1510,3%@1510,3%@1510,1%@1510] GR3D_FREQ 0% cpu@46.656C soc2@46.156C soc0@44.437C gpu@46.093C tj@46.906C soc1@44.5C VDD_IN 4153mW/4218mW VDD_CPU_GPU_CV 996mW/1048mW VDD_SOC 1397mW/1400mW
08-09-2026 23:59:50 RAM 3704/7620MB (lfb 1x4MB) SWAP 2/12002MB (cached 0MB) CPU [2%@1510,1%@1510,2%@1510,4%@1510,3%@1510,3%@1510] GR3D_FREQ 0% cpu@46.781C soc2@46.25C soc0@44.531C gpu@46.218C tj@46.781C soc1@44.562C VDD_IN 4233mW/4218mW VDD_CPU_GPU_CV 1036mW/1048mW VDD_SOC 1397mW/1400mW
08-09-2026 23:59:51 RAM 3704/7620MB (lfb 1x4MB) SWAP 2/12002MB (cached 0MB) CPU [2%@1510,1%@1510,2%@1510,5%@1510,2%@1510,2%@1510] GR3D_FREQ 0% cpu@46.875C soc2@46.187C soc0@44.562C gpu@46.218C tj@46.875C soc1@44.625C VDD_IN 4193mW/4218mW VDD_CPU_GPU_CV 1036mW/1047mW VDD_SOC 1397mW/1400mW
08-09-2026 23:59:52 RAM 3704/7620MB (lfb 1x4MB) SWAP 2/12002MB (cached 0MB) CPU [4%@1510,2%@1510,3%@1510,4%@1510,3%@1510,3%@1510] GR3D_FREQ 0% cpu@47.156C soc2@46.218C soc0@44.531C gpu@46.468C tj@47.156C soc1@44.406C VDD_IN 4233mW/4218mW VDD_CPU_GPU_CV 1036mW/1047mW VDD_SOC 1397mW/1400mW
08-09-2026 23:59:53 RAM 3704/7620MB (lfb 1x4MB) SWAP 2/12002MB (cached 0MB) CPU [2%@1510,2%@1510,3%@1510,3%@1510,1%@1510,2%@1510] GR3D_FREQ 0% cpu@46.937C soc2@46.218C soc0@44.437C gpu@46.468C tj@46.937C soc1@44.375C VDD_IN 4193mW/4218mW VDD_CPU_GPU_CV 1036mW/1047mW VDD_SOC 1397mW/1400mW
08-09-2026 23:59:54 RAM 3704/7620MB (lfb 1x4MB) SWAP 2/12002MB (cached 0MB) CPU [2%@1510,2%@1510,2%@1510,3%@1510,2%@1510,1%@1510] GR3D_FREQ 0% cpu@46.781C soc2@46.218C soc0@44.468C gpu@46.625C tj@46.781C soc1@44.5C VDD_IN 4193mW/4217mW VDD_CPU_GPU_CV 1036mW/1047mW VDD_SOC 1397mW/1400mW
08-09-2026 23:59:55 RAM 3705/7620MB (lfb 1x4MB) SWAP 2/12002MB (cached 0MB) CPU [1%@1510,2%@1510,2%@1510,3%@1510,3%@1510,3%@1510] GR3D_FREQ 0% cpu@46.812C soc2@46.25C soc0@44.406C gpu@46.093C tj@46.812C soc1@44.5C VDD_IN 4233mW/4217mW VDD_CPU_GPU_CV 1036mW/1047mW VDD_SOC 1397mW/1400mW
08-09-2026 23:59:56 RAM 3704/7620MB (lfb 1x4MB) SWAP 2/12002MB (cached 0MB) CPU [2%@1510,1%@1510,0%@1510,5%@1510,2%@1510,2%@1510] GR3D_FREQ 0% cpu@46.906C soc2@46.187C soc0@44.468C gpu@46.156C tj@46.906C soc1@44.656C VDD_IN 4193mW/4217mW VDD_CPU_GPU_CV 1036mW/1047mW VDD_SOC 1397mW/1400mW
08-09-2026 23:59:57 RAM 3704/7620MB (lfb 1x4MB) SWAP 2/12002MB (cached 0MB) CPU [2%@1510,1%@1510,0%@1510,3%@1510,3%@1510,0%@1510] GR3D_FREQ 0% cpu@47.093C soc2@46.218C soc0@44.593C gpu@46.062C tj@47.093C soc1@44.437C VDD_IN 4193mW/4217mW VDD_CPU_GPU_CV 1036mW/1047mW VDD_SOC 1397mW/1400mW
08-09-2026 23:59:58 RAM 3704/7620MB (lfb 1x4MB) SWAP 2/12002MB (cached 0MB) CPU [1%@1510,1%@1510,1%@1510,4%@1510,1%@1510,3%@1510] GR3D_FREQ 0% cpu@46.937C soc2@46.093C soc0@44.437C gpu@46.062C tj@46.937C soc1@44.437C VDD_IN 4193mW/4217mW VDD_CPU_GPU_CV 1036mW/1046mW VDD_SOC 1397mW/1400mW
08-09-2026 23:59:59 RAM 3704/7620MB (lfb 1x4MB) SWAP 2/12002MB (cached 0MB) CPU [1%@1510,1%@1510,2%@1510,3%@1510,0%@1510,3%@1510] GR3D_FREQ 0% cpu@46.718C soc2@46.156C soc0@44.437C gpu@46.125C tj@46.718C soc1@44.5C VDD_IN 4153mW/4216mW VDD_CPU_GPU_CV 1036mW/1046mW VDD_SOC 1397mW/1400mW
08-10-2026 00:00:00 RAM 3705/7620MB (lfb 1x4MB) SWAP 2/12002MB (cached 0MB) CPU [2%@1510,4%@1510,3%@1510,4%@1510,1%@1510,3%@1510] GR3D_FREQ 0% cpu@46.843C soc2@46.218C soc0@44.437C gpu@46.281C tj@46.843C soc1@44.593C VDD_IN 4233mW/4216mW VDD_CPU_GPU_CV 1036mW/1046mW VDD_SOC 1397mW/1399mW
08-10-2026 00:00:01 RAM 3705/7620MB (lfb 1x4MB) SWAP 2/12002MB (cached 0MB) CPU [2%@1510,1%@1510,3%@1510,5%@1510,2%@1510,3%@1510] GR3D_FREQ 0% cpu@46.906C soc2@46.187C soc0@44.437C gpu@46.312C tj@46.906C soc1@44.656C VDD_IN 4193mW/4216mW VDD_CPU_GPU_CV 1036mW/1046mW VDD_SOC 1397mW/1399mW
08-10-2026 00:00:02 RAM 3705/7620MB (lfb 1x4MB) SWAP 2/12002MB (cached 0MB) CPU [1%@1510,1%@1510,2%@1510,3%@1510,2%@1510,0%@1510] GR3D_FREQ 0% cpu@47.093C soc2@46.218C soc0@44.562C gpu@46.343C tj@47.093C soc1@44.406C VDD_IN 4193mW/4216mW VDD_CPU_GPU_CV 1036mW/1046mW VDD_SOC 1397mW/1399mW
08-10-2026 00:00:03 RAM 3705/7620MB (lfb 1x4MB) SWAP 2/12002MB (cached 0MB) CPU [2%@1510,1%@1510,0%@1510,4%@1510,1%@1510,2%@1510] GR3D_FREQ 0% cpu@47C soc2@46.093C soc0@44.375C gpu@46.343C tj@47C soc1@44.468C VDD_IN 4153mW/4215mW VDD_CPU_GPU_CV 996mW/1045mW VDD_SOC 1397mW/1399mW
08-10-2026 00:00:04 RAM 3705/7620MB (lfb 1x4MB) SWAP 2/12002MB (cached 0MB) CPU [3%@1510,1%@1510,1%@1510,4%@1510,2%@1510,2%@1510] GR3D_FREQ 0% cpu@46.687C soc2@46.218C soc0@44.468C gpu@46.343C tj@46.687C soc1@44.437C VDD_IN 4193mW/4215mW VDD_CPU_GPU_CV 1036mW/1045mW VDD_SOC 1397mW/1399mW
08-10-2026 00:00:05 RAM 3705/7620MB (lfb 1x4MB) SWAP 2/12002MB (cached 0MB) CPU [2%@1510,1%@1510,1%@1510,5%@1510,6%@1510,3%@1510] GR3D_FREQ 0% cpu@46.843C soc2@46.156C soc0@44.468C gpu@46.437C tj@46.843C soc1@44.5C VDD_IN 4193mW/4214mW VDD_CPU_GPU_CV 1036mW/1045mW VDD_SOC 1397mW/1399mW
08-10-2026 00:00:06 RAM 3705/7620MB (lfb 1x4MB) SWAP 2/12002MB (cached 0MB) CPU [4%@1510,4%@1510,4%@1510,5%@1510,4%@1510,2%@1510] GR3D_FREQ 0% cpu@46.906C soc2@46.156C soc0@44.562C gpu@46.375C tj@46.906C soc1@44.718C VDD_IN 4193mW/4214mW VDD_CPU_GPU_CV 1036mW/1045mW VDD_SOC 1397mW/1399mW
08-10-2026 00:00:07 RAM 3705/7620MB (lfb 1x4MB) SWAP 2/12002MB (cached 0MB) CPU [1%@1510,2%@1510,4%@1510,15%@1510,3%@1510,3%@1510] GR3D_FREQ 0% cpu@47.25C soc2@46.343C soc0@44.562C gpu@46.406C tj@47.25C soc1@44.375C VDD_IN 4425mW/4216mW VDD_CPU_GPU_CV 1194mW/1047mW VDD_SOC 1395mW/1399mW
08-10-2026 00:00:08 RAM 3705/7620MB (lfb 1x4MB) SWAP 2/12002MB (cached 0MB) CPU [1%@1510,1%@1510,1%@1510,2%@1510,4%@1510,1%@1510] GR3D_FREQ 0% cpu@46.937C soc2@46.125C soc0@44.531C gpu@46.437C tj@46.937C soc1@44.406C VDD_IN 4193mW/4216mW VDD_CPU_GPU_CV 1036mW/1047mW VDD_SOC 1397mW/1399mW
08-10-2026 00:00:09 RAM 3705/7620MB (lfb 1x4MB) SWAP 2/12002MB (cached 0MB) CPU [2%@1510,2%@1510,1%@1510,2%@1510,4%@1510,0%@1510] GR3D_FREQ 0% cpu@46.781C soc2@46.25C soc0@44.375C gpu@46.156C tj@46.781C soc1@44.562C VDD_IN 4153mW/4216mW VDD_CPU_GPU_CV 1036mW/1046mW VDD_SOC 1397mW/1399mW
08-10-2026 00:00:10 RAM 3706/7620MB (lfb 1x4MB) SWAP 2/12002MB (cached 0MB) CPU [2%@1510,1%@1510,3%@1510,5%@1510,5%@1510,3%@1510] GR3D_FREQ 0% cpu@46.812C soc2@46.156C soc0@44.437C gpu@46.218C tj@46.812C soc1@44.593C VDD_IN 4193mW/4215mW VDD_CPU_GPU_CV 1036mW/1046mW VDD_SOC 1397mW/1399mW
08-10-2026 00:00:11 RAM 3706/7620MB (lfb 1x4MB) SWAP 2/12002MB (cached 0MB) CPU [3%@1510,1%@1510,2%@1510,4%@1510,1%@1510,3%@1510] GR3D_FREQ 0% cpu@47C soc2@46.218C soc0@44.5C gpu@46.093C tj@47C soc1@44.562C VDD_IN 4193mW/4215mW VDD_CPU_GPU_CV 1036mW/1046mW VDD_SOC 1397mW/1399mW
08-10-2026 00:00:12 RAM 3707/7620MB (lfb 1x4MB) SWAP 2/12002MB (cached 0MB) CPU [10%@1510,9%@1510,9%@1510,5%@1510,23%@1510,9%@1510] GR3D_FREQ 0% cpu@47.281C soc2@46.281C soc0@44.562C gpu@46.187C tj@47.375C soc1@44.437C VDD_IN 4816mW/4221mW VDD_CPU_GPU_CV 1430mW/1050mW VDD_SOC 1433mW/1399mW
08-10-2026 00:00:13 RAM 3707/7620MB (lfb 1x4MB) SWAP 2/12002MB (cached 0MB) CPU [1%@1510,0%@1510,2%@1510,3%@1510,2%@1510,1%@1510] GR3D_FREQ 0% cpu@46.968C soc2@46.187C soc0@44.656C gpu@46.312C tj@46.968C soc1@44.406C VDD_IN 4233mW/4221mW VDD_CPU_GPU_CV 1036mW/1050mW VDD_SOC 1397mW/1399mW
08-10-2026 00:00:15 RAM 3707/7620MB (lfb 1x4MB) SWAP 2/12002MB (cached 0MB) CPU [4%@1510,3%@1510,1%@1510,3%@1510,1%@1510,1%@1510] GR3D_FREQ 0% cpu@46.812C soc2@46.312C soc0@44.406C gpu@46.25C tj@46.812C soc1@44.437C VDD_IN 4153mW/4220mW VDD_CPU_GPU_CV 1036mW/1050mW VDD_SOC 1397mW/1399mW
08-10-2026 00:00:16 RAM 3708/7620MB (lfb 1x4MB) SWAP 2/12002MB (cached 0MB) CPU [1%@1510,1%@1510,3%@1510,4%@1510,4%@1510,3%@1510] GR3D_FREQ 0% cpu@46.812C soc2@46.218C soc0@44.437C gpu@46.187C tj@46.812C soc1@44.531C VDD_IN 4193mW/4220mW VDD_CPU_GPU_CV 1036mW/1050mW VDD_SOC 1397mW/1399mW
08-10-2026 00:00:17 RAM 3709/7620MB (lfb 1x4MB) SWAP 2/12002MB (cached 0MB) CPU [3%@1510,1%@1510,2%@1510,5%@1510,2%@1510,2%@1510] GR3D_FREQ 0% cpu@46.937C soc2@46.187C soc0@44.468C gpu@46.531C tj@46.937C soc1@44.656C VDD_IN 4233mW/4220mW VDD_CPU_GPU_CV 1036mW/1049mW VDD_SOC 1397mW/1399mW
08-10-2026 00:00:18 RAM 3709/7620MB (lfb 1x4MB) SWAP 2/12002MB (cached 0MB) CPU [3%@1510,1%@1510,0%@1510,3%@1510,3%@1510,2%@1510] GR3D_FREQ 0% cpu@46.875C soc2@46.281C soc0@44.562C gpu@46.656C tj@46.875C soc1@44.437C VDD_IN 4193mW/4220mW VDD_CPU_GPU_CV 1036mW/1049mW VDD_SOC 1397mW/1399mW
08-10-2026 00:00:19 RAM 3709/7620MB (lfb 1x4MB) SWAP 2/12002MB (cached 0MB) CPU [4%@1510,2%@1510,1%@1510,3%@1510,2%@1510,2%@1510] GR3D_FREQ 0% cpu@46.937C soc2@46.156C soc0@44.562C gpu@46.125C tj@46.937C soc1@44.375C VDD_IN 4193mW/4220mW VDD_CPU_GPU_CV 1036mW/1049mW VDD_SOC 1397mW/1399mW
08-10-2026 00:00:20 RAM 3709/7620MB (lfb 1x4MB) SWAP 2/12002MB (cached 0MB) CPU [2%@1510,1%@1510,2%@1510,1%@1510,3%@1510,2%@1510] GR3D_FREQ 0% cpu@47.281C soc2@46.187C soc0@44.468C gpu@46.062C tj@47.281C soc1@44.375C VDD_IN 4153mW/4219mW VDD_CPU_GPU_CV 1036mW/1049mW VDD_SOC 1397mW/1399mW
08-10-2026 00:00:21 RAM 3708/7620MB (lfb 1x4MB) SWAP 2/12002MB (cached 0MB) CPU [2%@1510,3%@1510,3%@1510,4%@1510,6%@1510,7%@1510] GR3D_FREQ 0% cpu@46.875C soc2@46.25C soc0@44.5C gpu@46.156C tj@46.875C soc1@44.406C VDD_IN 4313mW/4220mW VDD_CPU_GPU_CV 1076mW/1049mW VDD_SOC 1397mW/1399mW
08-10-2026 00:00:22 RAM 3708/7620MB (lfb 1x4MB) SWAP 2/12002MB (cached 0MB) CPU [2%@1510,2%@1510,2%@1510,2%@1510,5%@1510,3%@1510] GR3D_FREQ 0% cpu@47C soc2@46.25C soc0@44.5C gpu@46.093C tj@47C soc1@44.531C VDD_IN 4193mW/4220mW VDD_CPU_GPU_CV 1036mW/1049mW VDD_SOC 1397mW/1399mW
08-10-2026 00:00:23 RAM 3708/7620MB (lfb 1x4MB) SWAP 2/12002MB (cached 0MB) CPU [4%@1510,2%@1510,1%@1510,5%@1510,1%@1510,4%@1510] GR3D_FREQ 0% cpu@46.937C soc2@46.187C soc0@44.593C gpu@46.156C tj@46.937C soc1@44.625C VDD_IN 4353mW/4221mW VDD_CPU_GPU_CV 1036mW/1049mW VDD_SOC 1397mW/1399mW
08-10-2026 00:00:24 RAM 3708/7620MB (lfb 1x4MB) SWAP 2/12002MB (cached 0MB) CPU [4%@1510,2%@1510,1%@1510,1%@1510,1%@1510,4%@1510] GR3D_FREQ 0% cpu@47C soc2@46.062C soc0@44.562C gpu@46.093C tj@47C soc1@44.406C VDD_IN 4193mW/4221mW VDD_CPU_GPU_CV 1036mW/1049mW VDD_SOC 1397mW/1399mW
08-10-2026 00:00:25 RAM 3708/7620MB (lfb 1x4MB) SWAP 2/12002MB (cached 0MB) CPU [1%@1510,1%@1510,2%@1510,1%@1510,0%@1510,4%@1510] GR3D_FREQ 0% cpu@47.218C soc2@46.218C soc0@44.437C gpu@46.187C tj@47.218C soc1@44.437C VDD_IN 4153mW/4220mW VDD_CPU_GPU_CV 1036mW/1049mW VDD_SOC 1397mW/1399mW
08-10-2026 00:00:26 RAM 3708/7620MB (lfb 1x4MB) SWAP 2/12002MB (cached 0MB) CPU [3%@1510,1%@1510,4%@1510,4%@1510,3%@1510,3%@1510] GR3D_FREQ 0% cpu@46.906C soc2@46.218C soc0@44.468C gpu@46.375C tj@46.906C soc1@44.375C VDD_IN 4193mW/4220mW VDD_CPU_GPU_CV 1036mW/1049mW VDD_SOC 1397mW/1399mW
08-10-2026 00:00:27 RAM 3708/7620MB (lfb 1x4MB) SWAP 2/12002MB (cached 0MB) CPU [3%@1510,0%@1510,2%@1510,1%@1510,1%@1510,3%@1510] GR3D_FREQ 0% cpu@46.812C soc2@46.156C soc0@44.531C gpu@46.343C tj@46.812C soc1@44.531C VDD_IN 4193mW/4220mW VDD_CPU_GPU_CV 1036mW/1049mW VDD_SOC 1397mW/1399mW
08-10-2026 00:00:28 RAM 3708/7620MB (lfb 1x4MB) SWAP 2/12002MB (cached 0MB) CPU [3%@1510,2%@1510,1%@1510,0%@1510,2%@1510,3%@1510] GR3D_FREQ 0% cpu@46.875C soc2@46.218C soc0@44.531C gpu@46.375C tj@46.875C soc1@44.593C VDD_IN 4153mW/4219mW VDD_CPU_GPU_CV 1036mW/1048mW VDD_SOC 1397mW/1399mW
08-10-2026 00:00:29 RAM 3708/7620MB (lfb 1x4MB) SWAP 2/12002MB (cached 0MB) CPU [4%@1510,2%@1510,2%@1510,1%@1510,1%@1510,3%@1510] GR3D_FREQ 0% cpu@46.937C soc2@46.187C soc0@44.593C gpu@46.343C tj@46.937C soc1@44.468C VDD_IN 4193mW/4219mW VDD_CPU_GPU_CV 1036mW/1048mW VDD_SOC 1397mW/1399mW
08-10-2026 00:00:30 RAM 3708/7620MB (lfb 1x4MB) SWAP 2/12002MB (cached 0MB) CPU [3%@1510,0%@1510,1%@1510,1%@1510,3%@1510,3%@1510] GR3D_FREQ 0% cpu@47.218C soc2@46.218C soc0@44.656C gpu@46.406C tj@47.218C soc1@44.375C VDD_IN 4153mW/4218mW VDD_CPU_GPU_CV 1036mW/1048mW VDD_SOC 1397mW/1399mW
08-10-2026 00:00:31 RAM 3708/7620MB (lfb 1x4MB) SWAP 2/12002MB (cached 0MB) CPU [3%@1510,2%@1510,5%@1510,3%@1510,1%@1510,5%@1510] GR3D_FREQ 0% cpu@46.968C soc2@46.156C soc0@44.468C gpu@46.406C tj@46.968C soc1@44.437C VDD_IN 4273mW/4219mW VDD_CPU_GPU_CV 1036mW/1048mW VDD_SOC 1397mW/1399mW
08-10-2026 00:00:32 RAM 3708/7620MB (lfb 1x4MB) SWAP 2/12002MB (cached 0MB) CPU [3%@1510,2%@1510,1%@1510,0%@1510,2%@1510,3%@1510] GR3D_FREQ 0% cpu@46.812C soc2@46.093C soc0@44.437C gpu@46.375C tj@46.812C soc1@44.437C VDD_IN 4193mW/4218mW VDD_CPU_GPU_CV 1036mW/1048mW VDD_SOC 1397mW/1399mW
08-10-2026 00:00:33 RAM 3708/7620MB (lfb 1x4MB) SWAP 2/12002MB (cached 0MB) CPU [2%@1510,2%@1510,1%@1510,1%@1510,1%@1510,3%@1510] GR3D_FREQ 0% cpu@46.781C soc2@46.281C soc0@44.531C gpu@46.531C tj@46.781C soc1@44.593C VDD_IN 4153mW/4218mW VDD_CPU_GPU_CV 1036mW/1048mW VDD_SOC 1397mW/1399mW
08-10-2026 00:00:34 RAM 3708/7620MB (lfb 1x4MB) SWAP 2/12002MB (cached 0MB) CPU [3%@1510,3%@1510,1%@1510,2%@1510,3%@1510,3%@1510] GR3D_FREQ 0% cpu@46.937C soc2@46.281C soc0@44.562C gpu@46.437C tj@46.937C soc1@44.437C VDD_IN 4153mW/4217mW VDD_CPU_GPU_CV 1036mW/1048mW VDD_SOC 1397mW/1399mW
08-10-2026 00:00:35 RAM 3708/7620MB (lfb 1x4MB) SWAP 2/12002MB (cached 0MB) CPU [1%@1510,3%@1510,1%@1510,1%@1510,1%@1510,3%@1510] GR3D_FREQ 0% cpu@47.187C soc2@46.156C soc0@44.656C gpu@46.218C tj@47.187C soc1@44.406C VDD_IN 4153mW/4217mW VDD_CPU_GPU_CV 1036mW/1048mW VDD_SOC 1397mW/1399mW
08-10-2026 00:00:36 RAM 3708/7620MB (lfb 1x4MB) SWAP 2/12002MB (cached 0MB) CPU [2%@1510,2%@1510,3%@1510,3%@1510,1%@1510,4%@1510] GR3D_FREQ 0% cpu@47C soc2@46.218C soc0@44.406C gpu@46.156C tj@47C soc1@44.406C VDD_IN 4193mW/4217mW VDD_CPU_GPU_CV 1036mW/1048mW VDD_SOC 1397mW/1399mW
08-10-2026 00:00:37 RAM 3708/7620MB (lfb 1x4MB) SWAP 2/12002MB (cached 0MB) CPU [1%@1510,2%@1510,1%@1510,2%@1510,2%@1510,4%@1510] GR3D_FREQ 0% cpu@46.781C soc2@46.187C soc0@44.531C gpu@46.093C tj@46.781C soc1@44.437C VDD_IN 4193mW/4216mW VDD_CPU_GPU_CV 1036mW/1048mW VDD_SOC 1397mW/1399mW
08-10-2026 00:00:38 RAM 3709/7620MB (lfb 1x4MB) SWAP 2/12002MB (cached 0MB) CPU [1%@1510,1%@1510,1%@1510,1%@1510,2%@1510,2%@1510] GR3D_FREQ 0% cpu@46.843C soc2@46.25C soc0@44.531C gpu@46.312C tj@46.843C soc1@44.531C VDD_IN 4153mW/4216mW VDD_CPU_GPU_CV 1036mW/1047mW VDD_SOC 1397mW/1399mW
08-10-2026 00:00:39 RAM 3709/7620MB (lfb 1x4MB) SWAP 2/12002MB (cached 0MB) CPU [1%@1510,0%@1510,2%@1510,1%@1510,3%@1510,5%@1510] GR3D_FREQ 0% cpu@46.937C soc2@46.281C soc0@44.5C gpu@46.218C tj@46.937C soc1@44.406C VDD_IN 4153mW/4215mW VDD_CPU_GPU_CV 1036mW/1047mW VDD_SOC 1397mW/1399mW
08-10-2026 00:00:40 RAM 3709/7620MB (lfb 1x4MB) SWAP 2/12002MB (cached 0MB) CPU [2%@1510,1%@1510,3%@1510,2%@1510,3%@1510,3%@1510] GR3D_FREQ 0% cpu@47.187C soc2@46.156C soc0@44.531C gpu@46.218C tj@47.187C soc1@44.375C VDD_IN 4153mW/4215mW VDD_CPU_GPU_CV 1036mW/1047mW VDD_SOC 1397mW/1399mW
08-10-2026 00:00:41 RAM 3709/7620MB (lfb 1x4MB) SWAP 2/12002MB (cached 0MB) CPU [2%@1510,2%@1510,4%@1510,2%@1510,4%@1510,4%@1510] GR3D_FREQ 0% cpu@47.062C soc2@46.218C soc0@44.625C gpu@46.312C tj@47.062C soc1@44.468C VDD_IN 4233mW/4215mW VDD_CPU_GPU_CV 1036mW/1047mW VDD_SOC 1397mW/1399mW
08-10-2026 00:00:42 RAM 3709/7620MB (lfb 1x4MB) SWAP 2/12002MB (cached 0MB) CPU [2%@1510,3%@1510,1%@1510,2%@1510,3%@1510,3%@1510] GR3D_FREQ 0% cpu@46.843C soc2@46.156C soc0@44.468C gpu@46.218C tj@46.843C soc1@44.5C VDD_IN 4193mW/4215mW VDD_CPU_GPU_CV 1036mW/1047mW VDD_SOC 1397mW/1399mW
08-10-2026 00:00:43 RAM 3709/7620MB (lfb 1x4MB) SWAP 2/12002MB (cached 0MB) CPU [3%@1510,2%@1510,0%@1510,1%@1510,1%@1510,4%@1510] GR3D_FREQ 0% cpu@46.812C soc2@46.25C soc0@44.531C gpu@46.281C tj@46.812C soc1@44.5C VDD_IN 4193mW/4215mW VDD_CPU_GPU_CV 1036mW/1047mW VDD_SOC 1397mW/1399mW
08-10-2026 00:00:44 RAM 3709/7620MB (lfb 1x4MB) SWAP 2/12002MB (cached 0MB) CPU [1%@1510,4%@1510,0%@1510,0%@1510,2%@1510,4%@1510] GR3D_FREQ 0% cpu@46.937C soc2@46.343C soc0@44.531C gpu@46.312C tj@46.937C soc1@44.656C VDD_IN 4153mW/4214mW VDD_CPU_GPU_CV 1036mW/1047mW VDD_SOC 1397mW/1399mW
08-10-2026 00:00:45 RAM 3709/7620MB (lfb 1x4MB) SWAP 2/12002MB (cached 0MB) CPU [3%@1510,2%@1510,0%@1510,2%@1510,1%@1510,3%@1510] GR3D_FREQ 0% cpu@46.906C soc2@46.343C soc0@44.593C gpu@46.093C tj@46.906C soc1@44.437C VDD_IN 4153mW/4214mW VDD_CPU_GPU_CV 1036mW/1047mW VDD_SOC 1397mW/1399mW
08-10-2026 00:00:46 RAM 3709/7620MB (lfb 1x4MB) SWAP 2/12002MB (cached 0MB) CPU [1%@1510,3%@1510,2%@1510,2%@1510,5%@1510,3%@1510] GR3D_FREQ 0% cpu@47C soc2@46.218C soc0@44.656C gpu@46.156C tj@47C soc1@44.531C VDD_IN 4193mW/4214mW VDD_CPU_GPU_CV 1036mW/1047mW VDD_SOC 1397mW/1399mW
08-10-2026 00:00:47 RAM 3709/7620MB (lfb 1x4MB) SWAP 2/12002MB (cached 0MB) CPU [2%@1510,3%@1510,2%@1510,1%@1510,3%@1510,4%@1510] GR3D_FREQ 0% cpu@46.843C soc2@46.187C soc0@44.593C gpu@46.125C tj@46.843C soc1@44.406C VDD_IN 4193mW/4214mW VDD_CPU_GPU_CV 1036mW/1047mW VDD_SOC 1397mW/1399mW
08-10-2026 00:00:48 RAM 3709/7620MB (lfb 1x4MB) SWAP 2/12002MB (cached 0MB) CPU [1%@1510,1%@1510,0%@1510,1%@1510,3%@1510,4%@1510] GR3D_FREQ 0% cpu@47.062C soc2@46.187C soc0@44.562C gpu@46.062C tj@46.875C soc1@44.437C VDD_IN 4153mW/4213mW VDD_CPU_GPU_CV 1036mW/1047mW VDD_SOC 1397mW/1399mW
08-10-2026 00:00:49 RAM 3709/7620MB (lfb 1x4MB) SWAP 2/12002MB (cached 0MB) CPU [1%@1510,2%@1510,2%@1510,1%@1510,2%@1510,3%@1510] GR3D_FREQ 0% cpu@46.781C soc2@46.281C soc0@44.5C gpu@46.093C tj@47.031C soc1@44.656C VDD_IN 4153mW/4213mW VDD_CPU_GPU_CV 1036mW/1047mW VDD_SOC 1397mW/1399mW
08-10-2026 00:00:50 RAM 3709/7620MB (lfb 1x4MB) SWAP 2/12002MB (cached 0MB) CPU [1%@1510,1%@1510,2%@1510,1%@1510,2%@1510,3%@1510] GR3D_FREQ 0% cpu@46.875C soc2@46.312C soc0@44.562C gpu@46.125C tj@46.875C soc1@44.656C VDD_IN 4153mW/4212mW VDD_CPU_GPU_CV 1036mW/1046mW VDD_SOC 1397mW/1399mW
08-10-2026 00:00:51 RAM 3709/7620MB (lfb 1x4MB) SWAP 2/12002MB (cached 0MB) CPU [1%@1510,1%@1510,4%@1510,2%@1510,3%@1510,5%@1510] GR3D_FREQ 0% cpu@47C soc2@46.156C soc0@44.656C gpu@46.187C tj@47C soc1@44.406C VDD_IN 4193mW/4212mW VDD_CPU_GPU_CV 1036mW/1046mW VDD_SOC 1397mW/1399mW
08-10-2026 00:00:52 RAM 3709/7620MB (lfb 1x4MB) SWAP 2/12002MB (cached 0MB) CPU [1%@1510,2%@1510,1%@1510,3%@1510,3%@1510,4%@1510] GR3D_FREQ 0% cpu@46.812C soc2@46.25C soc0@44.531C gpu@46.218C tj@46.812C soc1@44.5C VDD_IN 4193mW/4212mW VDD_CPU_GPU_CV 1036mW/1046mW VDD_SOC 1397mW/1399mW
08-10-2026 00:00:53 RAM 3709/7620MB (lfb 1x4MB) SWAP 2/12002MB (cached 0MB) CPU [1%@1510,2%@1510,2%@1510,2%@1510,2%@1510,4%@1510] GR3D_FREQ 0% cpu@47C soc2@46.218C soc0@44.437C gpu@46.187C tj@47C soc1@44.468C VDD_IN 4193mW/4212mW VDD_CPU_GPU_CV 1036mW/1046mW VDD_SOC 1397mW/1399mW
08-10-2026 00:00:54 RAM 3709/7620MB (lfb 1x4MB) SWAP 2/12002MB (cached 0MB) CPU [0%@1510,4%@1510,0%@1510,2%@1510,2%@1510,3%@1510] GR3D_FREQ 0% cpu@46.687C soc2@46.156C soc0@44.5C gpu@46.187C tj@46.687C soc1@44.5C VDD_IN 4153mW/4211mW VDD_CPU_GPU_CV 1036mW/1046mW VDD_SOC 1397mW/1399mW
08-10-2026 00:00:55 RAM 3709/7620MB (lfb 1x4MB) SWAP 2/12002MB (cached 0MB) CPU [2%@1510,1%@1510,1%@1510,2%@1510,2%@1510,5%@1510] GR3D_FREQ 0% cpu@46.843C soc2@46.25C soc0@44.468C gpu@46.156C tj@46.843C soc1@44.562C VDD_IN 4153mW/4211mW VDD_CPU_GPU_CV 1036mW/1046mW VDD_SOC 1397mW/1399mW
08-10-2026 00:00:56 RAM 3709/7620MB (lfb 1x4MB) SWAP 2/12002MB (cached 0MB) CPU [1%@1510,2%@1510,2%@1510,5%@1510,1%@1510,4%@1510] GR3D_FREQ 0% cpu@46.968C soc2@46.312C soc0@44.531C gpu@46.5C tj@46.968C soc1@44.406C VDD_IN 4193mW/4211mW VDD_CPU_GPU_CV 1036mW/1046mW VDD_SOC 1397mW/1399mW
08-10-2026 00:00:57 RAM 3709/7620MB (lfb 1x4MB) SWAP 2/12002MB (cached 0MB) CPU [2%@1510,1%@1510,2%@1510,1%@1510,2%@1510,4%@1510] GR3D_FREQ 0% cpu@46.812C soc2@46.218C soc0@44.531C gpu@46.531C tj@46.812C soc1@44.437C VDD_IN 4193mW/4211mW VDD_CPU_GPU_CV 1036mW/1046mW VDD_SOC 1397mW/1399mW
08-10-2026 00:00:58 RAM 3708/7620MB (lfb 1x4MB) SWAP 2/12002MB (cached 0MB) CPU [1%@1510,3%@1510,1%@1510,1%@1510,2%@1510,4%@1510] GR3D_FREQ 0% cpu@47.093C soc2@46.218C soc0@44.5C gpu@46.531C tj@47.093C soc1@44.5C VDD_IN 4193mW/4211mW VDD_CPU_GPU_CV 1036mW/1046mW VDD_SOC 1397mW/1399mW
08-10-2026 00:00:59 RAM 3708/7620MB (lfb 1x4MB) SWAP 2/12002MB (cached 0MB) CPU [3%@1510,1%@1510,1%@1510,0%@1510,2%@1510,3%@1510] GR3D_FREQ 0% cpu@46.906C soc2@46.25C soc0@44.437C gpu@46.625C tj@46.75C soc1@44.531C VDD_IN 4153mW/4210mW VDD_CPU_GPU_CV 996mW/1045mW VDD_SOC 1397mW/1399mW
08-10-2026 00:01:00 RAM 3708/7620MB (lfb 1x4MB) SWAP 2/12002MB (cached 0MB) CPU [6%@1510,2%@1510,1%@1510,1%@1510,1%@1510,4%@1510] GR3D_FREQ 0% cpu@46.875C soc2@46.218C soc0@44.531C gpu@46.625C tj@46.875C soc1@44.562C VDD_IN 4153mW/4210mW VDD_CPU_GPU_CV 1036mW/1045mW VDD_SOC 1397mW/1399mW
08-10-2026 00:01:01 RAM 3709/7620MB (lfb 1x4MB) SWAP 2/12002MB (cached 0MB) CPU [3%@1510,4%@1510,2%@1510,3%@1510,5%@1510,2%@1510] GR3D_FREQ 0% cpu@47C soc2@46.281C soc0@44.468C gpu@46.562C tj@47C soc1@44.5C VDD_IN 4273mW/4210mW VDD_CPU_GPU_CV 1036mW/1045mW VDD_SOC 1397mW/1399mW
08-10-2026 00:01:02 RAM 3709/7620MB (lfb 1x4MB) SWAP 2/12002MB (cached 0MB) CPU [5%@1510,3%@1510,2%@1510,4%@1510,2%@1510,1%@1510] GR3D_FREQ 0% cpu@46.843C soc2@46.187C soc0@44.625C gpu@46.093C tj@46.843C soc1@44.468C VDD_IN 4193mW/4210mW VDD_CPU_GPU_CV 1036mW/1045mW VDD_SOC 1397mW/1399mW
08-10-2026 00:01:03 RAM 3709/7620MB (lfb 1x4MB) SWAP 2/12002MB (cached 0MB) CPU [3%@1510,2%@1510,1%@1510,4%@1510,1%@1510,1%@1510] GR3D_FREQ 0% cpu@47.062C soc2@46.218C soc0@44.531C gpu@46.125C tj@47.062C soc1@44.437C VDD_IN 4193mW/4210mW VDD_CPU_GPU_CV 1036mW/1045mW VDD_SOC 1397mW/1398mW
08-10-2026 00:01:04 RAM 3709/7620MB (lfb 1x4MB) SWAP 2/12002MB (cached 0MB) CPU [1%@1510,2%@1510,2%@1510,3%@1510,1%@1510,0%@1510] GR3D_FREQ 0% cpu@46.937C soc2@46.187C soc0@44.468C gpu@46.312C tj@46.937C soc1@44.5C VDD_IN 4153mW/4210mW VDD_CPU_GPU_CV 1036mW/1045mW VDD_SOC 1397mW/1398mW
08-10-2026 00:01:05 RAM 3709/7620MB (lfb 1x4MB) SWAP 2/12002MB (cached 0MB) CPU [2%@1510,3%@1510,1%@1510,5%@1510,2%@1510,2%@1510] GR3D_FREQ 0% cpu@46.906C soc2@46.218C soc0@44.531C gpu@46.312C tj@46.906C soc1@44.531C VDD_IN 4193mW/4210mW VDD_CPU_GPU_CV 1036mW/1045mW VDD_SOC 1397mW/1398mW
08-10-2026 00:01:06 RAM 3710/7620MB (lfb 1x4MB) SWAP 2/12002MB (cached 0MB) CPU [3%@1510,2%@1510,0%@1510,5%@1510,2%@1510,2%@1510] GR3D_FREQ 0% cpu@46.906C soc2@46.25C soc0@44.593C gpu@46.343C tj@46.906C soc1@44.687C VDD_IN 4193mW/4209mW VDD_CPU_GPU_CV 1036mW/1045mW VDD_SOC 1397mW/1398mW
08-10-2026 00:01:07 RAM 3710/7620MB (lfb 1x4MB) SWAP 2/12002MB (cached 0MB) CPU [4%@1510,0%@1510,2%@1510,4%@1510,2%@1510,2%@1510] GR3D_FREQ 0% cpu@46.906C soc2@46.093C soc0@44.656C gpu@46.375C tj@46.906C soc1@44.406C VDD_IN 4193mW/4209mW VDD_CPU_GPU_CV 1036mW/1045mW VDD_SOC 1397mW/1398mW
08-10-2026 00:01:08 RAM 3710/7620MB (lfb 1x4MB) SWAP 2/12002MB (cached 0MB) CPU [1%@1510,1%@1510,0%@1510,3%@1510,2%@1510,2%@1510] GR3D_FREQ 0% cpu@47.031C soc2@46.25C soc0@44.687C gpu@46.343C tj@47.031C soc1@44.5C VDD_IN 4153mW/4209mW VDD_CPU_GPU_CV 1036mW/1045mW VDD_SOC 1397mW/1398mW
08-10-2026 00:01:09 RAM 3710/7620MB (lfb 1x4MB) SWAP 2/12002MB (cached 0MB) CPU [2%@1510,1%@1510,1%@1510,3%@1510,2%@1510,1%@1510] GR3D_FREQ 0% cpu@46.875C soc2@46.187C soc0@44.531C gpu@46.406C tj@46.875C soc1@44.531C VDD_IN 4153mW/4209mW VDD_CPU_GPU_CV 1036mW/1045mW VDD_SOC 1397mW/1398mW
08-10-2026 00:01:10 RAM 3710/7620MB (lfb 1x4MB) SWAP 2/12002MB (cached 0MB) CPU [4%@1510,2%@1510,1%@1510,3%@1510,3%@1510,1%@1510] GR3D_FREQ 0% cpu@46.906C soc2@46.187C soc0@44.531C gpu@46.375C tj@46.906C soc1@44.656C VDD_IN 4193mW/4209mW VDD_CPU_GPU_CV 1036mW/1045mW VDD_SOC 1397mW/1398mW
08-10-2026 00:01:11 RAM 3710/7620MB (lfb 1x4MB) SWAP 2/12002MB (cached 0MB) CPU [2%@1510,2%@1510,2%@1510,3%@1510,3%@1510,4%@1510] GR3D_FREQ 0% cpu@46.843C soc2@46.281C soc0@44.593C gpu@46.375C tj@46.843C soc1@44.656C VDD_IN 4193mW/4208mW VDD_CPU_GPU_CV 1036mW/1045mW VDD_SOC 1397mW/1398mW
08-10-2026 00:01:12 RAM 3709/7620MB (lfb 1x4MB) SWAP 2/12002MB (cached 0MB) CPU [5%@1510,1%@1510,1%@1510,3%@1510,1%@1510,1%@1510] GR3D_FREQ 0% cpu@46.843C soc2@46.343C soc0@44.593C gpu@46.375C tj@46.843C soc1@44.468C VDD_IN 4193mW/4208mW VDD_CPU_GPU_CV 1036mW/1045mW VDD_SOC 1397mW/1398mW
08-10-2026 00:01:13 RAM 3709/7620MB (lfb 1x4MB) SWAP 2/12002MB (cached 0MB) CPU [0%@1510,2%@1510,1%@1510,3%@1510,2%@1510,1%@1510] GR3D_FREQ 0% cpu@47.093C soc2@46.156C soc0@44.687C gpu@46.5C tj@47.093C soc1@44.468C VDD_IN 4193mW/4208mW VDD_CPU_GPU_CV 1036mW/1045mW VDD_SOC 1397mW/1398mW
08-10-2026 00:01:14 RAM 3709/7620MB (lfb 1x4MB) SWAP 2/12002MB (cached 0MB) CPU [4%@1510,2%@1510,2%@1510,3%@1510,3%@1510,1%@1510] GR3D_FREQ 0% cpu@46.875C soc2@46.218C soc0@44.5C gpu@46.468C tj@46.875C soc1@44.468C VDD_IN 4153mW/4208mW VDD_CPU_GPU_CV 1036mW/1045mW VDD_SOC 1397mW/1398mW
08-10-2026 00:01:15 RAM 3709/7620MB (lfb 1x4MB) SWAP 2/12002MB (cached 0MB) CPU [2%@1510,1%@1510,1%@1510,2%@1510,1%@1510,2%@1510] GR3D_FREQ 0% cpu@47.218C soc2@46.281C soc0@44.5C gpu@46.5C tj@46.875C soc1@44.531C VDD_IN 4153mW/4208mW VDD_CPU_GPU_CV 1036mW/1045mW VDD_SOC 1397mW/1398mW
08-10-2026 00:01:16 RAM 3709/7620MB (lfb 1x4MB) SWAP 2/12002MB (cached 0MB) CPU [3%@1510,1%@1510,2%@1510,3%@1510,4%@1510,5%@1510] GR3D_FREQ 0% cpu@46.812C soc2@46.218C soc0@44.437C gpu@46.468C tj@46.812C soc1@44.437C VDD_IN 4193mW/4207mW VDD_CPU_GPU_CV 1036mW/1044mW VDD_SOC 1397mW/1398mW
08-10-2026 00:01:17 RAM 3709/7620MB (lfb 1x4MB) SWAP 2/12002MB (cached 0MB) CPU [3%@1510,2%@1510,2%@1510,2%@1510,3%@1510,4%@1510] GR3D_FREQ 0% cpu@46.875C soc2@46.25C soc0@44.562C gpu@46.187C tj@46.875C soc1@44.656C VDD_IN 4153mW/4207mW VDD_CPU_GPU_CV 1036mW/1044mW VDD_SOC 1397mW/1398mW
08-10-2026 00:01:18 RAM 3709/7620MB (lfb 1x4MB) SWAP 2/12002MB (cached 0MB) CPU [1%@1510,1%@1510,3%@1510,1%@1510,1%@1510,1%@1510] GR3D_FREQ 0% cpu@47.062C soc2@46.187C soc0@44.625C gpu@46.281C tj@47.062C soc1@44.375C VDD_IN 4153mW/4207mW VDD_CPU_GPU_CV 1036mW/1044mW VDD_SOC 1397mW/1398mW
08-10-2026 00:01:19 RAM 3709/7620MB (lfb 1x4MB) SWAP 2/12002MB (cached 0MB) CPU [3%@1510,2%@1510,2%@1510,1%@1510,2%@1510,2%@1510] GR3D_FREQ 0% cpu@46.906C soc2@46.125C soc0@44.593C gpu@46.187C tj@46.875C soc1@44.468C VDD_IN 4153mW/4206mW VDD_CPU_GPU_CV 1036mW/1044mW VDD_SOC 1397mW/1398mW
08-10-2026 00:01:20 RAM 3709/7620MB (lfb 1x4MB) SWAP 2/12002MB (cached 0MB) CPU [2%@1510,1%@1510,3%@1510,1%@1510,1%@1510,1%@1510] GR3D_FREQ 0% cpu@47.093C soc2@46.25C soc0@44.468C gpu@46.187C tj@47.093C soc1@44.468C VDD_IN 4153mW/4206mW VDD_CPU_GPU_CV 1036mW/1044mW VDD_SOC 1397mW/1398mW
08-10-2026 00:01:21 RAM 3709/7620MB (lfb 1x4MB) SWAP 2/12002MB (cached 0MB) CPU [1%@1510,2%@1510,4%@1510,2%@1510,4%@1510,2%@1510] GR3D_FREQ 0% cpu@46.812C soc2@46.218C soc0@44.531C gpu@46.187C tj@46.812C soc1@44.468C VDD_IN 4193mW/4206mW VDD_CPU_GPU_CV 1036mW/1044mW VDD_SOC 1397mW/1398mW
08-10-2026 00:01:22 RAM 3707/7620MB (lfb 1x4MB) SWAP 2/12002MB (cached 0MB) CPU [2%@1510,2%@1510,4%@1510,3%@1510,2%@1510,2%@1510] GR3D_FREQ 0% cpu@46.906C soc2@46.281C soc0@44.437C gpu@46.25C tj@46.906C soc1@44.5C VDD_IN 4193mW/4206mW VDD_CPU_GPU_CV 1036mW/1044mW VDD_SOC 1397mW/1398mW
08-10-2026 00:01:23 RAM 3707/7620MB (lfb 1x4MB) SWAP 2/12002MB (cached 0MB) CPU [2%@1510,3%@1510,4%@1510,0%@1510,2%@1510,3%@1510] GR3D_FREQ 0% cpu@46.812C soc2@46.281C soc0@44.531C gpu@46.312C tj@47.031C soc1@44.375C VDD_IN 4193mW/4206mW VDD_CPU_GPU_CV 1036mW/1044mW VDD_SOC 1397mW/1398mW
08-10-2026 00:01:24 RAM 3707/7620MB (lfb 1x4MB) SWAP 2/12002MB (cached 0MB) CPU [1%@1510,2%@1510,3%@1510,1%@1510,0%@1510,2%@1510] GR3D_FREQ 0% cpu@46.937C soc2@46.156C soc0@44.593C gpu@46.187C tj@46.937C soc1@44.406C VDD_IN 4153mW/4206mW VDD_CPU_GPU_CV 1036mW/1044mW VDD_SOC 1397mW/1398mW
08-10-2026 00:01:25 RAM 3707/7620MB (lfb 1x4MB) SWAP 2/12002MB (cached 0MB) CPU [1%@1510,0%@1510,5%@1510,3%@1510,1%@1510,0%@1510] GR3D_FREQ 0% cpu@47.125C soc2@46.281C soc0@44.468C gpu@46.312C tj@47.125C soc1@44.375C VDD_IN 4193mW/4206mW VDD_CPU_GPU_CV 1036mW/1044mW VDD_SOC 1397mW/1398mW
08-10-2026 00:01:26 RAM 3707/7620MB (lfb 1x4MB) SWAP 2/12002MB (cached 0MB) CPU [2%@1510,2%@1510,4%@1510,2%@1510,3%@1510,5%@1510] GR3D_FREQ 0% cpu@46.781C soc2@46.187C soc0@44.437C gpu@46.343C tj@46.781C soc1@44.468C VDD_IN 4193mW/4205mW VDD_CPU_GPU_CV 1036mW/1044mW VDD_SOC 1397mW/1398mW
08-10-2026 00:01:27 RAM 3707/7620MB (lfb 1x4MB) SWAP 2/12002MB (cached 0MB) CPU [2%@1510,1%@1510,4%@1510,1%@1510,3%@1510,2%@1510] GR3D_FREQ 0% cpu@46.968C soc2@46.281C soc0@44.5C gpu@46.312C tj@46.968C soc1@44.531C VDD_IN 4193mW/4205mW VDD_CPU_GPU_CV 1036mW/1044mW VDD_SOC 1397mW/1398mW
08-10-2026 00:01:28 RAM 3707/7620MB (lfb 1x4MB) SWAP 2/12002MB (cached 0MB) CPU [2%@1510,2%@1510,3%@1510,1%@1510,2%@1510,1%@1510] GR3D_FREQ 0% cpu@46.843C soc2@46.218C soc0@44.468C gpu@46.343C tj@46.843C soc1@44.593C VDD_IN 4193mW/4205mW VDD_CPU_GPU_CV 1036mW/1044mW VDD_SOC 1397mW/1398mW
08-10-2026 00:01:29 RAM 3707/7620MB (lfb 1x4MB) SWAP 2/12002MB (cached 0MB) CPU [3%@1510,3%@1510,3%@1510,1%@1510,3%@1510,1%@1510] GR3D_FREQ 0% cpu@47C soc2@46.281C soc0@44.625C gpu@46.375C tj@47C soc1@44.593C VDD_IN 4193mW/4205mW VDD_CPU_GPU_CV 1036mW/1044mW VDD_SOC 1397mW/1398mW
08-10-2026 00:01:30 RAM 3707/7620MB (lfb 1x4MB) SWAP 2/12002MB (cached 0MB) CPU [1%@1510,2%@1510,3%@1510,2%@1510,6%@1510,2%@1510] GR3D_FREQ 0% cpu@47.187C soc2@46.218C soc0@44.625C gpu@46.25C tj@47.187C soc1@44.468C VDD_IN 4233mW/4205mW VDD_CPU_GPU_CV 1076mW/1044mW VDD_SOC 1397mW/1398mW
08-10-2026 00:01:31 RAM 3707/7620MB (lfb 1x4MB) SWAP 2/12002MB (cached 0MB) CPU [3%@1510,2%@1510,2%@1510,2%@1510,2%@1510,1%@1510] GR3D_FREQ 0% cpu@46.906C soc2@46.218C soc0@44.531C gpu@46.218C tj@46.906C soc1@44.5C VDD_IN 4193mW/4205mW VDD_CPU_GPU_CV 1036mW/1044mW VDD_SOC 1397mW/1398mW
08-10-2026 00:01:32 RAM 3706/7620MB (lfb 1x4MB) SWAP 2/12002MB (cached 0MB) CPU [0%@1510,1%@1510,2%@1510,2%@1510,1%@1510,4%@1510] GR3D_FREQ 0% cpu@46.843C soc2@46.25C soc0@44.5C gpu@46.156C tj@46.843C soc1@44.531C VDD_IN 4153mW/4205mW VDD_CPU_GPU_CV 1036mW/1044mW VDD_SOC 1397mW/1398mW
08-10-2026 00:01:33 RAM 3706/7620MB (lfb 1x4MB) SWAP 2/12002MB (cached 0MB) CPU [3%@1510,1%@1510,2%@1510,1%@1510,0%@1510,2%@1510] GR3D_FREQ 0% cpu@46.843C soc2@46.187C soc0@44.531C gpu@46.187C tj@46.843C soc1@44.531C VDD_IN 4193mW/4205mW VDD_CPU_GPU_CV 1036mW/1044mW VDD_SOC 1397mW/1398mW
08-10-2026 00:01:34 RAM 3706/7620MB (lfb 1x4MB) SWAP 2/12002MB (cached 0MB) CPU [2%@1510,1%@1510,1%@1510,1%@1510,1%@1510,4%@1510] GR3D_FREQ 0% cpu@46.906C soc2@46.281C soc0@44.5C gpu@46.187C tj@46.906C soc1@44.625C VDD_IN 4153mW/4205mW VDD_CPU_GPU_CV 1036mW/1044mW VDD_SOC 1397mW/1398mW
08-10-2026 00:01:35 RAM 3707/7620MB (lfb 1x4MB) SWAP 2/12002MB (cached 0MB) CPU [2%@1510,1%@1510,2%@1510,3%@1510,4%@1510,3%@1510] GR3D_FREQ 0% cpu@47.156C soc2@46.312C soc0@44.531C gpu@46.218C tj@47.156C soc1@44.437C VDD_IN 4273mW/4205mW VDD_CPU_GPU_CV 1076mW/1044mW VDD_SOC 1395mW/1398mW
08-10-2026 00:01:36 RAM 3706/7620MB (lfb 1x4MB) SWAP 2/12002MB (cached 0MB) CPU [2%@1510,0%@1510,1%@1510,0%@1510,3%@1510,3%@1510] GR3D_FREQ 0% cpu@47.031C soc2@46.187C soc0@44.625C gpu@46.187C tj@47.031C soc1@44.437C VDD_IN 4193mW/4205mW VDD_CPU_GPU_CV 1036mW/1044mW VDD_SOC 1397mW/1398mW
08-10-2026 00:01:37 RAM 3706/7620MB (lfb 1x4MB) SWAP 2/12002MB (cached 0MB) CPU [1%@1510,1%@1510,2%@1510,1%@1510,3%@1510,4%@1510] GR3D_FREQ 0% cpu@46.843C soc2@46.25C soc0@44.5C gpu@46.25C tj@46.843C soc1@44.5C VDD_IN 4193mW/4205mW VDD_CPU_GPU_CV 1036mW/1044mW VDD_SOC 1397mW/1398mW
08-10-2026 00:01:38 RAM 3706/7620MB (lfb 1x4MB) SWAP 2/12002MB (cached 0MB) CPU [2%@1510,1%@1510,2%@1510,2%@1510,0%@1510,2%@1510] GR3D_FREQ 0% cpu@47.093C soc2@46.187C soc0@44.468C gpu@46.218C tj@47C soc1@44.531C VDD_IN 4193mW/4205mW VDD_CPU_GPU_CV 1036mW/1044mW VDD_SOC 1397mW/1398mW
08-10-2026 00:01:39 RAM 3706/7620MB (lfb 1x4MB) SWAP 2/12002MB (cached 0MB) CPU [2%@1510,1%@1510,2%@1510,1%@1510,2%@1510,2%@1510] GR3D_FREQ 0% cpu@46.812C soc2@46.25C soc0@44.5C gpu@46.281C tj@46.812C soc1@44.625C VDD_IN 4153mW/4205mW VDD_CPU_GPU_CV 1036mW/1044mW VDD_SOC 1397mW/1398mW
08-10-2026 00:01:40 RAM 3706/7620MB (lfb 1x4MB) SWAP 2/12002MB (cached 0MB) CPU [2%@1510,2%@1510,3%@1510,2%@1510,3%@1510,4%@1510] GR3D_FREQ 0% cpu@46.937C soc2@46.25C soc0@44.531C gpu@46.25C tj@46.937C soc1@44.625C VDD_IN 4273mW/4205mW VDD_CPU_GPU_CV 1076mW/1044mW VDD_SOC 1395mW/1398mW
08-10-2026 00:01:41 RAM 3705/7620MB (lfb 1x4MB) SWAP 2/12002MB (cached 0MB) CPU [2%@1510,2%@1510,3%@1510,2%@1510,1%@1510,3%@1510] GR3D_FREQ 0% cpu@47.031C soc2@46.187C soc0@44.593C gpu@46.25C tj@47.031C soc1@44.437C VDD_IN 4233mW/4205mW VDD_CPU_GPU_CV 1076mW/1044mW VDD_SOC 1397mW/1398mW
08-10-2026 00:01:42 RAM 3705/7620MB (lfb 1x4MB) SWAP 2/12002MB (cached 0MB) CPU [2%@1510,1%@1510,1%@1510,1%@1510,1%@1510,3%@1510] GR3D_FREQ 0% cpu@46.875C soc2@46.187C soc0@44.75C gpu@46.312C tj@46.875C soc1@44.406C VDD_IN 4193mW/4205mW VDD_CPU_GPU_CV 1036mW/1044mW VDD_SOC 1397mW/1398mW
08-10-2026 00:01:43 RAM 3705/7620MB (lfb 1x4MB) SWAP 2/12002MB (cached 0MB) CPU [4%@1510,2%@1510,2%@1510,1%@1510,0%@1510,3%@1510] GR3D_FREQ 0% cpu@47.156C soc2@46.218C soc0@44.625C gpu@46.281C tj@47.156C soc1@44.5C VDD_IN 4313mW/4206mW VDD_CPU_GPU_CV 1036mW/1044mW VDD_SOC 1397mW/1398mW
08-10-2026 00:01:44 RAM 3705/7620MB (lfb 1x4MB) SWAP 2/12002MB (cached 0MB) CPU [1%@1510,2%@1510,2%@1510,1%@1510,0%@1510,2%@1510] GR3D_FREQ 0% cpu@46.843C soc2@46.25C soc0@44.531C gpu@46.343C tj@46.843C soc1@44.562C VDD_IN 4193mW/4206mW VDD_CPU_GPU_CV 1036mW/1044mW VDD_SOC 1397mW/1398mW
08-10-2026 00:01:45 RAM 3706/7620MB (lfb 1x4MB) SWAP 2/12002MB (cached 0MB) CPU [5%@1510,1%@1510,2%@1510,3%@1510,3%@1510,3%@1510] GR3D_FREQ 0% cpu@47C soc2@46.281C soc0@44.562C gpu@46.25C tj@47C soc1@44.5C VDD_IN 4273mW/4206mW VDD_CPU_GPU_CV 1076mW/1044mW VDD_SOC 1397mW/1398mW
08-10-2026 00:01:46 RAM 3707/7620MB (lfb 1x4MB) SWAP 2/12002MB (cached 0MB) CPU [3%@1510,2%@1510,1%@1510,3%@1510,1%@1510,3%@1510] GR3D_FREQ 0% cpu@46.937C soc2@46.312C soc0@44.625C gpu@46.312C tj@47.031C soc1@44.687C VDD_IN 4233mW/4206mW VDD_CPU_GPU_CV 1036mW/1044mW VDD_SOC 1397mW/1398mW
08-10-2026 00:01:47 RAM 3706/7620MB (lfb 1x4MB) SWAP 2/12002MB (cached 0MB) CPU [2%@1510,2%@1510,3%@1510,1%@1510,1%@1510,2%@1510] GR3D_FREQ 0% cpu@46.937C soc2@46.343C soc0@44.593C gpu@46.375C tj@46.937C soc1@44.437C VDD_IN 4153mW/4206mW VDD_CPU_GPU_CV 1036mW/1044mW VDD_SOC 1397mW/1398mW
08-10-2026 00:01:48 RAM 3706/7620MB (lfb 1x4MB) SWAP 2/12002MB (cached 0MB) CPU [1%@1510,2%@1510,2%@1510,3%@1510,3%@1510,3%@1510] GR3D_FREQ 0% cpu@47.156C soc2@46.156C soc0@44.625C gpu@46.375C tj@47.156C soc1@44.468C VDD_IN 4233mW/4206mW VDD_CPU_GPU_CV 1036mW/1044mW VDD_SOC 1397mW/1398mW
08-10-2026 00:01:49 RAM 3707/7620MB (lfb 1x4MB) SWAP 2/12002MB (cached 0MB) CPU [2%@1510,1%@1510,2%@1510,1%@1510,0%@1510,3%@1510] GR3D_FREQ 0% cpu@46.906C soc2@46.125C soc0@44.468C gpu@46.375C tj@46.906C soc1@44.5C VDD_IN 4193mW/4206mW VDD_CPU_GPU_CV 1036mW/1044mW VDD_SOC 1397mW/1398mW
08-10-2026 00:01:50 RAM 3707/7620MB (lfb 1x4MB) SWAP 2/12002MB (cached 0MB) CPU [1%@1510,1%@1510,4%@1510,3%@1510,3%@1510,3%@1510] GR3D_FREQ 0% cpu@47.218C soc2@46.25C soc0@44.531C gpu@46.312C tj@47.218C soc1@44.5C VDD_IN 4273mW/4206mW VDD_CPU_GPU_CV 1076mW/1044mW VDD_SOC 1395mW/1398mW
08-10-2026 00:01:51 RAM 3707/7620MB (lfb 1x4MB) SWAP 2/12002MB (cached 0MB) CPU [1%@1510,1%@1510,2%@1510,2%@1510,3%@1510,4%@1510] GR3D_FREQ 0% cpu@46.968C soc2@46.343C soc0@44.625C gpu@46.187C tj@46.968C soc1@44.562C VDD_IN 4233mW/4206mW VDD_CPU_GPU_CV 1036mW/1044mW VDD_SOC 1397mW/1398mW
08-10-2026 00:01:52 RAM 3710/7620MB (lfb 1x4MB) SWAP 2/12002MB (cached 0MB) CPU [75%@1510,3%@1510,4%@1510,1%@1510,7%@1510,3%@1510] GR3D_FREQ 0% cpu@47.5C soc2@46.25C soc0@44.593C gpu@46.25C tj@47.5C soc1@44.562C VDD_IN 4920mW/4210mW VDD_CPU_GPU_CV 1505mW/1046mW VDD_SOC 1428mW/1398mW
08-10-2026 00:01:53 RAM 3710/7620MB (lfb 1x4MB) SWAP 2/12002MB (cached 0MB) CPU [4%@1510,0%@1510,1%@1510,3%@1510,1%@1510,3%@1510] GR3D_FREQ 0% cpu@46.937C soc2@46.281C soc0@44.562C gpu@46.218C tj@46.937C soc1@44.625C VDD_IN 4313mW/4210mW VDD_CPU_GPU_CV 1076mW/1047mW VDD_SOC 1395mW/1398mW
08-10-2026 00:01:54 RAM 3710/7620MB (lfb 1x4MB) SWAP 2/12002MB (cached 0MB) CPU [3%@1510,2%@1510,2%@1510,2%@1510,3%@1510,4%@1510] GR3D_FREQ 0% cpu@46.875C soc2@46.156C soc0@44.687C gpu@46.406C tj@46.875C soc1@44.5C VDD_IN 4193mW/4210mW VDD_CPU_GPU_CV 1036mW/1046mW VDD_SOC 1397mW/1398mW
08-10-2026 00:01:55 RAM 3710/7620MB (lfb 1x4MB) SWAP 2/12002MB (cached 0MB) CPU [1%@1510,1%@1510,3%@1510,2%@1510,2%@1510,3%@1510] GR3D_FREQ 0% cpu@47.125C soc2@46.25C soc0@44.531C gpu@46.25C tj@47.125C soc1@44.437C VDD_IN 4233mW/4210mW VDD_CPU_GPU_CV 1076mW/1047mW VDD_SOC 1397mW/1398mW
08-10-2026 00:01:56 RAM 3710/7620MB (lfb 1x4MB) SWAP 2/12002MB (cached 0MB) CPU [1%@1510,0%@1510,3%@1510,2%@1510,1%@1510,3%@1510] GR3D_FREQ 0% cpu@46.937C soc2@46.312C soc0@44.593C gpu@46.218C tj@46.937C soc1@44.625C VDD_IN 4193mW/4210mW VDD_CPU_GPU_CV 1036mW/1047mW VDD_SOC 1397mW/1398mW
08-10-2026 00:01:57 RAM 3710/7620MB (lfb 1x4MB) SWAP 2/12002MB (cached 0MB) CPU [1%@1510,3%@1510,1%@1510,0%@1510,2%@1510,3%@1510] GR3D_FREQ 0% cpu@47.218C soc2@46.187C soc0@44.625C gpu@46.406C tj@47.218C soc1@44.468C VDD_IN 4153mW/4210mW VDD_CPU_GPU_CV 1036mW/1047mW VDD_SOC 1397mW/1398mW
08-10-2026 00:01:58 RAM 3710/7620MB (lfb 1x4MB) SWAP 2/12002MB (cached 0MB) CPU [1%@1510,2%@1510,2%@1510,2%@1510,1%@1510,2%@1510] GR3D_FREQ 0% cpu@47C soc2@46.125C soc0@44.531C gpu@46.437C tj@47C soc1@44.593C VDD_IN 4193mW/4210mW VDD_CPU_GPU_CV 1036mW/1046mW VDD_SOC 1397mW/1398mW
08-10-2026 00:01:59 RAM 3710/7620MB (lfb 1x4MB) SWAP 2/12002MB (cached 0MB) CPU [1%@1510,2%@1510,2%@1510,2%@1510,0%@1510,3%@1510] GR3D_FREQ 0% cpu@46.812C soc2@46.312C soc0@44.593C gpu@46.437C tj@46.937C soc1@44.656C VDD_IN 4193mW/4210mW VDD_CPU_GPU_CV 1036mW/1046mW VDD_SOC 1397mW/1398mW
08-10-2026 00:02:00 RAM 3710/7620MB (lfb 1x4MB) SWAP 2/12002MB (cached 0MB) CPU [2%@1510,0%@1510,2%@1510,2%@1510,5%@1510,4%@1510] GR3D_FREQ 0% cpu@46.906C soc2@46.281C soc0@44.593C gpu@46.343C tj@47.093C soc1@44.656C VDD_IN 4233mW/4210mW VDD_CPU_GPU_CV 1076mW/1047mW VDD_SOC 1397mW/1398mW
08-10-2026 00:02:01 RAM 3710/7620MB (lfb 1x4MB) SWAP 2/12002MB (cached 0MB) CPU [1%@1510,2%@1510,2%@1510,2%@1510,2%@1510,3%@1510] GR3D_FREQ 0% cpu@46.937C soc2@46.25C soc0@44.687C gpu@46.281C tj@46.937C soc1@44.5C VDD_IN 4233mW/4210mW VDD_CPU_GPU_CV 1036mW/1046mW VDD_SOC 1397mW/1398mW
08-10-2026 00:02:02 RAM 3710/7620MB (lfb 1x4MB) SWAP 2/12002MB (cached 0MB) CPU [2%@1510,1%@1510,1%@1510,1%@1510,1%@1510,3%@1510] GR3D_FREQ 0% cpu@47.218C soc2@46.187C soc0@44.531C gpu@46.437C tj@47.218C soc1@44.562C VDD_IN 4153mW/4210mW VDD_CPU_GPU_CV 1036mW/1046mW VDD_SOC 1397mW/1398mW
08-10-2026 00:02:03 RAM 3710/7620MB (lfb 1x4MB) SWAP 2/12002MB (cached 0MB) CPU [1%@1510,2%@1510,1%@1510,1%@1510,4%@1510,3%@1510] GR3D_FREQ 0% cpu@46.843C soc2@46.281C soc0@44.562C gpu@46.468C tj@46.843C soc1@44.656C VDD_IN 4153mW/4209mW VDD_CPU_GPU_CV 1036mW/1046mW VDD_SOC 1397mW/1398mW
08-10-2026 00:02:04 RAM 3710/7620MB (lfb 1x4MB) SWAP 2/12002MB (cached 0MB) CPU [0%@1510,1%@1510,2%@1510,1%@1510,2%@1510,2%@1510] GR3D_FREQ 0% cpu@46.906C soc2@46.312C soc0@44.593C gpu@46.5C tj@46.906C soc1@44.625C VDD_IN 4153mW/4209mW VDD_CPU_GPU_CV 996mW/1046mW VDD_SOC 1397mW/1398mW
08-10-2026 00:02:05 RAM 3709/7620MB (lfb 1x4MB) SWAP 2/12002MB (cached 0MB) CPU [2%@1510,1%@1510,4%@1510,2%@1510,3%@1510,3%@1510] GR3D_FREQ 0% cpu@47.093C soc2@46.312C soc0@44.718C gpu@46.593C tj@47.093C soc1@44.531C VDD_IN 4233mW/4209mW VDD_CPU_GPU_CV 1036mW/1046mW VDD_SOC 1397mW/1398mW
08-10-2026 00:02:06 RAM 3709/7620MB (lfb 1x4MB) SWAP 2/12002MB (cached 0MB) CPU [2%@1510,1%@1510,4%@1510,3%@1510,2%@1510,1%@1510] GR3D_FREQ 0% cpu@46.968C soc2@46.218C soc0@44.656C gpu@46.562C tj@46.937C soc1@44.5C VDD_IN 4193mW/4209mW VDD_CPU_GPU_CV 1036mW/1046mW VDD_SOC 1397mW/1398mW
08-10-2026 00:02:07 RAM 3708/7620MB (lfb 1x4MB) SWAP 2/12002MB (cached 0MB) CPU [2%@1510,0%@1510,2%@1510,2%@1510,3%@1510,1%@1510] GR3D_FREQ 0% cpu@47.187C soc2@46.25C soc0@44.5C gpu@46.625C tj@47.187C soc1@44.5C VDD_IN 4193mW/4209mW VDD_CPU_GPU_CV 1036mW/1046mW VDD_SOC 1397mW/1398mW
08-10-2026 00:02:08 RAM 3708/7620MB (lfb 1x4MB) SWAP 2/12002MB (cached 0MB) CPU [1%@1510,0%@1510,3%@1510,2%@1510,3%@1510,0%@1510] GR3D_FREQ 0% cpu@46.906C soc2@46.218C soc0@44.468C gpu@46.531C tj@46.906C soc1@44.593C VDD_IN 4193mW/4209mW VDD_CPU_GPU_CV 1036mW/1046mW VDD_SOC 1397mW/1398mW
08-10-2026 00:02:09 RAM 3708/7620MB (lfb 1x4MB) SWAP 2/12002MB (cached 0MB) CPU [2%@1510,2%@1510,2%@1510,1%@1510,2%@1510,1%@1510] GR3D_FREQ 0% cpu@47.031C soc2@46.312C soc0@44.5C gpu@46.687C tj@47.031C soc1@44.593C VDD_IN 4193mW/4209mW VDD_CPU_GPU_CV 1036mW/1046mW VDD_SOC 1397mW/1398mW
08-10-2026 00:02:10 RAM 3708/7620MB (lfb 1x4MB) SWAP 2/12002MB (cached 0MB) CPU [3%@1510,0%@1510,4%@1510,4%@1510,3%@1510,5%@1510] GR3D_FREQ 0% cpu@47C soc2@46.343C soc0@44.625C gpu@46.562C tj@47.062C soc1@44.75C VDD_IN 4273mW/4209mW VDD_CPU_GPU_CV 1076mW/1046mW VDD_SOC 1395mW/1398mW
08-10-2026 00:02:11 RAM 3708/7620MB (lfb 1x4MB) SWAP 2/12002MB (cached 0MB) CPU [1%@1510,1%@1510,4%@1510,2%@1510,3%@1510,2%@1510] GR3D_FREQ 0% cpu@47.125C soc2@46.281C soc0@44.687C gpu@46.375C tj@47.125C soc1@44.5C VDD_IN 4233mW/4209mW VDD_CPU_GPU_CV 1036mW/1046mW VDD_SOC 1397mW/1398mW
08-10-2026 00:02:12 RAM 3708/7620MB (lfb 1x4MB) SWAP 2/12002MB (cached 0MB) CPU [1%@1510,1%@1510,4%@1510,2%@1510,1%@1510,2%@1510] GR3D_FREQ 0% cpu@47.218C soc2@46.25C soc0@44.593C gpu@46.375C tj@47.218C soc1@44.5C VDD_IN 4193mW/4209mW VDD_CPU_GPU_CV 1036mW/1046mW VDD_SOC 1397mW/1398mW
08-10-2026 00:02:13 RAM 3708/7620MB (lfb 1x4MB) SWAP 2/12002MB (cached 0MB) CPU [1%@1510,1%@1510,3%@1510,2%@1510,1%@1510,3%@1510] GR3D_FREQ 0% cpu@46.906C soc2@46.343C soc0@44.562C gpu@46.375C tj@46.906C soc1@44.5C VDD_IN 4193mW/4209mW VDD_CPU_GPU_CV 1036mW/1046mW VDD_SOC 1397mW/1398mW
08-10-2026 00:02:14 RAM 3708/7620MB (lfb 1x4MB) SWAP 2/12002MB (cached 0MB) CPU [1%@1510,2%@1510,2%@1510,1%@1510,1%@1510,2%@1510] GR3D_FREQ 0% cpu@47C soc2@46.25C soc0@44.593C gpu@46.343C tj@46.968C soc1@44.562C VDD_IN 4193mW/4209mW VDD_CPU_GPU_CV 1036mW/1046mW VDD_SOC 1397mW/1398mW
08-10-2026 00:02:15 RAM 3709/7620MB (lfb 1x4MB) SWAP 2/12002MB (cached 0MB) CPU [2%@1510,1%@1510,4%@1510,2%@1510,3%@1510,4%@1510] GR3D_FREQ 0% cpu@46.875C soc2@46.375C soc0@44.687C gpu@46.375C tj@46.875C soc1@44.625C VDD_IN 4233mW/4209mW VDD_CPU_GPU_CV 1076mW/1046mW VDD_SOC 1397mW/1398mW
08-10-2026 00:02:16 RAM 3709/7620MB (lfb 1x4MB) SWAP 2/12002MB (cached 0MB) CPU [1%@1510,2%@1510,4%@1510,2%@1510,3%@1510,2%@1510] GR3D_FREQ 0% cpu@47.093C soc2@46.343C soc0@44.625C gpu@46.343C tj@47.093C soc1@44.75C VDD_IN 4193mW/4209mW VDD_CPU_GPU_CV 1036mW/1046mW VDD_SOC 1397mW/1398mW
08-10-2026 00:02:17 RAM 3709/7620MB (lfb 1x4MB) SWAP 2/12002MB (cached 0MB) CPU [1%@1510,1%@1510,3%@1510,0%@1510,3%@1510,1%@1510] GR3D_FREQ 0% cpu@47.218C soc2@46.312C soc0@44.718C gpu@46.5C tj@47.218C soc1@44.406C VDD_IN 4193mW/4209mW VDD_CPU_GPU_CV 1036mW/1046mW VDD_SOC 1397mW/1398mW
08-10-2026 00:02:18 RAM 3709/7620MB (lfb 1x4MB) SWAP 2/12002MB (cached 0MB) CPU [1%@1510,1%@1510,4%@1510,2%@1510,2%@1510,2%@1510] GR3D_FREQ 0% cpu@47.062C soc2@46.187C soc0@44.781C gpu@46.437C tj@46.937C soc1@44.593C VDD_IN 4153mW/4209mW VDD_CPU_GPU_CV 1036mW/1046mW VDD_SOC 1397mW/1398mW
08-10-2026 00:02:19 RAM 3709/7620MB (lfb 1x4MB) SWAP 2/12002MB (cached 0MB) CPU [2%@1510,0%@1510,3%@1510,1%@1510,2%@1510,1%@1510] GR3D_FREQ 0% cpu@47.343C soc2@46.312C soc0@44.531C gpu@46.406C tj@47.343C soc1@44.562C VDD_IN 4193mW/4209mW VDD_CPU_GPU_CV 1036mW/1046mW VDD_SOC 1397mW/1398mW
08-10-2026 00:02:20 RAM 3710/7620MB (lfb 1x4MB) SWAP 2/12002MB (cached 0MB) CPU [1%@1510,0%@1510,3%@1510,1%@1510,6%@1510,2%@1510] GR3D_FREQ 0% cpu@46.906C soc2@46.25C soc0@44.593C gpu@46.406C tj@46.906C soc1@44.718C VDD_IN 4233mW/4209mW VDD_CPU_GPU_CV 1036mW/1046mW VDD_SOC 1397mW/1398mW
08-10-2026 00:02:21 RAM 3712/7620MB (lfb 1x4MB) SWAP 2/12002MB (cached 0MB) CPU [3%@1510,2%@1510,2%@1510,2%@1510,3%@1510,2%@1510] GR3D_FREQ 0% cpu@47C soc2@46.343C soc0@44.593C gpu@46.437C tj@47C soc1@44.75C VDD_IN 4193mW/4209mW VDD_CPU_GPU_CV 1036mW/1046mW VDD_SOC 1397mW/1398mW
08-10-2026 00:02:22 RAM 3712/7620MB (lfb 1x4MB) SWAP 2/12002MB (cached 0MB) CPU [1%@1510,1%@1510,4%@1510,1%@1510,2%@1510,2%@1510] GR3D_FREQ 0% cpu@46.968C soc2@46.406C soc0@44.687C gpu@46.562C tj@47.218C soc1@44.5C VDD_IN 4193mW/4209mW VDD_CPU_GPU_CV 1036mW/1046mW VDD_SOC 1397mW/1398mW
08-10-2026 00:02:23 RAM 3713/7620MB (lfb 1x2MB) SWAP 2/12002MB (cached 0MB) CPU [2%@1510,1%@1510,3%@1510,1%@1510,1%@1510,3%@1510] GR3D_FREQ 0% cpu@47.093C soc2@46.187C soc0@44.75C gpu@46.562C tj@47.093C soc1@44.5C VDD_IN 4193mW/4209mW VDD_CPU_GPU_CV 1036mW/1046mW VDD_SOC 1397mW/1398mW
08-10-2026 00:02:24 RAM 3713/7620MB (lfb 1x2MB) SWAP 2/12002MB (cached 0MB) CPU [1%@1510,0%@1510,3%@1510,2%@1510,3%@1510,1%@1510] GR3D_FREQ 0% cpu@47.281C soc2@46.343C soc0@44.562C gpu@46.562C tj@47.281C soc1@44.531C VDD_IN 4193mW/4209mW VDD_CPU_GPU_CV 1036mW/1046mW VDD_SOC 1397mW/1398mW
08-10-2026 00:02:25 RAM 3712/7620MB (lfb 1x2MB) SWAP 2/12002MB (cached 0MB) CPU [1%@1510,2%@1510,3%@1510,2%@1510,4%@1510,2%@1510] GR3D_FREQ 0% cpu@46.875C soc2@46.343C soc0@44.593C gpu@46.531C tj@46.875C soc1@44.625C VDD_IN 4233mW/4209mW VDD_CPU_GPU_CV 1036mW/1046mW VDD_SOC 1397mW/1398mW
08-10-2026 00:02:26 RAM 3712/7620MB (lfb 1x2MB) SWAP 2/12002MB (cached 0MB) CPU [1%@1510,1%@1510,4%@1510,2%@1510,2%@1510,2%@1510] GR3D_FREQ 0% cpu@46.906C soc2@46.375C soc0@44.625C gpu@46.531C tj@47.062C soc1@44.656C VDD_IN 4193mW/4209mW VDD_CPU_GPU_CV 1036mW/1045mW VDD_SOC 1397mW/1398mW
08-10-2026 00:02:27 RAM 3712/7620MB (lfb 1x2MB) SWAP 2/12002MB (cached 0MB) CPU [2%@1510,1%@1510,3%@1510,1%@1510,2%@1510,1%@1510] GR3D_FREQ 0% cpu@47C soc2@46.375C soc0@44.625C gpu@46.281C tj@47C soc1@44.687C VDD_IN 4153mW/4208mW VDD_CPU_GPU_CV 1036mW/1045mW VDD_SOC 1397mW/1398mW
08-10-2026 00:02:28 RAM 3712/7620MB (lfb 1x2MB) SWAP 2/12002MB (cached 0MB) CPU [2%@1510,2%@1510,3%@1510,2%@1510,2%@1510,2%@1510] GR3D_FREQ 0% cpu@47.093C soc2@46.375C soc0@44.75C gpu@46.375C tj@47.093C soc1@44.562C VDD_IN 4153mW/4208mW VDD_CPU_GPU_CV 1036mW/1045mW VDD_SOC 1397mW/1398mW
08-10-2026 00:02:29 RAM 3713/7620MB (lfb 1x2MB) SWAP 2/12002MB (cached 0MB) CPU [23%@1510,0%@1510,2%@1510,0%@1510,2%@1510,0%@1510] GR3D_FREQ 0% cpu@47.312C soc2@46.343C soc0@44.75C gpu@46.312C tj@47.312C soc1@44.562C VDD_IN 4385mW/4209mW VDD_CPU_GPU_CV 1154mW/1046mW VDD_SOC 1395mW/1398mW
08-10-2026 00:02:30 RAM 3713/7620MB (lfb 1x2MB) SWAP 2/12002MB (cached 0MB) CPU [1%@1510,1%@1510,0%@1510,1%@1510,1%@1510,3%@1510] GR3D_FREQ 0% cpu@47.218C soc2@46.281C soc0@44.562C gpu@46.375C tj@47.218C soc1@44.593C VDD_IN 4193mW/4209mW VDD_CPU_GPU_CV 1036mW/1046mW VDD_SOC 1397mW/1398mW
08-10-2026 00:02:31 RAM 3713/7620MB (lfb 1x2MB) SWAP 2/12002MB (cached 0MB) CPU [0%@1510,0%@1510,1%@1510,1%@1510,1%@1510,0%@1510] GR3D_FREQ 0% cpu@46.937C soc2@46.375C soc0@44.687C gpu@46.375C tj@46.875C soc1@44.593C VDD_IN 4193mW/4209mW VDD_CPU_GPU_CV 996mW/1046mW VDD_SOC 1397mW/1398mW
08-10-2026 00:02:32 RAM 3713/7620MB (lfb 1x2MB) SWAP 2/12002MB (cached 0MB) CPU [2%@1510,1%@1510,0%@1510,0%@1510,0%@1510,0%@1510] GR3D_FREQ 0% cpu@46.968C soc2@46.343C soc0@44.656C gpu@46.375C tj@46.968C soc1@44.625C VDD_IN 4113mW/4208mW VDD_CPU_GPU_CV 996mW/1045mW VDD_SOC 1397mW/1398mW
08-10-2026 00:02:33 RAM 3713/7620MB (lfb 1x2MB) SWAP 2/12002MB (cached 0MB) CPU [0%@1510,0%@1510,0%@1510,0%@1510,0%@1510,0%@1510] GR3D_FREQ 0% cpu@47.062C soc2@46.375C soc0@44.562C gpu@46.437C tj@47.062C soc1@44.718C VDD_IN 4113mW/4208mW VDD_CPU_GPU_CV 996mW/1045mW VDD_SOC 1397mW/1398mW
08-10-2026 00:02:34 RAM 3713/7620MB (lfb 1x2MB) SWAP 2/12002MB (cached 0MB) CPU [1%@1510,1%@1510,0%@1510,0%@1510,0%@1510,0%@1510] GR3D_FREQ 0% cpu@47.031C soc2@46.437C soc0@44.656C gpu@46.375C tj@47.031C soc1@44.843C VDD_IN 4113mW/4208mW VDD_CPU_GPU_CV 996mW/1045mW VDD_SOC 1397mW/1398mW
08-10-2026 00:02:35 RAM 3713/7620MB (lfb 1x2MB) SWAP 2/12002MB (cached 0MB) CPU [3%@1510,0%@1510,1%@1510,1%@1510,3%@1510,2%@1510] GR3D_FREQ 0% cpu@47.156C soc2@46.281C soc0@44.687C gpu@46.375C tj@47.156C soc1@44.625C VDD_IN 4153mW/4207mW VDD_CPU_GPU_CV 996mW/1045mW VDD_SOC 1397mW/1398mW
08-10-2026 00:02:36 RAM 3713/7620MB (lfb 1x2MB) SWAP 2/12002MB (cached 0MB) CPU [1%@1510,0%@1510,0%@1510,0%@1510,1%@1510,1%@1510] GR3D_FREQ 0% cpu@46.937C soc2@46.343C soc0@44.562C gpu@46.375C tj@46.937C soc1@44.531C VDD_IN 4113mW/4207mW VDD_CPU_GPU_CV 996mW/1045mW VDD_SOC 1397mW/1398mW
08-10-2026 00:02:37 RAM 3713/7620MB (lfb 1x2MB) SWAP 2/12002MB (cached 0MB) CPU [1%@1510,0%@1510,0%@1510,0%@1510,0%@1510,0%@1510] GR3D_FREQ 0% cpu@47.031C soc2@46.343C soc0@44.562C gpu@46.406C tj@47.031C soc1@44.593C VDD_IN 4113mW/4207mW VDD_CPU_GPU_CV 996mW/1044mW VDD_SOC 1397mW/1398mW
08-10-2026 00:02:38 RAM 3713/7620MB (lfb 1x2MB) SWAP 2/12002MB (cached 0MB) CPU [1%@1510,1%@1510,0%@1510,0%@1510,0%@1510,0%@1510] GR3D_FREQ 0% cpu@46.906C soc2@46.343C soc0@44.656C gpu@46.375C tj@46.906C soc1@44.656C VDD_IN 4113mW/4206mW VDD_CPU_GPU_CV 996mW/1044mW VDD_SOC 1397mW/1398mW
08-10-2026 00:02:39 RAM 3066/7620MB (lfb 22x4MB) SWAP 2/12002MB (cached 0MB) CPU [1%@1510,1%@1510,3%@1510,3%@1510,1%@1510,0%@1510] GR3D_FREQ 0% cpu@46.968C soc2@46.343C soc0@44.625C gpu@46.531C tj@46.968C soc1@44.718C VDD_IN 4153mW/4206mW VDD_CPU_GPU_CV 996mW/1044mW VDD_SOC 1397mW/1398mW
08-10-2026 00:02:40 RAM 3067/7620MB (lfb 22x4MB) SWAP 2/12002MB (cached 0MB) CPU [1%@1510,1%@1510,1%@1510,1%@1510,1%@1510,3%@1510] GR3D_FREQ 0% cpu@47.125C soc2@46.25C soc0@44.625C gpu@46.375C tj@47.125C soc1@44.812C VDD_IN 4153mW/4206mW VDD_CPU_GPU_CV 996mW/1044mW VDD_SOC 1397mW/1398mW
08-10-2026 00:02:41 RAM 3068/7620MB (lfb 22x4MB) SWAP 2/12002MB (cached 0MB) CPU [1%@1510,1%@1510,1%@1510,0%@1510,1%@1510,0%@1510] GR3D_FREQ 0% cpu@47.093C soc2@46.25C soc0@44.718C gpu@46.468C tj@46.937C soc1@44.531C VDD_IN 4113mW/4205mW VDD_CPU_GPU_CV 996mW/1044mW VDD_SOC 1397mW/1398mW
08-10-2026 00:02:42 RAM 3068/7620MB (lfb 22x4MB) SWAP 2/12002MB (cached 0MB) CPU [1%@1510,0%@1510,0%@1510,0%@1510,0%@1510,1%@1510] GR3D_FREQ 0% cpu@47.25C soc2@46.343C soc0@44.562C gpu@46.5C tj@47.25C soc1@44.593C VDD_IN 4113mW/4205mW VDD_CPU_GPU_CV 996mW/1043mW VDD_SOC 1397mW/1398mW
