08-09-2026 22:25:14 RAM 2995/7620MB (lfb 29x4MB) SWAP 2/12002MB (cached 0MB) CPU [1%@1510,1%@1510,1%@1510,0%@1510,0%@1510,1%@1510] GR3D_FREQ 0% cpu@47.156C soc2@46.687C soc0@45.031C gpu@46.812C tj@47.156C soc1@45.031C VDD_IN 4113mW/4113mW VDD_CPU_GPU_CV 996mW/996mW VDD_SOC 1397mW/1397mW
08-09-2026 22:25:15 RAM 2995/7620MB (lfb 29x4MB) SWAP 2/12002MB (cached 0MB) CPU [0%@1510,1%@1510,2%@1510,1%@1510,1%@1510,3%@1510] GR3D_FREQ 0% cpu@47.375C soc2@46.687C soc0@45C gpu@46.812C tj@47.375C soc1@45C VDD_IN 4153mW/4133mW VDD_CPU_GPU_CV 996mW/996mW VDD_SOC 1397mW/1397mW
08-09-2026 22:25:16 RAM 2995/7620MB (lfb 29x4MB) SWAP 2/12002MB (cached 0MB) CPU [0%@1510,1%@1510,0%@1510,1%@1510,0%@1510,1%@1510] GR3D_FREQ 0% cpu@47.468C soc2@46.656C soc0@45.031C gpu@46.812C tj@47.468C soc1@44.875C VDD_IN 4113mW/4126mW VDD_CPU_GPU_CV 996mW/996mW VDD_SOC 1397mW/1397mW
08-09-2026 22:25:17 RAM 2995/7620MB (lfb 29x4MB) SWAP 2/12002MB (cached 0MB) CPU [1%@1510,1%@1510,0%@1510,0%@1510,0%@1510,0%@1510] GR3D_FREQ 0% cpu@47.312C soc2@46.593C soc0@45.093C gpu@46.843C tj@47.312C soc1@44.843C VDD_IN 4113mW/4123mW VDD_CPU_GPU_CV 996mW/996mW VDD_SOC 1397mW/1397mW
08-09-2026 22:25:18 RAM 2995/7620MB (lfb 29x4MB) SWAP 2/12002MB (cached 0MB) CPU [0%@1510,1%@1510,0%@1510,0%@1510,1%@1510,0%@1510] GR3D_FREQ 0% cpu@47.625C soc2@46.656C soc0@44.937C gpu@46.875C tj@47.625C soc1@44.875C VDD_IN 4113mW/4121mW VDD_CPU_GPU_CV 996mW/996mW VDD_SOC 1397mW/1397mW
08-09-2026 22:25:19 RAM 2995/7620MB (lfb 29x4MB) SWAP 2/12002MB (cached 0MB) CPU [1%@1510,1%@1510,0%@1510,1%@1510,0%@1510,0%@1510] GR3D_FREQ 0% cpu@47.25C soc2@46.687C soc0@44.968C gpu@46.843C tj@47.25C soc1@45C VDD_IN 4113mW/4119mW VDD_CPU_GPU_CV 996mW/996mW VDD_SOC 1397mW/1397mW
08-09-2026 22:25:20 RAM 2995/7620MB (lfb 29x4MB) SWAP 2/12002MB (cached 0MB) CPU [0%@1510,1%@1510,0%@1510,0%@1510,1%@1510,0%@1510] GR3D_FREQ 0% cpu@47.406C soc2@46.75C soc0@44.968C gpu@46.937C tj@47.406C soc1@45.093C VDD_IN 4113mW/4118mW VDD_CPU_GPU_CV 996mW/996mW VDD_SOC 1397mW/1397mW
08-09-2026 22:25:21 RAM 2995/7620MB (lfb 29x4MB) SWAP 2/12002MB (cached 0MB) CPU [0%@1510,1%@1510,0%@1510,0%@1510,2%@1510,0%@1510] GR3D_FREQ 0% cpu@47.593C soc2@46.781C soc0@45C gpu@46.593C tj@47.593C soc1@44.875C VDD_IN 4113mW/4118mW VDD_CPU_GPU_CV 996mW/996mW VDD_SOC 1397mW/1397mW
08-09-2026 22:25:22 RAM 2995/7620MB (lfb 29x4MB) SWAP 2/12002MB (cached 0MB) CPU [0%@1510,1%@1510,0%@1510,0%@1510,0%@1510,0%@1510] GR3D_FREQ 0% cpu@47.406C soc2@46.687C soc0@45.156C gpu@46.656C tj@47.406C soc1@44.906C VDD_IN 4113mW/4117mW VDD_CPU_GPU_CV 996mW/996mW VDD_SOC 1397mW/1397mW
08-09-2026 22:25:23 RAM 2995/7620MB (lfb 29x4MB) SWAP 2/12002MB (cached 0MB) CPU [1%@1510,1%@1510,0%@1510,0%@1510,0%@1510,0%@1510] GR3D_FREQ 0% cpu@47.625C soc2@46.75C soc0@45C gpu@46.718C tj@47.625C soc1@44.937C VDD_IN 4113mW/4117mW VDD_CPU_GPU_CV 996mW/996mW VDD_SOC 1397mW/1397mW
08-09-2026 22:25:24 RAM 2995/7620MB (lfb 29x4MB) SWAP 2/12002MB (cached 0MB) CPU [0%@1510,0%@1510,0%@1510,1%@1510,1%@1510,0%@1510] GR3D_FREQ 0% cpu@47.343C soc2@46.687C soc0@44.968C gpu@46.718C tj@47.343C soc1@44.968C VDD_IN 4113mW/4116mW VDD_CPU_GPU_CV 996mW/996mW VDD_SOC 1397mW/1397mW
08-09-2026 22:25:25 RAM 2995/7620MB (lfb 29x4MB) SWAP 2/12002MB (cached 0MB) CPU [0%@1510,2%@1510,0%@1510,0%@1510,0%@1510,0%@1510] GR3D_FREQ 0% cpu@47.437C soc2@46.781C soc0@44.968C gpu@46.625C tj@47.437C soc1@44.937C VDD_IN 4113mW/4116mW VDD_CPU_GPU_CV 996mW/996mW VDD_SOC 1397mW/1397mW
08-09-2026 22:25:26 RAM 2995/7620MB (lfb 29x4MB) SWAP 2/12002MB (cached 0MB) CPU [0%@1510,1%@1510,0%@1510,1%@1510,1%@1510,0%@1510] GR3D_FREQ 0% cpu@47.312C soc2@46.718C soc0@45.062C gpu@46.656C tj@47.312C soc1@45.093C VDD_IN 4073mW/4113mW VDD_CPU_GPU_CV 996mW/996mW VDD_SOC 1397mW/1397mW
08-09-2026 22:25:27 RAM 2995/7620MB (lfb 29x4MB) SWAP 2/12002MB (cached 0MB) CPU [0%@1510,1%@1510,0%@1510,1%@1510,1%@1510,0%@1510] GR3D_FREQ 0% cpu@47.468C soc2@46.593C soc0@45.031C gpu@46.718C tj@47.468C soc1@44.843C VDD_IN 4113mW/4113mW VDD_CPU_GPU_CV 996mW/996mW VDD_SOC 1397mW/1397mW
08-09-2026 22:25:28 RAM 2995/7620MB (lfb 29x4MB) SWAP 2/12002MB (cached 0MB) CPU [1%@1510,1%@1510,0%@1510,0%@1510,1%@1510,1%@1510] GR3D_FREQ 0% cpu@47.593C soc2@46.656C soc0@45.25C gpu@46.656C tj@47.593C soc1@45C VDD_IN 4113mW/4113mW VDD_CPU_GPU_CV 996mW/996mW VDD_SOC 1397mW/1397mW
08-09-2026 22:25:29 RAM 2995/7620MB (lfb 29x4MB) SWAP 2/12002MB (cached 0MB) CPU [0%@1510,1%@1510,1%@1510,1%@1510,1%@1510,0%@1510] GR3D_FREQ 0% cpu@47.343C soc2@46.656C soc0@45.031C gpu@46.781C tj@47.343C soc1@44.968C VDD_IN 4113mW/4113mW VDD_CPU_GPU_CV 996mW/996mW VDD_SOC 1397mW/1397mW
08-09-2026 22:25:30 RAM 2995/7620MB (lfb 29x4MB) SWAP 2/12002MB (cached 0MB) CPU [1%@1510,0%@1510,0%@1510,0%@1510,0%@1510,0%@1510] GR3D_FREQ 0% cpu@47.312C soc2@46.687C soc0@45.031C gpu@46.75C tj@47.312C soc1@44.968C VDD_IN 4113mW/4113mW VDD_CPU_GPU_CV 996mW/996mW VDD_SOC 1397mW/1397mW
08-09-2026 22:25:31 RAM 2995/7620MB (lfb 29x4MB) SWAP 2/12002MB (cached 0MB) CPU [0%@1510,0%@1510,0%@1510,0%@1510,1%@1510,0%@1510] GR3D_FREQ 0% cpu@47.25C soc2@46.718C soc0@45.125C gpu@46.812C tj@47.25C soc1@44.906C VDD_IN 4120mW/4113mW VDD_CPU_GPU_CV 996mW/996mW VDD_SOC 1397mW/1397mW
08-09-2026 22:25:32 RAM 2995/7620MB (lfb 29x4MB) SWAP 2/12002MB (cached 0MB) CPU [1%@1510,1%@1510,1%@1510,4%@1510,2%@1510,0%@1510] GR3D_FREQ 0% cpu@47.437C soc2@46.781C soc0@45.031C gpu@46.75C tj@47.437C soc1@44.906C VDD_IN 4113mW/4113mW VDD_CPU_GPU_CV 996mW/996mW VDD_SOC 1397mW/1397mW
08-09-2026 22:25:33 RAM 2996/7620MB (lfb 29x4MB) SWAP 2/12002MB (cached 0MB) CPU [0%@1510,0%@1510,0%@1510,1%@1510,1%@1510,1%@1510] GR3D_FREQ 0% cpu@47.625C soc2@46.656C soc0@45.062C gpu@46.843C tj@47.625C soc1@44.968C VDD_IN 4113mW/4113mW VDD_CPU_GPU_CV 996mW/996mW VDD_SOC 1397mW/1397mW
08-09-2026 22:25:34 RAM 2996/7620MB (lfb 29x4MB) SWAP 2/12002MB (cached 0MB) CPU [1%@1510,1%@1510,7%@1510,1%@1510,0%@1510,0%@1510] GR3D_FREQ 0% cpu@47.468C soc2@46.687C soc0@45.093C gpu@46.812C tj@47.468C soc1@44.906C VDD_IN 4193mW/4117mW VDD_CPU_GPU_CV 1036mW/997mW VDD_SOC 1397mW/1397mW
08-09-2026 22:25:35 RAM 2997/7620MB (lfb 29x4MB) SWAP 2/12002MB (cached 0MB) CPU [1%@1510,0%@1510,13%@1510,1%@1510,3%@1510,2%@1510] GR3D_FREQ 0% cpu@47.218C soc2@46.625C soc0@45C gpu@46.843C tj@47.218C soc1@44.937C VDD_IN 4153mW/4118mW VDD_CPU_GPU_CV 996mW/997mW VDD_SOC 1397mW/1397mW
08-09-2026 22:25:36 RAM 2998/7620MB (lfb 29x4MB) SWAP 2/12002MB (cached 0MB) CPU [1%@1510,1%@1510,0%@1510,0%@1510,0%@1510,0%@1510] GR3D_FREQ 0% cpu@47.437C soc2@46.718C soc0@44.968C gpu@46.843C tj@47.343C soc1@45.031C VDD_IN 4113mW/4118mW VDD_CPU_GPU_CV 996mW/997mW VDD_SOC 1397mW/1397mW
08-09-2026 22:25:38 RAM 2998/7620MB (lfb 29x4MB) SWAP 2/12002MB (cached 0MB) CPU [0%@1510,1%@1510,0%@1510,0%@1510,0%@1510,0%@1510] GR3D_FREQ 0% cpu@47.25C soc2@46.718C soc0@45.031C gpu@46.843C tj@47.25C soc1@45.062C VDD_IN 4073mW/4116mW VDD_CPU_GPU_CV 956mW/996mW VDD_SOC 1397mW/1397mW
08-09-2026 22:25:39 RAM 2998/7620MB (lfb 29x4MB) SWAP 2/12002MB (cached 0MB) CPU [0%@1510,2%@1510,0%@1510,0%@1510,1%@1510,0%@1510] GR3D_FREQ 0% cpu@47.312C soc2@46.75C soc0@45.093C gpu@46.843C tj@47.312C soc1@45.156C VDD_IN 4073mW/4114mW VDD_CPU_GPU_CV 956mW/994mW VDD_SOC 1397mW/1397mW
08-09-2026 22:25:40 RAM 2998/7620MB (lfb 29x4MB) SWAP 2/12002MB (cached 0MB) CPU [0%@1510,0%@1510,0%@1510,0%@1510,0%@1510,0%@1510] GR3D_FREQ 0% cpu@47.468C soc2@46.656C soc0@45.062C gpu@46.843C tj@47.468C soc1@44.843C VDD_IN 4073mW/4113mW VDD_CPU_GPU_CV 956mW/992mW VDD_SOC 1397mW/1397mW
08-09-2026 22:25:41 RAM 2998/7620MB (lfb 29x4MB) SWAP 2/12002MB (cached 0MB) CPU [1%@1510,1%@1510,0%@1510,0%@1510,1%@1510,1%@1510] GR3D_FREQ 0% cpu@47.343C soc2@46.687C soc0@45.156C gpu@46.812C tj@47.343C soc1@44.906C VDD_IN 4073mW/4111mW VDD_CPU_GPU_CV 956mW/991mW VDD_SOC 1397mW/1397mW
08-09-2026 22:25:42 RAM 2998/7620MB (lfb 29x4MB) SWAP 2/12002MB (cached 0MB) CPU [1%@1510,3%@1510,0%@1510,0%@1510,0%@1510,0%@1510] GR3D_FREQ 0% cpu@47.562C soc2@46.718C soc0@44.968C gpu@46.906C tj@47.562C soc1@45C VDD_IN 4113mW/4111mW VDD_CPU_GPU_CV 956mW/990mW VDD_SOC 1397mW/1397mW
08-09-2026 22:25:43 RAM 2998/7620MB (lfb 29x4MB) SWAP 2/12002MB (cached 0MB) CPU [1%@1510,1%@1510,0%@1510,0%@1510,0%@1510,0%@1510] GR3D_FREQ 0% cpu@47.406C soc2@46.687C soc0@45C gpu@46.937C tj@47.406C soc1@44.968C VDD_IN 4073mW/4110mW VDD_CPU_GPU_CV 956mW/989mW VDD_SOC 1397mW/1397mW
08-09-2026 22:25:44 RAM 2998/7620MB (lfb 29x4MB) SWAP 2/12002MB (cached 0MB) CPU [0%@1510,0%@1510,0%@1510,0%@1510,1%@1510,1%@1510] GR3D_FREQ 0% cpu@47.312C soc2@46.687C soc0@44.968C gpu@46.937C tj@47.312C soc1@44.937C VDD_IN 4113mW/4110mW VDD_CPU_GPU_CV 996mW/989mW VDD_SOC 1397mW/1397mW
08-09-2026 22:25:45 RAM 2998/7620MB (lfb 29x4MB) SWAP 2/12002MB (cached 0MB) CPU [2%@1510,0%@1510,0%@1510,0%@1510,1%@1510,2%@1510] GR3D_FREQ 0% cpu@47.25C soc2@46.781C soc0@44.968C gpu@47.031C tj@47.25C soc1@45.031C VDD_IN 4153mW/4111mW VDD_CPU_GPU_CV 996mW/989mW VDD_SOC 1397mW/1397mW
08-09-2026 22:25:46 RAM 2999/7620MB (lfb 29x4MB) SWAP 2/12002MB (cached 0MB) CPU [0%@1510,0%@1510,0%@1510,0%@1510,1%@1510,0%@1510] GR3D_FREQ 0% cpu@47.343C soc2@46.718C soc0@45.062C gpu@47C tj@47.343C soc1@44.906C VDD_IN 4113mW/4111mW VDD_CPU_GPU_CV 996mW/989mW VDD_SOC 1397mW/1397mW
08-09-2026 22:25:47 RAM 2999/7620MB (lfb 29x4MB) SWAP 2/12002MB (cached 0MB) CPU [1%@1510,1%@1510,0%@1510,0%@1510,0%@1510,0%@1510] GR3D_FREQ 0% cpu@47.531C soc2@46.562C soc0@45.093C gpu@47.031C tj@47.531C soc1@44.906C VDD_IN 4113mW/4112mW VDD_CPU_GPU_CV 956mW/988mW VDD_SOC 1397mW/1397mW
08-09-2026 22:25:48 RAM 2999/7620MB (lfb 29x4MB) SWAP 2/12002MB (cached 0MB) CPU [0%@1510,0%@1510,0%@1510,0%@1510,0%@1510,0%@1510] GR3D_FREQ 0% cpu@47.343C soc2@46.593C soc0@45.187C gpu@46.968C tj@47.343C soc1@44.812C VDD_IN 4073mW/4110mW VDD_CPU_GPU_CV 956mW/987mW VDD_SOC 1397mW/1397mW
08-09-2026 22:25:49 RAM 2999/7620MB (lfb 29x4MB) SWAP 2/12002MB (cached 0MB) CPU [0%@1510,2%@1510,0%@1510,0%@1510,1%@1510,0%@1510] GR3D_FREQ 0% cpu@47.5C soc2@46.656C soc0@44.968C gpu@47C tj@47.5C soc1@44.968C VDD_IN 4113mW/4110mW VDD_CPU_GPU_CV 956mW/986mW VDD_SOC 1397mW/1397mW
08-09-2026 22:25:50 RAM 2999/7620MB (lfb 29x4MB) SWAP 2/12002MB (cached 0MB) CPU [1%@1510,1%@1510,0%@1510,0%@1510,1%@1510,0%@1510] GR3D_FREQ 0% cpu@47.218C soc2@46.593C soc0@45.031C gpu@46.5C tj@47.218C soc1@44.968C VDD_IN 4113mW/4110mW VDD_CPU_GPU_CV 956mW/986mW VDD_SOC 1397mW/1397mW
08-09-2026 22:25:51 RAM 2999/7620MB (lfb 29x4MB) SWAP 2/12002MB (cached 0MB) CPU [0%@1510,1%@1510,0%@1510,0%@1510,0%@1510,0%@1510] GR3D_FREQ 0% cpu@47.375C soc2@46.656C soc0@44.937C gpu@46.531C tj@47.375C soc1@44.937C VDD_IN 4073mW/4109mW VDD_CPU_GPU_CV 956mW/985mW VDD_SOC 1397mW/1397mW
08-09-2026 22:25:52 RAM 2998/7620MB (lfb 29x4MB) SWAP 2/12002MB (cached 0MB) CPU [1%@1510,1%@1510,0%@1510,0%@1510,0%@1510,0%@1510] GR3D_FREQ 0% cpu@47.312C soc2@46.656C soc0@45C gpu@46.562C tj@47.312C soc1@45.093C VDD_IN 4113mW/4110mW VDD_CPU_GPU_CV 956mW/984mW VDD_SOC 1397mW/1397mW
08-09-2026 22:25:53 RAM 2998/7620MB (lfb 29x4MB) SWAP 2/12002MB (cached 0MB) CPU [0%@1510,1%@1510,0%@1510,0%@1510,0%@1510,0%@1510] GR3D_FREQ 0% cpu@47.375C soc2@46.625C soc0@45C gpu@46.531C tj@47.375C soc1@44.843C VDD_IN 4073mW/4109mW VDD_CPU_GPU_CV 956mW/983mW VDD_SOC 1397mW/1397mW
08-09-2026 22:25:54 RAM 2998/7620MB (lfb 29x4MB) SWAP 2/12002MB (cached 0MB) CPU [0%@1510,1%@1510,0%@1510,0%@1510,0%@1510,0%@1510] GR3D_FREQ 0% cpu@47.593C soc2@46.593C soc0@45.062C gpu@46.531C tj@47.593C soc1@44.843C VDD_IN 4113mW/4109mW VDD_CPU_GPU_CV 956mW/983mW VDD_SOC 1397mW/1397mW
08-09-2026 22:25:55 RAM 2998/7620MB (lfb 29x4MB) SWAP 2/12002MB (cached 0MB) CPU [1%@1510,0%@1510,0%@1510,0%@1510,2%@1510,0%@1510] GR3D_FREQ 0% cpu@47.437C soc2@46.687C soc0@44.906C gpu@46.593C tj@47.343C soc1@44.843C VDD_IN 4073mW/4108mW VDD_CPU_GPU_CV 956mW/982mW VDD_SOC 1397mW/1397mW
08-09-2026 22:25:56 RAM 2998/7620MB (lfb 29x4MB) SWAP 2/12002MB (cached 0MB) CPU [0%@1510,1%@1510,0%@1510,0%@1510,0%@1510,0%@1510] GR3D_FREQ 0% cpu@47.187C soc2@46.687C soc0@44.906C gpu@46.593C tj@47.187C soc1@44.875C VDD_IN 4073mW/4107mW VDD_CPU_GPU_CV 956mW/981mW VDD_SOC 1397mW/1397mW
08-09-2026 22:25:57 RAM 2998/7620MB (lfb 29x4MB) SWAP 2/12002MB (cached 0MB) CPU [1%@1510,1%@1510,0%@1510,0%@1510,1%@1510,0%@1510] GR3D_FREQ 0% cpu@47.156C soc2@46.687C soc0@44.875C gpu@46.531C tj@47.156C soc1@44.937C VDD_IN 4073mW/4106mW VDD_CPU_GPU_CV 956mW/981mW VDD_SOC 1397mW/1397mW
08-09-2026 22:25:58 RAM 2998/7620MB (lfb 29x4MB) SWAP 2/12002MB (cached 0MB) CPU [1%@1510,1%@1510,0%@1510,0%@1510,1%@1510,0%@1510] GR3D_FREQ 0% cpu@47.375C soc2@46.718C soc0@45C gpu@46.656C tj@47.375C soc1@45C VDD_IN 4120mW/4106mW VDD_CPU_GPU_CV 956mW/980mW VDD_SOC 1397mW/1397mW
08-09-2026 22:25:59 RAM 2998/7620MB (lfb 29x4MB) SWAP 2/12002MB (cached 0MB) CPU [0%@1510,1%@1510,1%@1510,0%@1510,0%@1510,0%@1510] GR3D_FREQ 0% cpu@47.218C soc2@46.843C soc0@45C gpu@46.593C tj@47.218C soc1@45.031C VDD_IN 4113mW/4107mW VDD_CPU_GPU_CV 956mW/980mW VDD_SOC 1397mW/1397mW
08-09-2026 22:26:00 RAM 2998/7620MB (lfb 29x4MB) SWAP 2/12002MB (cached 0MB) CPU [1%@1510,0%@1510,0%@1510,0%@1510,0%@1510,0%@1510] GR3D_FREQ 0% cpu@47.375C soc2@46.562C soc0@45.062C gpu@46.625C tj@47.375C soc1@44.812C VDD_IN 4113mW/4107mW VDD_CPU_GPU_CV 996mW/980mW VDD_SOC 1397mW/1397mW
08-09-2026 22:26:01 RAM 2998/7620MB (lfb 29x4MB) SWAP 2/12002MB (cached 0MB) CPU [1%@1510,1%@1510,2%@1510,0%@1510,0%@1510,0%@1510] GR3D_FREQ 0% cpu@47.218C soc2@46.687C soc0@44.937C gpu@46.625C tj@47.218C soc1@44.906C VDD_IN 4113mW/4107mW VDD_CPU_GPU_CV 956mW/979mW VDD_SOC 1397mW/1397mW
08-09-2026 22:26:02 RAM 2998/7620MB (lfb 29x4MB) SWAP 2/12002MB (cached 0MB) CPU [1%@1510,0%@1510,0%@1510,0%@1510,1%@1510,0%@1510] GR3D_FREQ 0% cpu@47.5C soc2@46.656C soc0@44.875C gpu@46.625C tj@47.5C soc1@44.906C VDD_IN 4073mW/4106mW VDD_CPU_GPU_CV 996mW/980mW VDD_SOC 1397mW/1397mW
08-09-2026 22:26:03 RAM 2998/7620MB (lfb 29x4MB) SWAP 2/12002MB (cached 0MB) CPU [0%@1510,1%@1510,0%@1510,0%@1510,0%@1510,0%@1510] GR3D_FREQ 0% cpu@47.125C soc2@46.625C soc0@44.875C gpu@46.625C tj@47.125C soc1@44.906C VDD_IN 4113mW/4106mW VDD_CPU_GPU_CV 996mW/980mW VDD_SOC 1397mW/1397mW
08-09-2026 22:26:04 RAM 2998/7620MB (lfb 29x4MB) SWAP 2/12002MB (cached 0MB) CPU [0%@1510,1%@1510,0%@1510,0%@1510,0%@1510,0%@1510] GR3D_FREQ 0% cpu@47.312C soc2@46.687C soc0@44.968C gpu@46.562C tj@47.312C soc1@44.968C VDD_IN 4113mW/4106mW VDD_CPU_GPU_CV 996mW/980mW VDD_SOC 1397mW/1397mW
08-09-2026 22:26:05 RAM 2998/7620MB (lfb 29x4MB) SWAP 2/12002MB (cached 0MB) CPU [1%@1510,1%@1510,0%@1510,0%@1510,1%@1510,1%@1510] GR3D_FREQ 0% cpu@47.375C soc2@46.687C soc0@45C gpu@46.656C tj@47.375C soc1@45.062C VDD_IN 4113mW/4107mW VDD_CPU_GPU_CV 996mW/981mW VDD_SOC 1397mW/1397mW
08-09-2026 22:26:06 RAM 2998/7620MB (lfb 29x4MB) SWAP 2/12002MB (cached 0MB) CPU [0%@1510,1%@1510,0%@1510,1%@1510,1%@1510,0%@1510] GR3D_FREQ 0% cpu@47.218C soc2@46.625C soc0@45.156C gpu@46.687C tj@47.218C soc1@44.843C VDD_IN 4073mW/4106mW VDD_CPU_GPU_CV 996mW/981mW VDD_SOC 1397mW/1397mW
08-09-2026 22:26:07 RAM 2998/7620MB (lfb 29x4MB) SWAP 2/12002MB (cached 0MB) CPU [1%@1510,1%@1510,0%@1510,0%@1510,1%@1510,0%@1510] GR3D_FREQ 0% cpu@47.531C soc2@46.656C soc0@45.125C gpu@46.593C tj@47.531C soc1@44.843C VDD_IN 4073mW/4105mW VDD_CPU_GPU_CV 996mW/981mW VDD_SOC 1397mW/1397mW
08-09-2026 22:26:08 RAM 2998/7620MB (lfb 29x4MB) SWAP 2/12002MB (cached 0MB) CPU [0%@1510,0%@1510,1%@1510,0%@1510,1%@1510,0%@1510] GR3D_FREQ 0% cpu@47.343C soc2@46.625C soc0@44.906C gpu@46.593C tj@47.187C soc1@44.843C VDD_IN 4120mW/4105mW VDD_CPU_GPU_CV 996mW/981mW VDD_SOC 1397mW/1397mW
08-09-2026 22:26:09 RAM 2998/7620MB (lfb 29x4MB) SWAP 2/12002MB (cached 0MB) CPU [0%@1510,3%@1510,1%@1510,0%@1510,0%@1510,0%@1510] GR3D_FREQ 0% cpu@47.656C soc2@46.656C soc0@44.968C gpu@46.718C tj@47.656C soc1@44.875C VDD_IN 4120mW/4106mW VDD_CPU_GPU_CV 996mW/982mW VDD_SOC 1397mW/1397mW
08-09-2026 22:26:10 RAM 2998/7620MB (lfb 29x4MB) SWAP 2/12002MB (cached 0MB) CPU [2%@1510,1%@1510,1%@1510,2%@1510,1%@1510,0%@1510] GR3D_FREQ 0% cpu@47.375C soc2@46.718C soc0@44.968C gpu@46.687C tj@47.375C soc1@44.968C VDD_IN 4153mW/4107mW VDD_CPU_GPU_CV 996mW/982mW VDD_SOC 1397mW/1397mW
08-09-2026 22:26:11 RAM 2998/7620MB (lfb 29x4MB) SWAP 2/12002MB (cached 0MB) CPU [0%@1510,0%@1510,0%@1510,0%@1510,0%@1510,0%@1510] GR3D_FREQ 0% cpu@47.312C soc2@46.718C soc0@45C gpu@46.687C tj@47.312C soc1@45.062C VDD_IN 4113mW/4107mW VDD_CPU_GPU_CV 996mW/982mW VDD_SOC 1397mW/1397mW
08-09-2026 22:26:12 RAM 2998/7620MB (lfb 29x4MB) SWAP 2/12002MB (cached 0MB) CPU [0%@1510,0%@1510,0%@1510,0%@1510,0%@1510,0%@1510] GR3D_FREQ 0% cpu@47.468C soc2@46.843C soc0@45C gpu@46.687C tj@47.468C soc1@44.843C VDD_IN 4113mW/4107mW VDD_CPU_GPU_CV 996mW/982mW VDD_SOC 1397mW/1397mW
08-09-2026 22:26:13 RAM 2998/7620MB (lfb 29x4MB) SWAP 2/12002MB (cached 0MB) CPU [2%@1510,1%@1510,1%@1510,0%@1510,1%@1510,0%@1510] GR3D_FREQ 0% cpu@47.375C soc2@46.687C soc0@45.125C gpu@46.843C tj@47.375C soc1@44.843C VDD_IN 4113mW/4107mW VDD_CPU_GPU_CV 996mW/983mW VDD_SOC 1397mW/1397mW
08-09-2026 22:26:14 RAM 2998/7620MB (lfb 29x4MB) SWAP 2/12002MB (cached 0MB) CPU [0%@1510,0%@1510,0%@1510,0%@1510,0%@1510,0%@1510] GR3D_FREQ 0% cpu@47.625C soc2@46.687C soc0@45C gpu@46.656C tj@47.625C soc1@44.843C VDD_IN 4113mW/4107mW VDD_CPU_GPU_CV 996mW/983mW VDD_SOC 1397mW/1397mW
08-09-2026 22:26:15 RAM 2998/7620MB (lfb 29x4MB) SWAP 2/12002MB (cached 0MB) CPU [0%@1510,1%@1510,0%@1510,0%@1510,0%@1510,0%@1510] GR3D_FREQ 0% cpu@47.218C soc2@46.5C soc0@44.906C gpu@46.812C tj@47.218C soc1@44.843C VDD_IN 4113mW/4107mW VDD_CPU_GPU_CV 996mW/983mW VDD_SOC 1397mW/1397mW
08-09-2026 22:26:16 RAM 2998/7620MB (lfb 29x4MB) SWAP 2/12002MB (cached 0MB) CPU [1%@1510,1%@1510,0%@1510,0%@1510,0%@1510,0%@1510] GR3D_FREQ 0% cpu@47.25C soc2@46.75C soc0@44.968C gpu@46.75C tj@47.406C soc1@45C VDD_IN 4113mW/4107mW VDD_CPU_GPU_CV 996mW/983mW VDD_SOC 1397mW/1397mW
08-09-2026 22:26:17 RAM 2998/7620MB (lfb 29x4MB) SWAP 2/12002MB (cached 0MB) CPU [0%@1510,0%@1510,0%@1510,0%@1510,1%@1510,0%@1510] GR3D_FREQ 0% cpu@47.25C soc2@46.593C soc0@44.875C gpu@46.781C tj@47.25C soc1@45.031C VDD_IN 4113mW/4107mW VDD_CPU_GPU_CV 996mW/983mW VDD_SOC 1397mW/1397mW
08-09-2026 22:26:18 RAM 2998/7620MB (lfb 29x4MB) SWAP 2/12002MB (cached 0MB) CPU [1%@1510,0%@1510,0%@1510,0%@1510,0%@1510,0%@1510] GR3D_FREQ 0% cpu@47.375C soc2@46.625C soc0@45.125C gpu@46.812C tj@47.375C soc1@44.75C VDD_IN 4113mW/4107mW VDD_CPU_GPU_CV 996mW/984mW VDD_SOC 1397mW/1397mW
08-09-2026 22:26:19 RAM 2998/7620MB (lfb 29x4MB) SWAP 2/12002MB (cached 0MB) CPU [0%@1510,0%@1510,0%@1510,0%@1510,1%@1510,0%@1510] GR3D_FREQ 0% cpu@47.593C soc2@46.625C soc0@45.062C gpu@46.843C tj@47.593C soc1@44.843C VDD_IN 4113mW/4107mW VDD_CPU_GPU_CV 996mW/984mW VDD_SOC 1397mW/1397mW
08-09-2026 22:26:20 RAM 2998/7620MB (lfb 29x4MB) SWAP 2/12002MB (cached 0MB) CPU [1%@1510,1%@1510,1%@1510,0%@1510,1%@1510,0%@1510] GR3D_FREQ 0% cpu@47.5C soc2@46.718C soc0@44.937C gpu@46.875C tj@47.5C soc1@44.906C VDD_IN 4113mW/4107mW VDD_CPU_GPU_CV 996mW/984mW VDD_SOC 1397mW/1397mW
08-09-2026 22:26:21 RAM 2999/7620MB (lfb 29x4MB) SWAP 2/12002MB (cached 0MB) CPU [0%@1510,0%@1510,0%@1510,0%@1510,0%@1510,0%@1510] GR3D_FREQ 0% cpu@47.281C soc2@46.625C soc0@44.937C gpu@46.906C tj@47.281C soc1@44.968C VDD_IN 4080mW/4107mW VDD_CPU_GPU_CV 956mW/984mW VDD_SOC 1397mW/1397mW
08-09-2026 22:26:22 RAM 2999/7620MB (lfb 29x4MB) SWAP 2/12002MB (cached 0MB) CPU [0%@1510,1%@1510,0%@1510,0%@1510,0%@1510,0%@1510] GR3D_FREQ 0% cpu@47.281C soc2@46.625C soc0@44.906C gpu@46.906C tj@47.281C soc1@44.937C VDD_IN 4080mW/4107mW VDD_CPU_GPU_CV 956mW/983mW VDD_SOC 1397mW/1397mW
08-09-2026 22:26:23 RAM 2999/7620MB (lfb 29x4MB) SWAP 2/12002MB (cached 0MB) CPU [1%@1510,1%@1510,0%@1510,0%@1510,0%@1510,0%@1510] GR3D_FREQ 0% cpu@47.406C soc2@46.718C soc0@45.031C gpu@46.937C tj@47.406C soc1@45.031C VDD_IN 4113mW/4107mW VDD_CPU_GPU_CV 956mW/983mW VDD_SOC 1397mW/1397mW
08-09-2026 22:26:24 RAM 2999/7620MB (lfb 29x4MB) SWAP 2/12002MB (cached 0MB) CPU [0%@1510,0%@1510,0%@1510,0%@1510,0%@1510,0%@1510] GR3D_FREQ 0% cpu@47.312C soc2@46.843C soc0@45C gpu@46.937C tj@47.312C soc1@45.093C VDD_IN 4073mW/4106mW VDD_CPU_GPU_CV 956mW/982mW VDD_SOC 1397mW/1397mW
08-09-2026 22:26:25 RAM 2999/7620MB (lfb 29x4MB) SWAP 2/12002MB (cached 0MB) CPU [0%@1510,1%@1510,0%@1510,0%@1510,0%@1510,0%@1510] GR3D_FREQ 0% cpu@47.437C soc2@46.593C soc0@45.093C gpu@46.906C tj@47.437C soc1@44.937C VDD_IN 4073mW/4106mW VDD_CPU_GPU_CV 956mW/982mW VDD_SOC 1397mW/1397mW
08-09-2026 22:26:26 RAM 2999/7620MB (lfb 29x4MB) SWAP 2/12002MB (cached 0MB) CPU [1%@1510,1%@1510,0%@1510,0%@1510,0%@1510,0%@1510] GR3D_FREQ 0% cpu@47.25C soc2@46.656C soc0@44.906C gpu@47.031C tj@47.218C soc1@44.937C VDD_IN 4073mW/4105mW VDD_CPU_GPU_CV 956mW/982mW VDD_SOC 1397mW/1397mW
08-09-2026 22:26:27 RAM 2999/7620MB (lfb 29x4MB) SWAP 2/12002MB (cached 0MB) CPU [0%@1510,0%@1510,0%@1510,0%@1510,0%@1510,0%@1510] GR3D_FREQ 0% cpu@47.5C soc2@46.625C soc0@44.906C gpu@47.031C tj@47.5C soc1@45C VDD_IN 4073mW/4105mW VDD_CPU_GPU_CV 956mW/981mW VDD_SOC 1397mW/1397mW
08-09-2026 22:26:28 RAM 2999/7620MB (lfb 29x4MB) SWAP 2/12002MB (cached 0MB) CPU [0%@1510,1%@1510,0%@1510,0%@1510,1%@1510,0%@1510] GR3D_FREQ 0% cpu@47.25C soc2@46.75C soc0@44.968C gpu@47.031C tj@47.25C soc1@45C VDD_IN 4073mW/4104mW VDD_CPU_GPU_CV 956mW/981mW VDD_SOC 1397mW/1397mW
08-09-2026 22:26:29 RAM 2999/7620MB (lfb 29x4MB) SWAP 2/12002MB (cached 0MB) CPU [0%@1510,1%@1510,0%@1510,0%@1510,1%@1510,0%@1510] GR3D_FREQ 0% cpu@47.312C soc2@46.718C soc0@45.031C gpu@46.468C tj@47.312C soc1@45.031C VDD_IN 4113mW/4105mW VDD_CPU_GPU_CV 956mW/981mW VDD_SOC 1397mW/1397mW
08-09-2026 22:26:30 RAM 2999/7620MB (lfb 29x4MB) SWAP 2/12002MB (cached 0MB) CPU [0%@1510,1%@1510,0%@1510,0%@1510,0%@1510,0%@1510] GR3D_FREQ 0% cpu@47.5C soc2@46.75C soc0@45C gpu@46.593C tj@47.5C soc1@45.093C VDD_IN 4073mW/4104mW VDD_CPU_GPU_CV 956mW/980mW VDD_SOC 1397mW/1397mW
08-09-2026 22:26:31 RAM 2999/7620MB (lfb 29x4MB) SWAP 2/12002MB (cached 0MB) CPU [0%@1510,1%@1510,2%@1510,0%@1510,0%@1510,0%@1510] GR3D_FREQ 0% cpu@47.312C soc2@46.656C soc0@45.093C gpu@46.531C tj@47.312C soc1@44.875C VDD_IN 4073mW/4104mW VDD_CPU_GPU_CV 956mW/980mW VDD_SOC 1397mW/1397mW
08-09-2026 22:26:32 RAM 2999/7620MB (lfb 29x4MB) SWAP 2/12002MB (cached 0MB) CPU [0%@1510,1%@1510,1%@1510,0%@1510,0%@1510,0%@1510] GR3D_FREQ 0% cpu@47.5C soc2@46.625C soc0@45.156C gpu@46.562C tj@47.5C soc1@44.843C VDD_IN 4073mW/4103mW VDD_CPU_GPU_CV 956mW/980mW VDD_SOC 1397mW/1397mW
08-09-2026 22:26:33 RAM 2999/7620MB (lfb 29x4MB) SWAP 2/12002MB (cached 0MB) CPU [1%@1510,1%@1510,0%@1510,0%@1510,0%@1510,0%@1510] GR3D_FREQ 0% cpu@47.312C soc2@46.593C soc0@44.906C gpu@46.593C tj@47.218C soc1@44.937C VDD_IN 4113mW/4103mW VDD_CPU_GPU_CV 996mW/980mW VDD_SOC 1397mW/1397mW
08-09-2026 22:26:34 RAM 2999/7620MB (lfb 29x4MB) SWAP 2/12002MB (cached 0MB) CPU [0%@1510,1%@1510,1%@1510,10%@1510,4%@1510,4%@1510] GR3D_FREQ 0% cpu@47.625C soc2@46.656C soc0@44.937C gpu@46.531C tj@47.625C soc1@44.906C VDD_IN 4153mW/4104mW VDD_CPU_GPU_CV 996mW/980mW VDD_SOC 1397mW/1397mW
08-09-2026 22:26:35 RAM 2999/7620MB (lfb 29x4MB) SWAP 2/12002MB (cached 0MB) CPU [0%@1510,1%@1510,0%@1510,0%@1510,0%@1510,1%@1510] GR3D_FREQ 0% cpu@47.281C soc2@46.718C soc0@44.968C gpu@46.625C tj@47.281C soc1@44.906C VDD_IN 4113mW/4104mW VDD_CPU_GPU_CV 996mW/980mW VDD_SOC 1397mW/1397mW
08-09-2026 22:26:36 RAM 2999/7620MB (lfb 29x4MB) SWAP 2/12002MB (cached 0MB) CPU [2%@1510,1%@1510,0%@1510,0%@1510,0%@1510,0%@1510] GR3D_FREQ 0% cpu@47.343C soc2@46.75C soc0@44.906C gpu@46.625C tj@47.343C soc1@45.093C VDD_IN 4073mW/4104mW VDD_CPU_GPU_CV 996mW/980mW VDD_SOC 1397mW/1397mW
08-09-2026 22:26:37 RAM 2999/7620MB (lfb 29x4MB) SWAP 2/12002MB (cached 0MB) CPU [1%@1510,0%@1510,0%@1510,0%@1510,0%@1510,0%@1510] GR3D_FREQ 0% cpu@47.5C soc2@46.781C soc0@44.968C gpu@46.593C tj@47.5C soc1@44.843C VDD_IN 4073mW/4103mW VDD_CPU_GPU_CV 956mW/980mW VDD_SOC 1397mW/1397mW
08-09-2026 22:26:38 RAM 2999/7620MB (lfb 29x4MB) SWAP 2/12002MB (cached 0MB) CPU [1%@1510,0%@1510,0%@1510,1%@1510,0%@1510,0%@1510] GR3D_FREQ 0% cpu@47.375C soc2@46.593C soc0@45.093C gpu@46.625C tj@47.375C soc1@44.843C VDD_IN 4073mW/4103mW VDD_CPU_GPU_CV 956mW/980mW VDD_SOC 1397mW/1397mW
08-09-2026 22:26:39 RAM 2999/7620MB (lfb 29x4MB) SWAP 2/12002MB (cached 0MB) CPU [0%@1510,0%@1510,0%@1510,0%@1510,1%@1510,0%@1510] GR3D_FREQ 0% cpu@47.593C soc2@46.656C soc0@45.062C gpu@46.593C tj@47.593C soc1@44.875C VDD_IN 4113mW/4103mW VDD_CPU_GPU_CV 996mW/980mW VDD_SOC 1397mW/1397mW
08-09-2026 22:26:40 RAM 2999/7620MB (lfb 29x4MB) SWAP 2/12002MB (cached 0MB) CPU [0%@1510,1%@1510,0%@1510,0%@1510,0%@1510,1%@1510] GR3D_FREQ 0% cpu@47.375C soc2@46.718C soc0@44.906C gpu@46.593C tj@47.375C soc1@44.875C VDD_IN 4080mW/4103mW VDD_CPU_GPU_CV 956mW/980mW VDD_SOC 1397mW/1397mW
08-09-2026 22:26:41 RAM 2999/7620MB (lfb 29x4MB) SWAP 2/12002MB (cached 0MB) CPU [0%@1510,0%@1510,0%@1510,0%@1510,0%@1510,0%@1510] GR3D_FREQ 0% cpu@47.156C soc2@46.656C soc0@44.968C gpu@46.593C tj@47.156C soc1@44.937C VDD_IN 4080mW/4103mW VDD_CPU_GPU_CV 956mW/979mW VDD_SOC 1397mW/1397mW
08-09-2026 22:26:42 RAM 2999/7620MB (lfb 29x4MB) SWAP 2/12002MB (cached 0MB) CPU [1%@1510,0%@1510,0%@1510,0%@1510,0%@1510,0%@1510] GR3D_FREQ 0% cpu@47.312C soc2@46.718C soc0@45C gpu@46.687C tj@47.312C soc1@45C VDD_IN 4113mW/4103mW VDD_CPU_GPU_CV 996mW/980mW VDD_SOC 1397mW/1397mW
08-09-2026 22:26:43 RAM 2999/7620MB (lfb 29x4MB) SWAP 2/12002MB (cached 0MB) CPU [1%@1510,1%@1510,0%@1510,0%@1510,0%@1510,0%@1510] GR3D_FREQ 0% cpu@47.375C soc2@46.75C soc0@44.968C gpu@46.656C tj@47.375C soc1@44.875C VDD_IN 4073mW/4102mW VDD_CPU_GPU_CV 996mW/980mW VDD_SOC 1397mW/1397mW
08-09-2026 22:26:44 RAM 2999/7620MB (lfb 29x4MB) SWAP 2/12002MB (cached 0MB) CPU [1%@1510,0%@1510,0%@1510,0%@1510,0%@1510,0%@1510] GR3D_FREQ 0% cpu@47.281C soc2@46.625C soc0@45.093C gpu@46.656C tj@47.593C soc1@44.843C VDD_IN 4073mW/4102mW VDD_CPU_GPU_CV 996mW/980mW VDD_SOC 1397mW/1397mW
08-09-2026 22:26:45 RAM 2999/7620MB (lfb 29x4MB) SWAP 2/12002MB (cached 0MB) CPU [1%@1510,1%@1510,0%@1510,0%@1510,1%@1510,0%@1510] GR3D_FREQ 0% cpu@47.468C soc2@46.718C soc0@45.125C gpu@46.718C tj@47.468C soc1@44.968C VDD_IN 4113mW/4102mW VDD_CPU_GPU_CV 996mW/980mW VDD_SOC 1397mW/1397mW
08-09-2026 22:26:46 RAM 2999/7620MB (lfb 29x4MB) SWAP 2/12002MB (cached 0MB) CPU [0%@1510,0%@1510,0%@1510,0%@1510,0%@1510,1%@1510] GR3D_FREQ 0% cpu@47.25C soc2@46.75C soc0@45C gpu@46.656C tj@47.25C soc1@44.906C VDD_IN 4113mW/4102mW VDD_CPU_GPU_CV 996mW/980mW VDD_SOC 1397mW/1397mW
08-09-2026 22:26:47 RAM 2999/7620MB (lfb 29x4MB) SWAP 2/12002MB (cached 0MB) CPU [2%@1510,2%@1510,0%@1510,0%@1510,0%@1510,0%@1510] GR3D_FREQ 0% cpu@47.531C soc2@46.718C soc0@44.968C gpu@46.625C tj@47.531C soc1@44.906C VDD_IN 4073mW/4102mW VDD_CPU_GPU_CV 956mW/980mW VDD_SOC 1397mW/1397mW
08-09-2026 22:26:48 RAM 2999/7620MB (lfb 29x4MB) SWAP 2/12002MB (cached 0MB) CPU [0%@1510,0%@1510,0%@1510,0%@1510,0%@1510,0%@1510] GR3D_FREQ 0% cpu@47.187C soc2@46.718C soc0@44.968C gpu@46.687C tj@47.187C soc1@45C VDD_IN 4073mW/4102mW VDD_CPU_GPU_CV 996mW/980mW VDD_SOC 1397mW/1397mW
08-09-2026 22:26:49 RAM 2999/7620MB (lfb 29x4MB) SWAP 2/12002MB (cached 0MB) CPU [0%@1510,1%@1510,0%@1510,0%@1510,1%@1510,0%@1510] GR3D_FREQ 0% cpu@47.312C soc2@46.812C soc0@45C gpu@46.75C tj@47.312C soc1@44.937C VDD_IN 4113mW/4102mW VDD_CPU_GPU_CV 996mW/980mW VDD_SOC 1397mW/1397mW
08-09-2026 22:26:50 RAM 2999/7620MB (lfb 29x4MB) SWAP 2/12002MB (cached 0MB) CPU [0%@1510,1%@1510,0%@1510,0%@1510,0%@1510,1%@1510] GR3D_FREQ 0% cpu@47.406C soc2@46.75C soc0@45.031C gpu@46.75C tj@47.406C soc1@44.843C VDD_IN 4113mW/4102mW VDD_CPU_GPU_CV 996mW/981mW VDD_SOC 1397mW/1397mW
08-09-2026 22:26:51 RAM 2999/7620MB (lfb 29x4MB) SWAP 2/12002MB (cached 0MB) CPU [1%@1510,0%@1510,0%@1510,0%@1510,1%@1510,0%@1510] GR3D_FREQ 0% cpu@47.312C soc2@46.656C soc0@45.062C gpu@46.718C tj@47.25C soc1@44.812C VDD_IN 4113mW/4102mW VDD_CPU_GPU_CV 996mW/981mW VDD_SOC 1397mW/1397mW
08-09-2026 22:26:52 RAM 2999/7620MB (lfb 29x4MB) SWAP 2/12002MB (cached 0MB) CPU [1%@1510,0%@1510,0%@1510,0%@1510,0%@1510,1%@1510] GR3D_FREQ 0% cpu@47.531C soc2@46.625C soc0@44.937C gpu@46.687C tj@47.531C soc1@44.937C VDD_IN 4073mW/4102mW VDD_CPU_GPU_CV 996mW/981mW VDD_SOC 1397mW/1397mW
08-09-2026 22:26:53 RAM 2999/7620MB (lfb 29x4MB) SWAP 2/12002MB (cached 0MB) CPU [1%@1510,0%@1510,0%@1510,0%@1510,0%@1510,0%@1510] GR3D_FREQ 0% cpu@47.25C soc2@46.718C soc0@44.937C gpu@46.812C tj@47.25C soc1@44.937C VDD_IN 4073mW/4101mW VDD_CPU_GPU_CV 956mW/981mW VDD_SOC 1397mW/1397mW
08-09-2026 22:26:54 RAM 2999/7620MB (lfb 29x4MB) SWAP 2/12002MB (cached 0MB) CPU [0%@1510,1%@1510,0%@1510,0%@1510,0%@1510,0%@1510] GR3D_FREQ 0% cpu@47.281C soc2@46.625C soc0@45.031C gpu@46.718C tj@47.281C soc1@44.906C VDD_IN 4113mW/4101mW VDD_CPU_GPU_CV 956mW/980mW VDD_SOC 1397mW/1397mW
08-09-2026 22:26:55 RAM 2999/7620MB (lfb 29x4MB) SWAP 2/12002MB (cached 0MB) CPU [1%@1510,0%@1510,0%@1510,0%@1510,0%@1510,0%@1510] GR3D_FREQ 0% cpu@47.281C soc2@46.687C soc0@45.062C gpu@46.812C tj@47.281C soc1@45C VDD_IN 4113mW/4102mW VDD_CPU_GPU_CV 956mW/980mW VDD_SOC 1397mW/1397mW
08-09-2026 22:26:56 RAM 2999/7620MB (lfb 29x4MB) SWAP 2/12002MB (cached 0MB) CPU [0%@1510,1%@1510,0%@1510,0%@1510,0%@1510,0%@1510] GR3D_FREQ 0% cpu@47.375C soc2@46.687C soc0@45.031C gpu@46.843C tj@47.375C soc1@45.031C VDD_IN 4113mW/4102mW VDD_CPU_GPU_CV 956mW/980mW VDD_SOC 1397mW/1397mW
08-09-2026 22:26:57 RAM 2999/7620MB (lfb 29x4MB) SWAP 2/12002MB (cached 0MB) CPU [2%@1510,0%@1510,0%@1510,0%@1510,1%@1510,0%@1510] GR3D_FREQ 0% cpu@47.468C soc2@46.593C soc0@45.093C gpu@46.843C tj@47.531C soc1@44.906C VDD_IN 4080mW/4101mW VDD_CPU_GPU_CV 956mW/980mW VDD_SOC 1397mW/1397mW
08-09-2026 22:26:58 RAM 2999/7620MB (lfb 29x4MB) SWAP 2/12002MB (cached 0MB) CPU [1%@1510,1%@1510,0%@1510,0%@1510,0%@1510,0%@1510] GR3D_FREQ 0% cpu@47.375C soc2@46.625C soc0@45.187C gpu@46.843C tj@47.375C soc1@44.875C VDD_IN 4080mW/4101mW VDD_CPU_GPU_CV 956mW/979mW VDD_SOC 1397mW/1397mW
08-09-2026 22:26:59 RAM 2999/7620MB (lfb 29x4MB) SWAP 2/12002MB (cached 0MB) CPU [0%@1510,1%@1510,2%@1510,0%@1510,1%@1510,0%@1510] GR3D_FREQ 0% cpu@47.656C soc2@46.625C soc0@44.906C gpu@46.843C tj@47.656C soc1@44.937C VDD_IN 4113mW/4101mW VDD_CPU_GPU_CV 996mW/980mW VDD_SOC 1397mW/1397mW
08-09-2026 22:27:00 RAM 2999/7620MB (lfb 29x4MB) SWAP 2/12002MB (cached 0MB) CPU [0%@1510,1%@1510,0%@1510,0%@1510,0%@1510,0%@1510] GR3D_FREQ 0% cpu@47.25C soc2@46.625C soc0@44.906C gpu@46.906C tj@47.25C soc1@44.968C VDD_IN 4113mW/4101mW VDD_CPU_GPU_CV 996mW/980mW VDD_SOC 1397mW/1397mW
08-09-2026 22:27:01 RAM 2999/7620MB (lfb 29x4MB) SWAP 2/12002MB (cached 0MB) CPU [0%@1510,0%@1510,0%@1510,0%@1510,1%@1510,1%@1510] GR3D_FREQ 0% cpu@47.312C soc2@46.625C soc0@44.875C gpu@46.937C tj@47.312C soc1@44.968C VDD_IN 4120mW/4102mW VDD_CPU_GPU_CV 996mW/980mW VDD_SOC 1397mW/1397mW
08-09-2026 22:27:02 RAM 2999/7620MB (lfb 29x4MB) SWAP 2/12002MB (cached 0MB) CPU [1%@1510,0%@1510,0%@1510,0%@1510,0%@1510,0%@1510] GR3D_FREQ 0% cpu@47.281C soc2@46.687C soc0@44.937C gpu@46.875C tj@47.281C soc1@44.937C VDD_IN 4073mW/4101mW VDD_CPU_GPU_CV 956mW/980mW VDD_SOC 1397mW/1397mW
08-09-2026 22:27:03 RAM 2999/7620MB (lfb 29x4MB) SWAP 2/12002MB (cached 0MB) CPU [0%@1510,0%@1510,0%@1510,0%@1510,0%@1510,0%@1510] GR3D_FREQ 0% cpu@47.343C soc2@46.687C soc0@45.031C gpu@46.937C tj@47.343C soc1@44.843C VDD_IN 4073mW/4101mW VDD_CPU_GPU_CV 956mW/979mW VDD_SOC 1397mW/1397mW
08-09-2026 22:27:04 RAM 2999/7620MB (lfb 29x4MB) SWAP 2/12002MB (cached 0MB) CPU [0%@1510,1%@1510,0%@1510,0%@1510,0%@1510,0%@1510] GR3D_FREQ 0% cpu@47.562C soc2@46.656C soc0@45.125C gpu@47C tj@47.562C soc1@44.843C VDD_IN 4120mW/4101mW VDD_CPU_GPU_CV 956mW/979mW VDD_SOC 1397mW/1397mW
08-09-2026 22:27:05 RAM 2999/7620MB (lfb 29x4MB) SWAP 2/12002MB (cached 0MB) CPU [0%@1510,0%@1510,0%@1510,0%@1510,0%@1510,0%@1510] GR3D_FREQ 0% cpu@47.406C soc2@46.687C soc0@44.937C gpu@46.968C tj@47.406C soc1@44.906C VDD_IN 4113mW/4101mW VDD_CPU_GPU_CV 996mW/979mW VDD_SOC 1397mW/1397mW
08-09-2026 22:27:06 RAM 2999/7620MB (lfb 29x4MB) SWAP 2/12002MB (cached 0MB) CPU [1%@1510,0%@1510,0%@1510,0%@1510,1%@1510,0%@1510] GR3D_FREQ 0% cpu@47.25C soc2@46.656C soc0@44.937C gpu@47.031C tj@47.25C soc1@44.875C VDD_IN 4073mW/4101mW VDD_CPU_GPU_CV 996mW/979mW VDD_SOC 1397mW/1397mW
08-09-2026 22:27:07 RAM 2999/7620MB (lfb 29x4MB) SWAP 2/12002MB (cached 0MB) CPU [2%@1510,0%@1510,0%@1510,0%@1510,1%@1510,0%@1510] GR3D_FREQ 0% cpu@47.312C soc2@46.687C soc0@44.906C gpu@47C tj@47.312C soc1@44.875C VDD_IN 4080mW/4101mW VDD_CPU_GPU_CV 956mW/979mW VDD_SOC 1397mW/1397mW
08-09-2026 22:27:08 RAM 2999/7620MB (lfb 29x4MB) SWAP 2/12002MB (cached 0MB) CPU [1%@1510,1%@1510,0%@1510,0%@1510,0%@1510,1%@1510] GR3D_FREQ 0% cpu@47.25C soc2@46.718C soc0@45.031C gpu@47.062C tj@47.312C soc1@45.062C VDD_IN 4073mW/4101mW VDD_CPU_GPU_CV 958mW/979mW VDD_SOC 1397mW/1397mW
08-09-2026 22:27:09 RAM 2999/7620MB (lfb 29x4MB) SWAP 2/12002MB (cached 0MB) CPU [0%@1510,0%@1510,0%@1510,0%@1510,1%@1510,0%@1510] GR3D_FREQ 0% cpu@47.312C soc2@46.718C soc0@45.031C gpu@46.5C tj@47.312C soc1@45.062C VDD_IN 4113mW/4101mW VDD_CPU_GPU_CV 996mW/979mW VDD_SOC 1397mW/1397mW
08-09-2026 22:27:10 RAM 2999/7620MB (lfb 29x4MB) SWAP 2/12002MB (cached 0MB) CPU [1%@1510,0%@1510,2%@1510,0%@1510,1%@1510,0%@1510] GR3D_FREQ 0% cpu@47.437C soc2@46.593C soc0@45.156C gpu@46.5C tj@47.437C soc1@44.875C VDD_IN 4113mW/4101mW VDD_CPU_GPU_CV 996mW/979mW VDD_SOC 1397mW/1397mW
08-09-2026 22:27:11 RAM 2999/7620MB (lfb 29x4MB) SWAP 2/12002MB (cached 0MB) CPU [1%@1510,0%@1510,1%@1510,0%@1510,0%@1510,0%@1510] GR3D_FREQ 0% cpu@47.312C soc2@46.625C soc0@45.031C gpu@46.562C tj@47.312C soc1@44.875C VDD_IN 4113mW/4101mW VDD_CPU_GPU_CV 996mW/979mW VDD_SOC 1397mW/1397mW
08-09-2026 22:27:12 RAM 2999/7620MB (lfb 29x4MB) SWAP 2/12002MB (cached 0MB) CPU [1%@1510,0%@1510,1%@1510,0%@1510,0%@1510,0%@1510] GR3D_FREQ 0% cpu@47.593C soc2@46.718C soc0@44.968C gpu@46.593C tj@47.593C soc1@44.937C VDD_IN 4113mW/4101mW VDD_CPU_GPU_CV 996mW/980mW VDD_SOC 1397mW/1397mW
08-09-2026 22:27:13 RAM 2999/7620MB (lfb 29x4MB) SWAP 2/12002MB (cached 0MB) CPU [1%@1510,1%@1510,0%@1510,0%@1510,0%@1510,0%@1510] GR3D_FREQ 0% cpu@47.281C soc2@46.656C soc0@44.937C gpu@46.531C tj@47.281C soc1@45C VDD_IN 4113mW/4101mW VDD_CPU_GPU_CV 956mW/979mW VDD_SOC 1397mW/1397mW
08-09-2026 22:27:14 RAM 2999/7620MB (lfb 29x4MB) SWAP 2/12002MB (cached 0MB) CPU [1%@1510,0%@1510,0%@1510,0%@1510,0%@1510,0%@1510] GR3D_FREQ 0% cpu@47.281C soc2@46.687C soc0@44.906C gpu@46.593C tj@47.281C soc1@45.031C VDD_IN 4113mW/4101mW VDD_CPU_GPU_CV 996mW/980mW VDD_SOC 1397mW/1397mW
08-09-2026 22:27:15 RAM 2999/7620MB (lfb 29x4MB) SWAP 2/12002MB (cached 0MB) CPU [0%@1510,0%@1510,0%@1510,0%@1510,1%@1510,0%@1510] GR3D_FREQ 0% cpu@47.406C soc2@46.687C soc0@45.062C gpu@46.593C tj@47.406C soc1@45.125C VDD_IN 4073mW/4101mW VDD_CPU_GPU_CV 958mW/979mW VDD_SOC 1397mW/1397mW
08-09-2026 22:27:16 RAM 2999/7620MB (lfb 29x4MB) SWAP 2/12002MB (cached 0MB) CPU [1%@1510,1%@1510,0%@1510,0%@1510,0%@1510,0%@1510] GR3D_FREQ 0% cpu@47.343C soc2@46.75C soc0@45.125C gpu@46.562C tj@47.343C soc1@44.906C VDD_IN 4073mW/4101mW VDD_CPU_GPU_CV 956mW/979mW VDD_SOC 1397mW/1397mW
08-09-2026 22:27:17 RAM 2999/7620MB (lfb 29x4MB) SWAP 2/12002MB (cached 0MB) CPU [1%@1510,0%@1510,0%@1510,2%@1510,0%@1510,0%@1510] GR3D_FREQ 0% cpu@47.625C soc2@46.687C soc0@45.031C gpu@46.625C tj@47.625C soc1@44.906C VDD_IN 4073mW/4101mW VDD_CPU_GPU_CV 956mW/979mW VDD_SOC 1397mW/1397mW
08-09-2026 22:27:18 RAM 2999/7620MB (lfb 29x4MB) SWAP 2/12002MB (cached 0MB) CPU [0%@1510,0%@1510,0%@1510,0%@1510,0%@1510,0%@1510] GR3D_FREQ 0% cpu@47.312C soc2@46.718C soc0@44.937C gpu@46.531C tj@47.312C soc1@44.968C VDD_IN 4073mW/4100mW VDD_CPU_GPU_CV 956mW/979mW VDD_SOC 1397mW/1397mW
08-09-2026 22:27:19 RAM 2999/7620MB (lfb 29x4MB) SWAP 2/12002MB (cached 0MB) CPU [1%@1510,0%@1510,0%@1510,0%@1510,0%@1510,0%@1510] GR3D_FREQ 0% cpu@47.75C soc2@46.625C soc0@44.906C gpu@46.687C tj@47.75C soc1@44.937C VDD_IN 4113mW/4100mW VDD_CPU_GPU_CV 956mW/979mW VDD_SOC 1397mW/1397mW
08-09-2026 22:27:20 RAM 2999/7620MB (lfb 29x4MB) SWAP 2/12002MB (cached 0MB) CPU [0%@1510,0%@1510,0%@1510,0%@1510,0%@1510,0%@1510] GR3D_FREQ 0% cpu@47.25C soc2@46.75C soc0@44.968C gpu@46.625C tj@47.25C soc1@45C VDD_IN 4073mW/4100mW VDD_CPU_GPU_CV 956mW/978mW VDD_SOC 1397mW/1397mW
08-09-2026 22:27:21 RAM 2999/7620MB (lfb 29x4MB) SWAP 2/12002MB (cached 0MB) CPU [1%@1510,0%@1510,0%@1510,0%@1510,0%@1510,0%@1510] GR3D_FREQ 0% cpu@47.281C soc2@46.718C soc0@45.093C gpu@46.718C tj@47.281C soc1@45.125C VDD_IN 4120mW/4100mW VDD_CPU_GPU_CV 956mW/978mW VDD_SOC 1397mW/1397mW
08-09-2026 22:27:22 RAM 2999/7620MB (lfb 29x4MB) SWAP 2/12002MB (cached 0MB) CPU [1%@1510,0%@1510,0%@1510,0%@1510,0%@1510,0%@1510] GR3D_FREQ 0% cpu@47.375C soc2@46.656C soc0@45.093C gpu@46.75C tj@47.593C soc1@44.906C VDD_IN 4073mW/4100mW VDD_CPU_GPU_CV 956mW/978mW VDD_SOC 1397mW/1397mW
08-09-2026 22:27:23 RAM 2999/7620MB (lfb 29x4MB) SWAP 2/12002MB (cached 0MB) CPU [0%@1510,1%@1510,0%@1510,0%@1510,1%@1510,0%@1510] GR3D_FREQ 0% cpu@47.468C soc2@46.75C soc0@45.125C gpu@46.656C tj@47.468C soc1@44.906C VDD_IN 4073mW/4100mW VDD_CPU_GPU_CV 956mW/978mW VDD_SOC 1397mW/1397mW
08-09-2026 22:27:24 RAM 2999/7620MB (lfb 29x4MB) SWAP 2/12002MB (cached 0MB) CPU [0%@1510,1%@1510,0%@1510,0%@1510,0%@1510,0%@1510] GR3D_FREQ 0% cpu@47.656C soc2@46.687C soc0@44.968C gpu@46.656C tj@47.656C soc1@44.875C VDD_IN 4073mW/4100mW VDD_CPU_GPU_CV 956mW/978mW VDD_SOC 1397mW/1397mW
08-09-2026 22:27:25 RAM 2999/7620MB (lfb 29x4MB) SWAP 2/12002MB (cached 0MB) CPU [1%@1510,0%@1510,0%@1510,0%@1510,1%@1510,0%@1510] GR3D_FREQ 0% cpu@47.531C soc2@46.656C soc0@45C gpu@46.75C tj@47.531C soc1@44.968C VDD_IN 4073mW/4100mW VDD_CPU_GPU_CV 996mW/978mW VDD_SOC 1397mW/1397mW
08-09-2026 22:27:26 RAM 2999/7620MB (lfb 29x4MB) SWAP 2/12002MB (cached 0MB) CPU [0%@1510,1%@1510,0%@1510,0%@1510,0%@1510,0%@1510] GR3D_FREQ 0% cpu@47.218C soc2@46.718C soc0@45.031C gpu@46.687C tj@47.218C soc1@45C VDD_IN 4073mW/4099mW VDD_CPU_GPU_CV 996mW/978mW VDD_SOC 1397mW/1397mW
08-09-2026 22:27:27 RAM 2999/7620MB (lfb 29x4MB) SWAP 2/12002MB (cached 0MB) CPU [1%@1510,0%@1510,0%@1510,0%@1510,1%@1510,0%@1510] GR3D_FREQ 0% cpu@47.281C soc2@46.687C soc0@45.093C gpu@46.687C tj@47.281C soc1@45.093C VDD_IN 4073mW/4099mW VDD_CPU_GPU_CV 956mW/978mW VDD_SOC 1397mW/1397mW
08-09-2026 22:27:28 RAM 2999/7620MB (lfb 29x4MB) SWAP 2/12002MB (cached 0MB) CPU [0%@1510,0%@1510,0%@1510,0%@1510,0%@1510,0%@1510] GR3D_FREQ 0% cpu@47.437C soc2@46.812C soc0@45.093C gpu@46.625C tj@47.437C soc1@44.906C VDD_IN 4073mW/4099mW VDD_CPU_GPU_CV 956mW/978mW VDD_SOC 1397mW/1397mW
08-09-2026 22:27:29 RAM 2999/7620MB (lfb 29x4MB) SWAP 2/12002MB (cached 0MB) CPU [2%@1510,0%@1510,0%@1510,0%@1510,0%@1510,0%@1510] GR3D_FREQ 0% cpu@47.625C soc2@46.656C soc0@45.031C gpu@46.718C tj@47.625C soc1@44.875C VDD_IN 4113mW/4099mW VDD_CPU_GPU_CV 996mW/978mW VDD_SOC 1397mW/1397mW
08-09-2026 22:27:30 RAM 2999/7620MB (lfb 29x4MB) SWAP 2/12002MB (cached 0MB) CPU [0%@1510,1%@1510,0%@1510,0%@1510,0%@1510,0%@1510] GR3D_FREQ 0% cpu@47.531C soc2@46.687C soc0@45.062C gpu@46.781C tj@47.531C soc1@44.843C VDD_IN 4073mW/4099mW VDD_CPU_GPU_CV 956mW/978mW VDD_SOC 1397mW/1397mW
08-09-2026 22:27:31 RAM 2999/7620MB (lfb 29x4MB) SWAP 2/12002MB (cached 0MB) CPU [1%@1510,0%@1510,0%@1510,0%@1510,1%@1510,0%@1510] GR3D_FREQ 0% cpu@47.281C soc2@46.625C soc0@45C gpu@46.718C tj@47.281C soc1@44.906C VDD_IN 4073mW/4099mW VDD_CPU_GPU_CV 996mW/978mW VDD_SOC 1397mW/1397mW
08-09-2026 22:27:32 RAM 2999/7620MB (lfb 29x4MB) SWAP 2/12002MB (cached 0MB) CPU [0%@1510,1%@1510,0%@1510,0%@1510,0%@1510,0%@1510] GR3D_FREQ 0% cpu@47.312C soc2@46.656C soc0@45.031C gpu@46.812C tj@47.312C soc1@44.937C VDD_IN 4073mW/4098mW VDD_CPU_GPU_CV 996mW/978mW VDD_SOC 1397mW/1397mW
08-09-2026 22:27:33 RAM 2999/7620MB (lfb 29x4MB) SWAP 2/12002MB (cached 0MB) CPU [1%@1510,0%@1510,0%@1510,0%@1510,1%@1510,0%@1510] GR3D_FREQ 0% cpu@47.156C soc2@46.656C soc0@44.968C gpu@46.781C tj@47.156C soc1@45.062C VDD_IN 4073mW/4098mW VDD_CPU_GPU_CV 956mW/978mW VDD_SOC 1397mW/1397mW
08-09-2026 22:27:34 RAM 3000/7620MB (lfb 29x4MB) SWAP 2/12002MB (cached 0MB) CPU [0%@1510,1%@1510,0%@1510,0%@1510,0%@1510,0%@1510] GR3D_FREQ 0% cpu@47.375C soc2@46.687C soc0@45.125C gpu@46.75C tj@47.375C soc1@45.125C VDD_IN 4073mW/4098mW VDD_CPU_GPU_CV 996mW/978mW VDD_SOC 1397mW/1397mW
08-09-2026 22:27:35 RAM 3000/7620MB (lfb 29x4MB) SWAP 2/12002MB (cached 0MB) CPU [1%@1510,0%@1510,0%@1510,0%@1510,0%@1510,0%@1510] GR3D_FREQ 0% cpu@47.531C soc2@46.687C soc0@45C gpu@46.843C tj@47.531C soc1@44.843C VDD_IN 4073mW/4098mW VDD_CPU_GPU_CV 996mW/978mW VDD_SOC 1397mW/1397mW
08-09-2026 22:27:36 RAM 3000/7620MB (lfb 29x4MB) SWAP 2/12002MB (cached 0MB) CPU [0%@1510,0%@1510,0%@1510,1%@1510,0%@1510,0%@1510] GR3D_FREQ 0% cpu@47.281C soc2@46.687C soc0@45.062C gpu@46.812C tj@47.281C soc1@44.906C VDD_IN 4073mW/4098mW VDD_CPU_GPU_CV 996mW/978mW VDD_SOC 1397mW/1397mW
08-09-2026 22:27:37 RAM 3000/7620MB (lfb 29x4MB) SWAP 2/12002MB (cached 0MB) CPU [1%@1510,0%@1510,0%@1510,0%@1510,2%@1510,0%@1510] GR3D_FREQ 0% cpu@47.593C soc2@46.687C soc0@44.937C gpu@46.812C tj@47.593C soc1@44.906C VDD_IN 4073mW/4098mW VDD_CPU_GPU_CV 996mW/978mW VDD_SOC 1397mW/1397mW
08-09-2026 22:27:38 RAM 3000/7620MB (lfb 29x4MB) SWAP 2/12002MB (cached 0MB) CPU [0%@1510,2%@1510,1%@1510,0%@1510,1%@1510,0%@1510] GR3D_FREQ 0% cpu@47.281C soc2@46.687C soc0@44.968C gpu@46.843C tj@47.281C soc1@44.906C VDD_IN 4073mW/4097mW VDD_CPU_GPU_CV 956mW/978mW VDD_SOC 1397mW/1397mW
08-09-2026 22:27:39 RAM 3000/7620MB (lfb 29x4MB) SWAP 2/12002MB (cached 0MB) CPU [1%@1510,0%@1510,0%@1510,0%@1510,0%@1510,0%@1510] GR3D_FREQ 0% cpu@47.375C soc2@46.75C soc0@45.062C gpu@46.968C tj@47.375C soc1@45C VDD_IN 4113mW/4097mW VDD_CPU_GPU_CV 996mW/978mW VDD_SOC 1397mW/1397mW
08-09-2026 22:27:40 RAM 3000/7620MB (lfb 29x4MB) SWAP 2/12002MB (cached 0MB) CPU [0%@1510,0%@1510,0%@1510,0%@1510,0%@1510,1%@1510] GR3D_FREQ 0% cpu@47.218C soc2@46.718C soc0@44.937C gpu@46.875C tj@47.562C soc1@45.125C VDD_IN 4113mW/4098mW VDD_CPU_GPU_CV 996mW/978mW VDD_SOC 1397mW/1397mW
08-09-2026 22:27:41 RAM 3000/7620MB (lfb 29x4MB) SWAP 2/12002MB (cached 0MB) CPU [1%@1510,0%@1510,0%@1510,0%@1510,0%@1510,0%@1510] GR3D_FREQ 0% cpu@47.375C soc2@46.656C soc0@45.093C gpu@46.875C tj@47.375C soc1@44.906C VDD_IN 4073mW/4097mW VDD_CPU_GPU_CV 996mW/978mW VDD_SOC 1397mW/1397mW
08-09-2026 22:27:42 RAM 3000/7620MB (lfb 29x4MB) SWAP 2/12002MB (cached 0MB) CPU [1%@1510,0%@1510,0%@1510,0%@1510,0%@1510,0%@1510] GR3D_FREQ 0% cpu@47.625C soc2@46.687C soc0@45C gpu@47.031C tj@47.625C soc1@44.906C VDD_IN 4113mW/4097mW VDD_CPU_GPU_CV 996mW/979mW VDD_SOC 1397mW/1397mW
08-09-2026 22:27:43 RAM 3000/7620MB (lfb 29x4MB) SWAP 2/12002MB (cached 0MB) CPU [0%@1510,1%@1510,0%@1510,0%@1510,0%@1510,0%@1510] GR3D_FREQ 0% cpu@47.343C soc2@46.687C soc0@44.968C gpu@46.906C tj@47.343C soc1@44.968C VDD_IN 4113mW/4098mW VDD_CPU_GPU_CV 996mW/979mW VDD_SOC 1397mW/1397mW
08-09-2026 22:27:44 RAM 3000/7620MB (lfb 29x4MB) SWAP 2/12002MB (cached 0MB) CPU [1%@1510,0%@1510,0%@1510,0%@1510,1%@1510,0%@1510] GR3D_FREQ 0% cpu@47.687C soc2@46.625C soc0@44.968C gpu@46.968C tj@47.687C soc1@44.906C VDD_IN 4113mW/4098mW VDD_CPU_GPU_CV 996mW/979mW VDD_SOC 1397mW/1397mW
08-09-2026 22:27:45 RAM 3000/7620MB (lfb 29x4MB) SWAP 2/12002MB (cached 0MB) CPU [0%@1510,0%@1510,0%@1510,0%@1510,0%@1510,0%@1510] GR3D_FREQ 0% cpu@47.281C soc2@46.718C soc0@45C gpu@47C tj@47.281C soc1@44.968C VDD_IN 4113mW/4098mW VDD_CPU_GPU_CV 996mW/979mW VDD_SOC 1397mW/1397mW
08-09-2026 22:27:46 RAM 3000/7620MB (lfb 29x4MB) SWAP 2/12002MB (cached 0MB) CPU [1%@1510,0%@1510,0%@1510,0%@1510,0%@1510,0%@1510] GR3D_FREQ 0% cpu@47.375C soc2@46.781C soc0@45C gpu@46.937C tj@47.375C soc1@45.125C VDD_IN 4113mW/4098mW VDD_CPU_GPU_CV 996mW/979mW VDD_SOC 1397mW/1397mW
08-09-2026 22:27:47 RAM 3000/7620MB (lfb 29x4MB) SWAP 2/12002MB (cached 0MB) CPU [1%@1510,0%@1510,0%@1510,0%@1510,0%@1510,0%@1510] GR3D_FREQ 0% cpu@47.281C soc2@46.781C soc0@44.968C gpu@47.093C tj@47.562C soc1@44.875C VDD_IN 4113mW/4098mW VDD_CPU_GPU_CV 996mW/979mW VDD_SOC 1397mW/1397mW
08-09-2026 22:27:48 RAM 3000/7620MB (lfb 29x4MB) SWAP 2/12002MB (cached 0MB) CPU [0%@1510,1%@1510,0%@1510,0%@1510,0%@1510,0%@1510] GR3D_FREQ 0% cpu@47.406C soc2@46.687C soc0@45.062C gpu@46.5C tj@47.406C soc1@44.843C VDD_IN 4113mW/4098mW VDD_CPU_GPU_CV 996mW/979mW VDD_SOC 1397mW/1397mW
08-09-2026 22:27:49 RAM 3000/7620MB (lfb 29x4MB) SWAP 2/12002MB (cached 0MB) CPU [0%@1510,1%@1510,0%@1510,0%@1510,1%@1510,0%@1510] GR3D_FREQ 0% cpu@47.656C soc2@46.687C soc0@44.937C gpu@46.5C tj@47.656C soc1@45C VDD_IN 4113mW/4098mW VDD_CPU_GPU_CV 996mW/979mW VDD_SOC 1397mW/1397mW
08-09-2026 22:27:50 RAM 3000/7620MB (lfb 29x4MB) SWAP 2/12002MB (cached 0MB) CPU [0%@1510,0%@1510,0%@1510,0%@1510,0%@1510,0%@1510] GR3D_FREQ 0% cpu@47.406C soc2@46.718C soc0@44.937C gpu@46.531C tj@47.406C soc1@44.937C VDD_IN 4113mW/4098mW VDD_CPU_GPU_CV 996mW/979mW VDD_SOC 1397mW/1397mW
08-09-2026 22:27:51 RAM 3000/7620MB (lfb 29x4MB) SWAP 2/12002MB (cached 0MB) CPU [0%@1510,0%@1510,0%@1510,0%@1510,0%@1510,0%@1510] GR3D_FREQ 0% cpu@47.187C soc2@46.656C soc0@44.968C gpu@46.562C tj@47.187C soc1@45.031C VDD_IN 4113mW/4098mW VDD_CPU_GPU_CV 996mW/979mW VDD_SOC 1397mW/1397mW
08-09-2026 22:27:52 RAM 3000/7620MB (lfb 29x4MB) SWAP 2/12002MB (cached 0MB) CPU [1%@1510,2%@1510,0%@1510,0%@1510,0%@1510,0%@1510] GR3D_FREQ 0% cpu@47.281C soc2@46.687C soc0@45C gpu@46.625C tj@47.281C soc1@45C VDD_IN 4113mW/4098mW VDD_CPU_GPU_CV 996mW/980mW VDD_SOC 1397mW/1397mW
08-09-2026 22:27:53 RAM 3000/7620MB (lfb 29x4MB) SWAP 2/12002MB (cached 0MB) CPU [1%@1510,0%@1510,0%@1510,0%@1510,1%@1510,0%@1510] GR3D_FREQ 0% cpu@47.375C soc2@46.75C soc0@45C gpu@46.531C tj@47.375C soc1@44.843C VDD_IN 4113mW/4099mW VDD_CPU_GPU_CV 996mW/980mW VDD_SOC 1397mW/1397mW
08-09-2026 22:27:54 RAM 3000/7620MB (lfb 29x4MB) SWAP 2/12002MB (cached 0MB) CPU [1%@1510,1%@1510,0%@1510,1%@1510,0%@1510,0%@1510] GR3D_FREQ 0% cpu@47.343C soc2@46.625C soc0@45.093C gpu@46.656C tj@47.593C soc1@44.843C VDD_IN 4113mW/4099mW VDD_CPU_GPU_CV 996mW/980mW VDD_SOC 1397mW/1397mW
08-09-2026 22:27:55 RAM 3000/7620MB (lfb 29x4MB) SWAP 2/12002MB (cached 0MB) CPU [0%@1510,0%@1510,0%@1510,0%@1510,0%@1510,0%@1510] GR3D_FREQ 0% cpu@47.5C soc2@46.718C soc0@45.093C gpu@46.5C tj@47.5C soc1@44.843C VDD_IN 4113mW/4099mW VDD_CPU_GPU_CV 996mW/980mW VDD_SOC 1397mW/1397mW
08-09-2026 22:27:56 RAM 3000/7620MB (lfb 29x4MB) SWAP 2/12002MB (cached 0MB) CPU [1%@1510,1%@1510,0%@1510,0%@1510,1%@1510,0%@1510] GR3D_FREQ 0% cpu@47.25C soc2@46.625C soc0@44.937C gpu@46.562C tj@47.25C soc1@44.968C VDD_IN 4113mW/4099mW VDD_CPU_GPU_CV 996mW/980mW VDD_SOC 1397mW/1397mW
08-09-2026 22:27:57 RAM 3000/7620MB (lfb 29x4MB) SWAP 2/12002MB (cached 0MB) CPU [1%@1510,0%@1510,1%@1510,0%@1510,0%@1510,1%@1510] GR3D_FREQ 0% cpu@47.375C soc2@46.75C soc0@44.968C gpu@46.625C tj@47.375C soc1@44.906C VDD_IN 4113mW/4099mW VDD_CPU_GPU_CV 996mW/980mW VDD_SOC 1397mW/1397mW
08-09-2026 22:27:58 RAM 3000/7620MB (lfb 29x4MB) SWAP 2/12002MB (cached 0MB) CPU [1%@1510,0%@1510,0%@1510,1%@1510,0%@1510,0%@1510] GR3D_FREQ 0% cpu@47.281C soc2@46.718C soc0@45C gpu@46.531C tj@47.281C soc1@44.937C VDD_IN 4113mW/4099mW VDD_CPU_GPU_CV 996mW/980mW VDD_SOC 1397mW/1397mW
08-09-2026 22:27:59 RAM 3000/7620MB (lfb 29x4MB) SWAP 2/12002MB (cached 0MB) CPU [0%@1510,1%@1510,0%@1510,0%@1510,0%@1510,0%@1510] GR3D_FREQ 0% cpu@47.312C soc2@46.718C soc0@45.031C gpu@46.593C tj@47.312C soc1@45.062C VDD_IN 4113mW/4099mW VDD_CPU_GPU_CV 996mW/980mW VDD_SOC 1397mW/1397mW
08-09-2026 22:28:00 RAM 3000/7620MB (lfb 29x4MB) SWAP 2/12002MB (cached 0MB) CPU [1%@1510,1%@1510,1%@1510,0%@1510,0%@1510,0%@1510] GR3D_FREQ 0% cpu@47.375C soc2@46.718C soc0@45.093C gpu@46.531C tj@47.375C soc1@44.906C VDD_IN 4113mW/4099mW VDD_CPU_GPU_CV 996mW/980mW VDD_SOC 1397mW/1397mW
08-09-2026 22:28:01 RAM 3000/7620MB (lfb 29x4MB) SWAP 2/12002MB (cached 0MB) CPU [1%@1510,0%@1510,0%@1510,0%@1510,0%@1510,0%@1510] GR3D_FREQ 0% cpu@47.312C soc2@46.593C soc0@45.156C gpu@46.656C tj@47.312C soc1@44.906C VDD_IN 4113mW/4099mW VDD_CPU_GPU_CV 996mW/980mW VDD_SOC 1397mW/1397mW
08-09-2026 22:28:02 RAM 3000/7620MB (lfb 29x4MB) SWAP 2/12002MB (cached 0MB) CPU [0%@1510,1%@1510,0%@1510,0%@1510,0%@1510,0%@1510] GR3D_FREQ 0% cpu@47.531C soc2@46.656C soc0@44.906C gpu@46.625C tj@47.531C soc1@44.906C VDD_IN 4113mW/4099mW VDD_CPU_GPU_CV 996mW/981mW VDD_SOC 1397mW/1397mW
08-09-2026 22:28:03 RAM 3000/7620MB (lfb 29x4MB) SWAP 2/12002MB (cached 0MB) CPU [1%@1510,1%@1510,0%@1510,0%@1510,1%@1510,0%@1510] GR3D_FREQ 0% cpu@47.156C soc2@46.656C soc0@44.875C gpu@46.656C tj@47.156C soc1@44.906C VDD_IN 4113mW/4099mW VDD_CPU_GPU_CV 996mW/981mW VDD_SOC 1397mW/1397mW
08-09-2026 22:28:04 RAM 3000/7620MB (lfb 29x4MB) SWAP 2/12002MB (cached 0MB) CPU [1%@1510,0%@1510,0%@1510,0%@1510,1%@1510,0%@1510] GR3D_FREQ 0% cpu@47.375C soc2@46.718C soc0@44.875C gpu@46.687C tj@47.375C soc1@44.937C VDD_IN 4113mW/4099mW VDD_CPU_GPU_CV 996mW/981mW VDD_SOC 1397mW/1397mW
08-09-2026 22:28:05 RAM 3000/7620MB (lfb 29x4MB) SWAP 2/12002MB (cached 0MB) CPU [0%@1510,0%@1510,0%@1510,0%@1510,0%@1510,0%@1510] GR3D_FREQ 0% cpu@47.218C soc2@46.718C soc0@45.062C gpu@46.625C tj@47.218C soc1@45.093C VDD_IN 4113mW/4100mW VDD_CPU_GPU_CV 996mW/981mW VDD_SOC 1397mW/1397mW
08-09-2026 22:28:06 RAM 3000/7620MB (lfb 29x4MB) SWAP 2/12002MB (cached 0MB) CPU [0%@1510,0%@1510,0%@1510,1%@1510,0%@1510,1%@1510] GR3D_FREQ 0% cpu@47.312C soc2@46.718C soc0@44.968C gpu@46.718C tj@47.312C soc1@45.031C VDD_IN 4113mW/4100mW VDD_CPU_GPU_CV 996mW/981mW VDD_SOC 1397mW/1397mW
08-09-2026 22:28:07 RAM 3000/7620MB (lfb 29x4MB) SWAP 2/12002MB (cached 0MB) CPU [1%@1510,1%@1510,0%@1510,0%@1510,2%@1510,0%@1510] GR3D_FREQ 0% cpu@47.562C soc2@46.75C soc0@45.156C gpu@46.75C tj@47.562C soc1@44.843C VDD_IN 4113mW/4100mW VDD_CPU_GPU_CV 996mW/981mW VDD_SOC 1397mW/1397mW
08-09-2026 22:28:08 RAM 3000/7620MB (lfb 29x4MB) SWAP 2/12002MB (cached 0MB) CPU [1%@1510,0%@1510,0%@1510,0%@1510,0%@1510,0%@1510] GR3D_FREQ 0% cpu@47.343C soc2@46.593C soc0@45.187C gpu@46.687C tj@47.343C soc1@44.906C VDD_IN 4113mW/4100mW VDD_CPU_GPU_CV 996mW/981mW VDD_SOC 1397mW/1397mW
08-09-2026 22:28:09 RAM 3000/7620MB (lfb 29x4MB) SWAP 2/12002MB (cached 0MB) CPU [1%@1510,0%@1510,0%@1510,0%@1510,0%@1510,0%@1510] GR3D_FREQ 0% cpu@47.656C soc2@46.75C soc0@44.937C gpu@46.718C tj@47.656C soc1@44.906C VDD_IN 4073mW/4100mW VDD_CPU_GPU_CV 956mW/981mW VDD_SOC 1397mW/1397mW
08-09-2026 22:28:10 RAM 3000/7620MB (lfb 29x4MB) SWAP 2/12002MB (cached 0MB) CPU [0%@1510,1%@1510,0%@1510,0%@1510,2%@1510,0%@1510] GR3D_FREQ 0% cpu@47.187C soc2@46.718C soc0@44.906C gpu@46.75C tj@47.187C soc1@45C VDD_IN 4113mW/4100mW VDD_CPU_GPU_CV 996mW/981mW VDD_SOC 1397mW/1397mW
08-09-2026 22:28:11 RAM 3000/7620MB (lfb 29x4MB) SWAP 2/12002MB (cached 0MB) CPU [0%@1510,0%@1510,0%@1510,0%@1510,0%@1510,0%@1510] GR3D_FREQ 0% cpu@47.312C soc2@46.75C soc0@44.968C gpu@46.781C tj@47.312C soc1@45.031C VDD_IN 4113mW/4100mW VDD_CPU_GPU_CV 996mW/981mW VDD_SOC 1397mW/1397mW
08-09-2026 22:28:12 RAM 3000/7620MB (lfb 29x4MB) SWAP 2/12002MB (cached 0MB) CPU [2%@1510,1%@1510,0%@1510,0%@1510,1%@1510,0%@1510] GR3D_FREQ 0% cpu@47.218C soc2@46.718C soc0@45C gpu@46.781C tj@47.218C soc1@45.093C VDD_IN 4073mW/4100mW VDD_CPU_GPU_CV 996mW/981mW VDD_SOC 1397mW/1397mW
08-09-2026 22:28:13 RAM 3000/7620MB (lfb 29x4MB) SWAP 2/12002MB (cached 0MB) CPU [0%@1510,0%@1510,0%@1510,0%@1510,0%@1510,0%@1510] GR3D_FREQ 0% cpu@47.406C soc2@46.75C soc0@45.156C gpu@46.75C tj@47.406C soc1@44.906C VDD_IN 4113mW/4100mW VDD_CPU_GPU_CV 996mW/981mW VDD_SOC 1397mW/1397mW
08-09-2026 22:28:14 RAM 3000/7620MB (lfb 29x4MB) SWAP 2/12002MB (cached 0MB) CPU [1%@1510,1%@1510,0%@1510,0%@1510,0%@1510,0%@1510] GR3D_FREQ 0% cpu@47.75C soc2@46.687C soc0@45.156C gpu@46.75C tj@47.75C soc1@44.968C VDD_IN 4073mW/4099mW VDD_CPU_GPU_CV 996mW/981mW VDD_SOC 1397mW/1397mW
08-09-2026 22:28:15 RAM 3000/7620MB (lfb 29x4MB) SWAP 2/12002MB (cached 0MB) CPU [0%@1510,0%@1510,0%@1510,0%@1510,1%@1510,0%@1510] GR3D_FREQ 0% cpu@47.468C soc2@46.687C soc0@44.937C gpu@46.843C tj@47.468C soc1@44.875C VDD_IN 4113mW/4100mW VDD_CPU_GPU_CV 996mW/981mW VDD_SOC 1397mW/1397mW
08-09-2026 22:28:16 RAM 3000/7620MB (lfb 29x4MB) SWAP 2/12002MB (cached 0MB) CPU [1%@1510,0%@1510,0%@1510,0%@1510,0%@1510,0%@1510] GR3D_FREQ 0% cpu@47.156C soc2@46.718C soc0@44.968C gpu@46.812C tj@47.156C soc1@44.968C VDD_IN 4113mW/4100mW VDD_CPU_GPU_CV 956mW/981mW VDD_SOC 1397mW/1397mW
08-09-2026 22:28:17 RAM 3000/7620MB (lfb 29x4MB) SWAP 2/12002MB (cached 0MB) CPU [1%@1510,1%@1510,0%@1510,0%@1510,0%@1510,0%@1510] GR3D_FREQ 0% cpu@47.25C soc2@46.687C soc0@45C gpu@46.843C tj@47.25C soc1@45.031C VDD_IN 4113mW/4100mW VDD_CPU_GPU_CV 956mW/981mW VDD_SOC 1397mW/1397mW
08-09-2026 22:28:18 RAM 3000/7620MB (lfb 29x4MB) SWAP 2/12002MB (cached 0MB) CPU [3%@1510,4%@1510,2%@1510,3%@1510,3%@1510,0%@1510] GR3D_FREQ 0% cpu@47.468C soc2@46.781C soc0@45.062C gpu@46.843C tj@47.468C soc1@45.031C VDD_IN 4153mW/4100mW VDD_CPU_GPU_CV 996mW/981mW VDD_SOC 1397mW/1397mW
08-09-2026 22:28:19 RAM 3000/7620MB (lfb 29x4MB) SWAP 2/12002MB (cached 0MB) CPU [0%@1510,0%@1510,0%@1510,0%@1510,1%@1510,1%@1510] GR3D_FREQ 0% cpu@47.343C soc2@46.625C soc0@45.125C gpu@46.843C tj@47.343C soc1@44.875C VDD_IN 4073mW/4100mW VDD_CPU_GPU_CV 996mW/981mW VDD_SOC 1397mW/1397mW
08-09-2026 22:28:20 RAM 3000/7620MB (lfb 29x4MB) SWAP 2/12002MB (cached 0MB) CPU [0%@1510,1%@1510,0%@1510,0%@1510,0%@1510,0%@1510] GR3D_FREQ 0% cpu@47.468C soc2@46.687C soc0@45.156C gpu@46.906C tj@47.468C soc1@44.906C VDD_IN 4113mW/4100mW VDD_CPU_GPU_CV 996mW/981mW VDD_SOC 1397mW/1397mW
08-09-2026 22:28:21 RAM 3000/7620MB (lfb 29x4MB) SWAP 2/12002MB (cached 0MB) CPU [0%@1510,1%@1510,0%@1510,0%@1510,0%@1510,0%@1510] GR3D_FREQ 0% cpu@47.218C soc2@46.718C soc0@44.968C gpu@46.875C tj@47.218C soc1@44.906C VDD_IN 4113mW/4100mW VDD_CPU_GPU_CV 956mW/981mW VDD_SOC 1397mW/1397mW
08-09-2026 22:28:22 RAM 3000/7620MB (lfb 29x4MB) SWAP 2/12002MB (cached 0MB) CPU [1%@1510,1%@1510,0%@1510,0%@1510,0%@1510,0%@1510] GR3D_FREQ 0% cpu@47.312C soc2@46.687C soc0@45C gpu@46.968C tj@47.312C soc1@44.968C VDD_IN 4113mW/4100mW VDD_CPU_GPU_CV 956mW/981mW VDD_SOC 1397mW/1397mW
08-09-2026 22:28:23 RAM 3000/7620MB (lfb 29x4MB) SWAP 2/12002MB (cached 0MB) CPU [0%@1510,0%@1510,0%@1510,0%@1510,0%@1510,0%@1510] GR3D_FREQ 0% cpu@47.187C soc2@46.687C soc0@44.968C gpu@46.968C tj@47.187C soc1@44.968C VDD_IN 4113mW/4100mW VDD_CPU_GPU_CV 956mW/981mW VDD_SOC 1397mW/1397mW
08-09-2026 22:28:24 RAM 3000/7620MB (lfb 29x4MB) SWAP 2/12002MB (cached 0MB) CPU [2%@1510,1%@1510,0%@1510,0%@1510,0%@1510,0%@1510] GR3D_FREQ 0% cpu@47.218C soc2@46.718C soc0@45C gpu@46.937C tj@47.218C soc1@45.031C VDD_IN 4113mW/4100mW VDD_CPU_GPU_CV 956mW/981mW VDD_SOC 1397mW/1397mW
08-09-2026 22:28:25 RAM 3000/7620MB (lfb 29x4MB) SWAP 2/12002MB (cached 0MB) CPU [0%@1510,1%@1510,0%@1510,0%@1510,0%@1510,0%@1510] GR3D_FREQ 0% cpu@47.437C soc2@46.781C soc0@45.031C gpu@47.031C tj@47.437C soc1@44.968C VDD_IN 4113mW/4100mW VDD_CPU_GPU_CV 996mW/981mW VDD_SOC 1397mW/1397mW
08-09-2026 22:28:26 RAM 3000/7620MB (lfb 29x4MB) SWAP 2/12002MB (cached 0MB) CPU [0%@1510,0%@1510,0%@1510,0%@1510,0%@1510,0%@1510] GR3D_FREQ 0% cpu@47.343C soc2@46.687C soc0@45.093C gpu@46.968C tj@47.343C soc1@44.875C VDD_IN 4113mW/4100mW VDD_CPU_GPU_CV 956mW/981mW VDD_SOC 1397mW/1397mW
08-09-2026 22:28:27 RAM 3000/7620MB (lfb 29x4MB) SWAP 2/12002MB (cached 0MB) CPU [0%@1510,1%@1510,0%@1510,1%@1510,1%@1510,0%@1510] GR3D_FREQ 0% cpu@47.531C soc2@46.718C soc0@44.875C gpu@46.5C tj@47.531C soc1@44.875C VDD_IN 4113mW/4100mW VDD_CPU_GPU_CV 996mW/981mW VDD_SOC 1397mW/1397mW
08-09-2026 22:28:28 RAM 3000/7620MB (lfb 29x4MB) SWAP 2/12002MB (cached 0MB) CPU [1%@1510,1%@1510,0%@1510,0%@1510,1%@1510,0%@1510] GR3D_FREQ 0% cpu@47.156C soc2@46.656C soc0@44.906C gpu@46.468C tj@47.156C soc1@44.875C VDD_IN 4113mW/4100mW VDD_CPU_GPU_CV 956mW/981mW VDD_SOC 1397mW/1397mW
08-09-2026 22:28:29 RAM 3000/7620MB (lfb 29x4MB) SWAP 2/12002MB (cached 0MB) CPU [1%@1510,0%@1510,0%@1510,0%@1510,0%@1510,0%@1510] GR3D_FREQ 0% cpu@47.156C soc2@46.625C soc0@44.937C gpu@46.593C tj@47.156C soc1@44.843C VDD_IN 4113mW/4100mW VDD_CPU_GPU_CV 956mW/981mW VDD_SOC 1397mW/1397mW
08-09-2026 22:28:30 RAM 3000/7620MB (lfb 29x4MB) SWAP 2/12002MB (cached 0MB) CPU [0%@1510,1%@1510,0%@1510,0%@1510,0%@1510,0%@1510] GR3D_FREQ 0% cpu@47.218C soc2@46.812C soc0@45C gpu@46.593C tj@47.218C soc1@45.031C VDD_IN 4113mW/4101mW VDD_CPU_GPU_CV 956mW/980mW VDD_SOC 1397mW/1397mW
08-09-2026 22:28:31 RAM 3000/7620MB (lfb 29x4MB) SWAP 2/12002MB (cached 0MB) CPU [0%@1510,0%@1510,0%@1510,0%@1510,1%@1510,0%@1510] GR3D_FREQ 0% cpu@47.312C soc2@46.718C soc0@45C gpu@46.468C tj@47.312C soc1@45.031C VDD_IN 4073mW/4100mW VDD_CPU_GPU_CV 956mW/980mW VDD_SOC 1397mW/1397mW
08-09-2026 22:28:32 RAM 3000/7620MB (lfb 29x4MB) SWAP 2/12002MB (cached 0MB) CPU [0%@1510,1%@1510,0%@1510,0%@1510,0%@1510,0%@1510] GR3D_FREQ 0% cpu@47.5C soc2@46.625C soc0@45.062C gpu@46.593C tj@47.5C soc1@44.843C VDD_IN 4113mW/4100mW VDD_CPU_GPU_CV 956mW/980mW VDD_SOC 1397mW/1397mW
08-09-2026 22:28:33 RAM 3000/7620MB (lfb 29x4MB) SWAP 2/12002MB (cached 0MB) CPU [1%@1510,0%@1510,0%@1510,0%@1510,0%@1510,0%@1510] GR3D_FREQ 0% cpu@47.312C soc2@46.625C soc0@45.093C gpu@46.593C tj@47.312C soc1@44.843C VDD_IN 4073mW/4100mW VDD_CPU_GPU_CV 956mW/980mW VDD_SOC 1397mW/1397mW
08-09-2026 22:28:34 RAM 3000/7620MB (lfb 29x4MB) SWAP 2/12002MB (cached 0MB) CPU [0%@1510,1%@1510,0%@1510,1%@1510,2%@1510,0%@1510] GR3D_FREQ 0% cpu@47.593C soc2@46.593C soc0@44.937C gpu@46.531C tj@47.593C soc1@44.781C VDD_IN 4073mW/4100mW VDD_CPU_GPU_CV 956mW/980mW VDD_SOC 1397mW/1397mW
08-09-2026 22:28:35 RAM 3000/7620MB (lfb 29x4MB) SWAP 2/12002MB (cached 0MB) CPU [0%@1510,1%@1510,0%@1510,0%@1510,0%@1510,0%@1510] GR3D_FREQ 0% cpu@47.25C soc2@46.687C soc0@44.875C gpu@46.468C tj@47.25C soc1@44.843C VDD_IN 4113mW/4100mW VDD_CPU_GPU_CV 996mW/980mW VDD_SOC 1397mW/1397mW
08-09-2026 22:28:36 RAM 3000/7620MB (lfb 29x4MB) SWAP 2/12002MB (cached 0MB) CPU [0%@1510,0%@1510,0%@1510,0%@1510,0%@1510,0%@1510] GR3D_FREQ 0% cpu@47.343C soc2@46.718C soc0@44.968C gpu@46.593C tj@47.343C soc1@44.875C VDD_IN 4113mW/4100mW VDD_CPU_GPU_CV 956mW/980mW VDD_SOC 1397mW/1397mW
08-09-2026 22:28:37 RAM 3000/7620MB (lfb 29x4MB) SWAP 2/12002MB (cached 0MB) CPU [1%@1510,0%@1510,0%@1510,0%@1510,0%@1510,0%@1510] GR3D_FREQ 0% cpu@47.218C soc2@46.625C soc0@44.968C gpu@46.562C tj@47.218C soc1@45C VDD_IN 4073mW/4100mW VDD_CPU_GPU_CV 956mW/980mW VDD_SOC 1397mW/1397mW
08-09-2026 22:28:38 RAM 3000/7620MB (lfb 29x4MB) SWAP 2/12002MB (cached 0MB) CPU [0%@1510,1%@1510,0%@1510,0%@1510,1%@1510,0%@1510] GR3D_FREQ 0% cpu@47.281C soc2@46.75C soc0@45C gpu@46.625C tj@47.281C soc1@44.812C VDD_IN 4073mW/4100mW VDD_CPU_GPU_CV 956mW/980mW VDD_SOC 1397mW/1397mW
08-09-2026 22:28:39 RAM 3000/7620MB (lfb 29x4MB) SWAP 2/12002MB (cached 0MB) CPU [1%@1510,1%@1510,0%@1510,1%@1510,0%@1510,0%@1510] GR3D_FREQ 0% cpu@47.531C soc2@46.562C soc0@45.062C gpu@46.531C tj@47.531C soc1@44.843C VDD_IN 4073mW/4100mW VDD_CPU_GPU_CV 956mW/980mW VDD_SOC 1397mW/1397mW
08-09-2026 22:28:40 RAM 3000/7620MB (lfb 29x4MB) SWAP 2/12002MB (cached 0MB) CPU [1%@1510,0%@1510,0%@1510,0%@1510,0%@1510,0%@1510] GR3D_FREQ 0% cpu@47.468C soc2@46.625C soc0@44.906C gpu@46.562C tj@47.468C soc1@44.843C VDD_IN 4113mW/4100mW VDD_CPU_GPU_CV 956mW/979mW VDD_SOC 1397mW/1397mW
08-09-2026 22:28:41 RAM 3000/7620MB (lfb 29x4MB) SWAP 2/12002MB (cached 0MB) CPU [0%@1510,0%@1510,1%@1510,0%@1510,0%@1510,0%@1510] GR3D_FREQ 0% cpu@47.25C soc2@46.562C soc0@44.875C gpu@46.593C tj@47.25C soc1@44.843C VDD_IN 4113mW/4100mW VDD_CPU_GPU_CV 956mW/979mW VDD_SOC 1397mW/1397mW
08-09-2026 22:28:42 RAM 3000/7620MB (lfb 29x4MB) SWAP 2/12002MB (cached 0MB) CPU [1%@1510,0%@1510,1%@1510,0%@1510,1%@1510,0%@1510] GR3D_FREQ 0% cpu@47.218C soc2@46.656C soc0@44.906C gpu@46.531C tj@47.218C soc1@44.937C VDD_IN 4073mW/4100mW VDD_CPU_GPU_CV 956mW/979mW VDD_SOC 1397mW/1397mW
08-09-2026 22:28:43 RAM 3000/7620MB (lfb 29x4MB) SWAP 2/12002MB (cached 0MB) CPU [1%@1510,0%@1510,0%@1510,0%@1510,0%@1510,0%@1510] GR3D_FREQ 0% cpu@47.125C soc2@46.687C soc0@44.875C gpu@46.593C tj@47.281C soc1@44.968C VDD_IN 4073mW/4100mW VDD_CPU_GPU_CV 956mW/979mW VDD_SOC 1397mW/1397mW
08-09-2026 22:28:44 RAM 3000/7620MB (lfb 29x4MB) SWAP 2/12002MB (cached 0MB) CPU [1%@1510,1%@1510,0%@1510,2%@1510,0%@1510,0%@1510] GR3D_FREQ 0% cpu@47.218C soc2@46.656C soc0@44.906C gpu@46.562C tj@47.218C soc1@44.843C VDD_IN 4073mW/4100mW VDD_CPU_GPU_CV 956mW/979mW VDD_SOC 1397mW/1397mW
08-09-2026 22:28:45 RAM 3000/7620MB (lfb 29x4MB) SWAP 2/12002MB (cached 0MB) CPU [1%@1510,0%@1510,0%@1510,0%@1510,1%@1510,1%@1510] GR3D_FREQ 0% cpu@47.406C soc2@46.593C soc0@45.062C gpu@46.656C tj@47.406C soc1@44.812C VDD_IN 4113mW/4100mW VDD_CPU_GPU_CV 956mW/979mW VDD_SOC 1397mW/1397mW
08-09-2026 22:28:46 RAM 3000/7620MB (lfb 29x4MB) SWAP 2/12002MB (cached 0MB) CPU [1%@1510,1%@1510,0%@1510,0%@1510,0%@1510,0%@1510] GR3D_FREQ 0% cpu@47.25C soc2@46.656C soc0@44.968C gpu@46.656C tj@47.25C soc1@44.843C VDD_IN 4113mW/4100mW VDD_CPU_GPU_CV 996mW/979mW VDD_SOC 1397mW/1397mW
08-09-2026 22:28:47 RAM 3000/7620MB (lfb 29x4MB) SWAP 2/12002MB (cached 0MB) CPU [1%@1510,0%@1510,0%@1510,0%@1510,0%@1510,0%@1510] GR3D_FREQ 0% cpu@47.5C soc2@46.625C soc0@44.968C gpu@46.656C tj@47.5C soc1@44.937C VDD_IN 4113mW/4100mW VDD_CPU_GPU_CV 956mW/979mW VDD_SOC 1397mW/1397mW
08-09-2026 22:28:48 RAM 3000/7620MB (lfb 29x4MB) SWAP 2/12002MB (cached 0MB) CPU [1%@1510,1%@1510,0%@1510,0%@1510,0%@1510,0%@1510] GR3D_FREQ 0% cpu@47.218C soc2@46.687C soc0@44.843C gpu@46.625C tj@47.218C soc1@44.937C VDD_IN 4073mW/4100mW VDD_CPU_GPU_CV 996mW/979mW VDD_SOC 1397mW/1397mW
08-09-2026 22:28:49 RAM 3000/7620MB (lfb 29x4MB) SWAP 2/12002MB (cached 0MB) CPU [1%@1510,1%@1510,0%@1510,1%@1510,0%@1510,0%@1510] GR3D_FREQ 0% cpu@47.218C soc2@46.656C soc0@44.937C gpu@46.656C tj@47.218C soc1@44.906C VDD_IN 4113mW/4100mW VDD_CPU_GPU_CV 996mW/979mW VDD_SOC 1397mW/1397mW
08-09-2026 22:28:50 RAM 3000/7620MB (lfb 29x4MB) SWAP 2/12002MB (cached 0MB) CPU [1%@1510,0%@1510,0%@1510,0%@1510,0%@1510,1%@1510] GR3D_FREQ 0% cpu@47.156C soc2@46.687C soc0@45C gpu@46.625C tj@47.156C soc1@45.125C VDD_IN 4113mW/4100mW VDD_CPU_GPU_CV 996mW/979mW VDD_SOC 1397mW/1397mW
08-09-2026 22:28:51 RAM 3000/7620MB (lfb 29x4MB) SWAP 2/12002MB (cached 0MB) CPU [1%@1510,0%@1510,0%@1510,0%@1510,0%@1510,0%@1510] GR3D_FREQ 0% cpu@47.343C soc2@46.718C soc0@45C gpu@46.687C tj@47.343C soc1@44.843C VDD_IN 4113mW/4100mW VDD_CPU_GPU_CV 996mW/979mW VDD_SOC 1397mW/1397mW
08-09-2026 22:28:52 RAM 3000/7620MB (lfb 29x4MB) SWAP 2/12002MB (cached 0MB) CPU [0%@1510,1%@1510,0%@1510,0%@1510,0%@1510,0%@1510] GR3D_FREQ 0% cpu@47.5C soc2@46.625C soc0@45.062C gpu@46.781C tj@47.5C soc1@44.75C VDD_IN 4113mW/4100mW VDD_CPU_GPU_CV 996mW/979mW VDD_SOC 1397mW/1397mW
08-09-2026 22:28:53 RAM 3000/7620MB (lfb 29x4MB) SWAP 2/12002MB (cached 0MB) CPU [0%@1510,0%@1510,0%@1510,0%@1510,0%@1510,0%@1510] GR3D_FREQ 0% cpu@47.312C soc2@46.562C soc0@45.062C gpu@46.687C tj@47.312C soc1@44.906C VDD_IN 4113mW/4100mW VDD_CPU_GPU_CV 996mW/979mW VDD_SOC 1397mW/1397mW
08-09-2026 22:28:54 RAM 3000/7620MB (lfb 29x4MB) SWAP 2/12002MB (cached 0MB) CPU [1%@1510,1%@1510,0%@1510,0%@1510,0%@1510,0%@1510] GR3D_FREQ 0% cpu@47.187C soc2@46.625C soc0@44.937C gpu@46.812C tj@47.187C soc1@44.843C VDD_IN 4113mW/4100mW VDD_CPU_GPU_CV 996mW/979mW VDD_SOC 1397mW/1397mW
08-09-2026 22:28:55 RAM 3000/7620MB (lfb 29x4MB) SWAP 2/12002MB (cached 0MB) CPU [1%@1510,0%@1510,0%@1510,0%@1510,1%@1510,0%@1510] GR3D_FREQ 0% cpu@47.125C soc2@46.625C soc0@44.937C gpu@46.718C tj@47.125C soc1@44.906C VDD_IN 4120mW/4100mW VDD_CPU_GPU_CV 996mW/979mW VDD_SOC 1397mW/1397mW
08-09-2026 22:28:57 RAM 3000/7620MB (lfb 29x4MB) SWAP 2/12002MB (cached 0MB) CPU [1%@1510,0%@1510,0%@1510,0%@1510,0%@1510,0%@1510] GR3D_FREQ 0% cpu@47.218C soc2@46.687C soc0@44.968C gpu@46.812C tj@47.218C soc1@44.968C VDD_IN 4120mW/4100mW VDD_CPU_GPU_CV 996mW/979mW VDD_SOC 1397mW/1397mW
08-09-2026 22:28:58 RAM 3000/7620MB (lfb 29x4MB) SWAP 2/12002MB (cached 0MB) CPU [0%@1510,0%@1510,0%@1510,0%@1510,0%@1510,0%@1510] GR3D_FREQ 0% cpu@47.187C soc2@46.687C soc0@44.968C gpu@46.843C tj@47.187C soc1@44.937C VDD_IN 4113mW/4100mW VDD_CPU_GPU_CV 996mW/980mW VDD_SOC 1397mW/1397mW
08-09-2026 22:28:59 RAM 3000/7620MB (lfb 29x4MB) SWAP 2/12002MB (cached 0MB) CPU [1%@1510,0%@1510,0%@1510,0%@1510,0%@1510,0%@1510] GR3D_FREQ 0% cpu@47.406C soc2@46.562C soc0@44.968C gpu@46.75C tj@47.406C soc1@44.843C VDD_IN 4113mW/4100mW VDD_CPU_GPU_CV 996mW/980mW VDD_SOC 1397mW/1397mW
08-09-2026 22:29:00 RAM 3000/7620MB (lfb 29x4MB) SWAP 2/12002MB (cached 0MB) CPU [1%@1510,0%@1510,0%@1510,0%@1510,2%@1510,1%@1510] GR3D_FREQ 0% cpu@47.125C soc2@46.625C soc0@45.093C gpu@46.812C tj@47.125C soc1@44.843C VDD_IN 4113mW/4100mW VDD_CPU_GPU_CV 996mW/980mW VDD_SOC 1397mW/1397mW
08-09-2026 22:29:01 RAM 3000/7620MB (lfb 29x4MB) SWAP 2/12002MB (cached 0MB) CPU [1%@1510,0%@1510,0%@1510,0%@1510,0%@1510,1%@1510] GR3D_FREQ 0% cpu@47.5C soc2@46.656C soc0@44.875C gpu@46.843C tj@47.312C soc1@44.875C VDD_IN 4113mW/4100mW VDD_CPU_GPU_CV 996mW/980mW VDD_SOC 1397mW/1397mW
08-09-2026 22:29:02 RAM 3000/7620MB (lfb 29x4MB) SWAP 2/12002MB (cached 0MB) CPU [1%@1510,0%@1510,0%@1510,0%@1510,0%@1510,0%@1510] GR3D_FREQ 0% cpu@47.125C soc2@46.718C soc0@44.875C gpu@46.937C tj@47.125C soc1@44.843C VDD_IN 4113mW/4100mW VDD_CPU_GPU_CV 996mW/980mW VDD_SOC 1397mW/1397mW
08-09-2026 22:29:03 RAM 3000/7620MB (lfb 29x4MB) SWAP 2/12002MB (cached 0MB) CPU [1%@1510,0%@1510,0%@1510,0%@1510,0%@1510,0%@1510] GR3D_FREQ 0% cpu@47.218C soc2@46.656C soc0@44.937C gpu@46.875C tj@47.218C soc1@45C VDD_IN 4113mW/4101mW VDD_CPU_GPU_CV 996mW/980mW VDD_SOC 1397mW/1397mW
08-09-2026 22:29:04 RAM 3000/7620MB (lfb 29x4MB) SWAP 2/12002MB (cached 0MB) CPU [0%@1510,0%@1510,0%@1510,0%@1510,0%@1510,0%@1510] GR3D_FREQ 0% cpu@47.406C soc2@46.781C soc0@44.906C gpu@46.843C tj@47.406C soc1@44.968C VDD_IN 4080mW/4100mW VDD_CPU_GPU_CV 956mW/980mW VDD_SOC 1397mW/1397mW
08-09-2026 22:29:05 RAM 3000/7620MB (lfb 29x4MB) SWAP 2/12002MB (cached 0MB) CPU [1%@1510,0%@1510,0%@1510,0%@1510,0%@1510,0%@1510] GR3D_FREQ 0% cpu@47.25C soc2@46.718C soc0@44.937C gpu@46.875C tj@47.25C soc1@44.781C VDD_IN 4080mW/4100mW VDD_CPU_GPU_CV 956mW/980mW VDD_SOC 1397mW/1397mW
08-09-2026 22:29:06 RAM 3000/7620MB (lfb 29x4MB) SWAP 2/12002MB (cached 0MB) CPU [1%@1510,1%@1510,0%@1510,0%@1510,0%@1510,1%@1510] GR3D_FREQ 0% cpu@47.5C soc2@46.625C soc0@45.156C gpu@46.937C tj@47.5C soc1@44.843C VDD_IN 4120mW/4100mW VDD_CPU_GPU_CV 958mW/980mW VDD_SOC 1397mW/1397mW
08-09-2026 22:29:07 RAM 3000/7620MB (lfb 29x4MB) SWAP 2/12002MB (cached 0MB) CPU [0%@1510,1%@1510,0%@1510,0%@1510,1%@1510,0%@1510] GR3D_FREQ 0% cpu@47.312C soc2@46.562C soc0@44.906C gpu@46.937C tj@47.312C soc1@44.843C VDD_IN 4080mW/4100mW VDD_CPU_GPU_CV 956mW/979mW VDD_SOC 1397mW/1397mW
08-09-2026 22:29:08 RAM 3000/7620MB (lfb 29x4MB) SWAP 2/12002MB (cached 0MB) CPU [0%@1510,0%@1510,0%@1510,0%@1510,1%@1510,0%@1510] GR3D_FREQ 0% cpu@47.531C soc2@46.656C soc0@44.875C gpu@46.468C tj@47.531C soc1@44.875C VDD_IN 4113mW/4100mW VDD_CPU_GPU_CV 996mW/980mW VDD_SOC 1397mW/1397mW
08-09-2026 22:29:09 RAM 3000/7620MB (lfb 29x4MB) SWAP 2/12002MB (cached 0MB) CPU [1%@1510,0%@1510,0%@1510,0%@1510,0%@1510,0%@1510] GR3D_FREQ 0% cpu@47.156C soc2@46.687C soc0@44.937C gpu@46.562C tj@47.156C soc1@44.937C VDD_IN 4080mW/4100mW VDD_CPU_GPU_CV 956mW/979mW VDD_SOC 1397mW/1397mW
08-09-2026 22:29:10 RAM 3000/7620MB (lfb 29x4MB) SWAP 2/12002MB (cached 0MB) CPU [3%@1510,0%@1510,0%@1510,0%@1510,0%@1510,0%@1510] GR3D_FREQ 0% cpu@47.218C soc2@46.656C soc0@45C gpu@46.5C tj@47.218C soc1@45.093C VDD_IN 4080mW/4100mW VDD_CPU_GPU_CV 956mW/979mW VDD_SOC 1397mW/1397mW
08-09-2026 22:29:11 RAM 3000/7620MB (lfb 29x4MB) SWAP 2/12002MB (cached 0MB) CPU [0%@1510,1%@1510,0%@1510,0%@1510,2%@1510,1%@1510] GR3D_FREQ 0% cpu@47.437C soc2@46.687C soc0@45C gpu@46.562C tj@47.437C soc1@44.968C VDD_IN 4113mW/4100mW VDD_CPU_GPU_CV 956mW/979mW VDD_SOC 1397mW/1397mW
08-09-2026 22:29:12 RAM 3000/7620MB (lfb 29x4MB) SWAP 2/12002MB (cached 0MB) CPU [0%@1510,1%@1510,1%@1510,0%@1510,0%@1510,0%@1510] GR3D_FREQ 0% cpu@47.281C soc2@46.562C soc0@45C gpu@46.406C tj@47.281C soc1@44.843C VDD_IN 4073mW/4100mW VDD_CPU_GPU_CV 956mW/979mW VDD_SOC 1397mW/1397mW
08-09-2026 22:29:13 RAM 3000/7620MB (lfb 29x4MB) SWAP 2/12002MB (cached 0MB) CPU [1%@1510,0%@1510,0%@1510,0%@1510,0%@1510,0%@1510] GR3D_FREQ 0% cpu@47.562C soc2@46.531C soc0@45.062C gpu@46.5C tj@47.562C soc1@44.906C VDD_IN 4073mW/4100mW VDD_CPU_GPU_CV 956mW/979mW VDD_SOC 1397mW/1397mW
08-09-2026 22:29:14 RAM 3000/7620MB (lfb 29x4MB) SWAP 2/12002MB (cached 0MB) CPU [1%@1510,0%@1510,0%@1510,0%@1510,0%@1510,0%@1510] GR3D_FREQ 0% cpu@47.343C soc2@46.625C soc0@44.937C gpu@46.5C tj@47.156C soc1@44.843C VDD_IN 4073mW/4100mW VDD_CPU_GPU_CV 956mW/979mW VDD_SOC 1397mW/1397mW
08-09-2026 22:29:15 RAM 3000/7620MB (lfb 29x4MB) SWAP 2/12002MB (cached 0MB) CPU [1%@1510,0%@1510,0%@1510,0%@1510,1%@1510,0%@1510] GR3D_FREQ 0% cpu@47.125C soc2@46.593C soc0@44.937C gpu@46.531C tj@47.125C soc1@44.875C VDD_IN 4080mW/4100mW VDD_CPU_GPU_CV 956mW/979mW VDD_SOC 1397mW/1397mW
08-09-2026 22:29:16 RAM 3000/7620MB (lfb 29x4MB) SWAP 2/12002MB (cached 0MB) CPU [0%@1510,0%@1510,0%@1510,0%@1510,0%@1510,0%@1510] GR3D_FREQ 0% cpu@47.218C soc2@46.593C soc0@44.906C gpu@46.531C tj@47.218C soc1@45C VDD_IN 4113mW/4100mW VDD_CPU_GPU_CV 956mW/979mW VDD_SOC 1397mW/1397mW
08-09-2026 22:29:17 RAM 3000/7620MB (lfb 29x4MB) SWAP 2/12002MB (cached 0MB) CPU [1%@1510,1%@1510,0%@1510,0%@1510,1%@1510,0%@1510] GR3D_FREQ 0% cpu@47.218C soc2@46.687C soc0@44.937C gpu@46.531C tj@47.218C soc1@45C VDD_IN 4080mW/4100mW VDD_CPU_GPU_CV 956mW/979mW VDD_SOC 1397mW/1397mW
08-09-2026 22:29:18 RAM 3000/7620MB (lfb 29x4MB) SWAP 2/12002MB (cached 0MB) CPU [1%@1510,0%@1510,0%@1510,0%@1510,0%@1510,0%@1510] GR3D_FREQ 0% cpu@47.156C soc2@46.656C soc0@45C gpu@46.531C tj@47.531C soc1@44.843C VDD_IN 4073mW/4100mW VDD_CPU_GPU_CV 956mW/979mW VDD_SOC 1397mW/1397mW
08-09-2026 22:29:19 RAM 3000/7620MB (lfb 29x4MB) SWAP 2/12002MB (cached 0MB) CPU [0%@1510,0%@1510,0%@1510,0%@1510,0%@1510,0%@1510] GR3D_FREQ 0% cpu@47.343C soc2@46.562C soc0@44.968C gpu@46.531C tj@47.343C soc1@44.875C VDD_IN 4080mW/4100mW VDD_CPU_GPU_CV 956mW/978mW VDD_SOC 1397mW/1397mW
08-09-2026 22:29:20 RAM 3000/7620MB (lfb 29x4MB) SWAP 2/12002MB (cached 0MB) CPU [1%@1510,0%@1510,0%@1510,0%@1510,0%@1510,0%@1510] GR3D_FREQ 0% cpu@47.156C soc2@46.687C soc0@44.843C gpu@46.562C tj@47.156C soc1@44.812C VDD_IN 4073mW/4100mW VDD_CPU_GPU_CV 956mW/978mW VDD_SOC 1397mW/1397mW
08-09-2026 22:29:21 RAM 3000/7620MB (lfb 29x4MB) SWAP 2/12002MB (cached 0MB) CPU [1%@1510,0%@1510,0%@1510,0%@1510,0%@1510,0%@1510] GR3D_FREQ 0% cpu@47.406C soc2@46.656C soc0@44.875C gpu@46.531C tj@47.406C soc1@44.843C VDD_IN 4113mW/4100mW VDD_CPU_GPU_CV 956mW/978mW VDD_SOC 1397mW/1397mW
08-09-2026 22:29:22 RAM 3000/7620MB (lfb 29x4MB) SWAP 2/12002MB (cached 0MB) CPU [2%@1510,0%@1510,0%@1510,0%@1510,1%@1510,0%@1510] GR3D_FREQ 0% cpu@47.187C soc2@46.625C soc0@44.875C gpu@46.625C tj@47.187C soc1@44.843C VDD_IN 4073mW/4099mW VDD_CPU_GPU_CV 956mW/978mW VDD_SOC 1397mW/1397mW
08-09-2026 22:29:23 RAM 3000/7620MB (lfb 29x4MB) SWAP 2/12002MB (cached 0MB) CPU [0%@1510,1%@1510,0%@1510,0%@1510,0%@1510,0%@1510] GR3D_FREQ 0% cpu@47.343C soc2@46.718C soc0@44.875C gpu@46.593C tj@47.343C soc1@44.875C VDD_IN 4073mW/4099mW VDD_CPU_GPU_CV 956mW/978mW VDD_SOC 1397mW/1397mW
08-09-2026 22:29:24 RAM 3000/7620MB (lfb 29x4MB) SWAP 2/12002MB (cached 0MB) CPU [1%@1510,1%@1510,0%@1510,0%@1510,0%@1510,0%@1510] GR3D_FREQ 0% cpu@47.343C soc2@46.656C soc0@44.937C gpu@46.625C tj@47.343C soc1@44.812C VDD_IN 4120mW/4099mW VDD_CPU_GPU_CV 956mW/978mW VDD_SOC 1397mW/1397mW
08-09-2026 22:29:25 RAM 3000/7620MB (lfb 29x4MB) SWAP 2/12002MB (cached 0MB) CPU [1%@1510,1%@1510,0%@1510,0%@1510,0%@1510,0%@1510] GR3D_FREQ 0% cpu@47.343C soc2@46.593C soc0@45.031C gpu@46.593C tj@47.25C soc1@44.75C VDD_IN 4113mW/4099mW VDD_CPU_GPU_CV 996mW/978mW VDD_SOC 1397mW/1397mW
08-09-2026 22:29:26 RAM 3000/7620MB (lfb 29x4MB) SWAP 2/12002MB (cached 0MB) CPU [1%@1510,0%@1510,0%@1510,0%@1510,0%@1510,0%@1510] GR3D_FREQ 0% cpu@47.5C soc2@46.531C soc0@45.062C gpu@46.625C tj@47.5C soc1@44.843C VDD_IN 4113mW/4100mW VDD_CPU_GPU_CV 956mW/978mW VDD_SOC 1397mW/1397mW
08-09-2026 22:29:27 RAM 3000/7620MB (lfb 29x4MB) SWAP 2/12002MB (cached 0MB) CPU [0%@1510,1%@1510,1%@1510,0%@1510,1%@1510,0%@1510] GR3D_FREQ 0% cpu@47.218C soc2@46.593C soc0@44.937C gpu@46.656C tj@47.218C soc1@44.906C VDD_IN 4113mW/4100mW VDD_CPU_GPU_CV 956mW/978mW VDD_SOC 1397mW/1397mW
08-09-2026 22:29:28 RAM 3000/7620MB (lfb 29x4MB) SWAP 2/12002MB (cached 0MB) CPU [1%@1510,0%@1510,0%@1510,0%@1510,0%@1510,0%@1510] GR3D_FREQ 0% cpu@47.156C soc2@46.625C soc0@44.875C gpu@46.625C tj@47.156C soc1@44.906C VDD_IN 4073mW/4099mW VDD_CPU_GPU_CV 956mW/978mW VDD_SOC 1397mW/1397mW
08-09-2026 22:29:29 RAM 3000/7620MB (lfb 29x4MB) SWAP 2/12002MB (cached 0MB) CPU [2%@1510,2%@1510,0%@1510,0%@1510,0%@1510,0%@1510] GR3D_FREQ 0% cpu@47.125C soc2@46.75C soc0@45C gpu@46.656C tj@47.125C soc1@44.937C VDD_IN 4113mW/4100mW VDD_CPU_GPU_CV 956mW/978mW VDD_SOC 1397mW/1397mW
08-09-2026 22:29:30 RAM 3000/7620MB (lfb 29x4MB) SWAP 2/12002MB (cached 0MB) CPU [1%@1510,0%@1510,1%@1510,0%@1510,0%@1510,0%@1510] GR3D_FREQ 0% cpu@47.25C soc2@46.656C soc0@44.968C gpu@46.687C tj@47.25C soc1@45.031C VDD_IN 4073mW/4099mW VDD_CPU_GPU_CV 996mW/978mW VDD_SOC 1397mW/1397mW
08-09-2026 22:29:31 RAM 3000/7620MB (lfb 29x4MB) SWAP 2/12002MB (cached 0MB) CPU [0%@1510,0%@1510,0%@1510,1%@1510,1%@1510,0%@1510] GR3D_FREQ 0% cpu@47.406C soc2@46.593C soc0@44.968C gpu@46.687C tj@47.406C soc1@44.812C VDD_IN 4113mW/4099mW VDD_CPU_GPU_CV 956mW/978mW VDD_SOC 1397mW/1397mW
08-09-2026 22:29:32 RAM 3000/7620MB (lfb 29x4MB) SWAP 2/12002MB (cached 0MB) CPU [1%@1510,1%@1510,0%@1510,0%@1510,0%@1510,0%@1510] GR3D_FREQ 0% cpu@47.343C soc2@46.593C soc0@45.031C gpu@46.718C tj@47.25C soc1@44.875C VDD_IN 4073mW/4099mW VDD_CPU_GPU_CV 956mW/978mW VDD_SOC 1397mW/1397mW
08-09-2026 22:29:33 RAM 3000/7620MB (lfb 29x4MB) SWAP 2/12002MB (cached 0MB) CPU [0%@1510,0%@1510,0%@1510,0%@1510,1%@1510,0%@1510] GR3D_FREQ 0% cpu@47.5C soc2@46.531C soc0@44.843C gpu@46.75C tj@47.5C soc1@44.843C VDD_IN 4073mW/4099mW VDD_CPU_GPU_CV 956mW/978mW VDD_SOC 1397mW/1397mW
08-09-2026 22:29:34 RAM 3000/7620MB (lfb 29x4MB) SWAP 2/12002MB (cached 0MB) CPU [1%@1510,0%@1510,0%@1510,0%@1510,0%@1510,0%@1510] GR3D_FREQ 0% cpu@47.125C soc2@46.531C soc0@44.906C gpu@46.656C tj@47.125C soc1@44.937C VDD_IN 4113mW/4099mW VDD_CPU_GPU_CV 956mW/977mW VDD_SOC 1397mW/1397mW
08-09-2026 22:29:35 RAM 3000/7620MB (lfb 29x4MB) SWAP 2/12002MB (cached 0MB) CPU [1%@1510,1%@1510,0%@1510,1%@1510,1%@1510,0%@1510] GR3D_FREQ 0% cpu@47.281C soc2@46.687C soc0@44.937C gpu@46.812C tj@47.281C soc1@44.843C VDD_IN 4113mW/4099mW VDD_CPU_GPU_CV 996mW/978mW VDD_SOC 1397mW/1397mW
08-09-2026 22:29:36 RAM 3000/7620MB (lfb 29x4MB) SWAP 2/12002MB (cached 0MB) CPU [1%@1510,0%@1510,0%@1510,1%@1510,0%@1510,0%@1510] GR3D_FREQ 0% cpu@47.156C soc2@46.593C soc0@45.031C gpu@46.781C tj@47.156C soc1@44.968C VDD_IN 4113mW/4099mW VDD_CPU_GPU_CV 956mW/977mW VDD_SOC 1397mW/1397mW
08-09-2026 22:29:37 RAM 3000/7620MB (lfb 29x4MB) SWAP 2/12002MB (cached 0MB) CPU [2%@1510,0%@1510,0%@1510,0%@1510,0%@1510,0%@1510] GR3D_FREQ 0% cpu@47.25C soc2@46.656C soc0@45C gpu@46.781C tj@47.25C soc1@45.031C VDD_IN 4113mW/4099mW VDD_CPU_GPU_CV 956mW/977mW VDD_SOC 1397mW/1397mW
08-09-2026 22:29:38 RAM 3000/7620MB (lfb 29x4MB) SWAP 2/12002MB (cached 0MB) CPU [0%@1510,0%@1510,0%@1510,0%@1510,0%@1510,0%@1510] GR3D_FREQ 0% cpu@47.437C soc2@46.562C soc0@45.093C gpu@46.843C tj@47.437C soc1@44.843C VDD_IN 4073mW/4099mW VDD_CPU_GPU_CV 996mW/977mW VDD_SOC 1397mW/1397mW
08-09-2026 22:29:39 RAM 3000/7620MB (lfb 29x4MB) SWAP 2/12002MB (cached 0MB) CPU [0%@1510,0%@1510,0%@1510,0%@1510,1%@1510,0%@1510] GR3D_FREQ 0% cpu@47.343C soc2@46.531C soc0@44.875C gpu@46.812C tj@47.343C soc1@44.843C VDD_IN 4073mW/4099mW VDD_CPU_GPU_CV 996mW/977mW VDD_SOC 1397mW/1397mW
08-09-2026 22:29:40 RAM 3000/7620MB (lfb 29x4MB) SWAP 2/12002MB (cached 0MB) CPU [2%@1510,0%@1510,0%@1510,0%@1510,0%@1510,0%@1510] GR3D_FREQ 0% cpu@47.093C soc2@46.656C soc0@44.875C gpu@46.843C tj@47.093C soc1@44.906C VDD_IN 4113mW/4099mW VDD_CPU_GPU_CV 996mW/978mW VDD_SOC 1397mW/1397mW
08-09-2026 22:29:41 RAM 3000/7620MB (lfb 29x4MB) SWAP 2/12002MB (cached 0MB) CPU [1%@1510,0%@1510,0%@1510,0%@1510,0%@1510,0%@1510] GR3D_FREQ 0% cpu@47.125C soc2@46.562C soc0@44.875C gpu@46.843C tj@47.125C soc1@44.906C VDD_IN 4113mW/4099mW VDD_CPU_GPU_CV 996mW/978mW VDD_SOC 1397mW/1397mW
08-09-2026 22:29:42 RAM 3000/7620MB (lfb 29x4MB) SWAP 2/12002MB (cached 0MB) CPU [0%@1510,0%@1510,0%@1510,0%@1510,0%@1510,0%@1510] GR3D_FREQ 0% cpu@47.218C soc2@46.625C soc0@44.875C gpu@46.843C tj@47.218C soc1@44.937C VDD_IN 4113mW/4099mW VDD_CPU_GPU_CV 996mW/978mW VDD_SOC 1397mW/1397mW
08-09-2026 22:29:43 RAM 3000/7620MB (lfb 29x4MB) SWAP 2/12002MB (cached 0MB) CPU [0%@1510,0%@1510,0%@1510,0%@1510,0%@1510,0%@1510] GR3D_FREQ 0% cpu@47.281C soc2@46.656C soc0@44.906C gpu@46.906C tj@47.281C soc1@45C VDD_IN 4113mW/4099mW VDD_CPU_GPU_CV 996mW/978mW VDD_SOC 1397mW/1397mW
08-09-2026 22:29:44 RAM 3000/7620MB (lfb 29x4MB) SWAP 2/12002MB (cached 0MB) CPU [0%@1510,0%@1510,0%@1510,0%@1510,0%@1510,1%@1510] GR3D_FREQ 0% cpu@47.375C soc2@46.531C soc0@45.062C gpu@46.875C tj@47.375C soc1@44.843C VDD_IN 4113mW/4099mW VDD_CPU_GPU_CV 996mW/978mW VDD_SOC 1397mW/1397mW
08-09-2026 22:29:45 RAM 3000/7620MB (lfb 29x4MB) SWAP 2/12002MB (cached 0MB) CPU [2%@1510,0%@1510,0%@1510,0%@1510,0%@1510,0%@1510] GR3D_FREQ 0% cpu@47.187C soc2@46.531C soc0@45.062C gpu@46.843C tj@47.187C soc1@44.812C VDD_IN 4113mW/4100mW VDD_CPU_GPU_CV 996mW/978mW VDD_SOC 1397mW/1397mW
08-09-2026 22:29:46 RAM 3000/7620MB (lfb 29x4MB) SWAP 2/12002MB (cached 0MB) CPU [1%@1510,0%@1510,0%@1510,0%@1510,0%@1510,0%@1510] GR3D_FREQ 0% cpu@47.312C soc2@46.562C soc0@44.843C gpu@46.625C tj@47.312C soc1@44.781C VDD_IN 4120mW/4100mW VDD_CPU_GPU_CV 996mW/978mW VDD_SOC 1397mW/1397mW
08-09-2026 22:29:47 RAM 3000/7620MB (lfb 29x4MB) SWAP 2/12002MB (cached 0MB) CPU [1%@1510,0%@1510,0%@1510,0%@1510,0%@1510,0%@1510] GR3D_FREQ 0% cpu@47.281C soc2@46.625C soc0@44.906C gpu@46.656C tj@47.281C soc1@44.875C VDD_IN 4120mW/4100mW VDD_CPU_GPU_CV 996mW/978mW VDD_SOC 1397mW/1397mW
08-09-2026 22:29:48 RAM 3000/7620MB (lfb 29x4MB) SWAP 2/12002MB (cached 0MB) CPU [0%@1510,0%@1510,0%@1510,0%@1510,0%@1510,0%@1510] GR3D_FREQ 0% cpu@47.156C soc2@46.593C soc0@44.875C gpu@46.656C tj@47.156C soc1@44.968C VDD_IN 4113mW/4100mW VDD_CPU_GPU_CV 996mW/978mW VDD_SOC 1397mW/1397mW
08-09-2026 22:29:49 RAM 3000/7620MB (lfb 29x4MB) SWAP 2/12002MB (cached 0MB) CPU [0%@1510,0%@1510,0%@1510,0%@1510,0%@1510,1%@1510] GR3D_FREQ 0% cpu@47.125C soc2@46.593C soc0@44.875C gpu@46.625C tj@47.281C soc1@45C VDD_IN 4080mW/4100mW VDD_CPU_GPU_CV 996mW/978mW VDD_SOC 1397mW/1397mW
08-09-2026 22:29:50 RAM 3000/7620MB (lfb 29x4MB) SWAP 2/12002MB (cached 0MB) CPU [1%@1510,0%@1510,0%@1510,0%@1510,0%@1510,0%@1510] GR3D_FREQ 0% cpu@47.125C soc2@46.625C soc0@44.906C gpu@46.656C tj@47.125C soc1@44.781C VDD_IN 4113mW/4100mW VDD_CPU_GPU_CV 996mW/978mW VDD_SOC 1397mW/1397mW
08-09-2026 22:29:51 RAM 3000/7620MB (lfb 29x4MB) SWAP 2/12002MB (cached 0MB) CPU [0%@1510,0%@1510,0%@1510,0%@1510,0%@1510,1%@1510] GR3D_FREQ 0% cpu@47.468C soc2@46.656C soc0@45C gpu@46.75C tj@47.468C soc1@44.812C VDD_IN 4113mW/4100mW VDD_CPU_GPU_CV 996mW/978mW VDD_SOC 1397mW/1397mW
08-09-2026 22:29:52 RAM 3000/7620MB (lfb 29x4MB) SWAP 2/12002MB (cached 0MB) CPU [1%@1510,0%@1510,0%@1510,0%@1510,0%@1510,0%@1510] GR3D_FREQ 0% cpu@47.281C soc2@46.593C soc0@44.875C gpu@46.718C tj@47.281C soc1@44.812C VDD_IN 4113mW/4100mW VDD_CPU_GPU_CV 996mW/978mW VDD_SOC 1397mW/1397mW
08-09-2026 22:29:53 RAM 3001/7620MB (lfb 29x4MB) SWAP 2/12002MB (cached 0MB) CPU [1%@1510,0%@1510,0%@1510,0%@1510,1%@1510,1%@1510] GR3D_FREQ 0% cpu@47.531C soc2@46.531C soc0@44.875C gpu@46.687C tj@47.531C soc1@44.875C VDD_IN 4113mW/4100mW VDD_CPU_GPU_CV 996mW/978mW VDD_SOC 1397mW/1397mW
08-09-2026 22:29:54 RAM 3001/7620MB (lfb 29x4MB) SWAP 2/12002MB (cached 0MB) CPU [1%@1510,0%@1510,0%@1510,0%@1510,1%@1510,0%@1510] GR3D_FREQ 0% cpu@47.187C soc2@46.5C soc0@44.906C gpu@46.687C tj@47.187C soc1@44.843C VDD_IN 4113mW/4100mW VDD_CPU_GPU_CV 996mW/978mW VDD_SOC 1397mW/1397mW
08-09-2026 22:29:55 RAM 3001/7620MB (lfb 29x4MB) SWAP 2/12002MB (cached 0MB) CPU [1%@1510,0%@1510,0%@1510,0%@1510,0%@1510,1%@1510] GR3D_FREQ 0% cpu@47.218C soc2@46.656C soc0@44.906C gpu@46.75C tj@47.218C soc1@44.937C VDD_IN 4113mW/4100mW VDD_CPU_GPU_CV 996mW/979mW VDD_SOC 1397mW/1397mW
08-09-2026 22:29:56 RAM 3001/7620MB (lfb 29x4MB) SWAP 2/12002MB (cached 0MB) CPU [1%@1510,0%@1510,0%@1510,0%@1510,0%@1510,0%@1510] GR3D_FREQ 0% cpu@47.187C soc2@46.625C soc0@44.906C gpu@46.75C tj@47.375C soc1@44.781C VDD_IN 4113mW/4100mW VDD_CPU_GPU_CV 996mW/979mW VDD_SOC 1397mW/1397mW
08-09-2026 22:29:57 RAM 3001/7620MB (lfb 29x4MB) SWAP 2/12002MB (cached 0MB) CPU [0%@1510,0%@1510,0%@1510,0%@1510,0%@1510,1%@1510] GR3D_FREQ 0% cpu@47.343C soc2@46.437C soc0@44.937C gpu@46.75C tj@47.343C soc1@44.843C VDD_IN 4113mW/4100mW VDD_CPU_GPU_CV 996mW/979mW VDD_SOC 1397mW/1397mW
08-09-2026 22:29:58 RAM 3001/7620MB (lfb 29x4MB) SWAP 2/12002MB (cached 0MB) CPU [0%@1510,1%@1510,0%@1510,0%@1510,0%@1510,0%@1510] GR3D_FREQ 0% cpu@47.5C soc2@46.531C soc0@44.968C gpu@46.75C tj@47.5C soc1@44.843C VDD_IN 4073mW/4100mW VDD_CPU_GPU_CV 956mW/979mW VDD_SOC 1397mW/1397mW
08-09-2026 22:29:59 RAM 3001/7620MB (lfb 29x4MB) SWAP 2/12002MB (cached 0MB) CPU [0%@1510,0%@1510,0%@1510,0%@1510,0%@1510,0%@1510] GR3D_FREQ 0% cpu@47.312C soc2@46.625C soc0@44.875C gpu@46.875C tj@47.312C soc1@44.75C VDD_IN 4080mW/4100mW VDD_CPU_GPU_CV 956mW/978mW VDD_SOC 1397mW/1397mW
08-09-2026 22:30:00 RAM 3001/7620MB (lfb 29x4MB) SWAP 2/12002MB (cached 0MB) CPU [2%@1510,0%@1510,0%@1510,0%@1510,0%@1510,0%@1510] GR3D_FREQ 0% cpu@47.093C soc2@46.593C soc0@44.875C gpu@46.75C tj@47.093C soc1@44.843C VDD_IN 4113mW/4100mW VDD_CPU_GPU_CV 996mW/979mW VDD_SOC 1397mW/1397mW
08-09-2026 22:30:01 RAM 3001/7620MB (lfb 29x4MB) SWAP 2/12002MB (cached 0MB) CPU [0%@1510,0%@1510,0%@1510,0%@1510,0%@1510,0%@1510] GR3D_FREQ 0% cpu@47.125C soc2@46.593C soc0@44.875C gpu@46.875C tj@47.125C soc1@44.906C VDD_IN 4113mW/4100mW VDD_CPU_GPU_CV 956mW/978mW VDD_SOC 1397mW/1397mW
08-09-2026 22:30:02 RAM 3001/7620MB (lfb 29x4MB) SWAP 2/12002MB (cached 0MB) CPU [1%@1510,1%@1510,0%@1510,0%@1510,1%@1510,1%@1510] GR3D_FREQ 0% cpu@47.218C soc2@46.687C soc0@44.937C gpu@46.875C tj@47.218C soc1@45.031C VDD_IN 4080mW/4100mW VDD_CPU_GPU_CV 956mW/978mW VDD_SOC 1397mW/1397mW
08-09-2026 22:30:03 RAM 3001/7620MB (lfb 29x4MB) SWAP 2/12002MB (cached 0MB) CPU [0%@1510,0%@1510,0%@1510,0%@1510,0%@1510,0%@1510] GR3D_FREQ 0% cpu@47.25C soc2@46.687C soc0@44.968C gpu@46.968C tj@47.437C soc1@44.843C VDD_IN 4080mW/4100mW VDD_CPU_GPU_CV 956mW/978mW VDD_SOC 1397mW/1397mW
08-09-2026 22:30:04 RAM 3001/7620MB (lfb 29x4MB) SWAP 2/12002MB (cached 0MB) CPU [0%@1510,0%@1510,0%@1510,0%@1510,1%@1510,0%@1510] GR3D_FREQ 0% cpu@47.406C soc2@46.5C soc0@44.968C gpu@46.875C tj@47.406C soc1@44.781C VDD_IN 4080mW/4100mW VDD_CPU_GPU_CV 956mW/978mW VDD_SOC 1397mW/1397mW
08-09-2026 22:30:05 RAM 3001/7620MB (lfb 29x4MB) SWAP 2/12002MB (cached 0MB) CPU [1%@1510,1%@1510,0%@1510,0%@1510,0%@1510,2%@1510] GR3D_FREQ 0% cpu@47.125C soc2@46.5C soc0@45.125C gpu@47.031C tj@47.125C soc1@44.843C VDD_IN 4113mW/4100mW VDD_CPU_GPU_CV 996mW/978mW VDD_SOC 1397mW/1397mW
08-09-2026 22:30:06 RAM 3001/7620MB (lfb 29x4MB) SWAP 2/12002MB (cached 0MB) CPU [0%@1510,0%@1510,0%@1510,0%@1510,1%@1510,0%@1510] GR3D_FREQ 0% cpu@47.343C soc2@46.625C soc0@44.937C gpu@46.5C tj@47.343C soc1@44.843C VDD_IN 4120mW/4100mW VDD_CPU_GPU_CV 996mW/978mW VDD_SOC 1397mW/1397mW
08-09-2026 22:30:07 RAM 3001/7620MB (lfb 29x4MB) SWAP 2/12002MB (cached 0MB) CPU [0%@1510,0%@1510,0%@1510,0%@1510,0%@1510,0%@1510] GR3D_FREQ 0% cpu@47.062C soc2@46.593C soc0@44.937C gpu@46.437C tj@47.062C soc1@44.843C VDD_IN 4073mW/4100mW VDD_CPU_GPU_CV 956mW/978mW VDD_SOC 1397mW/1397mW
08-09-2026 22:30:08 RAM 3001/7620MB (lfb 29x4MB) SWAP 2/12002MB (cached 0MB) CPU [1%@1510,1%@1510,0%@1510,1%@1510,0%@1510,0%@1510] GR3D_FREQ 0% cpu@47.25C soc2@46.625C soc0@44.875C gpu@46.593C tj@47.25C soc1@44.937C VDD_IN 4080mW/4100mW VDD_CPU_GPU_CV 958mW/978mW VDD_SOC 1397mW/1397mW
08-09-2026 22:30:09 RAM 3001/7620MB (lfb 29x4MB) SWAP 2/12002MB (cached 0MB) CPU [1%@1510,1%@1510,0%@1510,0%@1510,0%@1510,0%@1510] GR3D_FREQ 0% cpu@47.375C soc2@46.562C soc0@45C gpu@46.531C tj@47.375C soc1@44.968C VDD_IN 4073mW/4100mW VDD_CPU_GPU_CV 958mW/978mW VDD_SOC 1397mW/1397mW
08-09-2026 22:30:10 RAM 3001/7620MB (lfb 29x4MB) SWAP 2/12002MB (cached 0MB) CPU [0%@1510,0%@1510,0%@1510,2%@1510,0%@1510,1%@1510] GR3D_FREQ 0% cpu@47.25C soc2@46.562C soc0@45C gpu@46.5C tj@47.25C soc1@44.843C VDD_IN 4113mW/4100mW VDD_CPU_GPU_CV 996mW/978mW VDD_SOC 1397mW/1397mW
08-09-2026 22:30:11 RAM 3001/7620MB (lfb 29x4MB) SWAP 2/12002MB (cached 0MB) CPU [0%@1510,1%@1510,1%@1510,0%@1510,1%@1510,0%@1510] GR3D_FREQ 0% cpu@47.406C soc2@46.562C soc0@44.968C gpu@46.531C tj@47.406C soc1@44.843C VDD_IN 4113mW/4100mW VDD_CPU_GPU_CV 956mW/978mW VDD_SOC 1397mW/1397mW
08-09-2026 22:30:12 RAM 3001/7620MB (lfb 29x4MB) SWAP 2/12002MB (cached 0MB) CPU [0%@1510,1%@1510,2%@1510,0%@1510,0%@1510,0%@1510] GR3D_FREQ 0% cpu@47.218C soc2@46.5C soc0@44.906C gpu@46.531C tj@47.218C soc1@44.843C VDD_IN 4080mW/4100mW VDD_CPU_GPU_CV 956mW/978mW VDD_SOC 1397mW/1397mW
08-09-2026 22:30:13 RAM 3001/7620MB (lfb 29x4MB) SWAP 2/12002MB (cached 0MB) CPU [1%@1510,0%@1510,0%@1510,0%@1510,0%@1510,0%@1510] GR3D_FREQ 0% cpu@47.593C soc2@46.656C soc0@44.875C gpu@46.5C tj@47.156C soc1@44.843C VDD_IN 4073mW/4100mW VDD_CPU_GPU_CV 996mW/978mW VDD_SOC 1397mW/1397mW
08-09-2026 22:30:14 RAM 3001/7620MB (lfb 29x4MB) SWAP 2/12002MB (cached 0MB) CPU [0%@1510,0%@1510,1%@1510,0%@1510,0%@1510,0%@1510] GR3D_FREQ 0% cpu@47.218C soc2@46.593C soc0@44.812C gpu@46.531C tj@47.218C soc1@44.937C VDD_IN 4080mW/4099mW VDD_CPU_GPU_CV 956mW/978mW VDD_SOC 1397mW/1397mW
08-09-2026 22:30:15 RAM 3001/7620MB (lfb 29x4MB) SWAP 2/12002MB (cached 0MB) CPU [1%@1510,1%@1510,1%@1510,0%@1510,0%@1510,0%@1510] GR3D_FREQ 0% cpu@47.281C soc2@46.625C soc0@44.875C gpu@46.531C tj@47.281C soc1@45C VDD_IN 4080mW/4099mW VDD_CPU_GPU_CV 956mW/978mW VDD_SOC 1397mW/1397mW
08-09-2026 22:30:16 RAM 3001/7620MB (lfb 29x4MB) SWAP 2/12002MB (cached 0MB) CPU [0%@1510,1%@1510,0%@1510,0%@1510,0%@1510,0%@1510] GR3D_FREQ 0% cpu@47.468C soc2@46.625C soc0@45C gpu@46.562C tj@47.468C soc1@44.687C VDD_IN 4120mW/4099mW VDD_CPU_GPU_CV 956mW/978mW VDD_SOC 1397mW/1397mW
08-09-2026 22:30:17 RAM 3001/7620MB (lfb 29x4MB) SWAP 2/12002MB (cached 0MB) CPU [1%@1510,1%@1510,0%@1510,0%@1510,0%@1510,0%@1510] GR3D_FREQ 0% cpu@47.281C soc2@46.593C soc0@45.031C gpu@46.562C tj@47.281C soc1@44.781C VDD_IN 4120mW/4100mW VDD_CPU_GPU_CV 956mW/978mW VDD_SOC 1397mW/1397mW
08-09-2026 22:30:18 RAM 3001/7620MB (lfb 29x4MB) SWAP 2/12002MB (cached 0MB) CPU [0%@1510,0%@1510,1%@1510,0%@1510,0%@1510,0%@1510] GR3D_FREQ 0% cpu@47.562C soc2@46.593C soc0@44.843C gpu@46.5C tj@47.562C soc1@44.75C VDD_IN 4080mW/4099mW VDD_CPU_GPU_CV 956mW/978mW VDD_SOC 1397mW/1397mW
08-09-2026 22:30:19 RAM 3001/7620MB (lfb 29x4MB) SWAP 2/12002MB (cached 0MB) CPU [1%@1510,1%@1510,0%@1510,0%@1510,1%@1510,1%@1510] GR3D_FREQ 0% cpu@47.25C soc2@46.625C soc0@44.875C gpu@46.531C tj@47.156C soc1@44.875C VDD_IN 4080mW/4099mW VDD_CPU_GPU_CV 956mW/978mW VDD_SOC 1397mW/1397mW
08-09-2026 22:30:20 RAM 3001/7620MB (lfb 29x4MB) SWAP 2/12002MB (cached 0MB) CPU [0%@1510,0%@1510,0%@1510,0%@1510,0%@1510,0%@1510] GR3D_FREQ 0% cpu@47.093C soc2@46.687C soc0@44.875C gpu@46.562C tj@47.093C soc1@44.843C VDD_IN 4120mW/4099mW VDD_CPU_GPU_CV 956mW/978mW VDD_SOC 1397mW/1397mW
08-09-2026 22:30:21 RAM 3001/7620MB (lfb 29x4MB) SWAP 2/12002MB (cached 0MB) CPU [1%@1510,1%@1510,0%@1510,1%@1510,0%@1510,0%@1510] GR3D_FREQ 0% cpu@47.218C soc2@46.687C soc0@44.875C gpu@46.562C tj@47.218C soc1@44.968C VDD_IN 4113mW/4099mW VDD_CPU_GPU_CV 996mW/978mW VDD_SOC 1397mW/1397mW
08-09-2026 22:30:22 RAM 3001/7620MB (lfb 29x4MB) SWAP 2/12002MB (cached 0MB) CPU [0%@1510,0%@1510,0%@1510,0%@1510,0%@1510,0%@1510] GR3D_FREQ 0% cpu@47.281C soc2@46.656C soc0@44.906C gpu@46.531C tj@47.281C soc1@44.968C VDD_IN 4073mW/4099mW VDD_CPU_GPU_CV 956mW/978mW VDD_SOC 1397mW/1397mW
08-09-2026 22:30:23 RAM 3001/7620MB (lfb 29x4MB) SWAP 2/12002MB (cached 0MB) CPU [1%@1510,0%@1510,0%@1510,0%@1510,1%@1510,0%@1510] GR3D_FREQ 0% cpu@47.531C soc2@46.562C soc0@44.906C gpu@46.593C tj@47.531C soc1@44.812C VDD_IN 4080mW/4099mW VDD_CPU_GPU_CV 956mW/977mW VDD_SOC 1397mW/1397mW
08-09-2026 22:30:24 RAM 3001/7620MB (lfb 29x4MB) SWAP 2/12002MB (cached 0MB) CPU [1%@1510,0%@1510,0%@1510,0%@1510,0%@1510,0%@1510] GR3D_FREQ 0% cpu@47.343C soc2@46.562C soc0@44.937C gpu@46.656C tj@47.343C soc1@44.718C VDD_IN 4080mW/4099mW VDD_CPU_GPU_CV 956mW/977mW VDD_SOC 1397mW/1397mW
08-09-2026 22:30:25 RAM 3001/7620MB (lfb 29x4MB) SWAP 2/12002MB (cached 0MB) CPU [1%@1510,1%@1510,0%@1510,0%@1510,2%@1510,0%@1510] GR3D_FREQ 0% cpu@47.093C soc2@46.625C soc0@44.843C gpu@46.625C tj@47.093C soc1@44.843C VDD_IN 4080mW/4099mW VDD_CPU_GPU_CV 996mW/977mW VDD_SOC 1397mW/1397mW
08-09-2026 22:30:26 RAM 3001/7620MB (lfb 29x4MB) SWAP 2/12002MB (cached 0MB) CPU [1%@1510,0%@1510,0%@1510,0%@1510,0%@1510,0%@1510] GR3D_FREQ 0% cpu@47.406C soc2@46.625C soc0@44.937C gpu@46.656C tj@47.187C soc1@44.875C VDD_IN 4120mW/4099mW VDD_CPU_GPU_CV 996mW/978mW VDD_SOC 1397mW/1397mW
08-09-2026 22:30:27 RAM 3001/7620MB (lfb 29x4MB) SWAP 2/12002MB (cached 0MB) CPU [2%@1510,0%@1510,0%@1510,0%@1510,0%@1510,1%@1510] GR3D_FREQ 0% cpu@47.156C soc2@46.593C soc0@44.875C gpu@46.718C tj@47.156C soc1@44.906C VDD_IN 4120mW/4099mW VDD_CPU_GPU_CV 958mW/977mW VDD_SOC 1397mW/1397mW
08-09-2026 22:30:28 RAM 3001/7620MB (lfb 29x4MB) SWAP 2/12002MB (cached 0MB) CPU [2%@1510,0%@1510,0%@1510,0%@1510,0%@1510,0%@1510] GR3D_FREQ 0% cpu@47.25C soc2@46.656C soc0@44.968C gpu@46.718C tj@47.25C soc1@45.031C VDD_IN 4073mW/4099mW VDD_CPU_GPU_CV 958mW/977mW VDD_SOC 1397mW/1397mW
08-09-2026 22:30:29 RAM 3001/7620MB (lfb 29x4MB) SWAP 2/12002MB (cached 0MB) CPU [0%@1510,0%@1510,0%@1510,0%@1510,0%@1510,0%@1510] GR3D_FREQ 0% cpu@47.343C soc2@46.656C soc0@44.937C gpu@46.718C tj@47.343C soc1@44.781C VDD_IN 4080mW/4099mW VDD_CPU_GPU_CV 996mW/977mW VDD_SOC 1397mW/1397mW
08-09-2026 22:30:30 RAM 3001/7620MB (lfb 29x4MB) SWAP 2/12002MB (cached 0MB) CPU [0%@1510,0%@1510,0%@1510,0%@1510,0%@1510,0%@1510] GR3D_FREQ 0% cpu@47.25C soc2@46.531C soc0@45.125C gpu@46.781C tj@47.25C soc1@44.875C VDD_IN 4073mW/4099mW VDD_CPU_GPU_CV 956mW/977mW VDD_SOC 1397mW/1397mW
08-09-2026 22:30:31 RAM 3002/7620MB (lfb 29x4MB) SWAP 2/12002MB (cached 0MB) CPU [1%@1510,1%@1510,0%@1510,1%@1510,1%@1510,0%@1510] GR3D_FREQ 0% cpu@47.468C soc2@46.562C soc0@45.093C gpu@46.718C tj@47.468C soc1@44.875C VDD_IN 4113mW/4099mW VDD_CPU_GPU_CV 996mW/977mW VDD_SOC 1397mW/1397mW
08-09-2026 22:30:32 RAM 3002/7620MB (lfb 29x4MB) SWAP 2/12002MB (cached 0MB) CPU [0%@1510,0%@1510,0%@1510,0%@1510,0%@1510,1%@1510] GR3D_FREQ 0% cpu@47.218C soc2@46.562C soc0@44.875C gpu@46.781C tj@47.218C soc1@44.906C VDD_IN 4120mW/4099mW VDD_CPU_GPU_CV 996mW/978mW VDD_SOC 1397mW/1397mW
08-09-2026 22:30:33 RAM 3002/7620MB (lfb 29x4MB) SWAP 2/12002MB (cached 0MB) CPU [1%@1510,0%@1510,0%@1510,0%@1510,0%@1510,0%@1510] GR3D_FREQ 0% cpu@47.25C soc2@46.656C soc0@44.937C gpu@46.781C tj@47.25C soc1@44.875C VDD_IN 4113mW/4099mW VDD_CPU_GPU_CV 996mW/978mW VDD_SOC 1397mW/1397mW
08-09-2026 22:30:34 RAM 3002/7620MB (lfb 29x4MB) SWAP 2/12002MB (cached 0MB) CPU [0%@1510,0%@1510,0%@1510,0%@1510,0%@1510,0%@1510] GR3D_FREQ 0% cpu@47.218C soc2@46.625C soc0@44.968C gpu@46.812C tj@47.218C soc1@44.937C VDD_IN 4120mW/4099mW VDD_CPU_GPU_CV 996mW/978mW VDD_SOC 1397mW/1397mW
08-09-2026 22:30:35 RAM 3002/7620MB (lfb 29x4MB) SWAP 2/12002MB (cached 0MB) CPU [1%@1510,0%@1510,1%@1510,0%@1510,0%@1510,0%@1510] GR3D_FREQ 0% cpu@47.312C soc2@46.656C soc0@44.968C gpu@46.843C tj@47.312C soc1@45.062C VDD_IN 4080mW/4099mW VDD_CPU_GPU_CV 996mW/978mW VDD_SOC 1397mW/1397mW
08-09-2026 22:30:36 RAM 3002/7620MB (lfb 29x4MB) SWAP 2/12002MB (cached 0MB) CPU [1%@1510,0%@1510,0%@1510,0%@1510,0%@1510,0%@1510] GR3D_FREQ 0% cpu@47.468C soc2@46.593C soc0@45C gpu@46.718C tj@47.468C soc1@44.843C VDD_IN 4120mW/4099mW VDD_CPU_GPU_CV 996mW/978mW VDD_SOC 1397mW/1397mW
08-09-2026 22:30:37 RAM 3002/7620MB (lfb 29x4MB) SWAP 2/12002MB (cached 0MB) CPU [1%@1510,1%@1510,0%@1510,0%@1510,0%@1510,0%@1510] GR3D_FREQ 0% cpu@47.312C soc2@46.562C soc0@45.156C gpu@46.812C tj@47.25C soc1@44.812C VDD_IN 4120mW/4099mW VDD_CPU_GPU_CV 996mW/978mW VDD_SOC 1397mW/1397mW
08-09-2026 22:30:38 RAM 3002/7620MB (lfb 29x4MB) SWAP 2/12002MB (cached 0MB) CPU [1%@1510,0%@1510,0%@1510,0%@1510,1%@1510,0%@1510] GR3D_FREQ 0% cpu@47.593C soc2@46.625C soc0@44.875C gpu@46.875C tj@47.593C soc1@44.875C VDD_IN 4120mW/4099mW VDD_CPU_GPU_CV 996mW/978mW VDD_SOC 1397mW/1397mW
08-09-2026 22:30:39 RAM 3002/7620MB (lfb 29x4MB) SWAP 2/12002MB (cached 0MB) CPU [1%@1510,0%@1510,0%@1510,0%@1510,0%@1510,0%@1510] GR3D_FREQ 0% cpu@47.156C soc2@46.656C soc0@44.937C gpu@46.812C tj@47.156C soc1@44.875C VDD_IN 4120mW/4100mW VDD_CPU_GPU_CV 998mW/978mW VDD_SOC 1397mW/1397mW
08-09-2026 22:30:40 RAM 3002/7620MB (lfb 29x4MB) SWAP 2/12002MB (cached 0MB) CPU [2%@1510,0%@1510,0%@1510,0%@1510,0%@1510,1%@1510] GR3D_FREQ 0% cpu@47.281C soc2@46.656C soc0@44.968C gpu@46.875C tj@47.281C soc1@44.875C VDD_IN 4120mW/4100mW VDD_CPU_GPU_CV 998mW/978mW VDD_SOC 1397mW/1397mW
08-09-2026 22:30:41 RAM 3002/7620MB (lfb 29x4MB) SWAP 2/12002MB (cached 0MB) CPU [2%@1510,1%@1510,0%@1510,0%@1510,0%@1510,0%@1510] GR3D_FREQ 0% cpu@47.218C soc2@46.625C soc0@44.968C gpu@46.906C tj@47.218C soc1@44.968C VDD_IN 4113mW/4100mW VDD_CPU_GPU_CV 996mW/978mW VDD_SOC 1397mW/1397mW
08-09-2026 22:30:42 RAM 3002/7620MB (lfb 29x4MB) SWAP 2/12002MB (cached 0MB) CPU [1%@1510,0%@1510,1%@1510,0%@1510,0%@1510,0%@1510] GR3D_FREQ 0% cpu@47.406C soc2@46.687C soc0@45C gpu@46.937C tj@47.406C soc1@44.781C VDD_IN 4113mW/4100mW VDD_CPU_GPU_CV 996mW/978mW VDD_SOC 1397mW/1397mW
08-09-2026 22:30:43 RAM 3002/7620MB (lfb 29x4MB) SWAP 2/12002MB (cached 0MB) CPU [1%@1510,0%@1510,0%@1510,0%@1510,0%@1510,0%@1510] GR3D_FREQ 0% cpu@47.593C soc2@46.593C soc0@45.062C gpu@46.968C tj@47.593C soc1@44.875C VDD_IN 4120mW/4100mW VDD_CPU_GPU_CV 996mW/978mW VDD_SOC 1397mW/1397mW
08-09-2026 22:30:44 RAM 3002/7620MB (lfb 29x4MB) SWAP 2/12002MB (cached 0MB) CPU [1%@1510,0%@1510,0%@1510,0%@1510,0%@1510,0%@1510] GR3D_FREQ 0% cpu@47.437C soc2@46.625C soc0@44.906C gpu@46.937C tj@47.343C soc1@44.937C VDD_IN 4113mW/4100mW VDD_CPU_GPU_CV 996mW/978mW VDD_SOC 1397mW/1397mW
