08-09-2026 22:41:58 RAM 3024/7620MB (lfb 29x4MB) SWAP 2/12002MB (cached 0MB) CPU [1%@1510,2%@1510,4%@1510,1%@1510,1%@1510,2%@1510] GR3D_FREQ 0% cpu@47.468C soc2@46.312C soc0@44.781C gpu@46.437C tj@47.468C soc1@44.562C VDD_IN 4193mW/4193mW VDD_CPU_GPU_CV 1036mW/1036mW VDD_SOC 1397mW/1397mW
08-09-2026 22:41:59 RAM 3024/7620MB (lfb 29x4MB) SWAP 2/12002MB (cached 0MB) CPU [1%@1510,1%@1510,1%@1510,1%@1510,0%@1510,1%@1510] GR3D_FREQ 0% cpu@47.062C soc2@46.375C soc0@44.593C gpu@46.437C tj@47.062C soc1@44.562C VDD_IN 4113mW/4153mW VDD_CPU_GPU_CV 996mW/1016mW VDD_SOC 1397mW/1397mW
08-09-2026 22:42:00 RAM 3025/7620MB (lfb 29x4MB) SWAP 2/12002MB (cached 0MB) CPU [0%@1510,1%@1510,1%@1510,0%@1510,1%@1510,0%@1510] GR3D_FREQ 0% cpu@46.937C soc2@46.375C soc0@44.593C gpu@46.5C tj@46.937C soc1@44.593C VDD_IN 4080mW/4128mW VDD_CPU_GPU_CV 956mW/996mW VDD_SOC 1397mW/1397mW
08-09-2026 22:42:01 RAM 3025/7620MB (lfb 29x4MB) SWAP 2/12002MB (cached 0MB) CPU [0%@1510,0%@1510,0%@1510,0%@1510,0%@1510,0%@1510] GR3D_FREQ 0% cpu@46.968C soc2@46.343C soc0@44.625C gpu@46.468C tj@46.968C soc1@44.625C VDD_IN 4080mW/4116mW VDD_CPU_GPU_CV 956mW/986mW VDD_SOC 1397mW/1397mW
08-09-2026 22:42:02 RAM 3025/7620MB (lfb 29x4MB) SWAP 2/12002MB (cached 0MB) CPU [0%@1510,1%@1510,0%@1510,0%@1510,2%@1510,1%@1510] GR3D_FREQ 0% cpu@46.968C soc2@46.375C soc0@44.656C gpu@46.437C tj@46.968C soc1@44.437C VDD_IN 4080mW/4109mW VDD_CPU_GPU_CV 956mW/980mW VDD_SOC 1397mW/1397mW
08-09-2026 22:42:03 RAM 3025/7620MB (lfb 29x4MB) SWAP 2/12002MB (cached 0MB) CPU [1%@1510,0%@1510,0%@1510,3%@1510,0%@1510,2%@1510] GR3D_FREQ 0% cpu@47.156C soc2@46.312C soc0@44.625C gpu@46.5C tj@47.156C soc1@44.5C VDD_IN 4113mW/4109mW VDD_CPU_GPU_CV 996mW/982mW VDD_SOC 1397mW/1397mW
08-09-2026 22:42:04 RAM 3025/7620MB (lfb 29x4MB) SWAP 2/12002MB (cached 0MB) CPU [0%@1510,0%@1510,0%@1510,1%@1510,1%@1510,1%@1510] GR3D_FREQ 0% cpu@46.906C soc2@46.343C soc0@44.656C gpu@46.468C tj@46.906C soc1@44.5C VDD_IN 4120mW/4111mW VDD_CPU_GPU_CV 956mW/978mW VDD_SOC 1397mW/1397mW
08-09-2026 22:42:05 RAM 3024/7620MB (lfb 29x4MB) SWAP 2/12002MB (cached 0MB) CPU [0%@1510,1%@1510,0%@1510,0%@1510,0%@1510,0%@1510] GR3D_FREQ 0% cpu@47.218C soc2@46.375C soc0@44.593C gpu@46.531C tj@47.218C soc1@44.531C VDD_IN 4080mW/4107mW VDD_CPU_GPU_CV 958mW/976mW VDD_SOC 1397mW/1397mW
08-09-2026 22:42:06 RAM 3024/7620MB (lfb 29x4MB) SWAP 2/12002MB (cached 0MB) CPU [0%@1510,1%@1510,0%@1510,0%@1510,0%@1510,1%@1510] GR3D_FREQ 0% cpu@46.843C soc2@46.406C soc0@44.593C gpu@46.593C tj@46.843C soc1@44.656C VDD_IN 4080mW/4104mW VDD_CPU_GPU_CV 958mW/974mW VDD_SOC 1397mW/1397mW
08-09-2026 22:42:07 RAM 3024/7620MB (lfb 29x4MB) SWAP 2/12002MB (cached 0MB) CPU [0%@1510,0%@1510,1%@1510,0%@1510,0%@1510,0%@1510] GR3D_FREQ 0% cpu@47.031C soc2@46.375C soc0@44.625C gpu@46.562C tj@47.031C soc1@44.718C VDD_IN 4080mW/4101mW VDD_CPU_GPU_CV 958mW/972mW VDD_SOC 1397mW/1397mW
08-09-2026 22:42:08 RAM 3024/7620MB (lfb 29x4MB) SWAP 2/12002MB (cached 0MB) CPU [0%@1510,0%@1510,0%@1510,0%@1510,0%@1510,0%@1510] GR3D_FREQ 0% cpu@47.062C soc2@46.406C soc0@44.625C gpu@46.593C tj@47.062C soc1@44.781C VDD_IN 4080mW/4099mW VDD_CPU_GPU_CV 958mW/971mW VDD_SOC 1397mW/1397mW
08-09-2026 22:42:09 RAM 3024/7620MB (lfb 29x4MB) SWAP 2/12002MB (cached 0MB) CPU [0%@1510,1%@1510,0%@1510,0%@1510,0%@1510,0%@1510] GR3D_FREQ 0% cpu@46.968C soc2@46.343C soc0@44.718C gpu@46.687C tj@46.968C soc1@44.562C VDD_IN 4080mW/4098mW VDD_CPU_GPU_CV 958mW/970mW VDD_SOC 1397mW/1397mW
08-09-2026 22:42:10 RAM 3024/7620MB (lfb 29x4MB) SWAP 2/12002MB (cached 0MB) CPU [0%@1510,3%@1510,1%@1510,1%@1510,0%@1510,1%@1510] GR3D_FREQ 0% cpu@47.218C soc2@46.312C soc0@44.562C gpu@46.593C tj@47.218C soc1@44.468C VDD_IN 4080mW/4096mW VDD_CPU_GPU_CV 956mW/969mW VDD_SOC 1397mW/1397mW
08-09-2026 22:42:11 RAM 3024/7620MB (lfb 29x4MB) SWAP 2/12002MB (cached 0MB) CPU [0%@1510,1%@1510,0%@1510,0%@1510,0%@1510,0%@1510] GR3D_FREQ 0% cpu@46.937C soc2@46.375C soc0@44.531C gpu@46.687C tj@46.937C soc1@44.656C VDD_IN 4080mW/4095mW VDD_CPU_GPU_CV 956mW/968mW VDD_SOC 1397mW/1397mW
08-09-2026 22:42:12 RAM 3024/7620MB (lfb 29x4MB) SWAP 2/12002MB (cached 0MB) CPU [1%@1510,0%@1510,1%@1510,0%@1510,0%@1510,0%@1510] GR3D_FREQ 0% cpu@46.937C soc2@46.375C soc0@44.562C gpu@46.406C tj@47C soc1@44.625C VDD_IN 4120mW/4097mW VDD_CPU_GPU_CV 958mW/967mW VDD_SOC 1397mW/1397mW
08-09-2026 22:42:13 RAM 3025/7620MB (lfb 29x4MB) SWAP 2/12002MB (cached 0MB) CPU [1%@1510,0%@1510,0%@1510,1%@1510,1%@1510,1%@1510] GR3D_FREQ 0% cpu@47.031C soc2@46.375C soc0@44.687C gpu@46.343C tj@47.031C soc1@44.656C VDD_IN 4080mW/4096mW VDD_CPU_GPU_CV 958mW/966mW VDD_SOC 1397mW/1397mW
08-09-2026 22:42:14 RAM 3025/7620MB (lfb 29x4MB) SWAP 2/12002MB (cached 0MB) CPU [0%@1510,1%@1510,0%@1510,0%@1510,0%@1510,0%@1510] GR3D_FREQ 0% cpu@47C soc2@46.375C soc0@44.656C gpu@46.312C tj@47C soc1@44.812C VDD_IN 4080mW/4095mW VDD_CPU_GPU_CV 958mW/966mW VDD_SOC 1397mW/1397mW
08-09-2026 22:42:15 RAM 3025/7620MB (lfb 29x4MB) SWAP 2/12002MB (cached 0MB) CPU [0%@1510,1%@1510,0%@1510,0%@1510,0%@1510,0%@1510] GR3D_FREQ 0% cpu@47.187C soc2@46.187C soc0@44.812C gpu@46.406C tj@47.187C soc1@44.562C VDD_IN 4080mW/4094mW VDD_CPU_GPU_CV 958mW/965mW VDD_SOC 1397mW/1397mW
08-09-2026 22:42:16 RAM 3025/7620MB (lfb 29x4MB) SWAP 2/12002MB (cached 0MB) CPU [1%@1510,0%@1510,0%@1510,1%@1510,0%@1510,0%@1510] GR3D_FREQ 0% cpu@47.093C soc2@46.343C soc0@44.625C gpu@46.375C tj@47.031C soc1@44.593C VDD_IN 4080mW/4093mW VDD_CPU_GPU_CV 958mW/965mW VDD_SOC 1397mW/1397mW
08-09-2026 22:42:17 RAM 3025/7620MB (lfb 29x4MB) SWAP 2/12002MB (cached 0MB) CPU [0%@1510,1%@1510,1%@1510,0%@1510,0%@1510,0%@1510] GR3D_FREQ 0% cpu@46.906C soc2@46.343C soc0@44.625C gpu@46.406C tj@46.906C soc1@44.593C VDD_IN 4080mW/4092mW VDD_CPU_GPU_CV 956mW/965mW VDD_SOC 1397mW/1397mW
08-09-2026 22:42:18 RAM 3025/7620MB (lfb 29x4MB) SWAP 2/12002MB (cached 0MB) CPU [1%@1510,0%@1510,0%@1510,0%@1510,0%@1510,0%@1510] GR3D_FREQ 0% cpu@47C soc2@46.375C soc0@44.687C gpu@46.375C tj@47C soc1@44.593C VDD_IN 4080mW/4092mW VDD_CPU_GPU_CV 956mW/964mW VDD_SOC 1397mW/1397mW
08-09-2026 22:42:19 RAM 3025/7620MB (lfb 29x4MB) SWAP 2/12002MB (cached 0MB) CPU [1%@1510,2%@1510,0%@1510,0%@1510,0%@1510,2%@1510] GR3D_FREQ 0% cpu@47C soc2@46.406C soc0@44.718C gpu@46.406C tj@47C soc1@44.687C VDD_IN 4120mW/4093mW VDD_CPU_GPU_CV 956mW/964mW VDD_SOC 1397mW/1397mW
08-09-2026 22:42:20 RAM 3025/7620MB (lfb 29x4MB) SWAP 2/12002MB (cached 0MB) CPU [0%@1510,1%@1510,0%@1510,0%@1510,0%@1510,0%@1510] GR3D_FREQ 0% cpu@46.968C soc2@46.375C soc0@44.75C gpu@46.437C tj@47.187C soc1@44.531C VDD_IN 4080mW/4093mW VDD_CPU_GPU_CV 958mW/963mW VDD_SOC 1397mW/1397mW
08-09-2026 22:42:21 RAM 3025/7620MB (lfb 29x4MB) SWAP 2/12002MB (cached 0MB) CPU [0%@1510,0%@1510,1%@1510,0%@1510,0%@1510,1%@1510] GR3D_FREQ 0% cpu@47.093C soc2@46.312C soc0@44.781C gpu@46.406C tj@47.093C soc1@44.5C VDD_IN 4080mW/4092mW VDD_CPU_GPU_CV 956mW/963mW VDD_SOC 1397mW/1397mW
08-09-2026 22:42:22 RAM 3025/7620MB (lfb 29x4MB) SWAP 2/12002MB (cached 0MB) CPU [0%@1510,0%@1510,0%@1510,0%@1510,0%@1510,1%@1510] GR3D_FREQ 0% cpu@46.812C soc2@46.375C soc0@44.687C gpu@46.468C tj@46.812C soc1@44.531C VDD_IN 4120mW/4093mW VDD_CPU_GPU_CV 958mW/963mW VDD_SOC 1397mW/1397mW
08-09-2026 22:42:23 RAM 3025/7620MB (lfb 29x4MB) SWAP 2/12002MB (cached 0MB) CPU [0%@1510,1%@1510,0%@1510,0%@1510,0%@1510,0%@1510] GR3D_FREQ 0% cpu@46.906C soc2@46.375C soc0@44.625C gpu@46.5C tj@46.906C soc1@44.562C VDD_IN 4073mW/4092mW VDD_CPU_GPU_CV 956mW/963mW VDD_SOC 1397mW/1397mW
08-09-2026 22:42:24 RAM 3025/7620MB (lfb 29x4MB) SWAP 2/12002MB (cached 0MB) CPU [0%@1510,1%@1510,0%@1510,0%@1510,0%@1510,0%@1510] GR3D_FREQ 0% cpu@47.062C soc2@46.406C soc0@44.718C gpu@46.5C tj@47.062C soc1@44.718C VDD_IN 4120mW/4093mW VDD_CPU_GPU_CV 956mW/962mW VDD_SOC 1397mW/1397mW
08-09-2026 22:42:25 RAM 3025/7620MB (lfb 29x4MB) SWAP 2/12002MB (cached 0MB) CPU [0%@1510,0%@1510,0%@1510,0%@1510,1%@1510,1%@1510] GR3D_FREQ 0% cpu@47.031C soc2@46.437C soc0@44.718C gpu@46.531C tj@47.031C soc1@44.812C VDD_IN 4073mW/4093mW VDD_CPU_GPU_CV 956mW/962mW VDD_SOC 1397mW/1397mW
08-09-2026 22:42:26 RAM 3025/7620MB (lfb 29x4MB) SWAP 2/12002MB (cached 0MB) CPU [0%@1510,1%@1510,0%@1510,0%@1510,0%@1510,1%@1510] GR3D_FREQ 0% cpu@47.093C soc2@46.281C soc0@44.687C gpu@46.5C tj@47.093C soc1@44.593C VDD_IN 4073mW/4092mW VDD_CPU_GPU_CV 996mW/963mW VDD_SOC 1397mW/1397mW
08-09-2026 22:42:27 RAM 3033/7620MB (lfb 29x4MB) SWAP 2/12002MB (cached 0MB) CPU [0%@1510,1%@1510,0%@1510,16%@1510,0%@1510,1%@1510] GR3D_FREQ 0% cpu@47.468C soc2@46.375C soc0@44.781C gpu@46.375C tj@47.468C soc1@44.562C VDD_IN 4385mW/4102mW VDD_CPU_GPU_CV 1154mW/970mW VDD_SOC 1395mW/1396mW
08-09-2026 22:42:28 RAM 3058/7620MB (lfb 29x4MB) SWAP 2/12002MB (cached 0MB) CPU [7%@1510,6%@1510,8%@1510,56%@1510,8%@1510,10%@1510] GR3D_FREQ 0% cpu@47.281C soc2@46.406C soc0@44.625C gpu@46.375C tj@47.281C soc1@44.593C VDD_IN 4465mW/4113mW VDD_CPU_GPU_CV 1234mW/978mW VDD_SOC 1395mW/1396mW
08-09-2026 22:42:29 RAM 3066/7620MB (lfb 29x4MB) SWAP 2/12002MB (cached 0MB) CPU [7%@1510,9%@1510,8%@1510,8%@1510,8%@1510,17%@1510] GR3D_FREQ 0% cpu@47.343C soc2@46.343C soc0@44.656C gpu@46.375C tj@47.343C soc1@44.718C VDD_IN 4744mW/4133mW VDD_CPU_GPU_CV 1470mW/993mW VDD_SOC 1393mW/1396mW
08-09-2026 22:42:30 RAM 3216/7620MB (lfb 26x4MB) SWAP 2/12002MB (cached 0MB) CPU [0%@1510,1%@1510,1%@1510,4%@1510,0%@1510,100%@1510] GR3D_FREQ 0% cpu@47.312C soc2@46.468C soc0@44.687C gpu@46.406C tj@47.312C soc1@44.812C VDD_IN 4920mW/4157mW VDD_CPU_GPU_CV 1505mW/1009mW VDD_SOC 1428mW/1397mW
08-09-2026 22:42:31 RAM 3263/7620MB (lfb 26x4MB) SWAP 2/12002MB (cached 0MB) CPU [0%@1510,20%@1510,2%@1510,2%@1510,1%@1510,100%@1510] GR3D_FREQ 0% cpu@47.468C soc2@46.562C soc0@44.781C gpu@46.406C tj@47.468C soc1@44.531C VDD_IN 5198mW/4187mW VDD_CPU_GPU_CV 1700mW/1029mW VDD_SOC 1465mW/1399mW
08-09-2026 22:42:32 RAM 3285/7620MB (lfb 26x4MB) SWAP 2/12002MB (cached 0MB) CPU [3%@1510,22%@1510,2%@1510,3%@1510,2%@1510,45%@1510] GR3D_FREQ 0% cpu@47.406C soc2@46.5C soc0@44.875C gpu@46.5C tj@47.406C soc1@44.656C VDD_IN 4425mW/4194mW VDD_CPU_GPU_CV 1194mW/1034mW VDD_SOC 1395mW/1399mW
08-09-2026 22:42:33 RAM 3299/7620MB (lfb 26x4MB) SWAP 2/12002MB (cached 0MB) CPU [8%@1510,20%@1510,8%@1510,10%@1510,8%@1510,7%@1510] GR3D_FREQ 0% cpu@47.625C soc2@46.531C soc0@44.625C gpu@46.406C tj@47.625C soc1@44.718C VDD_IN 4776mW/4210mW VDD_CPU_GPU_CV 1510mW/1047mW VDD_SOC 1393mW/1399mW
08-09-2026 22:42:34 RAM 3338/7620MB (lfb 24x4MB) SWAP 2/12002MB (cached 0MB) CPU [2%@1510,3%@1510,72%@1510,3%@1510,12%@1510,1%@1510] GR3D_FREQ 0% cpu@47.093C soc2@46.5C soc0@44.75C gpu@46.468C tj@47.093C soc1@44.781C VDD_IN 4689mW/4223mW VDD_CPU_GPU_CV 1388mW/1056mW VDD_SOC 1430mW/1400mW
08-09-2026 22:42:35 RAM 3338/7620MB (lfb 24x4MB) SWAP 2/12002MB (cached 0MB) CPU [1%@1510,0%@1510,1%@1510,1%@1510,1%@1510,1%@1510] GR3D_FREQ 0% cpu@47.156C soc2@46.468C soc0@44.781C gpu@46.531C tj@47.156C soc1@44.75C VDD_IN 4153mW/4221mW VDD_CPU_GPU_CV 1036mW/1056mW VDD_SOC 1397mW/1400mW
08-09-2026 22:42:36 RAM 3338/7620MB (lfb 24x4MB) SWAP 2/12002MB (cached 0MB) CPU [1%@1510,0%@1510,0%@1510,0%@1510,0%@1510,0%@1510] GR3D_FREQ 0% cpu@47.218C soc2@46.593C soc0@44.843C gpu@46.843C tj@47.218C soc1@44.656C VDD_IN 4120mW/4219mW VDD_CPU_GPU_CV 996mW/1054mW VDD_SOC 1397mW/1400mW
08-09-2026 22:42:37 RAM 3338/7620MB (lfb 24x4MB) SWAP 2/12002MB (cached 0MB) CPU [1%@1510,0%@1510,0%@1510,1%@1510,1%@1510,0%@1510] GR3D_FREQ 0% cpu@47.406C soc2@46.437C soc0@44.875C gpu@46.312C tj@47.406C soc1@44.718C VDD_IN 4113mW/4216mW VDD_CPU_GPU_CV 996mW/1053mW VDD_SOC 1397mW/1399mW
08-09-2026 22:42:38 RAM 3340/7620MB (lfb 23x4MB) SWAP 2/12002MB (cached 0MB) CPU [0%@1510,0%@1510,2%@1510,4%@1510,2%@1510,2%@1510] GR3D_FREQ 0% cpu@47.25C soc2@46.468C soc0@44.75C gpu@46.406C tj@47.25C soc1@44.625C VDD_IN 4153mW/4215mW VDD_CPU_GPU_CV 1036mW/1052mW VDD_SOC 1397mW/1399mW
08-09-2026 22:42:39 RAM 3341/7620MB (lfb 23x4MB) SWAP 2/12002MB (cached 0MB) CPU [0%@1510,0%@1510,2%@1510,1%@1510,0%@1510,0%@1510] GR3D_FREQ 0% cpu@47.062C soc2@46.5C soc0@44.781C gpu@46.281C tj@47.062C soc1@44.718C VDD_IN 4153mW/4213mW VDD_CPU_GPU_CV 996mW/1051mW VDD_SOC 1397mW/1399mW
08-09-2026 22:42:40 RAM 3341/7620MB (lfb 23x4MB) SWAP 2/12002MB (cached 0MB) CPU [0%@1510,0%@1510,1%@1510,0%@1510,1%@1510,0%@1510] GR3D_FREQ 0% cpu@47.093C soc2@46.5C soc0@44.75C gpu@46.375C tj@47.093C soc1@44.718C VDD_IN 4113mW/4211mW VDD_CPU_GPU_CV 996mW/1050mW VDD_SOC 1397mW/1399mW
08-09-2026 22:42:41 RAM 3341/7620MB (lfb 23x4MB) SWAP 2/12002MB (cached 0MB) CPU [1%@1510,0%@1510,0%@1510,1%@1510,1%@1510,0%@1510] GR3D_FREQ 0% cpu@47.125C soc2@46.5C soc0@44.781C gpu@46.375C tj@47.125C soc1@44.843C VDD_IN 4073mW/4208mW VDD_CPU_GPU_CV 996mW/1048mW VDD_SOC 1397mW/1399mW
08-09-2026 22:42:42 RAM 3341/7620MB (lfb 23x4MB) SWAP 2/12002MB (cached 0MB) CPU [0%@1510,0%@1510,0%@1510,0%@1510,1%@1510,0%@1510] GR3D_FREQ 0% cpu@47C soc2@46.5C soc0@44.843C gpu@46.312C tj@47C soc1@44.625C VDD_IN 4113mW/4206mW VDD_CPU_GPU_CV 996mW/1047mW VDD_SOC 1397mW/1399mW
08-09-2026 22:42:43 RAM 3341/7620MB (lfb 23x4MB) SWAP 2/12002MB (cached 0MB) CPU [2%@1510,0%@1510,0%@1510,0%@1510,1%@1510,0%@1510] GR3D_FREQ 0% cpu@47.218C soc2@46.375C soc0@44.843C gpu@46.375C tj@47.218C soc1@44.656C VDD_IN 4080mW/4203mW VDD_CPU_GPU_CV 996mW/1046mW VDD_SOC 1397mW/1399mW
08-09-2026 22:42:44 RAM 3341/7620MB (lfb 23x4MB) SWAP 2/12002MB (cached 0MB) CPU [1%@1510,0%@1510,0%@1510,1%@1510,1%@1510,0%@1510] GR3D_FREQ 0% cpu@47.062C soc2@46.406C soc0@44.687C gpu@46.375C tj@47.062C soc1@44.687C VDD_IN 4113mW/4201mW VDD_CPU_GPU_CV 996mW/1045mW VDD_SOC 1397mW/1399mW
08-09-2026 22:42:46 RAM 3341/7620MB (lfb 23x4MB) SWAP 2/12002MB (cached 0MB) CPU [1%@1510,0%@1510,0%@1510,1%@1510,0%@1510,0%@1510] GR3D_FREQ 0% cpu@47.125C soc2@46.437C soc0@44.656C gpu@46.437C tj@47.125C soc1@44.718C VDD_IN 4113mW/4199mW VDD_CPU_GPU_CV 996mW/1044mW VDD_SOC 1397mW/1399mW
08-09-2026 22:42:47 RAM 3341/7620MB (lfb 23x4MB) SWAP 2/12002MB (cached 0MB) CPU [1%@1510,0%@1510,0%@1510,0%@1510,0%@1510,0%@1510] GR3D_FREQ 0% cpu@47.093C soc2@46.468C soc0@44.75C gpu@46.406C tj@47.093C soc1@44.781C VDD_IN 4113mW/4197mW VDD_CPU_GPU_CV 996mW/1043mW VDD_SOC 1397mW/1399mW
08-09-2026 22:42:48 RAM 3341/7620MB (lfb 23x4MB) SWAP 2/12002MB (cached 0MB) CPU [0%@1510,0%@1510,0%@1510,0%@1510,1%@1510,1%@1510] GR3D_FREQ 0% cpu@47.062C soc2@46.437C soc0@44.718C gpu@46.406C tj@47.062C soc1@44.843C VDD_IN 4113mW/4196mW VDD_CPU_GPU_CV 996mW/1042mW VDD_SOC 1397mW/1399mW
08-09-2026 22:42:49 RAM 3341/7620MB (lfb 23x4MB) SWAP 2/12002MB (cached 0MB) CPU [1%@1510,0%@1510,0%@1510,0%@1510,0%@1510,0%@1510] GR3D_FREQ 0% cpu@47.281C soc2@46.5C soc0@44.875C gpu@46.375C tj@47.281C soc1@44.593C VDD_IN 4113mW/4194mW VDD_CPU_GPU_CV 996mW/1041mW VDD_SOC 1397mW/1399mW
08-09-2026 22:42:50 RAM 3341/7620MB (lfb 23x4MB) SWAP 2/12002MB (cached 0MB) CPU [1%@1510,1%@1510,0%@1510,1%@1510,2%@1510,0%@1510] GR3D_FREQ 0% cpu@47C soc2@46.437C soc0@44.843C gpu@46.375C tj@47C soc1@44.656C VDD_IN 4113mW/4192mW VDD_CPU_GPU_CV 956mW/1040mW VDD_SOC 1397mW/1399mW
08-09-2026 22:42:51 RAM 3341/7620MB (lfb 23x4MB) SWAP 2/12002MB (cached 0MB) CPU [1%@1510,0%@1510,0%@1510,0%@1510,0%@1510,0%@1510] GR3D_FREQ 0% cpu@47.343C soc2@46.437C soc0@44.656C gpu@46.375C tj@47.343C soc1@44.687C VDD_IN 4113mW/4191mW VDD_CPU_GPU_CV 996mW/1039mW VDD_SOC 1397mW/1399mW
08-09-2026 22:42:52 RAM 3341/7620MB (lfb 23x4MB) SWAP 2/12002MB (cached 0MB) CPU [1%@1510,0%@1510,0%@1510,1%@1510,0%@1510,0%@1510] GR3D_FREQ 0% cpu@47.062C soc2@46.406C soc0@44.687C gpu@46.468C tj@47.062C soc1@44.718C VDD_IN 4113mW/4189mW VDD_CPU_GPU_CV 956mW/1037mW VDD_SOC 1397mW/1399mW
08-09-2026 22:42:53 RAM 3341/7620MB (lfb 23x4MB) SWAP 2/12002MB (cached 0MB) CPU [1%@1510,0%@1510,0%@1510,1%@1510,1%@1510,1%@1510] GR3D_FREQ 0% cpu@47.062C soc2@46.375C soc0@44.75C gpu@46.468C tj@47.062C soc1@44.75C VDD_IN 4113mW/4188mW VDD_CPU_GPU_CV 996mW/1036mW VDD_SOC 1397mW/1399mW
08-09-2026 22:42:54 RAM 3341/7620MB (lfb 23x4MB) SWAP 2/12002MB (cached 0MB) CPU [1%@1510,0%@1510,1%@1510,1%@1510,1%@1510,1%@1510] GR3D_FREQ 0% cpu@47.125C soc2@46.468C soc0@44.781C gpu@46.75C tj@47.125C soc1@44.843C VDD_IN 4113mW/4187mW VDD_CPU_GPU_CV 996mW/1036mW VDD_SOC 1397mW/1399mW
08-09-2026 22:42:55 RAM 3341/7620MB (lfb 23x4MB) SWAP 2/12002MB (cached 0MB) CPU [0%@1510,0%@1510,0%@1510,0%@1510,0%@1510,0%@1510] GR3D_FREQ 0% cpu@47.093C soc2@46.406C soc0@44.843C gpu@46.75C tj@47.093C soc1@44.562C VDD_IN 4113mW/4185mW VDD_CPU_GPU_CV 996mW/1035mW VDD_SOC 1397mW/1399mW
08-09-2026 22:42:56 RAM 3341/7620MB (lfb 23x4MB) SWAP 2/12002MB (cached 0MB) CPU [1%@1510,0%@1510,0%@1510,0%@1510,0%@1510,0%@1510] GR3D_FREQ 0% cpu@47.281C soc2@46.468C soc0@44.656C gpu@46.781C tj@47.281C soc1@44.656C VDD_IN 4113mW/4184mW VDD_CPU_GPU_CV 956mW/1034mW VDD_SOC 1397mW/1399mW
08-09-2026 22:42:57 RAM 3341/7620MB (lfb 23x4MB) SWAP 2/12002MB (cached 0MB) CPU [1%@1510,0%@1510,0%@1510,0%@1510,0%@1510,0%@1510] GR3D_FREQ 0% cpu@47C soc2@46.375C soc0@44.718C gpu@46.843C tj@47C soc1@44.718C VDD_IN 4113mW/4183mW VDD_CPU_GPU_CV 996mW/1033mW VDD_SOC 1397mW/1399mW
08-09-2026 22:42:58 RAM 3341/7620MB (lfb 23x4MB) SWAP 2/12002MB (cached 0MB) CPU [1%@1510,0%@1510,0%@1510,1%@1510,0%@1510,1%@1510] GR3D_FREQ 0% cpu@47.031C soc2@46.437C soc0@44.718C gpu@46.375C tj@47.031C soc1@44.812C VDD_IN 4113mW/4182mW VDD_CPU_GPU_CV 996mW/1032mW VDD_SOC 1397mW/1398mW
08-09-2026 22:42:59 RAM 3341/7620MB (lfb 23x4MB) SWAP 2/12002MB (cached 0MB) CPU [1%@1510,0%@1510,0%@1510,0%@1510,1%@1510,0%@1510] GR3D_FREQ 0% cpu@47.062C soc2@46.375C soc0@44.812C gpu@46.375C tj@47.062C soc1@44.781C VDD_IN 4113mW/4181mW VDD_CPU_GPU_CV 996mW/1032mW VDD_SOC 1397mW/1398mW
08-09-2026 22:43:00 RAM 3341/7620MB (lfb 23x4MB) SWAP 2/12002MB (cached 0MB) CPU [1%@1510,0%@1510,1%@1510,1%@1510,0%@1510,0%@1510] GR3D_FREQ 0% cpu@47.156C soc2@46.406C soc0@44.781C gpu@46.375C tj@47.156C soc1@44.781C VDD_IN 4113mW/4179mW VDD_CPU_GPU_CV 996mW/1031mW VDD_SOC 1397mW/1398mW
08-09-2026 22:43:01 RAM 3341/7620MB (lfb 23x4MB) SWAP 2/12002MB (cached 0MB) CPU [1%@1510,1%@1510,0%@1510,0%@1510,0%@1510,1%@1510] GR3D_FREQ 0% cpu@47.25C soc2@46.343C soc0@44.781C gpu@46.375C tj@47.25C soc1@44.593C VDD_IN 4113mW/4178mW VDD_CPU_GPU_CV 996mW/1031mW VDD_SOC 1397mW/1398mW
08-09-2026 22:43:02 RAM 3341/7620MB (lfb 23x4MB) SWAP 2/12002MB (cached 0MB) CPU [0%@1510,0%@1510,1%@1510,1%@1510,0%@1510,1%@1510] GR3D_FREQ 0% cpu@47.062C soc2@46.375C soc0@44.875C gpu@46.312C tj@47.062C soc1@44.656C VDD_IN 4113mW/4177mW VDD_CPU_GPU_CV 996mW/1030mW VDD_SOC 1397mW/1398mW
08-09-2026 22:43:03 RAM 3341/7620MB (lfb 23x4MB) SWAP 2/12002MB (cached 0MB) CPU [1%@1510,1%@1510,1%@1510,0%@1510,0%@1510,0%@1510] GR3D_FREQ 0% cpu@47.343C soc2@46.375C soc0@44.687C gpu@46.375C tj@47.343C soc1@44.656C VDD_IN 4113mW/4176mW VDD_CPU_GPU_CV 996mW/1030mW VDD_SOC 1397mW/1398mW
08-09-2026 22:43:04 RAM 3341/7620MB (lfb 23x4MB) SWAP 2/12002MB (cached 0MB) CPU [1%@1510,0%@1510,0%@1510,0%@1510,0%@1510,1%@1510] GR3D_FREQ 0% cpu@47.031C soc2@46.437C soc0@44.75C gpu@46.375C tj@47.031C soc1@44.75C VDD_IN 4113mW/4175mW VDD_CPU_GPU_CV 996mW/1029mW VDD_SOC 1397mW/1398mW
08-09-2026 22:43:05 RAM 3341/7620MB (lfb 23x4MB) SWAP 2/12002MB (cached 0MB) CPU [0%@1510,0%@1510,0%@1510,0%@1510,0%@1510,0%@1510] GR3D_FREQ 0% cpu@47.031C soc2@46.437C soc0@44.75C gpu@46.375C tj@47.031C soc1@44.781C VDD_IN 4113mW/4174mW VDD_CPU_GPU_CV 996mW/1029mW VDD_SOC 1397mW/1398mW
08-09-2026 22:43:06 RAM 3341/7620MB (lfb 23x4MB) SWAP 2/12002MB (cached 0MB) CPU [1%@1510,0%@1510,0%@1510,1%@1510,0%@1510,0%@1510] GR3D_FREQ 0% cpu@47.062C soc2@46.375C soc0@44.875C gpu@46.343C tj@47.25C soc1@44.625C VDD_IN 4073mW/4173mW VDD_CPU_GPU_CV 996mW/1028mW VDD_SOC 1397mW/1398mW
08-09-2026 22:43:07 RAM 3341/7620MB (lfb 23x4MB) SWAP 2/12002MB (cached 0MB) CPU [1%@1510,1%@1510,0%@1510,1%@1510,0%@1510,0%@1510] GR3D_FREQ 0% cpu@47.156C soc2@46.375C soc0@44.875C gpu@46.406C tj@47.156C soc1@44.656C VDD_IN 4113mW/4172mW VDD_CPU_GPU_CV 996mW/1028mW VDD_SOC 1397mW/1398mW
08-09-2026 22:43:08 RAM 3341/7620MB (lfb 23x4MB) SWAP 2/12002MB (cached 0MB) CPU [0%@1510,0%@1510,0%@1510,1%@1510,1%@1510,1%@1510] GR3D_FREQ 0% cpu@47.437C soc2@46.406C soc0@44.843C gpu@46.343C tj@47.437C soc1@44.656C VDD_IN 4113mW/4171mW VDD_CPU_GPU_CV 996mW/1027mW VDD_SOC 1397mW/1398mW
08-09-2026 22:43:09 RAM 3341/7620MB (lfb 23x4MB) SWAP 2/12002MB (cached 0MB) CPU [0%@1510,0%@1510,1%@1510,0%@1510,1%@1510,0%@1510] GR3D_FREQ 0% cpu@47.093C soc2@46.5C soc0@44.687C gpu@46.437C tj@47.093C soc1@44.812C VDD_IN 4113mW/4170mW VDD_CPU_GPU_CV 996mW/1027mW VDD_SOC 1397mW/1398mW
08-09-2026 22:43:10 RAM 3341/7620MB (lfb 23x4MB) SWAP 2/12002MB (cached 0MB) CPU [1%@1510,0%@1510,2%@1510,0%@1510,0%@1510,0%@1510] GR3D_FREQ 0% cpu@47C soc2@46.375C soc0@44.718C gpu@46.343C tj@47.156C soc1@44.812C VDD_IN 4113mW/4170mW VDD_CPU_GPU_CV 996mW/1026mW VDD_SOC 1397mW/1398mW
08-09-2026 22:43:11 RAM 3341/7620MB (lfb 23x4MB) SWAP 2/12002MB (cached 0MB) CPU [1%@1510,0%@1510,1%@1510,1%@1510,0%@1510,0%@1510] GR3D_FREQ 0% cpu@47.093C soc2@46.437C soc0@44.75C gpu@46.656C tj@47.093C soc1@44.843C VDD_IN 4113mW/4169mW VDD_CPU_GPU_CV 996mW/1026mW VDD_SOC 1397mW/1398mW
08-09-2026 22:43:12 RAM 3341/7620MB (lfb 23x4MB) SWAP 2/12002MB (cached 0MB) CPU [0%@1510,0%@1510,0%@1510,0%@1510,0%@1510,1%@1510] GR3D_FREQ 0% cpu@47.093C soc2@46.562C soc0@44.843C gpu@46.687C tj@47.093C soc1@44.625C VDD_IN 4113mW/4168mW VDD_CPU_GPU_CV 996mW/1025mW VDD_SOC 1397mW/1398mW
08-09-2026 22:43:13 RAM 3341/7620MB (lfb 23x4MB) SWAP 2/12002MB (cached 0MB) CPU [1%@1510,0%@1510,1%@1510,0%@1510,0%@1510,0%@1510] GR3D_FREQ 0% cpu@47.437C soc2@46.406C soc0@44.843C gpu@46.687C tj@47.437C soc1@44.625C VDD_IN 4113mW/4167mW VDD_CPU_GPU_CV 996mW/1025mW VDD_SOC 1397mW/1398mW
08-09-2026 22:43:14 RAM 3341/7620MB (lfb 23x4MB) SWAP 2/12002MB (cached 0MB) CPU [0%@1510,0%@1510,0%@1510,0%@1510,0%@1510,1%@1510] GR3D_FREQ 0% cpu@47.187C soc2@46.375C soc0@44.687C gpu@46.687C tj@47.156C soc1@44.781C VDD_IN 4113mW/4167mW VDD_CPU_GPU_CV 996mW/1025mW VDD_SOC 1397mW/1398mW
08-09-2026 22:43:15 RAM 3341/7620MB (lfb 23x4MB) SWAP 2/12002MB (cached 0MB) CPU [1%@1510,1%@1510,0%@1510,0%@1510,0%@1510,1%@1510] GR3D_FREQ 0% cpu@46.937C soc2@46.437C soc0@44.75C gpu@46.75C tj@46.937C soc1@44.718C VDD_IN 4113mW/4166mW VDD_CPU_GPU_CV 996mW/1024mW VDD_SOC 1397mW/1398mW
08-09-2026 22:43:16 RAM 3341/7620MB (lfb 23x4MB) SWAP 2/12002MB (cached 0MB) CPU [1%@1510,0%@1510,0%@1510,1%@1510,0%@1510,0%@1510] GR3D_FREQ 0% cpu@47C soc2@46.468C soc0@44.718C gpu@46.812C tj@47C soc1@44.843C VDD_IN 4120mW/4165mW VDD_CPU_GPU_CV 996mW/1024mW VDD_SOC 1397mW/1398mW
08-09-2026 22:43:17 RAM 3341/7620MB (lfb 23x4MB) SWAP 2/12002MB (cached 0MB) CPU [1%@1510,0%@1510,1%@1510,1%@1510,1%@1510,1%@1510] GR3D_FREQ 0% cpu@47.093C soc2@46.531C soc0@44.718C gpu@46.75C tj@47.093C soc1@44.656C VDD_IN 4113mW/4165mW VDD_CPU_GPU_CV 996mW/1023mW VDD_SOC 1397mW/1398mW
08-09-2026 22:43:18 RAM 3341/7620MB (lfb 23x4MB) SWAP 2/12002MB (cached 0MB) CPU [0%@1510,1%@1510,0%@1510,1%@1510,0%@1510,0%@1510] GR3D_FREQ 0% cpu@47.062C soc2@46.375C soc0@44.781C gpu@46.875C tj@47.312C soc1@44.656C VDD_IN 4113mW/4164mW VDD_CPU_GPU_CV 996mW/1023mW VDD_SOC 1397mW/1398mW
08-09-2026 22:43:19 RAM 3341/7620MB (lfb 23x4MB) SWAP 2/12002MB (cached 0MB) CPU [1%@1510,0%@1510,0%@1510,0%@1510,0%@1510,2%@1510] GR3D_FREQ 0% cpu@47.218C soc2@46.375C soc0@44.75C gpu@46.343C tj@47.218C soc1@44.593C VDD_IN 4113mW/4163mW VDD_CPU_GPU_CV 996mW/1023mW VDD_SOC 1397mW/1398mW
08-09-2026 22:43:20 RAM 3341/7620MB (lfb 23x4MB) SWAP 2/12002MB (cached 0MB) CPU [1%@1510,0%@1510,0%@1510,0%@1510,0%@1510,1%@1510] GR3D_FREQ 0% cpu@47.062C soc2@46.406C soc0@44.75C gpu@46.406C tj@47.062C soc1@44.781C VDD_IN 4113mW/4163mW VDD_CPU_GPU_CV 996mW/1022mW VDD_SOC 1397mW/1398mW
08-09-2026 22:43:21 RAM 3341/7620MB (lfb 23x4MB) SWAP 2/12002MB (cached 0MB) CPU [0%@1510,0%@1510,0%@1510,0%@1510,0%@1510,0%@1510] GR3D_FREQ 0% cpu@47.062C soc2@46.375C soc0@44.687C gpu@46.312C tj@47.062C soc1@44.781C VDD_IN 4113mW/4162mW VDD_CPU_GPU_CV 996mW/1022mW VDD_SOC 1397mW/1398mW
08-09-2026 22:43:22 RAM 3341/7620MB (lfb 23x4MB) SWAP 2/12002MB (cached 0MB) CPU [1%@1510,1%@1510,0%@1510,0%@1510,0%@1510,0%@1510] GR3D_FREQ 0% cpu@47.125C soc2@46.375C soc0@44.75C gpu@46.343C tj@47.125C soc1@44.75C VDD_IN 4113mW/4162mW VDD_CPU_GPU_CV 996mW/1022mW VDD_SOC 1397mW/1398mW
08-09-2026 22:43:23 RAM 3341/7620MB (lfb 23x4MB) SWAP 2/12002MB (cached 0MB) CPU [0%@1510,0%@1510,0%@1510,0%@1510,1%@1510,0%@1510] GR3D_FREQ 0% cpu@47.031C soc2@46.5C soc0@44.812C gpu@46.375C tj@47.031C soc1@44.875C VDD_IN 4113mW/4161mW VDD_CPU_GPU_CV 996mW/1022mW VDD_SOC 1397mW/1398mW
08-09-2026 22:43:24 RAM 3341/7620MB (lfb 23x4MB) SWAP 2/12002MB (cached 0MB) CPU [1%@1510,0%@1510,0%@1510,0%@1510,0%@1510,0%@1510] GR3D_FREQ 0% cpu@47.156C soc2@46.375C soc0@44.812C gpu@46.531C tj@47.156C soc1@44.656C VDD_IN 4113mW/4160mW VDD_CPU_GPU_CV 996mW/1021mW VDD_SOC 1397mW/1398mW
08-09-2026 22:43:25 RAM 3341/7620MB (lfb 23x4MB) SWAP 2/12002MB (cached 0MB) CPU [1%@1510,0%@1510,0%@1510,0%@1510,0%@1510,1%@1510] GR3D_FREQ 0% cpu@46.968C soc2@46.406C soc0@44.687C gpu@46.562C tj@46.968C soc1@44.625C VDD_IN 4113mW/4160mW VDD_CPU_GPU_CV 996mW/1021mW VDD_SOC 1397mW/1398mW
08-09-2026 22:43:26 RAM 3341/7620MB (lfb 23x4MB) SWAP 2/12002MB (cached 0MB) CPU [1%@1510,0%@1510,0%@1510,0%@1510,0%@1510,1%@1510] GR3D_FREQ 0% cpu@47.25C soc2@46.437C soc0@44.781C gpu@46.593C tj@47.25C soc1@44.687C VDD_IN 4073mW/4159mW VDD_CPU_GPU_CV 956mW/1020mW VDD_SOC 1397mW/1398mW
08-09-2026 22:43:27 RAM 3341/7620MB (lfb 23x4MB) SWAP 2/12002MB (cached 0MB) CPU [1%@1510,0%@1510,0%@1510,0%@1510,0%@1510,1%@1510] GR3D_FREQ 0% cpu@46.937C soc2@46.437C soc0@44.781C gpu@46.562C tj@46.937C soc1@44.781C VDD_IN 4113mW/4158mW VDD_CPU_GPU_CV 956mW/1019mW VDD_SOC 1397mW/1398mW
08-09-2026 22:43:28 RAM 3341/7620MB (lfb 23x4MB) SWAP 2/12002MB (cached 0MB) CPU [1%@1510,1%@1510,1%@1510,1%@1510,1%@1510,0%@1510] GR3D_FREQ 0% cpu@47.031C soc2@46.437C soc0@44.781C gpu@46.593C tj@47.031C soc1@44.906C VDD_IN 4113mW/4158mW VDD_CPU_GPU_CV 996mW/1019mW VDD_SOC 1397mW/1398mW
08-09-2026 22:43:29 RAM 3341/7620MB (lfb 23x4MB) SWAP 2/12002MB (cached 0MB) CPU [0%@1510,0%@1510,2%@1510,0%@1510,0%@1510,0%@1510] GR3D_FREQ 0% cpu@47.187C soc2@46.343C soc0@44.843C gpu@46.625C tj@47.187C soc1@44.687C VDD_IN 4113mW/4157mW VDD_CPU_GPU_CV 996mW/1019mW VDD_SOC 1397mW/1398mW
08-09-2026 22:43:30 RAM 3341/7620MB (lfb 23x4MB) SWAP 2/12002MB (cached 0MB) CPU [0%@1510,0%@1510,0%@1510,0%@1510,0%@1510,1%@1510] GR3D_FREQ 0% cpu@47C soc2@46.375C soc0@44.687C gpu@46.656C tj@47C soc1@44.656C VDD_IN 4113mW/4157mW VDD_CPU_GPU_CV 996mW/1019mW VDD_SOC 1397mW/1398mW
08-09-2026 22:43:31 RAM 3341/7620MB (lfb 23x4MB) SWAP 2/12002MB (cached 0MB) CPU [1%@1510,1%@1510,1%@1510,0%@1510,0%@1510,1%@1510] GR3D_FREQ 0% cpu@47.281C soc2@46.406C soc0@44.718C gpu@46.656C tj@47.281C soc1@44.656C VDD_IN 4073mW/4156mW VDD_CPU_GPU_CV 956mW/1018mW VDD_SOC 1397mW/1398mW
08-09-2026 22:43:32 RAM 3341/7620MB (lfb 23x4MB) SWAP 2/12002MB (cached 0MB) CPU [0%@1510,0%@1510,0%@1510,0%@1510,0%@1510,1%@1510] GR3D_FREQ 0% cpu@47C soc2@46.437C soc0@44.718C gpu@46.656C tj@47C soc1@44.781C VDD_IN 4113mW/4155mW VDD_CPU_GPU_CV 996mW/1018mW VDD_SOC 1397mW/1398mW
08-09-2026 22:43:33 RAM 3341/7620MB (lfb 23x4MB) SWAP 2/12002MB (cached 0MB) CPU [1%@1510,1%@1510,1%@1510,0%@1510,0%@1510,0%@1510] GR3D_FREQ 0% cpu@47.093C soc2@46.468C soc0@44.843C gpu@46.687C tj@47.093C soc1@44.75C VDD_IN 4113mW/4155mW VDD_CPU_GPU_CV 956mW/1017mW VDD_SOC 1397mW/1398mW
08-09-2026 22:43:34 RAM 3341/7620MB (lfb 23x4MB) SWAP 2/12002MB (cached 0MB) CPU [1%@1510,1%@1510,0%@1510,0%@1510,0%@1510,1%@1510] GR3D_FREQ 0% cpu@47.156C soc2@46.5C soc0@44.75C gpu@46.75C tj@47.156C soc1@44.625C VDD_IN 4073mW/4154mW VDD_CPU_GPU_CV 956mW/1016mW VDD_SOC 1397mW/1398mW
08-09-2026 22:43:35 RAM 3341/7620MB (lfb 23x4MB) SWAP 2/12002MB (cached 0MB) CPU [0%@1510,1%@1510,0%@1510,0%@1510,1%@1510,0%@1510] GR3D_FREQ 0% cpu@47.031C soc2@46.406C soc0@44.875C gpu@46.718C tj@47C soc1@44.625C VDD_IN 4113mW/4154mW VDD_CPU_GPU_CV 996mW/1016mW VDD_SOC 1397mW/1398mW
08-09-2026 22:43:36 RAM 3341/7620MB (lfb 23x4MB) SWAP 2/12002MB (cached 0MB) CPU [0%@1510,0%@1510,0%@1510,0%@1510,0%@1510,0%@1510] GR3D_FREQ 0% cpu@47.187C soc2@46.375C soc0@44.781C gpu@46.437C tj@47.187C soc1@44.687C VDD_IN 4073mW/4153mW VDD_CPU_GPU_CV 956mW/1016mW VDD_SOC 1397mW/1398mW
08-09-2026 22:43:37 RAM 3341/7620MB (lfb 23x4MB) SWAP 2/12002MB (cached 0MB) CPU [1%@1510,1%@1510,0%@1510,0%@1510,0%@1510,1%@1510] GR3D_FREQ 0% cpu@47.031C soc2@46.437C soc0@44.718C gpu@46.468C tj@47.031C soc1@44.718C VDD_IN 4113mW/4153mW VDD_CPU_GPU_CV 996mW/1015mW VDD_SOC 1397mW/1398mW
08-09-2026 22:43:38 RAM 3341/7620MB (lfb 23x4MB) SWAP 2/12002MB (cached 0MB) CPU [1%@1510,0%@1510,0%@1510,0%@1510,0%@1510,0%@1510] GR3D_FREQ 0% cpu@47.093C soc2@46.375C soc0@44.656C gpu@46.5C tj@47.093C soc1@44.75C VDD_IN 4113mW/4152mW VDD_CPU_GPU_CV 996mW/1015mW VDD_SOC 1397mW/1398mW
08-09-2026 22:43:39 RAM 3342/7620MB (lfb 23x4MB) SWAP 2/12002MB (cached 0MB) CPU [1%@1510,0%@1510,1%@1510,0%@1510,0%@1510,1%@1510] GR3D_FREQ 0% cpu@47.093C soc2@46.531C soc0@44.75C gpu@46.406C tj@47.093C soc1@44.781C VDD_IN 4113mW/4152mW VDD_CPU_GPU_CV 996mW/1015mW VDD_SOC 1397mW/1398mW
08-09-2026 22:43:40 RAM 3342/7620MB (lfb 23x4MB) SWAP 2/12002MB (cached 0MB) CPU [1%@1510,1%@1510,0%@1510,0%@1510,0%@1510,1%@1510] GR3D_FREQ 0% cpu@47.125C soc2@46.375C soc0@44.843C gpu@46.406C tj@47.125C soc1@44.625C VDD_IN 4073mW/4151mW VDD_CPU_GPU_CV 956mW/1014mW VDD_SOC 1397mW/1398mW
08-09-2026 22:43:41 RAM 3342/7620MB (lfb 23x4MB) SWAP 2/12002MB (cached 0MB) CPU [1%@1510,0%@1510,1%@1510,0%@1510,0%@1510,0%@1510] GR3D_FREQ 0% cpu@47.281C soc2@46.406C soc0@44.875C gpu@46.437C tj@47.281C soc1@44.718C VDD_IN 4073mW/4150mW VDD_CPU_GPU_CV 996mW/1014mW VDD_SOC 1397mW/1398mW
08-09-2026 22:43:42 RAM 3342/7620MB (lfb 23x4MB) SWAP 2/12002MB (cached 0MB) CPU [1%@1510,1%@1510,0%@1510,1%@1510,0%@1510,0%@1510] GR3D_FREQ 0% cpu@47.093C soc2@46.375C soc0@44.656C gpu@46.531C tj@47.093C soc1@44.781C VDD_IN 4073mW/4149mW VDD_CPU_GPU_CV 956mW/1014mW VDD_SOC 1397mW/1398mW
08-09-2026 22:43:43 RAM 3342/7620MB (lfb 23x4MB) SWAP 2/12002MB (cached 0MB) CPU [0%@1510,0%@1510,0%@1510,1%@1510,0%@1510,1%@1510] GR3D_FREQ 0% cpu@47.031C soc2@46.437C soc0@44.75C gpu@46.562C tj@47.031C soc1@44.812C VDD_IN 4113mW/4149mW VDD_CPU_GPU_CV 996mW/1014mW VDD_SOC 1397mW/1398mW
08-09-2026 22:43:44 RAM 3342/7620MB (lfb 23x4MB) SWAP 2/12002MB (cached 0MB) CPU [0%@1510,0%@1510,0%@1510,0%@1510,0%@1510,0%@1510] GR3D_FREQ 0% cpu@47C soc2@46.406C soc0@44.781C gpu@46.5C tj@47C soc1@44.843C VDD_IN 4113mW/4149mW VDD_CPU_GPU_CV 996mW/1013mW VDD_SOC 1397mW/1398mW
08-09-2026 22:43:45 RAM 3342/7620MB (lfb 23x4MB) SWAP 2/12002MB (cached 0MB) CPU [1%@1510,0%@1510,0%@1510,1%@1510,0%@1510,2%@1510] GR3D_FREQ 0% cpu@47.062C soc2@46.468C soc0@44.781C gpu@46.562C tj@47.062C soc1@44.625C VDD_IN 4113mW/4148mW VDD_CPU_GPU_CV 956mW/1013mW VDD_SOC 1397mW/1398mW
08-09-2026 22:43:46 RAM 3342/7620MB (lfb 23x4MB) SWAP 2/12002MB (cached 0MB) CPU [0%@1510,0%@1510,0%@1510,0%@1510,0%@1510,1%@1510] GR3D_FREQ 0% cpu@47.25C soc2@46.406C soc0@44.718C gpu@46.5C tj@47.25C soc1@44.75C VDD_IN 4120mW/4148mW VDD_CPU_GPU_CV 956mW/1012mW VDD_SOC 1397mW/1398mW
08-09-2026 22:43:47 RAM 3342/7620MB (lfb 23x4MB) SWAP 2/12002MB (cached 0MB) CPU [1%@1510,0%@1510,0%@1510,1%@1510,1%@1510,1%@1510] GR3D_FREQ 0% cpu@47.062C soc2@46.468C soc0@44.781C gpu@46.593C tj@47.062C soc1@44.687C VDD_IN 4113mW/4148mW VDD_CPU_GPU_CV 996mW/1012mW VDD_SOC 1397mW/1398mW
08-09-2026 22:43:48 RAM 3342/7620MB (lfb 23x4MB) SWAP 2/12002MB (cached 0MB) CPU [1%@1510,1%@1510,0%@1510,0%@1510,0%@1510,1%@1510] GR3D_FREQ 0% cpu@47.281C soc2@46.468C soc0@44.781C gpu@46.375C tj@47.281C soc1@44.75C VDD_IN 4113mW/4147mW VDD_CPU_GPU_CV 996mW/1012mW VDD_SOC 1397mW/1398mW
08-09-2026 22:43:49 RAM 3342/7620MB (lfb 23x4MB) SWAP 2/12002MB (cached 0MB) CPU [0%@1510,0%@1510,0%@1510,0%@1510,0%@1510,0%@1510] GR3D_FREQ 0% cpu@47C soc2@46.437C soc0@44.718C gpu@46.375C tj@47C soc1@44.75C VDD_IN 4073mW/4147mW VDD_CPU_GPU_CV 996mW/1012mW VDD_SOC 1397mW/1398mW
08-09-2026 22:43:50 RAM 3342/7620MB (lfb 23x4MB) SWAP 2/12002MB (cached 0MB) CPU [0%@1510,0%@1510,0%@1510,0%@1510,1%@1510,1%@1510] GR3D_FREQ 0% cpu@47.093C soc2@46.468C soc0@44.75C gpu@46.406C tj@47.093C soc1@44.843C VDD_IN 4073mW/4146mW VDD_CPU_GPU_CV 956mW/1011mW VDD_SOC 1397mW/1398mW
08-09-2026 22:43:51 RAM 3342/7620MB (lfb 23x4MB) SWAP 2/12002MB (cached 0MB) CPU [0%@1510,1%@1510,0%@1510,0%@1510,0%@1510,1%@1510] GR3D_FREQ 0% cpu@47.156C soc2@46.468C soc0@44.781C gpu@46.375C tj@47.156C soc1@44.593C VDD_IN 4073mW/4145mW VDD_CPU_GPU_CV 996mW/1011mW VDD_SOC 1397mW/1398mW
08-09-2026 22:43:52 RAM 3342/7620MB (lfb 23x4MB) SWAP 2/12002MB (cached 0MB) CPU [1%@1510,0%@1510,0%@1510,0%@1510,1%@1510,1%@1510] GR3D_FREQ 0% cpu@47.062C soc2@46.375C soc0@44.875C gpu@46.375C tj@47.062C soc1@44.593C VDD_IN 4073mW/4145mW VDD_CPU_GPU_CV 996mW/1011mW VDD_SOC 1397mW/1398mW
08-09-2026 22:43:53 RAM 3342/7620MB (lfb 23x4MB) SWAP 2/12002MB (cached 0MB) CPU [1%@1510,0%@1510,1%@1510,0%@1510,0%@1510,1%@1510] GR3D_FREQ 0% cpu@47.218C soc2@46.406C soc0@44.718C gpu@46.375C tj@47.218C soc1@44.75C VDD_IN 4113mW/4145mW VDD_CPU_GPU_CV 996mW/1011mW VDD_SOC 1397mW/1398mW
08-09-2026 22:43:54 RAM 3342/7620MB (lfb 23x4MB) SWAP 2/12002MB (cached 0MB) CPU [0%@1510,0%@1510,0%@1510,1%@1510,0%@1510,0%@1510] GR3D_FREQ 0% cpu@47.062C soc2@46.437C soc0@44.75C gpu@46.406C tj@47.062C soc1@44.75C VDD_IN 4113mW/4144mW VDD_CPU_GPU_CV 996mW/1011mW VDD_SOC 1397mW/1398mW
08-09-2026 22:43:55 RAM 3342/7620MB (lfb 23x4MB) SWAP 2/12002MB (cached 0MB) CPU [4%@1510,0%@1510,0%@1510,0%@1510,0%@1510,1%@1510] GR3D_FREQ 0% cpu@47.093C soc2@46.5C soc0@44.656C gpu@46.406C tj@47.093C soc1@44.718C VDD_IN 4113mW/4144mW VDD_CPU_GPU_CV 996mW/1011mW VDD_SOC 1397mW/1398mW
08-09-2026 22:43:56 RAM 3342/7620MB (lfb 23x4MB) SWAP 2/12002MB (cached 0MB) CPU [0%@1510,0%@1510,0%@1510,0%@1510,0%@1510,0%@1510] GR3D_FREQ 0% cpu@47C soc2@46.468C soc0@44.75C gpu@46.437C tj@47C soc1@44.687C VDD_IN 4113mW/4144mW VDD_CPU_GPU_CV 996mW/1011mW VDD_SOC 1397mW/1398mW
08-09-2026 22:43:57 RAM 3342/7620MB (lfb 23x4MB) SWAP 2/12002MB (cached 0MB) CPU [0%@1510,0%@1510,0%@1510,1%@1510,0%@1510,0%@1510] GR3D_FREQ 0% cpu@47.093C soc2@46.375C soc0@44.781C gpu@46.375C tj@47.093C soc1@44.625C VDD_IN 4073mW/4143mW VDD_CPU_GPU_CV 996mW/1010mW VDD_SOC 1397mW/1397mW
08-09-2026 22:43:58 RAM 3342/7620MB (lfb 23x4MB) SWAP 2/12002MB (cached 0MB) CPU [1%@1510,0%@1510,0%@1510,0%@1510,0%@1510,1%@1510] GR3D_FREQ 0% cpu@47.312C soc2@46.375C soc0@44.718C gpu@46.406C tj@47.312C soc1@44.656C VDD_IN 4113mW/4143mW VDD_CPU_GPU_CV 996mW/1010mW VDD_SOC 1397mW/1397mW
08-09-2026 22:43:59 RAM 3342/7620MB (lfb 23x4MB) SWAP 2/12002MB (cached 0MB) CPU [0%@1510,1%@1510,0%@1510,0%@1510,0%@1510,1%@1510] GR3D_FREQ 0% cpu@47.062C soc2@46.375C soc0@44.687C gpu@46.437C tj@47C soc1@44.656C VDD_IN 4113mW/4143mW VDD_CPU_GPU_CV 996mW/1010mW VDD_SOC 1397mW/1397mW
08-09-2026 22:44:00 RAM 3341/7620MB (lfb 23x4MB) SWAP 2/12002MB (cached 0MB) CPU [0%@1510,1%@1510,1%@1510,0%@1510,1%@1510,0%@1510] GR3D_FREQ 0% cpu@47C soc2@46.406C soc0@44.656C gpu@46.437C tj@47C soc1@44.75C VDD_IN 4113mW/4142mW VDD_CPU_GPU_CV 996mW/1010mW VDD_SOC 1397mW/1397mW
08-09-2026 22:44:01 RAM 3341/7620MB (lfb 23x4MB) SWAP 2/12002MB (cached 0MB) CPU [0%@1510,0%@1510,0%@1510,1%@1510,0%@1510,0%@1510] GR3D_FREQ 0% cpu@46.968C soc2@46.406C soc0@44.656C gpu@46.406C tj@46.968C soc1@44.781C VDD_IN 4113mW/4142mW VDD_CPU_GPU_CV 996mW/1010mW VDD_SOC 1397mW/1397mW
08-09-2026 22:44:02 RAM 3341/7620MB (lfb 23x4MB) SWAP 2/12002MB (cached 0MB) CPU [2%@1510,1%@1510,0%@1510,1%@1510,0%@1510,1%@1510] GR3D_FREQ 0% cpu@47.125C soc2@46.531C soc0@44.75C gpu@46.343C tj@47.125C soc1@44.843C VDD_IN 4113mW/4142mW VDD_CPU_GPU_CV 996mW/1010mW VDD_SOC 1397mW/1397mW
08-09-2026 22:44:03 RAM 3341/7620MB (lfb 23x4MB) SWAP 2/12002MB (cached 0MB) CPU [0%@1510,0%@1510,0%@1510,1%@1510,0%@1510,0%@1510] GR3D_FREQ 0% cpu@47.312C soc2@46.375C soc0@44.812C gpu@46.375C tj@47.312C soc1@44.562C VDD_IN 4113mW/4142mW VDD_CPU_GPU_CV 996mW/1010mW VDD_SOC 1397mW/1397mW
08-09-2026 22:44:04 RAM 3341/7620MB (lfb 23x4MB) SWAP 2/12002MB (cached 0MB) CPU [1%@1510,0%@1510,0%@1510,1%@1510,0%@1510,1%@1510] GR3D_FREQ 0% cpu@47.281C soc2@46.375C soc0@44.625C gpu@46.343C tj@47.062C soc1@44.593C VDD_IN 4113mW/4141mW VDD_CPU_GPU_CV 996mW/1010mW VDD_SOC 1397mW/1397mW
08-09-2026 22:44:05 RAM 3341/7620MB (lfb 23x4MB) SWAP 2/12002MB (cached 0MB) CPU [1%@1510,0%@1510,2%@1510,1%@1510,0%@1510,1%@1510] GR3D_FREQ 0% cpu@46.937C soc2@46.375C soc0@44.625C gpu@46.312C tj@46.937C soc1@44.656C VDD_IN 4113mW/4141mW VDD_CPU_GPU_CV 996mW/1009mW VDD_SOC 1397mW/1397mW
08-09-2026 22:44:06 RAM 3341/7620MB (lfb 23x4MB) SWAP 2/12002MB (cached 0MB) CPU [0%@1510,0%@1510,0%@1510,0%@1510,0%@1510,0%@1510] GR3D_FREQ 0% cpu@46.968C soc2@46.468C soc0@44.656C gpu@46.375C tj@46.968C soc1@44.718C VDD_IN 4113mW/4141mW VDD_CPU_GPU_CV 996mW/1009mW VDD_SOC 1397mW/1397mW
08-09-2026 22:44:07 RAM 3341/7620MB (lfb 23x4MB) SWAP 2/12002MB (cached 0MB) CPU [1%@1510,0%@1510,0%@1510,1%@1510,0%@1510,0%@1510] GR3D_FREQ 0% cpu@47.093C soc2@46.5C soc0@44.75C gpu@46.375C tj@47.093C soc1@44.781C VDD_IN 4113mW/4141mW VDD_CPU_GPU_CV 996mW/1009mW VDD_SOC 1397mW/1397mW
08-09-2026 22:44:08 RAM 3341/7620MB (lfb 23x4MB) SWAP 2/12002MB (cached 0MB) CPU [0%@1510,1%@1510,0%@1510,0%@1510,0%@1510,1%@1510] GR3D_FREQ 0% cpu@47.281C soc2@46.343C soc0@44.75C gpu@46.343C tj@47.281C soc1@44.593C VDD_IN 4113mW/4141mW VDD_CPU_GPU_CV 996mW/1009mW VDD_SOC 1397mW/1397mW
08-09-2026 22:44:09 RAM 3341/7620MB (lfb 23x4MB) SWAP 2/12002MB (cached 0MB) CPU [2%@1510,0%@1510,1%@1510,0%@1510,1%@1510,0%@1510] GR3D_FREQ 0% cpu@47.093C soc2@46.375C soc0@44.625C gpu@46.437C tj@47.093C soc1@44.656C VDD_IN 4113mW/4140mW VDD_CPU_GPU_CV 996mW/1009mW VDD_SOC 1397mW/1397mW
08-09-2026 22:44:10 RAM 3341/7620MB (lfb 23x4MB) SWAP 2/12002MB (cached 0MB) CPU [1%@1510,0%@1510,0%@1510,0%@1510,3%@1510,0%@1510] GR3D_FREQ 0% cpu@47C soc2@46.375C soc0@44.593C gpu@46.406C tj@47C soc1@44.687C VDD_IN 4113mW/4140mW VDD_CPU_GPU_CV 996mW/1009mW VDD_SOC 1397mW/1397mW
08-09-2026 22:44:11 RAM 3341/7620MB (lfb 23x4MB) SWAP 2/12002MB (cached 0MB) CPU [1%@1510,2%@1510,0%@1510,0%@1510,0%@1510,0%@1510] GR3D_FREQ 0% cpu@47C soc2@46.468C soc0@44.718C gpu@46.312C tj@47C soc1@44.687C VDD_IN 4113mW/4140mW VDD_CPU_GPU_CV 996mW/1009mW VDD_SOC 1397mW/1397mW
08-09-2026 22:44:12 RAM 3341/7620MB (lfb 23x4MB) SWAP 2/12002MB (cached 0MB) CPU [1%@1510,0%@1510,0%@1510,1%@1510,1%@1510,1%@1510] GR3D_FREQ 0% cpu@47C soc2@46.5C soc0@44.781C gpu@46.375C tj@47C soc1@44.718C VDD_IN 4113mW/4140mW VDD_CPU_GPU_CV 996mW/1009mW VDD_SOC 1397mW/1397mW
08-09-2026 22:44:13 RAM 3341/7620MB (lfb 23x4MB) SWAP 2/12002MB (cached 0MB) CPU [0%@1510,0%@1510,0%@1510,0%@1510,0%@1510,1%@1510] GR3D_FREQ 0% cpu@47C soc2@46.5C soc0@44.843C gpu@46.343C tj@47C soc1@44.812C VDD_IN 4113mW/4140mW VDD_CPU_GPU_CV 996mW/1009mW VDD_SOC 1397mW/1397mW
08-09-2026 22:44:14 RAM 3341/7620MB (lfb 23x4MB) SWAP 2/12002MB (cached 0MB) CPU [0%@1510,1%@1510,0%@1510,1%@1510,0%@1510,0%@1510] GR3D_FREQ 0% cpu@47.093C soc2@46.375C soc0@44.718C gpu@46.593C tj@47.093C soc1@44.687C VDD_IN 4113mW/4139mW VDD_CPU_GPU_CV 996mW/1009mW VDD_SOC 1397mW/1397mW
08-09-2026 22:44:15 RAM 3341/7620MB (lfb 23x4MB) SWAP 2/12002MB (cached 0MB) CPU [0%@1510,0%@1510,0%@1510,1%@1510,0%@1510,0%@1510] GR3D_FREQ 0% cpu@46.968C soc2@46.375C soc0@44.843C gpu@46.593C tj@46.968C soc1@44.593C VDD_IN 4113mW/4139mW VDD_CPU_GPU_CV 996mW/1008mW VDD_SOC 1397mW/1397mW
08-09-2026 22:44:16 RAM 3341/7620MB (lfb 23x4MB) SWAP 2/12002MB (cached 0MB) CPU [1%@1510,1%@1510,0%@1510,0%@1510,1%@1510,0%@1510] GR3D_FREQ 0% cpu@47.156C soc2@46.406C soc0@44.593C gpu@46.656C tj@47.156C soc1@44.656C VDD_IN 4113mW/4139mW VDD_CPU_GPU_CV 996mW/1008mW VDD_SOC 1397mW/1397mW
08-09-2026 22:44:17 RAM 3342/7620MB (lfb 23x4MB) SWAP 2/12002MB (cached 0MB) CPU [1%@1510,0%@1510,0%@1510,1%@1510,0%@1510,1%@1510] GR3D_FREQ 0% cpu@46.906C soc2@46.375C soc0@44.687C gpu@46.656C tj@46.906C soc1@44.656C VDD_IN 4113mW/4139mW VDD_CPU_GPU_CV 996mW/1008mW VDD_SOC 1397mW/1397mW
08-09-2026 22:44:18 RAM 3342/7620MB (lfb 23x4MB) SWAP 2/12002MB (cached 0MB) CPU [1%@1510,0%@1510,1%@1510,0%@1510,0%@1510,0%@1510] GR3D_FREQ 0% cpu@47.031C soc2@46.406C soc0@44.718C gpu@46.656C tj@47.031C soc1@44.843C VDD_IN 4113mW/4139mW VDD_CPU_GPU_CV 996mW/1008mW VDD_SOC 1397mW/1397mW
08-09-2026 22:44:19 RAM 3342/7620MB (lfb 23x4MB) SWAP 2/12002MB (cached 0MB) CPU [1%@1510,1%@1510,0%@1510,0%@1510,1%@1510,1%@1510] GR3D_FREQ 0% cpu@47.125C soc2@46.5C soc0@44.687C gpu@46.75C tj@47.125C soc1@44.593C VDD_IN 4113mW/4138mW VDD_CPU_GPU_CV 996mW/1008mW VDD_SOC 1397mW/1397mW
08-09-2026 22:44:20 RAM 3342/7620MB (lfb 23x4MB) SWAP 2/12002MB (cached 0MB) CPU [0%@1510,0%@1510,0%@1510,0%@1510,0%@1510,0%@1510] GR3D_FREQ 0% cpu@47.281C soc2@46.375C soc0@44.843C gpu@46.75C tj@47.281C soc1@44.656C VDD_IN 4113mW/4138mW VDD_CPU_GPU_CV 996mW/1008mW VDD_SOC 1397mW/1397mW
08-09-2026 22:44:21 RAM 3342/7620MB (lfb 23x4MB) SWAP 2/12002MB (cached 0MB) CPU [1%@1510,0%@1510,0%@1510,1%@1510,1%@1510,0%@1510] GR3D_FREQ 0% cpu@47.187C soc2@46.375C soc0@44.718C gpu@46.781C tj@47.187C soc1@44.593C VDD_IN 4113mW/4138mW VDD_CPU_GPU_CV 996mW/1008mW VDD_SOC 1397mW/1397mW
08-09-2026 22:44:22 RAM 3342/7620MB (lfb 23x4MB) SWAP 2/12002MB (cached 0MB) CPU [0%@1510,0%@1510,0%@1510,0%@1510,0%@1510,0%@1510] GR3D_FREQ 0% cpu@47C soc2@46.406C soc0@44.781C gpu@46.843C tj@47C soc1@44.625C VDD_IN 4073mW/4138mW VDD_CPU_GPU_CV 996mW/1008mW VDD_SOC 1397mW/1397mW
08-09-2026 22:44:23 RAM 3342/7620MB (lfb 23x4MB) SWAP 2/12002MB (cached 0MB) CPU [0%@1510,1%@1510,0%@1510,0%@1510,1%@1510,0%@1510] GR3D_FREQ 0% cpu@47.25C soc2@46.406C soc0@44.75C gpu@46.718C tj@47.25C soc1@44.562C VDD_IN 4113mW/4137mW VDD_CPU_GPU_CV 956mW/1007mW VDD_SOC 1397mW/1397mW
08-09-2026 22:44:24 RAM 3342/7620MB (lfb 23x4MB) SWAP 2/12002MB (cached 0MB) CPU [1%@1510,1%@1510,0%@1510,1%@1510,0%@1510,0%@1510] GR3D_FREQ 0% cpu@47.093C soc2@46.343C soc0@44.875C gpu@46.812C tj@47.093C soc1@44.593C VDD_IN 4113mW/4137mW VDD_CPU_GPU_CV 996mW/1007mW VDD_SOC 1397mW/1397mW
08-09-2026 22:44:25 RAM 3342/7620MB (lfb 23x4MB) SWAP 2/12002MB (cached 0MB) CPU [0%@1510,0%@1510,0%@1510,0%@1510,0%@1510,2%@1510] GR3D_FREQ 0% cpu@47.281C soc2@46.375C soc0@44.687C gpu@46.281C tj@47.281C soc1@44.593C VDD_IN 4113mW/4137mW VDD_CPU_GPU_CV 956mW/1007mW VDD_SOC 1397mW/1397mW
08-09-2026 22:44:26 RAM 3342/7620MB (lfb 23x4MB) SWAP 2/12002MB (cached 0MB) CPU [1%@1510,0%@1510,0%@1510,0%@1510,0%@1510,0%@1510] GR3D_FREQ 0% cpu@46.937C soc2@46.375C soc0@44.625C gpu@46.343C tj@46.937C soc1@44.656C VDD_IN 4113mW/4137mW VDD_CPU_GPU_CV 996mW/1007mW VDD_SOC 1397mW/1397mW
08-09-2026 22:44:27 RAM 3342/7620MB (lfb 23x4MB) SWAP 2/12002MB (cached 0MB) CPU [1%@1510,0%@1510,1%@1510,0%@1510,1%@1510,1%@1510] GR3D_FREQ 0% cpu@47.062C soc2@46.468C soc0@44.687C gpu@46.375C tj@47.062C soc1@44.75C VDD_IN 4113mW/4137mW VDD_CPU_GPU_CV 956mW/1007mW VDD_SOC 1397mW/1397mW
08-09-2026 22:44:28 RAM 3342/7620MB (lfb 23x4MB) SWAP 2/12002MB (cached 0MB) CPU [0%@1510,0%@1510,0%@1510,1%@1510,0%@1510,0%@1510] GR3D_FREQ 0% cpu@46.937C soc2@46.468C soc0@44.781C gpu@46.312C tj@46.937C soc1@44.812C VDD_IN 4113mW/4137mW VDD_CPU_GPU_CV 956mW/1006mW VDD_SOC 1397mW/1397mW
08-09-2026 22:44:29 RAM 3342/7620MB (lfb 23x4MB) SWAP 2/12002MB (cached 0MB) CPU [1%@1510,1%@1510,0%@1510,0%@1510,0%@1510,1%@1510] GR3D_FREQ 0% cpu@47.187C soc2@46.468C soc0@44.843C gpu@46.406C tj@47.187C soc1@44.531C VDD_IN 4113mW/4136mW VDD_CPU_GPU_CV 956mW/1006mW VDD_SOC 1397mW/1397mW
08-09-2026 22:44:30 RAM 3344/7620MB (lfb 22x4MB) SWAP 2/12002MB (cached 0MB) CPU [1%@1510,1%@1510,9%@1510,1%@1510,4%@1510,1%@1510] GR3D_FREQ 0% cpu@47.406C soc2@46.375C soc0@44.843C gpu@46.343C tj@47.406C soc1@44.625C VDD_IN 4153mW/4136mW VDD_CPU_GPU_CV 996mW/1006mW VDD_SOC 1397mW/1397mW
08-09-2026 22:44:31 RAM 3345/7620MB (lfb 22x4MB) SWAP 2/12002MB (cached 0MB) CPU [0%@1510,1%@1510,0%@1510,1%@1510,1%@1510,1%@1510] GR3D_FREQ 0% cpu@47.156C soc2@46.312C soc0@44.625C gpu@46.343C tj@47.156C soc1@44.593C VDD_IN 4113mW/4136mW VDD_CPU_GPU_CV 996mW/1006mW VDD_SOC 1397mW/1397mW
08-09-2026 22:44:32 RAM 3345/7620MB (lfb 22x4MB) SWAP 2/12002MB (cached 0MB) CPU [1%@1510,0%@1510,0%@1510,1%@1510,1%@1510,1%@1510] GR3D_FREQ 0% cpu@46.968C soc2@46.437C soc0@44.687C gpu@46.406C tj@46.937C soc1@44.687C VDD_IN 4113mW/4136mW VDD_CPU_GPU_CV 996mW/1006mW VDD_SOC 1397mW/1397mW
08-09-2026 22:44:33 RAM 3345/7620MB (lfb 22x4MB) SWAP 2/12002MB (cached 0MB) CPU [1%@1510,1%@1510,0%@1510,1%@1510,0%@1510,1%@1510] GR3D_FREQ 0% cpu@47C soc2@46.375C soc0@44.687C gpu@46.343C tj@47C soc1@44.812C VDD_IN 4113mW/4136mW VDD_CPU_GPU_CV 996mW/1006mW VDD_SOC 1397mW/1397mW
08-09-2026 22:44:34 RAM 3345/7620MB (lfb 22x4MB) SWAP 2/12002MB (cached 0MB) CPU [0%@1510,0%@1510,0%@1510,0%@1510,0%@1510,0%@1510] GR3D_FREQ 0% cpu@47.093C soc2@46.437C soc0@44.843C gpu@46.406C tj@47.093C soc1@44.718C VDD_IN 4113mW/4136mW VDD_CPU_GPU_CV 956mW/1005mW VDD_SOC 1397mW/1397mW
08-09-2026 22:44:35 RAM 3345/7620MB (lfb 22x4MB) SWAP 2/12002MB (cached 0MB) CPU [1%@1510,1%@1510,0%@1510,0%@1510,0%@1510,2%@1510] GR3D_FREQ 0% cpu@47.093C soc2@46.468C soc0@44.781C gpu@46.375C tj@47.093C soc1@44.875C VDD_IN 4113mW/4136mW VDD_CPU_GPU_CV 996mW/1005mW VDD_SOC 1397mW/1397mW
08-09-2026 22:44:36 RAM 3345/7620MB (lfb 22x4MB) SWAP 2/12002MB (cached 0MB) CPU [0%@1510,1%@1510,0%@1510,0%@1510,0%@1510,0%@1510] GR3D_FREQ 0% cpu@47.187C soc2@46.406C soc0@44.781C gpu@46.375C tj@47.187C soc1@44.593C VDD_IN 4113mW/4136mW VDD_CPU_GPU_CV 996mW/1005mW VDD_SOC 1397mW/1397mW
08-09-2026 22:44:37 RAM 3345/7620MB (lfb 22x4MB) SWAP 2/12002MB (cached 0MB) CPU [0%@1510,0%@1510,0%@1510,0%@1510,0%@1510,0%@1510] GR3D_FREQ 0% cpu@47.062C soc2@46.406C soc0@44.75C gpu@46.375C tj@47.062C soc1@44.656C VDD_IN 4113mW/4135mW VDD_CPU_GPU_CV 996mW/1005mW VDD_SOC 1397mW/1397mW
08-09-2026 22:44:38 RAM 3345/7620MB (lfb 22x4MB) SWAP 2/12002MB (cached 0MB) CPU [0%@1510,0%@1510,0%@1510,0%@1510,0%@1510,1%@1510] GR3D_FREQ 0% cpu@47.218C soc2@46.406C soc0@44.625C gpu@46.375C tj@47.218C soc1@44.687C VDD_IN 4113mW/4135mW VDD_CPU_GPU_CV 996mW/1005mW VDD_SOC 1397mW/1397mW
08-09-2026 22:44:39 RAM 3345/7620MB (lfb 22x4MB) SWAP 2/12002MB (cached 0MB) CPU [1%@1510,1%@1510,0%@1510,0%@1510,0%@1510,0%@1510] GR3D_FREQ 0% cpu@47C soc2@46.468C soc0@44.656C gpu@46.375C tj@47C soc1@44.656C VDD_IN 4113mW/4135mW VDD_CPU_GPU_CV 996mW/1005mW VDD_SOC 1397mW/1397mW
08-09-2026 22:44:40 RAM 3345/7620MB (lfb 22x4MB) SWAP 2/12002MB (cached 0MB) CPU [1%@1510,0%@1510,0%@1510,2%@1510,2%@1510,1%@1510] GR3D_FREQ 0% cpu@47.093C soc2@46.406C soc0@44.687C gpu@46.468C tj@47.093C soc1@44.75C VDD_IN 4120mW/4135mW VDD_CPU_GPU_CV 996mW/1005mW VDD_SOC 1397mW/1397mW
08-09-2026 22:44:41 RAM 3345/7620MB (lfb 22x4MB) SWAP 2/12002MB (cached 0MB) CPU [0%@1510,1%@1510,1%@1510,0%@1510,0%@1510,0%@1510] GR3D_FREQ 0% cpu@47.187C soc2@46.5C soc0@44.812C gpu@46.437C tj@47.187C soc1@44.843C VDD_IN 4073mW/4135mW VDD_CPU_GPU_CV 996mW/1005mW VDD_SOC 1397mW/1397mW
08-09-2026 22:44:42 RAM 3345/7620MB (lfb 22x4MB) SWAP 2/12002MB (cached 0MB) CPU [1%@1510,0%@1510,0%@1510,0%@1510,0%@1510,0%@1510] GR3D_FREQ 0% cpu@47.218C soc2@46.375C soc0@44.812C gpu@46.437C tj@47.218C soc1@44.562C VDD_IN 4120mW/4135mW VDD_CPU_GPU_CV 956mW/1005mW VDD_SOC 1397mW/1397mW
08-09-2026 22:44:43 RAM 3344/7620MB (lfb 22x4MB) SWAP 2/12002MB (cached 0MB) CPU [0%@1510,0%@1510,0%@1510,1%@1510,3%@1510,0%@1510] GR3D_FREQ 0% cpu@47.312C soc2@46.375C soc0@44.75C gpu@46.5C tj@47.312C soc1@44.656C VDD_IN 4073mW/4134mW VDD_CPU_GPU_CV 956mW/1004mW VDD_SOC 1397mW/1397mW
08-09-2026 22:44:44 RAM 3344/7620MB (lfb 22x4MB) SWAP 2/12002MB (cached 0MB) CPU [1%@1510,1%@1510,0%@1510,0%@1510,0%@1510,0%@1510] GR3D_FREQ 0% cpu@47.156C soc2@46.406C soc0@44.687C gpu@46.468C tj@47.062C soc1@44.656C VDD_IN 4113mW/4134mW VDD_CPU_GPU_CV 996mW/1004mW VDD_SOC 1397mW/1397mW
08-09-2026 22:44:45 RAM 3344/7620MB (lfb 22x4MB) SWAP 2/12002MB (cached 0MB) CPU [1%@1510,0%@1510,0%@1510,1%@1510,0%@1510,0%@1510] GR3D_FREQ 0% cpu@47.375C soc2@46.375C soc0@44.75C gpu@46.531C tj@47.375C soc1@44.781C VDD_IN 4113mW/4134mW VDD_CPU_GPU_CV 956mW/1004mW VDD_SOC 1397mW/1397mW
08-09-2026 22:44:46 RAM 3344/7620MB (lfb 22x4MB) SWAP 2/12002MB (cached 0MB) CPU [0%@1510,1%@1510,1%@1510,0%@1510,1%@1510,0%@1510] GR3D_FREQ 0% cpu@47.093C soc2@46.375C soc0@44.625C gpu@46.468C tj@47.093C soc1@44.75C VDD_IN 4113mW/4134mW VDD_CPU_GPU_CV 996mW/1004mW VDD_SOC 1397mW/1397mW
08-09-2026 22:44:47 RAM 3344/7620MB (lfb 22x4MB) SWAP 2/12002MB (cached 0MB) CPU [1%@1510,2%@1510,1%@1510,0%@1510,1%@1510,0%@1510] GR3D_FREQ 0% cpu@47.093C soc2@46.5C soc0@44.75C gpu@46.437C tj@47.093C soc1@44.843C VDD_IN 4113mW/4134mW VDD_CPU_GPU_CV 996mW/1004mW VDD_SOC 1397mW/1397mW
08-09-2026 22:44:48 RAM 3344/7620MB (lfb 22x4MB) SWAP 2/12002MB (cached 0MB) CPU [0%@1510,0%@1510,1%@1510,1%@1510,0%@1510,1%@1510] GR3D_FREQ 0% cpu@47.25C soc2@46.406C soc0@44.687C gpu@46.5C tj@47.25C soc1@44.625C VDD_IN 4113mW/4134mW VDD_CPU_GPU_CV 956mW/1004mW VDD_SOC 1397mW/1397mW
08-09-2026 22:44:49 RAM 3344/7620MB (lfb 22x4MB) SWAP 2/12002MB (cached 0MB) CPU [1%@1510,1%@1510,0%@1510,0%@1510,0%@1510,0%@1510] GR3D_FREQ 0% cpu@47.093C soc2@46.375C soc0@44.843C gpu@46.468C tj@47.093C soc1@44.656C VDD_IN 4120mW/4133mW VDD_CPU_GPU_CV 956mW/1003mW VDD_SOC 1397mW/1397mW
08-09-2026 22:44:50 RAM 3344/7620MB (lfb 22x4MB) SWAP 2/12002MB (cached 0MB) CPU [1%@1510,0%@1510,0%@1510,1%@1510,1%@1510,1%@1510] GR3D_FREQ 0% cpu@47.437C soc2@46.375C soc0@44.625C gpu@46.531C tj@47.437C soc1@44.656C VDD_IN 4113mW/4133mW VDD_CPU_GPU_CV 996mW/1003mW VDD_SOC 1397mW/1397mW
08-09-2026 22:44:51 RAM 3344/7620MB (lfb 22x4MB) SWAP 2/12002MB (cached 0MB) CPU [0%@1510,0%@1510,1%@1510,0%@1510,1%@1510,0%@1510] GR3D_FREQ 0% cpu@47.187C soc2@46.437C soc0@44.687C gpu@46.5C tj@46.968C soc1@44.687C VDD_IN 4113mW/4133mW VDD_CPU_GPU_CV 996mW/1003mW VDD_SOC 1397mW/1397mW
08-09-2026 22:44:52 RAM 3344/7620MB (lfb 22x4MB) SWAP 2/12002MB (cached 0MB) CPU [1%@1510,0%@1510,0%@1510,0%@1510,0%@1510,0%@1510] GR3D_FREQ 0% cpu@46.937C soc2@46.5C soc0@44.718C gpu@46.593C tj@46.937C soc1@44.75C VDD_IN 4113mW/4133mW VDD_CPU_GPU_CV 996mW/1003mW VDD_SOC 1397mW/1397mW
08-09-2026 22:44:53 RAM 3344/7620MB (lfb 22x4MB) SWAP 2/12002MB (cached 0MB) CPU [0%@1510,1%@1510,0%@1510,0%@1510,1%@1510,0%@1510] GR3D_FREQ 0% cpu@47C soc2@46.437C soc0@44.75C gpu@46.531C tj@47C soc1@44.75C VDD_IN 4113mW/4133mW VDD_CPU_GPU_CV 996mW/1003mW VDD_SOC 1397mW/1397mW
08-09-2026 22:44:54 RAM 3344/7620MB (lfb 22x4MB) SWAP 2/12002MB (cached 0MB) CPU [1%@1510,1%@1510,0%@1510,0%@1510,0%@1510,0%@1510] GR3D_FREQ 0% cpu@47.187C soc2@46.5C soc0@44.781C gpu@46.562C tj@47.187C soc1@44.625C VDD_IN 4073mW/4133mW VDD_CPU_GPU_CV 996mW/1003mW VDD_SOC 1397mW/1397mW
08-09-2026 22:44:55 RAM 3345/7620MB (lfb 22x4MB) SWAP 2/12002MB (cached 0MB) CPU [0%@1510,0%@1510,0%@1510,1%@1510,0%@1510,0%@1510] GR3D_FREQ 0% cpu@47.437C soc2@46.375C soc0@44.812C gpu@46.531C tj@47.437C soc1@44.593C VDD_IN 4113mW/4133mW VDD_CPU_GPU_CV 996mW/1003mW VDD_SOC 1397mW/1397mW
08-09-2026 22:44:56 RAM 3345/7620MB (lfb 22x4MB) SWAP 2/12002MB (cached 0MB) CPU [1%@1510,0%@1510,0%@1510,1%@1510,0%@1510,0%@1510] GR3D_FREQ 0% cpu@47.187C soc2@46.375C soc0@44.781C gpu@46.562C tj@47.187C soc1@44.687C VDD_IN 4113mW/4132mW VDD_CPU_GPU_CV 996mW/1003mW VDD_SOC 1397mW/1397mW
08-09-2026 22:44:57 RAM 3345/7620MB (lfb 22x4MB) SWAP 2/12002MB (cached 0MB) CPU [0%@1510,1%@1510,0%@1510,1%@1510,0%@1510,0%@1510] GR3D_FREQ 0% cpu@46.968C soc2@46.406C soc0@44.656C gpu@46.687C tj@46.968C soc1@44.656C VDD_IN 4113mW/4132mW VDD_CPU_GPU_CV 996mW/1003mW VDD_SOC 1397mW/1397mW
08-09-2026 22:44:58 RAM 3345/7620MB (lfb 22x4MB) SWAP 2/12002MB (cached 0MB) CPU [0%@1510,0%@1510,0%@1510,0%@1510,1%@1510,1%@1510] GR3D_FREQ 0% cpu@46.875C soc2@46.375C soc0@44.656C gpu@46.75C tj@46.875C soc1@44.718C VDD_IN 4073mW/4132mW VDD_CPU_GPU_CV 996mW/1003mW VDD_SOC 1397mW/1397mW
08-09-2026 22:44:59 RAM 3345/7620MB (lfb 22x4MB) SWAP 2/12002MB (cached 0MB) CPU [1%@1510,1%@1510,0%@1510,0%@1510,0%@1510,1%@1510] GR3D_FREQ 0% cpu@46.937C soc2@46.5C soc0@44.687C gpu@46.625C tj@46.937C soc1@44.781C VDD_IN 4073mW/4132mW VDD_CPU_GPU_CV 996mW/1003mW VDD_SOC 1397mW/1397mW
08-09-2026 22:45:00 RAM 3345/7620MB (lfb 22x4MB) SWAP 2/12002MB (cached 0MB) CPU [0%@1510,1%@1510,0%@1510,0%@1510,1%@1510,1%@1510] GR3D_FREQ 0% cpu@47.031C soc2@46.375C soc0@44.75C gpu@46.718C tj@47.031C soc1@44.562C VDD_IN 4113mW/4132mW VDD_CPU_GPU_CV 996mW/1003mW VDD_SOC 1397mW/1397mW
08-09-2026 22:45:01 RAM 3345/7620MB (lfb 22x4MB) SWAP 2/12002MB (cached 0MB) CPU [1%@1510,1%@1510,0%@1510,0%@1510,0%@1510,0%@1510] GR3D_FREQ 0% cpu@47.156C soc2@46.406C soc0@44.75C gpu@46.718C tj@47.156C soc1@44.562C VDD_IN 4073mW/4131mW VDD_CPU_GPU_CV 996mW/1003mW VDD_SOC 1397mW/1397mW
08-09-2026 22:45:02 RAM 3345/7620MB (lfb 22x4MB) SWAP 2/12002MB (cached 0MB) CPU [0%@1510,1%@1510,0%@1510,0%@1510,1%@1510,1%@1510] GR3D_FREQ 0% cpu@47C soc2@46.406C soc0@44.843C gpu@46.718C tj@47C soc1@44.656C VDD_IN 4113mW/4131mW VDD_CPU_GPU_CV 996mW/1003mW VDD_SOC 1397mW/1397mW
08-09-2026 22:45:03 RAM 3345/7620MB (lfb 22x4MB) SWAP 2/12002MB (cached 0MB) CPU [0%@1510,0%@1510,0%@1510,0%@1510,0%@1510,0%@1510] GR3D_FREQ 0% cpu@47.218C soc2@46.375C soc0@44.687C gpu@46.781C tj@47.218C soc1@44.625C VDD_IN 4113mW/4131mW VDD_CPU_GPU_CV 996mW/1003mW VDD_SOC 1397mW/1397mW
08-09-2026 22:45:04 RAM 3345/7620MB (lfb 22x4MB) SWAP 2/12002MB (cached 0MB) CPU [1%@1510,0%@1510,0%@1510,0%@1510,0%@1510,1%@1510] GR3D_FREQ 0% cpu@46.968C soc2@46.375C soc0@44.656C gpu@46.375C tj@46.968C soc1@44.687C VDD_IN 4113mW/4131mW VDD_CPU_GPU_CV 996mW/1003mW VDD_SOC 1397mW/1397mW
08-09-2026 22:45:05 RAM 3345/7620MB (lfb 22x4MB) SWAP 2/12002MB (cached 0MB) CPU [0%@1510,1%@1510,0%@1510,0%@1510,1%@1510,1%@1510] GR3D_FREQ 0% cpu@47.093C soc2@46.5C soc0@44.687C gpu@46.343C tj@47.093C soc1@44.718C VDD_IN 4113mW/4131mW VDD_CPU_GPU_CV 996mW/1003mW VDD_SOC 1397mW/1397mW
08-09-2026 22:45:06 RAM 3345/7620MB (lfb 22x4MB) SWAP 2/12002MB (cached 0MB) CPU [1%@1510,1%@1510,0%@1510,0%@1510,1%@1510,1%@1510] GR3D_FREQ 0% cpu@46.968C soc2@46.406C soc0@44.75C gpu@46.312C tj@46.968C soc1@44.843C VDD_IN 4113mW/4131mW VDD_CPU_GPU_CV 996mW/1003mW VDD_SOC 1397mW/1397mW
08-09-2026 22:45:07 RAM 3345/7620MB (lfb 22x4MB) SWAP 2/12002MB (cached 0MB) CPU [0%@1510,0%@1510,0%@1510,1%@1510,0%@1510,0%@1510] GR3D_FREQ 0% cpu@47.156C soc2@46.375C soc0@44.75C gpu@46.281C tj@47.156C soc1@44.531C VDD_IN 4113mW/4131mW VDD_CPU_GPU_CV 996mW/1003mW VDD_SOC 1397mW/1397mW
08-09-2026 22:45:08 RAM 3345/7620MB (lfb 22x4MB) SWAP 2/12002MB (cached 0MB) CPU [0%@1510,1%@1510,0%@1510,0%@1510,1%@1510,2%@1510] GR3D_FREQ 0% cpu@47.25C soc2@46.25C soc0@44.843C gpu@46.343C tj@47.25C soc1@44.656C VDD_IN 4113mW/4131mW VDD_CPU_GPU_CV 996mW/1003mW VDD_SOC 1397mW/1397mW
08-09-2026 22:45:09 RAM 3345/7620MB (lfb 22x4MB) SWAP 2/12002MB (cached 0MB) CPU [1%@1510,1%@1510,0%@1510,0%@1510,0%@1510,1%@1510] GR3D_FREQ 0% cpu@47.062C soc2@46.343C soc0@44.906C gpu@46.343C tj@47.062C soc1@44.625C VDD_IN 4073mW/4130mW VDD_CPU_GPU_CV 996mW/1002mW VDD_SOC 1397mW/1397mW
08-09-2026 22:45:10 RAM 3345/7620MB (lfb 22x4MB) SWAP 2/12002MB (cached 0MB) CPU [1%@1510,1%@1510,2%@1510,0%@1510,0%@1510,0%@1510] GR3D_FREQ 0% cpu@47.343C soc2@46.343C soc0@44.75C gpu@46.375C tj@47.343C soc1@44.625C VDD_IN 4113mW/4130mW VDD_CPU_GPU_CV 996mW/1002mW VDD_SOC 1397mW/1397mW
08-09-2026 22:45:11 RAM 3345/7620MB (lfb 22x4MB) SWAP 2/12002MB (cached 0MB) CPU [1%@1510,0%@1510,0%@1510,1%@1510,1%@1510,1%@1510] GR3D_FREQ 0% cpu@46.937C soc2@46.343C soc0@44.75C gpu@46.312C tj@46.937C soc1@44.687C VDD_IN 4113mW/4130mW VDD_CPU_GPU_CV 996mW/1002mW VDD_SOC 1397mW/1397mW
08-09-2026 22:45:12 RAM 3345/7620MB (lfb 22x4MB) SWAP 2/12002MB (cached 0MB) CPU [1%@1510,0%@1510,0%@1510,0%@1510,0%@1510,1%@1510] GR3D_FREQ 0% cpu@47C soc2@46.375C soc0@44.718C gpu@46.218C tj@47.062C soc1@44.75C VDD_IN 4113mW/4130mW VDD_CPU_GPU_CV 996mW/1002mW VDD_SOC 1397mW/1397mW
08-09-2026 22:45:13 RAM 3345/7620MB (lfb 22x4MB) SWAP 2/12002MB (cached 0MB) CPU [1%@1510,0%@1510,0%@1510,0%@1510,0%@1510,1%@1510] GR3D_FREQ 0% cpu@47C soc2@46.437C soc0@44.781C gpu@46.343C tj@47C soc1@44.656C VDD_IN 4113mW/4130mW VDD_CPU_GPU_CV 996mW/1002mW VDD_SOC 1397mW/1397mW
08-09-2026 22:45:14 RAM 3345/7620MB (lfb 22x4MB) SWAP 2/12002MB (cached 0MB) CPU [1%@1510,0%@1510,0%@1510,0%@1510,0%@1510,0%@1510] GR3D_FREQ 0% cpu@47.125C soc2@46.343C soc0@44.75C gpu@46.343C tj@47.125C soc1@44.593C VDD_IN 4113mW/4130mW VDD_CPU_GPU_CV 956mW/1002mW VDD_SOC 1397mW/1397mW
08-09-2026 22:45:15 RAM 3345/7620MB (lfb 22x4MB) SWAP 2/12002MB (cached 0MB) CPU [1%@1510,1%@1510,0%@1510,0%@1510,2%@1510,1%@1510] GR3D_FREQ 0% cpu@47.437C soc2@46.281C soc0@44.781C gpu@46.312C tj@47.437C soc1@44.75C VDD_IN 4073mW/4129mW VDD_CPU_GPU_CV 956mW/1002mW VDD_SOC 1397mW/1397mW
08-09-2026 22:45:16 RAM 3345/7620MB (lfb 22x4MB) SWAP 2/12002MB (cached 0MB) CPU [0%@1510,0%@1510,0%@1510,0%@1510,0%@1510,1%@1510] GR3D_FREQ 0% cpu@47.187C soc2@46.406C soc0@44.593C gpu@46.343C tj@47.187C soc1@44.656C VDD_IN 4113mW/4129mW VDD_CPU_GPU_CV 956mW/1002mW VDD_SOC 1397mW/1397mW
08-09-2026 22:45:17 RAM 3345/7620MB (lfb 22x4MB) SWAP 2/12002MB (cached 0MB) CPU [1%@1510,1%@1510,0%@1510,0%@1510,0%@1510,0%@1510] GR3D_FREQ 0% cpu@46.906C soc2@46.375C soc0@44.687C gpu@46.375C tj@46.906C soc1@44.687C VDD_IN 4113mW/4129mW VDD_CPU_GPU_CV 996mW/1002mW VDD_SOC 1397mW/1397mW
08-09-2026 22:45:18 RAM 3345/7620MB (lfb 22x4MB) SWAP 2/12002MB (cached 0MB) CPU [1%@1510,0%@1510,0%@1510,1%@1510,0%@1510,1%@1510] GR3D_FREQ 0% cpu@47C soc2@46.375C soc0@44.75C gpu@46.375C tj@47C soc1@44.843C VDD_IN 4113mW/4129mW VDD_CPU_GPU_CV 956mW/1001mW VDD_SOC 1397mW/1397mW
08-09-2026 22:45:19 RAM 3345/7620MB (lfb 22x4MB) SWAP 2/12002MB (cached 0MB) CPU [0%@1510,0%@1510,0%@1510,0%@1510,1%@1510,0%@1510] GR3D_FREQ 0% cpu@47.093C soc2@46.468C soc0@44.75C gpu@46.406C tj@47.093C soc1@44.812C VDD_IN 4073mW/4129mW VDD_CPU_GPU_CV 956mW/1001mW VDD_SOC 1397mW/1397mW
08-09-2026 22:45:20 RAM 3345/7620MB (lfb 22x4MB) SWAP 2/12002MB (cached 0MB) CPU [0%@1510,0%@1510,0%@1510,0%@1510,0%@1510,1%@1510] GR3D_FREQ 0% cpu@47.093C soc2@46.406C soc0@44.812C gpu@46.375C tj@47.093C soc1@44.625C VDD_IN 4113mW/4129mW VDD_CPU_GPU_CV 996mW/1001mW VDD_SOC 1397mW/1397mW
08-09-2026 22:45:21 RAM 3345/7620MB (lfb 22x4MB) SWAP 2/12002MB (cached 0MB) CPU [0%@1510,0%@1510,0%@1510,0%@1510,1%@1510,1%@1510] GR3D_FREQ 0% cpu@47.218C soc2@46.375C soc0@44.781C gpu@46.406C tj@47.218C soc1@44.656C VDD_IN 4113mW/4129mW VDD_CPU_GPU_CV 956mW/1001mW VDD_SOC 1397mW/1397mW
08-09-2026 22:45:22 RAM 3345/7620MB (lfb 22x4MB) SWAP 2/12002MB (cached 0MB) CPU [0%@1510,1%@1510,0%@1510,0%@1510,1%@1510,0%@1510] GR3D_FREQ 0% cpu@47C soc2@46.375C soc0@44.625C gpu@46.437C tj@47C soc1@44.687C VDD_IN 4113mW/4129mW VDD_CPU_GPU_CV 956mW/1001mW VDD_SOC 1397mW/1397mW
08-09-2026 22:45:23 RAM 3345/7620MB (lfb 22x4MB) SWAP 2/12002MB (cached 0MB) CPU [1%@1510,0%@1510,0%@1510,1%@1510,0%@1510,0%@1510] GR3D_FREQ 0% cpu@47.031C soc2@46.406C soc0@44.687C gpu@46.5C tj@47.031C soc1@44.656C VDD_IN 4073mW/4128mW VDD_CPU_GPU_CV 956mW/1000mW VDD_SOC 1397mW/1397mW
08-09-2026 22:45:24 RAM 3345/7620MB (lfb 22x4MB) SWAP 2/12002MB (cached 0MB) CPU [1%@1510,1%@1510,0%@1510,0%@1510,1%@1510,1%@1510] GR3D_FREQ 0% cpu@46.875C soc2@46.375C soc0@44.625C gpu@46.468C tj@46.875C soc1@44.718C VDD_IN 4073mW/4128mW VDD_CPU_GPU_CV 956mW/1000mW VDD_SOC 1397mW/1397mW
08-09-2026 22:45:25 RAM 3345/7620MB (lfb 22x4MB) SWAP 2/12002MB (cached 0MB) CPU [1%@1510,1%@1510,0%@1510,0%@1510,1%@1510,1%@1510] GR3D_FREQ 0% cpu@47C soc2@46.5C soc0@44.718C gpu@46.468C tj@47C soc1@44.843C VDD_IN 4073mW/4128mW VDD_CPU_GPU_CV 956mW/1000mW VDD_SOC 1397mW/1397mW
08-09-2026 22:45:26 RAM 3345/7620MB (lfb 22x4MB) SWAP 2/12002MB (cached 0MB) CPU [1%@1510,0%@1510,0%@1510,0%@1510,0%@1510,1%@1510] GR3D_FREQ 0% cpu@47.125C soc2@46.406C soc0@44.75C gpu@46.531C tj@47.125C soc1@44.843C VDD_IN 4113mW/4128mW VDD_CPU_GPU_CV 996mW/1000mW VDD_SOC 1397mW/1397mW
08-09-2026 22:45:27 RAM 3345/7620MB (lfb 22x4MB) SWAP 2/12002MB (cached 0MB) CPU [0%@1510,0%@1510,0%@1510,0%@1510,1%@1510,0%@1510] GR3D_FREQ 0% cpu@47.062C soc2@46.343C soc0@44.875C gpu@46.531C tj@47.062C soc1@44.562C VDD_IN 4113mW/4128mW VDD_CPU_GPU_CV 996mW/1000mW VDD_SOC 1397mW/1397mW
08-09-2026 22:45:28 RAM 3345/7620MB (lfb 22x4MB) SWAP 2/12002MB (cached 0MB) CPU [1%@1510,0%@1510,0%@1510,0%@1510,1%@1510,1%@1510] GR3D_FREQ 0% cpu@47.25C soc2@46.375C soc0@44.625C gpu@46.468C tj@47.25C soc1@44.625C VDD_IN 4113mW/4128mW VDD_CPU_GPU_CV 956mW/1000mW VDD_SOC 1397mW/1397mW
08-09-2026 22:45:29 RAM 3345/7620MB (lfb 22x4MB) SWAP 2/12002MB (cached 0MB) CPU [1%@1510,1%@1510,0%@1510,2%@1510,0%@1510,0%@1510] GR3D_FREQ 0% cpu@46.906C soc2@46.468C soc0@44.687C gpu@46.437C tj@46.906C soc1@44.625C VDD_IN 4073mW/4127mW VDD_CPU_GPU_CV 996mW/1000mW VDD_SOC 1397mW/1397mW
08-09-2026 22:45:30 RAM 3345/7620MB (lfb 22x4MB) SWAP 2/12002MB (cached 0MB) CPU [0%@1510,0%@1510,0%@1510,0%@1510,1%@1510,1%@1510] GR3D_FREQ 0% cpu@47C soc2@46.406C soc0@44.656C gpu@46.468C tj@47C soc1@44.718C VDD_IN 4080mW/4127mW VDD_CPU_GPU_CV 996mW/1000mW VDD_SOC 1397mW/1397mW
08-09-2026 22:45:31 RAM 3345/7620MB (lfb 22x4MB) SWAP 2/12002MB (cached 0MB) CPU [1%@1510,0%@1510,0%@1510,0%@1510,0%@1510,0%@1510] GR3D_FREQ 0% cpu@47C soc2@46.437C soc0@44.812C gpu@46.437C tj@47C soc1@44.75C VDD_IN 4073mW/4127mW VDD_CPU_GPU_CV 996mW/1000mW VDD_SOC 1397mW/1397mW
08-09-2026 22:45:32 RAM 3345/7620MB (lfb 22x4MB) SWAP 2/12002MB (cached 0MB) CPU [0%@1510,0%@1510,0%@1510,0%@1510,1%@1510,0%@1510] GR3D_FREQ 0% cpu@47.093C soc2@46.437C soc0@44.718C gpu@46.562C tj@47.093C soc1@44.843C VDD_IN 4113mW/4127mW VDD_CPU_GPU_CV 996mW/1000mW VDD_SOC 1397mW/1397mW
08-09-2026 22:45:33 RAM 3345/7620MB (lfb 22x4MB) SWAP 2/12002MB (cached 0MB) CPU [1%@1510,0%@1510,0%@1510,0%@1510,1%@1510,1%@1510] GR3D_FREQ 0% cpu@47.281C soc2@46.375C soc0@44.812C gpu@46.593C tj@47.281C soc1@44.593C VDD_IN 4073mW/4127mW VDD_CPU_GPU_CV 956mW/999mW VDD_SOC 1397mW/1397mW
08-09-2026 22:45:34 RAM 3345/7620MB (lfb 22x4MB) SWAP 2/12002MB (cached 0MB) CPU [1%@1510,1%@1510,0%@1510,0%@1510,0%@1510,1%@1510] GR3D_FREQ 0% cpu@47.093C soc2@46.375C soc0@44.843C gpu@46.562C tj@47.093C soc1@44.593C VDD_IN 4073mW/4126mW VDD_CPU_GPU_CV 996mW/999mW VDD_SOC 1397mW/1397mW
08-09-2026 22:45:35 RAM 3345/7620MB (lfb 22x4MB) SWAP 2/12002MB (cached 0MB) CPU [0%@1510,1%@1510,0%@1510,1%@1510,1%@1510,0%@1510] GR3D_FREQ 0% cpu@46.906C soc2@46.406C soc0@44.625C gpu@46.593C tj@46.906C soc1@44.687C VDD_IN 4080mW/4126mW VDD_CPU_GPU_CV 996mW/999mW VDD_SOC 1397mW/1397mW
08-09-2026 22:45:36 RAM 3345/7620MB (lfb 22x4MB) SWAP 2/12002MB (cached 0MB) CPU [1%@1510,0%@1510,0%@1510,0%@1510,0%@1510,0%@1510] GR3D_FREQ 0% cpu@46.937C soc2@46.375C soc0@44.687C gpu@46.625C tj@46.937C soc1@44.687C VDD_IN 4073mW/4126mW VDD_CPU_GPU_CV 956mW/999mW VDD_SOC 1397mW/1397mW
08-09-2026 22:45:37 RAM 3345/7620MB (lfb 22x4MB) SWAP 2/12002MB (cached 0MB) CPU [1%@1510,1%@1510,0%@1510,0%@1510,0%@1510,1%@1510] GR3D_FREQ 0% cpu@47C soc2@46.312C soc0@44.781C gpu@46.625C tj@47C soc1@44.718C VDD_IN 4113mW/4126mW VDD_CPU_GPU_CV 956mW/999mW VDD_SOC 1397mW/1397mW
08-09-2026 22:45:38 RAM 3345/7620MB (lfb 22x4MB) SWAP 2/12002MB (cached 0MB) CPU [1%@1510,0%@1510,0%@1510,0%@1510,0%@1510,1%@1510] GR3D_FREQ 0% cpu@47C soc2@46.375C soc0@44.656C gpu@46.625C tj@47C soc1@44.812C VDD_IN 4113mW/4126mW VDD_CPU_GPU_CV 996mW/999mW VDD_SOC 1397mW/1397mW
08-09-2026 22:45:39 RAM 3345/7620MB (lfb 22x4MB) SWAP 2/12002MB (cached 0MB) CPU [0%@1510,1%@1510,0%@1510,1%@1510,1%@1510,0%@1510] GR3D_FREQ 0% cpu@47.125C soc2@46.5C soc0@44.75C gpu@46.656C tj@47.125C soc1@44.562C VDD_IN 4080mW/4126mW VDD_CPU_GPU_CV 956mW/999mW VDD_SOC 1397mW/1397mW
08-09-2026 22:45:40 RAM 3345/7620MB (lfb 22x4MB) SWAP 2/12002MB (cached 0MB) CPU [1%@1510,0%@1510,0%@1510,0%@1510,0%@1510,1%@1510] GR3D_FREQ 0% cpu@47.375C soc2@46.375C soc0@44.843C gpu@46.687C tj@47.375C soc1@44.593C VDD_IN 4080mW/4125mW VDD_CPU_GPU_CV 956mW/999mW VDD_SOC 1397mW/1397mW
08-09-2026 22:45:41 RAM 3345/7620MB (lfb 22x4MB) SWAP 2/12002MB (cached 0MB) CPU [1%@1510,1%@1510,0%@1510,0%@1510,1%@1510,0%@1510] GR3D_FREQ 0% cpu@47.156C soc2@46.375C soc0@44.625C gpu@46.718C tj@47.156C soc1@44.75C VDD_IN 4120mW/4125mW VDD_CPU_GPU_CV 956mW/998mW VDD_SOC 1397mW/1397mW
08-09-2026 22:45:42 RAM 3345/7620MB (lfb 22x4MB) SWAP 2/12002MB (cached 0MB) CPU [1%@1510,0%@1510,0%@1510,0%@1510,0%@1510,0%@1510] GR3D_FREQ 0% cpu@46.906C soc2@46.375C soc0@44.656C gpu@46.687C tj@46.906C soc1@44.625C VDD_IN 4120mW/4125mW VDD_CPU_GPU_CV 996mW/998mW VDD_SOC 1397mW/1397mW
08-09-2026 22:45:43 RAM 3345/7620MB (lfb 22x4MB) SWAP 2/12002MB (cached 0MB) CPU [1%@1510,0%@1510,0%@1510,0%@1510,0%@1510,0%@1510] GR3D_FREQ 0% cpu@46.937C soc2@46.437C soc0@44.625C gpu@46.75C tj@46.937C soc1@44.687C VDD_IN 4080mW/4125mW VDD_CPU_GPU_CV 956mW/998mW VDD_SOC 1397mW/1397mW
08-09-2026 22:45:44 RAM 3345/7620MB (lfb 22x4MB) SWAP 2/12002MB (cached 0MB) CPU [0%@1510,0%@1510,0%@1510,0%@1510,0%@1510,1%@1510] GR3D_FREQ 0% cpu@47.125C soc2@46.468C soc0@44.718C gpu@46.281C tj@47.125C soc1@44.687C VDD_IN 4113mW/4125mW VDD_CPU_GPU_CV 996mW/998mW VDD_SOC 1397mW/1397mW
08-09-2026 22:45:45 RAM 3345/7620MB (lfb 22x4MB) SWAP 2/12002MB (cached 0MB) CPU [0%@1510,2%@1510,0%@1510,0%@1510,1%@1510,1%@1510] GR3D_FREQ 0% cpu@47.093C soc2@46.562C soc0@44.718C gpu@46.343C tj@47.093C soc1@44.562C VDD_IN 4073mW/4125mW VDD_CPU_GPU_CV 956mW/998mW VDD_SOC 1397mW/1397mW
08-09-2026 22:45:46 RAM 3345/7620MB (lfb 22x4MB) SWAP 2/12002MB (cached 0MB) CPU [0%@1510,0%@1510,1%@1510,1%@1510,0%@1510,0%@1510] GR3D_FREQ 0% cpu@47.187C soc2@46.406C soc0@44.843C gpu@46.187C tj@47.187C soc1@44.593C VDD_IN 4073mW/4125mW VDD_CPU_GPU_CV 996mW/998mW VDD_SOC 1397mW/1397mW
08-09-2026 22:45:47 RAM 3345/7620MB (lfb 22x4MB) SWAP 2/12002MB (cached 0MB) CPU [0%@1510,0%@1510,0%@1510,0%@1510,1%@1510,1%@1510] GR3D_FREQ 0% cpu@46.937C soc2@46.312C soc0@44.656C gpu@46.25C tj@46.937C soc1@44.656C VDD_IN 4113mW/4125mW VDD_CPU_GPU_CV 996mW/998mW VDD_SOC 1397mW/1397mW
08-09-2026 22:45:48 RAM 3345/7620MB (lfb 22x4MB) SWAP 2/12002MB (cached 0MB) CPU [3%@1510,1%@1510,0%@1510,0%@1510,0%@1510,1%@1510] GR3D_FREQ 0% cpu@47.218C soc2@46.406C soc0@44.656C gpu@46.281C tj@47.218C soc1@44.656C VDD_IN 4113mW/4124mW VDD_CPU_GPU_CV 996mW/998mW VDD_SOC 1397mW/1397mW
08-09-2026 22:45:49 RAM 3345/7620MB (lfb 22x4MB) SWAP 2/12002MB (cached 0MB) CPU [0%@1510,0%@1510,0%@1510,1%@1510,1%@1510,0%@1510] GR3D_FREQ 0% cpu@47.031C soc2@46.312C soc0@44.625C gpu@46.312C tj@47.031C soc1@44.75C VDD_IN 4113mW/4124mW VDD_CPU_GPU_CV 956mW/998mW VDD_SOC 1397mW/1397mW
08-09-2026 22:45:50 RAM 3345/7620MB (lfb 22x4MB) SWAP 2/12002MB (cached 0MB) CPU [0%@1510,0%@1510,0%@1510,0%@1510,0%@1510,1%@1510] GR3D_FREQ 0% cpu@47C soc2@46.437C soc0@44.718C gpu@46.312C tj@47C soc1@44.687C VDD_IN 4113mW/4124mW VDD_CPU_GPU_CV 996mW/998mW VDD_SOC 1397mW/1397mW
08-09-2026 22:45:51 RAM 3345/7620MB (lfb 22x4MB) SWAP 2/12002MB (cached 0MB) CPU [0%@1510,0%@1510,0%@1510,0%@1510,0%@1510,1%@1510] GR3D_FREQ 0% cpu@47.125C soc2@46.406C soc0@44.656C gpu@46.312C tj@47.125C soc1@44.781C VDD_IN 4113mW/4124mW VDD_CPU_GPU_CV 996mW/998mW VDD_SOC 1397mW/1397mW
08-09-2026 22:45:52 RAM 3345/7620MB (lfb 22x4MB) SWAP 2/12002MB (cached 0MB) CPU [1%@1510,1%@1510,0%@1510,0%@1510,0%@1510,1%@1510] GR3D_FREQ 0% cpu@47.093C soc2@46.375C soc0@44.781C gpu@46.375C tj@47.093C soc1@44.593C VDD_IN 4113mW/4124mW VDD_CPU_GPU_CV 996mW/998mW VDD_SOC 1397mW/1397mW
08-09-2026 22:45:53 RAM 3345/7620MB (lfb 22x4MB) SWAP 2/12002MB (cached 0MB) CPU [1%@1510,0%@1510,0%@1510,0%@1510,0%@1510,0%@1510] GR3D_FREQ 0% cpu@47.25C soc2@46.375C soc0@44.687C gpu@46.375C tj@47.25C soc1@44.625C VDD_IN 4113mW/4124mW VDD_CPU_GPU_CV 996mW/998mW VDD_SOC 1397mW/1397mW
08-09-2026 22:45:54 RAM 3345/7620MB (lfb 22x4MB) SWAP 2/12002MB (cached 0MB) CPU [0%@1510,1%@1510,0%@1510,0%@1510,1%@1510,0%@1510] GR3D_FREQ 0% cpu@47.031C soc2@46.375C soc0@44.656C gpu@46.312C tj@46.906C soc1@44.656C VDD_IN 4113mW/4124mW VDD_CPU_GPU_CV 996mW/998mW VDD_SOC 1397mW/1397mW
08-09-2026 22:45:55 RAM 3345/7620MB (lfb 22x4MB) SWAP 2/12002MB (cached 0MB) CPU [0%@1510,1%@1510,1%@1510,1%@1510,0%@1510,1%@1510] GR3D_FREQ 0% cpu@46.906C soc2@46.343C soc0@44.687C gpu@46.375C tj@46.906C soc1@44.593C VDD_IN 4113mW/4124mW VDD_CPU_GPU_CV 996mW/998mW VDD_SOC 1397mW/1397mW
08-09-2026 22:45:56 RAM 3345/7620MB (lfb 22x4MB) SWAP 2/12002MB (cached 0MB) CPU [1%@1510,0%@1510,0%@1510,0%@1510,0%@1510,1%@1510] GR3D_FREQ 0% cpu@47C soc2@46.406C soc0@44.687C gpu@46.468C tj@47C soc1@44.75C VDD_IN 4113mW/4124mW VDD_CPU_GPU_CV 996mW/998mW VDD_SOC 1397mW/1397mW
08-09-2026 22:45:58 RAM 3345/7620MB (lfb 22x4MB) SWAP 2/12002MB (cached 0MB) CPU [1%@1510,0%@1510,0%@1510,1%@1510,2%@1510,1%@1510] GR3D_FREQ 0% cpu@47.093C soc2@46.468C soc0@44.718C gpu@46.375C tj@47.093C soc1@44.843C VDD_IN 4113mW/4124mW VDD_CPU_GPU_CV 996mW/998mW VDD_SOC 1397mW/1397mW
08-09-2026 22:45:59 RAM 3345/7620MB (lfb 22x4MB) SWAP 2/12002MB (cached 0MB) CPU [1%@1510,0%@1510,0%@1510,0%@1510,0%@1510,0%@1510] GR3D_FREQ 0% cpu@47.218C soc2@46.375C soc0@44.75C gpu@46.375C tj@47.218C soc1@44.562C VDD_IN 4120mW/4124mW VDD_CPU_GPU_CV 996mW/998mW VDD_SOC 1397mW/1397mW
08-09-2026 22:46:00 RAM 3345/7620MB (lfb 22x4MB) SWAP 2/12002MB (cached 0MB) CPU [1%@1510,0%@1510,1%@1510,0%@1510,0%@1510,1%@1510] GR3D_FREQ 0% cpu@47.093C soc2@46.375C soc0@44.843C gpu@46.375C tj@47.093C soc1@44.625C VDD_IN 4113mW/4124mW VDD_CPU_GPU_CV 996mW/998mW VDD_SOC 1397mW/1397mW
08-09-2026 22:46:01 RAM 3345/7620MB (lfb 22x4MB) SWAP 2/12002MB (cached 0MB) CPU [1%@1510,0%@1510,0%@1510,0%@1510,0%@1510,0%@1510] GR3D_FREQ 0% cpu@46.875C soc2@46.312C soc0@44.687C gpu@46.375C tj@46.875C soc1@44.656C VDD_IN 4113mW/4124mW VDD_CPU_GPU_CV 996mW/998mW VDD_SOC 1397mW/1397mW
08-09-2026 22:46:02 RAM 3345/7620MB (lfb 22x4MB) SWAP 2/12002MB (cached 0MB) CPU [0%@1510,0%@1510,0%@1510,1%@1510,0%@1510,1%@1510] GR3D_FREQ 0% cpu@46.968C soc2@46.375C soc0@44.718C gpu@46.406C tj@46.968C soc1@44.843C VDD_IN 4113mW/4124mW VDD_CPU_GPU_CV 996mW/998mW VDD_SOC 1397mW/1397mW
08-09-2026 22:46:03 RAM 3345/7620MB (lfb 22x4MB) SWAP 2/12002MB (cached 0MB) CPU [3%@1510,1%@1510,0%@1510,0%@1510,1%@1510,0%@1510] GR3D_FREQ 0% cpu@46.937C soc2@46.375C soc0@44.687C gpu@46.406C tj@46.937C soc1@44.781C VDD_IN 4113mW/4124mW VDD_CPU_GPU_CV 996mW/998mW VDD_SOC 1397mW/1397mW
08-09-2026 22:46:04 RAM 3345/7620MB (lfb 22x4MB) SWAP 2/12002MB (cached 0MB) CPU [0%@1510,0%@1510,0%@1510,0%@1510,1%@1510,1%@1510] GR3D_FREQ 0% cpu@46.937C soc2@46.406C soc0@44.687C gpu@46.375C tj@46.937C soc1@44.781C VDD_IN 4113mW/4124mW VDD_CPU_GPU_CV 996mW/998mW VDD_SOC 1397mW/1397mW
08-09-2026 22:46:05 RAM 3345/7620MB (lfb 22x4MB) SWAP 2/12002MB (cached 0MB) CPU [1%@1510,0%@1510,0%@1510,1%@1510,0%@1510,0%@1510] GR3D_FREQ 0% cpu@47.093C soc2@46.468C soc0@44.781C gpu@46.406C tj@47.093C soc1@44.593C VDD_IN 4113mW/4124mW VDD_CPU_GPU_CV 996mW/998mW VDD_SOC 1397mW/1397mW
08-09-2026 22:46:06 RAM 3345/7620MB (lfb 22x4MB) SWAP 2/12002MB (cached 0MB) CPU [0%@1510,0%@1510,0%@1510,0%@1510,3%@1510,1%@1510] GR3D_FREQ 0% cpu@47.312C soc2@46.375C soc0@44.781C gpu@46.437C tj@47.312C soc1@44.562C VDD_IN 4113mW/4124mW VDD_CPU_GPU_CV 996mW/998mW VDD_SOC 1397mW/1397mW
08-09-2026 22:46:07 RAM 3345/7620MB (lfb 22x4MB) SWAP 2/12002MB (cached 0MB) CPU [1%@1510,0%@1510,0%@1510,0%@1510,0%@1510,0%@1510] GR3D_FREQ 0% cpu@47.093C soc2@46.312C soc0@44.593C gpu@46.468C tj@47.093C soc1@44.531C VDD_IN 4113mW/4124mW VDD_CPU_GPU_CV 996mW/998mW VDD_SOC 1397mW/1397mW
08-09-2026 22:46:08 RAM 3345/7620MB (lfb 22x4MB) SWAP 2/12002MB (cached 0MB) CPU [1%@1510,0%@1510,0%@1510,1%@1510,2%@1510,0%@1510] GR3D_FREQ 0% cpu@47.031C soc2@46.375C soc0@44.625C gpu@46.406C tj@47.031C soc1@44.656C VDD_IN 4113mW/4124mW VDD_CPU_GPU_CV 996mW/998mW VDD_SOC 1397mW/1397mW
08-09-2026 22:46:09 RAM 3345/7620MB (lfb 22x4MB) SWAP 2/12002MB (cached 0MB) CPU [1%@1510,0%@1510,0%@1510,0%@1510,1%@1510,0%@1510] GR3D_FREQ 0% cpu@46.937C soc2@46.5C soc0@44.718C gpu@46.562C tj@46.937C soc1@44.687C VDD_IN 4113mW/4124mW VDD_CPU_GPU_CV 956mW/997mW VDD_SOC 1397mW/1397mW
08-09-2026 22:46:10 RAM 3345/7620MB (lfb 22x4MB) SWAP 2/12002MB (cached 0MB) CPU [1%@1510,1%@1510,0%@1510,0%@1510,2%@1510,1%@1510] GR3D_FREQ 0% cpu@47.093C soc2@46.343C soc0@44.718C gpu@46.437C tj@47.093C soc1@44.812C VDD_IN 4073mW/4123mW VDD_CPU_GPU_CV 956mW/997mW VDD_SOC 1397mW/1397mW
08-09-2026 22:46:11 RAM 3345/7620MB (lfb 22x4MB) SWAP 2/12002MB (cached 0MB) CPU [0%@1510,0%@1510,2%@1510,0%@1510,1%@1510,0%@1510] GR3D_FREQ 0% cpu@47.093C soc2@46.468C soc0@44.75C gpu@46.593C tj@47.093C soc1@44.625C VDD_IN 4113mW/4123mW VDD_CPU_GPU_CV 996mW/997mW VDD_SOC 1397mW/1397mW
08-09-2026 22:46:12 RAM 3345/7620MB (lfb 22x4MB) SWAP 2/12002MB (cached 0MB) CPU [1%@1510,0%@1510,0%@1510,0%@1510,1%@1510,0%@1510] GR3D_FREQ 0% cpu@47.156C soc2@46.406C soc0@44.75C gpu@46.562C tj@47.156C soc1@44.656C VDD_IN 4073mW/4123mW VDD_CPU_GPU_CV 996mW/997mW VDD_SOC 1397mW/1397mW
08-09-2026 22:46:13 RAM 3345/7620MB (lfb 22x4MB) SWAP 2/12002MB (cached 0MB) CPU [0%@1510,1%@1510,0%@1510,0%@1510,1%@1510,0%@1510] GR3D_FREQ 0% cpu@47.031C soc2@46.375C soc0@44.812C gpu@46.562C tj@47.031C soc1@44.656C VDD_IN 4113mW/4123mW VDD_CPU_GPU_CV 996mW/997mW VDD_SOC 1397mW/1397mW
08-09-2026 22:46:14 RAM 3345/7620MB (lfb 22x4MB) SWAP 2/12002MB (cached 0MB) CPU [1%@1510,0%@1510,0%@1510,0%@1510,2%@1510,0%@1510] GR3D_FREQ 0% cpu@47.281C soc2@46.343C soc0@44.625C gpu@46.562C tj@47.281C soc1@44.656C VDD_IN 4113mW/4123mW VDD_CPU_GPU_CV 956mW/997mW VDD_SOC 1397mW/1397mW
08-09-2026 22:46:15 RAM 3345/7620MB (lfb 22x4MB) SWAP 2/12002MB (cached 0MB) CPU [0%@1510,0%@1510,0%@1510,0%@1510,0%@1510,0%@1510] GR3D_FREQ 0% cpu@46.968C soc2@46.375C soc0@44.718C gpu@46.562C tj@46.968C soc1@44.781C VDD_IN 4113mW/4123mW VDD_CPU_GPU_CV 996mW/997mW VDD_SOC 1397mW/1397mW
08-09-2026 22:46:16 RAM 3345/7620MB (lfb 22x4MB) SWAP 2/12002MB (cached 0MB) CPU [0%@1510,0%@1510,0%@1510,0%@1510,2%@1510,0%@1510] GR3D_FREQ 0% cpu@47.093C soc2@46.437C soc0@44.656C gpu@46.625C tj@47.093C soc1@44.75C VDD_IN 4073mW/4123mW VDD_CPU_GPU_CV 956mW/997mW VDD_SOC 1397mW/1397mW
08-09-2026 22:46:17 RAM 3345/7620MB (lfb 22x4MB) SWAP 2/12002MB (cached 0MB) CPU [3%@1510,1%@1510,0%@1510,0%@1510,1%@1510,0%@1510] GR3D_FREQ 0% cpu@47.062C soc2@46.437C soc0@44.687C gpu@46.687C tj@47.25C soc1@44.875C VDD_IN 4113mW/4123mW VDD_CPU_GPU_CV 996mW/997mW VDD_SOC 1397mW/1397mW
08-09-2026 22:46:18 RAM 3345/7620MB (lfb 22x4MB) SWAP 2/12002MB (cached 0MB) CPU [1%@1510,0%@1510,0%@1510,1%@1510,0%@1510,0%@1510] GR3D_FREQ 0% cpu@47.156C soc2@46.375C soc0@44.812C gpu@46.593C tj@47.156C soc1@44.593C VDD_IN 4113mW/4123mW VDD_CPU_GPU_CV 996mW/997mW VDD_SOC 1397mW/1397mW
08-09-2026 22:46:19 RAM 3345/7620MB (lfb 22x4MB) SWAP 2/12002MB (cached 0MB) CPU [0%@1510,0%@1510,0%@1510,0%@1510,0%@1510,0%@1510] GR3D_FREQ 0% cpu@47.312C soc2@46.406C soc0@44.781C gpu@46.656C tj@47.312C soc1@44.656C VDD_IN 4113mW/4123mW VDD_CPU_GPU_CV 996mW/997mW VDD_SOC 1397mW/1397mW
08-09-2026 22:46:20 RAM 3345/7620MB (lfb 22x4MB) SWAP 2/12002MB (cached 0MB) CPU [1%@1510,0%@1510,0%@1510,0%@1510,1%@1510,0%@1510] GR3D_FREQ 0% cpu@47.093C soc2@46.375C soc0@44.656C gpu@46.718C tj@47.093C soc1@44.656C VDD_IN 4113mW/4123mW VDD_CPU_GPU_CV 996mW/997mW VDD_SOC 1397mW/1397mW
08-09-2026 22:46:21 RAM 3345/7620MB (lfb 22x4MB) SWAP 2/12002MB (cached 0MB) CPU [0%@1510,1%@1510,0%@1510,0%@1510,0%@1510,1%@1510] GR3D_FREQ 0% cpu@47.062C soc2@46.437C soc0@44.656C gpu@46.75C tj@47.062C soc1@44.718C VDD_IN 4113mW/4123mW VDD_CPU_GPU_CV 996mW/997mW VDD_SOC 1397mW/1397mW
08-09-2026 22:46:22 RAM 3345/7620MB (lfb 22x4MB) SWAP 2/12002MB (cached 0MB) CPU [1%@1510,0%@1510,0%@1510,0%@1510,1%@1510,0%@1510] GR3D_FREQ 0% cpu@47.062C soc2@46.468C soc0@44.687C gpu@46.812C tj@47.062C soc1@44.75C VDD_IN 4073mW/4122mW VDD_CPU_GPU_CV 996mW/997mW VDD_SOC 1397mW/1397mW
08-09-2026 22:46:23 RAM 3345/7620MB (lfb 22x4MB) SWAP 2/12002MB (cached 0MB) CPU [0%@1510,0%@1510,0%@1510,0%@1510,1%@1510,0%@1510] GR3D_FREQ 0% cpu@47.125C soc2@46.468C soc0@44.781C gpu@46.75C tj@47.125C soc1@44.781C VDD_IN 4113mW/4122mW VDD_CPU_GPU_CV 996mW/997mW VDD_SOC 1397mW/1397mW
08-09-2026 22:46:24 RAM 3345/7620MB (lfb 22x4MB) SWAP 2/12002MB (cached 0MB) CPU [1%@1510,0%@1510,0%@1510,1%@1510,1%@1510,1%@1510] GR3D_FREQ 0% cpu@47.093C soc2@46.468C soc0@44.781C gpu@46.281C tj@47.281C soc1@44.562C VDD_IN 4113mW/4122mW VDD_CPU_GPU_CV 996mW/997mW VDD_SOC 1397mW/1397mW
08-09-2026 22:46:25 RAM 3345/7620MB (lfb 22x4MB) SWAP 2/12002MB (cached 0MB) CPU [0%@1510,0%@1510,0%@1510,0%@1510,0%@1510,1%@1510] GR3D_FREQ 0% cpu@47.125C soc2@46.375C soc0@44.875C gpu@46.375C tj@47.125C soc1@44.687C VDD_IN 4113mW/4122mW VDD_CPU_GPU_CV 996mW/997mW VDD_SOC 1397mW/1397mW
08-09-2026 22:46:26 RAM 3345/7620MB (lfb 22x4MB) SWAP 2/12002MB (cached 0MB) CPU [0%@1510,1%@1510,0%@1510,0%@1510,1%@1510,0%@1510] GR3D_FREQ 0% cpu@47.031C soc2@46.375C soc0@44.656C gpu@46.343C tj@47.031C soc1@44.625C VDD_IN 4113mW/4122mW VDD_CPU_GPU_CV 996mW/997mW VDD_SOC 1397mW/1397mW
08-09-2026 22:46:27 RAM 3345/7620MB (lfb 22x4MB) SWAP 2/12002MB (cached 0MB) CPU [1%@1510,0%@1510,0%@1510,0%@1510,1%@1510,1%@1510] GR3D_FREQ 0% cpu@47.156C soc2@46.437C soc0@44.687C gpu@46.343C tj@47.156C soc1@44.75C VDD_IN 4113mW/4122mW VDD_CPU_GPU_CV 996mW/997mW VDD_SOC 1397mW/1397mW
08-09-2026 22:46:28 RAM 3345/7620MB (lfb 22x4MB) SWAP 2/12002MB (cached 0MB) CPU [1%@1510,1%@1510,0%@1510,0%@1510,1%@1510,1%@1510] GR3D_FREQ 0% cpu@46.968C soc2@46.406C soc0@44.656C gpu@46.281C tj@46.968C soc1@44.656C VDD_IN 4113mW/4122mW VDD_CPU_GPU_CV 996mW/997mW VDD_SOC 1397mW/1397mW
08-09-2026 22:46:29 RAM 3345/7620MB (lfb 22x4MB) SWAP 2/12002MB (cached 0MB) CPU [1%@1510,1%@1510,0%@1510,2%@1510,0%@1510,1%@1510] GR3D_FREQ 0% cpu@47.125C soc2@46.437C soc0@44.781C gpu@46.375C tj@47.125C soc1@44.812C VDD_IN 4113mW/4122mW VDD_CPU_GPU_CV 996mW/997mW VDD_SOC 1397mW/1397mW
08-09-2026 22:46:30 RAM 3345/7620MB (lfb 22x4MB) SWAP 2/12002MB (cached 0MB) CPU [0%@1510,0%@1510,0%@1510,0%@1510,1%@1510,0%@1510] GR3D_FREQ 0% cpu@47.125C soc2@46.437C soc0@44.812C gpu@46.375C tj@47.125C soc1@44.562C VDD_IN 4113mW/4122mW VDD_CPU_GPU_CV 996mW/997mW VDD_SOC 1397mW/1397mW
08-09-2026 22:46:31 RAM 3345/7620MB (lfb 22x4MB) SWAP 2/12002MB (cached 0MB) CPU [2%@1510,1%@1510,0%@1510,1%@1510,1%@1510,0%@1510] GR3D_FREQ 0% cpu@47.437C soc2@46.468C soc0@44.843C gpu@46.343C tj@47.437C soc1@44.625C VDD_IN 4113mW/4122mW VDD_CPU_GPU_CV 996mW/997mW VDD_SOC 1397mW/1397mW
08-09-2026 22:46:32 RAM 3345/7620MB (lfb 22x4MB) SWAP 2/12002MB (cached 0MB) CPU [0%@1510,1%@1510,0%@1510,0%@1510,0%@1510,1%@1510] GR3D_FREQ 0% cpu@47.312C soc2@46.343C soc0@44.75C gpu@46.375C tj@47.312C soc1@44.625C VDD_IN 4113mW/4122mW VDD_CPU_GPU_CV 996mW/997mW VDD_SOC 1397mW/1397mW
08-09-2026 22:46:33 RAM 3345/7620MB (lfb 22x4MB) SWAP 2/12002MB (cached 0MB) CPU [0%@1510,0%@1510,0%@1510,0%@1510,1%@1510,0%@1510] GR3D_FREQ 0% cpu@47.062C soc2@46.437C soc0@44.687C gpu@46.281C tj@47.062C soc1@44.75C VDD_IN 4113mW/4122mW VDD_CPU_GPU_CV 996mW/997mW VDD_SOC 1397mW/1397mW
08-09-2026 22:46:34 RAM 3345/7620MB (lfb 22x4MB) SWAP 2/12002MB (cached 0MB) CPU [1%@1510,1%@1510,0%@1510,1%@1510,1%@1510,0%@1510] GR3D_FREQ 0% cpu@47.156C soc2@46.406C soc0@44.687C gpu@46.375C tj@47.156C soc1@44.843C VDD_IN 4113mW/4122mW VDD_CPU_GPU_CV 996mW/997mW VDD_SOC 1397mW/1397mW
08-09-2026 22:46:35 RAM 3345/7620MB (lfb 22x4MB) SWAP 2/12002MB (cached 0MB) CPU [1%@1510,0%@1510,0%@1510,0%@1510,1%@1510,1%@1510] GR3D_FREQ 0% cpu@47.187C soc2@46.468C soc0@44.75C gpu@46.375C tj@47.187C soc1@44.843C VDD_IN 4113mW/4122mW VDD_CPU_GPU_CV 996mW/997mW VDD_SOC 1397mW/1397mW
08-09-2026 22:46:36 RAM 3345/7620MB (lfb 22x4MB) SWAP 2/12002MB (cached 0MB) CPU [1%@1510,1%@1510,0%@1510,0%@1510,3%@1510,0%@1510] GR3D_FREQ 0% cpu@47.062C soc2@46.437C soc0@44.812C gpu@46.437C tj@47.062C soc1@44.625C VDD_IN 4113mW/4122mW VDD_CPU_GPU_CV 996mW/997mW VDD_SOC 1397mW/1397mW
08-09-2026 22:46:37 RAM 3345/7620MB (lfb 22x4MB) SWAP 2/12002MB (cached 0MB) CPU [0%@1510,0%@1510,0%@1510,0%@1510,0%@1510,1%@1510] GR3D_FREQ 0% cpu@47.281C soc2@46.437C soc0@44.875C gpu@46.406C tj@47.281C soc1@44.562C VDD_IN 4113mW/4122mW VDD_CPU_GPU_CV 996mW/997mW VDD_SOC 1397mW/1397mW
08-09-2026 22:46:38 RAM 3345/7620MB (lfb 22x4MB) SWAP 2/12002MB (cached 0MB) CPU [1%@1510,0%@1510,0%@1510,0%@1510,0%@1510,1%@1510] GR3D_FREQ 0% cpu@47.062C soc2@46.375C soc0@44.687C gpu@46.375C tj@47.062C soc1@44.687C VDD_IN 4113mW/4122mW VDD_CPU_GPU_CV 996mW/997mW VDD_SOC 1397mW/1397mW
08-09-2026 22:46:39 RAM 3345/7620MB (lfb 22x4MB) SWAP 2/12002MB (cached 0MB) CPU [0%@1510,1%@1510,0%@1510,0%@1510,1%@1510,1%@1510] GR3D_FREQ 0% cpu@47.093C soc2@46.406C soc0@44.718C gpu@46.437C tj@47.093C soc1@44.75C VDD_IN 4113mW/4122mW VDD_CPU_GPU_CV 996mW/997mW VDD_SOC 1397mW/1397mW
08-09-2026 22:46:40 RAM 3345/7620MB (lfb 22x4MB) SWAP 2/12002MB (cached 0MB) CPU [1%@1510,0%@1510,0%@1510,0%@1510,0%@1510,0%@1510] GR3D_FREQ 0% cpu@47.031C soc2@46.5C soc0@44.781C gpu@46.468C tj@47.031C soc1@44.812C VDD_IN 4113mW/4122mW VDD_CPU_GPU_CV 996mW/997mW VDD_SOC 1397mW/1397mW
08-09-2026 22:46:41 RAM 3345/7620MB (lfb 22x4MB) SWAP 2/12002MB (cached 0MB) CPU [1%@1510,0%@1510,0%@1510,1%@1510,1%@1510,1%@1510] GR3D_FREQ 0% cpu@47.093C soc2@46.5C soc0@44.718C gpu@46.5C tj@47.093C soc1@44.812C VDD_IN 4113mW/4122mW VDD_CPU_GPU_CV 996mW/997mW VDD_SOC 1397mW/1397mW
08-09-2026 22:46:42 RAM 3345/7620MB (lfb 22x4MB) SWAP 2/12002MB (cached 0MB) CPU [1%@1510,0%@1510,0%@1510,0%@1510,1%@1510,1%@1510] GR3D_FREQ 0% cpu@47.218C soc2@46.406C soc0@44.843C gpu@46.406C tj@47.218C soc1@44.656C VDD_IN 4113mW/4122mW VDD_CPU_GPU_CV 996mW/997mW VDD_SOC 1397mW/1397mW
08-09-2026 22:46:43 RAM 3345/7620MB (lfb 22x4MB) SWAP 2/12002MB (cached 0MB) CPU [0%@1510,0%@1510,0%@1510,0%@1510,0%@1510,0%@1510] GR3D_FREQ 0% cpu@47.093C soc2@46.375C soc0@44.875C gpu@46.781C tj@47.093C soc1@44.625C VDD_IN 4113mW/4122mW VDD_CPU_GPU_CV 996mW/997mW VDD_SOC 1397mW/1397mW
08-09-2026 22:46:44 RAM 3345/7620MB (lfb 22x4MB) SWAP 2/12002MB (cached 0MB) CPU [0%@1510,1%@1510,0%@1510,0%@1510,2%@1510,0%@1510] GR3D_FREQ 0% cpu@47.312C soc2@46.312C soc0@44.593C gpu@46.843C tj@47.312C soc1@44.718C VDD_IN 4113mW/4122mW VDD_CPU_GPU_CV 996mW/997mW VDD_SOC 1397mW/1397mW
08-09-2026 22:46:45 RAM 3345/7620MB (lfb 22x4MB) SWAP 2/12002MB (cached 0MB) CPU [2%@1510,1%@1510,0%@1510,0%@1510,1%@1510,1%@1510] GR3D_FREQ 0% cpu@47.093C soc2@46.437C soc0@44.687C gpu@46.25C tj@47.093C soc1@44.718C VDD_IN 4113mW/4122mW VDD_CPU_GPU_CV 996mW/997mW VDD_SOC 1397mW/1397mW
08-09-2026 22:46:46 RAM 3345/7620MB (lfb 22x4MB) SWAP 2/12002MB (cached 0MB) CPU [0%@1510,0%@1510,0%@1510,0%@1510,2%@1510,1%@1510] GR3D_FREQ 0% cpu@47.093C soc2@46.468C soc0@44.687C gpu@46.375C tj@47.093C soc1@44.781C VDD_IN 4113mW/4122mW VDD_CPU_GPU_CV 996mW/997mW VDD_SOC 1397mW/1397mW
08-09-2026 22:46:47 RAM 3345/7620MB (lfb 22x4MB) SWAP 2/12002MB (cached 0MB) CPU [0%@1510,0%@1510,0%@1510,0%@1510,1%@1510,0%@1510] GR3D_FREQ 0% cpu@47.125C soc2@46.375C soc0@44.75C gpu@46.406C tj@47.25C soc1@44.875C VDD_IN 4113mW/4122mW VDD_CPU_GPU_CV 996mW/997mW VDD_SOC 1397mW/1397mW
08-09-2026 22:46:48 RAM 3345/7620MB (lfb 22x4MB) SWAP 2/12002MB (cached 0MB) CPU [0%@1510,0%@1510,0%@1510,0%@1510,0%@1510,1%@1510] GR3D_FREQ 0% cpu@47.125C soc2@46.375C soc0@44.843C gpu@46.343C tj@47.125C soc1@44.687C VDD_IN 4113mW/4122mW VDD_CPU_GPU_CV 996mW/997mW VDD_SOC 1397mW/1397mW
08-09-2026 22:46:49 RAM 3345/7620MB (lfb 22x4MB) SWAP 2/12002MB (cached 0MB) CPU [1%@1510,0%@1510,0%@1510,0%@1510,2%@1510,1%@1510] GR3D_FREQ 0% cpu@47.343C soc2@46.406C soc0@44.781C gpu@46.25C tj@47.343C soc1@44.687C VDD_IN 4113mW/4121mW VDD_CPU_GPU_CV 996mW/997mW VDD_SOC 1397mW/1397mW
08-09-2026 22:46:50 RAM 3346/7620MB (lfb 22x4MB) SWAP 2/12002MB (cached 0MB) CPU [1%@1510,0%@1510,0%@1510,1%@1510,1%@1510,2%@1510] GR3D_FREQ 0% cpu@47.062C soc2@46.312C soc0@44.625C gpu@46.375C tj@47C soc1@44.593C VDD_IN 4113mW/4121mW VDD_CPU_GPU_CV 996mW/997mW VDD_SOC 1397mW/1397mW
08-09-2026 22:46:51 RAM 3346/7620MB (lfb 22x4MB) SWAP 2/12002MB (cached 0MB) CPU [1%@1510,2%@1510,0%@1510,0%@1510,1%@1510,0%@1510] GR3D_FREQ 0% cpu@46.906C soc2@46.437C soc0@44.687C gpu@46.281C tj@47.031C soc1@44.75C VDD_IN 4113mW/4121mW VDD_CPU_GPU_CV 996mW/997mW VDD_SOC 1397mW/1397mW
08-09-2026 22:46:52 RAM 3346/7620MB (lfb 22x4MB) SWAP 2/12002MB (cached 0MB) CPU [2%@1510,0%@1510,0%@1510,0%@1510,0%@1510,0%@1510] GR3D_FREQ 0% cpu@46.937C soc2@46.406C soc0@44.687C gpu@46.375C tj@46.937C soc1@44.75C VDD_IN 4113mW/4121mW VDD_CPU_GPU_CV 996mW/997mW VDD_SOC 1397mW/1397mW
08-09-2026 22:46:53 RAM 3346/7620MB (lfb 22x4MB) SWAP 2/12002MB (cached 0MB) CPU [0%@1510,1%@1510,1%@1510,0%@1510,0%@1510,1%@1510] GR3D_FREQ 0% cpu@47.093C soc2@46.406C soc0@44.75C gpu@46.375C tj@47.093C soc1@44.843C VDD_IN 4113mW/4121mW VDD_CPU_GPU_CV 996mW/997mW VDD_SOC 1397mW/1397mW
08-09-2026 22:46:54 RAM 3346/7620MB (lfb 22x4MB) SWAP 2/12002MB (cached 0MB) CPU [1%@1510,0%@1510,0%@1510,0%@1510,1%@1510,0%@1510] GR3D_FREQ 0% cpu@47.281C soc2@46.375C soc0@44.781C gpu@46.343C tj@47.281C soc1@44.625C VDD_IN 4113mW/4121mW VDD_CPU_GPU_CV 996mW/997mW VDD_SOC 1397mW/1397mW
08-09-2026 22:46:55 RAM 3346/7620MB (lfb 22x4MB) SWAP 2/12002MB (cached 0MB) CPU [1%@1510,0%@1510,0%@1510,0%@1510,1%@1510,0%@1510] GR3D_FREQ 0% cpu@47.125C soc2@46.375C soc0@44.843C gpu@46.343C tj@47.062C soc1@44.656C VDD_IN 4113mW/4121mW VDD_CPU_GPU_CV 996mW/997mW VDD_SOC 1397mW/1397mW
08-09-2026 22:46:56 RAM 3346/7620MB (lfb 22x4MB) SWAP 2/12002MB (cached 0MB) CPU [1%@1510,0%@1510,0%@1510,0%@1510,1%@1510,0%@1510] GR3D_FREQ 0% cpu@47.375C soc2@46.406C soc0@44.593C gpu@46.375C tj@47.375C soc1@44.687C VDD_IN 4113mW/4121mW VDD_CPU_GPU_CV 996mW/997mW VDD_SOC 1397mW/1397mW
08-09-2026 22:46:57 RAM 3346/7620MB (lfb 22x4MB) SWAP 2/12002MB (cached 0MB) CPU [0%@1510,0%@1510,0%@1510,0%@1510,1%@1510,0%@1510] GR3D_FREQ 0% cpu@47.062C soc2@46.375C soc0@44.656C gpu@46.375C tj@47.062C soc1@44.687C VDD_IN 4113mW/4121mW VDD_CPU_GPU_CV 996mW/997mW VDD_SOC 1397mW/1397mW
08-09-2026 22:46:58 RAM 3346/7620MB (lfb 22x4MB) SWAP 2/12002MB (cached 0MB) CPU [0%@1510,0%@1510,0%@1510,0%@1510,1%@1510,0%@1510] GR3D_FREQ 0% cpu@47.093C soc2@46.375C soc0@44.75C gpu@46.375C tj@47.093C soc1@44.75C VDD_IN 4113mW/4121mW VDD_CPU_GPU_CV 996mW/997mW VDD_SOC 1397mW/1397mW
08-09-2026 22:46:59 RAM 3346/7620MB (lfb 22x4MB) SWAP 2/12002MB (cached 0MB) CPU [1%@1510,1%@1510,0%@1510,0%@1510,1%@1510,0%@1510] GR3D_FREQ 0% cpu@47.031C soc2@46.406C soc0@44.718C gpu@46.375C tj@47.031C soc1@44.562C VDD_IN 4113mW/4121mW VDD_CPU_GPU_CV 996mW/997mW VDD_SOC 1397mW/1397mW
08-09-2026 22:47:00 RAM 3346/7620MB (lfb 22x4MB) SWAP 2/12002MB (cached 0MB) CPU [1%@1510,1%@1510,1%@1510,0%@1510,0%@1510,0%@1510] GR3D_FREQ 0% cpu@47.093C soc2@46.375C soc0@44.781C gpu@46.312C tj@47.093C soc1@44.625C VDD_IN 4113mW/4121mW VDD_CPU_GPU_CV 996mW/997mW VDD_SOC 1397mW/1397mW
08-09-2026 22:47:01 RAM 3346/7620MB (lfb 22x4MB) SWAP 2/12002MB (cached 0MB) CPU [0%@1510,0%@1510,0%@1510,0%@1510,1%@1510,0%@1510] GR3D_FREQ 0% cpu@47.343C soc2@46.375C soc0@44.625C gpu@46.437C tj@47.343C soc1@44.656C VDD_IN 4113mW/4121mW VDD_CPU_GPU_CV 996mW/997mW VDD_SOC 1397mW/1397mW
08-09-2026 22:47:02 RAM 3346/7620MB (lfb 22x4MB) SWAP 2/12002MB (cached 0MB) CPU [1%@1510,1%@1510,0%@1510,0%@1510,1%@1510,0%@1510] GR3D_FREQ 0% cpu@47.156C soc2@46.375C soc0@44.625C gpu@46.625C tj@47.156C soc1@44.656C VDD_IN 4113mW/4121mW VDD_CPU_GPU_CV 996mW/997mW VDD_SOC 1397mW/1397mW
08-09-2026 22:47:03 RAM 3346/7620MB (lfb 22x4MB) SWAP 2/12002MB (cached 0MB) CPU [1%@1510,0%@1510,0%@1510,0%@1510,0%@1510,0%@1510] GR3D_FREQ 0% cpu@46.781C soc2@46.343C soc0@44.656C gpu@46.75C tj@46.781C soc1@44.75C VDD_IN 4113mW/4121mW VDD_CPU_GPU_CV 996mW/997mW VDD_SOC 1397mW/1397mW
08-09-2026 22:47:04 RAM 3346/7620MB (lfb 22x4MB) SWAP 2/12002MB (cached 0MB) CPU [1%@1510,1%@1510,1%@1510,1%@1510,1%@1510,0%@1510] GR3D_FREQ 0% cpu@46.968C soc2@46.468C soc0@44.75C gpu@46.781C tj@46.968C soc1@44.781C VDD_IN 4113mW/4121mW VDD_CPU_GPU_CV 996mW/997mW VDD_SOC 1397mW/1397mW
08-09-2026 22:47:05 RAM 3346/7620MB (lfb 22x4MB) SWAP 2/12002MB (cached 0MB) CPU [0%@1510,0%@1510,1%@1510,0%@1510,3%@1510,0%@1510] GR3D_FREQ 0% cpu@47.093C soc2@46.437C soc0@44.718C gpu@46.843C tj@47.093C soc1@44.562C VDD_IN 4113mW/4121mW VDD_CPU_GPU_CV 996mW/997mW VDD_SOC 1397mW/1397mW
08-09-2026 22:47:06 RAM 3346/7620MB (lfb 22x4MB) SWAP 2/12002MB (cached 0MB) CPU [0%@1510,1%@1510,0%@1510,0%@1510,0%@1510,0%@1510] GR3D_FREQ 0% cpu@47.343C soc2@46.375C soc0@44.812C gpu@46.281C tj@47.343C soc1@44.625C VDD_IN 4113mW/4121mW VDD_CPU_GPU_CV 996mW/997mW VDD_SOC 1397mW/1397mW
08-09-2026 22:47:07 RAM 3345/7620MB (lfb 22x4MB) SWAP 2/12002MB (cached 0MB) CPU [1%@1510,0%@1510,0%@1510,0%@1510,0%@1510,0%@1510] GR3D_FREQ 0% cpu@47.218C soc2@46.343C soc0@44.593C gpu@46.343C tj@47.218C soc1@44.656C VDD_IN 4113mW/4121mW VDD_CPU_GPU_CV 956mW/997mW VDD_SOC 1397mW/1397mW
08-09-2026 22:47:08 RAM 3345/7620MB (lfb 22x4MB) SWAP 2/12002MB (cached 0MB) CPU [0%@1510,0%@1510,1%@1510,0%@1510,1%@1510,0%@1510] GR3D_FREQ 0% cpu@46.968C soc2@46.406C soc0@44.656C gpu@46.312C tj@46.875C soc1@44.625C VDD_IN 4113mW/4121mW VDD_CPU_GPU_CV 996mW/997mW VDD_SOC 1397mW/1397mW
08-09-2026 22:47:09 RAM 3345/7620MB (lfb 22x4MB) SWAP 2/12002MB (cached 0MB) CPU [1%@1510,2%@1510,0%@1510,0%@1510,0%@1510,0%@1510] GR3D_FREQ 0% cpu@46.937C soc2@46.375C soc0@44.656C gpu@46.312C tj@46.937C soc1@44.687C VDD_IN 4113mW/4121mW VDD_CPU_GPU_CV 996mW/997mW VDD_SOC 1397mW/1397mW
08-09-2026 22:47:10 RAM 3345/7620MB (lfb 22x4MB) SWAP 2/12002MB (cached 0MB) CPU [0%@1510,0%@1510,4%@1510,0%@1510,0%@1510,0%@1510] GR3D_FREQ 0% cpu@47.062C soc2@46.468C soc0@44.75C gpu@46.281C tj@47.062C soc1@44.781C VDD_IN 4113mW/4121mW VDD_CPU_GPU_CV 996mW/997mW VDD_SOC 1397mW/1397mW
08-09-2026 22:47:11 RAM 3345/7620MB (lfb 22x4MB) SWAP 2/12002MB (cached 0MB) CPU [0%@1510,1%@1510,0%@1510,0%@1510,1%@1510,1%@1510] GR3D_FREQ 0% cpu@46.937C soc2@46.343C soc0@44.781C gpu@46.218C tj@46.937C soc1@44.593C VDD_IN 4113mW/4121mW VDD_CPU_GPU_CV 996mW/997mW VDD_SOC 1397mW/1397mW
08-09-2026 22:47:12 RAM 3345/7620MB (lfb 22x4MB) SWAP 2/12002MB (cached 0MB) CPU [0%@1510,0%@1510,1%@1510,0%@1510,0%@1510,0%@1510] GR3D_FREQ 0% cpu@47.125C soc2@46.343C soc0@44.812C gpu@46.375C tj@47.125C soc1@44.562C VDD_IN 4073mW/4121mW VDD_CPU_GPU_CV 996mW/997mW VDD_SOC 1397mW/1397mW
08-09-2026 22:47:13 RAM 3345/7620MB (lfb 22x4MB) SWAP 2/12002MB (cached 0MB) CPU [1%@1510,0%@1510,0%@1510,0%@1510,1%@1510,0%@1510] GR3D_FREQ 0% cpu@46.906C soc2@46.312C soc0@44.656C gpu@46.343C tj@46.906C soc1@44.625C VDD_IN 4113mW/4121mW VDD_CPU_GPU_CV 996mW/997mW VDD_SOC 1397mW/1397mW
08-09-2026 22:47:14 RAM 3345/7620MB (lfb 22x4MB) SWAP 2/12002MB (cached 0MB) CPU [0%@1510,2%@1510,0%@1510,0%@1510,0%@1510,0%@1510] GR3D_FREQ 0% cpu@46.968C soc2@46.312C soc0@44.656C gpu@46.343C tj@46.968C soc1@44.656C VDD_IN 4113mW/4121mW VDD_CPU_GPU_CV 996mW/997mW VDD_SOC 1397mW/1397mW
08-09-2026 22:47:15 RAM 3345/7620MB (lfb 22x4MB) SWAP 2/12002MB (cached 0MB) CPU [0%@1510,1%@1510,1%@1510,0%@1510,1%@1510,0%@1510] GR3D_FREQ 0% cpu@46.906C soc2@46.343C soc0@44.625C gpu@46.312C tj@46.906C soc1@44.75C VDD_IN 4113mW/4121mW VDD_CPU_GPU_CV 996mW/997mW VDD_SOC 1397mW/1397mW
08-09-2026 22:47:16 RAM 3345/7620MB (lfb 22x4MB) SWAP 2/12002MB (cached 0MB) CPU [0%@1510,0%@1510,1%@1510,0%@1510,1%@1510,0%@1510] GR3D_FREQ 0% cpu@47.031C soc2@46.437C soc0@44.625C gpu@46.281C tj@47.031C soc1@44.75C VDD_IN 4113mW/4121mW VDD_CPU_GPU_CV 996mW/997mW VDD_SOC 1397mW/1397mW
08-09-2026 22:47:17 RAM 3345/7620MB (lfb 22x4MB) SWAP 2/12002MB (cached 0MB) CPU [0%@1510,1%@1510,0%@1510,0%@1510,0%@1510,0%@1510] GR3D_FREQ 0% cpu@47.093C soc2@46.343C soc0@44.687C gpu@46.281C tj@47.093C soc1@44.5C VDD_IN 4113mW/4121mW VDD_CPU_GPU_CV 996mW/997mW VDD_SOC 1397mW/1397mW
08-09-2026 22:47:18 RAM 3345/7620MB (lfb 22x4MB) SWAP 2/12002MB (cached 0MB) CPU [2%@1510,1%@1510,1%@1510,2%@1510,1%@1510,0%@1510] GR3D_FREQ 0% cpu@46.937C soc2@46.281C soc0@44.625C gpu@46.343C tj@46.937C soc1@44.562C VDD_IN 4113mW/4121mW VDD_CPU_GPU_CV 996mW/997mW VDD_SOC 1397mW/1397mW
08-09-2026 22:47:19 RAM 3345/7620MB (lfb 22x4MB) SWAP 2/12002MB (cached 0MB) CPU [0%@1510,0%@1510,0%@1510,0%@1510,0%@1510,0%@1510] GR3D_FREQ 0% cpu@47.281C soc2@46.25C soc0@44.531C gpu@46.312C tj@47.281C soc1@44.593C VDD_IN 4113mW/4121mW VDD_CPU_GPU_CV 996mW/997mW VDD_SOC 1397mW/1397mW
08-09-2026 22:47:20 RAM 3345/7620MB (lfb 22x4MB) SWAP 2/12002MB (cached 0MB) CPU [0%@1510,1%@1510,0%@1510,0%@1510,1%@1510,0%@1510] GR3D_FREQ 0% cpu@46.812C soc2@46.312C soc0@44.625C gpu@46.531C tj@46.812C soc1@44.656C VDD_IN 4113mW/4120mW VDD_CPU_GPU_CV 996mW/997mW VDD_SOC 1397mW/1397mW
08-09-2026 22:47:21 RAM 3345/7620MB (lfb 22x4MB) SWAP 2/12002MB (cached 0MB) CPU [0%@1510,2%@1510,0%@1510,0%@1510,0%@1510,0%@1510] GR3D_FREQ 0% cpu@46.968C soc2@46.343C soc0@44.562C gpu@46.531C tj@46.968C soc1@44.656C VDD_IN 4073mW/4120mW VDD_CPU_GPU_CV 996mW/997mW VDD_SOC 1397mW/1397mW
08-09-2026 22:47:22 RAM 3345/7620MB (lfb 22x4MB) SWAP 2/12002MB (cached 0MB) CPU [0%@1510,1%@1510,0%@1510,0%@1510,0%@1510,0%@1510] GR3D_FREQ 0% cpu@47.093C soc2@46.343C soc0@44.593C gpu@46.531C tj@47.093C soc1@44.718C VDD_IN 4073mW/4120mW VDD_CPU_GPU_CV 956mW/996mW VDD_SOC 1397mW/1397mW
08-09-2026 22:47:23 RAM 3345/7620MB (lfb 22x4MB) SWAP 2/12002MB (cached 0MB) CPU [2%@1510,0%@1510,0%@1510,0%@1510,1%@1510,0%@1510] GR3D_FREQ 0% cpu@47C soc2@46.312C soc0@44.625C gpu@46.625C tj@47C soc1@44.406C VDD_IN 4113mW/4120mW VDD_CPU_GPU_CV 996mW/996mW VDD_SOC 1397mW/1397mW
08-09-2026 22:47:24 RAM 3345/7620MB (lfb 22x4MB) SWAP 2/12002MB (cached 0MB) CPU [0%@1510,0%@1510,0%@1510,1%@1510,0%@1510,0%@1510] GR3D_FREQ 0% cpu@47.093C soc2@46.343C soc0@44.562C gpu@46.625C tj@47.093C soc1@44.531C VDD_IN 4113mW/4120mW VDD_CPU_GPU_CV 996mW/996mW VDD_SOC 1397mW/1397mW
08-09-2026 22:47:25 RAM 3345/7620MB (lfb 22x4MB) SWAP 2/12002MB (cached 0MB) CPU [0%@1510,1%@1510,1%@1510,0%@1510,0%@1510,0%@1510] GR3D_FREQ 0% cpu@46.843C soc2@46.25C soc0@44.531C gpu@46.656C tj@46.843C soc1@44.562C VDD_IN 4113mW/4120mW VDD_CPU_GPU_CV 996mW/996mW VDD_SOC 1397mW/1397mW
08-09-2026 22:47:26 RAM 3345/7620MB (lfb 22x4MB) SWAP 2/12002MB (cached 0MB) CPU [1%@1510,1%@1510,0%@1510,0%@1510,1%@1510,2%@1510] GR3D_FREQ 0% cpu@46.843C soc2@46.281C soc0@44.531C gpu@46.187C tj@46.843C soc1@44.562C VDD_IN 4113mW/4120mW VDD_CPU_GPU_CV 996mW/996mW VDD_SOC 1397mW/1397mW
08-09-2026 22:47:27 RAM 3345/7620MB (lfb 22x4MB) SWAP 2/12002MB (cached 0MB) CPU [0%@1510,0%@1510,0%@1510,0%@1510,1%@1510,0%@1510] GR3D_FREQ 0% cpu@46.875C soc2@46.343C soc0@44.625C gpu@46.156C tj@46.875C soc1@44.625C VDD_IN 4073mW/4120mW VDD_CPU_GPU_CV 996mW/996mW VDD_SOC 1397mW/1397mW
08-09-2026 22:47:28 RAM 3345/7620MB (lfb 22x4MB) SWAP 2/12002MB (cached 0MB) CPU [1%@1510,0%@1510,0%@1510,0%@1510,1%@1510,0%@1510] GR3D_FREQ 0% cpu@46.937C soc2@46.343C soc0@44.625C gpu@46.125C tj@46.937C soc1@44.468C VDD_IN 4113mW/4120mW VDD_CPU_GPU_CV 996mW/996mW VDD_SOC 1397mW/1397mW
08-09-2026 22:47:29 RAM 3345/7620MB (lfb 22x4MB) SWAP 2/12002MB (cached 0MB) CPU [0%@1510,1%@1510,0%@1510,0%@1510,0%@1510,0%@1510] GR3D_FREQ 0% cpu@47.187C soc2@46.187C soc0@44.656C gpu@46.156C tj@47.187C soc1@44.562C VDD_IN 4113mW/4120mW VDD_CPU_GPU_CV 996mW/996mW VDD_SOC 1397mW/1397mW
08-09-2026 22:47:30 RAM 3345/7620MB (lfb 22x4MB) SWAP 2/12002MB (cached 0MB) CPU [1%@1510,1%@1510,1%@1510,0%@1510,0%@1510,0%@1510] GR3D_FREQ 0% cpu@47C soc2@46.281C soc0@44.718C gpu@46.218C tj@47C soc1@44.5C VDD_IN 4073mW/4120mW VDD_CPU_GPU_CV 996mW/996mW VDD_SOC 1397mW/1397mW
08-09-2026 22:47:31 RAM 3345/7620MB (lfb 22x4MB) SWAP 2/12002MB (cached 0MB) CPU [0%@1510,0%@1510,0%@1510,0%@1510,1%@1510,1%@1510] GR3D_FREQ 0% cpu@47.187C soc2@46.25C soc0@44.5C gpu@46.125C tj@47.187C soc1@44.593C VDD_IN 4113mW/4120mW VDD_CPU_GPU_CV 996mW/996mW VDD_SOC 1397mW/1397mW
08-09-2026 22:47:32 RAM 3345/7620MB (lfb 22x4MB) SWAP 2/12002MB (cached 0MB) CPU [2%@1510,0%@1510,0%@1510,0%@1510,0%@1510,0%@1510] GR3D_FREQ 0% cpu@46.937C soc2@46.281C soc0@44.5C gpu@46.218C tj@46.937C soc1@44.562C VDD_IN 4073mW/4120mW VDD_CPU_GPU_CV 996mW/996mW VDD_SOC 1397mW/1397mW
08-09-2026 22:47:33 RAM 3345/7620MB (lfb 22x4MB) SWAP 2/12002MB (cached 0MB) CPU [1%@1510,0%@1510,0%@1510,1%@1510,1%@1510,0%@1510] GR3D_FREQ 0% cpu@46.906C soc2@46.281C soc0@44.593C gpu@46.281C tj@46.906C soc1@44.562C VDD_IN 4113mW/4120mW VDD_CPU_GPU_CV 996mW/996mW VDD_SOC 1397mW/1397mW
08-09-2026 22:47:34 RAM 3230/7620MB (lfb 22x4MB) SWAP 2/12002MB (cached 0MB) CPU [61%@1510,4%@1510,10%@1510,3%@1510,17%@1510,24%@1510] GR3D_FREQ 0% cpu@47.093C soc2@46.375C soc0@44.625C gpu@46.218C tj@47.406C soc1@44.468C VDD_IN 4888mW/4122mW VDD_CPU_GPU_CV 1349mW/997mW VDD_SOC 1510mW/1397mW
08-09-2026 22:47:35 RAM 3022/7620MB (lfb 26x4MB) SWAP 2/12002MB (cached 0MB) CPU [4%@1510,0%@1510,0%@1510,3%@1510,0%@1510,1%@1510] GR3D_FREQ 0% cpu@47.062C soc2@46.312C soc0@44.781C gpu@46.312C tj@47.062C soc1@44.531C VDD_IN 4193mW/4122mW VDD_CPU_GPU_CV 1036mW/998mW VDD_SOC 1397mW/1397mW
08-09-2026 22:47:36 RAM 3022/7620MB (lfb 26x4MB) SWAP 2/12002MB (cached 0MB) CPU [2%@1510,0%@1510,1%@1510,0%@1510,1%@1510,0%@1510] GR3D_FREQ 0% cpu@47.25C soc2@46.281C soc0@44.562C gpu@46.218C tj@47.25C soc1@44.531C VDD_IN 4113mW/4122mW VDD_CPU_GPU_CV 996mW/998mW VDD_SOC 1397mW/1397mW
08-09-2026 22:47:37 RAM 3022/7620MB (lfb 26x4MB) SWAP 2/12002MB (cached 0MB) CPU [0%@1510,1%@1510,0%@1510,2%@1510,0%@1510,0%@1510] GR3D_FREQ 0% cpu@46.937C soc2@46.312C soc0@44.531C gpu@46.25C tj@46.937C soc1@44.625C VDD_IN 4073mW/4122mW VDD_CPU_GPU_CV 956mW/997mW VDD_SOC 1397mW/1397mW
08-09-2026 22:47:38 RAM 3022/7620MB (lfb 26x4MB) SWAP 2/12002MB (cached 0MB) CPU [0%@1510,0%@1510,1%@1510,0%@1510,0%@1510,0%@1510] GR3D_FREQ 0% cpu@46.843C soc2@46.343C soc0@44.562C gpu@46.25C tj@47C soc1@44.656C VDD_IN 4073mW/4122mW VDD_CPU_GPU_CV 956mW/997mW VDD_SOC 1397mW/1397mW
08-09-2026 22:47:39 RAM 3022/7620MB (lfb 26x4MB) SWAP 2/12002MB (cached 0MB) CPU [1%@1510,2%@1510,0%@1510,0%@1510,0%@1510,0%@1510] GR3D_FREQ 0% cpu@46.906C soc2@46.375C soc0@44.531C gpu@46.312C tj@46.906C soc1@44.718C VDD_IN 4080mW/4122mW VDD_CPU_GPU_CV 956mW/997mW VDD_SOC 1397mW/1397mW
