08-09-2026 23:54:16 RAM 3069/7620MB (lfb 23x4MB) SWAP 2/12002MB (cached 0MB) CPU [1%@1510,0%@1510,0%@1510,0%@1510,0%@1510,0%@1510] GR3D_FREQ 0% cpu@46.937C soc2@46.031C soc0@44.437C gpu@46.312C tj@46.937C soc1@44.281C VDD_IN 4153mW/4153mW VDD_CPU_GPU_CV 996mW/996mW VDD_SOC 1397mW/1397mW
08-09-2026 23:54:17 RAM 3070/7620MB (lfb 23x4MB) SWAP 2/12002MB (cached 0MB) CPU [1%@1510,0%@1510,1%@1510,1%@1510,3%@1510,1%@1510] GR3D_FREQ 0% cpu@46.718C soc2@45.937C soc0@44.468C gpu@46.343C tj@46.718C soc1@44.25C VDD_IN 4153mW/4153mW VDD_CPU_GPU_CV 996mW/996mW VDD_SOC 1397mW/1397mW
08-09-2026 23:54:18 RAM 3069/7620MB (lfb 23x4MB) SWAP 2/12002MB (cached 0MB) CPU [0%@1510,0%@1510,1%@1510,0%@1510,1%@1510,0%@1510] GR3D_FREQ 0% cpu@47.062C soc2@45.906C soc0@44.375C gpu@46.375C tj@47.062C soc1@44.312C VDD_IN 4113mW/4139mW VDD_CPU_GPU_CV 996mW/996mW VDD_SOC 1397mW/1397mW
08-09-2026 23:54:19 RAM 3069/7620MB (lfb 23x4MB) SWAP 2/12002MB (cached 0MB) CPU [0%@1510,1%@1510,0%@1510,0%@1510,0%@1510,0%@1510] GR3D_FREQ 0% cpu@46.531C soc2@46.031C soc0@44.375C gpu@46.375C tj@46.531C soc1@44.375C VDD_IN 4113mW/4133mW VDD_CPU_GPU_CV 996mW/996mW VDD_SOC 1397mW/1397mW
08-09-2026 23:54:20 RAM 3069/7620MB (lfb 23x4MB) SWAP 2/12002MB (cached 0MB) CPU [1%@1510,0%@1510,0%@1510,0%@1510,0%@1510,0%@1510] GR3D_FREQ 0% cpu@46.687C soc2@46.031C soc0@44.375C gpu@46.375C tj@46.687C soc1@44.468C VDD_IN 4113mW/4129mW VDD_CPU_GPU_CV 996mW/996mW VDD_SOC 1397mW/1397mW
08-09-2026 23:54:21 RAM 3069/7620MB (lfb 23x4MB) SWAP 2/12002MB (cached 0MB) CPU [1%@1510,2%@1510,1%@1510,0%@1510,0%@1510,0%@1510] GR3D_FREQ 0% cpu@46.593C soc2@46.125C soc0@44.375C gpu@46.375C tj@46.843C soc1@44.218C VDD_IN 4113mW/4126mW VDD_CPU_GPU_CV 996mW/996mW VDD_SOC 1397mW/1397mW
08-09-2026 23:54:22 RAM 3069/7620MB (lfb 23x4MB) SWAP 2/12002MB (cached 0MB) CPU [1%@1510,0%@1510,0%@1510,0%@1510,0%@1510,0%@1510] GR3D_FREQ 0% cpu@46.781C soc2@46C soc0@44.468C gpu@46.406C tj@46.781C soc1@44.218C VDD_IN 4113mW/4124mW VDD_CPU_GPU_CV 996mW/996mW VDD_SOC 1397mW/1397mW
08-09-2026 23:54:23 RAM 3069/7620MB (lfb 23x4MB) SWAP 2/12002MB (cached 0MB) CPU [0%@1510,0%@1510,1%@1510,0%@1510,1%@1510,0%@1510] GR3D_FREQ 0% cpu@46.937C soc2@45.968C soc0@44.312C gpu@46.406C tj@46.937C soc1@44.312C VDD_IN 4113mW/4123mW VDD_CPU_GPU_CV 996mW/996mW VDD_SOC 1397mW/1397mW
08-09-2026 23:54:24 RAM 3069/7620MB (lfb 23x4MB) SWAP 2/12002MB (cached 0MB) CPU [1%@1510,0%@1510,0%@1510,1%@1510,0%@1510,0%@1510] GR3D_FREQ 0% cpu@46.593C soc2@45.968C soc0@44.281C gpu@45.875C tj@46.593C soc1@44.25C VDD_IN 4113mW/4121mW VDD_CPU_GPU_CV 996mW/996mW VDD_SOC 1397mW/1397mW
08-09-2026 23:54:25 RAM 3069/7620MB (lfb 23x4MB) SWAP 2/12002MB (cached 0MB) CPU [1%@1510,0%@1510,1%@1510,0%@1510,0%@1510,0%@1510] GR3D_FREQ 0% cpu@46.656C soc2@45.968C soc0@44.281C gpu@46C tj@46.718C soc1@44.375C VDD_IN 4113mW/4121mW VDD_CPU_GPU_CV 996mW/996mW VDD_SOC 1397mW/1397mW
08-09-2026 23:54:26 RAM 3070/7620MB (lfb 23x4MB) SWAP 2/12002MB (cached 0MB) CPU [1%@1510,0%@1510,0%@1510,0%@1510,0%@1510,0%@1510] GR3D_FREQ 0% cpu@46.625C soc2@46.093C soc0@44.312C gpu@46.031C tj@46.625C soc1@44.406C VDD_IN 4113mW/4120mW VDD_CPU_GPU_CV 996mW/996mW VDD_SOC 1397mW/1397mW
08-09-2026 23:54:27 RAM 3070/7620MB (lfb 23x4MB) SWAP 2/12002MB (cached 0MB) CPU [1%@1510,0%@1510,1%@1510,0%@1510,0%@1510,0%@1510] GR3D_FREQ 0% cpu@46.687C soc2@46.062C soc0@44.406C gpu@46.125C tj@46.687C soc1@44.218C VDD_IN 4073mW/4116mW VDD_CPU_GPU_CV 956mW/992mW VDD_SOC 1397mW/1397mW
08-09-2026 23:54:28 RAM 3070/7620MB (lfb 23x4MB) SWAP 2/12002MB (cached 0MB) CPU [0%@1510,1%@1510,1%@1510,0%@1510,0%@1510,0%@1510] GR3D_FREQ 0% cpu@46.875C soc2@45.968C soc0@44.5C gpu@46.125C tj@46.875C soc1@44.25C VDD_IN 4113mW/4116mW VDD_CPU_GPU_CV 996mW/992mW VDD_SOC 1397mW/1397mW
08-09-2026 23:54:29 RAM 3070/7620MB (lfb 23x4MB) SWAP 2/12002MB (cached 0MB) CPU [1%@1510,0%@1510,0%@1510,0%@1510,0%@1510,0%@1510] GR3D_FREQ 0% cpu@46.75C soc2@45.968C soc0@44.312C gpu@46.062C tj@46.75C soc1@44.343C VDD_IN 4113mW/4115mW VDD_CPU_GPU_CV 996mW/993mW VDD_SOC 1397mW/1397mW
08-09-2026 23:54:30 RAM 3070/7620MB (lfb 23x4MB) SWAP 2/12002MB (cached 0MB) CPU [1%@1510,0%@1510,1%@1510,0%@1510,0%@1510,0%@1510] GR3D_FREQ 0% cpu@46.593C soc2@45.937C soc0@44.281C gpu@46.093C tj@46.531C soc1@44.312C VDD_IN 4113mW/4115mW VDD_CPU_GPU_CV 996mW/993mW VDD_SOC 1397mW/1397mW
08-09-2026 23:54:31 RAM 3070/7620MB (lfb 23x4MB) SWAP 2/12002MB (cached 0MB) CPU [1%@1510,0%@1510,1%@1510,0%@1510,0%@1510,0%@1510] GR3D_FREQ 0% cpu@46.687C soc2@46.031C soc0@44.25C gpu@46.156C tj@46.687C soc1@44.281C VDD_IN 4113mW/4115mW VDD_CPU_GPU_CV 996mW/993mW VDD_SOC 1397mW/1397mW
08-09-2026 23:54:32 RAM 3070/7620MB (lfb 23x4MB) SWAP 2/12002MB (cached 0MB) CPU [0%@1510,1%@1510,0%@1510,0%@1510,0%@1510,0%@1510] GR3D_FREQ 0% cpu@46.656C soc2@46C soc0@44.406C gpu@46.218C tj@46.656C soc1@44.375C VDD_IN 4113mW/4115mW VDD_CPU_GPU_CV 996mW/993mW VDD_SOC 1397mW/1397mW
08-09-2026 23:54:33 RAM 3070/7620MB (lfb 23x4MB) SWAP 2/12002MB (cached 0MB) CPU [1%@1510,1%@1510,1%@1510,0%@1510,1%@1510,0%@1510] GR3D_FREQ 0% cpu@46.656C soc2@46C soc0@44.375C gpu@46.156C tj@46.656C soc1@44.437C VDD_IN 4113mW/4115mW VDD_CPU_GPU_CV 996mW/993mW VDD_SOC 1397mW/1397mW
08-09-2026 23:54:34 RAM 3070/7620MB (lfb 23x4MB) SWAP 2/12002MB (cached 0MB) CPU [0%@1510,0%@1510,0%@1510,0%@1510,0%@1510,0%@1510] GR3D_FREQ 0% cpu@46.687C soc2@45.937C soc0@44.406C gpu@46.031C tj@46.687C soc1@44.218C VDD_IN 4073mW/4113mW VDD_CPU_GPU_CV 956mW/991mW VDD_SOC 1397mW/1397mW
08-09-2026 23:54:35 RAM 3070/7620MB (lfb 23x4MB) SWAP 2/12002MB (cached 0MB) CPU [1%@1510,0%@1510,0%@1510,0%@1510,0%@1510,0%@1510] GR3D_FREQ 0% cpu@46.937C soc2@46C soc0@44.343C gpu@46.062C tj@46.937C soc1@44.218C VDD_IN 4073mW/4111mW VDD_CPU_GPU_CV 956mW/990mW VDD_SOC 1397mW/1397mW
08-09-2026 23:54:36 RAM 3070/7620MB (lfb 23x4MB) SWAP 2/12002MB (cached 0MB) CPU [1%@1510,1%@1510,0%@1510,0%@1510,0%@1510,0%@1510] GR3D_FREQ 0% cpu@46.562C soc2@45.937C soc0@44.343C gpu@46.093C tj@46.562C soc1@44.375C VDD_IN 4073mW/4109mW VDD_CPU_GPU_CV 956mW/988mW VDD_SOC 1397mW/1397mW
08-09-2026 23:54:37 RAM 3070/7620MB (lfb 23x4MB) SWAP 2/12002MB (cached 0MB) CPU [1%@1510,1%@1510,0%@1510,0%@1510,0%@1510,0%@1510] GR3D_FREQ 0% cpu@46.625C soc2@45.906C soc0@44.375C gpu@46.125C tj@46.625C soc1@44.375C VDD_IN 4113mW/4109mW VDD_CPU_GPU_CV 956mW/986mW VDD_SOC 1397mW/1397mW
08-09-2026 23:54:38 RAM 3070/7620MB (lfb 23x4MB) SWAP 2/12002MB (cached 0MB) CPU [0%@1510,0%@1510,0%@1510,0%@1510,0%@1510,1%@1510] GR3D_FREQ 0% cpu@46.75C soc2@46.062C soc0@44.375C gpu@46.062C tj@46.75C soc1@44.187C VDD_IN 4113mW/4109mW VDD_CPU_GPU_CV 996mW/987mW VDD_SOC 1397mW/1397mW
08-09-2026 23:54:39 RAM 3070/7620MB (lfb 23x4MB) SWAP 2/12002MB (cached 0MB) CPU [0%@1510,1%@1510,0%@1510,0%@1510,0%@1510,0%@1510] GR3D_FREQ 0% cpu@46.718C soc2@46C soc0@44.406C gpu@46.156C tj@46.718C soc1@44.218C VDD_IN 4073mW/4108mW VDD_CPU_GPU_CV 956mW/986mW VDD_SOC 1397mW/1397mW
08-09-2026 23:54:40 RAM 3070/7620MB (lfb 23x4MB) SWAP 2/12002MB (cached 0MB) CPU [1%@1510,0%@1510,0%@1510,0%@1510,0%@1510,0%@1510] GR3D_FREQ 0% cpu@47.031C soc2@45.875C soc0@44.312C gpu@46.156C tj@47.031C soc1@44.343C VDD_IN 4073mW/4106mW VDD_CPU_GPU_CV 956mW/984mW VDD_SOC 1397mW/1397mW
08-09-2026 23:54:41 RAM 3070/7620MB (lfb 23x4MB) SWAP 2/12002MB (cached 0MB) CPU [0%@1510,0%@1510,0%@1510,0%@1510,0%@1510,0%@1510] GR3D_FREQ 0% cpu@46.531C soc2@46C soc0@44.281C gpu@46.218C tj@46.531C soc1@44.218C VDD_IN 4073mW/4105mW VDD_CPU_GPU_CV 956mW/983mW VDD_SOC 1397mW/1397mW
08-09-2026 23:54:42 RAM 3070/7620MB (lfb 23x4MB) SWAP 2/12002MB (cached 0MB) CPU [1%@1510,0%@1510,0%@1510,0%@1510,0%@1510,0%@1510] GR3D_FREQ 0% cpu@46.531C soc2@46C soc0@44.281C gpu@46.156C tj@46.687C soc1@44.375C VDD_IN 4073mW/4104mW VDD_CPU_GPU_CV 956mW/982mW VDD_SOC 1397mW/1397mW
08-09-2026 23:54:43 RAM 3070/7620MB (lfb 23x4MB) SWAP 2/12002MB (cached 0MB) CPU [0%@1510,0%@1510,0%@1510,0%@1510,0%@1510,0%@1510] GR3D_FREQ 0% cpu@46.593C soc2@45.968C soc0@44.312C gpu@46.312C tj@46.593C soc1@44.375C VDD_IN 4153mW/4105mW VDD_CPU_GPU_CV 996mW/983mW VDD_SOC 1397mW/1397mW
08-09-2026 23:54:44 RAM 3070/7620MB (lfb 23x4MB) SWAP 2/12002MB (cached 0MB) CPU [1%@1510,0%@1510,0%@1510,0%@1510,1%@1510,0%@1510] GR3D_FREQ 0% cpu@46.656C soc2@46.125C soc0@44.375C gpu@46.343C tj@46.656C soc1@44.406C VDD_IN 4113mW/4106mW VDD_CPU_GPU_CV 956mW/982mW VDD_SOC 1397mW/1397mW
08-09-2026 23:54:45 RAM 3082/7620MB (lfb 23x4MB) SWAP 2/12002MB (cached 0MB) CPU [9%@1510,7%@1510,21%@1510,8%@1510,6%@1510,7%@1510] GR3D_FREQ 0% cpu@47.312C soc2@45.968C soc0@44.468C gpu@46.281C tj@47.25C soc1@44.281C VDD_IN 4697mW/4125mW VDD_CPU_GPU_CV 1470mW/998mW VDD_SOC 1393mW/1396mW
08-09-2026 23:54:46 RAM 3226/7620MB (lfb 23x4MB) SWAP 2/12002MB (cached 0MB) CPU [3%@1510,1%@1510,97%@1510,1%@1510,1%@1510,3%@1510] GR3D_FREQ 0% cpu@47.093C soc2@45.937C soc0@44.312C gpu@46.281C tj@47.093C soc1@44.343C VDD_IN 4960mW/4152mW VDD_CPU_GPU_CV 1545mW/1016mW VDD_SOC 1428mW/1397mW
08-09-2026 23:54:47 RAM 3274/7620MB (lfb 23x4MB) SWAP 2/12002MB (cached 0MB) CPU [100%@1510,2%@1510,22%@1510,2%@1510,2%@1510,9%@1510] GR3D_FREQ 0% cpu@47.375C soc2@46.125C soc0@44.343C gpu@46.375C tj@47.375C soc1@44.375C VDD_IN 5268mW/4187mW VDD_CPU_GPU_CV 1740mW/1038mW VDD_SOC 1465mW/1399mW
08-09-2026 23:54:48 RAM 3290/7620MB (lfb 23x4MB) SWAP 2/12002MB (cached 0MB) CPU [46%@1510,5%@1510,22%@1510,6%@1510,4%@1510,4%@1510] GR3D_FREQ 0% cpu@46.781C soc2@46.093C soc0@44.406C gpu@46.156C tj@46.781C soc1@44.468C VDD_IN 4505mW/4197mW VDD_CPU_GPU_CV 1234mW/1044mW VDD_SOC 1395mW/1399mW
08-09-2026 23:54:49 RAM 3306/7620MB (lfb 23x4MB) SWAP 2/12002MB (cached 0MB) CPU [8%@1510,7%@1510,22%@1510,16%@1510,8%@1510,8%@1510] GR3D_FREQ 0% cpu@47.375C soc2@46.062C soc0@44.437C gpu@46.062C tj@47.375C soc1@44.531C VDD_IN 4776mW/4214mW VDD_CPU_GPU_CV 1510mW/1058mW VDD_SOC 1393mW/1399mW
08-09-2026 23:54:50 RAM 3642/7620MB (lfb 1x4MB) SWAP 2/12002MB (cached 0MB) CPU [73%@1510,8%@1510,20%@1510,5%@1510,5%@1510,3%@1510] GR3D_FREQ 0% cpu@47.343C soc2@46.062C soc0@44.5C gpu@46.125C tj@47.343C soc1@44.281C VDD_IN 5198mW/4242mW VDD_CPU_GPU_CV 1621mW/1074mW VDD_SOC 1505mW/1402mW
08-09-2026 23:54:51 RAM 3716/7620MB (lfb 1x2MB) SWAP 2/12002MB (cached 0MB) CPU [0%@1510,19%@1510,3%@1510,3%@1510,1%@1510,4%@1510] GR3D_FREQ 0% cpu@46.875C soc2@46.125C soc0@44.375C gpu@46.125C tj@46.875C soc1@44.343C VDD_IN 4385mW/4246mW VDD_CPU_GPU_CV 1154mW/1076mW VDD_SOC 1435mW/1403mW
08-09-2026 23:54:52 RAM 3717/7620MB (lfb 1x2MB) SWAP 2/12002MB (cached 0MB) CPU [3%@1510,3%@1510,2%@1510,2%@1510,2%@1510,0%@1510] GR3D_FREQ 0% cpu@46.656C soc2@46.062C soc0@44.375C gpu@46.093C tj@46.656C soc1@44.375C VDD_IN 4233mW/4245mW VDD_CPU_GPU_CV 1036mW/1075mW VDD_SOC 1397mW/1403mW
08-09-2026 23:54:53 RAM 3717/7620MB (lfb 1x2MB) SWAP 2/12002MB (cached 0MB) CPU [2%@1510,4%@1510,1%@1510,1%@1510,1%@1510,2%@1510] GR3D_FREQ 0% cpu@46.656C soc2@46.031C soc0@44.343C gpu@46.156C tj@46.656C soc1@44.343C VDD_IN 4313mW/4247mW VDD_CPU_GPU_CV 1036mW/1074mW VDD_SOC 1397mW/1403mW
08-09-2026 23:54:54 RAM 3717/7620MB (lfb 1x2MB) SWAP 2/12002MB (cached 0MB) CPU [2%@1510,2%@1510,3%@1510,1%@1510,2%@1510,1%@1510] GR3D_FREQ 0% cpu@46.781C soc2@46.093C soc0@44.406C gpu@46.218C tj@46.781C soc1@44.343C VDD_IN 4193mW/4246mW VDD_CPU_GPU_CV 996mW/1072mW VDD_SOC 1397mW/1403mW
08-09-2026 23:54:55 RAM 3717/7620MB (lfb 1x2MB) SWAP 2/12002MB (cached 0MB) CPU [2%@1510,2%@1510,1%@1510,1%@1510,2%@1510,0%@1510] GR3D_FREQ 0% cpu@46.75C soc2@46.062C soc0@44.468C gpu@46.156C tj@47C soc1@44.25C VDD_IN 4153mW/4243mW VDD_CPU_GPU_CV 996mW/1070mW VDD_SOC 1397mW/1402mW
08-09-2026 23:54:56 RAM 3718/7620MB (lfb 1x2MB) SWAP 2/12002MB (cached 0MB) CPU [1%@1510,3%@1510,0%@1510,5%@1510,4%@1510,2%@1510] GR3D_FREQ 0% cpu@46.843C soc2@46.031C soc0@44.437C gpu@46.25C tj@46.843C soc1@44.312C VDD_IN 4233mW/4243mW VDD_CPU_GPU_CV 1036mW/1069mW VDD_SOC 1397mW/1402mW
08-09-2026 23:54:57 RAM 3718/7620MB (lfb 1x2MB) SWAP 2/12002MB (cached 0MB) CPU [1%@1510,3%@1510,1%@1510,4%@1510,2%@1510,2%@1510] GR3D_FREQ 0% cpu@46.593C soc2@46.093C soc0@44.343C gpu@46.062C tj@46.593C soc1@44.343C VDD_IN 4193mW/4242mW VDD_CPU_GPU_CV 1036mW/1068mW VDD_SOC 1397mW/1402mW
08-09-2026 23:54:58 RAM 3718/7620MB (lfb 1x2MB) SWAP 2/12002MB (cached 0MB) CPU [2%@1510,3%@1510,0%@1510,2%@1510,2%@1510,1%@1510] GR3D_FREQ 0% cpu@46.625C soc2@46.093C soc0@44.343C gpu@45.906C tj@46.625C soc1@44.375C VDD_IN 4153mW/4240mW VDD_CPU_GPU_CV 1036mW/1068mW VDD_SOC 1397mW/1402mW
08-09-2026 23:54:59 RAM 3718/7620MB (lfb 1x2MB) SWAP 2/12002MB (cached 0MB) CPU [2%@1510,3%@1510,1%@1510,2%@1510,2%@1510,1%@1510] GR3D_FREQ 0% cpu@46.75C soc2@46.125C soc0@44.406C gpu@45.937C tj@46.812C soc1@44.437C VDD_IN 4153mW/4238mW VDD_CPU_GPU_CV 1036mW/1067mW VDD_SOC 1397mW/1402mW
08-09-2026 23:55:00 RAM 3718/7620MB (lfb 1x2MB) SWAP 2/12002MB (cached 0MB) CPU [2%@1510,4%@1510,2%@1510,1%@1510,2%@1510,2%@1510] GR3D_FREQ 0% cpu@46.718C soc2@46.125C soc0@44.406C gpu@46.031C tj@46.718C soc1@44.312C VDD_IN 4153mW/4236mW VDD_CPU_GPU_CV 1036mW/1066mW VDD_SOC 1397mW/1402mW
08-09-2026 23:55:01 RAM 3719/7620MB (lfb 1x2MB) SWAP 2/12002MB (cached 0MB) CPU [2%@1510,3%@1510,3%@1510,3%@1510,3%@1510,3%@1510] GR3D_FREQ 0% cpu@46.875C soc2@45.937C soc0@44.437C gpu@46.062C tj@46.875C soc1@44.312C VDD_IN 4233mW/4236mW VDD_CPU_GPU_CV 1036mW/1066mW VDD_SOC 1397mW/1402mW
08-09-2026 23:55:02 RAM 3718/7620MB (lfb 1x2MB) SWAP 2/12002MB (cached 0MB) CPU [2%@1510,3%@1510,1%@1510,1%@1510,3%@1510,2%@1510] GR3D_FREQ 0% cpu@46.656C soc2@46C soc0@44.281C gpu@46.031C tj@46.656C soc1@44.375C VDD_IN 4193mW/4235mW VDD_CPU_GPU_CV 1036mW/1065mW VDD_SOC 1397mW/1402mW
08-09-2026 23:55:03 RAM 3718/7620MB (lfb 1x2MB) SWAP 2/12002MB (cached 0MB) CPU [2%@1510,4%@1510,2%@1510,1%@1510,1%@1510,1%@1510] GR3D_FREQ 0% cpu@46.656C soc2@46.062C soc0@44.375C gpu@46C tj@46.656C soc1@44.375C VDD_IN 4233mW/4235mW VDD_CPU_GPU_CV 1036mW/1064mW VDD_SOC 1397mW/1401mW
08-09-2026 23:55:04 RAM 3718/7620MB (lfb 1x2MB) SWAP 2/12002MB (cached 0MB) CPU [1%@1510,3%@1510,1%@1510,2%@1510,2%@1510,2%@1510] GR3D_FREQ 0% cpu@46.812C soc2@46.062C soc0@44.406C gpu@46.093C tj@46.812C soc1@44.375C VDD_IN 4153mW/4233mW VDD_CPU_GPU_CV 1036mW/1064mW VDD_SOC 1397mW/1401mW
08-09-2026 23:55:05 RAM 3718/7620MB (lfb 1x2MB) SWAP 2/12002MB (cached 0MB) CPU [1%@1510,4%@1510,1%@1510,2%@1510,2%@1510,0%@1510] GR3D_FREQ 0% cpu@46.656C soc2@46.125C soc0@44.375C gpu@46.062C tj@46.656C soc1@44.5C VDD_IN 4153mW/4232mW VDD_CPU_GPU_CV 1036mW/1063mW VDD_SOC 1397mW/1401mW
08-09-2026 23:55:06 RAM 3719/7620MB (lfb 1x2MB) SWAP 2/12002MB (cached 0MB) CPU [0%@1510,3%@1510,3%@1510,3%@1510,6%@1510,2%@1510] GR3D_FREQ 0% cpu@46.812C soc2@46.031C soc0@44.437C gpu@46.312C tj@46.812C soc1@44.343C VDD_IN 4233mW/4232mW VDD_CPU_GPU_CV 1036mW/1063mW VDD_SOC 1397mW/1401mW
08-09-2026 23:55:07 RAM 3718/7620MB (lfb 1x2MB) SWAP 2/12002MB (cached 0MB) CPU [3%@1510,4%@1510,2%@1510,2%@1510,2%@1510,1%@1510] GR3D_FREQ 0% cpu@46.656C soc2@45.937C soc0@44.593C gpu@46.281C tj@46.656C soc1@44.375C VDD_IN 4193mW/4231mW VDD_CPU_GPU_CV 1036mW/1062mW VDD_SOC 1397mW/1401mW
08-09-2026 23:55:08 RAM 3718/7620MB (lfb 1x2MB) SWAP 2/12002MB (cached 0MB) CPU [1%@1510,3%@1510,2%@1510,1%@1510,2%@1510,1%@1510] GR3D_FREQ 0% cpu@46.843C soc2@46.031C soc0@44.343C gpu@46.375C tj@46.843C soc1@44.406C VDD_IN 4193mW/4230mW VDD_CPU_GPU_CV 1036mW/1062mW VDD_SOC 1397mW/1401mW
08-09-2026 23:55:09 RAM 3718/7620MB (lfb 1x2MB) SWAP 2/12002MB (cached 0MB) CPU [1%@1510,3%@1510,1%@1510,2%@1510,1%@1510,3%@1510] GR3D_FREQ 0% cpu@46.656C soc2@46.093C soc0@44.343C gpu@46.375C tj@46.656C soc1@44.375C VDD_IN 4153mW/4229mW VDD_CPU_GPU_CV 1036mW/1061mW VDD_SOC 1397mW/1401mW
08-09-2026 23:55:10 RAM 3718/7620MB (lfb 1x2MB) SWAP 2/12002MB (cached 0MB) CPU [1%@1510,4%@1510,1%@1510,1%@1510,2%@1510,3%@1510] GR3D_FREQ 0% cpu@46.687C soc2@46.062C soc0@44.406C gpu@46.375C tj@46.687C soc1@44.437C VDD_IN 4193mW/4228mW VDD_CPU_GPU_CV 1036mW/1061mW VDD_SOC 1397mW/1401mW
08-09-2026 23:55:11 RAM 3719/7620MB (lfb 1x2MB) SWAP 2/12002MB (cached 0MB) CPU [0%@1510,3%@1510,4%@1510,2%@1510,2%@1510,4%@1510] GR3D_FREQ 0% cpu@46.812C soc2@46.156C soc0@44.5C gpu@46.406C tj@46.812C soc1@44.375C VDD_IN 4193mW/4227mW VDD_CPU_GPU_CV 1036mW/1060mW VDD_SOC 1397mW/1401mW
08-09-2026 23:55:12 RAM 3720/7620MB (lfb 1x2MB) SWAP 2/12002MB (cached 0MB) CPU [2%@1510,3%@1510,3%@1510,1%@1510,1%@1510,2%@1510] GR3D_FREQ 0% cpu@47.187C soc2@45.937C soc0@44.468C gpu@46.406C tj@47.187C soc1@44.343C VDD_IN 4193mW/4227mW VDD_CPU_GPU_CV 1036mW/1060mW VDD_SOC 1397mW/1401mW
08-09-2026 23:55:13 RAM 3720/7620MB (lfb 1x2MB) SWAP 2/12002MB (cached 0MB) CPU [2%@1510,4%@1510,1%@1510,1%@1510,1%@1510,2%@1510] GR3D_FREQ 0% cpu@46.968C soc2@46.093C soc0@44.375C gpu@46.406C tj@46.968C soc1@44.312C VDD_IN 4233mW/4227mW VDD_CPU_GPU_CV 996mW/1059mW VDD_SOC 1397mW/1401mW
08-09-2026 23:55:14 RAM 3720/7620MB (lfb 1x2MB) SWAP 2/12002MB (cached 0MB) CPU [1%@1510,3%@1510,2%@1510,2%@1510,4%@1510,1%@1510] GR3D_FREQ 0% cpu@46.625C soc2@46.093C soc0@44.406C gpu@46.437C tj@46.625C soc1@44.375C VDD_IN 4153mW/4226mW VDD_CPU_GPU_CV 996mW/1058mW VDD_SOC 1397mW/1400mW
08-09-2026 23:55:15 RAM 3720/7620MB (lfb 1x2MB) SWAP 2/12002MB (cached 0MB) CPU [1%@1510,4%@1510,2%@1510,1%@1510,2%@1510,1%@1510] GR3D_FREQ 0% cpu@46.687C soc2@46.031C soc0@44.437C gpu@46C tj@46.687C soc1@44.406C VDD_IN 4153mW/4224mW VDD_CPU_GPU_CV 1036mW/1057mW VDD_SOC 1397mW/1400mW
08-09-2026 23:55:16 RAM 3720/7620MB (lfb 1x2MB) SWAP 2/12002MB (cached 0MB) CPU [0%@1510,3%@1510,4%@1510,3%@1510,3%@1510,2%@1510] GR3D_FREQ 0% cpu@46.875C soc2@46.156C soc0@44.437C gpu@46.125C tj@46.875C soc1@44.312C VDD_IN 4193mW/4224mW VDD_CPU_GPU_CV 1036mW/1057mW VDD_SOC 1397mW/1400mW
08-09-2026 23:55:17 RAM 3720/7620MB (lfb 1x2MB) SWAP 2/12002MB (cached 0MB) CPU [1%@1510,4%@1510,1%@1510,0%@1510,3%@1510,2%@1510] GR3D_FREQ 0% cpu@47.125C soc2@46.062C soc0@44.531C gpu@46.062C tj@47.125C soc1@44.312C VDD_IN 4193mW/4223mW VDD_CPU_GPU_CV 1036mW/1057mW VDD_SOC 1397mW/1400mW
08-09-2026 23:55:18 RAM 3720/7620MB (lfb 1x2MB) SWAP 2/12002MB (cached 0MB) CPU [1%@1510,2%@1510,2%@1510,2%@1510,3%@1510,1%@1510] GR3D_FREQ 0% cpu@47C soc2@46.187C soc0@44.406C gpu@46.125C tj@47C soc1@44.343C VDD_IN 4193mW/4223mW VDD_CPU_GPU_CV 996mW/1056mW VDD_SOC 1397mW/1400mW
08-09-2026 23:55:19 RAM 3720/7620MB (lfb 1x2MB) SWAP 2/12002MB (cached 0MB) CPU [1%@1510,2%@1510,2%@1510,3%@1510,2%@1510,1%@1510] GR3D_FREQ 0% cpu@46.687C soc2@46.062C soc0@44.375C gpu@46.187C tj@46.625C soc1@44.375C VDD_IN 4153mW/4222mW VDD_CPU_GPU_CV 996mW/1055mW VDD_SOC 1397mW/1400mW
08-09-2026 23:55:20 RAM 3719/7620MB (lfb 1x2MB) SWAP 2/12002MB (cached 0MB) CPU [2%@1510,3%@1510,3%@1510,1%@1510,1%@1510,1%@1510] GR3D_FREQ 0% cpu@46.687C soc2@46.093C soc0@44.375C gpu@46.218C tj@46.687C soc1@44.437C VDD_IN 4153mW/4221mW VDD_CPU_GPU_CV 996mW/1054mW VDD_SOC 1397mW/1400mW
08-09-2026 23:55:21 RAM 3719/7620MB (lfb 1x2MB) SWAP 2/12002MB (cached 0MB) CPU [1%@1510,2%@1510,2%@1510,6%@1510,2%@1510,2%@1510] GR3D_FREQ 0% cpu@46.812C soc2@46.187C soc0@44.375C gpu@46.187C tj@46.843C soc1@44.437C VDD_IN 4193mW/4220mW VDD_CPU_GPU_CV 1036mW/1053mW VDD_SOC 1397mW/1400mW
08-09-2026 23:55:22 RAM 3720/7620MB (lfb 1x2MB) SWAP 2/12002MB (cached 0MB) CPU [1%@1510,3%@1510,2%@1510,1%@1510,2%@1510,1%@1510] GR3D_FREQ 0% cpu@47.187C soc2@45.968C soc0@44.406C gpu@46.25C tj@47.187C soc1@44.375C VDD_IN 4193mW/4220mW VDD_CPU_GPU_CV 1036mW/1053mW VDD_SOC 1397mW/1400mW
08-09-2026 23:55:23 RAM 3720/7620MB (lfb 1x2MB) SWAP 2/12002MB (cached 0MB) CPU [2%@1510,3%@1510,1%@1510,2%@1510,1%@1510,3%@1510] GR3D_FREQ 0% cpu@46.937C soc2@46.093C soc0@44.343C gpu@46.218C tj@46.937C soc1@44.312C VDD_IN 4273mW/4221mW VDD_CPU_GPU_CV 1036mW/1053mW VDD_SOC 1397mW/1400mW
08-09-2026 23:55:24 RAM 3720/7620MB (lfb 1x2MB) SWAP 2/12002MB (cached 0MB) CPU [2%@1510,4%@1510,2%@1510,0%@1510,1%@1510,2%@1510] GR3D_FREQ 0% cpu@46.718C soc2@46.125C soc0@44.375C gpu@46C tj@46.718C soc1@44.343C VDD_IN 4153mW/4220mW VDD_CPU_GPU_CV 1036mW/1053mW VDD_SOC 1397mW/1400mW
08-09-2026 23:55:25 RAM 3720/7620MB (lfb 1x2MB) SWAP 2/12002MB (cached 0MB) CPU [2%@1510,2%@1510,1%@1510,2%@1510,2%@1510,2%@1510] GR3D_FREQ 0% cpu@46.718C soc2@46.125C soc0@44.406C gpu@45.968C tj@46.718C soc1@44.406C VDD_IN 4153mW/4219mW VDD_CPU_GPU_CV 996mW/1052mW VDD_SOC 1397mW/1400mW
08-09-2026 23:55:26 RAM 3720/7620MB (lfb 1x2MB) SWAP 2/12002MB (cached 0MB) CPU [2%@1510,4%@1510,3%@1510,1%@1510,4%@1510,3%@1510] GR3D_FREQ 0% cpu@46.875C soc2@46.156C soc0@44.468C gpu@46.031C tj@46.875C soc1@44.468C VDD_IN 4193mW/4218mW VDD_CPU_GPU_CV 1036mW/1052mW VDD_SOC 1397mW/1400mW
08-09-2026 23:55:27 RAM 3719/7620MB (lfb 1x2MB) SWAP 2/12002MB (cached 0MB) CPU [1%@1510,3%@1510,2%@1510,3%@1510,2%@1510,2%@1510] GR3D_FREQ 0% cpu@46.75C soc2@46.156C soc0@44.437C gpu@46.093C tj@46.75C soc1@44.343C VDD_IN 4193mW/4218mW VDD_CPU_GPU_CV 1036mW/1051mW VDD_SOC 1397mW/1400mW
08-09-2026 23:55:28 RAM 3719/7620MB (lfb 1x2MB) SWAP 2/12002MB (cached 0MB) CPU [2%@1510,3%@1510,1%@1510,2%@1510,0%@1510,0%@1510] GR3D_FREQ 0% cpu@46.875C soc2@46.031C soc0@44.5C gpu@46.031C tj@46.875C soc1@44.343C VDD_IN 4153mW/4217mW VDD_CPU_GPU_CV 996mW/1051mW VDD_SOC 1397mW/1400mW
08-09-2026 23:55:29 RAM 3719/7620MB (lfb 1x2MB) SWAP 2/12002MB (cached 0MB) CPU [1%@1510,2%@1510,2%@1510,3%@1510,1%@1510,1%@1510] GR3D_FREQ 0% cpu@46.687C soc2@46.093C soc0@44.437C gpu@46.031C tj@46.687C soc1@44.375C VDD_IN 4153mW/4216mW VDD_CPU_GPU_CV 1036mW/1050mW VDD_SOC 1397mW/1400mW
08-09-2026 23:55:30 RAM 3719/7620MB (lfb 1x2MB) SWAP 2/12002MB (cached 0MB) CPU [1%@1510,3%@1510,1%@1510,2%@1510,1%@1510,1%@1510] GR3D_FREQ 0% cpu@46.75C soc2@46.093C soc0@44.375C gpu@46.093C tj@46.75C soc1@44.406C VDD_IN 4153mW/4215mW VDD_CPU_GPU_CV 996mW/1050mW VDD_SOC 1397mW/1400mW
08-09-2026 23:55:31 RAM 3720/7620MB (lfb 1x2MB) SWAP 2/12002MB (cached 0MB) CPU [3%@1510,3%@1510,2%@1510,1%@1510,3%@1510,6%@1510] GR3D_FREQ 0% cpu@46.812C soc2@46.031C soc0@44.406C gpu@46.156C tj@46.812C soc1@44.468C VDD_IN 4193mW/4215mW VDD_CPU_GPU_CV 1036mW/1049mW VDD_SOC 1397mW/1400mW
08-09-2026 23:55:32 RAM 3721/7620MB (lfb 1x2MB) SWAP 2/12002MB (cached 0MB) CPU [1%@1510,5%@1510,3%@1510,0%@1510,4%@1510,2%@1510] GR3D_FREQ 0% cpu@46.718C soc2@46.187C soc0@44.406C gpu@46.062C tj@46.718C soc1@44.562C VDD_IN 4193mW/4215mW VDD_CPU_GPU_CV 1036mW/1049mW VDD_SOC 1397mW/1400mW
08-09-2026 23:55:33 RAM 3721/7620MB (lfb 1x2MB) SWAP 2/12002MB (cached 0MB) CPU [1%@1510,2%@1510,1%@1510,1%@1510,2%@1510,1%@1510] GR3D_FREQ 0% cpu@46.906C soc2@46.125C soc0@44.531C gpu@46.406C tj@46.906C soc1@44.312C VDD_IN 4193mW/4215mW VDD_CPU_GPU_CV 1036mW/1049mW VDD_SOC 1397mW/1400mW
08-09-2026 23:55:34 RAM 3721/7620MB (lfb 1x2MB) SWAP 2/12002MB (cached 0MB) CPU [1%@1510,3%@1510,0%@1510,1%@1510,2%@1510,1%@1510] GR3D_FREQ 0% cpu@46.687C soc2@46.062C soc0@44.343C gpu@46.437C tj@46.687C soc1@44.375C VDD_IN 4153mW/4214mW VDD_CPU_GPU_CV 1036mW/1049mW VDD_SOC 1397mW/1399mW
08-09-2026 23:55:35 RAM 3721/7620MB (lfb 1x2MB) SWAP 2/12002MB (cached 0MB) CPU [2%@1510,3%@1510,1%@1510,1%@1510,1%@1510,3%@1510] GR3D_FREQ 0% cpu@46.937C soc2@46.093C soc0@44.406C gpu@46.437C tj@46.937C soc1@44.375C VDD_IN 4153mW/4213mW VDD_CPU_GPU_CV 996mW/1048mW VDD_SOC 1397mW/1399mW
08-09-2026 23:55:36 RAM 3721/7620MB (lfb 1x2MB) SWAP 2/12002MB (cached 0MB) CPU [1%@1510,3%@1510,2%@1510,2%@1510,4%@1510,2%@1510] GR3D_FREQ 0% cpu@46.687C soc2@46.062C soc0@44.437C gpu@46.437C tj@46.687C soc1@44.406C VDD_IN 4193mW/4213mW VDD_CPU_GPU_CV 1036mW/1048mW VDD_SOC 1397mW/1399mW
08-09-2026 23:55:37 RAM 3721/7620MB (lfb 1x2MB) SWAP 2/12002MB (cached 0MB) CPU [1%@1510,3%@1510,3%@1510,2%@1510,1%@1510,2%@1510] GR3D_FREQ 0% cpu@46.718C soc2@46.156C soc0@44.406C gpu@46.468C tj@46.718C soc1@44.468C VDD_IN 4153mW/4212mW VDD_CPU_GPU_CV 1036mW/1048mW VDD_SOC 1397mW/1399mW
08-09-2026 23:55:38 RAM 3721/7620MB (lfb 1x2MB) SWAP 2/12002MB (cached 0MB) CPU [2%@1510,3%@1510,2%@1510,2%@1510,1%@1510,2%@1510] GR3D_FREQ 0% cpu@46.843C soc2@46.031C soc0@44.406C gpu@45.875C tj@46.843C soc1@44.375C VDD_IN 4153mW/4211mW VDD_CPU_GPU_CV 996mW/1047mW VDD_SOC 1397mW/1399mW
08-09-2026 23:55:39 RAM 3720/7620MB (lfb 1x2MB) SWAP 2/12002MB (cached 0MB) CPU [1%@1510,4%@1510,2%@1510,1%@1510,2%@1510,1%@1510] GR3D_FREQ 0% cpu@46.656C soc2@46C soc0@44.25C gpu@45.937C tj@46.656C soc1@44.375C VDD_IN 4153mW/4211mW VDD_CPU_GPU_CV 996mW/1047mW VDD_SOC 1397mW/1399mW
08-09-2026 23:55:40 RAM 3720/7620MB (lfb 1x2MB) SWAP 2/12002MB (cached 0MB) CPU [1%@1510,2%@1510,1%@1510,1%@1510,1%@1510,2%@1510] GR3D_FREQ 0% cpu@46.937C soc2@46.031C soc0@44.343C gpu@46.062C tj@46.937C soc1@44.375C VDD_IN 4153mW/4210mW VDD_CPU_GPU_CV 996mW/1046mW VDD_SOC 1397mW/1399mW
08-09-2026 23:55:41 RAM 3722/7620MB (lfb 1x2MB) SWAP 2/12002MB (cached 0MB) CPU [2%@1510,3%@1510,4%@1510,2%@1510,2%@1510,3%@1510] GR3D_FREQ 0% cpu@46.625C soc2@46.062C soc0@44.375C gpu@45.937C tj@46.625C soc1@44.375C VDD_IN 4193mW/4210mW VDD_CPU_GPU_CV 1036mW/1046mW VDD_SOC 1397mW/1399mW
08-09-2026 23:55:42 RAM 3722/7620MB (lfb 1x2MB) SWAP 2/12002MB (cached 0MB) CPU [3%@1510,2%@1510,2%@1510,2%@1510,4%@1510,0%@1510] GR3D_FREQ 0% cpu@46.75C soc2@46.156C soc0@44.375C gpu@46.156C tj@46.75C soc1@44.593C VDD_IN 4153mW/4209mW VDD_CPU_GPU_CV 1036mW/1046mW VDD_SOC 1397mW/1399mW
08-09-2026 23:55:43 RAM 3722/7620MB (lfb 1x2MB) SWAP 2/12002MB (cached 0MB) CPU [4%@1510,1%@1510,2%@1510,2%@1510,2%@1510,1%@1510] GR3D_FREQ 0% cpu@46.937C soc2@46.156C soc0@44.406C gpu@46.25C tj@46.937C soc1@44.218C VDD_IN 4153mW/4208mW VDD_CPU_GPU_CV 996mW/1045mW VDD_SOC 1397mW/1399mW
08-09-2026 23:55:44 RAM 3722/7620MB (lfb 1x2MB) SWAP 2/12002MB (cached 0MB) CPU [3%@1510,1%@1510,1%@1510,2%@1510,2%@1510,2%@1510] GR3D_FREQ 0% cpu@46.718C soc2@46.031C soc0@44.343C gpu@46.156C tj@46.687C soc1@44.281C VDD_IN 4153mW/4208mW VDD_CPU_GPU_CV 1036mW/1045mW VDD_SOC 1397mW/1399mW
08-09-2026 23:55:45 RAM 3722/7620MB (lfb 1x2MB) SWAP 2/12002MB (cached 0MB) CPU [3%@1510,1%@1510,2%@1510,1%@1510,2%@1510,2%@1510] GR3D_FREQ 0% cpu@47C soc2@46C soc0@44.375C gpu@46.25C tj@46.968C soc1@44.25C VDD_IN 4153mW/4207mW VDD_CPU_GPU_CV 1036mW/1045mW VDD_SOC 1397mW/1399mW
08-09-2026 23:55:46 RAM 3723/7620MB (lfb 1x2MB) SWAP 2/12002MB (cached 0MB) CPU [4%@1510,4%@1510,2%@1510,4%@1510,4%@1510,4%@1510] GR3D_FREQ 0% cpu@46.625C soc2@46.062C soc0@44.343C gpu@46.281C tj@46.625C soc1@44.406C VDD_IN 4193mW/4207mW VDD_CPU_GPU_CV 1036mW/1045mW VDD_SOC 1397mW/1399mW
08-09-2026 23:55:47 RAM 3723/7620MB (lfb 1x2MB) SWAP 2/12002MB (cached 0MB) CPU [3%@1510,1%@1510,1%@1510,2%@1510,3%@1510,0%@1510] GR3D_FREQ 0% cpu@46.781C soc2@46.093C soc0@44.343C gpu@46.218C tj@46.781C soc1@44.375C VDD_IN 4193mW/4207mW VDD_CPU_GPU_CV 1036mW/1045mW VDD_SOC 1397mW/1399mW
08-09-2026 23:55:48 RAM 3723/7620MB (lfb 1x2MB) SWAP 2/12002MB (cached 0MB) CPU [3%@1510,0%@1510,2%@1510,2%@1510,2%@1510,2%@1510] GR3D_FREQ 0% cpu@46.843C soc2@46.093C soc0@44.406C gpu@46.312C tj@46.843C soc1@44.25C VDD_IN 4153mW/4206mW VDD_CPU_GPU_CV 996mW/1044mW VDD_SOC 1397mW/1399mW
08-09-2026 23:55:49 RAM 3723/7620MB (lfb 1x2MB) SWAP 2/12002MB (cached 0MB) CPU [7%@1510,4%@1510,4%@1510,40%@1510,6%@1510,4%@1510] GR3D_FREQ 0% cpu@47.343C soc2@45.968C soc0@44.375C gpu@46.312C tj@47.343C soc1@44.343C VDD_IN 4848mW/4213mW VDD_CPU_GPU_CV 1468mW/1049mW VDD_SOC 1430mW/1399mW
08-09-2026 23:55:50 RAM 3713/7620MB (lfb 1x2MB) SWAP 2/12002MB (cached 0MB) CPU [5%@1510,8%@1510,1%@1510,6%@1510,4%@1510,5%@1510] GR3D_FREQ 0% cpu@46.937C soc2@46.093C soc0@44.375C gpu@46.031C tj@46.937C soc1@44.375C VDD_IN 4273mW/4214mW VDD_CPU_GPU_CV 1076mW/1049mW VDD_SOC 1397mW/1399mW
08-09-2026 23:55:51 RAM 3712/7620MB (lfb 1x2MB) SWAP 2/12002MB (cached 0MB) CPU [3%@1510,2%@1510,2%@1510,3%@1510,5%@1510,2%@1510] GR3D_FREQ 0% cpu@46.718C soc2@46.125C soc0@44.343C gpu@46.062C tj@46.718C soc1@44.437C VDD_IN 4193mW/4213mW VDD_CPU_GPU_CV 1036mW/1049mW VDD_SOC 1397mW/1399mW
08-09-2026 23:55:52 RAM 3712/7620MB (lfb 1x2MB) SWAP 2/12002MB (cached 0MB) CPU [3%@1510,1%@1510,2%@1510,2%@1510,1%@1510,2%@1510] GR3D_FREQ 0% cpu@46.75C soc2@46.156C soc0@44.375C gpu@46.062C tj@46.75C soc1@44.437C VDD_IN 4153mW/4213mW VDD_CPU_GPU_CV 1036mW/1049mW VDD_SOC 1397mW/1399mW
08-09-2026 23:55:53 RAM 3712/7620MB (lfb 1x2MB) SWAP 2/12002MB (cached 0MB) CPU [3%@1510,0%@1510,1%@1510,3%@1510,2%@1510,1%@1510] GR3D_FREQ 0% cpu@46.875C soc2@46.156C soc0@44.468C gpu@46.062C tj@46.875C soc1@44.25C VDD_IN 4153mW/4212mW VDD_CPU_GPU_CV 1036mW/1049mW VDD_SOC 1397mW/1399mW
08-09-2026 23:55:54 RAM 3712/7620MB (lfb 1x2MB) SWAP 2/12002MB (cached 0MB) CPU [3%@1510,1%@1510,1%@1510,2%@1510,2%@1510,2%@1510] GR3D_FREQ 0% cpu@46.781C soc2@46.031C soc0@44.468C gpu@46.062C tj@46.656C soc1@44.343C VDD_IN 4153mW/4212mW VDD_CPU_GPU_CV 996mW/1048mW VDD_SOC 1397mW/1399mW
08-09-2026 23:55:55 RAM 3712/7620MB (lfb 1x2MB) SWAP 2/12002MB (cached 0MB) CPU [3%@1510,0%@1510,0%@1510,2%@1510,2%@1510,2%@1510] GR3D_FREQ 0% cpu@46.968C soc2@46.062C soc0@44.375C gpu@46.125C tj@46.968C soc1@44.312C VDD_IN 4153mW/4211mW VDD_CPU_GPU_CV 996mW/1048mW VDD_SOC 1397mW/1399mW
08-09-2026 23:55:56 RAM 3710/7620MB (lfb 3x2MB) SWAP 2/12002MB (cached 0MB) CPU [3%@1510,1%@1510,3%@1510,3%@1510,4%@1510,4%@1510] GR3D_FREQ 0% cpu@46.875C soc2@46.031C soc0@44.375C gpu@46.062C tj@46.875C soc1@44.375C VDD_IN 4193mW/4211mW VDD_CPU_GPU_CV 1036mW/1048mW VDD_SOC 1397mW/1399mW
08-09-2026 23:55:57 RAM 3710/7620MB (lfb 3x2MB) SWAP 2/12002MB (cached 0MB) CPU [3%@1510,1%@1510,2%@1510,2%@1510,2%@1510,2%@1510] GR3D_FREQ 0% cpu@46.593C soc2@46.093C soc0@44.437C gpu@46.062C tj@46.593C soc1@44.437C VDD_IN 4153mW/4210mW VDD_CPU_GPU_CV 1036mW/1047mW VDD_SOC 1397mW/1399mW
08-09-2026 23:55:58 RAM 3710/7620MB (lfb 3x2MB) SWAP 2/12002MB (cached 0MB) CPU [4%@1510,1%@1510,1%@1510,2%@1510,2%@1510,2%@1510] GR3D_FREQ 0% cpu@46.843C soc2@46.156C soc0@44.406C gpu@46.125C tj@46.843C soc1@44.437C VDD_IN 4153mW/4210mW VDD_CPU_GPU_CV 996mW/1047mW VDD_SOC 1397mW/1399mW
08-09-2026 23:55:59 RAM 3710/7620MB (lfb 3x2MB) SWAP 2/12002MB (cached 0MB) CPU [4%@1510,2%@1510,1%@1510,1%@1510,2%@1510,1%@1510] GR3D_FREQ 0% cpu@46.781C soc2@46.093C soc0@44.468C gpu@46.437C tj@46.781C soc1@44.312C VDD_IN 4273mW/4210mW VDD_CPU_GPU_CV 996mW/1046mW VDD_SOC 1397mW/1399mW
08-09-2026 23:56:00 RAM 3710/7620MB (lfb 3x2MB) SWAP 2/12002MB (cached 0MB) CPU [4%@1510,2%@1510,1%@1510,2%@1510,1%@1510,2%@1510] GR3D_FREQ 0% cpu@47C soc2@45.937C soc0@44.531C gpu@45.968C tj@47C soc1@44.375C VDD_IN 4153mW/4210mW VDD_CPU_GPU_CV 996mW/1046mW VDD_SOC 1397mW/1399mW
08-09-2026 23:56:01 RAM 3710/7620MB (lfb 3x2MB) SWAP 2/12002MB (cached 0MB) CPU [5%@1510,1%@1510,4%@1510,2%@1510,2%@1510,1%@1510] GR3D_FREQ 0% cpu@46.75C soc2@46.093C soc0@44.375C gpu@45.968C tj@46.75C soc1@44.375C VDD_IN 4193mW/4210mW VDD_CPU_GPU_CV 1036mW/1046mW VDD_SOC 1397mW/1399mW
08-09-2026 23:56:02 RAM 3711/7620MB (lfb 3x2MB) SWAP 2/12002MB (cached 0MB) CPU [3%@1510,0%@1510,2%@1510,3%@1510,3%@1510,2%@1510] GR3D_FREQ 0% cpu@46.781C soc2@46.125C soc0@44.375C gpu@45.937C tj@46.781C soc1@44.343C VDD_IN 4193mW/4209mW VDD_CPU_GPU_CV 1036mW/1046mW VDD_SOC 1397mW/1399mW
08-09-2026 23:56:03 RAM 3711/7620MB (lfb 3x2MB) SWAP 2/12002MB (cached 0MB) CPU [3%@1510,1%@1510,2%@1510,1%@1510,3%@1510,0%@1510] GR3D_FREQ 0% cpu@46.75C soc2@46.093C soc0@44.406C gpu@46.031C tj@46.843C soc1@44.406C VDD_IN 4193mW/4209mW VDD_CPU_GPU_CV 996mW/1045mW VDD_SOC 1397mW/1399mW
08-09-2026 23:56:04 RAM 3711/7620MB (lfb 3x2MB) SWAP 2/12002MB (cached 0MB) CPU [5%@1510,0%@1510,0%@1510,2%@1510,4%@1510,3%@1510] GR3D_FREQ 0% cpu@46.75C soc2@46.093C soc0@44.531C gpu@45.968C tj@46.75C soc1@44.281C VDD_IN 4193mW/4209mW VDD_CPU_GPU_CV 996mW/1045mW VDD_SOC 1397mW/1399mW
08-09-2026 23:56:05 RAM 3711/7620MB (lfb 3x2MB) SWAP 2/12002MB (cached 0MB) CPU [3%@1510,0%@1510,1%@1510,1%@1510,2%@1510,2%@1510] GR3D_FREQ 0% cpu@46.875C soc2@46.062C soc0@44.562C gpu@46C tj@46.875C soc1@44.375C VDD_IN 4153mW/4209mW VDD_CPU_GPU_CV 996mW/1044mW VDD_SOC 1397mW/1399mW
08-09-2026 23:56:06 RAM 3711/7620MB (lfb 3x2MB) SWAP 2/12002MB (cached 0MB) CPU [4%@1510,2%@1510,3%@1510,1%@1510,3%@1510,5%@1510] GR3D_FREQ 0% cpu@46.75C soc2@46C soc0@44.375C gpu@46.062C tj@46.75C soc1@44.375C VDD_IN 4193mW/4208mW VDD_CPU_GPU_CV 1036mW/1044mW VDD_SOC 1397mW/1399mW
08-09-2026 23:56:07 RAM 3711/7620MB (lfb 3x2MB) SWAP 2/12002MB (cached 0MB) CPU [4%@1510,1%@1510,3%@1510,2%@1510,1%@1510,3%@1510] GR3D_FREQ 0% cpu@46.781C soc2@46.125C soc0@44.375C gpu@46.187C tj@46.781C soc1@44.375C VDD_IN 4193mW/4208mW VDD_CPU_GPU_CV 1036mW/1044mW VDD_SOC 1397mW/1399mW
08-09-2026 23:56:08 RAM 3711/7620MB (lfb 3x2MB) SWAP 2/12002MB (cached 0MB) CPU [3%@1510,1%@1510,2%@1510,3%@1510,2%@1510,1%@1510] GR3D_FREQ 0% cpu@46.687C soc2@46.156C soc0@44.437C gpu@46.312C tj@46.843C soc1@44.468C VDD_IN 4153mW/4208mW VDD_CPU_GPU_CV 1036mW/1044mW VDD_SOC 1397mW/1399mW
08-09-2026 23:56:09 RAM 3711/7620MB (lfb 3x2MB) SWAP 2/12002MB (cached 0MB) CPU [4%@1510,0%@1510,2%@1510,1%@1510,3%@1510,2%@1510] GR3D_FREQ 0% cpu@46.812C soc2@46.156C soc0@44.5C gpu@46.218C tj@46.812C soc1@44.25C VDD_IN 4193mW/4208mW VDD_CPU_GPU_CV 1036mW/1044mW VDD_SOC 1397mW/1399mW
08-09-2026 23:56:10 RAM 3711/7620MB (lfb 3x2MB) SWAP 2/12002MB (cached 0MB) CPU [3%@1510,1%@1510,2%@1510,1%@1510,3%@1510,1%@1510] GR3D_FREQ 0% cpu@46.968C soc2@45.937C soc0@44.531C gpu@46.25C tj@46.968C soc1@44.312C VDD_IN 4193mW/4208mW VDD_CPU_GPU_CV 1036mW/1044mW VDD_SOC 1397mW/1399mW
08-09-2026 23:56:11 RAM 3711/7620MB (lfb 3x2MB) SWAP 2/12002MB (cached 0MB) CPU [3%@1510,0%@1510,2%@1510,2%@1510,3%@1510,5%@1510] GR3D_FREQ 0% cpu@46.781C soc2@46C soc0@44.375C gpu@46.281C tj@46.781C soc1@44.375C VDD_IN 4193mW/4207mW VDD_CPU_GPU_CV 1036mW/1044mW VDD_SOC 1397mW/1399mW
08-09-2026 23:56:12 RAM 3711/7620MB (lfb 3x2MB) SWAP 2/12002MB (cached 0MB) CPU [4%@1510,1%@1510,2%@1510,3%@1510,2%@1510,2%@1510] GR3D_FREQ 0% cpu@46.781C soc2@46.062C soc0@44.375C gpu@46.343C tj@46.781C soc1@44.281C VDD_IN 4193mW/4207mW VDD_CPU_GPU_CV 1036mW/1044mW VDD_SOC 1397mW/1399mW
08-09-2026 23:56:13 RAM 3711/7620MB (lfb 3x2MB) SWAP 2/12002MB (cached 0MB) CPU [4%@1510,0%@1510,2%@1510,1%@1510,3%@1510,1%@1510] GR3D_FREQ 0% cpu@46.687C soc2@46.062C soc0@44.406C gpu@46.375C tj@46.687C soc1@44.468C VDD_IN 4193mW/4207mW VDD_CPU_GPU_CV 1036mW/1044mW VDD_SOC 1397mW/1399mW
08-09-2026 23:56:14 RAM 3711/7620MB (lfb 3x2MB) SWAP 2/12002MB (cached 0MB) CPU [4%@1510,2%@1510,3%@1510,1%@1510,2%@1510,1%@1510] GR3D_FREQ 0% cpu@46.781C soc2@46.125C soc0@44.437C gpu@46.375C tj@46.781C soc1@44.437C VDD_IN 4193mW/4207mW VDD_CPU_GPU_CV 1036mW/1044mW VDD_SOC 1397mW/1399mW
08-09-2026 23:56:15 RAM 3711/7620MB (lfb 3x2MB) SWAP 2/12002MB (cached 0MB) CPU [4%@1510,1%@1510,1%@1510,3%@1510,1%@1510,1%@1510] GR3D_FREQ 0% cpu@46.968C soc2@46.062C soc0@44.375C gpu@46.312C tj@46.968C soc1@44.281C VDD_IN 4153mW/4207mW VDD_CPU_GPU_CV 1036mW/1044mW VDD_SOC 1397mW/1399mW
08-09-2026 23:56:16 RAM 3711/7620MB (lfb 3x2MB) SWAP 2/12002MB (cached 0MB) CPU [2%@1510,2%@1510,4%@1510,3%@1510,3%@1510,2%@1510] GR3D_FREQ 0% cpu@46.812C soc2@46.031C soc0@44.5C gpu@46.343C tj@46.812C soc1@44.375C VDD_IN 4193mW/4206mW VDD_CPU_GPU_CV 1036mW/1044mW VDD_SOC 1397mW/1399mW
08-09-2026 23:56:17 RAM 3711/7620MB (lfb 3x2MB) SWAP 2/12002MB (cached 0MB) CPU [4%@1510,1%@1510,3%@1510,2%@1510,2%@1510,1%@1510] GR3D_FREQ 0% cpu@47.031C soc2@46.093C soc0@44.375C gpu@46.375C tj@47.031C soc1@44.375C VDD_IN 4193mW/4206mW VDD_CPU_GPU_CV 1036mW/1043mW VDD_SOC 1397mW/1399mW
08-09-2026 23:56:18 RAM 3711/7620MB (lfb 3x2MB) SWAP 2/12002MB (cached 0MB) CPU [4%@1510,0%@1510,1%@1510,3%@1510,2%@1510,1%@1510] GR3D_FREQ 0% cpu@46.75C soc2@46.093C soc0@44.343C gpu@46.156C tj@46.75C soc1@44.5C VDD_IN 4153mW/4206mW VDD_CPU_GPU_CV 1036mW/1043mW VDD_SOC 1397mW/1399mW
08-09-2026 23:56:19 RAM 3711/7620MB (lfb 3x2MB) SWAP 2/12002MB (cached 0MB) CPU [2%@1510,1%@1510,1%@1510,3%@1510,2%@1510,1%@1510] GR3D_FREQ 0% cpu@46.718C soc2@46.031C soc0@44.406C gpu@46.031C tj@46.718C soc1@44.437C VDD_IN 4193mW/4206mW VDD_CPU_GPU_CV 996mW/1043mW VDD_SOC 1397mW/1399mW
08-09-2026 23:56:20 RAM 3711/7620MB (lfb 3x2MB) SWAP 2/12002MB (cached 0MB) CPU [3%@1510,1%@1510,3%@1510,2%@1510,2%@1510,0%@1510] GR3D_FREQ 0% cpu@46.906C soc2@46.156C soc0@44.406C gpu@46.125C tj@46.906C soc1@44.5C VDD_IN 4153mW/4205mW VDD_CPU_GPU_CV 1036mW/1043mW VDD_SOC 1397mW/1399mW
08-09-2026 23:56:21 RAM 3711/7620MB (lfb 3x2MB) SWAP 2/12002MB (cached 0MB) CPU [4%@1510,1%@1510,3%@1510,3%@1510,5%@1510,3%@1510] GR3D_FREQ 0% cpu@46.781C soc2@46.093C soc0@44.5C gpu@46.156C tj@46.781C soc1@44.312C VDD_IN 4193mW/4205mW VDD_CPU_GPU_CV 1036mW/1043mW VDD_SOC 1397mW/1399mW
08-09-2026 23:56:22 RAM 3710/7620MB (lfb 3x2MB) SWAP 2/12002MB (cached 0MB) CPU [2%@1510,1%@1510,2%@1510,2%@1510,5%@1510,1%@1510] GR3D_FREQ 0% cpu@47.031C soc2@46.062C soc0@44.375C gpu@46.156C tj@47.031C soc1@44.375C VDD_IN 4153mW/4205mW VDD_CPU_GPU_CV 1036mW/1043mW VDD_SOC 1397mW/1399mW
08-09-2026 23:56:23 RAM 3710/7620MB (lfb 3x2MB) SWAP 2/12002MB (cached 0MB) CPU [3%@1510,1%@1510,1%@1510,1%@1510,4%@1510,1%@1510] GR3D_FREQ 0% cpu@46.625C soc2@46.062C soc0@44.343C gpu@46.125C tj@46.625C soc1@44.406C VDD_IN 4193mW/4205mW VDD_CPU_GPU_CV 996mW/1042mW VDD_SOC 1397mW/1399mW
08-09-2026 23:56:24 RAM 3710/7620MB (lfb 3x2MB) SWAP 2/12002MB (cached 0MB) CPU [3%@1510,1%@1510,1%@1510,0%@1510,3%@1510,0%@1510] GR3D_FREQ 0% cpu@46.718C soc2@46C soc0@44.406C gpu@46.25C tj@46.718C soc1@44.375C VDD_IN 4153mW/4204mW VDD_CPU_GPU_CV 996mW/1042mW VDD_SOC 1397mW/1399mW
08-09-2026 23:56:25 RAM 3710/7620MB (lfb 3x2MB) SWAP 2/12002MB (cached 0MB) CPU [1%@1510,2%@1510,2%@1510,2%@1510,3%@1510,3%@1510] GR3D_FREQ 0% cpu@46.75C soc2@46.125C soc0@44.437C gpu@46.218C tj@46.875C soc1@44.562C VDD_IN 4153mW/4204mW VDD_CPU_GPU_CV 996mW/1042mW VDD_SOC 1397mW/1399mW
08-09-2026 23:56:26 RAM 3710/7620MB (lfb 3x2MB) SWAP 2/12002MB (cached 0MB) CPU [2%@1510,2%@1510,3%@1510,2%@1510,6%@1510,2%@1510] GR3D_FREQ 0% cpu@46.937C soc2@46.062C soc0@44.437C gpu@46.187C tj@46.937C soc1@44.343C VDD_IN 4193mW/4204mW VDD_CPU_GPU_CV 1036mW/1042mW VDD_SOC 1397mW/1399mW
08-09-2026 23:56:27 RAM 3711/7620MB (lfb 3x2MB) SWAP 2/12002MB (cached 0MB) CPU [3%@1510,2%@1510,4%@1510,3%@1510,5%@1510,5%@1510] GR3D_FREQ 0% cpu@47C soc2@46.062C soc0@44.437C gpu@46.25C tj@47C soc1@44.406C VDD_IN 4233mW/4204mW VDD_CPU_GPU_CV 1076mW/1042mW VDD_SOC 1397mW/1399mW
08-09-2026 23:56:28 RAM 3711/7620MB (lfb 3x2MB) SWAP 2/12002MB (cached 0MB) CPU [2%@1510,2%@1510,1%@1510,1%@1510,2%@1510,1%@1510] GR3D_FREQ 0% cpu@46.687C soc2@46.093C soc0@44.406C gpu@46.281C tj@46.687C soc1@44.375C VDD_IN 4153mW/4204mW VDD_CPU_GPU_CV 1036mW/1042mW VDD_SOC 1397mW/1399mW
08-09-2026 23:56:29 RAM 3711/7620MB (lfb 3x2MB) SWAP 2/12002MB (cached 0MB) CPU [3%@1510,4%@1510,1%@1510,0%@1510,4%@1510,0%@1510] GR3D_FREQ 0% cpu@46.812C soc2@46.125C soc0@44.343C gpu@46C tj@46.812C soc1@44.406C VDD_IN 4153mW/4203mW VDD_CPU_GPU_CV 996mW/1042mW VDD_SOC 1397mW/1399mW
08-09-2026 23:56:30 RAM 3711/7620MB (lfb 3x2MB) SWAP 2/12002MB (cached 0MB) CPU [4%@1510,1%@1510,1%@1510,0%@1510,2%@1510,1%@1510] GR3D_FREQ 0% cpu@46.75C soc2@46.156C soc0@44.406C gpu@46.062C tj@46.75C soc1@44.5C VDD_IN 4153mW/4203mW VDD_CPU_GPU_CV 996mW/1041mW VDD_SOC 1397mW/1398mW
08-09-2026 23:56:31 RAM 3712/7620MB (lfb 3x2MB) SWAP 2/12002MB (cached 0MB) CPU [4%@1510,2%@1510,1%@1510,3%@1510,5%@1510,3%@1510] GR3D_FREQ 0% cpu@46.781C soc2@46.187C soc0@44.437C gpu@46.031C tj@46.781C soc1@44.343C VDD_IN 4193mW/4203mW VDD_CPU_GPU_CV 1036mW/1041mW VDD_SOC 1397mW/1398mW
08-09-2026 23:56:32 RAM 3713/7620MB (lfb 3x2MB) SWAP 2/12002MB (cached 0MB) CPU [2%@1510,2%@1510,2%@1510,3%@1510,4%@1510,2%@1510] GR3D_FREQ 0% cpu@47.031C soc2@46.125C soc0@44.531C gpu@46.093C tj@47.031C soc1@44.312C VDD_IN 4153mW/4203mW VDD_CPU_GPU_CV 1036mW/1041mW VDD_SOC 1397mW/1398mW
08-09-2026 23:56:33 RAM 3711/7620MB (lfb 4x2MB) SWAP 2/12002MB (cached 0MB) CPU [5%@1510,3%@1510,4%@1510,2%@1510,4%@1510,5%@1510] GR3D_FREQ 0% cpu@46.843C soc2@46.125C soc0@44.375C gpu@46.093C tj@46.75C soc1@44.343C VDD_IN 4273mW/4203mW VDD_CPU_GPU_CV 1076mW/1041mW VDD_SOC 1397mW/1398mW
08-09-2026 23:56:34 RAM 3711/7620MB (lfb 4x2MB) SWAP 2/12002MB (cached 0MB) CPU [2%@1510,1%@1510,0%@1510,3%@1510,2%@1510,2%@1510] GR3D_FREQ 0% cpu@46.656C soc2@46.062C soc0@44.406C gpu@46.156C tj@46.687C soc1@44.437C VDD_IN 4153mW/4203mW VDD_CPU_GPU_CV 1036mW/1041mW VDD_SOC 1397mW/1398mW
08-09-2026 23:56:35 RAM 3711/7620MB (lfb 4x2MB) SWAP 2/12002MB (cached 0MB) CPU [1%@1510,4%@1510,2%@1510,3%@1510,1%@1510,2%@1510] GR3D_FREQ 0% cpu@46.75C soc2@46.156C soc0@44.406C gpu@46.062C tj@46.75C soc1@44.5C VDD_IN 4153mW/4202mW VDD_CPU_GPU_CV 996mW/1041mW VDD_SOC 1397mW/1398mW
08-09-2026 23:56:36 RAM 3711/7620MB (lfb 4x2MB) SWAP 2/12002MB (cached 0MB) CPU [3%@1510,1%@1510,2%@1510,3%@1510,5%@1510,2%@1510] GR3D_FREQ 0% cpu@46.75C soc2@46.156C soc0@44.531C gpu@46.093C tj@46.75C soc1@44.562C VDD_IN 4153mW/4202mW VDD_CPU_GPU_CV 1036mW/1041mW VDD_SOC 1397mW/1398mW
08-09-2026 23:56:37 RAM 3711/7620MB (lfb 4x2MB) SWAP 2/12002MB (cached 0MB) CPU [2%@1510,1%@1510,1%@1510,4%@1510,1%@1510,2%@1510] GR3D_FREQ 0% cpu@47.031C soc2@46.062C soc0@44.437C gpu@46.156C tj@47.031C soc1@44.343C VDD_IN 4153mW/4202mW VDD_CPU_GPU_CV 1036mW/1041mW VDD_SOC 1397mW/1398mW
08-09-2026 23:56:38 RAM 3711/7620MB (lfb 4x2MB) SWAP 2/12002MB (cached 0MB) CPU [1%@1510,2%@1510,2%@1510,4%@1510,0%@1510,1%@1510] GR3D_FREQ 0% cpu@46.843C soc2@46.031C soc0@44.593C gpu@46.375C tj@46.843C soc1@44.375C VDD_IN 4193mW/4202mW VDD_CPU_GPU_CV 1036mW/1041mW VDD_SOC 1397mW/1398mW
08-09-2026 23:56:39 RAM 3711/7620MB (lfb 4x2MB) SWAP 2/12002MB (cached 0MB) CPU [3%@1510,1%@1510,1%@1510,4%@1510,0%@1510,2%@1510] GR3D_FREQ 0% cpu@47.062C soc2@46.062C soc0@44.375C gpu@46.406C tj@47.062C soc1@44.375C VDD_IN 4153mW/4201mW VDD_CPU_GPU_CV 1036mW/1041mW VDD_SOC 1397mW/1398mW
08-09-2026 23:56:40 RAM 3711/7620MB (lfb 4x2MB) SWAP 2/12002MB (cached 0MB) CPU [1%@1510,1%@1510,0%@1510,2%@1510,1%@1510,3%@1510] GR3D_FREQ 0% cpu@46.781C soc2@46.125C soc0@44.375C gpu@46.437C tj@46.781C soc1@44.406C VDD_IN 4193mW/4201mW VDD_CPU_GPU_CV 996mW/1041mW VDD_SOC 1397mW/1398mW
08-09-2026 23:56:41 RAM 3711/7620MB (lfb 4x2MB) SWAP 2/12002MB (cached 0MB) CPU [2%@1510,2%@1510,6%@1510,3%@1510,4%@1510,4%@1510] GR3D_FREQ 0% cpu@46.781C soc2@46.125C soc0@44.375C gpu@46.437C tj@46.781C soc1@44.531C VDD_IN 4193mW/4201mW VDD_CPU_GPU_CV 1036mW/1041mW VDD_SOC 1397mW/1398mW
08-09-2026 23:56:42 RAM 3712/7620MB (lfb 4x2MB) SWAP 2/12002MB (cached 0MB) CPU [2%@1510,1%@1510,1%@1510,3%@1510,2%@1510,3%@1510] GR3D_FREQ 0% cpu@46.968C soc2@46.062C soc0@44.468C gpu@46.531C tj@46.968C soc1@44.343C VDD_IN 4153mW/4201mW VDD_CPU_GPU_CV 1036mW/1040mW VDD_SOC 1397mW/1398mW
08-09-2026 23:56:43 RAM 3712/7620MB (lfb 4x2MB) SWAP 2/12002MB (cached 0MB) CPU [1%@1510,0%@1510,1%@1510,2%@1510,1%@1510,4%@1510] GR3D_FREQ 0% cpu@46.812C soc2@46.093C soc0@44.625C gpu@46.562C tj@46.812C soc1@44.406C VDD_IN 4193mW/4201mW VDD_CPU_GPU_CV 996mW/1040mW VDD_SOC 1397mW/1398mW
08-09-2026 23:56:44 RAM 3711/7620MB (lfb 4x2MB) SWAP 2/12002MB (cached 0MB) CPU [2%@1510,1%@1510,3%@1510,1%@1510,2%@1510,4%@1510] GR3D_FREQ 0% cpu@47.125C soc2@46.093C soc0@44.406C gpu@46C tj@47.125C soc1@44.437C VDD_IN 4153mW/4200mW VDD_CPU_GPU_CV 1036mW/1040mW VDD_SOC 1397mW/1398mW
08-09-2026 23:56:45 RAM 3711/7620MB (lfb 4x2MB) SWAP 2/12002MB (cached 0MB) CPU [1%@1510,0%@1510,1%@1510,2%@1510,3%@1510,3%@1510] GR3D_FREQ 0% cpu@46.656C soc2@46.093C soc0@44.375C gpu@46C tj@46.656C soc1@44.375C VDD_IN 4153mW/4200mW VDD_CPU_GPU_CV 1036mW/1040mW VDD_SOC 1397mW/1398mW
08-09-2026 23:56:46 RAM 3712/7620MB (lfb 4x2MB) SWAP 2/12002MB (cached 0MB) CPU [2%@1510,1%@1510,2%@1510,3%@1510,4%@1510,4%@1510] GR3D_FREQ 0% cpu@46.781C soc2@46.125C soc0@44.437C gpu@46.093C tj@46.781C soc1@44.437C VDD_IN 4153mW/4200mW VDD_CPU_GPU_CV 1036mW/1040mW VDD_SOC 1397mW/1398mW
08-09-2026 23:56:47 RAM 3711/7620MB (lfb 4x2MB) SWAP 2/12002MB (cached 0MB) CPU [2%@1510,0%@1510,2%@1510,2%@1510,2%@1510,4%@1510] GR3D_FREQ 0% cpu@46.687C soc2@46.187C soc0@44.5C gpu@45.968C tj@46.687C soc1@44.312C VDD_IN 4153mW/4199mW VDD_CPU_GPU_CV 1036mW/1040mW VDD_SOC 1397mW/1398mW
08-09-2026 23:56:48 RAM 3711/7620MB (lfb 4x2MB) SWAP 2/12002MB (cached 0MB) CPU [2%@1510,2%@1510,1%@1510,2%@1510,2%@1510,5%@1510] GR3D_FREQ 0% cpu@46.906C soc2@46.062C soc0@44.562C gpu@46.062C tj@46.906C soc1@44.343C VDD_IN 4153mW/4199mW VDD_CPU_GPU_CV 996mW/1040mW VDD_SOC 1397mW/1398mW
08-09-2026 23:56:49 RAM 3711/7620MB (lfb 4x2MB) SWAP 2/12002MB (cached 0MB) CPU [2%@1510,0%@1510,1%@1510,1%@1510,1%@1510,5%@1510] GR3D_FREQ 0% cpu@47.093C soc2@46.031C soc0@44.5C gpu@46.25C tj@47.093C soc1@44.375C VDD_IN 4153mW/4199mW VDD_CPU_GPU_CV 1036mW/1040mW VDD_SOC 1397mW/1398mW
08-09-2026 23:56:50 RAM 3711/7620MB (lfb 4x2MB) SWAP 2/12002MB (cached 0MB) CPU [5%@1510,1%@1510,1%@1510,2%@1510,1%@1510,4%@1510] GR3D_FREQ 0% cpu@46.875C soc2@46.062C soc0@44.375C gpu@46.281C tj@46.656C soc1@44.437C VDD_IN 4193mW/4199mW VDD_CPU_GPU_CV 1036mW/1040mW VDD_SOC 1397mW/1398mW
08-09-2026 23:56:51 RAM 3711/7620MB (lfb 4x2MB) SWAP 2/12002MB (cached 0MB) CPU [3%@1510,1%@1510,4%@1510,4%@1510,3%@1510,2%@1510] GR3D_FREQ 0% cpu@46.687C soc2@46.125C soc0@44.468C gpu@46.187C tj@46.812C soc1@44.531C VDD_IN 4153mW/4198mW VDD_CPU_GPU_CV 1036mW/1040mW VDD_SOC 1397mW/1398mW
08-09-2026 23:56:52 RAM 3711/7620MB (lfb 4x2MB) SWAP 2/12002MB (cached 0MB) CPU [2%@1510,3%@1510,3%@1510,5%@1510,1%@1510,2%@1510] GR3D_FREQ 0% cpu@46.781C soc2@46.187C soc0@44.468C gpu@46.281C tj@46.781C soc1@44.531C VDD_IN 4153mW/4198mW VDD_CPU_GPU_CV 1036mW/1040mW VDD_SOC 1397mW/1398mW
08-09-2026 23:56:53 RAM 3710/7620MB (lfb 4x2MB) SWAP 2/12002MB (cached 0MB) CPU [2%@1510,1%@1510,1%@1510,3%@1510,1%@1510,2%@1510] GR3D_FREQ 0% cpu@46.843C soc2@46.062C soc0@44.531C gpu@46.375C tj@46.843C soc1@44.375C VDD_IN 4193mW/4198mW VDD_CPU_GPU_CV 1036mW/1040mW VDD_SOC 1397mW/1398mW
08-09-2026 23:56:54 RAM 3710/7620MB (lfb 4x2MB) SWAP 2/12002MB (cached 0MB) CPU [2%@1510,2%@1510,2%@1510,3%@1510,1%@1510,2%@1510] GR3D_FREQ 0% cpu@47.062C soc2@46.125C soc0@44.593C gpu@46.281C tj@47.062C soc1@44.343C VDD_IN 4153mW/4198mW VDD_CPU_GPU_CV 1036mW/1040mW VDD_SOC 1397mW/1398mW
08-09-2026 23:56:55 RAM 3711/7620MB (lfb 4x2MB) SWAP 2/12002MB (cached 0MB) CPU [3%@1510,1%@1510,2%@1510,3%@1510,0%@1510,2%@1510] GR3D_FREQ 0% cpu@46.875C soc2@46.093C soc0@44.468C gpu@46.343C tj@46.875C soc1@44.375C VDD_IN 4193mW/4198mW VDD_CPU_GPU_CV 1036mW/1040mW VDD_SOC 1397mW/1398mW
08-09-2026 23:56:56 RAM 3711/7620MB (lfb 4x2MB) SWAP 2/12002MB (cached 0MB) CPU [2%@1510,3%@1510,4%@1510,1%@1510,4%@1510,2%@1510] GR3D_FREQ 0% cpu@46.75C soc2@46.062C soc0@44.468C gpu@46.375C tj@46.75C soc1@44.437C VDD_IN 4193mW/4198mW VDD_CPU_GPU_CV 1036mW/1040mW VDD_SOC 1397mW/1398mW
08-09-2026 23:56:57 RAM 3710/7620MB (lfb 4x2MB) SWAP 2/12002MB (cached 0MB) CPU [5%@1510,1%@1510,2%@1510,2%@1510,3%@1510,2%@1510] GR3D_FREQ 0% cpu@46.75C soc2@46.218C soc0@44.406C gpu@46.406C tj@46.75C soc1@44.531C VDD_IN 4193mW/4198mW VDD_CPU_GPU_CV 1036mW/1040mW VDD_SOC 1397mW/1398mW
08-09-2026 23:56:58 RAM 3710/7620MB (lfb 4x2MB) SWAP 2/12002MB (cached 0MB) CPU [3%@1510,1%@1510,1%@1510,2%@1510,2%@1510,0%@1510] GR3D_FREQ 0% cpu@46.812C soc2@46.187C soc0@44.406C gpu@46.093C tj@46.812C soc1@44.343C VDD_IN 4153mW/4197mW VDD_CPU_GPU_CV 1036mW/1040mW VDD_SOC 1397mW/1398mW
08-09-2026 23:56:59 RAM 3710/7620MB (lfb 4x2MB) SWAP 2/12002MB (cached 0MB) CPU [2%@1510,0%@1510,3%@1510,2%@1510,3%@1510,2%@1510] GR3D_FREQ 0% cpu@47.093C soc2@46.062C soc0@44.531C gpu@46.156C tj@47.093C soc1@44.406C VDD_IN 4153mW/4197mW VDD_CPU_GPU_CV 1036mW/1039mW VDD_SOC 1397mW/1398mW
08-09-2026 23:57:00 RAM 3710/7620MB (lfb 4x2MB) SWAP 2/12002MB (cached 0MB) CPU [2%@1510,2%@1510,1%@1510,3%@1510,3%@1510,0%@1510] GR3D_FREQ 0% cpu@46.875C soc2@46.125C soc0@44.375C gpu@46.156C tj@46.812C soc1@44.375C VDD_IN 4193mW/4197mW VDD_CPU_GPU_CV 1036mW/1039mW VDD_SOC 1397mW/1398mW
08-09-2026 23:57:01 RAM 3709/7620MB (lfb 4x2MB) SWAP 2/12002MB (cached 0MB) CPU [1%@1510,2%@1510,2%@1510,2%@1510,5%@1510,5%@1510] GR3D_FREQ 0% cpu@46.718C soc2@46.156C soc0@44.375C gpu@46.156C tj@46.718C soc1@44.375C VDD_IN 4193mW/4197mW VDD_CPU_GPU_CV 1036mW/1039mW VDD_SOC 1397mW/1398mW
08-09-2026 23:57:02 RAM 3710/7620MB (lfb 4x2MB) SWAP 2/12002MB (cached 0MB) CPU [2%@1510,1%@1510,1%@1510,3%@1510,4%@1510,2%@1510] GR3D_FREQ 0% cpu@46.75C soc2@46.062C soc0@44.468C gpu@46.25C tj@46.75C soc1@44.406C VDD_IN 4193mW/4197mW VDD_CPU_GPU_CV 1036mW/1039mW VDD_SOC 1397mW/1398mW
08-09-2026 23:57:03 RAM 3710/7620MB (lfb 4x2MB) SWAP 2/12002MB (cached 0MB) CPU [3%@1510,2%@1510,2%@1510,1%@1510,2%@1510,2%@1510] GR3D_FREQ 0% cpu@46.906C soc2@46.218C soc0@44.468C gpu@46.187C tj@46.906C soc1@44.625C VDD_IN 4153mW/4197mW VDD_CPU_GPU_CV 1036mW/1039mW VDD_SOC 1397mW/1398mW
08-09-2026 23:57:04 RAM 3710/7620MB (lfb 4x2MB) SWAP 2/12002MB (cached 0MB) CPU [1%@1510,2%@1510,2%@1510,1%@1510,3%@1510,3%@1510] GR3D_FREQ 0% cpu@46.812C soc2@46.062C soc0@44.531C gpu@46.187C tj@47.093C soc1@44.343C VDD_IN 4153mW/4197mW VDD_CPU_GPU_CV 1036mW/1039mW VDD_SOC 1397mW/1398mW
08-09-2026 23:57:05 RAM 3710/7620MB (lfb 4x2MB) SWAP 2/12002MB (cached 0MB) CPU [1%@1510,1%@1510,1%@1510,2%@1510,3%@1510,1%@1510] GR3D_FREQ 0% cpu@46.875C soc2@46.093C soc0@44.531C gpu@46.156C tj@46.875C soc1@44.375C VDD_IN 4193mW/4197mW VDD_CPU_GPU_CV 1036mW/1039mW VDD_SOC 1397mW/1398mW
08-09-2026 23:57:07 RAM 3710/7620MB (lfb 4x2MB) SWAP 2/12002MB (cached 0MB) CPU [4%@1510,3%@1510,4%@1510,4%@1510,3%@1510,2%@1510] GR3D_FREQ 0% cpu@46.718C soc2@46.125C soc0@44.406C gpu@46.218C tj@46.718C soc1@44.437C VDD_IN 4193mW/4197mW VDD_CPU_GPU_CV 1036mW/1039mW VDD_SOC 1397mW/1398mW
08-09-2026 23:57:08 RAM 3710/7620MB (lfb 4x2MB) SWAP 2/12002MB (cached 0MB) CPU [2%@1510,2%@1510,2%@1510,2%@1510,3%@1510,2%@1510] GR3D_FREQ 0% cpu@46.75C soc2@46.031C soc0@44.468C gpu@46.218C tj@46.75C soc1@44.5C VDD_IN 4193mW/4197mW VDD_CPU_GPU_CV 1036mW/1039mW VDD_SOC 1397mW/1398mW
08-09-2026 23:57:09 RAM 3710/7620MB (lfb 4x2MB) SWAP 2/12002MB (cached 0MB) CPU [2%@1510,2%@1510,2%@1510,2%@1510,3%@1510,1%@1510] GR3D_FREQ 0% cpu@46.843C soc2@46.125C soc0@44.468C gpu@46.25C tj@46.843C soc1@44.437C VDD_IN 4193mW/4197mW VDD_CPU_GPU_CV 1036mW/1039mW VDD_SOC 1397mW/1398mW
08-09-2026 23:57:10 RAM 3710/7620MB (lfb 4x2MB) SWAP 2/12002MB (cached 0MB) CPU [2%@1510,1%@1510,1%@1510,1%@1510,3%@1510,1%@1510] GR3D_FREQ 0% cpu@46.781C soc2@46.156C soc0@44.5C gpu@46.25C tj@46.781C soc1@44.625C VDD_IN 4153mW/4196mW VDD_CPU_GPU_CV 996mW/1039mW VDD_SOC 1397mW/1398mW
08-09-2026 23:57:11 RAM 3710/7620MB (lfb 4x2MB) SWAP 2/12002MB (cached 0MB) CPU [1%@1510,2%@1510,4%@1510,1%@1510,5%@1510,2%@1510] GR3D_FREQ 0% cpu@46.875C soc2@46.187C soc0@44.5C gpu@46C tj@46.875C soc1@44.375C VDD_IN 4193mW/4196mW VDD_CPU_GPU_CV 1036mW/1039mW VDD_SOC 1397mW/1398mW
08-09-2026 23:57:12 RAM 3710/7620MB (lfb 4x2MB) SWAP 2/12002MB (cached 0MB) CPU [3%@1510,2%@1510,4%@1510,3%@1510,5%@1510,1%@1510] GR3D_FREQ 0% cpu@46.781C soc2@46.093C soc0@44.406C gpu@46.062C tj@46.781C soc1@44.375C VDD_IN 4193mW/4196mW VDD_CPU_GPU_CV 1036mW/1039mW VDD_SOC 1397mW/1398mW
08-09-2026 23:57:13 RAM 3708/7620MB (lfb 4x2MB) SWAP 2/12002MB (cached 0MB) CPU [2%@1510,3%@1510,1%@1510,4%@1510,1%@1510,1%@1510] GR3D_FREQ 0% cpu@47.062C soc2@46.093C soc0@44.343C gpu@46.031C tj@47.062C soc1@44.375C VDD_IN 4153mW/4196mW VDD_CPU_GPU_CV 1036mW/1039mW VDD_SOC 1397mW/1398mW
08-09-2026 23:57:14 RAM 3708/7620MB (lfb 4x2MB) SWAP 2/12002MB (cached 0MB) CPU [3%@1510,1%@1510,1%@1510,3%@1510,2%@1510,1%@1510] GR3D_FREQ 0% cpu@46.718C soc2@46.156C soc0@44.5C gpu@46.062C tj@46.718C soc1@44.468C VDD_IN 4153mW/4196mW VDD_CPU_GPU_CV 996mW/1039mW VDD_SOC 1397mW/1398mW
08-09-2026 23:57:15 RAM 3708/7620MB (lfb 4x2MB) SWAP 2/12002MB (cached 0MB) CPU [2%@1510,2%@1510,1%@1510,3%@1510,1%@1510,0%@1510] GR3D_FREQ 0% cpu@46.75C soc2@46.156C soc0@44.468C gpu@46.093C tj@46.75C soc1@44.593C VDD_IN 4153mW/4195mW VDD_CPU_GPU_CV 996mW/1038mW VDD_SOC 1397mW/1398mW
08-09-2026 23:57:16 RAM 3708/7620MB (lfb 4x2MB) SWAP 2/12002MB (cached 0MB) CPU [3%@1510,3%@1510,1%@1510,4%@1510,3%@1510,2%@1510] GR3D_FREQ 0% cpu@46.937C soc2@46.093C soc0@44.531C gpu@46.093C tj@46.937C soc1@44.343C VDD_IN 4193mW/4195mW VDD_CPU_GPU_CV 1036mW/1038mW VDD_SOC 1397mW/1398mW
08-09-2026 23:57:17 RAM 3708/7620MB (lfb 4x2MB) SWAP 2/12002MB (cached 0MB) CPU [2%@1510,1%@1510,2%@1510,4%@1510,3%@1510,2%@1510] GR3D_FREQ 0% cpu@46.781C soc2@46.156C soc0@44.593C gpu@46.125C tj@46.718C soc1@44.375C VDD_IN 4153mW/4195mW VDD_CPU_GPU_CV 1036mW/1038mW VDD_SOC 1397mW/1398mW
08-09-2026 23:57:18 RAM 3708/7620MB (lfb 4x2MB) SWAP 2/12002MB (cached 0MB) CPU [3%@1510,1%@1510,2%@1510,3%@1510,2%@1510,2%@1510] GR3D_FREQ 0% cpu@47.062C soc2@46.093C soc0@44.375C gpu@46.062C tj@47C soc1@44.406C VDD_IN 4153mW/4195mW VDD_CPU_GPU_CV 1036mW/1038mW VDD_SOC 1397mW/1398mW
08-09-2026 23:57:19 RAM 3708/7620MB (lfb 4x2MB) SWAP 2/12002MB (cached 0MB) CPU [4%@1510,1%@1510,1%@1510,4%@1510,1%@1510,1%@1510] GR3D_FREQ 0% cpu@46.656C soc2@46.125C soc0@44.375C gpu@46.093C tj@46.656C soc1@44.375C VDD_IN 4193mW/4195mW VDD_CPU_GPU_CV 1036mW/1038mW VDD_SOC 1397mW/1398mW
08-09-2026 23:57:20 RAM 3708/7620MB (lfb 4x2MB) SWAP 2/12002MB (cached 0MB) CPU [2%@1510,0%@1510,1%@1510,3%@1510,3%@1510,1%@1510] GR3D_FREQ 0% cpu@46.75C soc2@46.218C soc0@44.406C gpu@46.125C tj@46.75C soc1@44.531C VDD_IN 4153mW/4195mW VDD_CPU_GPU_CV 1036mW/1038mW VDD_SOC 1397mW/1398mW
08-09-2026 23:57:21 RAM 3708/7620MB (lfb 4x2MB) SWAP 2/12002MB (cached 0MB) CPU [1%@1510,2%@1510,1%@1510,3%@1510,2%@1510,3%@1510] GR3D_FREQ 0% cpu@46.968C soc2@46.156C soc0@44.531C gpu@46.093C tj@46.968C soc1@44.406C VDD_IN 4233mW/4195mW VDD_CPU_GPU_CV 1076mW/1039mW VDD_SOC 1397mW/1398mW
08-09-2026 23:57:22 RAM 3708/7620MB (lfb 4x2MB) SWAP 2/12002MB (cached 0MB) CPU [1%@1510,2%@1510,2%@1510,0%@1510,4%@1510,2%@1510] GR3D_FREQ 0% cpu@46.687C soc2@46.062C soc0@44.562C gpu@46.375C tj@46.687C soc1@44.375C VDD_IN 4193mW/4195mW VDD_CPU_GPU_CV 1036mW/1039mW VDD_SOC 1397mW/1398mW
08-09-2026 23:57:23 RAM 3708/7620MB (lfb 4x2MB) SWAP 2/12002MB (cached 0MB) CPU [3%@1510,2%@1510,1%@1510,2%@1510,3%@1510,3%@1510] GR3D_FREQ 0% cpu@47.031C soc2@46.156C soc0@44.375C gpu@46.375C tj@47.031C soc1@44.375C VDD_IN 4153mW/4195mW VDD_CPU_GPU_CV 1036mW/1039mW VDD_SOC 1397mW/1398mW
08-09-2026 23:57:24 RAM 3708/7620MB (lfb 4x2MB) SWAP 2/12002MB (cached 0MB) CPU [2%@1510,1%@1510,1%@1510,1%@1510,3%@1510,2%@1510] GR3D_FREQ 0% cpu@46.812C soc2@46.156C soc0@44.375C gpu@46.375C tj@46.812C soc1@44.406C VDD_IN 4153mW/4194mW VDD_CPU_GPU_CV 996mW/1038mW VDD_SOC 1397mW/1398mW
08-09-2026 23:57:25 RAM 3708/7620MB (lfb 4x2MB) SWAP 2/12002MB (cached 0MB) CPU [2%@1510,3%@1510,0%@1510,1%@1510,4%@1510,1%@1510] GR3D_FREQ 0% cpu@46.75C soc2@46.156C soc0@44.406C gpu@46.406C tj@46.75C soc1@44.468C VDD_IN 4153mW/4194mW VDD_CPU_GPU_CV 996mW/1038mW VDD_SOC 1397mW/1398mW
08-09-2026 23:57:26 RAM 3708/7620MB (lfb 4x2MB) SWAP 2/12002MB (cached 0MB) CPU [2%@1510,1%@1510,4%@1510,2%@1510,3%@1510,4%@1510] GR3D_FREQ 0% cpu@46.906C soc2@46.187C soc0@44.468C gpu@46.468C tj@46.906C soc1@44.5C VDD_IN 4273mW/4195mW VDD_CPU_GPU_CV 1076mW/1038mW VDD_SOC 1395mW/1398mW
08-09-2026 23:57:27 RAM 3708/7620MB (lfb 4x2MB) SWAP 2/12002MB (cached 0MB) CPU [3%@1510,0%@1510,1%@1510,3%@1510,4%@1510,1%@1510] GR3D_FREQ 0% cpu@46.875C soc2@46.062C soc0@44.531C gpu@46.468C tj@46.875C soc1@44.375C VDD_IN 4233mW/4195mW VDD_CPU_GPU_CV 1036mW/1038mW VDD_SOC 1397mW/1398mW
08-09-2026 23:57:28 RAM 3708/7620MB (lfb 4x2MB) SWAP 2/12002MB (cached 0MB) CPU [3%@1510,1%@1510,1%@1510,1%@1510,5%@1510,2%@1510] GR3D_FREQ 0% cpu@46.968C soc2@46.156C soc0@44.593C gpu@46C tj@46.968C soc1@44.375C VDD_IN 4153mW/4195mW VDD_CPU_GPU_CV 1036mW/1038mW VDD_SOC 1397mW/1398mW
08-09-2026 23:57:29 RAM 3708/7620MB (lfb 4x2MB) SWAP 2/12002MB (cached 0MB) CPU [3%@1510,1%@1510,2%@1510,2%@1510,3%@1510,0%@1510] GR3D_FREQ 0% cpu@46.75C soc2@46.093C soc0@44.406C gpu@46.062C tj@46.75C soc1@44.343C VDD_IN 4193mW/4195mW VDD_CPU_GPU_CV 1036mW/1038mW VDD_SOC 1397mW/1398mW
08-09-2026 23:57:30 RAM 3708/7620MB (lfb 4x2MB) SWAP 2/12002MB (cached 0MB) CPU [1%@1510,2%@1510,1%@1510,2%@1510,3%@1510,1%@1510] GR3D_FREQ 0% cpu@46.781C soc2@46.031C soc0@44.437C gpu@46.062C tj@46.781C soc1@44.437C VDD_IN 4153mW/4194mW VDD_CPU_GPU_CV 996mW/1038mW VDD_SOC 1397mW/1398mW
08-09-2026 23:57:31 RAM 3708/7620MB (lfb 4x2MB) SWAP 2/12002MB (cached 0MB) CPU [2%@1510,2%@1510,3%@1510,4%@1510,4%@1510,2%@1510] GR3D_FREQ 0% cpu@46.75C soc2@46.125C soc0@44.5C gpu@46.093C tj@46.906C soc1@44.531C VDD_IN 4233mW/4195mW VDD_CPU_GPU_CV 1076mW/1038mW VDD_SOC 1395mW/1398mW
08-09-2026 23:57:32 RAM 3708/7620MB (lfb 4x2MB) SWAP 2/12002MB (cached 0MB) CPU [1%@1510,1%@1510,2%@1510,4%@1510,3%@1510,1%@1510] GR3D_FREQ 0% cpu@46.781C soc2@46.218C soc0@44.531C gpu@46.156C tj@46.781C soc1@44.281C VDD_IN 4193mW/4195mW VDD_CPU_GPU_CV 1036mW/1038mW VDD_SOC 1397mW/1398mW
08-09-2026 23:57:33 RAM 3708/7620MB (lfb 4x2MB) SWAP 2/12002MB (cached 0MB) CPU [2%@1510,2%@1510,2%@1510,2%@1510,2%@1510,2%@1510] GR3D_FREQ 0% cpu@46.968C soc2@46.062C soc0@44.562C gpu@46.312C tj@46.968C soc1@44.375C VDD_IN 4153mW/4194mW VDD_CPU_GPU_CV 996mW/1038mW VDD_SOC 1397mW/1398mW
08-09-2026 23:57:34 RAM 3708/7620MB (lfb 4x2MB) SWAP 2/12002MB (cached 0MB) CPU [3%@1510,0%@1510,1%@1510,2%@1510,2%@1510,0%@1510] GR3D_FREQ 0% cpu@46.812C soc2@46.093C soc0@44.375C gpu@46.281C tj@46.812C soc1@44.375C VDD_IN 4153mW/4194mW VDD_CPU_GPU_CV 996mW/1038mW VDD_SOC 1397mW/1398mW
08-09-2026 23:57:35 RAM 3707/7620MB (lfb 4x2MB) SWAP 2/12002MB (cached 0MB) CPU [8%@1510,8%@1510,8%@1510,5%@1510,9%@1510,8%@1510] GR3D_FREQ 0% cpu@46.906C soc2@46.093C soc0@44.375C gpu@46.281C tj@46.906C soc1@44.375C VDD_IN 4545mW/4196mW VDD_CPU_GPU_CV 1234mW/1039mW VDD_SOC 1435mW/1398mW
08-09-2026 23:57:36 RAM 3707/7620MB (lfb 4x2MB) SWAP 2/12002MB (cached 0MB) CPU [2%@1510,2%@1510,3%@1510,4%@1510,2%@1510,2%@1510] GR3D_FREQ 0% cpu@46.812C soc2@46.187C soc0@44.437C gpu@46.25C tj@46.812C soc1@44.437C VDD_IN 4273mW/4196mW VDD_CPU_GPU_CV 1076mW/1039mW VDD_SOC 1395mW/1398mW
08-09-2026 23:57:37 RAM 3707/7620MB (lfb 4x2MB) SWAP 2/12002MB (cached 0MB) CPU [2%@1510,1%@1510,3%@1510,4%@1510,2%@1510,1%@1510] GR3D_FREQ 0% cpu@46.843C soc2@46.187C soc0@44.562C gpu@46.343C tj@46.843C soc1@44.312C VDD_IN 4193mW/4196mW VDD_CPU_GPU_CV 1036mW/1039mW VDD_SOC 1397mW/1398mW
08-09-2026 23:57:38 RAM 3707/7620MB (lfb 4x2MB) SWAP 2/12002MB (cached 0MB) CPU [2%@1510,2%@1510,3%@1510,3%@1510,1%@1510,1%@1510] GR3D_FREQ 0% cpu@46.937C soc2@46.093C soc0@44.468C gpu@46.375C tj@46.937C soc1@44.375C VDD_IN 4153mW/4196mW VDD_CPU_GPU_CV 1036mW/1039mW VDD_SOC 1397mW/1398mW
08-09-2026 23:57:39 RAM 3707/7620MB (lfb 4x2MB) SWAP 2/12002MB (cached 0MB) CPU [4%@1510,3%@1510,2%@1510,3%@1510,0%@1510,2%@1510] GR3D_FREQ 0% cpu@46.812C soc2@46.156C soc0@44.531C gpu@46.281C tj@46.812C soc1@44.375C VDD_IN 4193mW/4196mW VDD_CPU_GPU_CV 1036mW/1039mW VDD_SOC 1397mW/1398mW
08-09-2026 23:57:40 RAM 3707/7620MB (lfb 4x2MB) SWAP 2/12002MB (cached 0MB) CPU [2%@1510,1%@1510,1%@1510,4%@1510,2%@1510,1%@1510] GR3D_FREQ 0% cpu@47.093C soc2@46.093C soc0@44.406C gpu@46.343C tj@47.093C soc1@44.437C VDD_IN 4153mW/4196mW VDD_CPU_GPU_CV 1036mW/1039mW VDD_SOC 1397mW/1398mW
08-09-2026 23:57:41 RAM 3707/7620MB (lfb 4x2MB) SWAP 2/12002MB (cached 0MB) CPU [3%@1510,1%@1510,4%@1510,4%@1510,2%@1510,2%@1510] GR3D_FREQ 0% cpu@46.781C soc2@46.218C soc0@44.406C gpu@46.375C tj@46.781C soc1@44.5C VDD_IN 4233mW/4196mW VDD_CPU_GPU_CV 1076mW/1039mW VDD_SOC 1395mW/1398mW
08-09-2026 23:57:42 RAM 3706/7620MB (lfb 4x2MB) SWAP 2/12002MB (cached 0MB) CPU [2%@1510,2%@1510,2%@1510,4%@1510,2%@1510,1%@1510] GR3D_FREQ 0% cpu@46.843C soc2@46.156C soc0@44.437C gpu@46.093C tj@46.843C soc1@44.5C VDD_IN 4233mW/4196mW VDD_CPU_GPU_CV 1036mW/1039mW VDD_SOC 1397mW/1398mW
08-09-2026 23:57:43 RAM 3706/7620MB (lfb 4x2MB) SWAP 2/12002MB (cached 0MB) CPU [2%@1510,1%@1510,2%@1510,3%@1510,2%@1510,2%@1510] GR3D_FREQ 0% cpu@47C soc2@46.218C soc0@44.5C gpu@46.218C tj@47C soc1@44.375C VDD_IN 4193mW/4196mW VDD_CPU_GPU_CV 1036mW/1039mW VDD_SOC 1397mW/1398mW
08-09-2026 23:57:44 RAM 3706/7620MB (lfb 4x2MB) SWAP 2/12002MB (cached 0MB) CPU [1%@1510,1%@1510,1%@1510,3%@1510,2%@1510,3%@1510] GR3D_FREQ 0% cpu@46.843C soc2@46.062C soc0@44.562C gpu@46.187C tj@46.781C soc1@44.312C VDD_IN 4153mW/4196mW VDD_CPU_GPU_CV 1036mW/1039mW VDD_SOC 1397mW/1398mW
08-09-2026 23:57:45 RAM 3706/7620MB (lfb 4x2MB) SWAP 2/12002MB (cached 0MB) CPU [2%@1510,2%@1510,3%@1510,2%@1510,1%@1510,1%@1510] GR3D_FREQ 0% cpu@47.093C soc2@46.093C soc0@44.468C gpu@46.218C tj@47.093C soc1@44.406C VDD_IN 4153mW/4196mW VDD_CPU_GPU_CV 1036mW/1039mW VDD_SOC 1397mW/1398mW
08-09-2026 23:57:46 RAM 3707/7620MB (lfb 4x2MB) SWAP 2/12002MB (cached 0MB) CPU [1%@1510,2%@1510,3%@1510,4%@1510,4%@1510,2%@1510] GR3D_FREQ 0% cpu@46.75C soc2@46.156C soc0@44.437C gpu@46.187C tj@46.75C soc1@44.406C VDD_IN 4233mW/4196mW VDD_CPU_GPU_CV 1076mW/1039mW VDD_SOC 1397mW/1398mW
08-09-2026 23:57:47 RAM 3706/7620MB (lfb 4x2MB) SWAP 2/12002MB (cached 0MB) CPU [3%@1510,1%@1510,4%@1510,2%@1510,3%@1510,1%@1510] GR3D_FREQ 0% cpu@46.875C soc2@46.156C soc0@44.406C gpu@46.218C tj@46.875C soc1@44.593C VDD_IN 4233mW/4196mW VDD_CPU_GPU_CV 1036mW/1039mW VDD_SOC 1397mW/1398mW
08-09-2026 23:57:48 RAM 3706/7620MB (lfb 4x2MB) SWAP 2/12002MB (cached 0MB) CPU [2%@1510,2%@1510,2%@1510,2%@1510,3%@1510,2%@1510] GR3D_FREQ 0% cpu@47C soc2@46.218C soc0@44.468C gpu@46.187C tj@47C soc1@44.593C VDD_IN 4193mW/4196mW VDD_CPU_GPU_CV 1036mW/1039mW VDD_SOC 1397mW/1398mW
08-09-2026 23:57:49 RAM 3706/7620MB (lfb 4x2MB) SWAP 2/12002MB (cached 0MB) CPU [2%@1510,1%@1510,2%@1510,5%@1510,1%@1510,1%@1510] GR3D_FREQ 0% cpu@46.875C soc2@46.093C soc0@44.562C gpu@46.218C tj@46.875C soc1@44.312C VDD_IN 4153mW/4196mW VDD_CPU_GPU_CV 1036mW/1039mW VDD_SOC 1397mW/1398mW
08-09-2026 23:57:50 RAM 3706/7620MB (lfb 4x2MB) SWAP 2/12002MB (cached 0MB) CPU [2%@1510,2%@1510,1%@1510,2%@1510,3%@1510,1%@1510] GR3D_FREQ 0% cpu@47.062C soc2@46.125C soc0@44.375C gpu@46.156C tj@47.062C soc1@44.406C VDD_IN 4153mW/4196mW VDD_CPU_GPU_CV 1036mW/1039mW VDD_SOC 1397mW/1398mW
08-09-2026 23:57:51 RAM 3707/7620MB (lfb 4x2MB) SWAP 2/12002MB (cached 0MB) CPU [1%@1510,2%@1510,2%@1510,4%@1510,4%@1510,1%@1510] GR3D_FREQ 0% cpu@46.687C soc2@46.156C soc0@44.531C gpu@46.187C tj@46.687C soc1@44.375C VDD_IN 4233mW/4196mW VDD_CPU_GPU_CV 1076mW/1039mW VDD_SOC 1397mW/1398mW
08-09-2026 23:57:52 RAM 3708/7620MB (lfb 4x2MB) SWAP 2/12002MB (cached 0MB) CPU [2%@1510,2%@1510,1%@1510,4%@1510,3%@1510,3%@1510] GR3D_FREQ 0% cpu@46.718C soc2@46.156C soc0@44.5C gpu@46C tj@46.718C soc1@44.468C VDD_IN 4233mW/4196mW VDD_CPU_GPU_CV 1036mW/1039mW VDD_SOC 1397mW/1398mW
08-09-2026 23:57:53 RAM 3708/7620MB (lfb 4x2MB) SWAP 2/12002MB (cached 0MB) CPU [2%@1510,2%@1510,0%@1510,4%@1510,3%@1510,3%@1510] GR3D_FREQ 0% cpu@46.812C soc2@46.218C soc0@44.437C gpu@46.031C tj@46.812C soc1@44.593C VDD_IN 4153mW/4196mW VDD_CPU_GPU_CV 1036mW/1039mW VDD_SOC 1397mW/1398mW
08-09-2026 23:57:54 RAM 3708/7620MB (lfb 4x2MB) SWAP 2/12002MB (cached 0MB) CPU [2%@1510,1%@1510,3%@1510,3%@1510,2%@1510,1%@1510] GR3D_FREQ 0% cpu@46.968C soc2@46.062C soc0@44.5C gpu@46C tj@46.968C soc1@44.343C VDD_IN 4193mW/4196mW VDD_CPU_GPU_CV 1036mW/1039mW VDD_SOC 1397mW/1398mW
08-09-2026 23:57:55 RAM 3708/7620MB (lfb 4x2MB) SWAP 2/12002MB (cached 0MB) CPU [2%@1510,2%@1510,1%@1510,4%@1510,1%@1510,1%@1510] GR3D_FREQ 0% cpu@47.062C soc2@46.187C soc0@44.5C gpu@46.031C tj@47.062C soc1@44.375C VDD_IN 4153mW/4196mW VDD_CPU_GPU_CV 996mW/1039mW VDD_SOC 1397mW/1398mW
08-09-2026 23:57:56 RAM 3708/7620MB (lfb 4x2MB) SWAP 2/12002MB (cached 0MB) CPU [2%@1510,2%@1510,5%@1510,3%@1510,2%@1510,2%@1510] GR3D_FREQ 0% cpu@46.656C soc2@46.125C soc0@44.375C gpu@46.062C tj@46.656C soc1@44.375C VDD_IN 4233mW/4196mW VDD_CPU_GPU_CV 1076mW/1039mW VDD_SOC 1397mW/1398mW
08-09-2026 23:57:57 RAM 3709/7620MB (lfb 4x2MB) SWAP 2/12002MB (cached 0MB) CPU [1%@1510,1%@1510,4%@1510,3%@1510,3%@1510,2%@1510] GR3D_FREQ 0% cpu@46.781C soc2@46.187C soc0@44.437C gpu@46.156C tj@46.781C soc1@44.406C VDD_IN 4233mW/4196mW VDD_CPU_GPU_CV 1036mW/1039mW VDD_SOC 1397mW/1398mW
08-09-2026 23:57:58 RAM 3709/7620MB (lfb 4x2MB) SWAP 2/12002MB (cached 0MB) CPU [4%@1510,0%@1510,1%@1510,3%@1510,2%@1510,0%@1510] GR3D_FREQ 0% cpu@46.656C soc2@46.187C soc0@44.5C gpu@46.093C tj@46.656C soc1@44.5C VDD_IN 4193mW/4196mW VDD_CPU_GPU_CV 1036mW/1039mW VDD_SOC 1397mW/1398mW
08-09-2026 23:57:59 RAM 3709/7620MB (lfb 4x2MB) SWAP 2/12002MB (cached 0MB) CPU [4%@1510,2%@1510,0%@1510,3%@1510,3%@1510,2%@1510] GR3D_FREQ 0% cpu@46.843C soc2@46.281C soc0@44.5C gpu@46.125C tj@46.843C soc1@44.312C VDD_IN 4153mW/4196mW VDD_CPU_GPU_CV 1036mW/1039mW VDD_SOC 1397mW/1398mW
08-09-2026 23:58:00 RAM 3709/7620MB (lfb 4x2MB) SWAP 2/12002MB (cached 0MB) CPU [2%@1510,1%@1510,0%@1510,4%@1510,1%@1510,2%@1510] GR3D_FREQ 0% cpu@47.093C soc2@46.062C soc0@44.562C gpu@46.125C tj@47.093C soc1@44.312C VDD_IN 4153mW/4196mW VDD_CPU_GPU_CV 1036mW/1039mW VDD_SOC 1397mW/1398mW
08-09-2026 23:58:01 RAM 3709/7620MB (lfb 4x2MB) SWAP 2/12002MB (cached 0MB) CPU [2%@1510,1%@1510,1%@1510,3%@1510,4%@1510,2%@1510] GR3D_FREQ 0% cpu@46.875C soc2@46.093C soc0@44.437C gpu@46.125C tj@46.875C soc1@44.375C VDD_IN 4233mW/4196mW VDD_CPU_GPU_CV 1036mW/1039mW VDD_SOC 1397mW/1398mW
08-09-2026 23:58:02 RAM 3708/7620MB (lfb 4x2MB) SWAP 2/12002MB (cached 0MB) CPU [1%@1510,1%@1510,3%@1510,3%@1510,2%@1510,2%@1510] GR3D_FREQ 0% cpu@47.187C soc2@46.156C soc0@44.468C gpu@46.375C tj@47.187C soc1@44.406C VDD_IN 4193mW/4196mW VDD_CPU_GPU_CV 1036mW/1039mW VDD_SOC 1397mW/1398mW
08-09-2026 23:58:03 RAM 3708/7620MB (lfb 4x2MB) SWAP 2/12002MB (cached 0MB) CPU [3%@1510,2%@1510,5%@1510,4%@1510,2%@1510,0%@1510] GR3D_FREQ 0% cpu@46.875C soc2@46.25C soc0@44.437C gpu@46.437C tj@46.875C soc1@44.5C VDD_IN 4193mW/4196mW VDD_CPU_GPU_CV 1036mW/1039mW VDD_SOC 1397mW/1398mW
08-09-2026 23:58:04 RAM 3708/7620MB (lfb 4x2MB) SWAP 2/12002MB (cached 0MB) CPU [2%@1510,1%@1510,2%@1510,1%@1510,2%@1510,2%@1510] GR3D_FREQ 0% cpu@46.875C soc2@46.093C soc0@44.531C gpu@46.375C tj@46.875C soc1@44.625C VDD_IN 4153mW/4196mW VDD_CPU_GPU_CV 1036mW/1039mW VDD_SOC 1397mW/1398mW
08-09-2026 23:58:05 RAM 3708/7620MB (lfb 4x2MB) SWAP 2/12002MB (cached 0MB) CPU [2%@1510,3%@1510,1%@1510,1%@1510,5%@1510,1%@1510] GR3D_FREQ 0% cpu@47.125C soc2@46.062C soc0@44.5C gpu@46.406C tj@47.125C soc1@44.375C VDD_IN 4193mW/4195mW VDD_CPU_GPU_CV 1036mW/1039mW VDD_SOC 1397mW/1398mW
08-09-2026 23:58:06 RAM 3708/7620MB (lfb 4x2MB) SWAP 2/12002MB (cached 0MB) CPU [2%@1510,1%@1510,2%@1510,4%@1510,5%@1510,2%@1510] GR3D_FREQ 0% cpu@46.843C soc2@46.093C soc0@44.593C gpu@46.437C tj@46.843C soc1@44.406C VDD_IN 4233mW/4196mW VDD_CPU_GPU_CV 1076mW/1039mW VDD_SOC 1397mW/1398mW
08-09-2026 23:58:07 RAM 3706/7620MB (lfb 4x2MB) SWAP 2/12002MB (cached 0MB) CPU [1%@1510,2%@1510,2%@1510,2%@1510,4%@1510,2%@1510] GR3D_FREQ 0% cpu@47.093C soc2@46.156C soc0@44.468C gpu@46.406C tj@47.093C soc1@44.375C VDD_IN 4353mW/4196mW VDD_CPU_GPU_CV 1036mW/1039mW VDD_SOC 1397mW/1398mW
08-09-2026 23:58:08 RAM 3705/7620MB (lfb 4x2MB) SWAP 2/12002MB (cached 0MB) CPU [5%@1510,0%@1510,2%@1510,1%@1510,2%@1510,1%@1510] GR3D_FREQ 0% cpu@46.937C soc2@46C soc0@44.562C gpu@46.281C tj@46.937C soc1@44.406C VDD_IN 4193mW/4196mW VDD_CPU_GPU_CV 1036mW/1039mW VDD_SOC 1397mW/1398mW
08-09-2026 23:58:09 RAM 3705/7620MB (lfb 4x2MB) SWAP 2/12002MB (cached 0MB) CPU [1%@1510,0%@1510,1%@1510,2%@1510,4%@1510,1%@1510] GR3D_FREQ 0% cpu@46.75C soc2@46.125C soc0@44.437C gpu@46.031C tj@46.75C soc1@44.375C VDD_IN 4153mW/4196mW VDD_CPU_GPU_CV 1036mW/1039mW VDD_SOC 1397mW/1398mW
08-09-2026 23:58:10 RAM 3705/7620MB (lfb 4x2MB) SWAP 2/12002MB (cached 0MB) CPU [0%@1510,1%@1510,2%@1510,4%@1510,3%@1510,2%@1510] GR3D_FREQ 0% cpu@47C soc2@46.093C soc0@44.437C gpu@46.062C tj@46.781C soc1@44.406C VDD_IN 4193mW/4196mW VDD_CPU_GPU_CV 1036mW/1039mW VDD_SOC 1397mW/1398mW
08-09-2026 23:58:11 RAM 3706/7620MB (lfb 4x2MB) SWAP 2/12002MB (cached 0MB) CPU [3%@1510,1%@1510,3%@1510,4%@1510,4%@1510,2%@1510] GR3D_FREQ 0% cpu@46.781C soc2@46.156C soc0@44.437C gpu@46C tj@46.812C soc1@44.562C VDD_IN 4193mW/4196mW VDD_CPU_GPU_CV 1036mW/1039mW VDD_SOC 1397mW/1398mW
08-09-2026 23:58:12 RAM 3705/7620MB (lfb 4x2MB) SWAP 2/12002MB (cached 0MB) CPU [2%@1510,0%@1510,1%@1510,5%@1510,3%@1510,1%@1510] GR3D_FREQ 0% cpu@46.781C soc2@46.156C soc0@44.5C gpu@46.093C tj@46.781C soc1@44.687C VDD_IN 4233mW/4196mW VDD_CPU_GPU_CV 1036mW/1039mW VDD_SOC 1397mW/1398mW
08-09-2026 23:58:13 RAM 3705/7620MB (lfb 4x2MB) SWAP 2/12002MB (cached 0MB) CPU [3%@1510,1%@1510,1%@1510,2%@1510,4%@1510,1%@1510] GR3D_FREQ 0% cpu@46.875C soc2@46.125C soc0@44.5C gpu@46.156C tj@46.875C soc1@44.375C VDD_IN 4193mW/4196mW VDD_CPU_GPU_CV 1036mW/1039mW VDD_SOC 1397mW/1398mW
08-09-2026 23:58:14 RAM 3705/7620MB (lfb 4x2MB) SWAP 2/12002MB (cached 0MB) CPU [1%@1510,2%@1510,0%@1510,1%@1510,3%@1510,3%@1510] GR3D_FREQ 0% cpu@46.687C soc2@46.062C soc0@44.437C gpu@46.125C tj@46.687C soc1@44.375C VDD_IN 4153mW/4196mW VDD_CPU_GPU_CV 1036mW/1039mW VDD_SOC 1397mW/1398mW
08-09-2026 23:58:15 RAM 3709/7620MB (lfb 4x2MB) SWAP 2/12002MB (cached 0MB) CPU [5%@1510,4%@1510,42%@1510,3%@1510,3%@1510,2%@1510] GR3D_FREQ 0% cpu@47.687C soc2@46.156C soc0@44.406C gpu@46.093C tj@47.687C soc1@44.406C VDD_IN 4769mW/4198mW VDD_CPU_GPU_CV 1428mW/1041mW VDD_SOC 1430mW/1398mW
08-09-2026 23:58:16 RAM 3711/7620MB (lfb 4x2MB) SWAP 2/12002MB (cached 0MB) CPU [3%@1510,1%@1510,48%@1510,2%@1510,2%@1510,4%@1510] GR3D_FREQ 0% cpu@46.718C soc2@46.187C soc0@44.375C gpu@46.125C tj@46.718C soc1@44.5C VDD_IN 4385mW/4199mW VDD_CPU_GPU_CV 1154mW/1041mW VDD_SOC 1395mW/1398mW
08-09-2026 23:58:17 RAM 3710/7620MB (lfb 4x2MB) SWAP 2/12002MB (cached 0MB) CPU [1%@1510,1%@1510,0%@1510,1%@1510,0%@1510,0%@1510] GR3D_FREQ 0% cpu@46.687C soc2@46.156C soc0@44.406C gpu@46C tj@46.687C soc1@44.562C VDD_IN 4193mW/4199mW VDD_CPU_GPU_CV 996mW/1041mW VDD_SOC 1397mW/1398mW
08-09-2026 23:58:18 RAM 3710/7620MB (lfb 4x2MB) SWAP 2/12002MB (cached 0MB) CPU [0%@1510,0%@1510,0%@1510,0%@1510,0%@1510,0%@1510] GR3D_FREQ 0% cpu@46.875C soc2@46C soc0@44.468C gpu@46.062C tj@46.875C soc1@44.343C VDD_IN 4073mW/4199mW VDD_CPU_GPU_CV 956mW/1041mW VDD_SOC 1397mW/1398mW
08-09-2026 23:58:19 RAM 3710/7620MB (lfb 4x2MB) SWAP 2/12002MB (cached 0MB) CPU [1%@1510,0%@1510,0%@1510,0%@1510,0%@1510,0%@1510] GR3D_FREQ 0% cpu@46.625C soc2@45.968C soc0@44.468C gpu@46.093C tj@46.625C soc1@44.312C VDD_IN 4073mW/4198mW VDD_CPU_GPU_CV 956mW/1040mW VDD_SOC 1397mW/1398mW
08-09-2026 23:58:20 RAM 3710/7620MB (lfb 4x2MB) SWAP 2/12002MB (cached 0MB) CPU [0%@1510,1%@1510,0%@1510,0%@1510,0%@1510,0%@1510] GR3D_FREQ 0% cpu@46.843C soc2@45.937C soc0@44.375C gpu@46.062C tj@46.843C soc1@44.25C VDD_IN 4073mW/4198mW VDD_CPU_GPU_CV 956mW/1040mW VDD_SOC 1397mW/1398mW
08-09-2026 23:58:21 RAM 3710/7620MB (lfb 4x2MB) SWAP 2/12002MB (cached 0MB) CPU [1%@1510,0%@1510,0%@1510,2%@1510,3%@1510,0%@1510] GR3D_FREQ 0% cpu@46.75C soc2@46.093C soc0@44.343C gpu@46.125C tj@46.75C soc1@44.343C VDD_IN 4113mW/4197mW VDD_CPU_GPU_CV 996mW/1040mW VDD_SOC 1397mW/1398mW
08-09-2026 23:58:22 RAM 3710/7620MB (lfb 4x2MB) SWAP 2/12002MB (cached 0MB) CPU [0%@1510,1%@1510,1%@1510,1%@1510,2%@1510,1%@1510] GR3D_FREQ 0% cpu@46.656C soc2@46C soc0@44.343C gpu@46C tj@46.656C soc1@44.406C VDD_IN 4153mW/4197mW VDD_CPU_GPU_CV 996mW/1040mW VDD_SOC 1397mW/1398mW
08-09-2026 23:58:23 RAM 3710/7620MB (lfb 4x2MB) SWAP 2/12002MB (cached 0MB) CPU [1%@1510,1%@1510,0%@1510,0%@1510,0%@1510,0%@1510] GR3D_FREQ 0% cpu@46.875C soc2@46C soc0@44.5C gpu@46.125C tj@46.875C soc1@44.25C VDD_IN 4113mW/4197mW VDD_CPU_GPU_CV 956mW/1039mW VDD_SOC 1397mW/1398mW
08-09-2026 23:58:24 RAM 3710/7620MB (lfb 4x2MB) SWAP 2/12002MB (cached 0MB) CPU [1%@1510,1%@1510,0%@1510,0%@1510,0%@1510,0%@1510] GR3D_FREQ 0% cpu@46.625C soc2@45.968C soc0@44.343C gpu@46.093C tj@46.625C soc1@44.343C VDD_IN 4073mW/4196mW VDD_CPU_GPU_CV 956mW/1039mW VDD_SOC 1397mW/1398mW
08-09-2026 23:58:25 RAM 3066/7620MB (lfb 24x4MB) SWAP 2/12002MB (cached 0MB) CPU [2%@1510,1%@1510,0%@1510,1%@1510,0%@1510,4%@1510] GR3D_FREQ 0% cpu@46.812C soc2@45.937C soc0@44.312C gpu@46.031C tj@46.812C soc1@44.25C VDD_IN 4153mW/4196mW VDD_CPU_GPU_CV 996mW/1039mW VDD_SOC 1397mW/1398mW
08-09-2026 23:58:26 RAM 3066/7620MB (lfb 24x4MB) SWAP 2/12002MB (cached 0MB) CPU [1%@1510,0%@1510,0%@1510,1%@1510,3%@1510,1%@1510] GR3D_FREQ 0% cpu@46.625C soc2@45.968C soc0@44.406C gpu@46.031C tj@46.625C soc1@44.375C VDD_IN 4113mW/4196mW VDD_CPU_GPU_CV 996mW/1039mW VDD_SOC 1397mW/1398mW
08-09-2026 23:58:27 RAM 3066/7620MB (lfb 24x4MB) SWAP 2/12002MB (cached 0MB) CPU [1%@1510,1%@1510,0%@1510,1%@1510,0%@1510,1%@1510] GR3D_FREQ 0% cpu@46.687C soc2@46.062C soc0@44.343C gpu@46.093C tj@46.687C soc1@44.375C VDD_IN 4113mW/4195mW VDD_CPU_GPU_CV 996mW/1038mW VDD_SOC 1397mW/1398mW
08-09-2026 23:58:28 RAM 3066/7620MB (lfb 24x4MB) SWAP 2/12002MB (cached 0MB) CPU [0%@1510,0%@1510,1%@1510,1%@1510,0%@1510,0%@1510] GR3D_FREQ 0% cpu@46.781C soc2@46.031C soc0@44.375C gpu@46.062C tj@46.781C soc1@44.468C VDD_IN 4073mW/4195mW VDD_CPU_GPU_CV 956mW/1038mW VDD_SOC 1397mW/1398mW
