08-09-2026 22:30:45 RAM 3007/7620MB (lfb 29x4MB) SWAP 2/12002MB (cached 0MB) CPU [1%@1510,2%@1510,1%@1510,4%@1510,0%@1510,1%@1510] GR3D_FREQ 0% cpu@47.593C soc2@46.625C soc0@45.125C gpu@46.843C tj@47.593C soc1@44.843C VDD_IN 4193mW/4193mW VDD_CPU_GPU_CV 1036mW/1036mW VDD_SOC 1397mW/1397mW
08-09-2026 22:30:46 RAM 3007/7620MB (lfb 29x4MB) SWAP 2/12002MB (cached 0MB) CPU [1%@1510,1%@1510,1%@1510,0%@1510,1%@1510,0%@1510] GR3D_FREQ 0% cpu@47.437C soc2@46.593C soc0@44.875C gpu@46.812C tj@47.343C soc1@44.937C VDD_IN 4113mW/4153mW VDD_CPU_GPU_CV 996mW/1016mW VDD_SOC 1397mW/1397mW
08-09-2026 22:30:47 RAM 3007/7620MB (lfb 29x4MB) SWAP 2/12002MB (cached 0MB) CPU [1%@1510,1%@1510,0%@1510,0%@1510,0%@1510,0%@1510] GR3D_FREQ 0% cpu@47.125C soc2@46.656C soc0@44.937C gpu@46.562C tj@47.125C soc1@44.875C VDD_IN 4120mW/4142mW VDD_CPU_GPU_CV 956mW/996mW VDD_SOC 1397mW/1397mW
08-09-2026 22:30:48 RAM 3007/7620MB (lfb 29x4MB) SWAP 2/12002MB (cached 0MB) CPU [1%@1510,0%@1510,0%@1510,0%@1510,0%@1510,0%@1510] GR3D_FREQ 0% cpu@47.187C soc2@46.593C soc0@44.906C gpu@46.531C tj@47.187C soc1@44.937C VDD_IN 4080mW/4126mW VDD_CPU_GPU_CV 956mW/986mW VDD_SOC 1397mW/1397mW
08-09-2026 22:30:49 RAM 3007/7620MB (lfb 29x4MB) SWAP 2/12002MB (cached 0MB) CPU [1%@1510,0%@1510,0%@1510,0%@1510,0%@1510,0%@1510] GR3D_FREQ 0% cpu@47.281C soc2@46.718C soc0@44.937C gpu@46.593C tj@47.281C soc1@45.031C VDD_IN 4080mW/4117mW VDD_CPU_GPU_CV 956mW/980mW VDD_SOC 1397mW/1397mW
08-09-2026 22:30:51 RAM 3007/7620MB (lfb 29x4MB) SWAP 2/12002MB (cached 0MB) CPU [2%@1510,1%@1510,1%@1510,2%@1510,0%@1510,0%@1510] GR3D_FREQ 0% cpu@47.25C soc2@46.593C soc0@45C gpu@46.593C tj@47.531C soc1@44.875C VDD_IN 4153mW/4123mW VDD_CPU_GPU_CV 1036mW/989mW VDD_SOC 1397mW/1397mW
08-09-2026 22:30:52 RAM 3008/7620MB (lfb 29x4MB) SWAP 2/12002MB (cached 0MB) CPU [1%@1510,0%@1510,0%@1510,1%@1510,0%@1510,1%@1510] GR3D_FREQ 0% cpu@47.406C soc2@46.562C soc0@45.031C gpu@46.593C tj@47.406C soc1@44.843C VDD_IN 4113mW/4121mW VDD_CPU_GPU_CV 996mW/990mW VDD_SOC 1397mW/1397mW
08-09-2026 22:30:53 RAM 3008/7620MB (lfb 29x4MB) SWAP 2/12002MB (cached 0MB) CPU [1%@1510,0%@1510,0%@1510,0%@1510,0%@1510,0%@1510] GR3D_FREQ 0% cpu@47.125C soc2@46.656C soc0@44.875C gpu@46.687C tj@47.125C soc1@44.906C VDD_IN 4073mW/4115mW VDD_CPU_GPU_CV 956mW/986mW VDD_SOC 1397mW/1397mW
08-09-2026 22:30:54 RAM 3008/7620MB (lfb 29x4MB) SWAP 2/12002MB (cached 0MB) CPU [1%@1510,1%@1510,0%@1510,1%@1510,0%@1510,0%@1510] GR3D_FREQ 0% cpu@47.406C soc2@46.593C soc0@44.875C gpu@46.656C tj@47.125C soc1@44.843C VDD_IN 4080mW/4111mW VDD_CPU_GPU_CV 956mW/982mW VDD_SOC 1397mW/1397mW
08-09-2026 22:30:55 RAM 3008/7620MB (lfb 29x4MB) SWAP 2/12002MB (cached 0MB) CPU [1%@1510,0%@1510,0%@1510,0%@1510,0%@1510,1%@1510] GR3D_FREQ 0% cpu@47.25C soc2@46.625C soc0@44.937C gpu@46.656C tj@47.343C soc1@45C VDD_IN 4080mW/4108mW VDD_CPU_GPU_CV 956mW/980mW VDD_SOC 1397mW/1397mW
08-09-2026 22:30:56 RAM 3008/7620MB (lfb 29x4MB) SWAP 2/12002MB (cached 0MB) CPU [1%@1510,0%@1510,0%@1510,0%@1510,0%@1510,1%@1510] GR3D_FREQ 0% cpu@47.25C soc2@46.593C soc0@44.937C gpu@46.562C tj@47.25C soc1@45.062C VDD_IN 4080mW/4105mW VDD_CPU_GPU_CV 956mW/977mW VDD_SOC 1397mW/1397mW
08-09-2026 22:30:57 RAM 3008/7620MB (lfb 29x4MB) SWAP 2/12002MB (cached 0MB) CPU [1%@1510,1%@1510,0%@1510,0%@1510,0%@1510,0%@1510] GR3D_FREQ 0% cpu@47.312C soc2@46.531C soc0@44.968C gpu@46.718C tj@47.312C soc1@44.812C VDD_IN 4080mW/4103mW VDD_CPU_GPU_CV 956mW/976mW VDD_SOC 1397mW/1397mW
08-09-2026 22:30:58 RAM 3008/7620MB (lfb 29x4MB) SWAP 2/12002MB (cached 0MB) CPU [1%@1510,0%@1510,0%@1510,1%@1510,0%@1510,1%@1510] GR3D_FREQ 0% cpu@47.187C soc2@46.625C soc0@44.843C gpu@46.656C tj@47.187C soc1@44.812C VDD_IN 4080mW/4101mW VDD_CPU_GPU_CV 958mW/974mW VDD_SOC 1397mW/1397mW
08-09-2026 22:30:59 RAM 3008/7620MB (lfb 29x4MB) SWAP 2/12002MB (cached 0MB) CPU [0%@1510,0%@1510,0%@1510,0%@1510,0%@1510,0%@1510] GR3D_FREQ 0% cpu@47.437C soc2@46.656C soc0@44.875C gpu@46.75C tj@47.437C soc1@44.843C VDD_IN 4073mW/4099mW VDD_CPU_GPU_CV 958mW/973mW VDD_SOC 1397mW/1397mW
08-09-2026 22:31:00 RAM 3008/7620MB (lfb 29x4MB) SWAP 2/12002MB (cached 0MB) CPU [0%@1510,1%@1510,0%@1510,0%@1510,0%@1510,0%@1510] GR3D_FREQ 0% cpu@47.312C soc2@46.625C soc0@44.875C gpu@46.718C tj@47.125C soc1@44.906C VDD_IN 4113mW/4100mW VDD_CPU_GPU_CV 996mW/974mW VDD_SOC 1397mW/1397mW
08-09-2026 22:31:01 RAM 3009/7620MB (lfb 29x4MB) SWAP 2/12002MB (cached 0MB) CPU [1%@1510,1%@1510,0%@1510,0%@1510,0%@1510,0%@1510] GR3D_FREQ 0% cpu@47.187C soc2@46.656C soc0@44.937C gpu@46.687C tj@47.187C soc1@44.968C VDD_IN 4080mW/4099mW VDD_CPU_GPU_CV 956mW/973mW VDD_SOC 1397mW/1397mW
08-09-2026 22:31:02 RAM 3009/7620MB (lfb 29x4MB) SWAP 2/12002MB (cached 0MB) CPU [1%@1510,0%@1510,0%@1510,0%@1510,0%@1510,1%@1510] GR3D_FREQ 0% cpu@47.375C soc2@46.75C soc0@44.968C gpu@46.718C tj@47.375C soc1@45.031C VDD_IN 4073mW/4097mW VDD_CPU_GPU_CV 958mW/972mW VDD_SOC 1397mW/1397mW
08-09-2026 22:31:03 RAM 3009/7620MB (lfb 29x4MB) SWAP 2/12002MB (cached 0MB) CPU [0%@1510,1%@1510,0%@1510,0%@1510,0%@1510,0%@1510] GR3D_FREQ 0% cpu@47.25C soc2@46.593C soc0@44.968C gpu@46.718C tj@47.25C soc1@44.843C VDD_IN 4080mW/4096mW VDD_CPU_GPU_CV 956mW/971mW VDD_SOC 1397mW/1397mW
08-09-2026 22:31:04 RAM 3009/7620MB (lfb 29x4MB) SWAP 2/12002MB (cached 0MB) CPU [1%@1510,1%@1510,0%@1510,1%@1510,0%@1510,2%@1510] GR3D_FREQ 0% cpu@47.437C soc2@46.593C soc0@45.093C gpu@46.687C tj@47.437C soc1@44.875C VDD_IN 4080mW/4096mW VDD_CPU_GPU_CV 956mW/971mW VDD_SOC 1397mW/1397mW
08-09-2026 22:31:05 RAM 3009/7620MB (lfb 29x4MB) SWAP 2/12002MB (cached 0MB) CPU [1%@1510,1%@1510,0%@1510,0%@1510,0%@1510,0%@1510] GR3D_FREQ 0% cpu@47.281C soc2@46.625C soc0@44.875C gpu@46.531C tj@47.281C soc1@44.843C VDD_IN 4080mW/4095mW VDD_CPU_GPU_CV 956mW/970mW VDD_SOC 1397mW/1397mW
08-09-2026 22:31:06 RAM 3009/7620MB (lfb 29x4MB) SWAP 2/12002MB (cached 0MB) CPU [1%@1510,0%@1510,0%@1510,0%@1510,1%@1510,0%@1510] GR3D_FREQ 0% cpu@47.156C soc2@46.687C soc0@44.875C gpu@46.5C tj@47.156C soc1@44.843C VDD_IN 4080mW/4094mW VDD_CPU_GPU_CV 956mW/969mW VDD_SOC 1397mW/1397mW
08-09-2026 22:31:07 RAM 3009/7620MB (lfb 29x4MB) SWAP 2/12002MB (cached 0MB) CPU [1%@1510,0%@1510,0%@1510,0%@1510,0%@1510,0%@1510] GR3D_FREQ 0% cpu@47.093C soc2@46.656C soc0@44.875C gpu@46.5C tj@47.093C soc1@44.906C VDD_IN 4073mW/4093mW VDD_CPU_GPU_CV 956mW/969mW VDD_SOC 1397mW/1397mW
08-09-2026 22:31:08 RAM 3009/7620MB (lfb 29x4MB) SWAP 2/12002MB (cached 0MB) CPU [1%@1510,0%@1510,0%@1510,0%@1510,0%@1510,1%@1510] GR3D_FREQ 0% cpu@47.25C soc2@46.5C soc0@44.906C gpu@46.531C tj@47.25C soc1@44.812C VDD_IN 4073mW/4092mW VDD_CPU_GPU_CV 956mW/968mW VDD_SOC 1397mW/1397mW
08-09-2026 22:31:09 RAM 3009/7620MB (lfb 29x4MB) SWAP 2/12002MB (cached 0MB) CPU [0%@1510,0%@1510,0%@1510,0%@1510,0%@1510,1%@1510] GR3D_FREQ 0% cpu@47.375C soc2@46.562C soc0@45.125C gpu@46.5C tj@47.375C soc1@44.75C VDD_IN 4080mW/4092mW VDD_CPU_GPU_CV 956mW/967mW VDD_SOC 1397mW/1397mW
08-09-2026 22:31:10 RAM 3009/7620MB (lfb 29x4MB) SWAP 2/12002MB (cached 0MB) CPU [1%@1510,1%@1510,0%@1510,0%@1510,0%@1510,0%@1510] GR3D_FREQ 0% cpu@47.25C soc2@46.531C soc0@44.875C gpu@46.468C tj@47.25C soc1@44.843C VDD_IN 4073mW/4091mW VDD_CPU_GPU_CV 956mW/967mW VDD_SOC 1397mW/1397mW
08-09-2026 22:31:11 RAM 3009/7620MB (lfb 29x4MB) SWAP 2/12002MB (cached 0MB) CPU [3%@1510,1%@1510,0%@1510,0%@1510,0%@1510,1%@1510] GR3D_FREQ 0% cpu@47.5C soc2@46.562C soc0@44.812C gpu@46.562C tj@47.187C soc1@44.875C VDD_IN 4113mW/4092mW VDD_CPU_GPU_CV 996mW/968mW VDD_SOC 1397mW/1397mW
08-09-2026 22:31:12 RAM 3009/7620MB (lfb 29x4MB) SWAP 2/12002MB (cached 0MB) CPU [0%@1510,0%@1510,0%@1510,0%@1510,0%@1510,1%@1510] GR3D_FREQ 0% cpu@47.093C soc2@46.562C soc0@44.906C gpu@46.562C tj@47.093C soc1@44.875C VDD_IN 4073mW/4091mW VDD_CPU_GPU_CV 956mW/968mW VDD_SOC 1397mW/1397mW
08-09-2026 22:31:13 RAM 3009/7620MB (lfb 29x4MB) SWAP 2/12002MB (cached 0MB) CPU [0%@1510,0%@1510,0%@1510,0%@1510,1%@1510,1%@1510] GR3D_FREQ 0% cpu@47.187C soc2@46.593C soc0@44.937C gpu@46.593C tj@47.187C soc1@44.906C VDD_IN 4073mW/4090mW VDD_CPU_GPU_CV 956mW/967mW VDD_SOC 1397mW/1397mW
08-09-2026 22:31:14 RAM 3009/7620MB (lfb 29x4MB) SWAP 2/12002MB (cached 0MB) CPU [0%@1510,1%@1510,0%@1510,0%@1510,0%@1510,0%@1510] GR3D_FREQ 0% cpu@47.375C soc2@46.531C soc0@44.906C gpu@46.593C tj@47.375C soc1@44.75C VDD_IN 4113mW/4091mW VDD_CPU_GPU_CV 956mW/967mW VDD_SOC 1397mW/1397mW
08-09-2026 22:31:15 RAM 3009/7620MB (lfb 29x4MB) SWAP 2/12002MB (cached 0MB) CPU [1%@1510,1%@1510,0%@1510,0%@1510,0%@1510,0%@1510] GR3D_FREQ 0% cpu@47.281C soc2@46.562C soc0@44.937C gpu@46.625C tj@47.281C soc1@44.718C VDD_IN 4113mW/4092mW VDD_CPU_GPU_CV 996mW/968mW VDD_SOC 1397mW/1397mW
08-09-2026 22:31:16 RAM 3010/7620MB (lfb 29x4MB) SWAP 2/12002MB (cached 0MB) CPU [0%@1510,0%@1510,2%@1510,0%@1510,2%@1510,1%@1510] GR3D_FREQ 0% cpu@47.437C soc2@46.593C soc0@44.875C gpu@46.5C tj@47.437C soc1@44.843C VDD_IN 4153mW/4094mW VDD_CPU_GPU_CV 996mW/969mW VDD_SOC 1397mW/1397mW
08-09-2026 22:31:17 RAM 3010/7620MB (lfb 29x4MB) SWAP 2/12002MB (cached 0MB) CPU [1%@1510,2%@1510,0%@1510,1%@1510,0%@1510,0%@1510] GR3D_FREQ 0% cpu@47.125C soc2@46.593C soc0@44.875C gpu@46.531C tj@47.125C soc1@44.843C VDD_IN 4113mW/4094mW VDD_CPU_GPU_CV 996mW/969mW VDD_SOC 1397mW/1397mW
08-09-2026 22:31:18 RAM 3010/7620MB (lfb 29x4MB) SWAP 2/12002MB (cached 0MB) CPU [0%@1510,0%@1510,0%@1510,0%@1510,1%@1510,0%@1510] GR3D_FREQ 0% cpu@47.218C soc2@46.531C soc0@44.875C gpu@46.656C tj@47.218C soc1@44.843C VDD_IN 4080mW/4094mW VDD_CPU_GPU_CV 956mW/969mW VDD_SOC 1397mW/1397mW
08-09-2026 22:31:19 RAM 3010/7620MB (lfb 29x4MB) SWAP 2/12002MB (cached 0MB) CPU [0%@1510,0%@1510,0%@1510,0%@1510,0%@1510,0%@1510] GR3D_FREQ 0% cpu@47.187C soc2@46.593C soc0@44.875C gpu@46.625C tj@47.312C soc1@44.781C VDD_IN 4080mW/4093mW VDD_CPU_GPU_CV 956mW/969mW VDD_SOC 1397mW/1397mW
08-09-2026 22:31:20 RAM 3010/7620MB (lfb 29x4MB) SWAP 2/12002MB (cached 0MB) CPU [1%@1510,1%@1510,0%@1510,0%@1510,0%@1510,0%@1510] GR3D_FREQ 0% cpu@47.25C soc2@46.625C soc0@44.906C gpu@46.593C tj@47.25C soc1@44.843C VDD_IN 4080mW/4093mW VDD_CPU_GPU_CV 958mW/968mW VDD_SOC 1397mW/1397mW
08-09-2026 22:31:21 RAM 3010/7620MB (lfb 29x4MB) SWAP 2/12002MB (cached 0MB) CPU [0%@1510,0%@1510,0%@1510,0%@1510,0%@1510,0%@1510] GR3D_FREQ 0% cpu@47.468C soc2@46.656C soc0@45.031C gpu@46.5C tj@47.468C soc1@44.812C VDD_IN 4073mW/4092mW VDD_CPU_GPU_CV 958mW/968mW VDD_SOC 1397mW/1397mW
08-09-2026 22:31:22 RAM 3010/7620MB (lfb 29x4MB) SWAP 2/12002MB (cached 0MB) CPU [0%@1510,1%@1510,0%@1510,0%@1510,0%@1510,2%@1510] GR3D_FREQ 0% cpu@47.281C soc2@46.593C soc0@44.843C gpu@46.5C tj@47.281C soc1@44.718C VDD_IN 4080mW/4092mW VDD_CPU_GPU_CV 958mW/968mW VDD_SOC 1397mW/1397mW
08-09-2026 22:31:23 RAM 3010/7620MB (lfb 29x4MB) SWAP 2/12002MB (cached 0MB) CPU [0%@1510,0%@1510,0%@1510,0%@1510,0%@1510,0%@1510] GR3D_FREQ 0% cpu@47.156C soc2@46.593C soc0@44.812C gpu@46.468C tj@47.156C soc1@44.906C VDD_IN 4080mW/4092mW VDD_CPU_GPU_CV 956mW/967mW VDD_SOC 1397mW/1397mW
08-09-2026 22:31:24 RAM 3010/7620MB (lfb 29x4MB) SWAP 2/12002MB (cached 0MB) CPU [0%@1510,1%@1510,0%@1510,0%@1510,0%@1510,1%@1510] GR3D_FREQ 0% cpu@47.156C soc2@46.531C soc0@44.937C gpu@46.468C tj@47.156C soc1@45C VDD_IN 4080mW/4091mW VDD_CPU_GPU_CV 956mW/967mW VDD_SOC 1397mW/1397mW
08-09-2026 22:31:25 RAM 3010/7620MB (lfb 29x4MB) SWAP 2/12002MB (cached 0MB) CPU [0%@1510,1%@1510,1%@1510,0%@1510,0%@1510,0%@1510] GR3D_FREQ 0% cpu@47.25C soc2@46.593C soc0@44.937C gpu@46.5C tj@47.25C soc1@45.062C VDD_IN 4080mW/4091mW VDD_CPU_GPU_CV 956mW/967mW VDD_SOC 1397mW/1397mW
08-09-2026 22:31:26 RAM 3010/7620MB (lfb 29x4MB) SWAP 2/12002MB (cached 0MB) CPU [1%@1510,1%@1510,0%@1510,0%@1510,0%@1510,0%@1510] GR3D_FREQ 0% cpu@47.562C soc2@46.562C soc0@44.937C gpu@46.5C tj@47.562C soc1@44.843C VDD_IN 4080mW/4091mW VDD_CPU_GPU_CV 956mW/967mW VDD_SOC 1397mW/1397mW
08-09-2026 22:31:27 RAM 3010/7620MB (lfb 29x4MB) SWAP 2/12002MB (cached 0MB) CPU [0%@1510,2%@1510,0%@1510,0%@1510,2%@1510,0%@1510] GR3D_FREQ 0% cpu@47.281C soc2@46.593C soc0@44.875C gpu@46.437C tj@47.281C soc1@44.812C VDD_IN 4073mW/4090mW VDD_CPU_GPU_CV 956mW/966mW VDD_SOC 1397mW/1397mW
08-09-2026 22:31:28 RAM 3010/7620MB (lfb 29x4MB) SWAP 2/12002MB (cached 0MB) CPU [0%@1510,0%@1510,0%@1510,0%@1510,0%@1510,1%@1510] GR3D_FREQ 0% cpu@47.093C soc2@46.531C soc0@44.843C gpu@46.531C tj@47.093C soc1@44.812C VDD_IN 4080mW/4090mW VDD_CPU_GPU_CV 956mW/966mW VDD_SOC 1397mW/1397mW
08-09-2026 22:31:29 RAM 3010/7620MB (lfb 29x4MB) SWAP 2/12002MB (cached 0MB) CPU [0%@1510,1%@1510,0%@1510,0%@1510,1%@1510,0%@1510] GR3D_FREQ 0% cpu@47.125C soc2@46.593C soc0@44.843C gpu@46.531C tj@47.125C soc1@44.843C VDD_IN 4080mW/4090mW VDD_CPU_GPU_CV 958mW/966mW VDD_SOC 1397mW/1397mW
08-09-2026 22:31:30 RAM 3010/7620MB (lfb 29x4MB) SWAP 2/12002MB (cached 0MB) CPU [0%@1510,0%@1510,1%@1510,0%@1510,0%@1510,0%@1510] GR3D_FREQ 0% cpu@47.25C soc2@46.593C soc0@44.906C gpu@46.593C tj@47.25C soc1@44.875C VDD_IN 4080mW/4090mW VDD_CPU_GPU_CV 956mW/966mW VDD_SOC 1397mW/1397mW
08-09-2026 22:31:31 RAM 3010/7620MB (lfb 29x4MB) SWAP 2/12002MB (cached 0MB) CPU [0%@1510,1%@1510,0%@1510,0%@1510,0%@1510,0%@1510] GR3D_FREQ 0% cpu@47.125C soc2@46.625C soc0@45.031C gpu@46.531C tj@47.125C soc1@45.031C VDD_IN 4080mW/4090mW VDD_CPU_GPU_CV 956mW/965mW VDD_SOC 1397mW/1397mW
08-09-2026 22:31:32 RAM 3010/7620MB (lfb 29x4MB) SWAP 2/12002MB (cached 0MB) CPU [0%@1510,1%@1510,0%@1510,0%@1510,0%@1510,0%@1510] GR3D_FREQ 0% cpu@47.343C soc2@46.562C soc0@44.937C gpu@46.5C tj@47.343C soc1@44.75C VDD_IN 4080mW/4089mW VDD_CPU_GPU_CV 956mW/965mW VDD_SOC 1397mW/1397mW
08-09-2026 22:31:33 RAM 3010/7620MB (lfb 29x4MB) SWAP 2/12002MB (cached 0MB) CPU [0%@1510,0%@1510,0%@1510,1%@1510,1%@1510,0%@1510] GR3D_FREQ 0% cpu@47.125C soc2@46.562C soc0@45C gpu@46.531C tj@47.125C soc1@44.812C VDD_IN 4080mW/4089mW VDD_CPU_GPU_CV 956mW/965mW VDD_SOC 1397mW/1397mW
08-09-2026 22:31:34 RAM 3010/7620MB (lfb 29x4MB) SWAP 2/12002MB (cached 0MB) CPU [0%@1510,1%@1510,0%@1510,0%@1510,0%@1510,0%@1510] GR3D_FREQ 0% cpu@47.375C soc2@46.562C soc0@44.843C gpu@46.562C tj@47.343C soc1@44.843C VDD_IN 4080mW/4089mW VDD_CPU_GPU_CV 956mW/965mW VDD_SOC 1397mW/1397mW
08-09-2026 22:31:35 RAM 3010/7620MB (lfb 29x4MB) SWAP 2/12002MB (cached 0MB) CPU [1%@1510,0%@1510,0%@1510,0%@1510,1%@1510,0%@1510] GR3D_FREQ 0% cpu@47.156C soc2@46.562C soc0@44.875C gpu@46.5C tj@47.156C soc1@44.906C VDD_IN 4080mW/4089mW VDD_CPU_GPU_CV 956mW/965mW VDD_SOC 1397mW/1397mW
08-09-2026 22:31:36 RAM 3010/7620MB (lfb 29x4MB) SWAP 2/12002MB (cached 0MB) CPU [1%@1510,0%@1510,0%@1510,0%@1510,0%@1510,0%@1510] GR3D_FREQ 0% cpu@47.156C soc2@46.531C soc0@44.937C gpu@46.625C tj@47.156C soc1@44.937C VDD_IN 4080mW/4089mW VDD_CPU_GPU_CV 956mW/964mW VDD_SOC 1397mW/1397mW
08-09-2026 22:31:37 RAM 3010/7620MB (lfb 29x4MB) SWAP 2/12002MB (cached 0MB) CPU [0%@1510,1%@1510,0%@1510,0%@1510,0%@1510,0%@1510] GR3D_FREQ 0% cpu@47.312C soc2@46.656C soc0@44.968C gpu@46.687C tj@47.312C soc1@44.968C VDD_IN 4080mW/4088mW VDD_CPU_GPU_CV 956mW/964mW VDD_SOC 1397mW/1397mW
08-09-2026 22:31:38 RAM 3010/7620MB (lfb 29x4MB) SWAP 2/12002MB (cached 0MB) CPU [0%@1510,0%@1510,0%@1510,0%@1510,0%@1510,0%@1510] GR3D_FREQ 0% cpu@47.281C soc2@46.593C soc0@45C gpu@46.562C tj@47.281C soc1@44.843C VDD_IN 4080mW/4088mW VDD_CPU_GPU_CV 958mW/964mW VDD_SOC 1397mW/1397mW
08-09-2026 22:31:39 RAM 3010/7620MB (lfb 29x4MB) SWAP 2/12002MB (cached 0MB) CPU [0%@1510,0%@1510,0%@1510,0%@1510,0%@1510,0%@1510] GR3D_FREQ 0% cpu@47.375C soc2@46.562C soc0@45C gpu@46.625C tj@47.375C soc1@44.843C VDD_IN 4080mW/4088mW VDD_CPU_GPU_CV 956mW/964mW VDD_SOC 1397mW/1397mW
08-09-2026 22:31:40 RAM 3010/7620MB (lfb 29x4MB) SWAP 2/12002MB (cached 0MB) CPU [0%@1510,1%@1510,0%@1510,0%@1510,0%@1510,0%@1510] GR3D_FREQ 0% cpu@47.187C soc2@46.593C soc0@44.875C gpu@46.593C tj@47.187C soc1@44.781C VDD_IN 4080mW/4088mW VDD_CPU_GPU_CV 956mW/964mW VDD_SOC 1397mW/1397mW
08-09-2026 22:31:41 RAM 3010/7620MB (lfb 29x4MB) SWAP 2/12002MB (cached 0MB) CPU [1%@1510,1%@1510,0%@1510,0%@1510,0%@1510,1%@1510] GR3D_FREQ 0% cpu@47.218C soc2@46.656C soc0@44.906C gpu@46.625C tj@47.218C soc1@44.843C VDD_IN 4080mW/4088mW VDD_CPU_GPU_CV 956mW/964mW VDD_SOC 1397mW/1397mW
08-09-2026 22:31:42 RAM 3010/7620MB (lfb 29x4MB) SWAP 2/12002MB (cached 0MB) CPU [0%@1510,0%@1510,0%@1510,0%@1510,1%@1510,1%@1510] GR3D_FREQ 0% cpu@47.093C soc2@46.625C soc0@44.906C gpu@46.656C tj@47.093C soc1@44.875C VDD_IN 4073mW/4087mW VDD_CPU_GPU_CV 956mW/964mW VDD_SOC 1397mW/1397mW
08-09-2026 22:31:43 RAM 3010/7620MB (lfb 29x4MB) SWAP 2/12002MB (cached 0MB) CPU [1%@1510,0%@1510,0%@1510,0%@1510,0%@1510,0%@1510] GR3D_FREQ 0% cpu@47.218C soc2@46.562C soc0@44.937C gpu@46.625C tj@47.218C soc1@44.718C VDD_IN 4080mW/4087mW VDD_CPU_GPU_CV 956mW/963mW VDD_SOC 1397mW/1397mW
08-09-2026 22:31:44 RAM 3010/7620MB (lfb 29x4MB) SWAP 2/12002MB (cached 0MB) CPU [0%@1510,0%@1510,0%@1510,0%@1510,0%@1510,0%@1510] GR3D_FREQ 0% cpu@47.343C soc2@46.5C soc0@44.937C gpu@46.562C tj@47.343C soc1@44.75C VDD_IN 4073mW/4087mW VDD_CPU_GPU_CV 956mW/963mW VDD_SOC 1397mW/1397mW
08-09-2026 22:31:45 RAM 3010/7620MB (lfb 29x4MB) SWAP 2/12002MB (cached 0MB) CPU [0%@1510,0%@1510,0%@1510,0%@1510,0%@1510,0%@1510] GR3D_FREQ 0% cpu@47.218C soc2@46.593C soc0@44.937C gpu@46.656C tj@47.218C soc1@44.781C VDD_IN 4120mW/4088mW VDD_CPU_GPU_CV 956mW/963mW VDD_SOC 1397mW/1397mW
08-09-2026 22:31:46 RAM 3010/7620MB (lfb 29x4MB) SWAP 2/12002MB (cached 0MB) CPU [0%@1510,0%@1510,0%@1510,0%@1510,1%@1510,0%@1510] GR3D_FREQ 0% cpu@47.437C soc2@46.625C soc0@44.843C gpu@46.531C tj@47.437C soc1@44.843C VDD_IN 4080mW/4087mW VDD_CPU_GPU_CV 956mW/963mW VDD_SOC 1397mW/1397mW
08-09-2026 22:31:47 RAM 3010/7620MB (lfb 29x4MB) SWAP 2/12002MB (cached 0MB) CPU [0%@1510,1%@1510,0%@1510,0%@1510,0%@1510,1%@1510] GR3D_FREQ 0% cpu@47.093C soc2@46.531C soc0@44.812C gpu@46.531C tj@47.093C soc1@44.875C VDD_IN 4073mW/4087mW VDD_CPU_GPU_CV 956mW/963mW VDD_SOC 1397mW/1397mW
08-09-2026 22:31:48 RAM 3010/7620MB (lfb 29x4MB) SWAP 2/12002MB (cached 0MB) CPU [0%@1510,1%@1510,1%@1510,0%@1510,1%@1510,0%@1510] GR3D_FREQ 0% cpu@47.093C soc2@46.562C soc0@44.875C gpu@46.5C tj@47.093C soc1@44.968C VDD_IN 4080mW/4087mW VDD_CPU_GPU_CV 956mW/963mW VDD_SOC 1397mW/1397mW
08-09-2026 22:31:49 RAM 3010/7620MB (lfb 29x4MB) SWAP 2/12002MB (cached 0MB) CPU [0%@1510,0%@1510,0%@1510,0%@1510,1%@1510,0%@1510] GR3D_FREQ 0% cpu@47.375C soc2@46.656C soc0@44.906C gpu@46.531C tj@47.375C soc1@44.781C VDD_IN 4080mW/4087mW VDD_CPU_GPU_CV 956mW/963mW VDD_SOC 1397mW/1397mW
08-09-2026 22:31:50 RAM 3010/7620MB (lfb 29x4MB) SWAP 2/12002MB (cached 0MB) CPU [0%@1510,2%@1510,0%@1510,0%@1510,0%@1510,0%@1510] GR3D_FREQ 0% cpu@47.281C soc2@46.562C soc0@45.031C gpu@46.562C tj@47.281C soc1@44.75C VDD_IN 4080mW/4087mW VDD_CPU_GPU_CV 956mW/963mW VDD_SOC 1397mW/1397mW
08-09-2026 22:31:51 RAM 3010/7620MB (lfb 29x4MB) SWAP 2/12002MB (cached 0MB) CPU [1%@1510,0%@1510,0%@1510,0%@1510,0%@1510,1%@1510] GR3D_FREQ 0% cpu@47.531C soc2@46.562C soc0@44.906C gpu@46.531C tj@47.531C soc1@44.812C VDD_IN 4080mW/4087mW VDD_CPU_GPU_CV 956mW/962mW VDD_SOC 1397mW/1397mW
08-09-2026 22:31:52 RAM 3010/7620MB (lfb 29x4MB) SWAP 2/12002MB (cached 0MB) CPU [1%@1510,1%@1510,0%@1510,0%@1510,0%@1510,0%@1510] GR3D_FREQ 0% cpu@47.093C soc2@46.593C soc0@44.718C gpu@46.593C tj@47.093C soc1@44.843C VDD_IN 4113mW/4087mW VDD_CPU_GPU_CV 956mW/962mW VDD_SOC 1397mW/1397mW
08-09-2026 22:31:53 RAM 3010/7620MB (lfb 29x4MB) SWAP 2/12002MB (cached 0MB) CPU [0%@1510,0%@1510,0%@1510,0%@1510,0%@1510,0%@1510] GR3D_FREQ 0% cpu@47.218C soc2@46.625C soc0@44.875C gpu@46.531C tj@47.218C soc1@44.843C VDD_IN 4080mW/4087mW VDD_CPU_GPU_CV 956mW/962mW VDD_SOC 1397mW/1397mW
08-09-2026 22:31:54 RAM 3010/7620MB (lfb 29x4MB) SWAP 2/12002MB (cached 0MB) CPU [0%@1510,0%@1510,0%@1510,0%@1510,1%@1510,0%@1510] GR3D_FREQ 0% cpu@47.156C soc2@46.5C soc0@44.906C gpu@46.562C tj@47.156C soc1@44.968C VDD_IN 4113mW/4087mW VDD_CPU_GPU_CV 996mW/963mW VDD_SOC 1397mW/1397mW
08-09-2026 22:31:55 RAM 3010/7620MB (lfb 29x4MB) SWAP 2/12002MB (cached 0MB) CPU [0%@1510,0%@1510,0%@1510,0%@1510,0%@1510,1%@1510] GR3D_FREQ 0% cpu@47.25C soc2@46.718C soc0@44.937C gpu@46.593C tj@47.25C soc1@44.968C VDD_IN 4073mW/4087mW VDD_CPU_GPU_CV 956mW/963mW VDD_SOC 1397mW/1397mW
08-09-2026 22:31:56 RAM 3010/7620MB (lfb 29x4MB) SWAP 2/12002MB (cached 0MB) CPU [0%@1510,1%@1510,0%@1510,0%@1510,1%@1510,0%@1510] GR3D_FREQ 0% cpu@47.5C soc2@46.5C soc0@45.031C gpu@46.562C tj@47.5C soc1@44.812C VDD_IN 4113mW/4088mW VDD_CPU_GPU_CV 956mW/962mW VDD_SOC 1397mW/1397mW
08-09-2026 22:31:57 RAM 3010/7620MB (lfb 29x4MB) SWAP 2/12002MB (cached 0MB) CPU [0%@1510,0%@1510,0%@1510,0%@1510,0%@1510,1%@1510] GR3D_FREQ 0% cpu@47.156C soc2@46.531C soc0@44.812C gpu@46.625C tj@47.156C soc1@44.812C VDD_IN 4080mW/4087mW VDD_CPU_GPU_CV 956mW/962mW VDD_SOC 1397mW/1397mW
08-09-2026 22:31:58 RAM 3010/7620MB (lfb 29x4MB) SWAP 2/12002MB (cached 0MB) CPU [1%@1510,1%@1510,0%@1510,0%@1510,0%@1510,0%@1510] GR3D_FREQ 0% cpu@47.093C soc2@46.562C soc0@44.875C gpu@46.593C tj@47.093C soc1@44.843C VDD_IN 4080mW/4087mW VDD_CPU_GPU_CV 956mW/962mW VDD_SOC 1397mW/1397mW
08-09-2026 22:31:59 RAM 3010/7620MB (lfb 29x4MB) SWAP 2/12002MB (cached 0MB) CPU [0%@1510,0%@1510,0%@1510,0%@1510,1%@1510,0%@1510] GR3D_FREQ 0% cpu@47.156C soc2@46.593C soc0@44.875C gpu@46.593C tj@47.156C soc1@45C VDD_IN 4080mW/4087mW VDD_CPU_GPU_CV 956mW/962mW VDD_SOC 1397mW/1397mW
08-09-2026 22:32:00 RAM 3010/7620MB (lfb 29x4MB) SWAP 2/12002MB (cached 0MB) CPU [0%@1510,2%@1510,0%@1510,0%@1510,0%@1510,0%@1510] GR3D_FREQ 0% cpu@47.187C soc2@46.593C soc0@44.875C gpu@46.718C tj@47.187C soc1@44.937C VDD_IN 4113mW/4088mW VDD_CPU_GPU_CV 996mW/963mW VDD_SOC 1397mW/1397mW
08-09-2026 22:32:01 RAM 3010/7620MB (lfb 29x4MB) SWAP 2/12002MB (cached 0MB) CPU [1%@1510,1%@1510,2%@1510,0%@1510,1%@1510,0%@1510] GR3D_FREQ 0% cpu@47.437C soc2@46.625C soc0@44.937C gpu@46.593C tj@47.437C soc1@44.812C VDD_IN 4120mW/4088mW VDD_CPU_GPU_CV 956mW/963mW VDD_SOC 1397mW/1397mW
08-09-2026 22:32:02 RAM 3010/7620MB (lfb 29x4MB) SWAP 2/12002MB (cached 0MB) CPU [0%@1510,0%@1510,1%@1510,0%@1510,0%@1510,0%@1510] GR3D_FREQ 0% cpu@47.25C soc2@46.5C soc0@44.812C gpu@46.625C tj@47.25C soc1@44.75C VDD_IN 4113mW/4088mW VDD_CPU_GPU_CV 956mW/962mW VDD_SOC 1397mW/1397mW
08-09-2026 22:32:03 RAM 3010/7620MB (lfb 29x4MB) SWAP 2/12002MB (cached 0MB) CPU [0%@1510,0%@1510,0%@1510,0%@1510,0%@1510,0%@1510] GR3D_FREQ 0% cpu@47.062C soc2@46.625C soc0@44.812C gpu@46.468C tj@47.062C soc1@44.812C VDD_IN 4073mW/4088mW VDD_CPU_GPU_CV 956mW/962mW VDD_SOC 1397mW/1397mW
08-09-2026 22:32:04 RAM 3010/7620MB (lfb 29x4MB) SWAP 2/12002MB (cached 0MB) CPU [0%@1510,1%@1510,0%@1510,0%@1510,1%@1510,0%@1510] GR3D_FREQ 0% cpu@47.093C soc2@46.593C soc0@44.843C gpu@46.468C tj@47.093C soc1@44.843C VDD_IN 4073mW/4088mW VDD_CPU_GPU_CV 956mW/962mW VDD_SOC 1397mW/1397mW
08-09-2026 22:32:05 RAM 3010/7620MB (lfb 29x4MB) SWAP 2/12002MB (cached 0MB) CPU [1%@1510,1%@1510,0%@1510,0%@1510,0%@1510,0%@1510] GR3D_FREQ 0% cpu@47.187C soc2@46.531C soc0@44.843C gpu@46.5C tj@47.187C soc1@44.875C VDD_IN 4113mW/4088mW VDD_CPU_GPU_CV 996mW/963mW VDD_SOC 1397mW/1397mW
08-09-2026 22:32:06 RAM 3010/7620MB (lfb 29x4MB) SWAP 2/12002MB (cached 0MB) CPU [1%@1510,0%@1510,0%@1510,0%@1510,1%@1510,0%@1510] GR3D_FREQ 0% cpu@47.093C soc2@46.625C soc0@44.906C gpu@46.5C tj@47.093C soc1@44.968C VDD_IN 4113mW/4089mW VDD_CPU_GPU_CV 996mW/963mW VDD_SOC 1397mW/1397mW
08-09-2026 22:32:07 RAM 3010/7620MB (lfb 29x4MB) SWAP 2/12002MB (cached 0MB) CPU [1%@1510,1%@1510,0%@1510,0%@1510,1%@1510,0%@1510] GR3D_FREQ 0% cpu@47.218C soc2@46.562C soc0@44.937C gpu@46.531C tj@47.218C soc1@44.781C VDD_IN 4073mW/4088mW VDD_CPU_GPU_CV 956mW/963mW VDD_SOC 1397mW/1397mW
08-09-2026 22:32:08 RAM 3010/7620MB (lfb 29x4MB) SWAP 2/12002MB (cached 0MB) CPU [0%@1510,0%@1510,0%@1510,0%@1510,0%@1510,0%@1510] GR3D_FREQ 0% cpu@47.093C soc2@46.468C soc0@45.031C gpu@46.5C tj@47.093C soc1@44.875C VDD_IN 4073mW/4088mW VDD_CPU_GPU_CV 956mW/963mW VDD_SOC 1397mW/1397mW
08-09-2026 22:32:09 RAM 3010/7620MB (lfb 29x4MB) SWAP 2/12002MB (cached 0MB) CPU [1%@1510,0%@1510,0%@1510,0%@1510,1%@1510,0%@1510] GR3D_FREQ 0% cpu@47.343C soc2@46.625C soc0@44.875C gpu@46.531C tj@47.343C soc1@44.875C VDD_IN 4073mW/4088mW VDD_CPU_GPU_CV 956mW/963mW VDD_SOC 1397mW/1397mW
08-09-2026 22:32:10 RAM 3010/7620MB (lfb 29x4MB) SWAP 2/12002MB (cached 0MB) CPU [0%@1510,2%@1510,0%@1510,0%@1510,1%@1510,0%@1510] GR3D_FREQ 0% cpu@47.187C soc2@46.625C soc0@44.875C gpu@46.531C tj@47.187C soc1@44.843C VDD_IN 4113mW/4088mW VDD_CPU_GPU_CV 996mW/963mW VDD_SOC 1397mW/1397mW
08-09-2026 22:32:11 RAM 3010/7620MB (lfb 29x4MB) SWAP 2/12002MB (cached 0MB) CPU [1%@1510,1%@1510,0%@1510,0%@1510,0%@1510,0%@1510] GR3D_FREQ 0% cpu@47.25C soc2@46.562C soc0@44.875C gpu@46.531C tj@47.25C soc1@45.031C VDD_IN 4080mW/4088mW VDD_CPU_GPU_CV 956mW/963mW VDD_SOC 1397mW/1397mW
08-09-2026 22:32:12 RAM 3010/7620MB (lfb 29x4MB) SWAP 2/12002MB (cached 0MB) CPU [0%@1510,1%@1510,0%@1510,0%@1510,0%@1510,0%@1510] GR3D_FREQ 0% cpu@47.375C soc2@46.656C soc0@44.906C gpu@46.531C tj@47.375C soc1@44.843C VDD_IN 4113mW/4088mW VDD_CPU_GPU_CV 996mW/964mW VDD_SOC 1397mW/1397mW
08-09-2026 22:32:13 RAM 3010/7620MB (lfb 29x4MB) SWAP 2/12002MB (cached 0MB) CPU [1%@1510,0%@1510,0%@1510,0%@1510,0%@1510,1%@1510] GR3D_FREQ 0% cpu@47.531C soc2@46.531C soc0@45C gpu@46.593C tj@47.531C soc1@44.75C VDD_IN 4073mW/4088mW VDD_CPU_GPU_CV 956mW/963mW VDD_SOC 1397mW/1397mW
08-09-2026 22:32:14 RAM 3010/7620MB (lfb 29x4MB) SWAP 2/12002MB (cached 0MB) CPU [0%@1510,1%@1510,0%@1510,0%@1510,0%@1510,0%@1510] GR3D_FREQ 0% cpu@47.312C soc2@46.562C soc0@44.875C gpu@46.593C tj@47.312C soc1@44.781C VDD_IN 4080mW/4088mW VDD_CPU_GPU_CV 956mW/963mW VDD_SOC 1397mW/1397mW
08-09-2026 22:32:15 RAM 3010/7620MB (lfb 29x4MB) SWAP 2/12002MB (cached 0MB) CPU [1%@1510,1%@1510,0%@1510,0%@1510,0%@1510,0%@1510] GR3D_FREQ 0% cpu@47.187C soc2@46.625C soc0@44.812C gpu@46.593C tj@47.187C soc1@44.843C VDD_IN 4080mW/4088mW VDD_CPU_GPU_CV 956mW/963mW VDD_SOC 1397mW/1397mW
08-09-2026 22:32:16 RAM 3010/7620MB (lfb 29x4MB) SWAP 2/12002MB (cached 0MB) CPU [0%@1510,0%@1510,0%@1510,0%@1510,0%@1510,1%@1510] GR3D_FREQ 0% cpu@47.156C soc2@46.625C soc0@44.937C gpu@46.5C tj@47.156C soc1@44.875C VDD_IN 4113mW/4088mW VDD_CPU_GPU_CV 956mW/963mW VDD_SOC 1397mW/1397mW
08-09-2026 22:32:17 RAM 3010/7620MB (lfb 29x4MB) SWAP 2/12002MB (cached 0MB) CPU [0%@1510,1%@1510,0%@1510,0%@1510,0%@1510,0%@1510] GR3D_FREQ 0% cpu@47.281C soc2@46.656C soc0@44.906C gpu@46.593C tj@47.281C soc1@44.937C VDD_IN 4073mW/4088mW VDD_CPU_GPU_CV 956mW/963mW VDD_SOC 1397mW/1397mW
08-09-2026 22:32:18 RAM 3010/7620MB (lfb 29x4MB) SWAP 2/12002MB (cached 0MB) CPU [0%@1510,2%@1510,0%@1510,0%@1510,0%@1510,1%@1510] GR3D_FREQ 0% cpu@47.187C soc2@46.687C soc0@45.031C gpu@46.687C tj@47.187C soc1@44.75C VDD_IN 4073mW/4088mW VDD_CPU_GPU_CV 956mW/963mW VDD_SOC 1397mW/1397mW
08-09-2026 22:32:19 RAM 3010/7620MB (lfb 29x4MB) SWAP 2/12002MB (cached 0MB) CPU [0%@1510,0%@1510,0%@1510,0%@1510,0%@1510,2%@1510] GR3D_FREQ 0% cpu@47.343C soc2@46.593C soc0@45.031C gpu@46.937C tj@47.343C soc1@44.781C VDD_IN 4073mW/4088mW VDD_CPU_GPU_CV 956mW/963mW VDD_SOC 1397mW/1397mW
08-09-2026 22:32:20 RAM 3010/7620MB (lfb 29x4MB) SWAP 2/12002MB (cached 0MB) CPU [1%@1510,1%@1510,0%@1510,0%@1510,0%@1510,0%@1510] GR3D_FREQ 0% cpu@47.187C soc2@46.5C soc0@44.875C gpu@46.843C tj@47.187C soc1@44.812C VDD_IN 4073mW/4088mW VDD_CPU_GPU_CV 956mW/963mW VDD_SOC 1397mW/1397mW
08-09-2026 22:32:21 RAM 3010/7620MB (lfb 29x4MB) SWAP 2/12002MB (cached 0MB) CPU [1%@1510,1%@1510,0%@1510,0%@1510,0%@1510,1%@1510] GR3D_FREQ 0% cpu@47.125C soc2@46.625C soc0@44.875C gpu@46.968C tj@47.125C soc1@44.843C VDD_IN 4113mW/4088mW VDD_CPU_GPU_CV 956mW/963mW VDD_SOC 1397mW/1397mW
08-09-2026 22:32:22 RAM 3010/7620MB (lfb 29x4MB) SWAP 2/12002MB (cached 0MB) CPU [0%@1510,0%@1510,0%@1510,1%@1510,0%@1510,0%@1510] GR3D_FREQ 0% cpu@47.125C soc2@46.625C soc0@44.875C gpu@46.531C tj@47.125C soc1@44.937C VDD_IN 4113mW/4088mW VDD_CPU_GPU_CV 956mW/963mW VDD_SOC 1397mW/1397mW
08-09-2026 22:32:23 RAM 3010/7620MB (lfb 29x4MB) SWAP 2/12002MB (cached 0MB) CPU [1%@1510,0%@1510,0%@1510,0%@1510,0%@1510,0%@1510] GR3D_FREQ 0% cpu@47.281C soc2@46.687C soc0@44.937C gpu@46.5C tj@47.281C soc1@44.875C VDD_IN 4073mW/4088mW VDD_CPU_GPU_CV 956mW/963mW VDD_SOC 1397mW/1397mW
08-09-2026 22:32:24 RAM 3010/7620MB (lfb 29x4MB) SWAP 2/12002MB (cached 0MB) CPU [0%@1510,0%@1510,0%@1510,0%@1510,0%@1510,0%@1510] GR3D_FREQ 0% cpu@47.406C soc2@46.625C soc0@45.031C gpu@46.5C tj@47.406C soc1@44.843C VDD_IN 4073mW/4088mW VDD_CPU_GPU_CV 956mW/963mW VDD_SOC 1397mW/1397mW
08-09-2026 22:32:25 RAM 3010/7620MB (lfb 29x4MB) SWAP 2/12002MB (cached 0MB) CPU [0%@1510,1%@1510,0%@1510,0%@1510,0%@1510,0%@1510] GR3D_FREQ 0% cpu@47.187C soc2@46.625C soc0@45.062C gpu@46.531C tj@47.187C soc1@44.843C VDD_IN 4080mW/4088mW VDD_CPU_GPU_CV 956mW/962mW VDD_SOC 1397mW/1397mW
08-09-2026 22:32:26 RAM 3010/7620MB (lfb 29x4MB) SWAP 2/12002MB (cached 0MB) CPU [1%@1510,1%@1510,0%@1510,0%@1510,1%@1510,1%@1510] GR3D_FREQ 0% cpu@47.437C soc2@46.625C soc0@44.812C gpu@46.562C tj@47.437C soc1@44.843C VDD_IN 4080mW/4088mW VDD_CPU_GPU_CV 956mW/962mW VDD_SOC 1397mW/1397mW
08-09-2026 22:32:27 RAM 3010/7620MB (lfb 29x4MB) SWAP 2/12002MB (cached 0MB) CPU [1%@1510,0%@1510,1%@1510,0%@1510,0%@1510,0%@1510] GR3D_FREQ 0% cpu@47.125C soc2@46.625C soc0@44.875C gpu@46.562C tj@47.125C soc1@44.906C VDD_IN 4080mW/4088mW VDD_CPU_GPU_CV 956mW/962mW VDD_SOC 1397mW/1397mW
08-09-2026 22:32:28 RAM 3010/7620MB (lfb 29x4MB) SWAP 2/12002MB (cached 0MB) CPU [1%@1510,1%@1510,0%@1510,0%@1510,0%@1510,0%@1510] GR3D_FREQ 0% cpu@47.125C soc2@46.625C soc0@44.937C gpu@46.625C tj@47.125C soc1@45C VDD_IN 4073mW/4087mW VDD_CPU_GPU_CV 956mW/962mW VDD_SOC 1397mW/1397mW
08-09-2026 22:32:29 RAM 3010/7620MB (lfb 29x4MB) SWAP 2/12002MB (cached 0MB) CPU [1%@1510,3%@1510,0%@1510,0%@1510,0%@1510,1%@1510] GR3D_FREQ 0% cpu@47.156C soc2@46.656C soc0@44.906C gpu@46.625C tj@47.375C soc1@44.968C VDD_IN 4073mW/4087mW VDD_CPU_GPU_CV 956mW/962mW VDD_SOC 1397mW/1397mW
08-09-2026 22:32:30 RAM 3010/7620MB (lfb 29x4MB) SWAP 2/12002MB (cached 0MB) CPU [0%@1510,0%@1510,1%@1510,0%@1510,0%@1510,0%@1510] GR3D_FREQ 0% cpu@47.312C soc2@46.656C soc0@45C gpu@46.5C tj@47.312C soc1@44.843C VDD_IN 4073mW/4087mW VDD_CPU_GPU_CV 956mW/962mW VDD_SOC 1397mW/1397mW
08-09-2026 22:32:31 RAM 3010/7620MB (lfb 29x4MB) SWAP 2/12002MB (cached 0MB) CPU [0%@1510,1%@1510,0%@1510,0%@1510,0%@1510,0%@1510] GR3D_FREQ 0% cpu@47.5C soc2@46.531C soc0@44.968C gpu@46.531C tj@47.5C soc1@44.812C VDD_IN 4080mW/4087mW VDD_CPU_GPU_CV 956mW/962mW VDD_SOC 1397mW/1397mW
08-09-2026 22:32:32 RAM 3010/7620MB (lfb 29x4MB) SWAP 2/12002MB (cached 0MB) CPU [1%@1510,1%@1510,0%@1510,0%@1510,0%@1510,0%@1510] GR3D_FREQ 0% cpu@47.156C soc2@46.562C soc0@44.875C gpu@46.593C tj@47.156C soc1@44.937C VDD_IN 4120mW/4087mW VDD_CPU_GPU_CV 956mW/962mW VDD_SOC 1397mW/1397mW
08-09-2026 22:32:33 RAM 3010/7620MB (lfb 29x4MB) SWAP 2/12002MB (cached 0MB) CPU [1%@1510,1%@1510,1%@1510,0%@1510,0%@1510,0%@1510] GR3D_FREQ 0% cpu@47.156C soc2@46.687C soc0@44.906C gpu@46.687C tj@47.187C soc1@44.906C VDD_IN 4073mW/4087mW VDD_CPU_GPU_CV 956mW/962mW VDD_SOC 1397mW/1397mW
08-09-2026 22:32:34 RAM 3010/7620MB (lfb 29x4MB) SWAP 2/12002MB (cached 0MB) CPU [0%@1510,2%@1510,0%@1510,0%@1510,0%@1510,1%@1510] GR3D_FREQ 0% cpu@47.218C soc2@46.718C soc0@45C gpu@46.625C tj@47.218C soc1@44.937C VDD_IN 4080mW/4087mW VDD_CPU_GPU_CV 956mW/962mW VDD_SOC 1397mW/1397mW
08-09-2026 22:32:35 RAM 3010/7620MB (lfb 29x4MB) SWAP 2/12002MB (cached 0MB) CPU [0%@1510,1%@1510,0%@1510,0%@1510,0%@1510,0%@1510] GR3D_FREQ 0% cpu@47.343C soc2@46.718C soc0@44.937C gpu@46.531C tj@47.343C soc1@44.968C VDD_IN 4080mW/4087mW VDD_CPU_GPU_CV 956mW/962mW VDD_SOC 1397mW/1397mW
08-09-2026 22:32:36 RAM 3010/7620MB (lfb 29x4MB) SWAP 2/12002MB (cached 0MB) CPU [1%@1510,1%@1510,0%@1510,0%@1510,0%@1510,0%@1510] GR3D_FREQ 0% cpu@47.531C soc2@46.625C soc0@45.062C gpu@46.625C tj@47.531C soc1@44.843C VDD_IN 4073mW/4087mW VDD_CPU_GPU_CV 956mW/962mW VDD_SOC 1397mW/1397mW
08-09-2026 22:32:37 RAM 3010/7620MB (lfb 29x4MB) SWAP 2/12002MB (cached 0MB) CPU [1%@1510,0%@1510,0%@1510,0%@1510,0%@1510,0%@1510] GR3D_FREQ 0% cpu@47.375C soc2@46.625C soc0@45.218C gpu@46.593C tj@47.25C soc1@44.906C VDD_IN 4113mW/4087mW VDD_CPU_GPU_CV 956mW/962mW VDD_SOC 1397mW/1397mW
08-09-2026 22:32:38 RAM 3010/7620MB (lfb 29x4MB) SWAP 2/12002MB (cached 0MB) CPU [0%@1510,0%@1510,0%@1510,0%@1510,1%@1510,0%@1510] GR3D_FREQ 0% cpu@47.625C soc2@46.656C soc0@44.843C gpu@46.687C tj@47.625C soc1@44.843C VDD_IN 4080mW/4087mW VDD_CPU_GPU_CV 956mW/962mW VDD_SOC 1397mW/1397mW
08-09-2026 22:32:39 RAM 3010/7620MB (lfb 29x4MB) SWAP 2/12002MB (cached 0MB) CPU [1%@1510,1%@1510,0%@1510,0%@1510,0%@1510,1%@1510] GR3D_FREQ 0% cpu@47.125C soc2@46.625C soc0@45C gpu@47C tj@47.125C soc1@44.843C VDD_IN 4080mW/4087mW VDD_CPU_GPU_CV 956mW/962mW VDD_SOC 1397mW/1397mW
08-09-2026 22:32:40 RAM 3010/7620MB (lfb 29x4MB) SWAP 2/12002MB (cached 0MB) CPU [0%@1510,0%@1510,0%@1510,0%@1510,1%@1510,0%@1510] GR3D_FREQ 0% cpu@47.312C soc2@46.656C soc0@45C gpu@46.968C tj@47.312C soc1@44.968C VDD_IN 4073mW/4087mW VDD_CPU_GPU_CV 956mW/962mW VDD_SOC 1397mW/1397mW
08-09-2026 22:32:41 RAM 3010/7620MB (lfb 29x4MB) SWAP 2/12002MB (cached 0MB) CPU [1%@1510,1%@1510,0%@1510,0%@1510,0%@1510,0%@1510] GR3D_FREQ 0% cpu@47.25C soc2@46.656C soc0@45C gpu@47C tj@47.25C soc1@44.843C VDD_IN 4073mW/4087mW VDD_CPU_GPU_CV 956mW/962mW VDD_SOC 1397mW/1397mW
08-09-2026 22:32:42 RAM 3010/7620MB (lfb 29x4MB) SWAP 2/12002MB (cached 0MB) CPU [1%@1510,1%@1510,2%@1510,0%@1510,0%@1510,0%@1510] GR3D_FREQ 0% cpu@47.343C soc2@46.656C soc0@45C gpu@46.531C tj@47.343C soc1@44.843C VDD_IN 4113mW/4087mW VDD_CPU_GPU_CV 956mW/961mW VDD_SOC 1397mW/1397mW
08-09-2026 22:32:43 RAM 3010/7620MB (lfb 29x4MB) SWAP 2/12002MB (cached 0MB) CPU [1%@1510,1%@1510,0%@1510,0%@1510,0%@1510,1%@1510] GR3D_FREQ 0% cpu@47.593C soc2@46.656C soc0@44.875C gpu@46.593C tj@47.593C soc1@44.875C VDD_IN 4080mW/4087mW VDD_CPU_GPU_CV 956mW/961mW VDD_SOC 1397mW/1397mW
08-09-2026 22:32:44 RAM 3010/7620MB (lfb 29x4MB) SWAP 2/12002MB (cached 0MB) CPU [0%@1510,0%@1510,0%@1510,0%@1510,1%@1510,0%@1510] GR3D_FREQ 0% cpu@47.375C soc2@46.562C soc0@44.937C gpu@46.562C tj@47.25C soc1@44.875C VDD_IN 4073mW/4087mW VDD_CPU_GPU_CV 956mW/961mW VDD_SOC 1397mW/1397mW
08-09-2026 22:32:45 RAM 3010/7620MB (lfb 29x4MB) SWAP 2/12002MB (cached 0MB) CPU [0%@1510,0%@1510,0%@1510,0%@1510,0%@1510,0%@1510] GR3D_FREQ 0% cpu@47.187C soc2@46.656C soc0@44.906C gpu@46.5C tj@47.281C soc1@44.937C VDD_IN 4073mW/4087mW VDD_CPU_GPU_CV 956mW/961mW VDD_SOC 1397mW/1397mW
08-09-2026 22:32:46 RAM 3010/7620MB (lfb 29x4MB) SWAP 2/12002MB (cached 0MB) CPU [1%@1510,3%@1510,0%@1510,0%@1510,0%@1510,0%@1510] GR3D_FREQ 0% cpu@47.218C soc2@46.625C soc0@44.968C gpu@46.625C tj@47.218C soc1@45C VDD_IN 4080mW/4087mW VDD_CPU_GPU_CV 956mW/961mW VDD_SOC 1397mW/1397mW
08-09-2026 22:32:47 RAM 3010/7620MB (lfb 29x4MB) SWAP 2/12002MB (cached 0MB) CPU [0%@1510,0%@1510,0%@1510,0%@1510,0%@1510,1%@1510] GR3D_FREQ 0% cpu@47.281C soc2@46.718C soc0@45.031C gpu@46.562C tj@47.281C soc1@44.812C VDD_IN 4080mW/4087mW VDD_CPU_GPU_CV 956mW/961mW VDD_SOC 1397mW/1397mW
08-09-2026 22:32:48 RAM 3010/7620MB (lfb 29x4MB) SWAP 2/12002MB (cached 0MB) CPU [0%@1510,0%@1510,0%@1510,1%@1510,0%@1510,0%@1510] GR3D_FREQ 0% cpu@47.593C soc2@46.562C soc0@45.062C gpu@46.593C tj@47.593C soc1@44.843C VDD_IN 4080mW/4087mW VDD_CPU_GPU_CV 956mW/961mW VDD_SOC 1397mW/1397mW
08-09-2026 22:32:49 RAM 3010/7620MB (lfb 29x4MB) SWAP 2/12002MB (cached 0MB) CPU [1%@1510,1%@1510,0%@1510,0%@1510,0%@1510,0%@1510] GR3D_FREQ 0% cpu@47.343C soc2@46.625C soc0@44.906C gpu@46.562C tj@47.312C soc1@44.812C VDD_IN 4080mW/4086mW VDD_CPU_GPU_CV 956mW/961mW VDD_SOC 1397mW/1397mW
08-09-2026 22:32:50 RAM 3010/7620MB (lfb 29x4MB) SWAP 2/12002MB (cached 0MB) CPU [0%@1510,1%@1510,0%@1510,0%@1510,1%@1510,0%@1510] GR3D_FREQ 0% cpu@47.156C soc2@46.625C soc0@44.968C gpu@46.593C tj@47.156C soc1@44.843C VDD_IN 4080mW/4086mW VDD_CPU_GPU_CV 958mW/961mW VDD_SOC 1397mW/1397mW
08-09-2026 22:32:51 RAM 3010/7620MB (lfb 29x4MB) SWAP 2/12002MB (cached 0MB) CPU [1%@1510,0%@1510,0%@1510,0%@1510,0%@1510,0%@1510] GR3D_FREQ 0% cpu@47.156C soc2@46.718C soc0@44.937C gpu@46.5C tj@47.156C soc1@44.937C VDD_IN 4080mW/4086mW VDD_CPU_GPU_CV 958mW/961mW VDD_SOC 1397mW/1397mW
08-09-2026 22:32:52 RAM 3010/7620MB (lfb 29x4MB) SWAP 2/12002MB (cached 0MB) CPU [0%@1510,1%@1510,0%@1510,0%@1510,0%@1510,0%@1510] GR3D_FREQ 0% cpu@47.406C soc2@46.75C soc0@44.875C gpu@46.562C tj@47.406C soc1@44.843C VDD_IN 4120mW/4087mW VDD_CPU_GPU_CV 956mW/961mW VDD_SOC 1397mW/1397mW
08-09-2026 22:32:53 RAM 3010/7620MB (lfb 29x4MB) SWAP 2/12002MB (cached 0MB) CPU [1%@1510,1%@1510,0%@1510,1%@1510,0%@1510,0%@1510] GR3D_FREQ 0% cpu@47.562C soc2@46.625C soc0@44.968C gpu@46.843C tj@47.562C soc1@44.843C VDD_IN 4080mW/4087mW VDD_CPU_GPU_CV 958mW/961mW VDD_SOC 1397mW/1397mW
08-09-2026 22:32:54 RAM 3010/7620MB (lfb 29x4MB) SWAP 2/12002MB (cached 0MB) CPU [0%@1510,0%@1510,0%@1510,1%@1510,0%@1510,0%@1510] GR3D_FREQ 0% cpu@47.343C soc2@46.625C soc0@45C gpu@46.843C tj@47.343C soc1@44.843C VDD_IN 4073mW/4086mW VDD_CPU_GPU_CV 956mW/961mW VDD_SOC 1397mW/1397mW
08-09-2026 22:32:55 RAM 3010/7620MB (lfb 29x4MB) SWAP 2/12002MB (cached 0MB) CPU [1%@1510,1%@1510,0%@1510,0%@1510,0%@1510,0%@1510] GR3D_FREQ 0% cpu@47.218C soc2@46.625C soc0@44.906C gpu@46.812C tj@47.218C soc1@44.875C VDD_IN 4080mW/4086mW VDD_CPU_GPU_CV 956mW/961mW VDD_SOC 1397mW/1397mW
08-09-2026 22:32:56 RAM 3010/7620MB (lfb 29x4MB) SWAP 2/12002MB (cached 0MB) CPU [0%@1510,0%@1510,0%@1510,0%@1510,0%@1510,1%@1510] GR3D_FREQ 0% cpu@47.281C soc2@46.656C soc0@44.937C gpu@46.875C tj@47.281C soc1@44.968C VDD_IN 4073mW/4086mW VDD_CPU_GPU_CV 956mW/961mW VDD_SOC 1397mW/1397mW
08-09-2026 22:32:57 RAM 3010/7620MB (lfb 29x4MB) SWAP 2/12002MB (cached 0MB) CPU [1%@1510,0%@1510,0%@1510,0%@1510,0%@1510,0%@1510] GR3D_FREQ 0% cpu@47.375C soc2@46.718C soc0@45C gpu@46.843C tj@47.375C soc1@44.906C VDD_IN 4120mW/4087mW VDD_CPU_GPU_CV 956mW/961mW VDD_SOC 1397mW/1397mW
08-09-2026 22:32:58 RAM 3010/7620MB (lfb 29x4MB) SWAP 2/12002MB (cached 0MB) CPU [1%@1510,0%@1510,0%@1510,1%@1510,0%@1510,0%@1510] GR3D_FREQ 0% cpu@47.281C soc2@46.687C soc0@44.968C gpu@46.843C tj@47.281C soc1@45.031C VDD_IN 4073mW/4086mW VDD_CPU_GPU_CV 956mW/961mW VDD_SOC 1397mW/1397mW
08-09-2026 22:32:59 RAM 3010/7620MB (lfb 29x4MB) SWAP 2/12002MB (cached 0MB) CPU [1%@1510,1%@1510,0%@1510,0%@1510,0%@1510,0%@1510] GR3D_FREQ 0% cpu@47.375C soc2@46.593C soc0@45.093C gpu@46.937C tj@47.375C soc1@44.875C VDD_IN 4073mW/4086mW VDD_CPU_GPU_CV 956mW/961mW VDD_SOC 1397mW/1397mW
08-09-2026 22:33:00 RAM 3010/7620MB (lfb 29x4MB) SWAP 2/12002MB (cached 0MB) CPU [1%@1510,1%@1510,0%@1510,0%@1510,0%@1510,0%@1510] GR3D_FREQ 0% cpu@47.281C soc2@46.656C soc0@44.875C gpu@47C tj@47.281C soc1@44.937C VDD_IN 4080mW/4086mW VDD_CPU_GPU_CV 956mW/961mW VDD_SOC 1397mW/1397mW
08-09-2026 22:33:01 RAM 3010/7620MB (lfb 29x4MB) SWAP 2/12002MB (cached 0MB) CPU [0%@1510,0%@1510,0%@1510,0%@1510,1%@1510,0%@1510] GR3D_FREQ 0% cpu@47.531C soc2@46.687C soc0@44.906C gpu@46.968C tj@47.531C soc1@44.906C VDD_IN 4073mW/4086mW VDD_CPU_GPU_CV 956mW/961mW VDD_SOC 1397mW/1397mW
08-09-2026 22:33:02 RAM 3010/7620MB (lfb 29x4MB) SWAP 2/12002MB (cached 0MB) CPU [1%@1510,0%@1510,0%@1510,0%@1510,1%@1510,0%@1510] GR3D_FREQ 0% cpu@47.187C soc2@46.593C soc0@44.968C gpu@47.031C tj@47.187C soc1@44.937C VDD_IN 4113mW/4086mW VDD_CPU_GPU_CV 956mW/961mW VDD_SOC 1397mW/1397mW
08-09-2026 22:33:03 RAM 3010/7620MB (lfb 29x4MB) SWAP 2/12002MB (cached 0MB) CPU [0%@1510,0%@1510,0%@1510,0%@1510,0%@1510,0%@1510] GR3D_FREQ 0% cpu@47.281C soc2@46.718C soc0@44.968C gpu@46.531C tj@47.281C soc1@45.062C VDD_IN 4113mW/4087mW VDD_CPU_GPU_CV 956mW/961mW VDD_SOC 1397mW/1397mW
08-09-2026 22:33:04 RAM 3010/7620MB (lfb 29x4MB) SWAP 2/12002MB (cached 0MB) CPU [1%@1510,0%@1510,0%@1510,0%@1510,0%@1510,0%@1510] GR3D_FREQ 0% cpu@47.375C soc2@46.625C soc0@44.968C gpu@46.562C tj@47.375C soc1@44.812C VDD_IN 4073mW/4086mW VDD_CPU_GPU_CV 956mW/961mW VDD_SOC 1397mW/1397mW
08-09-2026 22:33:05 RAM 3010/7620MB (lfb 29x4MB) SWAP 2/12002MB (cached 0MB) CPU [0%@1510,1%@1510,0%@1510,0%@1510,0%@1510,0%@1510] GR3D_FREQ 0% cpu@47.218C soc2@46.593C soc0@44.906C gpu@46.781C tj@47.218C soc1@44.843C VDD_IN 4080mW/4086mW VDD_CPU_GPU_CV 956mW/961mW VDD_SOC 1397mW/1397mW
08-09-2026 22:33:06 RAM 3010/7620MB (lfb 29x4MB) SWAP 2/12002MB (cached 0MB) CPU [0%@1510,0%@1510,0%@1510,0%@1510,0%@1510,0%@1510] GR3D_FREQ 0% cpu@47.406C soc2@46.625C soc0@45C gpu@46.718C tj@47.406C soc1@44.843C VDD_IN 4080mW/4086mW VDD_CPU_GPU_CV 956mW/960mW VDD_SOC 1397mW/1397mW
08-09-2026 22:33:07 RAM 3010/7620MB (lfb 29x4MB) SWAP 2/12002MB (cached 0MB) CPU [1%@1510,0%@1510,0%@1510,0%@1510,0%@1510,0%@1510] GR3D_FREQ 0% cpu@47.187C soc2@46.75C soc0@45C gpu@46.625C tj@47.187C soc1@44.875C VDD_IN 4120mW/4087mW VDD_CPU_GPU_CV 956mW/960mW VDD_SOC 1397mW/1397mW
08-09-2026 22:33:08 RAM 3010/7620MB (lfb 29x4MB) SWAP 2/12002MB (cached 0MB) CPU [0%@1510,2%@1510,0%@1510,0%@1510,0%@1510,0%@1510] GR3D_FREQ 0% cpu@47.281C soc2@46.656C soc0@44.937C gpu@46.718C tj@47.281C soc1@44.937C VDD_IN 4080mW/4087mW VDD_CPU_GPU_CV 956mW/960mW VDD_SOC 1397mW/1397mW
08-09-2026 22:33:09 RAM 3010/7620MB (lfb 29x4MB) SWAP 2/12002MB (cached 0MB) CPU [1%@1510,0%@1510,0%@1510,0%@1510,0%@1510,0%@1510] GR3D_FREQ 0% cpu@47.343C soc2@46.656C soc0@45.031C gpu@46.812C tj@47.343C soc1@44.843C VDD_IN 4073mW/4086mW VDD_CPU_GPU_CV 956mW/960mW VDD_SOC 1397mW/1397mW
08-09-2026 22:33:10 RAM 3010/7620MB (lfb 29x4MB) SWAP 2/12002MB (cached 0MB) CPU [1%@1510,2%@1510,0%@1510,0%@1510,0%@1510,0%@1510] GR3D_FREQ 0% cpu@47.406C soc2@46.656C soc0@45.062C gpu@46.718C tj@47.187C soc1@44.843C VDD_IN 4073mW/4086mW VDD_CPU_GPU_CV 956mW/960mW VDD_SOC 1397mW/1397mW
08-09-2026 22:33:11 RAM 3010/7620MB (lfb 29x4MB) SWAP 2/12002MB (cached 0MB) CPU [0%@1510,1%@1510,0%@1510,0%@1510,0%@1510,0%@1510] GR3D_FREQ 0% cpu@47.5C soc2@46.656C soc0@44.875C gpu@46.75C tj@47.5C soc1@44.843C VDD_IN 4080mW/4086mW VDD_CPU_GPU_CV 956mW/960mW VDD_SOC 1397mW/1397mW
08-09-2026 22:33:12 RAM 3010/7620MB (lfb 29x4MB) SWAP 2/12002MB (cached 0MB) CPU [0%@1510,1%@1510,1%@1510,1%@1510,0%@1510,0%@1510] GR3D_FREQ 0% cpu@47.093C soc2@46.625C soc0@44.968C gpu@46.812C tj@47.093C soc1@44.875C VDD_IN 4073mW/4086mW VDD_CPU_GPU_CV 956mW/960mW VDD_SOC 1397mW/1397mW
08-09-2026 22:33:13 RAM 3010/7620MB (lfb 29x4MB) SWAP 2/12002MB (cached 0MB) CPU [2%@1510,1%@1510,0%@1510,0%@1510,0%@1510,0%@1510] GR3D_FREQ 0% cpu@47.156C soc2@46.593C soc0@45C gpu@46.843C tj@47.156C soc1@44.906C VDD_IN 4073mW/4086mW VDD_CPU_GPU_CV 956mW/960mW VDD_SOC 1397mW/1397mW
08-09-2026 22:33:14 RAM 3010/7620MB (lfb 29x4MB) SWAP 2/12002MB (cached 0MB) CPU [0%@1510,1%@1510,0%@1510,0%@1510,0%@1510,1%@1510] GR3D_FREQ 0% cpu@47.125C soc2@46.593C soc0@44.937C gpu@46.875C tj@47.125C soc1@45.031C VDD_IN 4073mW/4086mW VDD_CPU_GPU_CV 956mW/960mW VDD_SOC 1397mW/1397mW
08-09-2026 22:33:15 RAM 3010/7620MB (lfb 29x4MB) SWAP 2/12002MB (cached 0MB) CPU [1%@1510,0%@1510,1%@1510,0%@1510,0%@1510,0%@1510] GR3D_FREQ 0% cpu@47.25C soc2@46.656C soc0@45C gpu@46.781C tj@47.25C soc1@44.843C VDD_IN 4080mW/4086mW VDD_CPU_GPU_CV 956mW/960mW VDD_SOC 1397mW/1397mW
08-09-2026 22:33:16 RAM 3010/7620MB (lfb 29x4MB) SWAP 2/12002MB (cached 0MB) CPU [1%@1510,1%@1510,0%@1510,0%@1510,0%@1510,0%@1510] GR3D_FREQ 0% cpu@47.468C soc2@46.625C soc0@45C gpu@46.875C tj@47.468C soc1@44.812C VDD_IN 4080mW/4086mW VDD_CPU_GPU_CV 956mW/960mW VDD_SOC 1397mW/1397mW
08-09-2026 22:33:17 RAM 3010/7620MB (lfb 29x4MB) SWAP 2/12002MB (cached 0MB) CPU [0%@1510,0%@1510,0%@1510,0%@1510,0%@1510,0%@1510] GR3D_FREQ 0% cpu@47.343C soc2@46.562C soc0@44.937C gpu@46.843C tj@47.343C soc1@44.843C VDD_IN 4113mW/4086mW VDD_CPU_GPU_CV 956mW/960mW VDD_SOC 1397mW/1397mW
08-09-2026 22:33:18 RAM 3010/7620MB (lfb 29x4MB) SWAP 2/12002MB (cached 0MB) CPU [1%@1510,0%@1510,0%@1510,0%@1510,0%@1510,0%@1510] GR3D_FREQ 0% cpu@47.562C soc2@46.593C soc0@44.875C gpu@46.937C tj@47.562C soc1@44.843C VDD_IN 4080mW/4086mW VDD_CPU_GPU_CV 956mW/960mW VDD_SOC 1397mW/1397mW
08-09-2026 22:33:19 RAM 3010/7620MB (lfb 29x4MB) SWAP 2/12002MB (cached 0MB) CPU [1%@1510,0%@1510,0%@1510,0%@1510,0%@1510,0%@1510] GR3D_FREQ 0% cpu@47.25C soc2@46.562C soc0@44.875C gpu@46.937C tj@47.25C soc1@44.843C VDD_IN 4080mW/4086mW VDD_CPU_GPU_CV 956mW/960mW VDD_SOC 1397mW/1397mW
08-09-2026 22:33:20 RAM 3010/7620MB (lfb 29x4MB) SWAP 2/12002MB (cached 0MB) CPU [0%@1510,0%@1510,0%@1510,0%@1510,0%@1510,0%@1510] GR3D_FREQ 0% cpu@47.312C soc2@46.625C soc0@44.906C gpu@46.968C tj@47.312C soc1@45.125C VDD_IN 4080mW/4086mW VDD_CPU_GPU_CV 956mW/960mW VDD_SOC 1397mW/1397mW
08-09-2026 22:33:21 RAM 3010/7620MB (lfb 29x4MB) SWAP 2/12002MB (cached 0MB) CPU [1%@1510,0%@1510,0%@1510,0%@1510,0%@1510,1%@1510] GR3D_FREQ 0% cpu@47.156C soc2@46.687C soc0@44.937C gpu@47C tj@47.468C soc1@44.843C VDD_IN 4080mW/4086mW VDD_CPU_GPU_CV 956mW/960mW VDD_SOC 1397mW/1397mW
08-09-2026 22:33:22 RAM 3010/7620MB (lfb 29x4MB) SWAP 2/12002MB (cached 0MB) CPU [0%@1510,1%@1510,0%@1510,0%@1510,0%@1510,0%@1510] GR3D_FREQ 0% cpu@47.281C soc2@46.562C soc0@45.031C gpu@47C tj@47.281C soc1@44.812C VDD_IN 4080mW/4086mW VDD_CPU_GPU_CV 956mW/960mW VDD_SOC 1397mW/1397mW
08-09-2026 22:33:23 RAM 3010/7620MB (lfb 29x4MB) SWAP 2/12002MB (cached 0MB) CPU [1%@1510,0%@1510,0%@1510,0%@1510,0%@1510,0%@1510] GR3D_FREQ 0% cpu@47.531C soc2@46.625C soc0@44.906C gpu@47.031C tj@47.531C soc1@44.781C VDD_IN 4073mW/4086mW VDD_CPU_GPU_CV 956mW/960mW VDD_SOC 1397mW/1397mW
08-09-2026 22:33:24 RAM 3010/7620MB (lfb 29x4MB) SWAP 2/12002MB (cached 0MB) CPU [0%@1510,1%@1510,0%@1510,0%@1510,0%@1510,0%@1510] GR3D_FREQ 0% cpu@47.093C soc2@46.531C soc0@44.906C gpu@46.531C tj@47.093C soc1@44.875C VDD_IN 4080mW/4086mW VDD_CPU_GPU_CV 956mW/960mW VDD_SOC 1397mW/1397mW
08-09-2026 22:33:25 RAM 3010/7620MB (lfb 29x4MB) SWAP 2/12002MB (cached 0MB) CPU [0%@1510,0%@1510,0%@1510,1%@1510,0%@1510,0%@1510] GR3D_FREQ 0% cpu@47.218C soc2@46.593C soc0@44.843C gpu@46.468C tj@47.187C soc1@44.875C VDD_IN 4080mW/4086mW VDD_CPU_GPU_CV 956mW/960mW VDD_SOC 1397mW/1397mW
08-09-2026 22:33:26 RAM 3010/7620MB (lfb 29x4MB) SWAP 2/12002MB (cached 0MB) CPU [1%@1510,1%@1510,1%@1510,0%@1510,0%@1510,0%@1510] GR3D_FREQ 0% cpu@47.156C soc2@46.625C soc0@44.937C gpu@46.562C tj@47.156C soc1@45C VDD_IN 4080mW/4086mW VDD_CPU_GPU_CV 956mW/960mW VDD_SOC 1397mW/1397mW
08-09-2026 22:33:27 RAM 3010/7620MB (lfb 29x4MB) SWAP 2/12002MB (cached 0MB) CPU [0%@1510,0%@1510,0%@1510,0%@1510,0%@1510,0%@1510] GR3D_FREQ 0% cpu@47.281C soc2@46.656C soc0@44.937C gpu@46.5C tj@47.281C soc1@44.718C VDD_IN 4080mW/4086mW VDD_CPU_GPU_CV 958mW/960mW VDD_SOC 1397mW/1397mW
08-09-2026 22:33:28 RAM 3010/7620MB (lfb 29x4MB) SWAP 2/12002MB (cached 0MB) CPU [1%@1510,0%@1510,0%@1510,0%@1510,0%@1510,0%@1510] GR3D_FREQ 0% cpu@47.562C soc2@46.593C soc0@45.093C gpu@46.593C tj@47.562C soc1@44.781C VDD_IN 4080mW/4086mW VDD_CPU_GPU_CV 956mW/960mW VDD_SOC 1397mW/1397mW
08-09-2026 22:33:29 RAM 3010/7620MB (lfb 29x4MB) SWAP 2/12002MB (cached 0MB) CPU [1%@1510,1%@1510,0%@1510,0%@1510,0%@1510,0%@1510] GR3D_FREQ 0% cpu@47.343C soc2@46.625C soc0@44.843C gpu@46.593C tj@47.343C soc1@44.843C VDD_IN 4073mW/4086mW VDD_CPU_GPU_CV 958mW/960mW VDD_SOC 1397mW/1397mW
08-09-2026 22:33:30 RAM 3010/7620MB (lfb 29x4MB) SWAP 2/12002MB (cached 0MB) CPU [0%@1510,0%@1510,0%@1510,0%@1510,0%@1510,0%@1510] GR3D_FREQ 0% cpu@47.187C soc2@46.593C soc0@44.906C gpu@46.75C tj@47.187C soc1@44.875C VDD_IN 4080mW/4086mW VDD_CPU_GPU_CV 958mW/960mW VDD_SOC 1397mW/1397mW
08-09-2026 22:33:31 RAM 3010/7620MB (lfb 29x4MB) SWAP 2/12002MB (cached 0MB) CPU [1%@1510,0%@1510,1%@1510,0%@1510,0%@1510,1%@1510] GR3D_FREQ 0% cpu@47.125C soc2@46.562C soc0@44.875C gpu@46.625C tj@47.125C soc1@44.906C VDD_IN 4080mW/4085mW VDD_CPU_GPU_CV 958mW/960mW VDD_SOC 1397mW/1397mW
08-09-2026 22:33:32 RAM 3010/7620MB (lfb 29x4MB) SWAP 2/12002MB (cached 0MB) CPU [2%@1510,0%@1510,0%@1510,0%@1510,0%@1510,0%@1510] GR3D_FREQ 0% cpu@47.281C soc2@46.656C soc0@44.875C gpu@46.781C tj@47.281C soc1@44.875C VDD_IN 4080mW/4085mW VDD_CPU_GPU_CV 956mW/960mW VDD_SOC 1397mW/1397mW
08-09-2026 22:33:33 RAM 3010/7620MB (lfb 29x4MB) SWAP 2/12002MB (cached 0MB) CPU [1%@1510,1%@1510,0%@1510,0%@1510,0%@1510,0%@1510] GR3D_FREQ 0% cpu@47.156C soc2@46.656C soc0@44.937C gpu@46.687C tj@47.156C soc1@45.031C VDD_IN 4080mW/4085mW VDD_CPU_GPU_CV 956mW/960mW VDD_SOC 1397mW/1397mW
08-09-2026 22:33:34 RAM 3010/7620MB (lfb 29x4MB) SWAP 2/12002MB (cached 0MB) CPU [0%@1510,0%@1510,1%@1510,0%@1510,0%@1510,1%@1510] GR3D_FREQ 0% cpu@47.406C soc2@46.593C soc0@44.968C gpu@46.812C tj@47.406C soc1@44.812C VDD_IN 4073mW/4085mW VDD_CPU_GPU_CV 956mW/960mW VDD_SOC 1397mW/1397mW
08-09-2026 22:33:35 RAM 3010/7620MB (lfb 29x4MB) SWAP 2/12002MB (cached 0MB) CPU [0%@1510,1%@1510,0%@1510,0%@1510,0%@1510,0%@1510] GR3D_FREQ 0% cpu@47.093C soc2@46.656C soc0@44.937C gpu@46.718C tj@47.093C soc1@44.843C VDD_IN 4080mW/4085mW VDD_CPU_GPU_CV 956mW/960mW VDD_SOC 1397mW/1397mW
08-09-2026 22:33:36 RAM 3010/7620MB (lfb 29x4MB) SWAP 2/12002MB (cached 0MB) CPU [1%@1510,0%@1510,1%@1510,0%@1510,0%@1510,0%@1510] GR3D_FREQ 0% cpu@47.437C soc2@46.625C soc0@44.875C gpu@46.812C tj@47.437C soc1@44.906C VDD_IN 4080mW/4085mW VDD_CPU_GPU_CV 956mW/960mW VDD_SOC 1397mW/1397mW
08-09-2026 22:33:37 RAM 3010/7620MB (lfb 29x4MB) SWAP 2/12002MB (cached 0MB) CPU [1%@1510,0%@1510,1%@1510,0%@1510,0%@1510,0%@1510] GR3D_FREQ 0% cpu@47.093C soc2@46.593C soc0@44.875C gpu@46.812C tj@47.093C soc1@44.906C VDD_IN 4080mW/4085mW VDD_CPU_GPU_CV 956mW/960mW VDD_SOC 1397mW/1397mW
08-09-2026 22:33:38 RAM 3010/7620MB (lfb 29x4MB) SWAP 2/12002MB (cached 0MB) CPU [0%@1510,0%@1510,0%@1510,0%@1510,1%@1510,0%@1510] GR3D_FREQ 0% cpu@47.218C soc2@46.656C soc0@44.937C gpu@46.875C tj@47.218C soc1@45C VDD_IN 4080mW/4085mW VDD_CPU_GPU_CV 956mW/960mW VDD_SOC 1397mW/1397mW
08-09-2026 22:33:39 RAM 3010/7620MB (lfb 29x4MB) SWAP 2/12002MB (cached 0MB) CPU [0%@1510,1%@1510,0%@1510,0%@1510,0%@1510,0%@1510] GR3D_FREQ 0% cpu@47.312C soc2@46.687C soc0@44.968C gpu@46.843C tj@47.312C soc1@44.781C VDD_IN 4080mW/4085mW VDD_CPU_GPU_CV 956mW/960mW VDD_SOC 1397mW/1397mW
08-09-2026 22:33:40 RAM 3010/7620MB (lfb 29x4MB) SWAP 2/12002MB (cached 0MB) CPU [0%@1510,0%@1510,0%@1510,0%@1510,0%@1510,0%@1510] GR3D_FREQ 0% cpu@47.187C soc2@46.5C soc0@45C gpu@46.843C tj@47.125C soc1@44.812C VDD_IN 4080mW/4085mW VDD_CPU_GPU_CV 956mW/960mW VDD_SOC 1397mW/1397mW
08-09-2026 22:33:41 RAM 3010/7620MB (lfb 29x4MB) SWAP 2/12002MB (cached 0MB) CPU [1%@1510,0%@1510,0%@1510,0%@1510,0%@1510,0%@1510] GR3D_FREQ 0% cpu@47.375C soc2@46.625C soc0@44.875C gpu@46.906C tj@47.375C soc1@44.843C VDD_IN 4073mW/4085mW VDD_CPU_GPU_CV 956mW/960mW VDD_SOC 1397mW/1397mW
08-09-2026 22:33:42 RAM 3010/7620MB (lfb 29x4MB) SWAP 2/12002MB (cached 0MB) CPU [0%@1510,0%@1510,0%@1510,0%@1510,1%@1510,0%@1510] GR3D_FREQ 0% cpu@47.25C soc2@46.687C soc0@44.906C gpu@46.937C tj@47.25C soc1@44.843C VDD_IN 4080mW/4085mW VDD_CPU_GPU_CV 956mW/960mW VDD_SOC 1397mW/1397mW
08-09-2026 22:33:43 RAM 3010/7620MB (lfb 29x4MB) SWAP 2/12002MB (cached 0MB) CPU [1%@1510,1%@1510,0%@1510,0%@1510,0%@1510,0%@1510] GR3D_FREQ 0% cpu@47.187C soc2@46.656C soc0@44.812C gpu@46.968C tj@47.187C soc1@44.968C VDD_IN 4080mW/4085mW VDD_CPU_GPU_CV 956mW/959mW VDD_SOC 1397mW/1397mW
08-09-2026 22:33:44 RAM 3010/7620MB (lfb 29x4MB) SWAP 2/12002MB (cached 0MB) CPU [0%@1510,0%@1510,0%@1510,0%@1510,0%@1510,0%@1510] GR3D_FREQ 0% cpu@47.156C soc2@46.687C soc0@44.875C gpu@46.531C tj@47.406C soc1@44.937C VDD_IN 4080mW/4085mW VDD_CPU_GPU_CV 956mW/959mW VDD_SOC 1397mW/1397mW
08-09-2026 22:33:45 RAM 3010/7620MB (lfb 29x4MB) SWAP 2/12002MB (cached 0MB) CPU [1%@1510,0%@1510,1%@1510,0%@1510,0%@1510,0%@1510] GR3D_FREQ 0% cpu@47.281C soc2@46.531C soc0@45C gpu@46.406C tj@47.281C soc1@44.75C VDD_IN 4080mW/4085mW VDD_CPU_GPU_CV 956mW/959mW VDD_SOC 1397mW/1397mW
08-09-2026 22:33:46 RAM 3010/7620MB (lfb 29x4MB) SWAP 2/12002MB (cached 0MB) CPU [0%@1510,2%@1510,1%@1510,0%@1510,0%@1510,0%@1510] GR3D_FREQ 0% cpu@47.593C soc2@46.531C soc0@45.093C gpu@46.468C tj@47.593C soc1@44.843C VDD_IN 4073mW/4085mW VDD_CPU_GPU_CV 956mW/959mW VDD_SOC 1397mW/1397mW
08-09-2026 22:33:47 RAM 3010/7620MB (lfb 29x4MB) SWAP 2/12002MB (cached 0MB) CPU [0%@1510,1%@1510,1%@1510,0%@1510,0%@1510,0%@1510] GR3D_FREQ 0% cpu@47.187C soc2@46.531C soc0@44.875C gpu@46.5C tj@47.187C soc1@44.875C VDD_IN 4113mW/4085mW VDD_CPU_GPU_CV 956mW/959mW VDD_SOC 1397mW/1397mW
08-09-2026 22:33:48 RAM 3010/7620MB (lfb 29x4MB) SWAP 2/12002MB (cached 0MB) CPU [1%@1510,0%@1510,0%@1510,0%@1510,0%@1510,0%@1510] GR3D_FREQ 0% cpu@47.25C soc2@46.593C soc0@44.875C gpu@46.593C tj@47.25C soc1@44.843C VDD_IN 4073mW/4085mW VDD_CPU_GPU_CV 956mW/959mW VDD_SOC 1397mW/1397mW
08-09-2026 22:33:49 RAM 3010/7620MB (lfb 29x4MB) SWAP 2/12002MB (cached 0MB) CPU [1%@1510,1%@1510,0%@1510,0%@1510,0%@1510,0%@1510] GR3D_FREQ 0% cpu@47.125C soc2@46.656C soc0@44.937C gpu@46.593C tj@47.125C soc1@44.937C VDD_IN 4073mW/4085mW VDD_CPU_GPU_CV 956mW/959mW VDD_SOC 1397mW/1397mW
08-09-2026 22:33:50 RAM 3010/7620MB (lfb 29x4MB) SWAP 2/12002MB (cached 0MB) CPU [0%@1510,0%@1510,0%@1510,0%@1510,0%@1510,1%@1510] GR3D_FREQ 0% cpu@47.187C soc2@46.687C soc0@45C gpu@46.687C tj@47.187C soc1@44.968C VDD_IN 4073mW/4085mW VDD_CPU_GPU_CV 956mW/959mW VDD_SOC 1397mW/1397mW
08-09-2026 22:33:51 RAM 3010/7620MB (lfb 29x4MB) SWAP 2/12002MB (cached 0MB) CPU [1%@1510,1%@1510,0%@1510,0%@1510,0%@1510,0%@1510] GR3D_FREQ 0% cpu@47.343C soc2@46.625C soc0@45.031C gpu@46.687C tj@47.343C soc1@44.843C VDD_IN 4073mW/4085mW VDD_CPU_GPU_CV 956mW/959mW VDD_SOC 1397mW/1397mW
08-09-2026 22:33:52 RAM 3010/7620MB (lfb 29x4MB) SWAP 2/12002MB (cached 0MB) CPU [1%@1510,0%@1510,0%@1510,0%@1510,0%@1510,0%@1510] GR3D_FREQ 0% cpu@47.25C soc2@46.593C soc0@45.062C gpu@46.75C tj@47.25C soc1@44.843C VDD_IN 4073mW/4085mW VDD_CPU_GPU_CV 956mW/959mW VDD_SOC 1397mW/1397mW
08-09-2026 22:33:53 RAM 3010/7620MB (lfb 29x4MB) SWAP 2/12002MB (cached 0MB) CPU [0%@1510,0%@1510,0%@1510,0%@1510,0%@1510,0%@1510] GR3D_FREQ 0% cpu@47.531C soc2@46.593C soc0@44.875C gpu@46.718C tj@47.531C soc1@44.843C VDD_IN 4080mW/4085mW VDD_CPU_GPU_CV 956mW/959mW VDD_SOC 1397mW/1397mW
08-09-2026 22:33:54 RAM 3010/7620MB (lfb 29x4MB) SWAP 2/12002MB (cached 0MB) CPU [0%@1510,1%@1510,0%@1510,0%@1510,0%@1510,0%@1510] GR3D_FREQ 0% cpu@47.156C soc2@46.562C soc0@44.875C gpu@46.687C tj@47.156C soc1@44.906C VDD_IN 4113mW/4085mW VDD_CPU_GPU_CV 996mW/959mW VDD_SOC 1397mW/1397mW
08-09-2026 22:33:55 RAM 3010/7620MB (lfb 29x4MB) SWAP 2/12002MB (cached 0MB) CPU [0%@1510,1%@1510,0%@1510,0%@1510,0%@1510,0%@1510] GR3D_FREQ 0% cpu@47.187C soc2@46.687C soc0@44.906C gpu@46.781C tj@47.187C soc1@44.937C VDD_IN 4080mW/4085mW VDD_CPU_GPU_CV 956mW/959mW VDD_SOC 1397mW/1397mW
08-09-2026 22:33:56 RAM 3010/7620MB (lfb 29x4MB) SWAP 2/12002MB (cached 0MB) CPU [0%@1510,0%@1510,1%@1510,0%@1510,0%@1510,0%@1510] GR3D_FREQ 0% cpu@47.375C soc2@46.687C soc0@44.968C gpu@46.843C tj@47.375C soc1@44.812C VDD_IN 4073mW/4085mW VDD_CPU_GPU_CV 956mW/959mW VDD_SOC 1397mW/1397mW
08-09-2026 22:33:57 RAM 3010/7620MB (lfb 29x4MB) SWAP 2/12002MB (cached 0MB) CPU [0%@1510,1%@1510,1%@1510,0%@1510,0%@1510,0%@1510] GR3D_FREQ 0% cpu@47.312C soc2@46.625C soc0@45.031C gpu@46.718C tj@47.312C soc1@44.718C VDD_IN 4113mW/4085mW VDD_CPU_GPU_CV 956mW/959mW VDD_SOC 1397mW/1397mW
08-09-2026 22:33:58 RAM 3010/7620MB (lfb 29x4MB) SWAP 2/12002MB (cached 0MB) CPU [0%@1510,1%@1510,1%@1510,0%@1510,0%@1510,0%@1510] GR3D_FREQ 0% cpu@47.5C soc2@46.531C soc0@44.875C gpu@46.875C tj@47.5C soc1@44.875C VDD_IN 4073mW/4085mW VDD_CPU_GPU_CV 956mW/959mW VDD_SOC 1397mW/1397mW
08-09-2026 22:33:59 RAM 3010/7620MB (lfb 29x4MB) SWAP 2/12002MB (cached 0MB) CPU [0%@1510,1%@1510,0%@1510,0%@1510,0%@1510,0%@1510] GR3D_FREQ 0% cpu@47.031C soc2@46.625C soc0@44.875C gpu@46.843C tj@47.031C soc1@44.843C VDD_IN 4073mW/4085mW VDD_CPU_GPU_CV 956mW/959mW VDD_SOC 1397mW/1397mW
08-09-2026 22:34:00 RAM 3010/7620MB (lfb 29x4MB) SWAP 2/12002MB (cached 0MB) CPU [1%@1510,0%@1510,0%@1510,0%@1510,0%@1510,1%@1510] GR3D_FREQ 0% cpu@47.281C soc2@46.625C soc0@44.968C gpu@46.906C tj@47.281C soc1@44.906C VDD_IN 4080mW/4085mW VDD_CPU_GPU_CV 956mW/959mW VDD_SOC 1397mW/1397mW
08-09-2026 22:34:02 RAM 3010/7620MB (lfb 29x4MB) SWAP 2/12002MB (cached 0MB) CPU [0%@1510,0%@1510,1%@1510,0%@1510,0%@1510,0%@1510] GR3D_FREQ 0% cpu@47.156C soc2@46.656C soc0@44.875C gpu@46.843C tj@47.156C soc1@44.906C VDD_IN 4073mW/4085mW VDD_CPU_GPU_CV 956mW/959mW VDD_SOC 1397mW/1397mW
08-09-2026 22:34:03 RAM 3010/7620MB (lfb 29x4MB) SWAP 2/12002MB (cached 0MB) CPU [0%@1510,1%@1510,0%@1510,1%@1510,0%@1510,1%@1510] GR3D_FREQ 0% cpu@47.218C soc2@46.593C soc0@44.968C gpu@46.843C tj@47.218C soc1@44.812C VDD_IN 4080mW/4085mW VDD_CPU_GPU_CV 956mW/959mW VDD_SOC 1397mW/1397mW
08-09-2026 22:34:04 RAM 3010/7620MB (lfb 29x4MB) SWAP 2/12002MB (cached 0MB) CPU [0%@1510,1%@1510,1%@1510,0%@1510,0%@1510,0%@1510] GR3D_FREQ 0% cpu@47.5C soc2@46.5C soc0@44.968C gpu@46.531C tj@47.5C soc1@44.843C VDD_IN 4073mW/4085mW VDD_CPU_GPU_CV 956mW/959mW VDD_SOC 1397mW/1397mW
08-09-2026 22:34:05 RAM 3010/7620MB (lfb 29x4MB) SWAP 2/12002MB (cached 0MB) CPU [1%@1510,0%@1510,0%@1510,0%@1510,0%@1510,0%@1510] GR3D_FREQ 0% cpu@47.343C soc2@46.531C soc0@44.875C gpu@46.593C tj@47.343C soc1@44.843C VDD_IN 4080mW/4085mW VDD_CPU_GPU_CV 956mW/959mW VDD_SOC 1397mW/1397mW
08-09-2026 22:34:06 RAM 3010/7620MB (lfb 29x4MB) SWAP 2/12002MB (cached 0MB) CPU [0%@1510,0%@1510,0%@1510,0%@1510,1%@1510,0%@1510] GR3D_FREQ 0% cpu@47.156C soc2@46.531C soc0@44.906C gpu@46.656C tj@47.156C soc1@44.843C VDD_IN 4080mW/4085mW VDD_CPU_GPU_CV 956mW/959mW VDD_SOC 1397mW/1397mW
08-09-2026 22:34:07 RAM 3010/7620MB (lfb 29x4MB) SWAP 2/12002MB (cached 0MB) CPU [0%@1510,0%@1510,0%@1510,0%@1510,0%@1510,1%@1510] GR3D_FREQ 0% cpu@47.125C soc2@46.593C soc0@44.937C gpu@46.625C tj@47.125C soc1@44.906C VDD_IN 4080mW/4084mW VDD_CPU_GPU_CV 956mW/959mW VDD_SOC 1397mW/1397mW
08-09-2026 22:34:08 RAM 3010/7620MB (lfb 29x4MB) SWAP 2/12002MB (cached 0MB) CPU [0%@1510,0%@1510,0%@1510,0%@1510,0%@1510,0%@1510] GR3D_FREQ 0% cpu@47.312C soc2@46.687C soc0@44.937C gpu@46.687C tj@47.312C soc1@44.937C VDD_IN 4080mW/4084mW VDD_CPU_GPU_CV 958mW/959mW VDD_SOC 1397mW/1397mW
08-09-2026 22:34:09 RAM 3010/7620MB (lfb 29x4MB) SWAP 2/12002MB (cached 0MB) CPU [0%@1510,0%@1510,0%@1510,0%@1510,0%@1510,0%@1510] GR3D_FREQ 0% cpu@47.156C soc2@46.562C soc0@45C gpu@46.656C tj@47.156C soc1@44.843C VDD_IN 4080mW/4084mW VDD_CPU_GPU_CV 958mW/959mW VDD_SOC 1397mW/1397mW
08-09-2026 22:34:10 RAM 3010/7620MB (lfb 29x4MB) SWAP 2/12002MB (cached 0MB) CPU [2%@1510,0%@1510,0%@1510,0%@1510,0%@1510,1%@1510] GR3D_FREQ 0% cpu@47.25C soc2@46.593C soc0@45C gpu@46.687C tj@47.25C soc1@44.812C VDD_IN 4080mW/4084mW VDD_CPU_GPU_CV 956mW/959mW VDD_SOC 1397mW/1397mW
08-09-2026 22:34:11 RAM 3010/7620MB (lfb 29x4MB) SWAP 2/12002MB (cached 0MB) CPU [0%@1510,1%@1510,0%@1510,0%@1510,0%@1510,2%@1510] GR3D_FREQ 0% cpu@47.156C soc2@46.656C soc0@44.875C gpu@46.718C tj@47.156C soc1@44.906C VDD_IN 4080mW/4084mW VDD_CPU_GPU_CV 956mW/959mW VDD_SOC 1397mW/1397mW
08-09-2026 22:34:12 RAM 3010/7620MB (lfb 29x4MB) SWAP 2/12002MB (cached 0MB) CPU [0%@1510,0%@1510,0%@1510,0%@1510,0%@1510,1%@1510] GR3D_FREQ 0% cpu@47.5C soc2@46.625C soc0@44.875C gpu@46.718C tj@47.5C soc1@44.843C VDD_IN 4080mW/4084mW VDD_CPU_GPU_CV 958mW/959mW VDD_SOC 1397mW/1397mW
08-09-2026 22:34:13 RAM 3010/7620MB (lfb 29x4MB) SWAP 2/12002MB (cached 0MB) CPU [0%@1510,1%@1510,0%@1510,0%@1510,1%@1510,0%@1510] GR3D_FREQ 0% cpu@47.125C soc2@46.625C soc0@44.906C gpu@46.718C tj@47.125C soc1@44.843C VDD_IN 4080mW/4084mW VDD_CPU_GPU_CV 958mW/959mW VDD_SOC 1397mW/1397mW
08-09-2026 22:34:14 RAM 3010/7620MB (lfb 29x4MB) SWAP 2/12002MB (cached 0MB) CPU [0%@1510,0%@1510,0%@1510,0%@1510,0%@1510,0%@1510] GR3D_FREQ 0% cpu@47.218C soc2@46.625C soc0@44.968C gpu@46.718C tj@47.218C soc1@44.906C VDD_IN 4080mW/4084mW VDD_CPU_GPU_CV 958mW/959mW VDD_SOC 1397mW/1397mW
08-09-2026 22:34:15 RAM 3010/7620MB (lfb 29x4MB) SWAP 2/12002MB (cached 0MB) CPU [1%@1510,0%@1510,0%@1510,0%@1510,0%@1510,1%@1510] GR3D_FREQ 0% cpu@47.312C soc2@46.687C soc0@44.937C gpu@46.687C tj@47.312C soc1@44.75C VDD_IN 4080mW/4084mW VDD_CPU_GPU_CV 958mW/959mW VDD_SOC 1397mW/1397mW
08-09-2026 22:34:16 RAM 3010/7620MB (lfb 29x4MB) SWAP 2/12002MB (cached 0MB) CPU [1%@1510,0%@1510,0%@1510,0%@1510,0%@1510,1%@1510] GR3D_FREQ 0% cpu@47.187C soc2@46.562C soc0@44.968C gpu@46.718C tj@47.187C soc1@44.843C VDD_IN 4080mW/4084mW VDD_CPU_GPU_CV 958mW/959mW VDD_SOC 1397mW/1397mW
08-09-2026 22:34:17 RAM 3011/7620MB (lfb 29x4MB) SWAP 2/12002MB (cached 0MB) CPU [0%@1510,1%@1510,0%@1510,0%@1510,0%@1510,0%@1510] GR3D_FREQ 0% cpu@47.343C soc2@46.656C soc0@44.937C gpu@46.718C tj@47.343C soc1@44.781C VDD_IN 4080mW/4084mW VDD_CPU_GPU_CV 958mW/959mW VDD_SOC 1397mW/1397mW
08-09-2026 22:34:18 RAM 3011/7620MB (lfb 29x4MB) SWAP 2/12002MB (cached 0MB) CPU [0%@1510,0%@1510,0%@1510,0%@1510,0%@1510,1%@1510] GR3D_FREQ 0% cpu@47.25C soc2@46.531C soc0@44.875C gpu@46.781C tj@47.25C soc1@44.875C VDD_IN 4080mW/4084mW VDD_CPU_GPU_CV 958mW/959mW VDD_SOC 1397mW/1397mW
08-09-2026 22:34:19 RAM 3011/7620MB (lfb 29x4MB) SWAP 2/12002MB (cached 0MB) CPU [1%@1510,0%@1510,1%@1510,0%@1510,0%@1510,0%@1510] GR3D_FREQ 0% cpu@47.156C soc2@46.625C soc0@44.906C gpu@46.875C tj@47.156C soc1@44.812C VDD_IN 4080mW/4084mW VDD_CPU_GPU_CV 958mW/959mW VDD_SOC 1397mW/1397mW
08-09-2026 22:34:20 RAM 3011/7620MB (lfb 29x4MB) SWAP 2/12002MB (cached 0MB) CPU [0%@1510,0%@1510,0%@1510,1%@1510,0%@1510,0%@1510] GR3D_FREQ 0% cpu@47.093C soc2@46.75C soc0@44.906C gpu@46.812C tj@47.093C soc1@45C VDD_IN 4080mW/4084mW VDD_CPU_GPU_CV 958mW/959mW VDD_SOC 1397mW/1397mW
08-09-2026 22:34:21 RAM 3011/7620MB (lfb 29x4MB) SWAP 2/12002MB (cached 0MB) CPU [0%@1510,1%@1510,1%@1510,0%@1510,0%@1510,1%@1510] GR3D_FREQ 0% cpu@47.156C soc2@46.656C soc0@44.906C gpu@46.812C tj@47.156C soc1@44.812C VDD_IN 4080mW/4084mW VDD_CPU_GPU_CV 958mW/959mW VDD_SOC 1397mW/1397mW
08-09-2026 22:34:22 RAM 3011/7620MB (lfb 29x4MB) SWAP 2/12002MB (cached 0MB) CPU [1%@1510,0%@1510,0%@1510,0%@1510,0%@1510,0%@1510] GR3D_FREQ 0% cpu@47.406C soc2@46.562C soc0@45C gpu@46.843C tj@47.406C soc1@44.781C VDD_IN 4080mW/4084mW VDD_CPU_GPU_CV 958mW/959mW VDD_SOC 1397mW/1397mW
08-09-2026 22:34:23 RAM 3011/7620MB (lfb 29x4MB) SWAP 2/12002MB (cached 0MB) CPU [0%@1510,1%@1510,0%@1510,0%@1510,0%@1510,0%@1510] GR3D_FREQ 0% cpu@47.187C soc2@46.531C soc0@44.937C gpu@46.875C tj@47.187C soc1@44.843C VDD_IN 4080mW/4084mW VDD_CPU_GPU_CV 958mW/959mW VDD_SOC 1397mW/1397mW
08-09-2026 22:34:24 RAM 3011/7620MB (lfb 29x4MB) SWAP 2/12002MB (cached 0MB) CPU [0%@1510,0%@1510,1%@1510,0%@1510,0%@1510,1%@1510] GR3D_FREQ 0% cpu@47.531C soc2@46.562C soc0@44.875C gpu@46.843C tj@47.531C soc1@44.843C VDD_IN 4080mW/4084mW VDD_CPU_GPU_CV 958mW/959mW VDD_SOC 1397mW/1397mW
08-09-2026 22:34:25 RAM 3011/7620MB (lfb 29x4MB) SWAP 2/12002MB (cached 0MB) CPU [0%@1510,1%@1510,0%@1510,0%@1510,0%@1510,0%@1510] GR3D_FREQ 0% cpu@47.125C soc2@46.593C soc0@44.906C gpu@46.937C tj@47.125C soc1@44.937C VDD_IN 4080mW/4084mW VDD_CPU_GPU_CV 958mW/959mW VDD_SOC 1397mW/1397mW
08-09-2026 22:34:26 RAM 3011/7620MB (lfb 29x4MB) SWAP 2/12002MB (cached 0MB) CPU [1%@1510,0%@1510,0%@1510,0%@1510,0%@1510,0%@1510] GR3D_FREQ 0% cpu@47.312C soc2@46.625C soc0@44.968C gpu@47C tj@47.312C soc1@44.937C VDD_IN 4080mW/4084mW VDD_CPU_GPU_CV 958mW/959mW VDD_SOC 1397mW/1397mW
08-09-2026 22:34:27 RAM 3011/7620MB (lfb 29x4MB) SWAP 2/12002MB (cached 0MB) CPU [0%@1510,0%@1510,0%@1510,1%@1510,0%@1510,0%@1510] GR3D_FREQ 0% cpu@47.312C soc2@46.656C soc0@44.906C gpu@46.5C tj@47.312C soc1@44.75C VDD_IN 4080mW/4084mW VDD_CPU_GPU_CV 958mW/959mW VDD_SOC 1397mW/1397mW
08-09-2026 22:34:28 RAM 3011/7620MB (lfb 29x4MB) SWAP 2/12002MB (cached 0MB) CPU [1%@1510,1%@1510,0%@1510,0%@1510,0%@1510,0%@1510] GR3D_FREQ 0% cpu@47.281C soc2@46.531C soc0@44.968C gpu@46.437C tj@47.281C soc1@44.843C VDD_IN 4080mW/4084mW VDD_CPU_GPU_CV 958mW/959mW VDD_SOC 1397mW/1397mW
08-09-2026 22:34:29 RAM 3011/7620MB (lfb 29x4MB) SWAP 2/12002MB (cached 0MB) CPU [0%@1510,1%@1510,0%@1510,0%@1510,0%@1510,1%@1510] GR3D_FREQ 0% cpu@47.5C soc2@46.5C soc0@44.812C gpu@46.531C tj@47.5C soc1@44.781C VDD_IN 4080mW/4084mW VDD_CPU_GPU_CV 958mW/959mW VDD_SOC 1397mW/1397mW
08-09-2026 22:34:30 RAM 3011/7620MB (lfb 29x4MB) SWAP 2/12002MB (cached 0MB) CPU [0%@1510,0%@1510,0%@1510,0%@1510,0%@1510,0%@1510] GR3D_FREQ 0% cpu@47.093C soc2@46.562C soc0@44.875C gpu@46.531C tj@47.093C soc1@44.843C VDD_IN 4080mW/4084mW VDD_CPU_GPU_CV 958mW/959mW VDD_SOC 1397mW/1397mW
08-09-2026 22:34:31 RAM 3011/7620MB (lfb 29x4MB) SWAP 2/12002MB (cached 0MB) CPU [1%@1510,0%@1510,0%@1510,0%@1510,0%@1510,0%@1510] GR3D_FREQ 0% cpu@47.093C soc2@46.593C soc0@44.875C gpu@46.406C tj@47.187C soc1@44.906C VDD_IN 4080mW/4084mW VDD_CPU_GPU_CV 958mW/959mW VDD_SOC 1397mW/1397mW
08-09-2026 22:34:32 RAM 3011/7620MB (lfb 29x4MB) SWAP 2/12002MB (cached 0MB) CPU [0%@1510,0%@1510,1%@1510,0%@1510,0%@1510,0%@1510] GR3D_FREQ 0% cpu@47.187C soc2@46.625C soc0@44.906C gpu@46.468C tj@47.187C soc1@44.906C VDD_IN 4080mW/4084mW VDD_CPU_GPU_CV 958mW/959mW VDD_SOC 1397mW/1397mW
08-09-2026 22:34:33 RAM 3011/7620MB (lfb 29x4MB) SWAP 2/12002MB (cached 0MB) CPU [0%@1510,0%@1510,0%@1510,1%@1510,0%@1510,1%@1510] GR3D_FREQ 0% cpu@47.281C soc2@46.625C soc0@44.875C gpu@46.468C tj@47.281C soc1@45C VDD_IN 4080mW/4084mW VDD_CPU_GPU_CV 958mW/959mW VDD_SOC 1397mW/1397mW
08-09-2026 22:34:34 RAM 3011/7620MB (lfb 29x4MB) SWAP 2/12002MB (cached 0MB) CPU [0%@1510,0%@1510,0%@1510,0%@1510,0%@1510,0%@1510] GR3D_FREQ 0% cpu@47.5C soc2@46.5C soc0@45C gpu@46.5C tj@47.5C soc1@44.75C VDD_IN 4080mW/4084mW VDD_CPU_GPU_CV 958mW/959mW VDD_SOC 1397mW/1397mW
08-09-2026 22:34:35 RAM 3011/7620MB (lfb 29x4MB) SWAP 2/12002MB (cached 0MB) CPU [0%@1510,1%@1510,0%@1510,1%@1510,0%@1510,0%@1510] GR3D_FREQ 0% cpu@47.312C soc2@46.531C soc0@44.968C gpu@46.5C tj@47.312C soc1@44.875C VDD_IN 4080mW/4084mW VDD_CPU_GPU_CV 958mW/959mW VDD_SOC 1397mW/1397mW
08-09-2026 22:34:36 RAM 3011/7620MB (lfb 29x4MB) SWAP 2/12002MB (cached 0MB) CPU [0%@1510,0%@1510,1%@1510,0%@1510,1%@1510,0%@1510] GR3D_FREQ 0% cpu@47.156C soc2@46.593C soc0@44.875C gpu@46.468C tj@47.156C soc1@44.812C VDD_IN 4080mW/4084mW VDD_CPU_GPU_CV 958mW/959mW VDD_SOC 1397mW/1397mW
08-09-2026 22:34:37 RAM 3011/7620MB (lfb 29x4MB) SWAP 2/12002MB (cached 0MB) CPU [1%@1510,1%@1510,0%@1510,0%@1510,0%@1510,1%@1510] GR3D_FREQ 0% cpu@47.156C soc2@46.5C soc0@44.875C gpu@46.5C tj@47.156C soc1@44.843C VDD_IN 4080mW/4084mW VDD_CPU_GPU_CV 958mW/959mW VDD_SOC 1397mW/1397mW
08-09-2026 22:34:38 RAM 3011/7620MB (lfb 29x4MB) SWAP 2/12002MB (cached 0MB) CPU [0%@1510,1%@1510,1%@1510,0%@1510,0%@1510,0%@1510] GR3D_FREQ 0% cpu@47.093C soc2@46.593C soc0@44.812C gpu@46.468C tj@47.25C soc1@44.906C VDD_IN 4080mW/4084mW VDD_CPU_GPU_CV 958mW/959mW VDD_SOC 1397mW/1397mW
08-09-2026 22:34:39 RAM 3011/7620MB (lfb 29x4MB) SWAP 2/12002MB (cached 0MB) CPU [0%@1510,1%@1510,0%@1510,0%@1510,0%@1510,0%@1510] GR3D_FREQ 0% cpu@47.187C soc2@46.562C soc0@44.906C gpu@46.531C tj@47.187C soc1@44.875C VDD_IN 4080mW/4084mW VDD_CPU_GPU_CV 958mW/959mW VDD_SOC 1397mW/1397mW
08-09-2026 22:34:40 RAM 3011/7620MB (lfb 29x4MB) SWAP 2/12002MB (cached 0MB) CPU [0%@1510,0%@1510,0%@1510,0%@1510,0%@1510,0%@1510] GR3D_FREQ 0% cpu@47.25C soc2@46.625C soc0@44.968C gpu@46.625C tj@47.25C soc1@44.75C VDD_IN 4080mW/4084mW VDD_CPU_GPU_CV 958mW/959mW VDD_SOC 1397mW/1397mW
08-09-2026 22:34:41 RAM 3011/7620MB (lfb 29x4MB) SWAP 2/12002MB (cached 0MB) CPU [1%@1510,0%@1510,1%@1510,1%@1510,0%@1510,0%@1510] GR3D_FREQ 0% cpu@47.125C soc2@46.531C soc0@45.031C gpu@46.593C tj@47.125C soc1@44.812C VDD_IN 4080mW/4084mW VDD_CPU_GPU_CV 958mW/959mW VDD_SOC 1397mW/1397mW
08-09-2026 22:34:42 RAM 3011/7620MB (lfb 29x4MB) SWAP 2/12002MB (cached 0MB) CPU [0%@1510,0%@1510,0%@1510,0%@1510,0%@1510,0%@1510] GR3D_FREQ 0% cpu@47.406C soc2@46.531C soc0@44.75C gpu@46.5C tj@47.406C soc1@44.843C VDD_IN 4080mW/4084mW VDD_CPU_GPU_CV 958mW/959mW VDD_SOC 1397mW/1397mW
08-09-2026 22:34:43 RAM 3011/7620MB (lfb 29x4MB) SWAP 2/12002MB (cached 0MB) CPU [0%@1510,1%@1510,0%@1510,0%@1510,0%@1510,0%@1510] GR3D_FREQ 0% cpu@47.156C soc2@46.531C soc0@44.875C gpu@46.562C tj@47.156C soc1@44.843C VDD_IN 4080mW/4084mW VDD_CPU_GPU_CV 958mW/959mW VDD_SOC 1397mW/1397mW
08-09-2026 22:34:44 RAM 3011/7620MB (lfb 29x4MB) SWAP 2/12002MB (cached 0MB) CPU [0%@1510,0%@1510,0%@1510,0%@1510,0%@1510,0%@1510] GR3D_FREQ 0% cpu@47.156C soc2@46.656C soc0@44.843C gpu@46.562C tj@47.156C soc1@44.875C VDD_IN 4080mW/4084mW VDD_CPU_GPU_CV 958mW/959mW VDD_SOC 1397mW/1397mW
08-09-2026 22:34:45 RAM 3011/7620MB (lfb 29x4MB) SWAP 2/12002MB (cached 0MB) CPU [0%@1510,0%@1510,0%@1510,0%@1510,1%@1510,0%@1510] GR3D_FREQ 0% cpu@47.093C soc2@46.593C soc0@44.875C gpu@46.562C tj@47.281C soc1@44.937C VDD_IN 4080mW/4084mW VDD_CPU_GPU_CV 958mW/959mW VDD_SOC 1397mW/1397mW
08-09-2026 22:34:46 RAM 3011/7620MB (lfb 29x4MB) SWAP 2/12002MB (cached 0MB) CPU [1%@1510,0%@1510,0%@1510,0%@1510,0%@1510,1%@1510] GR3D_FREQ 0% cpu@47.125C soc2@46.687C soc0@44.937C gpu@46.625C tj@47.125C soc1@44.75C VDD_IN 4073mW/4084mW VDD_CPU_GPU_CV 958mW/959mW VDD_SOC 1397mW/1397mW
08-09-2026 22:34:47 RAM 3011/7620MB (lfb 29x4MB) SWAP 2/12002MB (cached 0MB) CPU [1%@1510,1%@1510,0%@1510,0%@1510,0%@1510,1%@1510] GR3D_FREQ 0% cpu@47.312C soc2@46.562C soc0@44.968C gpu@46.625C tj@47.312C soc1@44.843C VDD_IN 4120mW/4084mW VDD_CPU_GPU_CV 958mW/959mW VDD_SOC 1397mW/1397mW
08-09-2026 22:34:48 RAM 3011/7620MB (lfb 29x4MB) SWAP 2/12002MB (cached 0MB) CPU [0%@1510,1%@1510,0%@1510,0%@1510,0%@1510,0%@1510] GR3D_FREQ 0% cpu@47.187C soc2@46.468C soc0@44.843C gpu@46.562C tj@47.187C soc1@44.75C VDD_IN 4080mW/4084mW VDD_CPU_GPU_CV 958mW/959mW VDD_SOC 1397mW/1397mW
08-09-2026 22:34:49 RAM 3011/7620MB (lfb 29x4MB) SWAP 2/12002MB (cached 0MB) CPU [0%@1510,0%@1510,0%@1510,0%@1510,0%@1510,0%@1510] GR3D_FREQ 0% cpu@47.5C soc2@46.5C soc0@44.781C gpu@46.625C tj@47.5C soc1@44.843C VDD_IN 4080mW/4084mW VDD_CPU_GPU_CV 958mW/959mW VDD_SOC 1397mW/1397mW
08-09-2026 22:34:50 RAM 3011/7620MB (lfb 29x4MB) SWAP 2/12002MB (cached 0MB) CPU [0%@1510,0%@1510,0%@1510,0%@1510,1%@1510,1%@1510] GR3D_FREQ 0% cpu@47.093C soc2@46.531C soc0@44.781C gpu@46.531C tj@47.093C soc1@44.843C VDD_IN 4080mW/4084mW VDD_CPU_GPU_CV 958mW/959mW VDD_SOC 1397mW/1397mW
08-09-2026 22:34:51 RAM 3011/7620MB (lfb 29x4MB) SWAP 2/12002MB (cached 0MB) CPU [1%@1510,0%@1510,0%@1510,0%@1510,0%@1510,0%@1510] GR3D_FREQ 0% cpu@47.187C soc2@46.625C soc0@44.875C gpu@46.687C tj@47.187C soc1@44.906C VDD_IN 4080mW/4084mW VDD_CPU_GPU_CV 958mW/959mW VDD_SOC 1397mW/1397mW
08-09-2026 22:34:52 RAM 3011/7620MB (lfb 29x4MB) SWAP 2/12002MB (cached 0MB) CPU [0%@1510,0%@1510,0%@1510,0%@1510,0%@1510,0%@1510] GR3D_FREQ 0% cpu@47.312C soc2@46.625C soc0@44.875C gpu@46.687C tj@47.312C soc1@44.75C VDD_IN 4080mW/4084mW VDD_CPU_GPU_CV 958mW/959mW VDD_SOC 1397mW/1397mW
08-09-2026 22:34:53 RAM 3011/7620MB (lfb 29x4MB) SWAP 2/12002MB (cached 0MB) CPU [0%@1510,0%@1510,0%@1510,1%@1510,1%@1510,0%@1510] GR3D_FREQ 0% cpu@47.25C soc2@46.5C soc0@44.875C gpu@46.687C tj@47.25C soc1@44.718C VDD_IN 4080mW/4084mW VDD_CPU_GPU_CV 958mW/959mW VDD_SOC 1397mW/1397mW
08-09-2026 22:34:54 RAM 3011/7620MB (lfb 29x4MB) SWAP 2/12002MB (cached 0MB) CPU [0%@1510,0%@1510,0%@1510,0%@1510,0%@1510,0%@1510] GR3D_FREQ 0% cpu@47.375C soc2@46.468C soc0@44.843C gpu@46.625C tj@47.375C soc1@44.75C VDD_IN 4073mW/4084mW VDD_CPU_GPU_CV 958mW/959mW VDD_SOC 1397mW/1397mW
08-09-2026 22:34:55 RAM 3011/7620MB (lfb 29x4MB) SWAP 2/12002MB (cached 0MB) CPU [0%@1510,0%@1510,0%@1510,0%@1510,0%@1510,0%@1510] GR3D_FREQ 0% cpu@47.156C soc2@46.531C soc0@44.75C gpu@46.656C tj@47.156C soc1@44.718C VDD_IN 4080mW/4084mW VDD_CPU_GPU_CV 958mW/959mW VDD_SOC 1397mW/1397mW
08-09-2026 22:34:56 RAM 3011/7620MB (lfb 29x4MB) SWAP 2/12002MB (cached 0MB) CPU [1%@1510,1%@1510,0%@1510,0%@1510,1%@1510,0%@1510] GR3D_FREQ 0% cpu@47C soc2@46.468C soc0@44.718C gpu@46.718C tj@47C soc1@44.843C VDD_IN 4080mW/4084mW VDD_CPU_GPU_CV 958mW/959mW VDD_SOC 1397mW/1397mW
08-09-2026 22:34:57 RAM 3011/7620MB (lfb 29x4MB) SWAP 2/12002MB (cached 0MB) CPU [0%@1510,0%@1510,1%@1510,0%@1510,0%@1510,0%@1510] GR3D_FREQ 0% cpu@47C soc2@46.437C soc0@44.843C gpu@46.687C tj@47C soc1@44.875C VDD_IN 4080mW/4084mW VDD_CPU_GPU_CV 958mW/959mW VDD_SOC 1397mW/1397mW
08-09-2026 22:34:58 RAM 3012/7620MB (lfb 29x4MB) SWAP 2/12002MB (cached 0MB) CPU [0%@1510,0%@1510,0%@1510,0%@1510,0%@1510,0%@1510] GR3D_FREQ 0% cpu@47.218C soc2@46.593C soc0@44.781C gpu@46.75C tj@47.218C soc1@44.906C VDD_IN 4080mW/4084mW VDD_CPU_GPU_CV 958mW/959mW VDD_SOC 1397mW/1397mW
08-09-2026 22:34:59 RAM 3012/7620MB (lfb 29x4MB) SWAP 2/12002MB (cached 0MB) CPU [0%@1510,0%@1510,0%@1510,0%@1510,0%@1510,1%@1510] GR3D_FREQ 0% cpu@47.437C soc2@46.375C soc0@44.812C gpu@46.718C tj@47.437C soc1@44.625C VDD_IN 4080mW/4084mW VDD_CPU_GPU_CV 958mW/959mW VDD_SOC 1397mW/1397mW
08-09-2026 22:35:00 RAM 3012/7620MB (lfb 29x4MB) SWAP 2/12002MB (cached 0MB) CPU [0%@1510,0%@1510,0%@1510,0%@1510,0%@1510,1%@1510] GR3D_FREQ 0% cpu@47.25C soc2@46.375C soc0@44.812C gpu@46.718C tj@47.25C soc1@44.687C VDD_IN 4080mW/4084mW VDD_CPU_GPU_CV 958mW/959mW VDD_SOC 1397mW/1397mW
08-09-2026 22:35:01 RAM 3012/7620MB (lfb 29x4MB) SWAP 2/12002MB (cached 0MB) CPU [1%@1510,1%@1510,0%@1510,0%@1510,0%@1510,0%@1510] GR3D_FREQ 0% cpu@47.031C soc2@46.5C soc0@44.75C gpu@46.812C tj@47.031C soc1@44.718C VDD_IN 4080mW/4084mW VDD_CPU_GPU_CV 958mW/959mW VDD_SOC 1397mW/1397mW
08-09-2026 22:35:02 RAM 3012/7620MB (lfb 29x4MB) SWAP 2/12002MB (cached 0MB) CPU [0%@1510,0%@1510,0%@1510,0%@1510,0%@1510,1%@1510] GR3D_FREQ 0% cpu@47.312C soc2@46.531C soc0@44.75C gpu@46.812C tj@46.968C soc1@44.781C VDD_IN 4080mW/4084mW VDD_CPU_GPU_CV 958mW/959mW VDD_SOC 1397mW/1397mW
08-09-2026 22:35:03 RAM 3012/7620MB (lfb 29x4MB) SWAP 2/12002MB (cached 0MB) CPU [1%@1510,0%@1510,0%@1510,0%@1510,0%@1510,0%@1510] GR3D_FREQ 0% cpu@46.968C soc2@46.5C soc0@44.781C gpu@46.843C tj@46.968C soc1@44.75C VDD_IN 4080mW/4084mW VDD_CPU_GPU_CV 958mW/959mW VDD_SOC 1397mW/1397mW
08-09-2026 22:35:04 RAM 3012/7620MB (lfb 29x4MB) SWAP 2/12002MB (cached 0MB) CPU [1%@1510,1%@1510,0%@1510,0%@1510,0%@1510,1%@1510] GR3D_FREQ 0% cpu@47.093C soc2@46.5C soc0@44.812C gpu@46.75C tj@47.093C soc1@44.843C VDD_IN 4080mW/4083mW VDD_CPU_GPU_CV 958mW/959mW VDD_SOC 1397mW/1397mW
08-09-2026 22:35:05 RAM 3012/7620MB (lfb 29x4MB) SWAP 2/12002MB (cached 0MB) CPU [0%@1510,1%@1510,1%@1510,0%@1510,0%@1510,0%@1510] GR3D_FREQ 0% cpu@47.187C soc2@46.406C soc0@44.812C gpu@46.812C tj@47.187C soc1@44.656C VDD_IN 4080mW/4083mW VDD_CPU_GPU_CV 958mW/959mW VDD_SOC 1397mW/1397mW
08-09-2026 22:35:06 RAM 3012/7620MB (lfb 29x4MB) SWAP 2/12002MB (cached 0MB) CPU [1%@1510,1%@1510,0%@1510,0%@1510,0%@1510,0%@1510] GR3D_FREQ 0% cpu@46.968C soc2@46.375C soc0@44.875C gpu@46.375C tj@46.968C soc1@44.687C VDD_IN 4080mW/4083mW VDD_CPU_GPU_CV 958mW/959mW VDD_SOC 1397mW/1397mW
08-09-2026 22:35:07 RAM 3012/7620MB (lfb 29x4MB) SWAP 2/12002MB (cached 0MB) CPU [0%@1510,0%@1510,1%@1510,0%@1510,0%@1510,0%@1510] GR3D_FREQ 0% cpu@47.281C soc2@46.406C soc0@44.718C gpu@46.343C tj@47.281C soc1@44.656C VDD_IN 4080mW/4083mW VDD_CPU_GPU_CV 958mW/959mW VDD_SOC 1397mW/1397mW
08-09-2026 22:35:08 RAM 3012/7620MB (lfb 29x4MB) SWAP 2/12002MB (cached 0MB) CPU [1%@1510,0%@1510,0%@1510,0%@1510,0%@1510,0%@1510] GR3D_FREQ 0% cpu@47.093C soc2@46.406C soc0@44.656C gpu@46.375C tj@47.093C soc1@44.718C VDD_IN 4080mW/4083mW VDD_CPU_GPU_CV 958mW/959mW VDD_SOC 1397mW/1397mW
08-09-2026 22:35:09 RAM 3012/7620MB (lfb 29x4MB) SWAP 2/12002MB (cached 0MB) CPU [0%@1510,0%@1510,1%@1510,0%@1510,0%@1510,0%@1510] GR3D_FREQ 0% cpu@47.093C soc2@46.375C soc0@44.718C gpu@46.375C tj@47.093C soc1@44.75C VDD_IN 4080mW/4083mW VDD_CPU_GPU_CV 958mW/959mW VDD_SOC 1397mW/1397mW
08-09-2026 22:35:10 RAM 3012/7620MB (lfb 29x4MB) SWAP 2/12002MB (cached 0MB) CPU [0%@1510,0%@1510,0%@1510,0%@1510,0%@1510,2%@1510] GR3D_FREQ 0% cpu@47.062C soc2@46.375C soc0@44.718C gpu@46.406C tj@47.062C soc1@44.843C VDD_IN 4113mW/4084mW VDD_CPU_GPU_CV 996mW/959mW VDD_SOC 1397mW/1397mW
08-09-2026 22:35:11 RAM 3012/7620MB (lfb 29x4MB) SWAP 2/12002MB (cached 0MB) CPU [0%@1510,0%@1510,1%@1510,0%@1510,1%@1510,1%@1510] GR3D_FREQ 0% cpu@47.062C soc2@46.468C soc0@44.781C gpu@46.343C tj@47.062C soc1@44.687C VDD_IN 4120mW/4084mW VDD_CPU_GPU_CV 996mW/959mW VDD_SOC 1397mW/1397mW
08-09-2026 22:35:12 RAM 3012/7620MB (lfb 29x4MB) SWAP 2/12002MB (cached 0MB) CPU [1%@1510,0%@1510,0%@1510,0%@1510,0%@1510,1%@1510] GR3D_FREQ 0% cpu@47.312C soc2@46.375C soc0@44.843C gpu@46.375C tj@47.312C soc1@44.625C VDD_IN 4080mW/4084mW VDD_CPU_GPU_CV 958mW/959mW VDD_SOC 1397mW/1397mW
08-09-2026 22:35:13 RAM 3012/7620MB (lfb 29x4MB) SWAP 2/12002MB (cached 0MB) CPU [2%@1510,0%@1510,0%@1510,0%@1510,0%@1510,0%@1510] GR3D_FREQ 0% cpu@47.062C soc2@46.375C soc0@44.812C gpu@46.343C tj@47.062C soc1@44.625C VDD_IN 4080mW/4084mW VDD_CPU_GPU_CV 958mW/959mW VDD_SOC 1397mW/1397mW
08-09-2026 22:35:14 RAM 3012/7620MB (lfb 29x4MB) SWAP 2/12002MB (cached 0MB) CPU [1%@1510,0%@1510,2%@1510,0%@1510,0%@1510,0%@1510] GR3D_FREQ 0% cpu@47.218C soc2@46.406C soc0@44.656C gpu@46.406C tj@47.218C soc1@44.687C VDD_IN 4080mW/4084mW VDD_CPU_GPU_CV 958mW/959mW VDD_SOC 1397mW/1397mW
08-09-2026 22:35:15 RAM 3012/7620MB (lfb 29x4MB) SWAP 2/12002MB (cached 0MB) CPU [0%@1510,0%@1510,0%@1510,0%@1510,0%@1510,0%@1510] GR3D_FREQ 0% cpu@47.062C soc2@46.437C soc0@44.687C gpu@46.531C tj@47.062C soc1@44.843C VDD_IN 4080mW/4084mW VDD_CPU_GPU_CV 958mW/959mW VDD_SOC 1397mW/1397mW
08-09-2026 22:35:16 RAM 3012/7620MB (lfb 29x4MB) SWAP 2/12002MB (cached 0MB) CPU [0%@1510,0%@1510,0%@1510,0%@1510,0%@1510,1%@1510] GR3D_FREQ 0% cpu@47.125C soc2@46.5C soc0@44.718C gpu@46.625C tj@47.125C soc1@44.843C VDD_IN 4080mW/4084mW VDD_CPU_GPU_CV 958mW/959mW VDD_SOC 1397mW/1397mW
08-09-2026 22:35:17 RAM 3012/7620MB (lfb 29x4MB) SWAP 2/12002MB (cached 0MB) CPU [0%@1510,0%@1510,0%@1510,1%@1510,0%@1510,0%@1510] GR3D_FREQ 0% cpu@47.187C soc2@46.5C soc0@44.781C gpu@46.625C tj@47.187C soc1@44.625C VDD_IN 4080mW/4084mW VDD_CPU_GPU_CV 958mW/959mW VDD_SOC 1397mW/1397mW
08-09-2026 22:35:18 RAM 3012/7620MB (lfb 29x4MB) SWAP 2/12002MB (cached 0MB) CPU [1%@1510,1%@1510,0%@1510,0%@1510,0%@1510,1%@1510] GR3D_FREQ 0% cpu@47.062C soc2@46.375C soc0@44.875C gpu@46.656C tj@47.062C soc1@44.656C VDD_IN 4080mW/4084mW VDD_CPU_GPU_CV 958mW/959mW VDD_SOC 1397mW/1397mW
08-09-2026 22:35:19 RAM 3012/7620MB (lfb 29x4MB) SWAP 2/12002MB (cached 0MB) CPU [0%@1510,1%@1510,0%@1510,0%@1510,0%@1510,0%@1510] GR3D_FREQ 0% cpu@47.25C soc2@46.375C soc0@44.781C gpu@46.656C tj@47.25C soc1@44.593C VDD_IN 4080mW/4084mW VDD_CPU_GPU_CV 958mW/959mW VDD_SOC 1397mW/1397mW
08-09-2026 22:35:20 RAM 3012/7620MB (lfb 29x4MB) SWAP 2/12002MB (cached 0MB) CPU [0%@1510,0%@1510,0%@1510,0%@1510,0%@1510,1%@1510] GR3D_FREQ 0% cpu@47.031C soc2@46.468C soc0@44.687C gpu@46.593C tj@47C soc1@44.656C VDD_IN 4080mW/4084mW VDD_CPU_GPU_CV 958mW/959mW VDD_SOC 1397mW/1397mW
08-09-2026 22:35:21 RAM 3012/7620MB (lfb 29x4MB) SWAP 2/12002MB (cached 0MB) CPU [0%@1510,0%@1510,0%@1510,0%@1510,1%@1510,0%@1510] GR3D_FREQ 0% cpu@46.875C soc2@46.437C soc0@44.75C gpu@46.687C tj@46.875C soc1@44.781C VDD_IN 4080mW/4084mW VDD_CPU_GPU_CV 958mW/959mW VDD_SOC 1397mW/1397mW
08-09-2026 22:35:22 RAM 3012/7620MB (lfb 29x4MB) SWAP 2/12002MB (cached 0MB) CPU [0%@1510,0%@1510,0%@1510,0%@1510,0%@1510,1%@1510] GR3D_FREQ 0% cpu@47.093C soc2@46.406C soc0@44.718C gpu@46.718C tj@47.093C soc1@44.781C VDD_IN 4080mW/4083mW VDD_CPU_GPU_CV 958mW/959mW VDD_SOC 1397mW/1397mW
08-09-2026 22:35:23 RAM 3012/7620MB (lfb 29x4MB) SWAP 2/12002MB (cached 0MB) CPU [1%@1510,0%@1510,0%@1510,0%@1510,0%@1510,0%@1510] GR3D_FREQ 0% cpu@47.031C soc2@46.406C soc0@44.781C gpu@46.781C tj@47.031C soc1@44.843C VDD_IN 4080mW/4083mW VDD_CPU_GPU_CV 958mW/959mW VDD_SOC 1397mW/1397mW
08-09-2026 22:35:24 RAM 3012/7620MB (lfb 29x4MB) SWAP 2/12002MB (cached 0MB) CPU [2%@1510,2%@1510,0%@1510,0%@1510,0%@1510,1%@1510] GR3D_FREQ 0% cpu@47.312C soc2@46.375C soc0@44.718C gpu@46.718C tj@47.312C soc1@44.593C VDD_IN 4080mW/4083mW VDD_CPU_GPU_CV 958mW/959mW VDD_SOC 1397mW/1397mW
08-09-2026 22:35:25 RAM 3012/7620MB (lfb 29x4MB) SWAP 2/12002MB (cached 0MB) CPU [0%@1510,0%@1510,0%@1510,0%@1510,1%@1510,0%@1510] GR3D_FREQ 0% cpu@47.093C soc2@46.312C soc0@44.687C gpu@46.75C tj@47.093C soc1@44.593C VDD_IN 4080mW/4083mW VDD_CPU_GPU_CV 958mW/959mW VDD_SOC 1397mW/1397mW
08-09-2026 22:35:26 RAM 3012/7620MB (lfb 29x4MB) SWAP 2/12002MB (cached 0MB) CPU [0%@1510,1%@1510,0%@1510,0%@1510,0%@1510,0%@1510] GR3D_FREQ 0% cpu@46.937C soc2@46.375C soc0@44.656C gpu@46.781C tj@46.937C soc1@44.562C VDD_IN 4080mW/4083mW VDD_CPU_GPU_CV 958mW/959mW VDD_SOC 1397mW/1397mW
08-09-2026 22:35:27 RAM 3012/7620MB (lfb 29x4MB) SWAP 2/12002MB (cached 0MB) CPU [0%@1510,0%@1510,0%@1510,0%@1510,0%@1510,0%@1510] GR3D_FREQ 0% cpu@47.093C soc2@46.468C soc0@44.718C gpu@46.312C tj@46.968C soc1@44.625C VDD_IN 4120mW/4084mW VDD_CPU_GPU_CV 958mW/959mW VDD_SOC 1397mW/1397mW
08-09-2026 22:35:28 RAM 3012/7620MB (lfb 29x4MB) SWAP 2/12002MB (cached 0MB) CPU [1%@1510,0%@1510,0%@1510,0%@1510,0%@1510,0%@1510] GR3D_FREQ 0% cpu@46.906C soc2@46.406C soc0@44.656C gpu@46.281C tj@46.906C soc1@44.75C VDD_IN 4080mW/4084mW VDD_CPU_GPU_CV 958mW/959mW VDD_SOC 1397mW/1397mW
08-09-2026 22:35:29 RAM 3012/7620MB (lfb 29x4MB) SWAP 2/12002MB (cached 0MB) CPU [1%@1510,1%@1510,0%@1510,0%@1510,0%@1510,0%@1510] GR3D_FREQ 0% cpu@47.093C soc2@46.437C soc0@44.75C gpu@46.312C tj@47.093C soc1@44.843C VDD_IN 4080mW/4084mW VDD_CPU_GPU_CV 958mW/959mW VDD_SOC 1397mW/1397mW
08-09-2026 22:35:30 RAM 3012/7620MB (lfb 29x4MB) SWAP 2/12002MB (cached 0MB) CPU [0%@1510,0%@1510,0%@1510,0%@1510,0%@1510,0%@1510] GR3D_FREQ 0% cpu@47.062C soc2@46.468C soc0@44.781C gpu@46.375C tj@47.062C soc1@44.531C VDD_IN 4080mW/4084mW VDD_CPU_GPU_CV 958mW/959mW VDD_SOC 1397mW/1397mW
08-09-2026 22:35:31 RAM 3012/7620MB (lfb 29x4MB) SWAP 2/12002MB (cached 0MB) CPU [0%@1510,0%@1510,0%@1510,0%@1510,0%@1510,1%@1510] GR3D_FREQ 0% cpu@46.937C soc2@46.375C soc0@44.843C gpu@46.281C tj@46.937C soc1@44.656C VDD_IN 4080mW/4084mW VDD_CPU_GPU_CV 958mW/959mW VDD_SOC 1397mW/1397mW
08-09-2026 22:35:32 RAM 3012/7620MB (lfb 29x4MB) SWAP 2/12002MB (cached 0MB) CPU [0%@1510,0%@1510,0%@1510,0%@1510,1%@1510,0%@1510] GR3D_FREQ 0% cpu@47.218C soc2@46.375C soc0@44.625C gpu@46.281C tj@47.218C soc1@44.656C VDD_IN 4080mW/4083mW VDD_CPU_GPU_CV 958mW/959mW VDD_SOC 1397mW/1397mW
08-09-2026 22:35:33 RAM 3012/7620MB (lfb 29x4MB) SWAP 2/12002MB (cached 0MB) CPU [1%@1510,0%@1510,0%@1510,0%@1510,0%@1510,0%@1510] GR3D_FREQ 0% cpu@47.093C soc2@46.343C soc0@44.625C gpu@46.375C tj@47.093C soc1@44.687C VDD_IN 4080mW/4083mW VDD_CPU_GPU_CV 958mW/959mW VDD_SOC 1397mW/1397mW
08-09-2026 22:35:34 RAM 3012/7620MB (lfb 29x4MB) SWAP 2/12002MB (cached 0MB) CPU [1%@1510,0%@1510,0%@1510,0%@1510,0%@1510,1%@1510] GR3D_FREQ 0% cpu@47C soc2@46.437C soc0@44.656C gpu@46.343C tj@47C soc1@44.687C VDD_IN 4080mW/4083mW VDD_CPU_GPU_CV 958mW/959mW VDD_SOC 1397mW/1397mW
08-09-2026 22:35:35 RAM 3012/7620MB (lfb 29x4MB) SWAP 2/12002MB (cached 0MB) CPU [0%@1510,1%@1510,1%@1510,0%@1510,0%@1510,0%@1510] GR3D_FREQ 0% cpu@46.968C soc2@46.437C soc0@44.656C gpu@46.343C tj@46.968C soc1@44.843C VDD_IN 4080mW/4083mW VDD_CPU_GPU_CV 958mW/959mW VDD_SOC 1397mW/1397mW
08-09-2026 22:35:36 RAM 3012/7620MB (lfb 29x4MB) SWAP 2/12002MB (cached 0MB) CPU [1%@1510,0%@1510,0%@1510,0%@1510,0%@1510,0%@1510] GR3D_FREQ 0% cpu@47C soc2@46.5C soc0@44.75C gpu@46.281C tj@47C soc1@44.562C VDD_IN 4080mW/4083mW VDD_CPU_GPU_CV 958mW/959mW VDD_SOC 1397mW/1397mW
08-09-2026 22:35:37 RAM 3012/7620MB (lfb 29x4MB) SWAP 2/12002MB (cached 0MB) CPU [0%@1510,1%@1510,1%@1510,0%@1510,0%@1510,0%@1510] GR3D_FREQ 0% cpu@47.218C soc2@46.343C soc0@44.812C gpu@46.375C tj@47.218C soc1@44.562C VDD_IN 4120mW/4084mW VDD_CPU_GPU_CV 958mW/959mW VDD_SOC 1397mW/1397mW
08-09-2026 22:35:38 RAM 3012/7620MB (lfb 29x4MB) SWAP 2/12002MB (cached 0MB) CPU [1%@1510,0%@1510,1%@1510,0%@1510,0%@1510,1%@1510] GR3D_FREQ 0% cpu@47.062C soc2@46.281C soc0@44.812C gpu@46.375C tj@47.062C soc1@44.718C VDD_IN 4080mW/4084mW VDD_CPU_GPU_CV 958mW/959mW VDD_SOC 1397mW/1397mW
08-09-2026 22:35:39 RAM 3012/7620MB (lfb 29x4MB) SWAP 2/12002MB (cached 0MB) CPU [0%@1510,2%@1510,1%@1510,0%@1510,0%@1510,0%@1510] GR3D_FREQ 0% cpu@47.343C soc2@46.375C soc0@44.656C gpu@46.375C tj@47.343C soc1@44.562C VDD_IN 4120mW/4084mW VDD_CPU_GPU_CV 958mW/959mW VDD_SOC 1397mW/1397mW
08-09-2026 22:35:40 RAM 3012/7620MB (lfb 29x4MB) SWAP 2/12002MB (cached 0MB) CPU [0%@1510,0%@1510,0%@1510,0%@1510,0%@1510,0%@1510] GR3D_FREQ 0% cpu@46.937C soc2@46.375C soc0@44.656C gpu@46.375C tj@46.937C soc1@44.687C VDD_IN 4080mW/4084mW VDD_CPU_GPU_CV 958mW/959mW VDD_SOC 1397mW/1397mW
08-09-2026 22:35:41 RAM 3012/7620MB (lfb 29x4MB) SWAP 2/12002MB (cached 0MB) CPU [0%@1510,0%@1510,0%@1510,0%@1510,0%@1510,0%@1510] GR3D_FREQ 0% cpu@46.968C soc2@46.437C soc0@44.718C gpu@46.375C tj@46.968C soc1@44.687C VDD_IN 4080mW/4084mW VDD_CPU_GPU_CV 958mW/959mW VDD_SOC 1397mW/1397mW
08-09-2026 22:35:42 RAM 3012/7620MB (lfb 29x4MB) SWAP 2/12002MB (cached 0MB) CPU [0%@1510,0%@1510,0%@1510,0%@1510,1%@1510,0%@1510] GR3D_FREQ 0% cpu@46.906C soc2@46.5C soc0@44.687C gpu@46.375C tj@46.906C soc1@44.593C VDD_IN 4080mW/4084mW VDD_CPU_GPU_CV 958mW/959mW VDD_SOC 1397mW/1397mW
08-09-2026 22:35:43 RAM 3012/7620MB (lfb 29x4MB) SWAP 2/12002MB (cached 0MB) CPU [1%@1510,0%@1510,0%@1510,0%@1510,0%@1510,1%@1510] GR3D_FREQ 0% cpu@47.093C soc2@46.468C soc0@44.687C gpu@46.406C tj@47.093C soc1@44.562C VDD_IN 4080mW/4084mW VDD_CPU_GPU_CV 958mW/959mW VDD_SOC 1397mW/1397mW
08-09-2026 22:35:44 RAM 3012/7620MB (lfb 29x4MB) SWAP 2/12002MB (cached 0MB) CPU [0%@1510,0%@1510,0%@1510,0%@1510,0%@1510,0%@1510] GR3D_FREQ 0% cpu@47.312C soc2@46.375C soc0@44.812C gpu@46.375C tj@47.312C soc1@44.562C VDD_IN 4080mW/4084mW VDD_CPU_GPU_CV 958mW/959mW VDD_SOC 1397mW/1397mW
08-09-2026 22:35:45 RAM 3012/7620MB (lfb 29x4MB) SWAP 2/12002MB (cached 0MB) CPU [1%@1510,0%@1510,0%@1510,0%@1510,0%@1510,2%@1510] GR3D_FREQ 0% cpu@47C soc2@46.375C soc0@44.593C gpu@46.375C tj@47C soc1@44.531C VDD_IN 4080mW/4084mW VDD_CPU_GPU_CV 958mW/959mW VDD_SOC 1397mW/1397mW
08-09-2026 22:35:46 RAM 3012/7620MB (lfb 29x4MB) SWAP 2/12002MB (cached 0MB) CPU [0%@1510,1%@1510,0%@1510,0%@1510,0%@1510,0%@1510] GR3D_FREQ 0% cpu@46.843C soc2@46.375C soc0@44.687C gpu@46.437C tj@46.843C soc1@44.625C VDD_IN 4080mW/4084mW VDD_CPU_GPU_CV 958mW/959mW VDD_SOC 1397mW/1397mW
08-09-2026 22:35:47 RAM 3012/7620MB (lfb 29x4MB) SWAP 2/12002MB (cached 0MB) CPU [1%@1510,1%@1510,0%@1510,0%@1510,0%@1510,1%@1510] GR3D_FREQ 0% cpu@46.875C soc2@46.375C soc0@44.718C gpu@46.406C tj@46.875C soc1@44.625C VDD_IN 4120mW/4084mW VDD_CPU_GPU_CV 958mW/959mW VDD_SOC 1397mW/1397mW
08-09-2026 22:35:48 RAM 3012/7620MB (lfb 29x4MB) SWAP 2/12002MB (cached 0MB) CPU [1%@1510,0%@1510,0%@1510,0%@1510,0%@1510,0%@1510] GR3D_FREQ 0% cpu@47.031C soc2@46.437C soc0@44.656C gpu@46.437C tj@47.031C soc1@44.75C VDD_IN 4080mW/4084mW VDD_CPU_GPU_CV 958mW/959mW VDD_SOC 1397mW/1397mW
08-09-2026 22:35:49 RAM 3012/7620MB (lfb 29x4MB) SWAP 2/12002MB (cached 0MB) CPU [0%@1510,0%@1510,0%@1510,0%@1510,0%@1510,1%@1510] GR3D_FREQ 0% cpu@47.031C soc2@46.281C soc0@44.656C gpu@46.437C tj@47.031C soc1@44.5C VDD_IN 4080mW/4084mW VDD_CPU_GPU_CV 958mW/959mW VDD_SOC 1397mW/1397mW
08-09-2026 22:35:50 RAM 3012/7620MB (lfb 29x4MB) SWAP 2/12002MB (cached 0MB) CPU [1%@1510,1%@1510,0%@1510,0%@1510,0%@1510,0%@1510] GR3D_FREQ 0% cpu@47.093C soc2@46.343C soc0@44.718C gpu@46.437C tj@47.093C soc1@44.531C VDD_IN 4080mW/4084mW VDD_CPU_GPU_CV 958mW/959mW VDD_SOC 1397mW/1397mW
08-09-2026 22:35:51 RAM 3012/7620MB (lfb 29x4MB) SWAP 2/12002MB (cached 0MB) CPU [1%@1510,0%@1510,0%@1510,0%@1510,0%@1510,1%@1510] GR3D_FREQ 0% cpu@46.906C soc2@46.281C soc0@44.593C gpu@46.437C tj@46.906C soc1@44.562C VDD_IN 4080mW/4084mW VDD_CPU_GPU_CV 958mW/959mW VDD_SOC 1397mW/1397mW
08-09-2026 22:35:52 RAM 3012/7620MB (lfb 29x4MB) SWAP 2/12002MB (cached 0MB) CPU [0%@1510,0%@1510,0%@1510,0%@1510,1%@1510,1%@1510] GR3D_FREQ 0% cpu@47.093C soc2@46.375C soc0@44.593C gpu@46.5C tj@47.093C soc1@44.562C VDD_IN 4080mW/4084mW VDD_CPU_GPU_CV 958mW/959mW VDD_SOC 1397mW/1397mW
08-09-2026 22:35:53 RAM 3012/7620MB (lfb 29x4MB) SWAP 2/12002MB (cached 0MB) CPU [0%@1510,1%@1510,0%@1510,0%@1510,0%@1510,0%@1510] GR3D_FREQ 0% cpu@47C soc2@46.343C soc0@44.718C gpu@46.5C tj@47C soc1@44.593C VDD_IN 4080mW/4084mW VDD_CPU_GPU_CV 958mW/959mW VDD_SOC 1397mW/1397mW
08-09-2026 22:35:54 RAM 3012/7620MB (lfb 29x4MB) SWAP 2/12002MB (cached 0MB) CPU [1%@1510,0%@1510,0%@1510,1%@1510,0%@1510,0%@1510] GR3D_FREQ 0% cpu@46.968C soc2@46.343C soc0@44.625C gpu@46.468C tj@46.968C soc1@44.656C VDD_IN 4080mW/4084mW VDD_CPU_GPU_CV 958mW/959mW VDD_SOC 1397mW/1397mW
08-09-2026 22:35:55 RAM 3012/7620MB (lfb 29x4MB) SWAP 2/12002MB (cached 0MB) CPU [0%@1510,0%@1510,1%@1510,0%@1510,0%@1510,0%@1510] GR3D_FREQ 0% cpu@47.093C soc2@46.406C soc0@44.75C gpu@46.468C tj@47.093C soc1@44.718C VDD_IN 4080mW/4084mW VDD_CPU_GPU_CV 958mW/959mW VDD_SOC 1397mW/1397mW
08-09-2026 22:35:56 RAM 3012/7620MB (lfb 29x4MB) SWAP 2/12002MB (cached 0MB) CPU [1%@1510,0%@1510,0%@1510,0%@1510,0%@1510,1%@1510] GR3D_FREQ 0% cpu@46.937C soc2@46.25C soc0@44.812C gpu@46.468C tj@46.937C soc1@44.5C VDD_IN 4080mW/4084mW VDD_CPU_GPU_CV 958mW/959mW VDD_SOC 1397mW/1397mW
08-09-2026 22:35:57 RAM 3012/7620MB (lfb 29x4MB) SWAP 2/12002MB (cached 0MB) CPU [0%@1510,0%@1510,0%@1510,0%@1510,0%@1510,0%@1510] GR3D_FREQ 0% cpu@47.125C soc2@46.343C soc0@44.812C gpu@46.531C tj@47.125C soc1@44.562C VDD_IN 4080mW/4084mW VDD_CPU_GPU_CV 958mW/959mW VDD_SOC 1397mW/1397mW
08-09-2026 22:35:58 RAM 3012/7620MB (lfb 29x4MB) SWAP 2/12002MB (cached 0MB) CPU [1%@1510,0%@1510,0%@1510,0%@1510,0%@1510,0%@1510] GR3D_FREQ 0% cpu@47C soc2@46.281C soc0@44.625C gpu@46.562C tj@47C soc1@44.625C VDD_IN 4080mW/4084mW VDD_CPU_GPU_CV 958mW/959mW VDD_SOC 1397mW/1397mW
08-09-2026 22:35:59 RAM 3012/7620MB (lfb 29x4MB) SWAP 2/12002MB (cached 0MB) CPU [0%@1510,0%@1510,1%@1510,0%@1510,0%@1510,0%@1510] GR3D_FREQ 0% cpu@47.031C soc2@46.375C soc0@44.656C gpu@46.562C tj@47.031C soc1@44.562C VDD_IN 4080mW/4084mW VDD_CPU_GPU_CV 958mW/959mW VDD_SOC 1397mW/1397mW
08-09-2026 22:36:00 RAM 3012/7620MB (lfb 29x4MB) SWAP 2/12002MB (cached 0MB) CPU [2%@1510,0%@1510,1%@1510,0%@1510,1%@1510,1%@1510] GR3D_FREQ 0% cpu@46.843C soc2@46.281C soc0@44.593C gpu@46.625C tj@46.843C soc1@44.656C VDD_IN 4080mW/4084mW VDD_CPU_GPU_CV 958mW/959mW VDD_SOC 1397mW/1397mW
08-09-2026 22:36:01 RAM 3012/7620MB (lfb 29x4MB) SWAP 2/12002MB (cached 0MB) CPU [0%@1510,0%@1510,0%@1510,0%@1510,0%@1510,0%@1510] GR3D_FREQ 0% cpu@46.937C soc2@46.375C soc0@44.718C gpu@46.593C tj@46.937C soc1@44.687C VDD_IN 4080mW/4084mW VDD_CPU_GPU_CV 958mW/959mW VDD_SOC 1397mW/1397mW
08-09-2026 22:36:02 RAM 3012/7620MB (lfb 29x4MB) SWAP 2/12002MB (cached 0MB) CPU [0%@1510,0%@1510,0%@1510,0%@1510,0%@1510,1%@1510] GR3D_FREQ 0% cpu@47.093C soc2@46.25C soc0@44.781C gpu@46.656C tj@47.093C soc1@44.468C VDD_IN 4080mW/4083mW VDD_CPU_GPU_CV 958mW/959mW VDD_SOC 1397mW/1397mW
08-09-2026 22:36:03 RAM 3012/7620MB (lfb 29x4MB) SWAP 2/12002MB (cached 0MB) CPU [0%@1510,0%@1510,0%@1510,0%@1510,0%@1510,0%@1510] GR3D_FREQ 0% cpu@47.093C soc2@46.281C soc0@44.812C gpu@46.718C tj@47.093C soc1@44.468C VDD_IN 4080mW/4083mW VDD_CPU_GPU_CV 958mW/959mW VDD_SOC 1397mW/1397mW
08-09-2026 22:36:04 RAM 3012/7620MB (lfb 29x4MB) SWAP 2/12002MB (cached 0MB) CPU [0%@1510,0%@1510,0%@1510,0%@1510,0%@1510,0%@1510] GR3D_FREQ 0% cpu@47.281C soc2@46.312C soc0@44.562C gpu@46.687C tj@47.281C soc1@44.562C VDD_IN 4080mW/4083mW VDD_CPU_GPU_CV 958mW/959mW VDD_SOC 1397mW/1397mW
08-09-2026 22:36:05 RAM 3012/7620MB (lfb 29x4MB) SWAP 2/12002MB (cached 0MB) CPU [0%@1510,0%@1510,0%@1510,1%@1510,0%@1510,1%@1510] GR3D_FREQ 0% cpu@46.875C soc2@46.343C soc0@44.656C gpu@46.718C tj@46.875C soc1@44.656C VDD_IN 4080mW/4083mW VDD_CPU_GPU_CV 958mW/959mW VDD_SOC 1397mW/1397mW
08-09-2026 22:36:06 RAM 3012/7620MB (lfb 29x4MB) SWAP 2/12002MB (cached 0MB) CPU [2%@1510,0%@1510,0%@1510,1%@1510,0%@1510,0%@1510] GR3D_FREQ 0% cpu@46.937C soc2@46.312C soc0@44.687C gpu@46.281C tj@46.937C soc1@44.593C VDD_IN 4080mW/4083mW VDD_CPU_GPU_CV 958mW/959mW VDD_SOC 1397mW/1397mW
08-09-2026 22:36:07 RAM 3012/7620MB (lfb 29x4MB) SWAP 2/12002MB (cached 0MB) CPU [0%@1510,0%@1510,0%@1510,0%@1510,0%@1510,0%@1510] GR3D_FREQ 0% cpu@46.843C soc2@46.375C soc0@44.718C gpu@46.25C tj@46.843C soc1@44.687C VDD_IN 4120mW/4084mW VDD_CPU_GPU_CV 958mW/959mW VDD_SOC 1397mW/1397mW
08-09-2026 22:36:08 RAM 3012/7620MB (lfb 29x4MB) SWAP 2/12002MB (cached 0MB) CPU [2%@1510,0%@1510,0%@1510,0%@1510,0%@1510,0%@1510] GR3D_FREQ 0% cpu@47.093C soc2@46.343C soc0@44.75C gpu@46.25C tj@47.093C soc1@44.468C VDD_IN 4080mW/4084mW VDD_CPU_GPU_CV 958mW/959mW VDD_SOC 1397mW/1397mW
08-09-2026 22:36:09 RAM 3012/7620MB (lfb 29x4MB) SWAP 2/12002MB (cached 0MB) CPU [0%@1510,0%@1510,0%@1510,2%@1510,1%@1510,0%@1510] GR3D_FREQ 0% cpu@47.218C soc2@46.25C soc0@44.718C gpu@46.25C tj@47.218C soc1@44.562C VDD_IN 4080mW/4084mW VDD_CPU_GPU_CV 958mW/959mW VDD_SOC 1397mW/1397mW
08-09-2026 22:36:10 RAM 3012/7620MB (lfb 29x4MB) SWAP 2/12002MB (cached 0MB) CPU [0%@1510,0%@1510,1%@1510,1%@1510,2%@1510,0%@1510] GR3D_FREQ 0% cpu@47.093C soc2@46.343C soc0@44.718C gpu@46.25C tj@46.968C soc1@44.531C VDD_IN 4120mW/4084mW VDD_CPU_GPU_CV 958mW/959mW VDD_SOC 1397mW/1397mW
08-09-2026 22:36:11 RAM 3012/7620MB (lfb 29x4MB) SWAP 2/12002MB (cached 0MB) CPU [1%@1510,0%@1510,0%@1510,0%@1510,0%@1510,1%@1510] GR3D_FREQ 0% cpu@46.875C soc2@46.312C soc0@44.5C gpu@46.25C tj@46.875C soc1@44.531C VDD_IN 4080mW/4084mW VDD_CPU_GPU_CV 958mW/959mW VDD_SOC 1397mW/1397mW
08-09-2026 22:36:12 RAM 3012/7620MB (lfb 29x4MB) SWAP 2/12002MB (cached 0MB) CPU [0%@1510,1%@1510,0%@1510,0%@1510,0%@1510,0%@1510] GR3D_FREQ 0% cpu@46.875C soc2@46.343C soc0@44.625C gpu@46.187C tj@46.875C soc1@44.718C VDD_IN 4080mW/4084mW VDD_CPU_GPU_CV 958mW/959mW VDD_SOC 1397mW/1397mW
08-09-2026 22:36:13 RAM 3012/7620MB (lfb 29x4MB) SWAP 2/12002MB (cached 0MB) CPU [1%@1510,0%@1510,0%@1510,0%@1510,0%@1510,0%@1510] GR3D_FREQ 0% cpu@46.937C soc2@46.375C soc0@44.656C gpu@46.218C tj@46.937C soc1@44.625C VDD_IN 4080mW/4084mW VDD_CPU_GPU_CV 958mW/959mW VDD_SOC 1397mW/1397mW
08-09-2026 22:36:14 RAM 3012/7620MB (lfb 29x4MB) SWAP 2/12002MB (cached 0MB) CPU [0%@1510,1%@1510,0%@1510,0%@1510,0%@1510,0%@1510] GR3D_FREQ 0% cpu@47C soc2@46.406C soc0@44.656C gpu@46.25C tj@47C soc1@44.687C VDD_IN 4080mW/4084mW VDD_CPU_GPU_CV 958mW/959mW VDD_SOC 1397mW/1397mW
08-09-2026 22:36:15 RAM 3012/7620MB (lfb 29x4MB) SWAP 2/12002MB (cached 0MB) CPU [1%@1510,0%@1510,0%@1510,0%@1510,0%@1510,0%@1510] GR3D_FREQ 0% cpu@47.125C soc2@46.281C soc0@44.75C gpu@46.281C tj@47.125C soc1@44.531C VDD_IN 4080mW/4084mW VDD_CPU_GPU_CV 958mW/959mW VDD_SOC 1397mW/1397mW
