08-10-2026 00:24:59 RAM 3089/7620MB (lfb 35x4MB) SWAP 2/12002MB (cached 0MB) CPU [0%@1510,0%@1510,1%@1510,0%@1510,0%@1510,1%@1510] GR3D_FREQ 0% cpu@47.375C soc2@46.562C soc0@44.875C gpu@46.437C tj@47.375C soc1@44.875C VDD_IN 4153mW/4153mW VDD_CPU_GPU_CV 996mW/996mW VDD_SOC 1397mW/1397mW
08-10-2026 00:25:00 RAM 3089/7620MB (lfb 35x4MB) SWAP 2/12002MB (cached 0MB) CPU [1%@1510,0%@1510,1%@1510,1%@1510,0%@1510,0%@1510] GR3D_FREQ 0% cpu@47.093C soc2@46.375C soc0@44.875C gpu@46.468C tj@47.093C soc1@44.687C VDD_IN 4113mW/4133mW VDD_CPU_GPU_CV 956mW/976mW VDD_SOC 1397mW/1397mW
08-10-2026 00:25:01 RAM 3089/7620MB (lfb 35x4MB) SWAP 2/12002MB (cached 0MB) CPU [1%@1510,0%@1510,0%@1510,0%@1510,1%@1510,0%@1510] GR3D_FREQ 0% cpu@47.375C soc2@46.468C soc0@44.75C gpu@46.437C tj@47.375C soc1@44.687C VDD_IN 4073mW/4113mW VDD_CPU_GPU_CV 956mW/969mW VDD_SOC 1397mW/1397mW
08-10-2026 00:25:02 RAM 3089/7620MB (lfb 35x4MB) SWAP 2/12002MB (cached 0MB) CPU [0%@1510,1%@1510,0%@1510,2%@1510,0%@1510,0%@1510] GR3D_FREQ 0% cpu@47C soc2@46.5C soc0@44.781C gpu@46.437C tj@47C soc1@44.718C VDD_IN 4113mW/4113mW VDD_CPU_GPU_CV 956mW/966mW VDD_SOC 1397mW/1397mW
08-10-2026 00:25:03 RAM 3089/7620MB (lfb 35x4MB) SWAP 2/12002MB (cached 0MB) CPU [1%@1510,0%@1510,3%@1510,0%@1510,0%@1510,0%@1510] GR3D_FREQ 0% cpu@47.093C soc2@46.531C soc0@44.75C gpu@46.5C tj@47.093C soc1@44.781C VDD_IN 4153mW/4121mW VDD_CPU_GPU_CV 996mW/972mW VDD_SOC 1397mW/1397mW
08-10-2026 00:25:04 RAM 3089/7620MB (lfb 35x4MB) SWAP 2/12002MB (cached 0MB) CPU [0%@1510,1%@1510,1%@1510,0%@1510,1%@1510,1%@1510] GR3D_FREQ 0% cpu@47.031C soc2@46.437C soc0@44.812C gpu@46.468C tj@47.031C soc1@44.843C VDD_IN 4113mW/4119mW VDD_CPU_GPU_CV 996mW/976mW VDD_SOC 1397mW/1397mW
08-10-2026 00:25:05 RAM 3089/7620MB (lfb 35x4MB) SWAP 2/12002MB (cached 0MB) CPU [1%@1510,0%@1510,1%@1510,0%@1510,0%@1510,0%@1510] GR3D_FREQ 0% cpu@47.093C soc2@46.562C soc0@44.843C gpu@46.437C tj@47.093C soc1@44.937C VDD_IN 4073mW/4113mW VDD_CPU_GPU_CV 956mW/973mW VDD_SOC 1397mW/1397mW
08-10-2026 00:25:06 RAM 3089/7620MB (lfb 35x4MB) SWAP 2/12002MB (cached 0MB) CPU [0%@1510,0%@1510,0%@1510,0%@1510,0%@1510,0%@1510] GR3D_FREQ 0% cpu@47.25C soc2@46.406C soc0@44.843C gpu@46.531C tj@47.25C soc1@44.75C VDD_IN 4073mW/4108mW VDD_CPU_GPU_CV 956mW/971mW VDD_SOC 1397mW/1397mW
08-10-2026 00:25:07 RAM 3089/7620MB (lfb 35x4MB) SWAP 2/12002MB (cached 0MB) CPU [1%@1510,0%@1510,0%@1510,0%@1510,0%@1510,0%@1510] GR3D_FREQ 0% cpu@47.125C soc2@46.437C soc0@44.875C gpu@46.5C tj@47.125C soc1@44.75C VDD_IN 4113mW/4108mW VDD_CPU_GPU_CV 956mW/969mW VDD_SOC 1397mW/1397mW
08-10-2026 00:25:08 RAM 3089/7620MB (lfb 35x4MB) SWAP 2/12002MB (cached 0MB) CPU [1%@1510,1%@1510,0%@1510,1%@1510,0%@1510,0%@1510] GR3D_FREQ 0% cpu@47.406C soc2@46.406C soc0@44.781C gpu@46.562C tj@47.406C soc1@44.687C VDD_IN 4073mW/4105mW VDD_CPU_GPU_CV 956mW/968mW VDD_SOC 1397mW/1397mW
08-10-2026 00:25:09 RAM 3089/7620MB (lfb 35x4MB) SWAP 2/12002MB (cached 0MB) CPU [1%@1510,0%@1510,0%@1510,0%@1510,0%@1510,0%@1510] GR3D_FREQ 0% cpu@47.031C soc2@46.468C soc0@44.718C gpu@46.562C tj@47.031C soc1@44.812C VDD_IN 4073mW/4102mW VDD_CPU_GPU_CV 956mW/966mW VDD_SOC 1397mW/1397mW
08-10-2026 00:25:10 RAM 3089/7620MB (lfb 35x4MB) SWAP 2/12002MB (cached 0MB) CPU [0%@1510,0%@1510,2%@1510,0%@1510,0%@1510,1%@1510] GR3D_FREQ 0% cpu@47.093C soc2@46.437C soc0@44.812C gpu@46.531C tj@47.093C soc1@44.843C VDD_IN 4113mW/4103mW VDD_CPU_GPU_CV 996mW/969mW VDD_SOC 1397mW/1397mW
08-10-2026 00:25:11 RAM 3089/7620MB (lfb 35x4MB) SWAP 2/12002MB (cached 0MB) CPU [1%@1510,0%@1510,0%@1510,0%@1510,0%@1510,0%@1510] GR3D_FREQ 0% cpu@47.312C soc2@46.375C soc0@44.781C gpu@46.406C tj@47.312C soc1@44.656C VDD_IN 4073mW/4100mW VDD_CPU_GPU_CV 956mW/968mW VDD_SOC 1397mW/1397mW
08-10-2026 00:25:12 RAM 3089/7620MB (lfb 35x4MB) SWAP 2/12002MB (cached 0MB) CPU [1%@1510,1%@1510,0%@1510,0%@1510,0%@1510,0%@1510] GR3D_FREQ 0% cpu@47.125C soc2@46.468C soc0@44.875C gpu@46.375C tj@47.125C soc1@44.687C VDD_IN 4113mW/4101mW VDD_CPU_GPU_CV 956mW/967mW VDD_SOC 1397mW/1397mW
08-10-2026 00:25:13 RAM 3089/7620MB (lfb 35x4MB) SWAP 2/12002MB (cached 0MB) CPU [0%@1510,1%@1510,0%@1510,0%@1510,0%@1510,0%@1510] GR3D_FREQ 0% cpu@47.406C soc2@46.375C soc0@44.656C gpu@46.375C tj@47.406C soc1@44.718C VDD_IN 4073mW/4099mW VDD_CPU_GPU_CV 956mW/966mW VDD_SOC 1397mW/1397mW
08-10-2026 00:25:14 RAM 3089/7620MB (lfb 35x4MB) SWAP 2/12002MB (cached 0MB) CPU [1%@1510,0%@1510,0%@1510,0%@1510,0%@1510,0%@1510] GR3D_FREQ 0% cpu@47C soc2@46.406C soc0@44.812C gpu@46.468C tj@47C soc1@44.843C VDD_IN 4073mW/4098mW VDD_CPU_GPU_CV 956mW/966mW VDD_SOC 1397mW/1397mW
08-10-2026 00:25:15 RAM 3089/7620MB (lfb 35x4MB) SWAP 2/12002MB (cached 0MB) CPU [0%@1510,1%@1510,0%@1510,0%@1510,0%@1510,0%@1510] GR3D_FREQ 0% cpu@47.125C soc2@46.437C soc0@44.718C gpu@46.406C tj@47.125C soc1@44.843C VDD_IN 4073mW/4096mW VDD_CPU_GPU_CV 956mW/965mW VDD_SOC 1397mW/1397mW
08-10-2026 00:25:16 RAM 3089/7620MB (lfb 35x4MB) SWAP 2/12002MB (cached 0MB) CPU [0%@1510,0%@1510,0%@1510,0%@1510,1%@1510,0%@1510] GR3D_FREQ 0% cpu@47.031C soc2@46.437C soc0@44.843C gpu@46.437C tj@47.031C soc1@44.781C VDD_IN 4073mW/4095mW VDD_CPU_GPU_CV 956mW/964mW VDD_SOC 1397mW/1397mW
08-10-2026 00:25:17 RAM 3089/7620MB (lfb 35x4MB) SWAP 2/12002MB (cached 0MB) CPU [3%@1510,0%@1510,0%@1510,0%@1510,0%@1510,0%@1510] GR3D_FREQ 0% cpu@47.093C soc2@46.406C soc0@44.812C gpu@46.343C tj@47.093C soc1@44.625C VDD_IN 4113mW/4096mW VDD_CPU_GPU_CV 956mW/964mW VDD_SOC 1397mW/1397mW
08-10-2026 00:25:18 RAM 3089/7620MB (lfb 35x4MB) SWAP 2/12002MB (cached 0MB) CPU [0%@1510,1%@1510,0%@1510,0%@1510,0%@1510,1%@1510] GR3D_FREQ 0% cpu@47.375C soc2@46.437C soc0@44.937C gpu@46.375C tj@47.375C soc1@44.687C VDD_IN 4073mW/4095mW VDD_CPU_GPU_CV 956mW/964mW VDD_SOC 1397mW/1397mW
08-10-2026 00:25:19 RAM 3089/7620MB (lfb 35x4MB) SWAP 2/12002MB (cached 0MB) CPU [0%@1510,0%@1510,0%@1510,0%@1510,0%@1510,0%@1510] GR3D_FREQ 0% cpu@47.125C soc2@46.437C soc0@44.75C gpu@46.437C tj@47.125C soc1@44.718C VDD_IN 4073mW/4093mW VDD_CPU_GPU_CV 956mW/963mW VDD_SOC 1397mW/1397mW
08-10-2026 00:25:20 RAM 3089/7620MB (lfb 35x4MB) SWAP 2/12002MB (cached 0MB) CPU [0%@1510,0%@1510,0%@1510,0%@1510,0%@1510,0%@1510] GR3D_FREQ 0% cpu@46.906C soc2@46.406C soc0@44.781C gpu@46.406C tj@46.906C soc1@44.812C VDD_IN 4073mW/4093mW VDD_CPU_GPU_CV 956mW/963mW VDD_SOC 1397mW/1397mW
08-10-2026 00:25:21 RAM 3089/7620MB (lfb 35x4MB) SWAP 2/12002MB (cached 0MB) CPU [0%@1510,0%@1510,0%@1510,0%@1510,0%@1510,0%@1510] GR3D_FREQ 0% cpu@47.031C soc2@46.406C soc0@44.781C gpu@46.437C tj@47.031C soc1@44.75C VDD_IN 4073mW/4092mW VDD_CPU_GPU_CV 956mW/962mW VDD_SOC 1397mW/1397mW
08-10-2026 00:25:22 RAM 3089/7620MB (lfb 35x4MB) SWAP 2/12002MB (cached 0MB) CPU [1%@1510,0%@1510,0%@1510,0%@1510,0%@1510,0%@1510] GR3D_FREQ 0% cpu@47.125C soc2@46.468C soc0@44.812C gpu@46.406C tj@47.125C soc1@44.687C VDD_IN 4113mW/4093mW VDD_CPU_GPU_CV 996mW/964mW VDD_SOC 1397mW/1397mW
08-10-2026 00:25:23 RAM 3089/7620MB (lfb 35x4MB) SWAP 2/12002MB (cached 0MB) CPU [1%@1510,0%@1510,0%@1510,0%@1510,0%@1510,1%@1510] GR3D_FREQ 0% cpu@47.375C soc2@46.375C soc0@44.812C gpu@46.437C tj@47.375C soc1@44.687C VDD_IN 4073mW/4092mW VDD_CPU_GPU_CV 956mW/964mW VDD_SOC 1397mW/1397mW
08-10-2026 00:25:24 RAM 3089/7620MB (lfb 35x4MB) SWAP 2/12002MB (cached 0MB) CPU [0%@1510,1%@1510,1%@1510,0%@1510,0%@1510,0%@1510] GR3D_FREQ 0% cpu@47.25C soc2@46.437C soc0@44.843C gpu@46.5C tj@47.25C soc1@44.718C VDD_IN 4073mW/4091mW VDD_CPU_GPU_CV 956mW/963mW VDD_SOC 1397mW/1397mW
08-10-2026 00:25:25 RAM 3089/7620MB (lfb 35x4MB) SWAP 2/12002MB (cached 0MB) CPU [2%@1510,0%@1510,0%@1510,0%@1510,0%@1510,0%@1510] GR3D_FREQ 0% cpu@47.062C soc2@46.437C soc0@44.718C gpu@46.5C tj@47.062C soc1@44.75C VDD_IN 4073mW/4090mW VDD_CPU_GPU_CV 956mW/963mW VDD_SOC 1397mW/1397mW
08-10-2026 00:25:26 RAM 3089/7620MB (lfb 35x4MB) SWAP 2/12002MB (cached 0MB) CPU [0%@1510,1%@1510,0%@1510,0%@1510,0%@1510,0%@1510] GR3D_FREQ 0% cpu@47.062C soc2@46.406C soc0@44.718C gpu@46.562C tj@47.062C soc1@44.781C VDD_IN 4073mW/4090mW VDD_CPU_GPU_CV 956mW/963mW VDD_SOC 1397mW/1397mW
08-10-2026 00:25:27 RAM 3089/7620MB (lfb 35x4MB) SWAP 2/12002MB (cached 0MB) CPU [0%@1510,0%@1510,0%@1510,1%@1510,0%@1510,0%@1510] GR3D_FREQ 0% cpu@47.093C soc2@46.406C soc0@44.718C gpu@46.781C tj@47.093C soc1@44.781C VDD_IN 4113mW/4090mW VDD_CPU_GPU_CV 956mW/962mW VDD_SOC 1397mW/1397mW
08-10-2026 00:25:28 RAM 3098/7620MB (lfb 35x4MB) SWAP 2/12002MB (cached 0MB) CPU [1%@1510,1%@1510,0%@1510,17%@1510,0%@1510,1%@1510] GR3D_FREQ 0% cpu@47.343C soc2@46.5C soc0@44.843C gpu@46.906C tj@47.343C soc1@44.906C VDD_IN 4385mW/4100mW VDD_CPU_GPU_CV 1154mW/969mW VDD_SOC 1395mW/1396mW
08-10-2026 00:25:29 RAM 3123/7620MB (lfb 35x4MB) SWAP 2/12002MB (cached 0MB) CPU [7%@1510,7%@1510,8%@1510,57%@1510,8%@1510,11%@1510] GR3D_FREQ 0% cpu@47.312C soc2@46.437C soc0@44.843C gpu@46.406C tj@47.312C soc1@44.656C VDD_IN 4465mW/4112mW VDD_CPU_GPU_CV 1232mW/977mW VDD_SOC 1393mW/1396mW
08-10-2026 00:25:30 RAM 3132/7620MB (lfb 35x4MB) SWAP 2/12002MB (cached 0MB) CPU [7%@1510,7%@1510,8%@1510,10%@1510,8%@1510,18%@1510] GR3D_FREQ 0% cpu@47.562C soc2@46.375C soc0@44.625C gpu@46.375C tj@47.562C soc1@44.625C VDD_IN 4737mW/4132mW VDD_CPU_GPU_CV 1470mW/993mW VDD_SOC 1393mW/1396mW
08-10-2026 00:25:31 RAM 3281/7620MB (lfb 35x4MB) SWAP 2/12002MB (cached 0MB) CPU [2%@1510,0%@1510,0%@1510,4%@1510,0%@1510,100%@1510] GR3D_FREQ 0% cpu@47.687C soc2@46.5C soc0@44.781C gpu@46.375C tj@47.687C soc1@44.687C VDD_IN 4920mW/4155mW VDD_CPU_GPU_CV 1505mW/1008mW VDD_SOC 1428mW/1397mW
08-10-2026 00:25:32 RAM 3326/7620MB (lfb 35x4MB) SWAP 2/12002MB (cached 0MB) CPU [1%@1510,19%@1510,0%@1510,4%@1510,1%@1510,100%@1510] GR3D_FREQ 0% cpu@47.531C soc2@46.593C soc0@44.781C gpu@46.375C tj@47.531C soc1@44.875C VDD_IN 5229mW/4187mW VDD_CPU_GPU_CV 1700mW/1028mW VDD_SOC 1465mW/1399mW
08-10-2026 00:25:33 RAM 3347/7620MB (lfb 35x4MB) SWAP 2/12002MB (cached 0MB) CPU [2%@1510,23%@1510,3%@1510,4%@1510,3%@1510,44%@1510] GR3D_FREQ 0% cpu@47.187C soc2@46.593C soc0@44.75C gpu@46.406C tj@47.187C soc1@44.968C VDD_IN 4425mW/4194mW VDD_CPU_GPU_CV 1194mW/1033mW VDD_SOC 1395mW/1399mW
08-10-2026 00:25:34 RAM 3357/7620MB (lfb 35x4MB) SWAP 2/12002MB (cached 0MB) CPU [17%@1510,7%@1510,10%@1510,14%@1510,8%@1510,8%@1510] GR3D_FREQ 0% cpu@47.593C soc2@46.562C soc0@44.875C gpu@46.531C tj@47.593C soc1@44.75C VDD_IN 4776mW/4210mW VDD_CPU_GPU_CV 1510mW/1046mW VDD_SOC 1393mW/1399mW
08-10-2026 00:25:35 RAM 3674/7620MB (lfb 13x4MB) SWAP 2/12002MB (cached 0MB) CPU [5%@1510,4%@1510,9%@1510,6%@1510,7%@1510,92%@1510] GR3D_FREQ 0% cpu@47.562C soc2@46.593C soc0@44.781C gpu@46.5C tj@47.562C soc1@44.718C VDD_IN 5237mW/4238mW VDD_CPU_GPU_CV 1661mW/1063mW VDD_SOC 1505mW/1402mW
08-10-2026 00:25:36 RAM 3759/7620MB (lfb 1x4MB) SWAP 2/12002MB (cached 0MB) CPU [3%@1510,2%@1510,3%@1510,2%@1510,2%@1510,20%@1510] GR3D_FREQ 0% cpu@47.468C soc2@46.5C soc0@44.812C gpu@46.718C tj@47.468C soc1@44.781C VDD_IN 4346mW/4240mW VDD_CPU_GPU_CV 1114mW/1064mW VDD_SOC 1395mW/1401mW
08-10-2026 00:25:37 RAM 3759/7620MB (lfb 1x4MB) SWAP 2/12002MB (cached 0MB) CPU [2%@1510,2%@1510,3%@1510,5%@1510,3%@1510,2%@1510] GR3D_FREQ 0% cpu@47.093C soc2@46.562C soc0@44.781C gpu@46.625C tj@47.093C soc1@44.843C VDD_IN 4193mW/4239mW VDD_CPU_GPU_CV 1036mW/1064mW VDD_SOC 1397mW/1401mW
08-10-2026 00:25:38 RAM 3759/7620MB (lfb 1x4MB) SWAP 2/12002MB (cached 0MB) CPU [4%@1510,3%@1510,2%@1510,2%@1510,1%@1510,2%@1510] GR3D_FREQ 0% cpu@47.218C soc2@46.531C soc0@44.843C gpu@46.75C tj@47.218C soc1@44.906C VDD_IN 4193mW/4238mW VDD_CPU_GPU_CV 1036mW/1063mW VDD_SOC 1397mW/1401mW
08-10-2026 00:25:39 RAM 3760/7620MB (lfb 1x4MB) SWAP 2/12002MB (cached 0MB) CPU [2%@1510,2%@1510,4%@1510,2%@1510,5%@1510,6%@1510] GR3D_FREQ 0% cpu@47.25C soc2@46.5C soc0@44.875C gpu@46.687C tj@47.25C soc1@44.687C VDD_IN 4233mW/4238mW VDD_CPU_GPU_CV 1076mW/1063mW VDD_SOC 1397mW/1401mW
08-10-2026 00:25:40 RAM 3761/7620MB (lfb 1x4MB) SWAP 2/12002MB (cached 0MB) CPU [1%@1510,2%@1510,5%@1510,3%@1510,2%@1510,4%@1510] GR3D_FREQ 0% cpu@47.093C soc2@46.406C soc0@44.75C gpu@46.656C tj@47.093C soc1@44.718C VDD_IN 4193mW/4237mW VDD_CPU_GPU_CV 1036mW/1063mW VDD_SOC 1397mW/1401mW
08-10-2026 00:25:41 RAM 3761/7620MB (lfb 1x4MB) SWAP 2/12002MB (cached 0MB) CPU [2%@1510,2%@1510,4%@1510,0%@1510,2%@1510,5%@1510] GR3D_FREQ 0% cpu@47.375C soc2@46.531C soc0@44.687C gpu@46.656C tj@47.343C soc1@44.781C VDD_IN 4153mW/4235mW VDD_CPU_GPU_CV 1036mW/1062mW VDD_SOC 1397mW/1401mW
08-10-2026 00:25:42 RAM 3761/7620MB (lfb 1x4MB) SWAP 2/12002MB (cached 0MB) CPU [2%@1510,3%@1510,6%@1510,1%@1510,2%@1510,4%@1510] GR3D_FREQ 0% cpu@47C soc2@46.468C soc0@44.75C gpu@46.687C tj@47C soc1@44.781C VDD_IN 4193mW/4234mW VDD_CPU_GPU_CV 1036mW/1061mW VDD_SOC 1397mW/1401mW
08-10-2026 00:25:43 RAM 3761/7620MB (lfb 1x4MB) SWAP 2/12002MB (cached 0MB) CPU [1%@1510,2%@1510,2%@1510,2%@1510,5%@1510,2%@1510] GR3D_FREQ 0% cpu@47.093C soc2@46.406C soc0@44.812C gpu@46.75C tj@47.093C soc1@44.812C VDD_IN 4153mW/4232mW VDD_CPU_GPU_CV 1036mW/1061mW VDD_SOC 1397mW/1401mW
08-10-2026 00:25:44 RAM 3762/7620MB (lfb 1x4MB) SWAP 2/12002MB (cached 0MB) CPU [2%@1510,2%@1510,6%@1510,4%@1510,4%@1510,2%@1510] GR3D_FREQ 0% cpu@47.218C soc2@46.531C soc0@44.843C gpu@46.406C tj@47.218C soc1@44.625C VDD_IN 4233mW/4232mW VDD_CPU_GPU_CV 1076mW/1061mW VDD_SOC 1397mW/1401mW
08-10-2026 00:25:45 RAM 3762/7620MB (lfb 1x4MB) SWAP 2/12002MB (cached 0MB) CPU [2%@1510,2%@1510,4%@1510,3%@1510,5%@1510,3%@1510] GR3D_FREQ 0% cpu@47.156C soc2@46.468C soc0@44.906C gpu@46.5C tj@47.156C soc1@44.75C VDD_IN 4193mW/4231mW VDD_CPU_GPU_CV 1036mW/1061mW VDD_SOC 1397mW/1401mW
08-10-2026 00:25:46 RAM 3762/7620MB (lfb 1x4MB) SWAP 2/12002MB (cached 0MB) CPU [3%@1510,3%@1510,2%@1510,2%@1510,5%@1510,1%@1510] GR3D_FREQ 0% cpu@47.437C soc2@46.468C soc0@44.812C gpu@46.468C tj@47.437C soc1@44.75C VDD_IN 4193mW/4230mW VDD_CPU_GPU_CV 1036mW/1060mW VDD_SOC 1397mW/1400mW
08-10-2026 00:25:47 RAM 3762/7620MB (lfb 1x4MB) SWAP 2/12002MB (cached 0MB) CPU [3%@1510,3%@1510,4%@1510,3%@1510,3%@1510,1%@1510] GR3D_FREQ 0% cpu@47.093C soc2@46.468C soc0@44.718C gpu@46.5C tj@47.093C soc1@44.75C VDD_IN 4193mW/4230mW VDD_CPU_GPU_CV 1036mW/1060mW VDD_SOC 1397mW/1400mW
08-10-2026 00:25:48 RAM 3762/7620MB (lfb 1x4MB) SWAP 2/12002MB (cached 0MB) CPU [3%@1510,5%@1510,4%@1510,2%@1510,3%@1510,2%@1510] GR3D_FREQ 0% cpu@47.156C soc2@46.5C soc0@44.812C gpu@46.531C tj@47.156C soc1@44.843C VDD_IN 4193mW/4229mW VDD_CPU_GPU_CV 1036mW/1059mW VDD_SOC 1397mW/1400mW
08-10-2026 00:25:49 RAM 3762/7620MB (lfb 1x4MB) SWAP 2/12002MB (cached 0MB) CPU [3%@1510,5%@1510,6%@1510,2%@1510,3%@1510,2%@1510] GR3D_FREQ 0% cpu@47.25C soc2@46.562C soc0@44.781C gpu@46.468C tj@47.25C soc1@44.687C VDD_IN 4233mW/4229mW VDD_CPU_GPU_CV 1076mW/1059mW VDD_SOC 1397mW/1400mW
08-10-2026 00:25:50 RAM 3762/7620MB (lfb 1x4MB) SWAP 2/12002MB (cached 0MB) CPU [2%@1510,4%@1510,4%@1510,2%@1510,5%@1510,4%@1510] GR3D_FREQ 0% cpu@47.093C soc2@46.468C soc0@44.968C gpu@46.468C tj@47.093C soc1@44.718C VDD_IN 4233mW/4229mW VDD_CPU_GPU_CV 1036mW/1059mW VDD_SOC 1397mW/1400mW
08-10-2026 00:25:51 RAM 3762/7620MB (lfb 1x4MB) SWAP 2/12002MB (cached 0MB) CPU [2%@1510,4%@1510,2%@1510,3%@1510,3%@1510,1%@1510] GR3D_FREQ 0% cpu@47.375C soc2@46.468C soc0@44.75C gpu@46.906C tj@47.375C soc1@44.687C VDD_IN 4193mW/4228mW VDD_CPU_GPU_CV 1036mW/1058mW VDD_SOC 1397mW/1400mW
08-10-2026 00:25:52 RAM 3762/7620MB (lfb 1x4MB) SWAP 2/12002MB (cached 0MB) CPU [3%@1510,4%@1510,1%@1510,3%@1510,4%@1510,2%@1510] GR3D_FREQ 0% cpu@47.187C soc2@46.5C soc0@44.687C gpu@46.468C tj@47.093C soc1@44.718C VDD_IN 4193mW/4228mW VDD_CPU_GPU_CV 1036mW/1058mW VDD_SOC 1397mW/1400mW
08-10-2026 00:25:53 RAM 3762/7620MB (lfb 1x4MB) SWAP 2/12002MB (cached 0MB) CPU [3%@1510,1%@1510,2%@1510,1%@1510,3%@1510,2%@1510] GR3D_FREQ 0% cpu@47.093C soc2@46.531C soc0@44.75C gpu@46.375C tj@47.093C soc1@44.812C VDD_IN 4193mW/4227mW VDD_CPU_GPU_CV 1036mW/1058mW VDD_SOC 1397mW/1400mW
08-10-2026 00:25:54 RAM 3761/7620MB (lfb 1x4MB) SWAP 2/12002MB (cached 0MB) CPU [7%@1510,2%@1510,4%@1510,2%@1510,6%@1510,4%@1510] GR3D_FREQ 0% cpu@47.187C soc2@46.5C soc0@44.781C gpu@46.375C tj@47.187C soc1@44.656C VDD_IN 4233mW/4227mW VDD_CPU_GPU_CV 1076mW/1058mW VDD_SOC 1397mW/1400mW
08-10-2026 00:25:55 RAM 3761/7620MB (lfb 1x4MB) SWAP 2/12002MB (cached 0MB) CPU [4%@1510,2%@1510,4%@1510,2%@1510,2%@1510,4%@1510] GR3D_FREQ 0% cpu@47C soc2@46.375C soc0@44.843C gpu@46.406C tj@47C soc1@44.718C VDD_IN 4193mW/4227mW VDD_CPU_GPU_CV 1036mW/1058mW VDD_SOC 1397mW/1400mW
08-10-2026 00:25:56 RAM 3761/7620MB (lfb 1x4MB) SWAP 2/12002MB (cached 0MB) CPU [2%@1510,1%@1510,4%@1510,1%@1510,3%@1510,2%@1510] GR3D_FREQ 0% cpu@47.312C soc2@46.406C soc0@44.75C gpu@46.375C tj@47.312C soc1@44.781C VDD_IN 4193mW/4226mW VDD_CPU_GPU_CV 1036mW/1057mW VDD_SOC 1397mW/1400mW
08-10-2026 00:25:57 RAM 3761/7620MB (lfb 1x4MB) SWAP 2/12002MB (cached 0MB) CPU [1%@1510,2%@1510,4%@1510,3%@1510,5%@1510,2%@1510] GR3D_FREQ 0% cpu@47.125C soc2@46.406C soc0@44.75C gpu@46.437C tj@47.125C soc1@44.812C VDD_IN 4193mW/4225mW VDD_CPU_GPU_CV 1036mW/1057mW VDD_SOC 1397mW/1400mW
08-10-2026 00:25:58 RAM 3761/7620MB (lfb 1x4MB) SWAP 2/12002MB (cached 0MB) CPU [3%@1510,2%@1510,6%@1510,2%@1510,2%@1510,1%@1510] GR3D_FREQ 0% cpu@47.062C soc2@46.5C soc0@44.781C gpu@46.375C tj@47.062C soc1@44.812C VDD_IN 4193mW/4225mW VDD_CPU_GPU_CV 1036mW/1056mW VDD_SOC 1397mW/1400mW
08-10-2026 00:25:59 RAM 3761/7620MB (lfb 1x4MB) SWAP 2/12002MB (cached 0MB) CPU [3%@1510,2%@1510,5%@1510,3%@1510,5%@1510,3%@1510] GR3D_FREQ 0% cpu@47.156C soc2@46.562C soc0@44.781C gpu@46.656C tj@47.156C soc1@44.843C VDD_IN 4233mW/4225mW VDD_CPU_GPU_CV 1076mW/1057mW VDD_SOC 1397mW/1400mW
08-10-2026 00:26:00 RAM 3761/7620MB (lfb 1x4MB) SWAP 2/12002MB (cached 0MB) CPU [1%@1510,2%@1510,5%@1510,4%@1510,4%@1510,7%@1510] GR3D_FREQ 0% cpu@47.062C soc2@46.468C soc0@44.843C gpu@46.718C tj@47.093C soc1@44.656C VDD_IN 4233mW/4225mW VDD_CPU_GPU_CV 1036mW/1056mW VDD_SOC 1397mW/1400mW
08-10-2026 00:26:01 RAM 3761/7620MB (lfb 1x4MB) SWAP 2/12002MB (cached 0MB) CPU [3%@1510,3%@1510,2%@1510,4%@1510,6%@1510,1%@1510] GR3D_FREQ 0% cpu@47.312C soc2@46.468C soc0@44.812C gpu@46.656C tj@47.312C soc1@44.718C VDD_IN 4193mW/4225mW VDD_CPU_GPU_CV 1036mW/1056mW VDD_SOC 1397mW/1400mW
08-10-2026 00:26:02 RAM 3761/7620MB (lfb 1x4MB) SWAP 2/12002MB (cached 0MB) CPU [7%@1510,2%@1510,0%@1510,1%@1510,4%@1510,0%@1510] GR3D_FREQ 0% cpu@47.093C soc2@46.437C soc0@44.781C gpu@46.656C tj@47.093C soc1@44.718C VDD_IN 4193mW/4224mW VDD_CPU_GPU_CV 1036mW/1056mW VDD_SOC 1397mW/1399mW
08-10-2026 00:26:03 RAM 3761/7620MB (lfb 1x4MB) SWAP 2/12002MB (cached 0MB) CPU [4%@1510,4%@1510,2%@1510,2%@1510,4%@1510,2%@1510] GR3D_FREQ 0% cpu@47.093C soc2@46.437C soc0@44.781C gpu@46.687C tj@47.093C soc1@44.812C VDD_IN 4353mW/4226mW VDD_CPU_GPU_CV 1036mW/1055mW VDD_SOC 1397mW/1399mW
08-10-2026 00:26:04 RAM 3761/7620MB (lfb 1x4MB) SWAP 2/12002MB (cached 0MB) CPU [7%@1510,3%@1510,4%@1510,1%@1510,4%@1510,3%@1510] GR3D_FREQ 0% cpu@47.218C soc2@46.562C soc0@44.781C gpu@46.718C tj@47.218C soc1@44.843C VDD_IN 4233mW/4226mW VDD_CPU_GPU_CV 1076mW/1056mW VDD_SOC 1397mW/1399mW
08-10-2026 00:26:05 RAM 3761/7620MB (lfb 1x4MB) SWAP 2/12002MB (cached 0MB) CPU [3%@1510,1%@1510,2%@1510,3%@1510,5%@1510,4%@1510] GR3D_FREQ 0% cpu@47.156C soc2@46.468C soc0@44.843C gpu@46.687C tj@47.156C soc1@44.781C VDD_IN 4193mW/4226mW VDD_CPU_GPU_CV 1036mW/1055mW VDD_SOC 1397mW/1399mW
08-10-2026 00:26:06 RAM 3761/7620MB (lfb 1x4MB) SWAP 2/12002MB (cached 0MB) CPU [3%@1510,1%@1510,3%@1510,3%@1510,5%@1510,2%@1510] GR3D_FREQ 0% cpu@47.281C soc2@46.437C soc0@45C gpu@46.75C tj@47.281C soc1@44.687C VDD_IN 4193mW/4225mW VDD_CPU_GPU_CV 1036mW/1055mW VDD_SOC 1397mW/1399mW
08-10-2026 00:26:07 RAM 3761/7620MB (lfb 1x4MB) SWAP 2/12002MB (cached 0MB) CPU [3%@1510,1%@1510,2%@1510,2%@1510,5%@1510,5%@1510] GR3D_FREQ 0% cpu@47.093C soc2@46.437C soc0@44.812C gpu@46.687C tj@47.093C soc1@44.75C VDD_IN 4193mW/4225mW VDD_CPU_GPU_CV 1036mW/1055mW VDD_SOC 1397mW/1399mW
08-10-2026 00:26:09 RAM 3761/7620MB (lfb 1x4MB) SWAP 2/12002MB (cached 0MB) CPU [3%@1510,1%@1510,5%@1510,2%@1510,3%@1510,2%@1510] GR3D_FREQ 0% cpu@47.125C soc2@46.531C soc0@44.812C gpu@46.5C tj@47.125C soc1@44.843C VDD_IN 4233mW/4225mW VDD_CPU_GPU_CV 1036mW/1055mW VDD_SOC 1397mW/1399mW
08-10-2026 00:26:10 RAM 3761/7620MB (lfb 1x4MB) SWAP 2/12002MB (cached 0MB) CPU [4%@1510,1%@1510,4%@1510,3%@1510,6%@1510,5%@1510] GR3D_FREQ 0% cpu@47.218C soc2@46.562C soc0@44.718C gpu@46.437C tj@47.218C soc1@44.843C VDD_IN 4233mW/4225mW VDD_CPU_GPU_CV 1076mW/1055mW VDD_SOC 1397mW/1399mW
08-10-2026 00:26:11 RAM 3761/7620MB (lfb 1x4MB) SWAP 2/12002MB (cached 0MB) CPU [3%@1510,2%@1510,4%@1510,5%@1510,3%@1510,6%@1510] GR3D_FREQ 0% cpu@47.218C soc2@46.468C soc0@44.812C gpu@46.5C tj@47.218C soc1@44.75C VDD_IN 4233mW/4225mW VDD_CPU_GPU_CV 1036mW/1055mW VDD_SOC 1397mW/1399mW
08-10-2026 00:26:12 RAM 3761/7620MB (lfb 1x4MB) SWAP 2/12002MB (cached 0MB) CPU [5%@1510,0%@1510,4%@1510,4%@1510,4%@1510,2%@1510] GR3D_FREQ 0% cpu@47.343C soc2@46.468C soc0@44.843C gpu@46.531C tj@47.343C soc1@44.718C VDD_IN 4193mW/4225mW VDD_CPU_GPU_CV 1036mW/1054mW VDD_SOC 1397mW/1399mW
08-10-2026 00:26:13 RAM 3761/7620MB (lfb 1x4MB) SWAP 2/12002MB (cached 0MB) CPU [3%@1510,5%@1510,5%@1510,1%@1510,3%@1510,2%@1510] GR3D_FREQ 0% cpu@47.093C soc2@46.5C soc0@44.75C gpu@46.5C tj@47.093C soc1@44.75C VDD_IN 4273mW/4225mW VDD_CPU_GPU_CV 1036mW/1054mW VDD_SOC 1397mW/1399mW
08-10-2026 00:26:14 RAM 3761/7620MB (lfb 1x4MB) SWAP 2/12002MB (cached 0MB) CPU [4%@1510,1%@1510,5%@1510,2%@1510,4%@1510,2%@1510] GR3D_FREQ 0% cpu@47.125C soc2@46.531C soc0@44.75C gpu@46.593C tj@47.125C soc1@44.875C VDD_IN 4233mW/4225mW VDD_CPU_GPU_CV 1036mW/1054mW VDD_SOC 1397mW/1399mW
08-10-2026 00:26:15 RAM 3761/7620MB (lfb 1x4MB) SWAP 2/12002MB (cached 0MB) CPU [3%@1510,2%@1510,5%@1510,3%@1510,3%@1510,2%@1510] GR3D_FREQ 0% cpu@47.218C soc2@46.5C soc0@44.781C gpu@46.437C tj@47.218C soc1@44.843C VDD_IN 4233mW/4225mW VDD_CPU_GPU_CV 1076mW/1054mW VDD_SOC 1397mW/1399mW
08-10-2026 00:26:16 RAM 3761/7620MB (lfb 1x4MB) SWAP 2/12002MB (cached 0MB) CPU [3%@1510,3%@1510,3%@1510,6%@1510,2%@1510,1%@1510] GR3D_FREQ 0% cpu@47.093C soc2@46.5C soc0@44.875C gpu@46.437C tj@47.093C soc1@44.75C VDD_IN 4233mW/4226mW VDD_CPU_GPU_CV 1036mW/1054mW VDD_SOC 1397mW/1399mW
08-10-2026 00:26:17 RAM 3761/7620MB (lfb 1x4MB) SWAP 2/12002MB (cached 0MB) CPU [5%@1510,3%@1510,1%@1510,3%@1510,2%@1510,1%@1510] GR3D_FREQ 0% cpu@47.312C soc2@46.375C soc0@44.875C gpu@46.437C tj@47.312C soc1@44.718C VDD_IN 4193mW/4225mW VDD_CPU_GPU_CV 1036mW/1054mW VDD_SOC 1397mW/1399mW
08-10-2026 00:26:18 RAM 3761/7620MB (lfb 1x4MB) SWAP 2/12002MB (cached 0MB) CPU [5%@1510,2%@1510,1%@1510,4%@1510,3%@1510,3%@1510] GR3D_FREQ 0% cpu@47.093C soc2@46.5C soc0@44.687C gpu@46.312C tj@47.093C soc1@44.718C VDD_IN 4193mW/4225mW VDD_CPU_GPU_CV 1036mW/1053mW VDD_SOC 1397mW/1399mW
08-10-2026 00:26:19 RAM 3761/7620MB (lfb 1x4MB) SWAP 2/12002MB (cached 0MB) CPU [5%@1510,2%@1510,0%@1510,4%@1510,2%@1510,2%@1510] GR3D_FREQ 0% cpu@47.062C soc2@46.468C soc0@44.718C gpu@46.375C tj@47.062C soc1@44.843C VDD_IN 4193mW/4224mW VDD_CPU_GPU_CV 1036mW/1053mW VDD_SOC 1397mW/1399mW
08-10-2026 00:26:20 RAM 3762/7620MB (lfb 1x4MB) SWAP 2/12002MB (cached 0MB) CPU [3%@1510,1%@1510,3%@1510,5%@1510,6%@1510,4%@1510] GR3D_FREQ 0% cpu@47C soc2@46.562C soc0@44.718C gpu@46.375C tj@47C soc1@44.843C VDD_IN 4233mW/4224mW VDD_CPU_GPU_CV 1076mW/1053mW VDD_SOC 1397mW/1399mW
08-10-2026 00:26:21 RAM 3762/7620MB (lfb 1x4MB) SWAP 2/12002MB (cached 0MB) CPU [2%@1510,1%@1510,2%@1510,3%@1510,7%@1510,2%@1510] GR3D_FREQ 0% cpu@47.093C soc2@46.625C soc0@44.812C gpu@46.5C tj@47.093C soc1@44.937C VDD_IN 4193mW/4224mW VDD_CPU_GPU_CV 1036mW/1053mW VDD_SOC 1397mW/1399mW
08-10-2026 00:26:22 RAM 3762/7620MB (lfb 1x4MB) SWAP 2/12002MB (cached 0MB) CPU [4%@1510,2%@1510,2%@1510,5%@1510,3%@1510,2%@1510] GR3D_FREQ 0% cpu@47.25C soc2@46.406C soc0@44.875C gpu@46.5C tj@47.25C soc1@44.687C VDD_IN 4193mW/4224mW VDD_CPU_GPU_CV 1036mW/1053mW VDD_SOC 1397mW/1399mW
08-10-2026 00:26:23 RAM 3762/7620MB (lfb 1x4MB) SWAP 2/12002MB (cached 0MB) CPU [1%@1510,1%@1510,0%@1510,4%@1510,2%@1510,4%@1510] GR3D_FREQ 0% cpu@47.093C soc2@46.468C soc0@44.718C gpu@46.468C tj@47.093C soc1@44.75C VDD_IN 4233mW/4224mW VDD_CPU_GPU_CV 1036mW/1053mW VDD_SOC 1397mW/1399mW
08-10-2026 00:26:24 RAM 3762/7620MB (lfb 1x4MB) SWAP 2/12002MB (cached 0MB) CPU [3%@1510,3%@1510,2%@1510,6%@1510,2%@1510,3%@1510] GR3D_FREQ 0% cpu@47.437C soc2@46.5C soc0@44.812C gpu@46.656C tj@47.437C soc1@44.75C VDD_IN 4193mW/4223mW VDD_CPU_GPU_CV 1036mW/1053mW VDD_SOC 1397mW/1399mW
08-10-2026 00:26:25 RAM 3760/7620MB (lfb 1x4MB) SWAP 2/12002MB (cached 0MB) CPU [3%@1510,2%@1510,4%@1510,5%@1510,3%@1510,4%@1510] GR3D_FREQ 0% cpu@47.062C soc2@46.468C soc0@44.781C gpu@46.593C tj@47.062C soc1@44.843C VDD_IN 4233mW/4223mW VDD_CPU_GPU_CV 1076mW/1053mW VDD_SOC 1397mW/1399mW
08-10-2026 00:26:26 RAM 3760/7620MB (lfb 1x4MB) SWAP 2/12002MB (cached 0MB) CPU [3%@1510,3%@1510,4%@1510,3%@1510,6%@1510,2%@1510] GR3D_FREQ 0% cpu@47.156C soc2@46.531C soc0@44.812C gpu@46.687C tj@47.156C soc1@44.812C VDD_IN 4193mW/4223mW VDD_CPU_GPU_CV 1036mW/1053mW VDD_SOC 1397mW/1399mW
08-10-2026 00:26:27 RAM 3760/7620MB (lfb 1x4MB) SWAP 2/12002MB (cached 0MB) CPU [4%@1510,1%@1510,4%@1510,1%@1510,4%@1510,1%@1510] GR3D_FREQ 0% cpu@47.25C soc2@46.531C soc0@44.781C gpu@46.75C tj@47.25C soc1@44.75C VDD_IN 4193mW/4223mW VDD_CPU_GPU_CV 1036mW/1053mW VDD_SOC 1397mW/1399mW
08-10-2026 00:26:28 RAM 3760/7620MB (lfb 1x4MB) SWAP 2/12002MB (cached 0MB) CPU [2%@1510,2%@1510,5%@1510,1%@1510,1%@1510,6%@1510] GR3D_FREQ 0% cpu@47.093C soc2@46.375C soc0@44.875C gpu@46.75C tj@47.093C soc1@44.687C VDD_IN 4193mW/4222mW VDD_CPU_GPU_CV 1036mW/1052mW VDD_SOC 1397mW/1399mW
08-10-2026 00:26:29 RAM 3760/7620MB (lfb 1x4MB) SWAP 2/12002MB (cached 0MB) CPU [2%@1510,1%@1510,4%@1510,3%@1510,1%@1510,1%@1510] GR3D_FREQ 0% cpu@47.406C soc2@46.531C soc0@44.75C gpu@46.781C tj@47.406C soc1@44.718C VDD_IN 4153mW/4222mW VDD_CPU_GPU_CV 1036mW/1052mW VDD_SOC 1397mW/1399mW
08-10-2026 00:26:30 RAM 3760/7620MB (lfb 1x4MB) SWAP 2/12002MB (cached 0MB) CPU [3%@1510,3%@1510,5%@1510,4%@1510,5%@1510,6%@1510] GR3D_FREQ 0% cpu@47.093C soc2@46.5C soc0@44.781C gpu@46.687C tj@47.093C soc1@44.843C VDD_IN 4193mW/4221mW VDD_CPU_GPU_CV 1036mW/1052mW VDD_SOC 1397mW/1399mW
08-10-2026 00:26:31 RAM 3761/7620MB (lfb 1x4MB) SWAP 2/12002MB (cached 0MB) CPU [3%@1510,2%@1510,5%@1510,4%@1510,2%@1510,4%@1510] GR3D_FREQ 0% cpu@47.093C soc2@46.468C soc0@44.75C gpu@46.781C tj@47.093C soc1@44.875C VDD_IN 4193mW/4221mW VDD_CPU_GPU_CV 1036mW/1052mW VDD_SOC 1397mW/1399mW
08-10-2026 00:26:32 RAM 3761/7620MB (lfb 1x4MB) SWAP 2/12002MB (cached 0MB) CPU [4%@1510,2%@1510,4%@1510,2%@1510,3%@1510,4%@1510] GR3D_FREQ 0% cpu@47.281C soc2@46.5C soc0@44.875C gpu@46.843C tj@47.281C soc1@44.843C VDD_IN 4193mW/4221mW VDD_CPU_GPU_CV 1036mW/1052mW VDD_SOC 1397mW/1399mW
08-10-2026 00:26:33 RAM 3761/7620MB (lfb 1x4MB) SWAP 2/12002MB (cached 0MB) CPU [2%@1510,2%@1510,5%@1510,5%@1510,1%@1510,1%@1510] GR3D_FREQ 0% cpu@47.187C soc2@46.468C soc0@44.875C gpu@46.843C tj@47.187C soc1@44.687C VDD_IN 4193mW/4220mW VDD_CPU_GPU_CV 1036mW/1051mW VDD_SOC 1397mW/1399mW
08-10-2026 00:26:34 RAM 3761/7620MB (lfb 1x4MB) SWAP 2/12002MB (cached 0MB) CPU [1%@1510,2%@1510,3%@1510,4%@1510,4%@1510,2%@1510] GR3D_FREQ 0% cpu@47.437C soc2@46.375C soc0@44.968C gpu@46.843C tj@47.437C soc1@44.718C VDD_IN 4193mW/4220mW VDD_CPU_GPU_CV 1036mW/1051mW VDD_SOC 1397mW/1398mW
08-10-2026 00:26:35 RAM 3761/7620MB (lfb 1x4MB) SWAP 2/12002MB (cached 0MB) CPU [6%@1510,5%@1510,5%@1510,4%@1510,3%@1510,2%@1510] GR3D_FREQ 0% cpu@47.062C soc2@46.5C soc0@44.781C gpu@46.5C tj@47.062C soc1@44.75C VDD_IN 4233mW/4220mW VDD_CPU_GPU_CV 1036mW/1051mW VDD_SOC 1397mW/1398mW
08-10-2026 00:26:36 RAM 3763/7620MB (lfb 1x4MB) SWAP 2/12002MB (cached 0MB) CPU [2%@1510,4%@1510,3%@1510,4%@1510,2%@1510,1%@1510] GR3D_FREQ 0% cpu@47.218C soc2@46.5C soc0@44.812C gpu@46.5C tj@47.218C soc1@44.843C VDD_IN 4233mW/4220mW VDD_CPU_GPU_CV 1036mW/1051mW VDD_SOC 1397mW/1398mW
08-10-2026 00:26:37 RAM 3763/7620MB (lfb 1x4MB) SWAP 2/12002MB (cached 0MB) CPU [3%@1510,5%@1510,1%@1510,4%@1510,2%@1510,2%@1510] GR3D_FREQ 0% cpu@47.25C soc2@46.5C soc0@44.875C gpu@46.5C tj@47.25C soc1@44.875C VDD_IN 4193mW/4220mW VDD_CPU_GPU_CV 1036mW/1051mW VDD_SOC 1397mW/1398mW
08-10-2026 00:26:38 RAM 3763/7620MB (lfb 1x4MB) SWAP 2/12002MB (cached 0MB) CPU [2%@1510,6%@1510,1%@1510,7%@1510,1%@1510,2%@1510] GR3D_FREQ 0% cpu@47.156C soc2@46.468C soc0@44.906C gpu@46.531C tj@47.156C soc1@44.656C VDD_IN 4193mW/4220mW VDD_CPU_GPU_CV 1036mW/1051mW VDD_SOC 1397mW/1398mW
08-10-2026 00:26:39 RAM 3763/7620MB (lfb 1x4MB) SWAP 2/12002MB (cached 0MB) CPU [1%@1510,5%@1510,1%@1510,4%@1510,1%@1510,3%@1510] GR3D_FREQ 0% cpu@47.343C soc2@46.468C soc0@44.875C gpu@46.562C tj@47.343C soc1@44.843C VDD_IN 4193mW/4220mW VDD_CPU_GPU_CV 1036mW/1050mW VDD_SOC 1397mW/1398mW
08-10-2026 00:26:40 RAM 3763/7620MB (lfb 1x4MB) SWAP 2/12002MB (cached 0MB) CPU [4%@1510,3%@1510,4%@1510,5%@1510,2%@1510,3%@1510] GR3D_FREQ 0% cpu@47.25C soc2@46.437C soc0@44.843C gpu@46.562C tj@47.25C soc1@44.75C VDD_IN 4193mW/4219mW VDD_CPU_GPU_CV 1036mW/1050mW VDD_SOC 1397mW/1398mW
08-10-2026 00:26:41 RAM 3763/7620MB (lfb 1x4MB) SWAP 2/12002MB (cached 0MB) CPU [2%@1510,2%@1510,3%@1510,5%@1510,1%@1510,4%@1510] GR3D_FREQ 0% cpu@47.187C soc2@46.437C soc0@44.843C gpu@46.625C tj@47.187C soc1@44.843C VDD_IN 4193mW/4219mW VDD_CPU_GPU_CV 1036mW/1050mW VDD_SOC 1397mW/1398mW
08-10-2026 00:26:42 RAM 3763/7620MB (lfb 1x4MB) SWAP 2/12002MB (cached 0MB) CPU [4%@1510,3%@1510,2%@1510,6%@1510,2%@1510,2%@1510] GR3D_FREQ 0% cpu@47.093C soc2@46.437C soc0@44.812C gpu@46.593C tj@47.187C soc1@44.843C VDD_IN 4193mW/4219mW VDD_CPU_GPU_CV 1036mW/1050mW VDD_SOC 1397mW/1398mW
08-10-2026 00:26:43 RAM 3763/7620MB (lfb 1x4MB) SWAP 2/12002MB (cached 0MB) CPU [3%@1510,1%@1510,2%@1510,4%@1510,3%@1510,2%@1510] GR3D_FREQ 0% cpu@47.156C soc2@46.531C soc0@44.875C gpu@46.375C tj@47.156C soc1@44.625C VDD_IN 4193mW/4218mW VDD_CPU_GPU_CV 1036mW/1050mW VDD_SOC 1397mW/1398mW
08-10-2026 00:26:44 RAM 3763/7620MB (lfb 1x4MB) SWAP 2/12002MB (cached 0MB) CPU [3%@1510,1%@1510,2%@1510,3%@1510,4%@1510,2%@1510] GR3D_FREQ 0% cpu@47.343C soc2@46.5C soc0@44.968C gpu@46.437C tj@47.343C soc1@44.718C VDD_IN 4193mW/4218mW VDD_CPU_GPU_CV 1036mW/1050mW VDD_SOC 1397mW/1398mW
08-10-2026 00:26:45 RAM 3763/7620MB (lfb 1x4MB) SWAP 2/12002MB (cached 0MB) CPU [4%@1510,3%@1510,2%@1510,6%@1510,4%@1510,3%@1510] GR3D_FREQ 0% cpu@47.093C soc2@46.437C soc0@44.718C gpu@46.406C tj@47.093C soc1@44.812C VDD_IN 4233mW/4218mW VDD_CPU_GPU_CV 1036mW/1050mW VDD_SOC 1397mW/1398mW
08-10-2026 00:26:46 RAM 3763/7620MB (lfb 1x4MB) SWAP 2/12002MB (cached 0MB) CPU [6%@1510,2%@1510,3%@1510,4%@1510,3%@1510,1%@1510] GR3D_FREQ 0% cpu@47.093C soc2@46.468C soc0@44.812C gpu@46.375C tj@47.093C soc1@44.812C VDD_IN 4193mW/4218mW VDD_CPU_GPU_CV 1036mW/1049mW VDD_SOC 1397mW/1398mW
08-10-2026 00:26:47 RAM 3763/7620MB (lfb 1x4MB) SWAP 2/12002MB (cached 0MB) CPU [6%@1510,3%@1510,1%@1510,3%@1510,2%@1510,2%@1510] GR3D_FREQ 0% cpu@47.062C soc2@46.562C soc0@44.843C gpu@46.375C tj@47.062C soc1@44.812C VDD_IN 4193mW/4218mW VDD_CPU_GPU_CV 1036mW/1049mW VDD_SOC 1397mW/1398mW
08-10-2026 00:26:48 RAM 3763/7620MB (lfb 1x4MB) SWAP 2/12002MB (cached 0MB) CPU [3%@1510,1%@1510,1%@1510,5%@1510,2%@1510,3%@1510] GR3D_FREQ 0% cpu@47.062C soc2@46.5C soc0@44.875C gpu@46.437C tj@47.062C soc1@44.75C VDD_IN 4193mW/4218mW VDD_CPU_GPU_CV 1036mW/1049mW VDD_SOC 1397mW/1398mW
08-10-2026 00:26:49 RAM 3763/7620MB (lfb 1x4MB) SWAP 2/12002MB (cached 0MB) CPU [3%@1510,3%@1510,2%@1510,3%@1510,3%@1510,2%@1510] GR3D_FREQ 0% cpu@47.312C soc2@46.437C soc0@44.875C gpu@46.531C tj@47.312C soc1@44.687C VDD_IN 4193mW/4217mW VDD_CPU_GPU_CV 1036mW/1049mW VDD_SOC 1397mW/1398mW
08-10-2026 00:26:50 RAM 3763/7620MB (lfb 1x4MB) SWAP 2/12002MB (cached 0MB) CPU [3%@1510,5%@1510,5%@1510,4%@1510,1%@1510,3%@1510] GR3D_FREQ 0% cpu@47.187C soc2@46.437C soc0@44.718C gpu@46.437C tj@47.187C soc1@44.75C VDD_IN 4233mW/4218mW VDD_CPU_GPU_CV 1036mW/1049mW VDD_SOC 1397mW/1398mW
08-10-2026 00:26:51 RAM 3763/7620MB (lfb 1x4MB) SWAP 2/12002MB (cached 0MB) CPU [4%@1510,2%@1510,2%@1510,3%@1510,3%@1510,4%@1510] GR3D_FREQ 0% cpu@47.375C soc2@46.437C soc0@44.781C gpu@46.437C tj@47.093C soc1@44.843C VDD_IN 4193mW/4217mW VDD_CPU_GPU_CV 1036mW/1049mW VDD_SOC 1397mW/1398mW
08-10-2026 00:26:52 RAM 3763/7620MB (lfb 1x4MB) SWAP 2/12002MB (cached 0MB) CPU [5%@1510,1%@1510,2%@1510,4%@1510,2%@1510,2%@1510] GR3D_FREQ 0% cpu@47C soc2@46.468C soc0@44.843C gpu@46.687C tj@47C soc1@44.875C VDD_IN 4153mW/4217mW VDD_CPU_GPU_CV 1036mW/1049mW VDD_SOC 1397mW/1398mW
08-10-2026 00:26:53 RAM 3763/7620MB (lfb 1x4MB) SWAP 2/12002MB (cached 0MB) CPU [3%@1510,4%@1510,3%@1510,3%@1510,2%@1510,1%@1510] GR3D_FREQ 0% cpu@47.093C soc2@46.531C soc0@44.812C gpu@46.75C tj@47.093C soc1@44.812C VDD_IN 4193mW/4217mW VDD_CPU_GPU_CV 1036mW/1049mW VDD_SOC 1397mW/1398mW
08-10-2026 00:26:54 RAM 3763/7620MB (lfb 1x4MB) SWAP 2/12002MB (cached 0MB) CPU [1%@1510,4%@1510,3%@1510,4%@1510,3%@1510,2%@1510] GR3D_FREQ 0% cpu@47.281C soc2@46.437C soc0@44.843C gpu@46.75C tj@47.281C soc1@44.593C VDD_IN 4193mW/4216mW VDD_CPU_GPU_CV 1036mW/1049mW VDD_SOC 1397mW/1398mW
08-10-2026 00:26:55 RAM 3763/7620MB (lfb 1x4MB) SWAP 2/12002MB (cached 0MB) CPU [5%@1510,1%@1510,5%@1510,6%@1510,2%@1510,3%@1510] GR3D_FREQ 0% cpu@47.125C soc2@46.406C soc0@44.781C gpu@46.718C tj@47.125C soc1@44.687C VDD_IN 4233mW/4216mW VDD_CPU_GPU_CV 1036mW/1048mW VDD_SOC 1397mW/1398mW
08-10-2026 00:26:56 RAM 3763/7620MB (lfb 1x4MB) SWAP 2/12002MB (cached 0MB) CPU [2%@1510,2%@1510,3%@1510,2%@1510,3%@1510,2%@1510] GR3D_FREQ 0% cpu@47.375C soc2@46.437C soc0@44.718C gpu@46.843C tj@47.375C soc1@44.781C VDD_IN 4193mW/4216mW VDD_CPU_GPU_CV 1036mW/1048mW VDD_SOC 1397mW/1398mW
08-10-2026 00:26:57 RAM 3763/7620MB (lfb 1x4MB) SWAP 2/12002MB (cached 0MB) CPU [2%@1510,4%@1510,4%@1510,2%@1510,3%@1510,0%@1510] GR3D_FREQ 0% cpu@47.031C soc2@46.437C soc0@44.75C gpu@46.781C tj@47.031C soc1@44.718C VDD_IN 4193mW/4216mW VDD_CPU_GPU_CV 1036mW/1048mW VDD_SOC 1397mW/1398mW
08-10-2026 00:26:58 RAM 3763/7620MB (lfb 1x4MB) SWAP 2/12002MB (cached 0MB) CPU [3%@1510,4%@1510,4%@1510,1%@1510,3%@1510,2%@1510] GR3D_FREQ 0% cpu@47.093C soc2@46.437C soc0@44.75C gpu@46.843C tj@47.093C soc1@44.843C VDD_IN 4193mW/4216mW VDD_CPU_GPU_CV 1036mW/1048mW VDD_SOC 1397mW/1398mW
08-10-2026 00:26:59 RAM 3763/7620MB (lfb 1x4MB) SWAP 2/12002MB (cached 0MB) CPU [4%@1510,1%@1510,4%@1510,2%@1510,1%@1510,1%@1510] GR3D_FREQ 0% cpu@47.312C soc2@46.5C soc0@44.843C gpu@46.375C tj@47.312C soc1@44.656C VDD_IN 4193mW/4216mW VDD_CPU_GPU_CV 1036mW/1048mW VDD_SOC 1397mW/1398mW
08-10-2026 00:27:00 RAM 3763/7620MB (lfb 1x4MB) SWAP 2/12002MB (cached 0MB) CPU [8%@1510,2%@1510,6%@1510,5%@1510,4%@1510,2%@1510] GR3D_FREQ 0% cpu@47.156C soc2@46.406C soc0@44.875C gpu@46.375C tj@47.156C soc1@44.687C VDD_IN 4233mW/4216mW VDD_CPU_GPU_CV 1076mW/1048mW VDD_SOC 1397mW/1398mW
08-10-2026 00:27:01 RAM 3763/7620MB (lfb 1x4MB) SWAP 2/12002MB (cached 0MB) CPU [3%@1510,1%@1510,4%@1510,3%@1510,2%@1510,2%@1510] GR3D_FREQ 0% cpu@47.343C soc2@46.437C soc0@44.75C gpu@46.375C tj@47.343C soc1@44.656C VDD_IN 4193mW/4216mW VDD_CPU_GPU_CV 1036mW/1048mW VDD_SOC 1397mW/1398mW
08-10-2026 00:27:02 RAM 3763/7620MB (lfb 1x4MB) SWAP 2/12002MB (cached 0MB) CPU [1%@1510,4%@1510,5%@1510,2%@1510,3%@1510,3%@1510] GR3D_FREQ 0% cpu@46.937C soc2@46.406C soc0@44.718C gpu@46.562C tj@46.937C soc1@44.718C VDD_IN 4193mW/4215mW VDD_CPU_GPU_CV 1036mW/1048mW VDD_SOC 1397mW/1398mW
08-10-2026 00:27:03 RAM 3763/7620MB (lfb 1x4MB) SWAP 2/12002MB (cached 0MB) CPU [2%@1510,1%@1510,4%@1510,1%@1510,4%@1510,4%@1510] GR3D_FREQ 0% cpu@47.125C soc2@46.375C soc0@44.687C gpu@46.375C tj@47.125C soc1@44.781C VDD_IN 4193mW/4215mW VDD_CPU_GPU_CV 1036mW/1048mW VDD_SOC 1397mW/1398mW
08-10-2026 00:27:04 RAM 3763/7620MB (lfb 1x4MB) SWAP 2/12002MB (cached 0MB) CPU [5%@1510,3%@1510,4%@1510,2%@1510,1%@1510,0%@1510] GR3D_FREQ 0% cpu@46.968C soc2@46.406C soc0@44.75C gpu@46.562C tj@47.312C soc1@44.687C VDD_IN 4193mW/4215mW VDD_CPU_GPU_CV 1036mW/1048mW VDD_SOC 1397mW/1398mW
08-10-2026 00:27:05 RAM 3764/7620MB (lfb 1x4MB) SWAP 2/12002MB (cached 0MB) CPU [5%@1510,2%@1510,4%@1510,2%@1510,7%@1510,3%@1510] GR3D_FREQ 0% cpu@47.125C soc2@46.375C soc0@44.781C gpu@46.625C tj@47.125C soc1@44.593C VDD_IN 4233mW/4215mW VDD_CPU_GPU_CV 1036mW/1048mW VDD_SOC 1397mW/1398mW
08-10-2026 00:27:06 RAM 3764/7620MB (lfb 1x4MB) SWAP 2/12002MB (cached 0MB) CPU [5%@1510,3%@1510,5%@1510,2%@1510,2%@1510,4%@1510] GR3D_FREQ 0% cpu@47.25C soc2@46.375C soc0@44.75C gpu@46.593C tj@47.25C soc1@44.718C VDD_IN 4193mW/4215mW VDD_CPU_GPU_CV 1036mW/1048mW VDD_SOC 1397mW/1398mW
08-10-2026 00:27:07 RAM 3764/7620MB (lfb 1x4MB) SWAP 2/12002MB (cached 0MB) CPU [5%@1510,2%@1510,3%@1510,2%@1510,2%@1510,2%@1510] GR3D_FREQ 0% cpu@47.031C soc2@46.437C soc0@44.75C gpu@46.593C tj@47.031C soc1@44.718C VDD_IN 4193mW/4215mW VDD_CPU_GPU_CV 1036mW/1048mW VDD_SOC 1397mW/1398mW
08-10-2026 00:27:08 RAM 3764/7620MB (lfb 1x4MB) SWAP 2/12002MB (cached 0MB) CPU [6%@1510,2%@1510,3%@1510,1%@1510,3%@1510,2%@1510] GR3D_FREQ 0% cpu@47.062C soc2@46.5C soc0@44.718C gpu@46.656C tj@47.062C soc1@44.687C VDD_IN 4193mW/4215mW VDD_CPU_GPU_CV 1036mW/1047mW VDD_SOC 1397mW/1398mW
08-10-2026 00:27:09 RAM 3764/7620MB (lfb 1x4MB) SWAP 2/12002MB (cached 0MB) CPU [5%@1510,2%@1510,3%@1510,0%@1510,2%@1510,1%@1510] GR3D_FREQ 0% cpu@47C soc2@46.406C soc0@44.812C gpu@46.656C tj@47C soc1@44.843C VDD_IN 4193mW/4215mW VDD_CPU_GPU_CV 1036mW/1047mW VDD_SOC 1397mW/1398mW
08-10-2026 00:27:10 RAM 3764/7620MB (lfb 1x4MB) SWAP 2/12002MB (cached 0MB) CPU [6%@1510,2%@1510,4%@1510,7%@1510,4%@1510,2%@1510] GR3D_FREQ 0% cpu@47.093C soc2@46.437C soc0@44.75C gpu@46.562C tj@47.125C soc1@44.625C VDD_IN 4233mW/4215mW VDD_CPU_GPU_CV 1076mW/1048mW VDD_SOC 1397mW/1398mW
08-10-2026 00:27:11 RAM 3764/7620MB (lfb 1x4MB) SWAP 2/12002MB (cached 0MB) CPU [5%@1510,3%@1510,1%@1510,2%@1510,4%@1510,3%@1510] GR3D_FREQ 0% cpu@47.343C soc2@46.375C soc0@44.812C gpu@46.656C tj@47.343C soc1@44.687C VDD_IN 4193mW/4214mW VDD_CPU_GPU_CV 1036mW/1047mW VDD_SOC 1397mW/1398mW
08-10-2026 00:27:12 RAM 3764/7620MB (lfb 1x4MB) SWAP 2/12002MB (cached 0MB) CPU [5%@1510,3%@1510,2%@1510,1%@1510,3%@1510,1%@1510] GR3D_FREQ 0% cpu@47.156C soc2@46.437C soc0@44.687C gpu@46.5C tj@47C soc1@44.781C VDD_IN 4193mW/4214mW VDD_CPU_GPU_CV 1036mW/1047mW VDD_SOC 1397mW/1398mW
08-10-2026 00:27:13 RAM 3764/7620MB (lfb 1x4MB) SWAP 2/12002MB (cached 0MB) CPU [5%@1510,2%@1510,0%@1510,3%@1510,3%@1510,1%@1510] GR3D_FREQ 0% cpu@47.031C soc2@46.437C soc0@44.718C gpu@46.437C tj@47.062C soc1@44.75C VDD_IN 4193mW/4214mW VDD_CPU_GPU_CV 1036mW/1047mW VDD_SOC 1397mW/1398mW
08-10-2026 00:27:14 RAM 3764/7620MB (lfb 1x4MB) SWAP 2/12002MB (cached 0MB) CPU [7%@1510,3%@1510,1%@1510,4%@1510,3%@1510,2%@1510] GR3D_FREQ 0% cpu@47.093C soc2@46.406C soc0@44.687C gpu@46.437C tj@47.093C soc1@44.843C VDD_IN 4193mW/4214mW VDD_CPU_GPU_CV 1036mW/1047mW VDD_SOC 1397mW/1398mW
08-10-2026 00:27:15 RAM 3763/7620MB (lfb 1x4MB) SWAP 2/12002MB (cached 0MB) CPU [6%@1510,2%@1510,4%@1510,2%@1510,2%@1510,5%@1510] GR3D_FREQ 0% cpu@47.187C soc2@46.5C soc0@44.812C gpu@46.406C tj@47.187C soc1@44.781C VDD_IN 4193mW/4214mW VDD_CPU_GPU_CV 1036mW/1047mW VDD_SOC 1397mW/1398mW
08-10-2026 00:27:16 RAM 3763/7620MB (lfb 1x4MB) SWAP 2/12002MB (cached 0MB) CPU [4%@1510,2%@1510,3%@1510,2%@1510,3%@1510,4%@1510] GR3D_FREQ 0% cpu@47.312C soc2@46.406C soc0@44.843C gpu@46.437C tj@47.312C soc1@44.718C VDD_IN 4193mW/4214mW VDD_CPU_GPU_CV 1036mW/1047mW VDD_SOC 1397mW/1398mW
08-10-2026 00:27:17 RAM 3763/7620MB (lfb 1x4MB) SWAP 2/12002MB (cached 0MB) CPU [5%@1510,3%@1510,4%@1510,1%@1510,3%@1510,1%@1510] GR3D_FREQ 0% cpu@47.125C soc2@46.375C soc0@44.687C gpu@46.406C tj@47.125C soc1@44.656C VDD_IN 4193mW/4214mW VDD_CPU_GPU_CV 1036mW/1047mW VDD_SOC 1397mW/1398mW
08-10-2026 00:27:18 RAM 3763/7620MB (lfb 1x4MB) SWAP 2/12002MB (cached 0MB) CPU [2%@1510,2%@1510,3%@1510,4%@1510,4%@1510,1%@1510] GR3D_FREQ 0% cpu@47.031C soc2@46.437C soc0@44.656C gpu@46.406C tj@47.031C soc1@44.718C VDD_IN 4193mW/4213mW VDD_CPU_GPU_CV 1036mW/1047mW VDD_SOC 1397mW/1398mW
08-10-2026 00:27:19 RAM 3763/7620MB (lfb 1x4MB) SWAP 2/12002MB (cached 0MB) CPU [1%@1510,2%@1510,4%@1510,2%@1510,2%@1510,6%@1510] GR3D_FREQ 0% cpu@47.093C soc2@46.437C soc0@44.812C gpu@46.5C tj@47.093C soc1@44.843C VDD_IN 4193mW/4213mW VDD_CPU_GPU_CV 1036mW/1047mW VDD_SOC 1397mW/1398mW
08-10-2026 00:27:20 RAM 3763/7620MB (lfb 1x4MB) SWAP 2/12002MB (cached 0MB) CPU [2%@1510,2%@1510,5%@1510,5%@1510,2%@1510,5%@1510] GR3D_FREQ 0% cpu@47.125C soc2@46.437C soc0@44.75C gpu@46.531C tj@47.125C soc1@44.906C VDD_IN 4193mW/4213mW VDD_CPU_GPU_CV 1036mW/1047mW VDD_SOC 1397mW/1398mW
08-10-2026 00:27:21 RAM 3764/7620MB (lfb 1x4MB) SWAP 2/12002MB (cached 0MB) CPU [5%@1510,1%@1510,3%@1510,2%@1510,3%@1510,2%@1510] GR3D_FREQ 0% cpu@47.343C soc2@46.375C soc0@44.875C gpu@46.343C tj@47.343C soc1@44.656C VDD_IN 4193mW/4213mW VDD_CPU_GPU_CV 1036mW/1047mW VDD_SOC 1397mW/1398mW
08-10-2026 00:27:22 RAM 3764/7620MB (lfb 1x4MB) SWAP 2/12002MB (cached 0MB) CPU [4%@1510,3%@1510,3%@1510,2%@1510,3%@1510,1%@1510] GR3D_FREQ 0% cpu@47.187C soc2@46.375C soc0@44.875C gpu@46.375C tj@47.187C soc1@44.656C VDD_IN 4193mW/4213mW VDD_CPU_GPU_CV 1036mW/1047mW VDD_SOC 1397mW/1398mW
08-10-2026 00:27:23 RAM 3764/7620MB (lfb 1x4MB) SWAP 2/12002MB (cached 0MB) CPU [4%@1510,2%@1510,2%@1510,4%@1510,2%@1510,2%@1510] GR3D_FREQ 0% cpu@47C soc2@46.437C soc0@44.687C gpu@46.343C tj@47C soc1@44.75C VDD_IN 4193mW/4213mW VDD_CPU_GPU_CV 1036mW/1046mW VDD_SOC 1397mW/1398mW
08-10-2026 00:27:24 RAM 3764/7620MB (lfb 1x4MB) SWAP 2/12002MB (cached 0MB) CPU [6%@1510,4%@1510,4%@1510,1%@1510,5%@1510,0%@1510] GR3D_FREQ 0% cpu@47.093C soc2@46.468C soc0@44.75C gpu@46.343C tj@47.093C soc1@44.687C VDD_IN 4193mW/4213mW VDD_CPU_GPU_CV 1036mW/1046mW VDD_SOC 1397mW/1398mW
08-10-2026 00:27:25 RAM 3765/7620MB (lfb 1x4MB) SWAP 2/12002MB (cached 0MB) CPU [6%@1510,3%@1510,4%@1510,3%@1510,3%@1510,3%@1510] GR3D_FREQ 0% cpu@47.125C soc2@46.562C soc0@44.75C gpu@46.375C tj@47.125C soc1@44.843C VDD_IN 4193mW/4212mW VDD_CPU_GPU_CV 1036mW/1046mW VDD_SOC 1397mW/1398mW
08-10-2026 00:27:26 RAM 3765/7620MB (lfb 1x4MB) SWAP 2/12002MB (cached 0MB) CPU [4%@1510,2%@1510,5%@1510,3%@1510,2%@1510,2%@1510] GR3D_FREQ 0% cpu@47.093C soc2@46.375C soc0@44.781C gpu@46.375C tj@47.281C soc1@44.656C VDD_IN 4193mW/4212mW VDD_CPU_GPU_CV 1036mW/1046mW VDD_SOC 1397mW/1398mW
08-10-2026 00:27:27 RAM 3765/7620MB (lfb 1x4MB) SWAP 2/12002MB (cached 0MB) CPU [6%@1510,2%@1510,3%@1510,1%@1510,2%@1510,3%@1510] GR3D_FREQ 0% cpu@47.125C soc2@46.406C soc0@44.875C gpu@46.375C tj@47.125C soc1@44.75C VDD_IN 4193mW/4212mW VDD_CPU_GPU_CV 1036mW/1046mW VDD_SOC 1397mW/1398mW
08-10-2026 00:27:28 RAM 3765/7620MB (lfb 1x4MB) SWAP 2/12002MB (cached 0MB) CPU [5%@1510,2%@1510,5%@1510,1%@1510,2%@1510,0%@1510] GR3D_FREQ 0% cpu@47.437C soc2@46.406C soc0@44.718C gpu@46.437C tj@47.437C soc1@44.625C VDD_IN 4193mW/4212mW VDD_CPU_GPU_CV 1036mW/1046mW VDD_SOC 1397mW/1398mW
08-10-2026 00:27:29 RAM 3765/7620MB (lfb 1x4MB) SWAP 2/12002MB (cached 0MB) CPU [5%@1510,3%@1510,3%@1510,1%@1510,3%@1510,1%@1510] GR3D_FREQ 0% cpu@47.031C soc2@46.5C soc0@44.75C gpu@46.375C tj@47.031C soc1@44.843C VDD_IN 4193mW/4212mW VDD_CPU_GPU_CV 1036mW/1046mW VDD_SOC 1397mW/1398mW
08-10-2026 00:27:30 RAM 3765/7620MB (lfb 1x4MB) SWAP 2/12002MB (cached 0MB) CPU [4%@1510,2%@1510,4%@1510,2%@1510,6%@1510,2%@1510] GR3D_FREQ 0% cpu@47.218C soc2@46.468C soc0@44.75C gpu@46.437C tj@47.218C soc1@44.718C VDD_IN 4193mW/4212mW VDD_CPU_GPU_CV 1036mW/1046mW VDD_SOC 1397mW/1398mW
08-10-2026 00:27:31 RAM 3766/7620MB (lfb 1x4MB) SWAP 2/12002MB (cached 0MB) CPU [7%@1510,3%@1510,2%@1510,1%@1510,5%@1510,4%@1510] GR3D_FREQ 0% cpu@47C soc2@46.406C soc0@44.75C gpu@46.406C tj@47C soc1@44.843C VDD_IN 4193mW/4212mW VDD_CPU_GPU_CV 1036mW/1046mW VDD_SOC 1397mW/1398mW
08-10-2026 00:27:32 RAM 3766/7620MB (lfb 1x4MB) SWAP 2/12002MB (cached 0MB) CPU [2%@1510,2%@1510,4%@1510,2%@1510,4%@1510,2%@1510] GR3D_FREQ 0% cpu@47.125C soc2@46.343C soc0@44.843C gpu@46.593C tj@47.125C soc1@44.687C VDD_IN 4153mW/4211mW VDD_CPU_GPU_CV 1036mW/1046mW VDD_SOC 1397mW/1398mW
08-10-2026 00:27:33 RAM 3766/7620MB (lfb 1x4MB) SWAP 2/12002MB (cached 0MB) CPU [2%@1510,3%@1510,1%@1510,2%@1510,4%@1510,1%@1510] GR3D_FREQ 0% cpu@47.406C soc2@46.406C soc0@44.875C gpu@46.656C tj@47.406C soc1@44.687C VDD_IN 4193mW/4211mW VDD_CPU_GPU_CV 1036mW/1046mW VDD_SOC 1397mW/1398mW
08-10-2026 00:27:34 RAM 3766/7620MB (lfb 1x4MB) SWAP 2/12002MB (cached 0MB) CPU [5%@1510,2%@1510,1%@1510,1%@1510,3%@1510,2%@1510] GR3D_FREQ 0% cpu@47.187C soc2@46.468C soc0@44.687C gpu@46.687C tj@47.187C soc1@44.718C VDD_IN 4153mW/4211mW VDD_CPU_GPU_CV 1036mW/1046mW VDD_SOC 1397mW/1398mW
08-10-2026 00:27:35 RAM 3766/7620MB (lfb 1x4MB) SWAP 2/12002MB (cached 0MB) CPU [6%@1510,2%@1510,2%@1510,2%@1510,5%@1510,4%@1510] GR3D_FREQ 0% cpu@46.968C soc2@46.437C soc0@44.718C gpu@46.593C tj@46.968C soc1@44.718C VDD_IN 4193mW/4211mW VDD_CPU_GPU_CV 1036mW/1046mW VDD_SOC 1397mW/1398mW
08-10-2026 00:27:36 RAM 3765/7620MB (lfb 1x4MB) SWAP 2/12002MB (cached 0MB) CPU [3%@1510,6%@1510,3%@1510,2%@1510,5%@1510,3%@1510] GR3D_FREQ 0% cpu@47.093C soc2@46.437C soc0@44.75C gpu@46.625C tj@47.093C soc1@44.843C VDD_IN 4233mW/4211mW VDD_CPU_GPU_CV 1036mW/1046mW VDD_SOC 1397mW/1398mW
08-10-2026 00:27:37 RAM 3765/7620MB (lfb 1x4MB) SWAP 2/12002MB (cached 0MB) CPU [6%@1510,3%@1510,4%@1510,1%@1510,5%@1510,1%@1510] GR3D_FREQ 0% cpu@47.156C soc2@46.5C soc0@44.75C gpu@46.656C tj@47.156C soc1@44.562C VDD_IN 4193mW/4211mW VDD_CPU_GPU_CV 1036mW/1045mW VDD_SOC 1397mW/1398mW
08-10-2026 00:27:38 RAM 3765/7620MB (lfb 1x4MB) SWAP 2/12002MB (cached 0MB) CPU [4%@1510,4%@1510,3%@1510,0%@1510,3%@1510,1%@1510] GR3D_FREQ 0% cpu@47.5C soc2@46.343C soc0@44.843C gpu@46.687C tj@47.5C soc1@44.625C VDD_IN 4193mW/4211mW VDD_CPU_GPU_CV 1036mW/1045mW VDD_SOC 1397mW/1398mW
08-10-2026 00:27:39 RAM 3765/7620MB (lfb 1x4MB) SWAP 2/12002MB (cached 0MB) CPU [5%@1510,3%@1510,3%@1510,1%@1510,2%@1510,2%@1510] GR3D_FREQ 0% cpu@47.187C soc2@46.343C soc0@44.687C gpu@46.718C tj@47.093C soc1@44.687C VDD_IN 4193mW/4210mW VDD_CPU_GPU_CV 1036mW/1045mW VDD_SOC 1397mW/1398mW
08-10-2026 00:27:40 RAM 3765/7620MB (lfb 1x4MB) SWAP 2/12002MB (cached 0MB) CPU [3%@1510,5%@1510,4%@1510,3%@1510,3%@1510,3%@1510] GR3D_FREQ 0% cpu@46.875C soc2@46.406C soc0@44.718C gpu@46.75C tj@46.875C soc1@44.75C VDD_IN 4193mW/4210mW VDD_CPU_GPU_CV 1036mW/1045mW VDD_SOC 1397mW/1398mW
08-10-2026 00:27:41 RAM 3764/7620MB (lfb 1x4MB) SWAP 2/12002MB (cached 0MB) CPU [2%@1510,5%@1510,4%@1510,4%@1510,2%@1510,1%@1510] GR3D_FREQ 0% cpu@47.093C soc2@46.437C soc0@44.687C gpu@46.812C tj@47.093C soc1@44.718C VDD_IN 4193mW/4210mW VDD_CPU_GPU_CV 1036mW/1045mW VDD_SOC 1397mW/1398mW
08-10-2026 00:27:42 RAM 3764/7620MB (lfb 1x4MB) SWAP 2/12002MB (cached 0MB) CPU [4%@1510,4%@1510,4%@1510,3%@1510,2%@1510,1%@1510] GR3D_FREQ 0% cpu@47.125C soc2@46.437C soc0@44.718C gpu@46.468C tj@47.125C soc1@44.593C VDD_IN 4193mW/4210mW VDD_CPU_GPU_CV 1036mW/1045mW VDD_SOC 1397mW/1398mW
08-10-2026 00:27:43 RAM 3764/7620MB (lfb 1x4MB) SWAP 2/12002MB (cached 0MB) CPU [6%@1510,3%@1510,3%@1510,0%@1510,2%@1510,2%@1510] GR3D_FREQ 0% cpu@47.406C soc2@46.375C soc0@44.812C gpu@46.468C tj@47.406C soc1@44.531C VDD_IN 4193mW/4210mW VDD_CPU_GPU_CV 1036mW/1045mW VDD_SOC 1397mW/1398mW
08-10-2026 00:27:44 RAM 3764/7620MB (lfb 1x4MB) SWAP 2/12002MB (cached 0MB) CPU [2%@1510,4%@1510,2%@1510,1%@1510,0%@1510,2%@1510] GR3D_FREQ 0% cpu@47.187C soc2@46.437C soc0@44.656C gpu@46.437C tj@47.187C soc1@44.593C VDD_IN 4193mW/4210mW VDD_CPU_GPU_CV 1036mW/1045mW VDD_SOC 1397mW/1398mW
08-10-2026 00:27:45 RAM 3764/7620MB (lfb 1x4MB) SWAP 2/12002MB (cached 0MB) CPU [3%@1510,4%@1510,6%@1510,4%@1510,4%@1510,2%@1510] GR3D_FREQ 0% cpu@46.968C soc2@46.375C soc0@44.625C gpu@46.593C tj@46.968C soc1@44.75C VDD_IN 4193mW/4210mW VDD_CPU_GPU_CV 1036mW/1045mW VDD_SOC 1397mW/1398mW
08-10-2026 00:27:46 RAM 3764/7620MB (lfb 1x4MB) SWAP 2/12002MB (cached 0MB) CPU [1%@1510,0%@1510,1%@1510,5%@1510,3%@1510,4%@1510] GR3D_FREQ 0% cpu@47.093C soc2@46.437C soc0@44.687C gpu@46.437C tj@47.093C soc1@44.781C VDD_IN 4193mW/4210mW VDD_CPU_GPU_CV 1036mW/1045mW VDD_SOC 1397mW/1398mW
08-10-2026 00:27:47 RAM 3764/7620MB (lfb 1x4MB) SWAP 2/12002MB (cached 0MB) CPU [4%@1510,5%@1510,1%@1510,1%@1510,3%@1510,3%@1510] GR3D_FREQ 0% cpu@47.125C soc2@46.375C soc0@44.687C gpu@46.468C tj@47.125C soc1@44.75C VDD_IN 4193mW/4210mW VDD_CPU_GPU_CV 1036mW/1045mW VDD_SOC 1397mW/1398mW
08-10-2026 00:27:48 RAM 3764/7620MB (lfb 1x4MB) SWAP 2/12002MB (cached 0MB) CPU [2%@1510,5%@1510,2%@1510,1%@1510,3%@1510,2%@1510] GR3D_FREQ 0% cpu@47.281C soc2@46.312C soc0@44.75C gpu@46.437C tj@47.281C soc1@44.562C VDD_IN 4193mW/4209mW VDD_CPU_GPU_CV 1036mW/1045mW VDD_SOC 1397mW/1398mW
08-10-2026 00:27:49 RAM 3764/7620MB (lfb 1x4MB) SWAP 2/12002MB (cached 0MB) CPU [2%@1510,2%@1510,1%@1510,7%@1510,4%@1510,2%@1510] GR3D_FREQ 0% cpu@47.218C soc2@46.343C soc0@44.75C gpu@46.5C tj@47.218C soc1@44.625C VDD_IN 4193mW/4209mW VDD_CPU_GPU_CV 1036mW/1045mW VDD_SOC 1397mW/1398mW
08-10-2026 00:27:50 RAM 3764/7620MB (lfb 1x4MB) SWAP 2/12002MB (cached 0MB) CPU [5%@1510,4%@1510,2%@1510,2%@1510,4%@1510,5%@1510] GR3D_FREQ 0% cpu@47.093C soc2@46.375C soc0@44.625C gpu@46.562C tj@47.093C soc1@44.625C VDD_IN 4193mW/4209mW VDD_CPU_GPU_CV 1036mW/1045mW VDD_SOC 1397mW/1398mW
08-10-2026 00:27:51 RAM 3764/7620MB (lfb 1x4MB) SWAP 2/12002MB (cached 0MB) CPU [2%@1510,3%@1510,2%@1510,6%@1510,5%@1510,2%@1510] GR3D_FREQ 0% cpu@47C soc2@46.406C soc0@44.625C gpu@46.343C tj@47C soc1@44.718C VDD_IN 4193mW/4209mW VDD_CPU_GPU_CV 1036mW/1045mW VDD_SOC 1397mW/1398mW
08-10-2026 00:27:52 RAM 3764/7620MB (lfb 1x4MB) SWAP 2/12002MB (cached 0MB) CPU [4%@1510,2%@1510,3%@1510,3%@1510,1%@1510,3%@1510] GR3D_FREQ 0% cpu@47.093C soc2@46.437C soc0@44.781C gpu@46.375C tj@47.093C soc1@44.718C VDD_IN 4193mW/4209mW VDD_CPU_GPU_CV 1036mW/1045mW VDD_SOC 1397mW/1398mW
08-10-2026 00:27:53 RAM 3764/7620MB (lfb 1x4MB) SWAP 2/12002MB (cached 0MB) CPU [6%@1510,3%@1510,1%@1510,4%@1510,2%@1510,2%@1510] GR3D_FREQ 0% cpu@47.062C soc2@46.406C soc0@44.718C gpu@46.406C tj@47.062C soc1@44.656C VDD_IN 4193mW/4209mW VDD_CPU_GPU_CV 1036mW/1045mW VDD_SOC 1397mW/1398mW
08-10-2026 00:27:54 RAM 3764/7620MB (lfb 1x4MB) SWAP 2/12002MB (cached 0MB) CPU [4%@1510,1%@1510,2%@1510,3%@1510,1%@1510,2%@1510] GR3D_FREQ 0% cpu@47.156C soc2@46.375C soc0@44.781C gpu@46.375C tj@47.156C soc1@44.593C VDD_IN 4193mW/4209mW VDD_CPU_GPU_CV 1036mW/1045mW VDD_SOC 1397mW/1398mW
08-10-2026 00:27:55 RAM 3765/7620MB (lfb 1x4MB) SWAP 2/12002MB (cached 0MB) CPU [7%@1510,3%@1510,1%@1510,4%@1510,6%@1510,5%@1510] GR3D_FREQ 0% cpu@46.968C soc2@46.312C soc0@44.625C gpu@46.375C tj@46.968C soc1@44.625C VDD_IN 4233mW/4209mW VDD_CPU_GPU_CV 1036mW/1044mW VDD_SOC 1397mW/1398mW
08-10-2026 00:27:56 RAM 3765/7620MB (lfb 1x4MB) SWAP 2/12002MB (cached 0MB) CPU [3%@1510,1%@1510,2%@1510,4%@1510,3%@1510,2%@1510] GR3D_FREQ 0% cpu@46.968C soc2@46.375C soc0@44.625C gpu@46.406C tj@46.968C soc1@44.718C VDD_IN 4193mW/4209mW VDD_CPU_GPU_CV 1036mW/1044mW VDD_SOC 1397mW/1398mW
08-10-2026 00:27:57 RAM 3765/7620MB (lfb 1x4MB) SWAP 2/12002MB (cached 0MB) CPU [2%@1510,5%@1510,1%@1510,3%@1510,1%@1510,3%@1510] GR3D_FREQ 0% cpu@47.062C soc2@46.375C soc0@44.656C gpu@46.406C tj@47.062C soc1@44.75C VDD_IN 4233mW/4209mW VDD_CPU_GPU_CV 1036mW/1044mW VDD_SOC 1397mW/1398mW
08-10-2026 00:27:58 RAM 3765/7620MB (lfb 1x4MB) SWAP 2/12002MB (cached 0MB) CPU [3%@1510,4%@1510,2%@1510,3%@1510,2%@1510,2%@1510] GR3D_FREQ 0% cpu@47C soc2@46.375C soc0@44.718C gpu@46.406C tj@47C soc1@44.812C VDD_IN 4193mW/4209mW VDD_CPU_GPU_CV 1036mW/1044mW VDD_SOC 1397mW/1398mW
08-10-2026 00:27:59 RAM 3765/7620MB (lfb 1x4MB) SWAP 2/12002MB (cached 0MB) CPU [1%@1510,6%@1510,2%@1510,3%@1510,1%@1510,3%@1510] GR3D_FREQ 0% cpu@47.093C soc2@46.406C soc0@44.718C gpu@46.375C tj@47.093C soc1@44.593C VDD_IN 4193mW/4209mW VDD_CPU_GPU_CV 1036mW/1044mW VDD_SOC 1397mW/1398mW
08-10-2026 00:28:00 RAM 3765/7620MB (lfb 1x4MB) SWAP 2/12002MB (cached 0MB) CPU [4%@1510,3%@1510,7%@1510,5%@1510,5%@1510,4%@1510] GR3D_FREQ 0% cpu@47.031C soc2@46.312C soc0@44.625C gpu@46.593C tj@47.031C soc1@44.593C VDD_IN 4233mW/4209mW VDD_CPU_GPU_CV 1036mW/1044mW VDD_SOC 1397mW/1398mW
08-10-2026 00:28:01 RAM 3765/7620MB (lfb 1x4MB) SWAP 2/12002MB (cached 0MB) CPU [2%@1510,4%@1510,2%@1510,5%@1510,2%@1510,1%@1510] GR3D_FREQ 0% cpu@47.156C soc2@46.406C soc0@44.75C gpu@46.656C tj@47.156C soc1@44.593C VDD_IN 4193mW/4209mW VDD_CPU_GPU_CV 1036mW/1044mW VDD_SOC 1397mW/1398mW
08-10-2026 00:28:02 RAM 3765/7620MB (lfb 1x4MB) SWAP 2/12002MB (cached 0MB) CPU [2%@1510,1%@1510,2%@1510,4%@1510,6%@1510,1%@1510] GR3D_FREQ 0% cpu@47.062C soc2@46.312C soc0@44.656C gpu@46.718C tj@47.062C soc1@44.656C VDD_IN 4193mW/4209mW VDD_CPU_GPU_CV 1036mW/1044mW VDD_SOC 1397mW/1398mW
08-10-2026 00:28:03 RAM 3765/7620MB (lfb 1x4MB) SWAP 2/12002MB (cached 0MB) CPU [5%@1510,8%@1510,8%@1510,12%@1510,9%@1510,9%@1510] GR3D_FREQ 0% cpu@47.062C soc2@46.375C soc0@44.687C gpu@46.75C tj@47.062C soc1@44.781C VDD_IN 4313mW/4209mW VDD_CPU_GPU_CV 1116mW/1045mW VDD_SOC 1397mW/1398mW
08-10-2026 00:28:04 RAM 3765/7620MB (lfb 1x4MB) SWAP 2/12002MB (cached 0MB) CPU [2%@1510,2%@1510,4%@1510,6%@1510,2%@1510,3%@1510] GR3D_FREQ 0% cpu@47.281C soc2@46.375C soc0@44.687C gpu@46.75C tj@47.281C soc1@44.625C VDD_IN 4233mW/4209mW VDD_CPU_GPU_CV 1076mW/1045mW VDD_SOC 1397mW/1398mW
08-10-2026 00:28:05 RAM 3765/7620MB (lfb 1x4MB) SWAP 2/12002MB (cached 0MB) CPU [2%@1510,3%@1510,3%@1510,3%@1510,4%@1510,3%@1510] GR3D_FREQ 0% cpu@47.031C soc2@46.375C soc0@44.656C gpu@46.343C tj@47.031C soc1@44.593C VDD_IN 4273mW/4210mW VDD_CPU_GPU_CV 1036mW/1045mW VDD_SOC 1397mW/1398mW
08-10-2026 00:28:06 RAM 3765/7620MB (lfb 1x4MB) SWAP 2/12002MB (cached 0MB) CPU [3%@1510,7%@1510,3%@1510,4%@1510,2%@1510,2%@1510] GR3D_FREQ 0% cpu@47.312C soc2@46.312C soc0@44.718C gpu@46.281C tj@47.312C soc1@44.625C VDD_IN 4233mW/4210mW VDD_CPU_GPU_CV 1036mW/1045mW VDD_SOC 1397mW/1398mW
08-10-2026 00:28:07 RAM 3766/7620MB (lfb 1x4MB) SWAP 2/12002MB (cached 0MB) CPU [16%@1510,7%@1510,8%@1510,6%@1510,4%@1510,7%@1510] GR3D_FREQ 0% cpu@47.25C soc2@46.437C soc0@44.687C gpu@46.25C tj@47.25C soc1@44.687C VDD_IN 4665mW/4212mW VDD_CPU_GPU_CV 1311mW/1046mW VDD_SOC 1433mW/1398mW
08-10-2026 00:28:08 RAM 3767/7620MB (lfb 1x4MB) SWAP 2/12002MB (cached 0MB) CPU [79%@1510,4%@1510,4%@1510,5%@1510,2%@1510,3%@1510] GR3D_FREQ 0% cpu@47.093C soc2@46.468C soc0@44.687C gpu@46.375C tj@47.093C soc1@44.718C VDD_IN 4689mW/4215mW VDD_CPU_GPU_CV 1349mW/1048mW VDD_SOC 1430mW/1398mW
08-10-2026 00:28:09 RAM 3767/7620MB (lfb 1x4MB) SWAP 2/12002MB (cached 0MB) CPU [1%@1510,1%@1510,5%@1510,7%@1510,4%@1510,5%@1510] GR3D_FREQ 0% cpu@47.343C soc2@46.375C soc0@44.781C gpu@46.312C tj@47.343C soc1@44.625C VDD_IN 4306mW/4215mW VDD_CPU_GPU_CV 1114mW/1048mW VDD_SOC 1395mW/1398mW
08-10-2026 00:28:10 RAM 3767/7620MB (lfb 1x4MB) SWAP 2/12002MB (cached 0MB) CPU [4%@1510,3%@1510,4%@1510,2%@1510,4%@1510,3%@1510] GR3D_FREQ 0% cpu@47.031C soc2@46.312C soc0@44.75C gpu@46.437C tj@47.031C soc1@44.593C VDD_IN 4233mW/4215mW VDD_CPU_GPU_CV 1036mW/1048mW VDD_SOC 1397mW/1398mW
08-10-2026 00:28:11 RAM 3767/7620MB (lfb 1x4MB) SWAP 2/12002MB (cached 0MB) CPU [2%@1510,1%@1510,3%@1510,3%@1510,5%@1510,3%@1510] GR3D_FREQ 0% cpu@47.25C soc2@46.375C soc0@44.562C gpu@46.5C tj@47.25C soc1@44.562C VDD_IN 4193mW/4215mW VDD_CPU_GPU_CV 1036mW/1048mW VDD_SOC 1397mW/1398mW
08-10-2026 00:28:12 RAM 3767/7620MB (lfb 1x4MB) SWAP 2/12002MB (cached 0MB) CPU [2%@1510,2%@1510,4%@1510,3%@1510,3%@1510,3%@1510] GR3D_FREQ 0% cpu@47.093C soc2@46.468C soc0@44.625C gpu@46.468C tj@47.093C soc1@44.687C VDD_IN 4193mW/4215mW VDD_CPU_GPU_CV 1036mW/1048mW VDD_SOC 1397mW/1398mW
08-10-2026 00:28:13 RAM 3767/7620MB (lfb 1x4MB) SWAP 2/12002MB (cached 0MB) CPU [3%@1510,3%@1510,3%@1510,3%@1510,5%@1510,2%@1510] GR3D_FREQ 0% cpu@47.093C soc2@46.406C soc0@44.687C gpu@46.531C tj@47.093C soc1@44.718C VDD_IN 4193mW/4215mW VDD_CPU_GPU_CV 1036mW/1048mW VDD_SOC 1397mW/1398mW
08-10-2026 00:28:14 RAM 3767/7620MB (lfb 1x4MB) SWAP 2/12002MB (cached 0MB) CPU [1%@1510,2%@1510,6%@1510,1%@1510,5%@1510,3%@1510] GR3D_FREQ 0% cpu@47C soc2@46.406C soc0@44.656C gpu@46.562C tj@47C soc1@44.75C VDD_IN 4273mW/4215mW VDD_CPU_GPU_CV 1076mW/1048mW VDD_SOC 1395mW/1398mW
08-10-2026 00:28:15 RAM 3767/7620MB (lfb 1x4MB) SWAP 2/12002MB (cached 0MB) CPU [4%@1510,5%@1510,3%@1510,4%@1510,1%@1510,2%@1510] GR3D_FREQ 0% cpu@47.125C soc2@46.406C soc0@44.781C gpu@46.593C tj@47.125C soc1@44.656C VDD_IN 4273mW/4216mW VDD_CPU_GPU_CV 1076mW/1048mW VDD_SOC 1397mW/1398mW
08-10-2026 00:28:16 RAM 3767/7620MB (lfb 1x4MB) SWAP 2/12002MB (cached 0MB) CPU [3%@1510,7%@1510,2%@1510,3%@1510,1%@1510,2%@1510] GR3D_FREQ 0% cpu@47.281C soc2@46.375C soc0@44.843C gpu@46.593C tj@47.281C soc1@44.593C VDD_IN 4193mW/4216mW VDD_CPU_GPU_CV 1036mW/1048mW VDD_SOC 1397mW/1398mW
08-10-2026 00:28:17 RAM 3767/7620MB (lfb 1x4MB) SWAP 2/12002MB (cached 0MB) CPU [3%@1510,3%@1510,1%@1510,3%@1510,2%@1510,2%@1510] GR3D_FREQ 0% cpu@47.062C soc2@46.312C soc0@44.75C gpu@46.562C tj@47.062C soc1@44.593C VDD_IN 4193mW/4215mW VDD_CPU_GPU_CV 1036mW/1048mW VDD_SOC 1397mW/1398mW
08-10-2026 00:28:18 RAM 3767/7620MB (lfb 1x4MB) SWAP 2/12002MB (cached 0MB) CPU [1%@1510,2%@1510,2%@1510,2%@1510,4%@1510,4%@1510] GR3D_FREQ 0% cpu@47.343C soc2@46.375C soc0@44.625C gpu@46.625C tj@47.343C soc1@44.656C VDD_IN 4193mW/4215mW VDD_CPU_GPU_CV 1036mW/1048mW VDD_SOC 1397mW/1398mW
08-10-2026 00:28:19 RAM 3767/7620MB (lfb 1x4MB) SWAP 2/12002MB (cached 0MB) CPU [3%@1510,2%@1510,5%@1510,4%@1510,5%@1510,3%@1510] GR3D_FREQ 0% cpu@47.093C soc2@46.406C soc0@44.718C gpu@46.656C tj@47.093C soc1@44.656C VDD_IN 4273mW/4216mW VDD_CPU_GPU_CV 1076mW/1048mW VDD_SOC 1395mW/1398mW
08-10-2026 00:28:20 RAM 3767/7620MB (lfb 1x4MB) SWAP 2/12002MB (cached 0MB) CPU [3%@1510,4%@1510,1%@1510,4%@1510,2%@1510,3%@1510] GR3D_FREQ 0% cpu@47.093C soc2@46.437C soc0@44.687C gpu@46.656C tj@47.093C soc1@44.781C VDD_IN 4233mW/4216mW VDD_CPU_GPU_CV 1076mW/1048mW VDD_SOC 1397mW/1398mW
08-10-2026 00:28:21 RAM 3767/7620MB (lfb 1x4MB) SWAP 2/12002MB (cached 0MB) CPU [2%@1510,4%@1510,1%@1510,3%@1510,1%@1510,2%@1510] GR3D_FREQ 0% cpu@47.187C soc2@46.343C soc0@44.75C gpu@46.375C tj@47.187C soc1@44.625C VDD_IN 4193mW/4216mW VDD_CPU_GPU_CV 1036mW/1048mW VDD_SOC 1397mW/1398mW
08-10-2026 00:28:22 RAM 3767/7620MB (lfb 1x4MB) SWAP 2/12002MB (cached 0MB) CPU [3%@1510,6%@1510,1%@1510,2%@1510,1%@1510,1%@1510] GR3D_FREQ 0% cpu@46.906C soc2@46.375C soc0@44.625C gpu@46.593C tj@46.906C soc1@44.75C VDD_IN 4193mW/4215mW VDD_CPU_GPU_CV 1036mW/1048mW VDD_SOC 1397mW/1398mW
08-10-2026 00:28:23 RAM 3767/7620MB (lfb 1x4MB) SWAP 2/12002MB (cached 0MB) CPU [2%@1510,5%@1510,1%@1510,4%@1510,3%@1510,3%@1510] GR3D_FREQ 0% cpu@46.968C soc2@46.343C soc0@44.687C gpu@46.687C tj@46.968C soc1@44.875C VDD_IN 4193mW/4215mW VDD_CPU_GPU_CV 1036mW/1048mW VDD_SOC 1397mW/1398mW
08-10-2026 00:28:24 RAM 3767/7620MB (lfb 1x4MB) SWAP 2/12002MB (cached 0MB) CPU [3%@1510,3%@1510,3%@1510,5%@1510,3%@1510,4%@1510] GR3D_FREQ 0% cpu@47.218C soc2@46.375C soc0@44.781C gpu@46.75C tj@47.218C soc1@44.625C VDD_IN 4273mW/4216mW VDD_CPU_GPU_CV 1076mW/1048mW VDD_SOC 1395mW/1398mW
08-10-2026 00:28:25 RAM 3767/7620MB (lfb 1x4MB) SWAP 2/12002MB (cached 0MB) CPU [4%@1510,2%@1510,2%@1510,3%@1510,3%@1510,4%@1510] GR3D_FREQ 0% cpu@46.968C soc2@46.375C soc0@44.656C gpu@46.437C tj@46.968C soc1@44.625C VDD_IN 4233mW/4216mW VDD_CPU_GPU_CV 1076mW/1048mW VDD_SOC 1397mW/1398mW
08-10-2026 00:28:26 RAM 3767/7620MB (lfb 1x4MB) SWAP 2/12002MB (cached 0MB) CPU [3%@1510,2%@1510,2%@1510,2%@1510,3%@1510,3%@1510] GR3D_FREQ 0% cpu@47.093C soc2@46.375C soc0@44.781C gpu@46.437C tj@47.093C soc1@44.625C VDD_IN 4193mW/4216mW VDD_CPU_GPU_CV 1036mW/1048mW VDD_SOC 1397mW/1398mW
08-10-2026 00:28:27 RAM 3767/7620MB (lfb 1x4MB) SWAP 2/12002MB (cached 0MB) CPU [5%@1510,4%@1510,3%@1510,1%@1510,2%@1510,5%@1510] GR3D_FREQ 0% cpu@47.125C soc2@46.406C soc0@44.687C gpu@46.437C tj@47.125C soc1@44.781C VDD_IN 4193mW/4216mW VDD_CPU_GPU_CV 1036mW/1048mW VDD_SOC 1397mW/1398mW
08-10-2026 00:28:28 RAM 3767/7620MB (lfb 1x4MB) SWAP 2/12002MB (cached 0MB) CPU [4%@1510,1%@1510,1%@1510,2%@1510,1%@1510,2%@1510] GR3D_FREQ 0% cpu@47.281C soc2@46.281C soc0@44.812C gpu@46.718C tj@47.281C soc1@44.625C VDD_IN 4193mW/4215mW VDD_CPU_GPU_CV 1036mW/1048mW VDD_SOC 1397mW/1398mW
08-10-2026 00:28:29 RAM 3768/7620MB (lfb 1x4MB) SWAP 2/12002MB (cached 0MB) CPU [6%@1510,3%@1510,3%@1510,4%@1510,3%@1510,5%@1510] GR3D_FREQ 0% cpu@47.156C soc2@46.375C soc0@44.812C gpu@46.781C tj@47.156C soc1@44.656C VDD_IN 4273mW/4216mW VDD_CPU_GPU_CV 1076mW/1048mW VDD_SOC 1395mW/1398mW
08-10-2026 00:28:30 RAM 3768/7620MB (lfb 1x4MB) SWAP 2/12002MB (cached 0MB) CPU [5%@1510,3%@1510,1%@1510,3%@1510,2%@1510,2%@1510] GR3D_FREQ 0% cpu@47.468C soc2@46.281C soc0@44.656C gpu@46.375C tj@47.468C soc1@44.625C VDD_IN 4233mW/4216mW VDD_CPU_GPU_CV 1076mW/1048mW VDD_SOC 1397mW/1398mW
08-10-2026 00:28:31 RAM 3768/7620MB (lfb 1x4MB) SWAP 2/12002MB (cached 0MB) CPU [6%@1510,2%@1510,1%@1510,3%@1510,2%@1510,3%@1510] GR3D_FREQ 0% cpu@47.031C soc2@46.375C soc0@44.656C gpu@46.343C tj@47.031C soc1@44.687C VDD_IN 4193mW/4216mW VDD_CPU_GPU_CV 1036mW/1048mW VDD_SOC 1397mW/1398mW
08-10-2026 00:28:32 RAM 3768/7620MB (lfb 1x4MB) SWAP 2/12002MB (cached 0MB) CPU [6%@1510,2%@1510,1%@1510,3%@1510,1%@1510,2%@1510] GR3D_FREQ 0% cpu@47.093C soc2@46.375C soc0@44.687C gpu@46.25C tj@47.093C soc1@44.781C VDD_IN 4193mW/4216mW VDD_CPU_GPU_CV 1036mW/1048mW VDD_SOC 1397mW/1398mW
08-10-2026 00:28:33 RAM 3768/7620MB (lfb 1x4MB) SWAP 2/12002MB (cached 0MB) CPU [5%@1510,2%@1510,0%@1510,3%@1510,1%@1510,1%@1510] GR3D_FREQ 0% cpu@47.031C soc2@46.375C soc0@44.75C gpu@46.375C tj@47.031C soc1@44.593C VDD_IN 4193mW/4215mW VDD_CPU_GPU_CV 1036mW/1048mW VDD_SOC 1397mW/1398mW
08-10-2026 00:28:34 RAM 3768/7620MB (lfb 1x4MB) SWAP 2/12002MB (cached 0MB) CPU [8%@1510,1%@1510,2%@1510,6%@1510,4%@1510,2%@1510] GR3D_FREQ 0% cpu@47.062C soc2@46.343C soc0@44.781C gpu@46.375C tj@47.062C soc1@44.562C VDD_IN 4273mW/4216mW VDD_CPU_GPU_CV 1076mW/1048mW VDD_SOC 1395mW/1398mW
08-10-2026 00:28:35 RAM 3768/7620MB (lfb 1x4MB) SWAP 2/12002MB (cached 0MB) CPU [4%@1510,4%@1510,3%@1510,4%@1510,2%@1510,2%@1510] GR3D_FREQ 0% cpu@47.406C soc2@46.375C soc0@44.843C gpu@46.25C tj@47.406C soc1@44.562C VDD_IN 4273mW/4216mW VDD_CPU_GPU_CV 1076mW/1048mW VDD_SOC 1397mW/1398mW
08-10-2026 00:28:36 RAM 3768/7620MB (lfb 1x4MB) SWAP 2/12002MB (cached 0MB) CPU [3%@1510,4%@1510,2%@1510,3%@1510,3%@1510,1%@1510] GR3D_FREQ 0% cpu@47.156C soc2@46.343C soc0@44.625C gpu@46.375C tj@47.156C soc1@44.625C VDD_IN 4193mW/4216mW VDD_CPU_GPU_CV 1036mW/1048mW VDD_SOC 1397mW/1398mW
08-10-2026 00:28:37 RAM 3768/7620MB (lfb 1x4MB) SWAP 2/12002MB (cached 0MB) CPU [1%@1510,2%@1510,3%@1510,3%@1510,2%@1510,2%@1510] GR3D_FREQ 0% cpu@46.968C soc2@46.343C soc0@44.687C gpu@46.375C tj@46.968C soc1@44.687C VDD_IN 4193mW/4216mW VDD_CPU_GPU_CV 1036mW/1048mW VDD_SOC 1397mW/1398mW
08-10-2026 00:28:38 RAM 3768/7620MB (lfb 1x4MB) SWAP 2/12002MB (cached 0MB) CPU [1%@1510,2%@1510,6%@1510,3%@1510,3%@1510,2%@1510] GR3D_FREQ 0% cpu@47.062C soc2@46.531C soc0@44.687C gpu@46.343C tj@47.062C soc1@44.718C VDD_IN 4193mW/4216mW VDD_CPU_GPU_CV 1036mW/1048mW VDD_SOC 1397mW/1398mW
08-10-2026 00:28:39 RAM 3768/7620MB (lfb 1x4MB) SWAP 2/12002MB (cached 0MB) CPU [2%@1510,2%@1510,4%@1510,6%@1510,2%@1510,4%@1510] GR3D_FREQ 0% cpu@47.093C soc2@46.468C soc0@44.718C gpu@46.375C tj@47.093C soc1@44.593C VDD_IN 4273mW/4216mW VDD_CPU_GPU_CV 1076mW/1048mW VDD_SOC 1397mW/1398mW
08-10-2026 00:28:40 RAM 3768/7620MB (lfb 1x4MB) SWAP 2/12002MB (cached 0MB) CPU [1%@1510,2%@1510,2%@1510,4%@1510,3%@1510,3%@1510] GR3D_FREQ 0% cpu@47.375C soc2@46.343C soc0@44.875C gpu@46.375C tj@47.375C soc1@44.531C VDD_IN 4233mW/4216mW VDD_CPU_GPU_CV 1036mW/1048mW VDD_SOC 1397mW/1398mW
08-10-2026 00:28:41 RAM 3768/7620MB (lfb 1x4MB) SWAP 2/12002MB (cached 0MB) CPU [3%@1510,1%@1510,2%@1510,5%@1510,3%@1510,3%@1510] GR3D_FREQ 0% cpu@47.218C soc2@46.375C soc0@44.656C gpu@46.375C tj@47.218C soc1@44.562C VDD_IN 4193mW/4216mW VDD_CPU_GPU_CV 1036mW/1048mW VDD_SOC 1397mW/1398mW
08-10-2026 00:28:42 RAM 3768/7620MB (lfb 1x4MB) SWAP 2/12002MB (cached 0MB) CPU [2%@1510,2%@1510,3%@1510,2%@1510,6%@1510,3%@1510] GR3D_FREQ 0% cpu@47.062C soc2@46.406C soc0@44.625C gpu@46.312C tj@47.062C soc1@44.687C VDD_IN 4193mW/4216mW VDD_CPU_GPU_CV 1036mW/1048mW VDD_SOC 1397mW/1398mW
08-10-2026 00:28:43 RAM 3768/7620MB (lfb 1x4MB) SWAP 2/12002MB (cached 0MB) CPU [3%@1510,5%@1510,2%@1510,1%@1510,1%@1510,2%@1510] GR3D_FREQ 0% cpu@47.062C soc2@46.406C soc0@44.687C gpu@46.718C tj@47.062C soc1@44.718C VDD_IN 4193mW/4216mW VDD_CPU_GPU_CV 1036mW/1048mW VDD_SOC 1397mW/1398mW
08-10-2026 00:28:44 RAM 3768/7620MB (lfb 1x4MB) SWAP 2/12002MB (cached 0MB) CPU [3%@1510,4%@1510,2%@1510,5%@1510,3%@1510,4%@1510] GR3D_FREQ 0% cpu@47.093C soc2@46.375C soc0@44.687C gpu@46.625C tj@47.093C soc1@44.843C VDD_IN 4233mW/4216mW VDD_CPU_GPU_CV 1076mW/1048mW VDD_SOC 1397mW/1398mW
08-10-2026 00:28:45 RAM 3766/7620MB (lfb 1x4MB) SWAP 2/12002MB (cached 0MB) CPU [1%@1510,2%@1510,3%@1510,2%@1510,3%@1510,5%@1510] GR3D_FREQ 0% cpu@47.125C soc2@46.375C soc0@44.781C gpu@46.687C tj@47.375C soc1@44.593C VDD_IN 4313mW/4216mW VDD_CPU_GPU_CV 1036mW/1048mW VDD_SOC 1397mW/1398mW
08-10-2026 00:28:46 RAM 3766/7620MB (lfb 1x4MB) SWAP 2/12002MB (cached 0MB) CPU [2%@1510,1%@1510,3%@1510,3%@1510,3%@1510,4%@1510] GR3D_FREQ 0% cpu@47.125C soc2@46.343C soc0@44.843C gpu@46.687C tj@47.125C soc1@44.625C VDD_IN 4193mW/4216mW VDD_CPU_GPU_CV 1036mW/1048mW VDD_SOC 1397mW/1398mW
08-10-2026 00:28:47 RAM 3766/7620MB (lfb 1x4MB) SWAP 2/12002MB (cached 0MB) CPU [4%@1510,1%@1510,2%@1510,2%@1510,3%@1510,3%@1510] GR3D_FREQ 0% cpu@47.031C soc2@46.375C soc0@44.718C gpu@46.718C tj@47.031C soc1@44.656C VDD_IN 4193mW/4216mW VDD_CPU_GPU_CV 1036mW/1048mW VDD_SOC 1397mW/1398mW
08-10-2026 00:28:48 RAM 3766/7620MB (lfb 1x4MB) SWAP 2/12002MB (cached 0MB) CPU [2%@1510,2%@1510,2%@1510,3%@1510,3%@1510,4%@1510] GR3D_FREQ 0% cpu@47.343C soc2@46.375C soc0@44.718C gpu@46.781C tj@47C soc1@44.625C VDD_IN 4153mW/4216mW VDD_CPU_GPU_CV 1036mW/1048mW VDD_SOC 1397mW/1398mW
08-10-2026 00:28:49 RAM 3766/7620MB (lfb 1x4MB) SWAP 2/12002MB (cached 0MB) CPU [3%@1510,5%@1510,4%@1510,2%@1510,3%@1510,6%@1510] GR3D_FREQ 0% cpu@47.187C soc2@46.468C soc0@44.687C gpu@46.781C tj@47.187C soc1@44.781C VDD_IN 4273mW/4216mW VDD_CPU_GPU_CV 1076mW/1048mW VDD_SOC 1397mW/1398mW
08-10-2026 00:28:50 RAM 3766/7620MB (lfb 1x4MB) SWAP 2/12002MB (cached 0MB) CPU [2%@1510,1%@1510,4%@1510,2%@1510,4%@1510,4%@1510] GR3D_FREQ 0% cpu@47.062C soc2@46.437C soc0@44.718C gpu@46.343C tj@47.062C soc1@44.843C VDD_IN 4233mW/4216mW VDD_CPU_GPU_CV 1076mW/1048mW VDD_SOC 1397mW/1398mW
08-10-2026 00:28:51 RAM 3766/7620MB (lfb 1x4MB) SWAP 2/12002MB (cached 0MB) CPU [3%@1510,1%@1510,2%@1510,5%@1510,1%@1510,3%@1510] GR3D_FREQ 0% cpu@47.25C soc2@46.375C soc0@44.781C gpu@46.375C tj@47.25C soc1@44.593C VDD_IN 4193mW/4216mW VDD_CPU_GPU_CV 1036mW/1048mW VDD_SOC 1397mW/1398mW
08-10-2026 00:28:52 RAM 3766/7620MB (lfb 1x4MB) SWAP 2/12002MB (cached 0MB) CPU [2%@1510,4%@1510,2%@1510,0%@1510,1%@1510,4%@1510] GR3D_FREQ 0% cpu@46.968C soc2@46.406C soc0@44.625C gpu@46.281C tj@46.968C soc1@44.625C VDD_IN 4233mW/4216mW VDD_CPU_GPU_CV 1036mW/1048mW VDD_SOC 1397mW/1398mW
08-10-2026 00:28:53 RAM 3766/7620MB (lfb 1x4MB) SWAP 2/12002MB (cached 0MB) CPU [3%@1510,7%@1510,1%@1510,3%@1510,2%@1510,3%@1510] GR3D_FREQ 0% cpu@47.343C soc2@46.375C soc0@44.75C gpu@46.5C tj@47.343C soc1@44.718C VDD_IN 4193mW/4216mW VDD_CPU_GPU_CV 1036mW/1048mW VDD_SOC 1397mW/1398mW
08-10-2026 00:28:54 RAM 3766/7620MB (lfb 1x4MB) SWAP 2/12002MB (cached 0MB) CPU [5%@1510,4%@1510,2%@1510,4%@1510,3%@1510,5%@1510] GR3D_FREQ 0% cpu@47.031C soc2@46.5C soc0@44.718C gpu@46.468C tj@47.031C soc1@44.781C VDD_IN 4273mW/4216mW VDD_CPU_GPU_CV 1076mW/1048mW VDD_SOC 1397mW/1398mW
08-10-2026 00:28:55 RAM 3766/7620MB (lfb 1x4MB) SWAP 2/12002MB (cached 0MB) CPU [7%@1510,2%@1510,2%@1510,3%@1510,2%@1510,1%@1510] GR3D_FREQ 0% cpu@47.125C soc2@46.406C soc0@44.656C gpu@46.5C tj@47.125C soc1@44.906C VDD_IN 4273mW/4216mW VDD_CPU_GPU_CV 1036mW/1048mW VDD_SOC 1397mW/1398mW
08-10-2026 00:28:56 RAM 3766/7620MB (lfb 1x4MB) SWAP 2/12002MB (cached 0MB) CPU [6%@1510,2%@1510,1%@1510,4%@1510,2%@1510,2%@1510] GR3D_FREQ 0% cpu@47.156C soc2@46.375C soc0@44.843C gpu@46.468C tj@47.156C soc1@44.625C VDD_IN 4193mW/4216mW VDD_CPU_GPU_CV 1036mW/1048mW VDD_SOC 1397mW/1398mW
08-10-2026 00:28:57 RAM 3766/7620MB (lfb 1x4MB) SWAP 2/12002MB (cached 0MB) CPU [5%@1510,2%@1510,1%@1510,2%@1510,2%@1510,1%@1510] GR3D_FREQ 0% cpu@47.062C soc2@46.375C soc0@44.656C gpu@46.5C tj@47.062C soc1@44.656C VDD_IN 4193mW/4216mW VDD_CPU_GPU_CV 1036mW/1048mW VDD_SOC 1397mW/1398mW
08-10-2026 00:28:58 RAM 3766/7620MB (lfb 1x4MB) SWAP 2/12002MB (cached 0MB) CPU [6%@1510,1%@1510,2%@1510,3%@1510,1%@1510,1%@1510] GR3D_FREQ 0% cpu@47.218C soc2@46.406C soc0@44.718C gpu@46.562C tj@47.218C soc1@44.656C VDD_IN 4193mW/4216mW VDD_CPU_GPU_CV 1036mW/1048mW VDD_SOC 1397mW/1398mW
08-10-2026 00:28:59 RAM 3766/7620MB (lfb 1x4MB) SWAP 2/12002MB (cached 0MB) CPU [5%@1510,2%@1510,3%@1510,4%@1510,3%@1510,3%@1510] GR3D_FREQ 0% cpu@46.937C soc2@46.375C soc0@44.656C gpu@46.531C tj@46.937C soc1@44.75C VDD_IN 4233mW/4216mW VDD_CPU_GPU_CV 1076mW/1048mW VDD_SOC 1397mW/1398mW
08-10-2026 00:29:00 RAM 3766/7620MB (lfb 1x4MB) SWAP 2/12002MB (cached 0MB) CPU [2%@1510,5%@1510,2%@1510,30%@1510,2%@1510,3%@1510] GR3D_FREQ 0% cpu@47.343C soc2@46.437C soc0@44.75C gpu@46.531C tj@47.343C soc1@44.843C VDD_IN 4617mW/4218mW VDD_CPU_GPU_CV 1311mW/1049mW VDD_SOC 1430mW/1398mW
08-10-2026 00:29:01 RAM 3757/7620MB (lfb 1x4MB) SWAP 2/12002MB (cached 0MB) CPU [10%@1510,6%@1510,8%@1510,8%@1510,8%@1510,8%@1510] GR3D_FREQ 0% cpu@47.187C soc2@46.468C soc0@44.812C gpu@46.656C tj@47.187C soc1@44.718C VDD_IN 4233mW/4218mW VDD_CPU_GPU_CV 1076mW/1049mW VDD_SOC 1397mW/1398mW
08-10-2026 00:29:02 RAM 3757/7620MB (lfb 1x4MB) SWAP 2/12002MB (cached 0MB) CPU [3%@1510,0%@1510,0%@1510,0%@1510,0%@1510,0%@1510] GR3D_FREQ 0% cpu@47.125C soc2@46.375C soc0@44.875C gpu@46.687C tj@47.062C soc1@44.656C VDD_IN 4113mW/4217mW VDD_CPU_GPU_CV 996mW/1049mW VDD_SOC 1397mW/1398mW
08-10-2026 00:29:03 RAM 3757/7620MB (lfb 1x4MB) SWAP 2/12002MB (cached 0MB) CPU [3%@1510,1%@1510,1%@1510,0%@1510,0%@1510,0%@1510] GR3D_FREQ 0% cpu@47.312C soc2@46.437C soc0@44.718C gpu@46.593C tj@47.312C soc1@44.718C VDD_IN 4113mW/4217mW VDD_CPU_GPU_CV 996mW/1049mW VDD_SOC 1397mW/1398mW
08-10-2026 00:29:04 RAM 3757/7620MB (lfb 1x4MB) SWAP 2/12002MB (cached 0MB) CPU [5%@1510,1%@1510,1%@1510,3%@1510,4%@1510,1%@1510] GR3D_FREQ 0% cpu@47.156C soc2@46.375C soc0@44.718C gpu@46.625C tj@47.156C soc1@44.718C VDD_IN 4153mW/4217mW VDD_CPU_GPU_CV 1036mW/1049mW VDD_SOC 1397mW/1398mW
08-10-2026 00:29:05 RAM 3757/7620MB (lfb 1x4MB) SWAP 2/12002MB (cached 0MB) CPU [5%@1510,1%@1510,0%@1510,0%@1510,1%@1510,1%@1510] GR3D_FREQ 0% cpu@47.093C soc2@46.406C soc0@44.781C gpu@46.656C tj@47.093C soc1@44.781C VDD_IN 4153mW/4216mW VDD_CPU_GPU_CV 996mW/1048mW VDD_SOC 1397mW/1398mW
08-10-2026 00:29:06 RAM 3757/7620MB (lfb 1x4MB) SWAP 2/12002MB (cached 0MB) CPU [4%@1510,0%@1510,0%@1510,0%@1510,1%@1510,0%@1510] GR3D_FREQ 0% cpu@47.031C soc2@46.5C soc0@44.812C gpu@46.75C tj@47.031C soc1@44.875C VDD_IN 4113mW/4216mW VDD_CPU_GPU_CV 996mW/1048mW VDD_SOC 1397mW/1398mW
08-10-2026 00:29:07 RAM 3718/7620MB (lfb 1x4MB) SWAP 2/12002MB (cached 0MB) CPU [2%@1510,3%@1510,0%@1510,1%@1510,0%@1510,12%@1510] GR3D_FREQ 0% cpu@47.093C soc2@46.468C soc0@44.781C gpu@46.781C tj@47.093C soc1@44.625C VDD_IN 4306mW/4216mW VDD_CPU_GPU_CV 1074mW/1048mW VDD_SOC 1435mW/1398mW
08-10-2026 00:29:08 RAM 3718/7620MB (lfb 1x4MB) SWAP 2/12002MB (cached 0MB) CPU [0%@1510,1%@1510,0%@1510,1%@1510,0%@1510,0%@1510] GR3D_FREQ 0% cpu@47.25C soc2@46.406C soc0@44.875C gpu@46.781C tj@47.25C soc1@44.625C VDD_IN 4113mW/4216mW VDD_CPU_GPU_CV 996mW/1048mW VDD_SOC 1397mW/1398mW
08-10-2026 00:29:09 RAM 3718/7620MB (lfb 1x4MB) SWAP 2/12002MB (cached 0MB) CPU [0%@1510,0%@1510,1%@1510,2%@1510,2%@1510,3%@1510] GR3D_FREQ 0% cpu@47.093C soc2@46.468C soc0@44.75C gpu@46.468C tj@47.093C soc1@44.625C VDD_IN 4153mW/4216mW VDD_CPU_GPU_CV 996mW/1048mW VDD_SOC 1397mW/1398mW
08-10-2026 00:29:10 RAM 3080/7620MB (lfb 36x4MB) SWAP 2/12002MB (cached 0MB) CPU [1%@1510,6%@1510,2%@1510,2%@1510,1%@1510,1%@1510] GR3D_FREQ 0% cpu@47.375C soc2@46.406C soc0@44.718C gpu@46.5C tj@47.375C soc1@44.75C VDD_IN 4193mW/4216mW VDD_CPU_GPU_CV 1036mW/1048mW VDD_SOC 1397mW/1398mW
08-10-2026 00:29:12 RAM 3080/7620MB (lfb 36x4MB) SWAP 2/12002MB (cached 0MB) CPU [1%@1510,1%@1510,0%@1510,0%@1510,1%@1510,0%@1510] GR3D_FREQ 0% cpu@46.937C soc2@46.5C soc0@44.781C gpu@46.468C tj@46.937C soc1@44.812C VDD_IN 4113mW/4215mW VDD_CPU_GPU_CV 996mW/1048mW VDD_SOC 1397mW/1398mW
08-10-2026 00:29:13 RAM 3080/7620MB (lfb 36x4MB) SWAP 2/12002MB (cached 0MB) CPU [1%@1510,1%@1510,0%@1510,0%@1510,0%@1510,0%@1510] GR3D_FREQ 0% cpu@47.125C soc2@46.437C soc0@44.875C gpu@46.468C tj@47.125C soc1@44.812C VDD_IN 4073mW/4215mW VDD_CPU_GPU_CV 956mW/1047mW VDD_SOC 1397mW/1398mW
08-10-2026 00:29:14 RAM 3080/7620MB (lfb 36x4MB) SWAP 2/12002MB (cached 0MB) CPU [0%@1510,0%@1510,0%@1510,0%@1510,0%@1510,0%@1510] GR3D_FREQ 0% cpu@47.312C soc2@46.468C soc0@44.875C gpu@46.437C tj@47.312C soc1@44.625C VDD_IN 4073mW/4214mW VDD_CPU_GPU_CV 956mW/1047mW VDD_SOC 1397mW/1398mW
