08-09-2026 23:07:50 RAM 3041/7620MB (lfb 27x4MB) SWAP 2/12002MB (cached 0MB) CPU [0%@1510,0%@1510,1%@1510,1%@1510,1%@1510,0%@1510] GR3D_FREQ 0% cpu@47.281C soc2@46.5C soc0@44.75C gpu@46.718C tj@47.281C soc1@44.718C VDD_IN 4113mW/4113mW VDD_CPU_GPU_CV 996mW/996mW VDD_SOC 1397mW/1397mW
08-09-2026 23:07:51 RAM 3041/7620MB (lfb 27x4MB) SWAP 2/12002MB (cached 0MB) CPU [1%@1510,0%@1510,0%@1510,0%@1510,1%@1510,0%@1510] GR3D_FREQ 0% cpu@47C soc2@46.468C soc0@44.687C gpu@46.843C tj@47C soc1@44.781C VDD_IN 4073mW/4093mW VDD_CPU_GPU_CV 956mW/976mW VDD_SOC 1397mW/1397mW
08-09-2026 23:07:52 RAM 3041/7620MB (lfb 27x4MB) SWAP 2/12002MB (cached 0MB) CPU [0%@1510,1%@1510,1%@1510,0%@1510,0%@1510,0%@1510] GR3D_FREQ 0% cpu@47.093C soc2@46.406C soc0@44.812C gpu@46.468C tj@47.093C soc1@44.781C VDD_IN 4113mW/4099mW VDD_CPU_GPU_CV 956mW/969mW VDD_SOC 1397mW/1397mW
08-09-2026 23:07:53 RAM 3041/7620MB (lfb 27x4MB) SWAP 2/12002MB (cached 0MB) CPU [3%@1510,0%@1510,0%@1510,1%@1510,3%@1510,1%@1510] GR3D_FREQ 0% cpu@47C soc2@46.437C soc0@44.812C gpu@46.406C tj@47C soc1@44.781C VDD_IN 4153mW/4113mW VDD_CPU_GPU_CV 996mW/976mW VDD_SOC 1397mW/1397mW
08-09-2026 23:07:54 RAM 3041/7620MB (lfb 27x4MB) SWAP 2/12002MB (cached 0MB) CPU [0%@1510,0%@1510,1%@1510,0%@1510,2%@1510,0%@1510] GR3D_FREQ 0% cpu@47.093C soc2@46.531C soc0@44.75C gpu@46.437C tj@47.093C soc1@44.875C VDD_IN 4113mW/4113mW VDD_CPU_GPU_CV 996mW/980mW VDD_SOC 1397mW/1397mW
08-09-2026 23:07:55 RAM 3042/7620MB (lfb 27x4MB) SWAP 2/12002MB (cached 0MB) CPU [0%@1510,1%@1510,0%@1510,0%@1510,0%@1510,0%@1510] GR3D_FREQ 0% cpu@47.343C soc2@46.406C soc0@44.843C gpu@46.468C tj@47.343C soc1@44.656C VDD_IN 4073mW/4106mW VDD_CPU_GPU_CV 956mW/976mW VDD_SOC 1397mW/1397mW
08-09-2026 23:07:56 RAM 3042/7620MB (lfb 27x4MB) SWAP 2/12002MB (cached 0MB) CPU [0%@1510,0%@1510,1%@1510,0%@1510,1%@1510,0%@1510] GR3D_FREQ 0% cpu@47.218C soc2@46.5C soc0@44.718C gpu@46.531C tj@47.218C soc1@44.687C VDD_IN 4073mW/4101mW VDD_CPU_GPU_CV 956mW/973mW VDD_SOC 1397mW/1397mW
08-09-2026 23:07:57 RAM 3042/7620MB (lfb 27x4MB) SWAP 2/12002MB (cached 0MB) CPU [3%@1510,8%@1510,6%@1510,8%@1510,10%@1510,19%@1510] GR3D_FREQ 0% cpu@47.031C soc2@46.5C soc0@44.812C gpu@46.531C tj@47.031C soc1@44.812C VDD_IN 4233mW/4118mW VDD_CPU_GPU_CV 1036mW/981mW VDD_SOC 1397mW/1397mW
08-09-2026 23:07:58 RAM 3042/7620MB (lfb 27x4MB) SWAP 2/12002MB (cached 0MB) CPU [1%@1510,0%@1510,1%@1510,0%@1510,1%@1510,0%@1510] GR3D_FREQ 0% cpu@47.031C soc2@46.406C soc0@44.718C gpu@46.531C tj@47.031C soc1@44.843C VDD_IN 4113mW/4117mW VDD_CPU_GPU_CV 996mW/982mW VDD_SOC 1397mW/1397mW
08-09-2026 23:07:59 RAM 3042/7620MB (lfb 27x4MB) SWAP 2/12002MB (cached 0MB) CPU [1%@1510,0%@1510,0%@1510,0%@1510,1%@1510,0%@1510] GR3D_FREQ 0% cpu@47.187C soc2@46.5C soc0@44.75C gpu@46.531C tj@47.187C soc1@44.843C VDD_IN 4073mW/4113mW VDD_CPU_GPU_CV 956mW/980mW VDD_SOC 1397mW/1397mW
08-09-2026 23:08:00 RAM 3042/7620MB (lfb 27x4MB) SWAP 2/12002MB (cached 0MB) CPU [0%@1510,2%@1510,0%@1510,0%@1510,0%@1510,0%@1510] GR3D_FREQ 0% cpu@47.125C soc2@46.406C soc0@44.781C gpu@46.562C tj@47.125C soc1@44.906C VDD_IN 4073mW/4109mW VDD_CPU_GPU_CV 956mW/977mW VDD_SOC 1397mW/1397mW
08-09-2026 23:08:01 RAM 3042/7620MB (lfb 27x4MB) SWAP 2/12002MB (cached 0MB) CPU [1%@1510,0%@1510,1%@1510,1%@1510,1%@1510,0%@1510] GR3D_FREQ 0% cpu@47.156C soc2@46.375C soc0@44.843C gpu@46.625C tj@47.156C soc1@44.625C VDD_IN 4113mW/4109mW VDD_CPU_GPU_CV 996mW/979mW VDD_SOC 1397mW/1397mW
08-09-2026 23:08:02 RAM 3042/7620MB (lfb 27x4MB) SWAP 2/12002MB (cached 0MB) CPU [1%@1510,0%@1510,2%@1510,12%@1510,2%@1510,2%@1510] GR3D_FREQ 0% cpu@47.093C soc2@46.437C soc0@44.875C gpu@46.562C tj@47.093C soc1@44.75C VDD_IN 4153mW/4113mW VDD_CPU_GPU_CV 996mW/980mW VDD_SOC 1397mW/1397mW
08-09-2026 23:08:03 RAM 3042/7620MB (lfb 27x4MB) SWAP 2/12002MB (cached 0MB) CPU [0%@1510,0%@1510,0%@1510,0%@1510,0%@1510,0%@1510] GR3D_FREQ 0% cpu@47.343C soc2@46.406C soc0@44.75C gpu@46.656C tj@47.343C soc1@44.718C VDD_IN 4113mW/4113mW VDD_CPU_GPU_CV 956mW/978mW VDD_SOC 1397mW/1397mW
08-09-2026 23:08:04 RAM 3042/7620MB (lfb 27x4MB) SWAP 2/12002MB (cached 0MB) CPU [1%@1510,1%@1510,0%@1510,1%@1510,0%@1510,0%@1510] GR3D_FREQ 0% cpu@47.031C soc2@46.406C soc0@44.781C gpu@46.75C tj@47.031C soc1@44.656C VDD_IN 4073mW/4110mW VDD_CPU_GPU_CV 956mW/977mW VDD_SOC 1397mW/1397mW
08-09-2026 23:08:05 RAM 3042/7620MB (lfb 27x4MB) SWAP 2/12002MB (cached 0MB) CPU [0%@1510,0%@1510,0%@1510,0%@1510,1%@1510,0%@1510] GR3D_FREQ 0% cpu@46.968C soc2@46.468C soc0@44.75C gpu@46.656C tj@46.968C soc1@44.843C VDD_IN 4073mW/4108mW VDD_CPU_GPU_CV 956mW/976mW VDD_SOC 1397mW/1397mW
08-09-2026 23:08:06 RAM 3042/7620MB (lfb 27x4MB) SWAP 2/12002MB (cached 0MB) CPU [0%@1510,1%@1510,1%@1510,0%@1510,0%@1510,1%@1510] GR3D_FREQ 0% cpu@47.156C soc2@46.531C soc0@44.875C gpu@46.656C tj@47.156C soc1@44.625C VDD_IN 4073mW/4105mW VDD_CPU_GPU_CV 956mW/974mW VDD_SOC 1397mW/1397mW
08-09-2026 23:08:07 RAM 3043/7620MB (lfb 27x4MB) SWAP 2/12002MB (cached 0MB) CPU [1%@1510,0%@1510,1%@1510,12%@1510,2%@1510,3%@1510] GR3D_FREQ 0% cpu@47.093C soc2@46.406C soc0@44.875C gpu@46.718C tj@47.562C soc1@44.687C VDD_IN 4153mW/4108mW VDD_CPU_GPU_CV 996mW/976mW VDD_SOC 1397mW/1397mW
08-09-2026 23:08:08 RAM 3043/7620MB (lfb 27x4MB) SWAP 2/12002MB (cached 0MB) CPU [1%@1510,3%@1510,0%@1510,0%@1510,0%@1510,0%@1510] GR3D_FREQ 0% cpu@47.281C soc2@46.437C soc0@44.812C gpu@46.75C tj@47.281C soc1@44.718C VDD_IN 4113mW/4108mW VDD_CPU_GPU_CV 996mW/977mW VDD_SOC 1397mW/1397mW
08-09-2026 23:08:09 RAM 3043/7620MB (lfb 27x4MB) SWAP 2/12002MB (cached 0MB) CPU [0%@1510,1%@1510,0%@1510,0%@1510,0%@1510,0%@1510] GR3D_FREQ 0% cpu@47.093C soc2@46.375C soc0@44.687C gpu@46.843C tj@47.093C soc1@44.718C VDD_IN 4113mW/4109mW VDD_CPU_GPU_CV 996mW/978mW VDD_SOC 1397mW/1397mW
08-09-2026 23:08:10 RAM 3043/7620MB (lfb 27x4MB) SWAP 2/12002MB (cached 0MB) CPU [0%@1510,2%@1510,0%@1510,0%@1510,0%@1510,0%@1510] GR3D_FREQ 0% cpu@47.093C soc2@46.468C soc0@44.781C gpu@46.75C tj@47.093C soc1@44.75C VDD_IN 4113mW/4109mW VDD_CPU_GPU_CV 996mW/978mW VDD_SOC 1397mW/1397mW
08-09-2026 23:08:11 RAM 3043/7620MB (lfb 27x4MB) SWAP 2/12002MB (cached 0MB) CPU [0%@1510,1%@1510,2%@1510,1%@1510,1%@1510,0%@1510] GR3D_FREQ 0% cpu@47.093C soc2@46.5C soc0@44.75C gpu@46.812C tj@47.093C soc1@44.875C VDD_IN 4073mW/4107mW VDD_CPU_GPU_CV 956mW/977mW VDD_SOC 1397mW/1397mW
08-09-2026 23:08:12 RAM 3042/7620MB (lfb 27x4MB) SWAP 2/12002MB (cached 0MB) CPU [3%@1510,0%@1510,1%@1510,3%@1510,11%@1510,1%@1510] GR3D_FREQ 0% cpu@47.125C soc2@46.562C soc0@44.75C gpu@46.906C tj@47.125C soc1@44.593C VDD_IN 4153mW/4109mW VDD_CPU_GPU_CV 996mW/978mW VDD_SOC 1397mW/1397mW
08-09-2026 23:08:13 RAM 3042/7620MB (lfb 27x4MB) SWAP 2/12002MB (cached 0MB) CPU [0%@1510,0%@1510,0%@1510,0%@1510,0%@1510,1%@1510] GR3D_FREQ 0% cpu@47.187C soc2@46.375C soc0@44.875C gpu@46.843C tj@47.187C soc1@44.625C VDD_IN 4113mW/4109mW VDD_CPU_GPU_CV 956mW/977mW VDD_SOC 1397mW/1397mW
08-09-2026 23:08:14 RAM 3042/7620MB (lfb 27x4MB) SWAP 2/12002MB (cached 0MB) CPU [0%@1510,0%@1510,0%@1510,0%@1510,0%@1510,0%@1510] GR3D_FREQ 0% cpu@47.093C soc2@46.437C soc0@44.718C gpu@46.843C tj@47.093C soc1@44.687C VDD_IN 4073mW/4108mW VDD_CPU_GPU_CV 956mW/976mW VDD_SOC 1397mW/1397mW
08-09-2026 23:08:15 RAM 3042/7620MB (lfb 27x4MB) SWAP 2/12002MB (cached 0MB) CPU [1%@1510,0%@1510,0%@1510,1%@1510,1%@1510,1%@1510] GR3D_FREQ 0% cpu@47.312C soc2@46.468C soc0@44.687C gpu@46.375C tj@47.312C soc1@44.718C VDD_IN 4073mW/4106mW VDD_CPU_GPU_CV 996mW/977mW VDD_SOC 1397mW/1397mW
08-09-2026 23:08:16 RAM 3042/7620MB (lfb 27x4MB) SWAP 2/12002MB (cached 0MB) CPU [0%@1510,0%@1510,0%@1510,0%@1510,1%@1510,0%@1510] GR3D_FREQ 0% cpu@47.062C soc2@46.531C soc0@44.75C gpu@46.375C tj@47.062C soc1@44.781C VDD_IN 4073mW/4105mW VDD_CPU_GPU_CV 956mW/976mW VDD_SOC 1397mW/1397mW
08-09-2026 23:08:17 RAM 3042/7620MB (lfb 27x4MB) SWAP 2/12002MB (cached 0MB) CPU [1%@1510,1%@1510,0%@1510,1%@1510,0%@1510,0%@1510] GR3D_FREQ 0% cpu@47.093C soc2@46.437C soc0@44.781C gpu@46.375C tj@47.093C soc1@44.75C VDD_IN 4113mW/4105mW VDD_CPU_GPU_CV 956mW/976mW VDD_SOC 1397mW/1397mW
08-09-2026 23:08:18 RAM 3042/7620MB (lfb 27x4MB) SWAP 2/12002MB (cached 0MB) CPU [0%@1510,0%@1510,0%@1510,0%@1510,0%@1510,0%@1510] GR3D_FREQ 0% cpu@47.25C soc2@46.5C soc0@44.718C gpu@46.406C tj@47.25C soc1@44.843C VDD_IN 4113mW/4106mW VDD_CPU_GPU_CV 956mW/975mW VDD_SOC 1397mW/1397mW
08-09-2026 23:08:19 RAM 3051/7620MB (lfb 27x4MB) SWAP 2/12002MB (cached 0MB) CPU [1%@1510,0%@1510,1%@1510,16%@1510,0%@1510,0%@1510] GR3D_FREQ 0% cpu@47.343C soc2@46.406C soc0@44.75C gpu@46.406C tj@47.343C soc1@44.656C VDD_IN 4346mW/4114mW VDD_CPU_GPU_CV 1154mW/981mW VDD_SOC 1395mW/1396mW
08-09-2026 23:08:20 RAM 3060/7620MB (lfb 27x4MB) SWAP 2/12002MB (cached 0MB) CPU [1%@1510,1%@1510,1%@1510,26%@1510,4%@1510,1%@1510] GR3D_FREQ 0% cpu@47.312C soc2@46.375C soc0@44.718C gpu@46.375C tj@47.312C soc1@44.687C VDD_IN 4273mW/4119mW VDD_CPU_GPU_CV 1074mW/984mW VDD_SOC 1395mW/1396mW
08-09-2026 23:08:21 RAM 3066/7620MB (lfb 27x4MB) SWAP 2/12002MB (cached 0MB) CPU [7%@1510,6%@1510,8%@1510,6%@1510,9%@1510,18%@1510] GR3D_FREQ 0% cpu@47.343C soc2@46.406C soc0@44.718C gpu@46.593C tj@47.343C soc1@44.718C VDD_IN 4704mW/4137mW VDD_CPU_GPU_CV 1470mW/999mW VDD_SOC 1393mW/1396mW
08-09-2026 23:08:22 RAM 3342/7620MB (lfb 15x4MB) SWAP 2/12002MB (cached 0MB) CPU [3%@1510,1%@1510,3%@1510,4%@1510,5%@1510,94%@1510] GR3D_FREQ 0% cpu@47.312C soc2@46.531C soc0@44.843C gpu@46.593C tj@47.312C soc1@44.781C VDD_IN 5158mW/4168mW VDD_CPU_GPU_CV 1621mW/1018mW VDD_SOC 1465mW/1398mW
08-09-2026 23:08:23 RAM 3470/7620MB (lfb 1x2MB) SWAP 2/12002MB (cached 0MB) CPU [3%@1510,1%@1510,0%@1510,1%@1510,1%@1510,22%@1510] GR3D_FREQ 0% cpu@47.125C soc2@46.406C soc0@44.875C gpu@46.718C tj@47.125C soc1@44.906C VDD_IN 4313mW/4172mW VDD_CPU_GPU_CV 1114mW/1021mW VDD_SOC 1395mW/1398mW
08-09-2026 23:08:24 RAM 3470/7620MB (lfb 1x2MB) SWAP 2/12002MB (cached 0MB) CPU [2%@1510,0%@1510,1%@1510,1%@1510,0%@1510,2%@1510] GR3D_FREQ 0% cpu@47.125C soc2@46.437C soc0@44.875C gpu@46.625C tj@47.125C soc1@44.781C VDD_IN 4153mW/4172mW VDD_CPU_GPU_CV 1036mW/1021mW VDD_SOC 1397mW/1398mW
08-09-2026 23:08:25 RAM 3471/7620MB (lfb 1x2MB) SWAP 2/12002MB (cached 0MB) CPU [3%@1510,2%@1510,2%@1510,3%@1510,2%@1510,4%@1510] GR3D_FREQ 0% cpu@47.375C soc2@46.437C soc0@44.843C gpu@46.625C tj@47.375C soc1@44.75C VDD_IN 4233mW/4173mW VDD_CPU_GPU_CV 1036mW/1021mW VDD_SOC 1397mW/1398mW
08-09-2026 23:08:26 RAM 3472/7620MB (lfb 1x2MB) SWAP 2/12002MB (cached 0MB) CPU [3%@1510,1%@1510,0%@1510,1%@1510,1%@1510,3%@1510] GR3D_FREQ 0% cpu@47.156C soc2@46.468C soc0@44.781C gpu@46.687C tj@47.093C soc1@44.781C VDD_IN 4193mW/4174mW VDD_CPU_GPU_CV 1036mW/1022mW VDD_SOC 1397mW/1398mW
08-09-2026 23:08:27 RAM 3472/7620MB (lfb 1x2MB) SWAP 2/12002MB (cached 0MB) CPU [3%@1510,2%@1510,1%@1510,1%@1510,0%@1510,2%@1510] GR3D_FREQ 0% cpu@47.093C soc2@46.468C soc0@44.812C gpu@46.718C tj@47.093C soc1@44.843C VDD_IN 4193mW/4174mW VDD_CPU_GPU_CV 996mW/1021mW VDD_SOC 1397mW/1398mW
08-09-2026 23:08:28 RAM 3472/7620MB (lfb 1x2MB) SWAP 2/12002MB (cached 0MB) CPU [3%@1510,1%@1510,0%@1510,0%@1510,0%@1510,2%@1510] GR3D_FREQ 0% cpu@47.125C soc2@46.5C soc0@44.875C gpu@46.75C tj@47.125C soc1@44.843C VDD_IN 4153mW/4174mW VDD_CPU_GPU_CV 996mW/1020mW VDD_SOC 1397mW/1398mW
08-09-2026 23:08:29 RAM 3472/7620MB (lfb 1x2MB) SWAP 2/12002MB (cached 0MB) CPU [3%@1510,2%@1510,1%@1510,1%@1510,0%@1510,3%@1510] GR3D_FREQ 0% cpu@47.125C soc2@46.531C soc0@44.875C gpu@46.75C tj@47.125C soc1@44.875C VDD_IN 4153mW/4173mW VDD_CPU_GPU_CV 996mW/1020mW VDD_SOC 1397mW/1398mW
08-09-2026 23:08:30 RAM 3474/7620MB (lfb 1x2MB) SWAP 2/12002MB (cached 0MB) CPU [3%@1510,2%@1510,5%@1510,6%@1510,13%@1510,5%@1510] GR3D_FREQ 0% cpu@47.406C soc2@46.437C soc0@44.875C gpu@46.718C tj@47.406C soc1@44.75C VDD_IN 4385mW/4178mW VDD_CPU_GPU_CV 1154mW/1023mW VDD_SOC 1395mW/1398mW
08-09-2026 23:08:31 RAM 3475/7620MB (lfb 1x2MB) SWAP 2/12002MB (cached 0MB) CPU [1%@1510,2%@1510,2%@1510,1%@1510,2%@1510,3%@1510] GR3D_FREQ 0% cpu@47.281C soc2@46.406C soc0@44.906C gpu@46.875C tj@47.125C soc1@44.75C VDD_IN 4193mW/4179mW VDD_CPU_GPU_CV 1036mW/1023mW VDD_SOC 1397mW/1398mW
08-09-2026 23:08:32 RAM 3475/7620MB (lfb 1x2MB) SWAP 2/12002MB (cached 0MB) CPU [0%@1510,0%@1510,1%@1510,1%@1510,1%@1510,3%@1510] GR3D_FREQ 0% cpu@47.5C soc2@46.468C soc0@44.843C gpu@46.843C tj@47.5C soc1@44.687C VDD_IN 4153mW/4178mW VDD_CPU_GPU_CV 996mW/1023mW VDD_SOC 1397mW/1398mW
08-09-2026 23:08:33 RAM 3475/7620MB (lfb 1x2MB) SWAP 2/12002MB (cached 0MB) CPU [3%@1510,1%@1510,1%@1510,1%@1510,1%@1510,2%@1510] GR3D_FREQ 0% cpu@47.093C soc2@46.531C soc0@44.843C gpu@46.593C tj@47.093C soc1@44.812C VDD_IN 4153mW/4178mW VDD_CPU_GPU_CV 996mW/1022mW VDD_SOC 1397mW/1398mW
08-09-2026 23:08:34 RAM 3475/7620MB (lfb 1x2MB) SWAP 2/12002MB (cached 0MB) CPU [2%@1510,1%@1510,2%@1510,0%@1510,0%@1510,2%@1510] GR3D_FREQ 0% cpu@47.187C soc2@46.531C soc0@44.875C gpu@46.562C tj@47.187C soc1@44.906C VDD_IN 4153mW/4177mW VDD_CPU_GPU_CV 996mW/1022mW VDD_SOC 1397mW/1398mW
08-09-2026 23:08:35 RAM 3475/7620MB (lfb 1x2MB) SWAP 2/12002MB (cached 0MB) CPU [1%@1510,1%@1510,2%@1510,1%@1510,5%@1510,5%@1510] GR3D_FREQ 0% cpu@47.343C soc2@46.593C soc0@44.843C gpu@46.562C tj@47.343C soc1@44.781C VDD_IN 4233mW/4178mW VDD_CPU_GPU_CV 1036mW/1022mW VDD_SOC 1397mW/1398mW
08-09-2026 23:08:36 RAM 3475/7620MB (lfb 1x2MB) SWAP 2/12002MB (cached 0MB) CPU [4%@1510,1%@1510,1%@1510,1%@1510,1%@1510,5%@1510] GR3D_FREQ 0% cpu@47.281C soc2@46.437C soc0@44.906C gpu@46.5C tj@47.281C soc1@44.75C VDD_IN 4193mW/4178mW VDD_CPU_GPU_CV 1036mW/1022mW VDD_SOC 1397mW/1398mW
08-09-2026 23:08:37 RAM 3475/7620MB (lfb 1x2MB) SWAP 2/12002MB (cached 0MB) CPU [2%@1510,0%@1510,0%@1510,1%@1510,1%@1510,2%@1510] GR3D_FREQ 0% cpu@47.531C soc2@46.437C soc0@44.781C gpu@46.562C tj@47.531C soc1@44.687C VDD_IN 4153mW/4178mW VDD_CPU_GPU_CV 1036mW/1022mW VDD_SOC 1397mW/1398mW
08-09-2026 23:08:38 RAM 3475/7620MB (lfb 1x2MB) SWAP 2/12002MB (cached 0MB) CPU [1%@1510,2%@1510,1%@1510,1%@1510,1%@1510,3%@1510] GR3D_FREQ 0% cpu@47.187C soc2@46.562C soc0@44.843C gpu@46.562C tj@47.187C soc1@44.812C VDD_IN 4153mW/4177mW VDD_CPU_GPU_CV 996mW/1022mW VDD_SOC 1397mW/1398mW
08-09-2026 23:08:39 RAM 3475/7620MB (lfb 1x2MB) SWAP 2/12002MB (cached 0MB) CPU [2%@1510,1%@1510,2%@1510,4%@1510,12%@1510,6%@1510] GR3D_FREQ 0% cpu@47.093C soc2@46.468C soc0@44.875C gpu@46.625C tj@47.187C soc1@44.843C VDD_IN 4346mW/4181mW VDD_CPU_GPU_CV 1154mW/1024mW VDD_SOC 1395mW/1398mW
08-09-2026 23:08:40 RAM 3475/7620MB (lfb 1x2MB) SWAP 2/12002MB (cached 0MB) CPU [1%@1510,0%@1510,2%@1510,2%@1510,8%@1510,3%@1510] GR3D_FREQ 0% cpu@47.125C soc2@46.5C soc0@44.875C gpu@46.656C tj@47.375C soc1@44.781C VDD_IN 4273mW/4183mW VDD_CPU_GPU_CV 1076mW/1025mW VDD_SOC 1395mW/1398mW
08-09-2026 23:08:41 RAM 3476/7620MB (lfb 1x2MB) SWAP 2/12002MB (cached 0MB) CPU [1%@1510,1%@1510,2%@1510,2%@1510,2%@1510,5%@1510] GR3D_FREQ 0% cpu@47.218C soc2@46.5C soc0@45C gpu@46.406C tj@47.218C soc1@44.718C VDD_IN 4193mW/4183mW VDD_CPU_GPU_CV 1036mW/1026mW VDD_SOC 1397mW/1398mW
08-09-2026 23:08:42 RAM 3476/7620MB (lfb 1x2MB) SWAP 2/12002MB (cached 0MB) CPU [2%@1510,1%@1510,1%@1510,2%@1510,1%@1510,3%@1510] GR3D_FREQ 0% cpu@47.531C soc2@46.562C soc0@44.718C gpu@46.406C tj@47.531C soc1@44.843C VDD_IN 4153mW/4182mW VDD_CPU_GPU_CV 1036mW/1026mW VDD_SOC 1397mW/1397mW
08-09-2026 23:08:43 RAM 3476/7620MB (lfb 1x2MB) SWAP 2/12002MB (cached 0MB) CPU [0%@1510,1%@1510,1%@1510,2%@1510,3%@1510,2%@1510] GR3D_FREQ 0% cpu@47.093C soc2@46.531C soc0@44.718C gpu@46.468C tj@47.093C soc1@44.843C VDD_IN 4153mW/4182mW VDD_CPU_GPU_CV 996mW/1025mW VDD_SOC 1397mW/1397mW
08-09-2026 23:08:44 RAM 3476/7620MB (lfb 1x2MB) SWAP 2/12002MB (cached 0MB) CPU [1%@1510,1%@1510,1%@1510,2%@1510,0%@1510,2%@1510] GR3D_FREQ 0% cpu@47.218C soc2@46.531C soc0@44.812C gpu@46.437C tj@47.218C soc1@44.875C VDD_IN 4153mW/4181mW VDD_CPU_GPU_CV 996mW/1025mW VDD_SOC 1397mW/1397mW
08-09-2026 23:08:45 RAM 3476/7620MB (lfb 1x2MB) SWAP 2/12002MB (cached 0MB) CPU [2%@1510,1%@1510,2%@1510,2%@1510,3%@1510,4%@1510] GR3D_FREQ 0% cpu@47.187C soc2@46.593C soc0@44.906C gpu@46.468C tj@47.187C soc1@44.843C VDD_IN 4193mW/4181mW VDD_CPU_GPU_CV 1036mW/1025mW VDD_SOC 1397mW/1397mW
08-09-2026 23:08:46 RAM 3476/7620MB (lfb 1x2MB) SWAP 2/12002MB (cached 0MB) CPU [1%@1510,2%@1510,3%@1510,2%@1510,1%@1510,3%@1510] GR3D_FREQ 0% cpu@47.218C soc2@46.468C soc0@44.906C gpu@46.468C tj@47.218C soc1@44.687C VDD_IN 4153mW/4181mW VDD_CPU_GPU_CV 1036mW/1025mW VDD_SOC 1397mW/1397mW
08-09-2026 23:08:47 RAM 3476/7620MB (lfb 1x2MB) SWAP 2/12002MB (cached 0MB) CPU [1%@1510,1%@1510,1%@1510,1%@1510,2%@1510,2%@1510] GR3D_FREQ 0% cpu@47.468C soc2@46.531C soc0@44.843C gpu@46.468C tj@47.468C soc1@44.781C VDD_IN 4193mW/4181mW VDD_CPU_GPU_CV 996mW/1025mW VDD_SOC 1397mW/1397mW
08-09-2026 23:08:48 RAM 3476/7620MB (lfb 1x2MB) SWAP 2/12002MB (cached 0MB) CPU [2%@1510,1%@1510,1%@1510,2%@1510,1%@1510,2%@1510] GR3D_FREQ 0% cpu@47.218C soc2@46.468C soc0@44.812C gpu@46.406C tj@47.218C soc1@44.718C VDD_IN 4153mW/4181mW VDD_CPU_GPU_CV 996mW/1024mW VDD_SOC 1397mW/1397mW
08-09-2026 23:08:49 RAM 3476/7620MB (lfb 1x2MB) SWAP 2/12002MB (cached 0MB) CPU [1%@1510,1%@1510,1%@1510,1%@1510,0%@1510,2%@1510] GR3D_FREQ 0% cpu@47.093C soc2@46.5C soc0@44.812C gpu@46.531C tj@47.093C soc1@44.875C VDD_IN 4153mW/4180mW VDD_CPU_GPU_CV 996mW/1024mW VDD_SOC 1397mW/1397mW
08-09-2026 23:08:50 RAM 3476/7620MB (lfb 1x2MB) SWAP 2/12002MB (cached 0MB) CPU [2%@1510,1%@1510,2%@1510,4%@1510,2%@1510,4%@1510] GR3D_FREQ 0% cpu@47.125C soc2@46.531C soc0@44.843C gpu@46.437C tj@47.125C soc1@44.906C VDD_IN 4193mW/4180mW VDD_CPU_GPU_CV 1036mW/1024mW VDD_SOC 1397mW/1397mW
08-09-2026 23:08:51 RAM 3476/7620MB (lfb 1x2MB) SWAP 2/12002MB (cached 0MB) CPU [2%@1510,1%@1510,1%@1510,2%@1510,1%@1510,4%@1510] GR3D_FREQ 0% cpu@47.218C soc2@46.593C soc0@44.875C gpu@46.812C tj@47.218C soc1@44.718C VDD_IN 4153mW/4180mW VDD_CPU_GPU_CV 1036mW/1024mW VDD_SOC 1397mW/1397mW
08-09-2026 23:08:52 RAM 3476/7620MB (lfb 1x2MB) SWAP 2/12002MB (cached 0MB) CPU [1%@1510,1%@1510,0%@1510,1%@1510,1%@1510,5%@1510] GR3D_FREQ 0% cpu@47.406C soc2@46.5C soc0@44.906C gpu@46.75C tj@47.406C soc1@44.781C VDD_IN 4153mW/4179mW VDD_CPU_GPU_CV 996mW/1024mW VDD_SOC 1397mW/1397mW
08-09-2026 23:08:53 RAM 3476/7620MB (lfb 1x2MB) SWAP 2/12002MB (cached 0MB) CPU [2%@1510,1%@1510,2%@1510,1%@1510,0%@1510,3%@1510] GR3D_FREQ 0% cpu@47.281C soc2@46.468C soc0@44.781C gpu@46.781C tj@47.156C soc1@44.75C VDD_IN 4153mW/4179mW VDD_CPU_GPU_CV 996mW/1023mW VDD_SOC 1397mW/1397mW
08-09-2026 23:08:54 RAM 3476/7620MB (lfb 1x2MB) SWAP 2/12002MB (cached 0MB) CPU [1%@1510,1%@1510,3%@1510,1%@1510,2%@1510,1%@1510] GR3D_FREQ 0% cpu@47.187C soc2@46.5C soc0@44.718C gpu@46.843C tj@47.187C soc1@44.75C VDD_IN 4153mW/4179mW VDD_CPU_GPU_CV 996mW/1023mW VDD_SOC 1397mW/1397mW
08-09-2026 23:08:55 RAM 3476/7620MB (lfb 1x2MB) SWAP 2/12002MB (cached 0MB) CPU [1%@1510,1%@1510,3%@1510,2%@1510,1%@1510,5%@1510] GR3D_FREQ 0% cpu@47.093C soc2@46.562C soc0@44.843C gpu@46.843C tj@47.093C soc1@44.781C VDD_IN 4193mW/4179mW VDD_CPU_GPU_CV 1036mW/1023mW VDD_SOC 1397mW/1397mW
08-09-2026 23:08:56 RAM 3475/7620MB (lfb 1x2MB) SWAP 2/12002MB (cached 0MB) CPU [2%@1510,1%@1510,3%@1510,2%@1510,3%@1510,2%@1510] GR3D_FREQ 0% cpu@47.187C soc2@46.593C soc0@44.875C gpu@46.875C tj@47.187C soc1@44.906C VDD_IN 4153mW/4178mW VDD_CPU_GPU_CV 1036mW/1023mW VDD_SOC 1397mW/1397mW
08-09-2026 23:08:57 RAM 3475/7620MB (lfb 1x2MB) SWAP 2/12002MB (cached 0MB) CPU [2%@1510,0%@1510,3%@1510,2%@1510,0%@1510,2%@1510] GR3D_FREQ 0% cpu@47.156C soc2@46.593C soc0@44.906C gpu@46.906C tj@47.468C soc1@44.718C VDD_IN 4153mW/4178mW VDD_CPU_GPU_CV 996mW/1023mW VDD_SOC 1397mW/1397mW
08-09-2026 23:08:58 RAM 3475/7620MB (lfb 1x2MB) SWAP 2/12002MB (cached 0MB) CPU [2%@1510,0%@1510,2%@1510,2%@1510,2%@1510,0%@1510] GR3D_FREQ 0% cpu@47.25C soc2@46.406C soc0@44.875C gpu@46.468C tj@47.25C soc1@44.781C VDD_IN 4153mW/4178mW VDD_CPU_GPU_CV 996mW/1022mW VDD_SOC 1397mW/1397mW
08-09-2026 23:08:59 RAM 3475/7620MB (lfb 1x2MB) SWAP 2/12002MB (cached 0MB) CPU [1%@1510,1%@1510,3%@1510,2%@1510,2%@1510,2%@1510] GR3D_FREQ 0% cpu@47.125C soc2@46.406C soc0@44.781C gpu@46.406C tj@47.125C soc1@44.781C VDD_IN 4153mW/4177mW VDD_CPU_GPU_CV 996mW/1022mW VDD_SOC 1397mW/1397mW
08-09-2026 23:09:00 RAM 3475/7620MB (lfb 1x2MB) SWAP 2/12002MB (cached 0MB) CPU [2%@1510,1%@1510,4%@1510,4%@1510,3%@1510,1%@1510] GR3D_FREQ 0% cpu@47.093C soc2@46.5C soc0@44.875C gpu@46.375C tj@47.093C soc1@44.812C VDD_IN 4193mW/4177mW VDD_CPU_GPU_CV 1036mW/1022mW VDD_SOC 1397mW/1397mW
08-09-2026 23:09:01 RAM 3476/7620MB (lfb 1x2MB) SWAP 2/12002MB (cached 0MB) CPU [1%@1510,0%@1510,3%@1510,2%@1510,2%@1510,2%@1510] GR3D_FREQ 0% cpu@47.218C soc2@46.5C soc0@44.75C gpu@46.343C tj@47.218C soc1@44.843C VDD_IN 4193mW/4178mW VDD_CPU_GPU_CV 1036mW/1022mW VDD_SOC 1397mW/1397mW
08-09-2026 23:09:02 RAM 3476/7620MB (lfb 1x2MB) SWAP 2/12002MB (cached 0MB) CPU [2%@1510,1%@1510,3%@1510,3%@1510,4%@1510,1%@1510] GR3D_FREQ 0% cpu@47.187C soc2@46.5C soc0@44.875C gpu@46.406C tj@47.187C soc1@44.968C VDD_IN 4193mW/4178mW VDD_CPU_GPU_CV 1036mW/1022mW VDD_SOC 1397mW/1397mW
08-09-2026 23:09:03 RAM 3476/7620MB (lfb 1x2MB) SWAP 2/12002MB (cached 0MB) CPU [1%@1510,0%@1510,2%@1510,0%@1510,1%@1510,1%@1510] GR3D_FREQ 0% cpu@47.312C soc2@46.437C soc0@44.906C gpu@46.625C tj@47.312C soc1@44.781C VDD_IN 4153mW/4178mW VDD_CPU_GPU_CV 1036mW/1023mW VDD_SOC 1397mW/1397mW
08-09-2026 23:09:04 RAM 3476/7620MB (lfb 1x2MB) SWAP 2/12002MB (cached 0MB) CPU [2%@1510,0%@1510,3%@1510,0%@1510,3%@1510,2%@1510] GR3D_FREQ 0% cpu@47.031C soc2@46.406C soc0@44.718C gpu@46.656C tj@47.031C soc1@44.75C VDD_IN 4153mW/4177mW VDD_CPU_GPU_CV 996mW/1022mW VDD_SOC 1397mW/1397mW
08-09-2026 23:09:05 RAM 3476/7620MB (lfb 1x2MB) SWAP 2/12002MB (cached 0MB) CPU [2%@1510,1%@1510,4%@1510,0%@1510,4%@1510,1%@1510] GR3D_FREQ 0% cpu@47.343C soc2@46.5C soc0@44.843C gpu@46.625C tj@47.343C soc1@44.75C VDD_IN 4193mW/4177mW VDD_CPU_GPU_CV 1036mW/1022mW VDD_SOC 1397mW/1397mW
08-09-2026 23:09:06 RAM 3476/7620MB (lfb 1x2MB) SWAP 2/12002MB (cached 0MB) CPU [2%@1510,1%@1510,3%@1510,2%@1510,2%@1510,3%@1510] GR3D_FREQ 0% cpu@47.093C soc2@46.5C soc0@44.781C gpu@46.687C tj@47.093C soc1@44.781C VDD_IN 4193mW/4178mW VDD_CPU_GPU_CV 1036mW/1023mW VDD_SOC 1397mW/1397mW
08-09-2026 23:09:07 RAM 3476/7620MB (lfb 1x2MB) SWAP 2/12002MB (cached 0MB) CPU [1%@1510,0%@1510,3%@1510,1%@1510,1%@1510,2%@1510] GR3D_FREQ 0% cpu@47.093C soc2@46.531C soc0@44.812C gpu@46.656C tj@47.093C soc1@44.843C VDD_IN 4153mW/4177mW VDD_CPU_GPU_CV 996mW/1022mW VDD_SOC 1397mW/1397mW
08-09-2026 23:09:08 RAM 3476/7620MB (lfb 1x2MB) SWAP 2/12002MB (cached 0MB) CPU [1%@1510,0%@1510,3%@1510,1%@1510,3%@1510,3%@1510] GR3D_FREQ 0% cpu@47.281C soc2@46.625C soc0@44.843C gpu@46.687C tj@47.281C soc1@44.656C VDD_IN 4153mW/4177mW VDD_CPU_GPU_CV 996mW/1022mW VDD_SOC 1397mW/1397mW
08-09-2026 23:09:09 RAM 3476/7620MB (lfb 1x2MB) SWAP 2/12002MB (cached 0MB) CPU [1%@1510,1%@1510,1%@1510,1%@1510,0%@1510,3%@1510] GR3D_FREQ 0% cpu@47.156C soc2@46.437C soc0@44.906C gpu@46.718C tj@47.093C soc1@44.75C VDD_IN 4153mW/4177mW VDD_CPU_GPU_CV 996mW/1022mW VDD_SOC 1397mW/1397mW
08-09-2026 23:09:10 RAM 3476/7620MB (lfb 1x2MB) SWAP 2/12002MB (cached 0MB) CPU [3%@1510,1%@1510,4%@1510,2%@1510,4%@1510,5%@1510] GR3D_FREQ 0% cpu@47.375C soc2@46.468C soc0@44.937C gpu@46.781C tj@47.375C soc1@44.843C VDD_IN 4193mW/4177mW VDD_CPU_GPU_CV 1036mW/1022mW VDD_SOC 1397mW/1397mW
08-09-2026 23:09:11 RAM 3476/7620MB (lfb 1x2MB) SWAP 2/12002MB (cached 0MB) CPU [0%@1510,1%@1510,3%@1510,3%@1510,2%@1510,4%@1510] GR3D_FREQ 0% cpu@47.218C soc2@46.437C soc0@44.718C gpu@46.718C tj@47.218C soc1@44.75C VDD_IN 4193mW/4177mW VDD_CPU_GPU_CV 1036mW/1022mW VDD_SOC 1397mW/1397mW
08-09-2026 23:09:12 RAM 3476/7620MB (lfb 1x2MB) SWAP 2/12002MB (cached 0MB) CPU [1%@1510,1%@1510,2%@1510,0%@1510,1%@1510,4%@1510] GR3D_FREQ 0% cpu@47.093C soc2@46.562C soc0@44.843C gpu@46.718C tj@47.093C soc1@44.843C VDD_IN 4153mW/4177mW VDD_CPU_GPU_CV 996mW/1022mW VDD_SOC 1397mW/1397mW
08-09-2026 23:09:13 RAM 3476/7620MB (lfb 1x2MB) SWAP 2/12002MB (cached 0MB) CPU [2%@1510,1%@1510,3%@1510,2%@1510,1%@1510,3%@1510] GR3D_FREQ 0% cpu@47.093C soc2@46.531C soc0@44.718C gpu@46.781C tj@47.093C soc1@44.875C VDD_IN 4153mW/4176mW VDD_CPU_GPU_CV 996mW/1021mW VDD_SOC 1397mW/1397mW
08-09-2026 23:09:14 RAM 3476/7620MB (lfb 1x2MB) SWAP 2/12002MB (cached 0MB) CPU [1%@1510,0%@1510,0%@1510,1%@1510,1%@1510,4%@1510] GR3D_FREQ 0% cpu@47.218C soc2@46.625C soc0@44.843C gpu@46.843C tj@47.218C soc1@44.75C VDD_IN 4153mW/4176mW VDD_CPU_GPU_CV 996mW/1021mW VDD_SOC 1397mW/1397mW
08-09-2026 23:09:15 RAM 3477/7620MB (lfb 1x2MB) SWAP 2/12002MB (cached 0MB) CPU [0%@1510,2%@1510,2%@1510,1%@1510,3%@1510,4%@1510] GR3D_FREQ 0% cpu@47.406C soc2@46.468C soc0@44.843C gpu@46.812C tj@47.406C soc1@44.75C VDD_IN 4193mW/4176mW VDD_CPU_GPU_CV 1036mW/1021mW VDD_SOC 1397mW/1397mW
08-09-2026 23:09:16 RAM 3477/7620MB (lfb 1x2MB) SWAP 2/12002MB (cached 0MB) CPU [1%@1510,0%@1510,0%@1510,2%@1510,2%@1510,5%@1510] GR3D_FREQ 0% cpu@47.187C soc2@46.5C soc0@44.781C gpu@46.906C tj@47.187C soc1@44.781C VDD_IN 4153mW/4176mW VDD_CPU_GPU_CV 1036mW/1021mW VDD_SOC 1397mW/1397mW
08-09-2026 23:09:17 RAM 3477/7620MB (lfb 1x2MB) SWAP 2/12002MB (cached 0MB) CPU [1%@1510,1%@1510,1%@1510,1%@1510,1%@1510,4%@1510] GR3D_FREQ 0% cpu@47.468C soc2@46.531C soc0@44.75C gpu@46.843C tj@47.468C soc1@44.75C VDD_IN 4153mW/4176mW VDD_CPU_GPU_CV 996mW/1021mW VDD_SOC 1397mW/1397mW
08-09-2026 23:09:19 RAM 3477/7620MB (lfb 1x2MB) SWAP 2/12002MB (cached 0MB) CPU [3%@1510,2%@1510,0%@1510,1%@1510,1%@1510,4%@1510] GR3D_FREQ 0% cpu@47.156C soc2@46.468C soc0@44.812C gpu@46.906C tj@47.156C soc1@44.812C VDD_IN 4153mW/4176mW VDD_CPU_GPU_CV 996mW/1021mW VDD_SOC 1397mW/1397mW
08-09-2026 23:09:20 RAM 3477/7620MB (lfb 1x2MB) SWAP 2/12002MB (cached 0MB) CPU [1%@1510,1%@1510,0%@1510,1%@1510,0%@1510,4%@1510] GR3D_FREQ 0% cpu@47.187C soc2@46.531C soc0@44.875C gpu@46.406C tj@47.187C soc1@45C VDD_IN 4153mW/4175mW VDD_CPU_GPU_CV 996mW/1020mW VDD_SOC 1397mW/1397mW
08-09-2026 23:09:21 RAM 3476/7620MB (lfb 1x2MB) SWAP 2/12002MB (cached 0MB) CPU [3%@1510,3%@1510,4%@1510,3%@1510,7%@1510,6%@1510] GR3D_FREQ 0% cpu@47.312C soc2@46.593C soc0@44.875C gpu@46.406C tj@47.312C soc1@44.781C VDD_IN 4273mW/4176mW VDD_CPU_GPU_CV 1076mW/1021mW VDD_SOC 1397mW/1397mW
08-09-2026 23:09:22 RAM 3476/7620MB (lfb 1x2MB) SWAP 2/12002MB (cached 0MB) CPU [3%@1510,0%@1510,2%@1510,1%@1510,2%@1510,4%@1510] GR3D_FREQ 0% cpu@47.25C soc2@46.5C soc0@44.906C gpu@46.468C tj@47.25C soc1@44.781C VDD_IN 4193mW/4177mW VDD_CPU_GPU_CV 1036mW/1021mW VDD_SOC 1397mW/1397mW
08-09-2026 23:09:23 RAM 3476/7620MB (lfb 1x2MB) SWAP 2/12002MB (cached 0MB) CPU [2%@1510,2%@1510,0%@1510,1%@1510,1%@1510,3%@1510] GR3D_FREQ 0% cpu@47.375C soc2@46.468C soc0@44.781C gpu@46.468C tj@47.375C soc1@44.781C VDD_IN 4153mW/4176mW VDD_CPU_GPU_CV 996mW/1021mW VDD_SOC 1397mW/1397mW
08-09-2026 23:09:24 RAM 3476/7620MB (lfb 1x2MB) SWAP 2/12002MB (cached 0MB) CPU [1%@1510,3%@1510,0%@1510,2%@1510,2%@1510,3%@1510] GR3D_FREQ 0% cpu@47.093C soc2@46.531C soc0@44.812C gpu@46.437C tj@47.093C soc1@44.812C VDD_IN 4153mW/4176mW VDD_CPU_GPU_CV 1036mW/1021mW VDD_SOC 1397mW/1397mW
08-09-2026 23:09:25 RAM 3476/7620MB (lfb 1x2MB) SWAP 2/12002MB (cached 0MB) CPU [2%@1510,1%@1510,0%@1510,1%@1510,3%@1510,3%@1510] GR3D_FREQ 0% cpu@47.218C soc2@46.468C soc0@44.781C gpu@46.625C tj@47.218C soc1@44.781C VDD_IN 4153mW/4176mW VDD_CPU_GPU_CV 996mW/1021mW VDD_SOC 1397mW/1397mW
08-09-2026 23:09:26 RAM 3476/7620MB (lfb 1x2MB) SWAP 2/12002MB (cached 0MB) CPU [2%@1510,2%@1510,0%@1510,4%@1510,4%@1510,5%@1510] GR3D_FREQ 0% cpu@47.125C soc2@46.5C soc0@44.875C gpu@46.656C tj@47.312C soc1@44.718C VDD_IN 4193mW/4176mW VDD_CPU_GPU_CV 1036mW/1021mW VDD_SOC 1397mW/1397mW
08-09-2026 23:09:27 RAM 3476/7620MB (lfb 1x2MB) SWAP 2/12002MB (cached 0MB) CPU [1%@1510,1%@1510,1%@1510,1%@1510,1%@1510,4%@1510] GR3D_FREQ 0% cpu@47.218C soc2@46.531C soc0@44.843C gpu@46.593C tj@47.218C soc1@44.75C VDD_IN 4193mW/4176mW VDD_CPU_GPU_CV 1036mW/1021mW VDD_SOC 1397mW/1397mW
08-09-2026 23:09:28 RAM 3476/7620MB (lfb 1x2MB) SWAP 2/12002MB (cached 0MB) CPU [2%@1510,0%@1510,1%@1510,1%@1510,1%@1510,4%@1510] GR3D_FREQ 0% cpu@47.375C soc2@46.468C soc0@44.718C gpu@46.625C tj@47.375C soc1@44.781C VDD_IN 4193mW/4176mW VDD_CPU_GPU_CV 1036mW/1021mW VDD_SOC 1397mW/1397mW
08-09-2026 23:09:29 RAM 3476/7620MB (lfb 1x2MB) SWAP 2/12002MB (cached 0MB) CPU [2%@1510,1%@1510,1%@1510,1%@1510,1%@1510,4%@1510] GR3D_FREQ 0% cpu@47.062C soc2@46.406C soc0@44.812C gpu@46.562C tj@47.062C soc1@44.843C VDD_IN 4153mW/4176mW VDD_CPU_GPU_CV 1036mW/1021mW VDD_SOC 1397mW/1397mW
08-09-2026 23:09:30 RAM 3476/7620MB (lfb 1x2MB) SWAP 2/12002MB (cached 0MB) CPU [1%@1510,0%@1510,1%@1510,0%@1510,1%@1510,3%@1510] GR3D_FREQ 0% cpu@47.062C soc2@46.5C soc0@44.718C gpu@46.687C tj@47.156C soc1@44.781C VDD_IN 4153mW/4176mW VDD_CPU_GPU_CV 996mW/1021mW VDD_SOC 1397mW/1397mW
08-09-2026 23:09:31 RAM 3475/7620MB (lfb 1x2MB) SWAP 2/12002MB (cached 0MB) CPU [1%@1510,1%@1510,2%@1510,2%@1510,5%@1510,6%@1510] GR3D_FREQ 0% cpu@47.093C soc2@46.5C soc0@44.781C gpu@46.687C tj@47.093C soc1@44.843C VDD_IN 4193mW/4176mW VDD_CPU_GPU_CV 1036mW/1021mW VDD_SOC 1397mW/1397mW
08-09-2026 23:09:32 RAM 3472/7620MB (lfb 2x2MB) SWAP 2/12002MB (cached 0MB) CPU [2%@1510,0%@1510,3%@1510,2%@1510,1%@1510,4%@1510] GR3D_FREQ 0% cpu@47.25C soc2@46.593C soc0@44.781C gpu@46.812C tj@47.25C soc1@45C VDD_IN 4193mW/4176mW VDD_CPU_GPU_CV 1036mW/1021mW VDD_SOC 1397mW/1397mW
08-09-2026 23:09:33 RAM 3472/7620MB (lfb 2x2MB) SWAP 2/12002MB (cached 0MB) CPU [1%@1510,1%@1510,2%@1510,2%@1510,0%@1510,3%@1510] GR3D_FREQ 0% cpu@47.375C soc2@46.468C soc0@44.906C gpu@46.718C tj@47.375C soc1@44.625C VDD_IN 4153mW/4176mW VDD_CPU_GPU_CV 1036mW/1022mW VDD_SOC 1397mW/1397mW
08-09-2026 23:09:34 RAM 3472/7620MB (lfb 2x2MB) SWAP 2/12002MB (cached 0MB) CPU [1%@1510,0%@1510,2%@1510,1%@1510,1%@1510,4%@1510] GR3D_FREQ 0% cpu@47.281C soc2@46.375C soc0@44.843C gpu@46.718C tj@47.281C soc1@44.812C VDD_IN 4153mW/4176mW VDD_CPU_GPU_CV 996mW/1021mW VDD_SOC 1397mW/1397mW
08-09-2026 23:09:35 RAM 3472/7620MB (lfb 2x2MB) SWAP 2/12002MB (cached 0MB) CPU [2%@1510,0%@1510,0%@1510,1%@1510,1%@1510,3%@1510] GR3D_FREQ 0% cpu@47.093C soc2@46.5C soc0@44.812C gpu@46.75C tj@47.093C soc1@44.718C VDD_IN 4153mW/4175mW VDD_CPU_GPU_CV 1036mW/1021mW VDD_SOC 1397mW/1397mW
08-09-2026 23:09:36 RAM 3473/7620MB (lfb 2x2MB) SWAP 2/12002MB (cached 0MB) CPU [2%@1510,1%@1510,2%@1510,2%@1510,1%@1510,8%@1510] GR3D_FREQ 0% cpu@47.125C soc2@46.468C soc0@44.781C gpu@46.843C tj@47.125C soc1@44.843C VDD_IN 4193mW/4176mW VDD_CPU_GPU_CV 1036mW/1022mW VDD_SOC 1397mW/1397mW
08-09-2026 23:09:37 RAM 3474/7620MB (lfb 2x2MB) SWAP 2/12002MB (cached 0MB) CPU [1%@1510,1%@1510,1%@1510,2%@1510,1%@1510,4%@1510] GR3D_FREQ 0% cpu@47.156C soc2@46.562C soc0@44.875C gpu@46.781C tj@47.156C soc1@44.906C VDD_IN 4153mW/4175mW VDD_CPU_GPU_CV 1036mW/1022mW VDD_SOC 1397mW/1397mW
08-09-2026 23:09:38 RAM 3474/7620MB (lfb 2x2MB) SWAP 2/12002MB (cached 0MB) CPU [0%@1510,1%@1510,2%@1510,1%@1510,2%@1510,3%@1510] GR3D_FREQ 0% cpu@47.156C soc2@46.562C soc0@44.937C gpu@46.843C tj@47.156C soc1@44.968C VDD_IN 4153mW/4175mW VDD_CPU_GPU_CV 996mW/1022mW VDD_SOC 1397mW/1397mW
08-09-2026 23:09:39 RAM 3474/7620MB (lfb 2x2MB) SWAP 2/12002MB (cached 0MB) CPU [1%@1510,1%@1510,1%@1510,0%@1510,2%@1510,4%@1510] GR3D_FREQ 0% cpu@47.343C soc2@46.406C soc0@44.968C gpu@46.843C tj@47.343C soc1@44.812C VDD_IN 4153mW/4175mW VDD_CPU_GPU_CV 996mW/1021mW VDD_SOC 1397mW/1397mW
08-09-2026 23:09:40 RAM 3474/7620MB (lfb 2x2MB) SWAP 2/12002MB (cached 0MB) CPU [2%@1510,1%@1510,1%@1510,2%@1510,1%@1510,3%@1510] GR3D_FREQ 0% cpu@47.062C soc2@46.531C soc0@44.968C gpu@46.406C tj@47.062C soc1@44.75C VDD_IN 4153mW/4175mW VDD_CPU_GPU_CV 996mW/1021mW VDD_SOC 1397mW/1397mW
08-09-2026 23:09:41 RAM 3474/7620MB (lfb 2x2MB) SWAP 2/12002MB (cached 0MB) CPU [0%@1510,1%@1510,2%@1510,4%@1510,2%@1510,5%@1510] GR3D_FREQ 0% cpu@47.375C soc2@46.468C soc0@44.875C gpu@46.375C tj@47.375C soc1@44.781C VDD_IN 4193mW/4175mW VDD_CPU_GPU_CV 1036mW/1021mW VDD_SOC 1397mW/1397mW
08-09-2026 23:09:42 RAM 3473/7620MB (lfb 2x2MB) SWAP 2/12002MB (cached 0MB) CPU [1%@1510,2%@1510,2%@1510,2%@1510,2%@1510,3%@1510] GR3D_FREQ 0% cpu@47.031C soc2@46.625C soc0@44.75C gpu@46.375C tj@47.031C soc1@44.843C VDD_IN 4153mW/4175mW VDD_CPU_GPU_CV 1036mW/1021mW VDD_SOC 1397mW/1397mW
08-09-2026 23:09:43 RAM 3474/7620MB (lfb 2x2MB) SWAP 2/12002MB (cached 0MB) CPU [3%@1510,1%@1510,2%@1510,31%@1510,3%@1510,4%@1510] GR3D_FREQ 0% cpu@47.187C soc2@46.562C soc0@44.843C gpu@46.375C tj@47.187C soc1@44.843C VDD_IN 4498mW/4178mW VDD_CPU_GPU_CV 1232mW/1023mW VDD_SOC 1393mW/1397mW
08-09-2026 23:09:44 RAM 3474/7620MB (lfb 2x2MB) SWAP 2/12002MB (cached 0MB) CPU [1%@1510,2%@1510,1%@1510,0%@1510,1%@1510,5%@1510] GR3D_FREQ 0% cpu@47.25C soc2@46.5C soc0@44.875C gpu@46.406C tj@47.25C soc1@44.812C VDD_IN 4193mW/4178mW VDD_CPU_GPU_CV 1036mW/1023mW VDD_SOC 1397mW/1397mW
08-09-2026 23:09:45 RAM 3474/7620MB (lfb 2x2MB) SWAP 2/12002MB (cached 0MB) CPU [1%@1510,2%@1510,2%@1510,1%@1510,2%@1510,4%@1510] GR3D_FREQ 0% cpu@47.062C soc2@46.468C soc0@44.875C gpu@46.593C tj@47.062C soc1@44.687C VDD_IN 4153mW/4178mW VDD_CPU_GPU_CV 996mW/1023mW VDD_SOC 1397mW/1397mW
08-09-2026 23:09:46 RAM 3474/7620MB (lfb 2x2MB) SWAP 2/12002MB (cached 0MB) CPU [1%@1510,2%@1510,2%@1510,4%@1510,1%@1510,4%@1510] GR3D_FREQ 0% cpu@47.406C soc2@46.5C soc0@44.843C gpu@46.593C tj@47.406C soc1@44.843C VDD_IN 4193mW/4178mW VDD_CPU_GPU_CV 1036mW/1023mW VDD_SOC 1397mW/1397mW
08-09-2026 23:09:47 RAM 3474/7620MB (lfb 2x2MB) SWAP 2/12002MB (cached 0MB) CPU [1%@1510,2%@1510,1%@1510,1%@1510,1%@1510,4%@1510] GR3D_FREQ 0% cpu@47.25C soc2@46.5C soc0@44.781C gpu@46.75C tj@47.25C soc1@44.812C VDD_IN 4153mW/4177mW VDD_CPU_GPU_CV 1036mW/1023mW VDD_SOC 1397mW/1397mW
08-09-2026 23:09:48 RAM 3474/7620MB (lfb 2x2MB) SWAP 2/12002MB (cached 0MB) CPU [2%@1510,0%@1510,3%@1510,0%@1510,0%@1510,3%@1510] GR3D_FREQ 0% cpu@47.062C soc2@46.437C soc0@44.781C gpu@46.625C tj@47.062C soc1@44.843C VDD_IN 4193mW/4178mW VDD_CPU_GPU_CV 1036mW/1023mW VDD_SOC 1397mW/1397mW
08-09-2026 23:09:49 RAM 3474/7620MB (lfb 2x2MB) SWAP 2/12002MB (cached 0MB) CPU [1%@1510,1%@1510,1%@1510,0%@1510,1%@1510,5%@1510] GR3D_FREQ 0% cpu@47.281C soc2@46.562C soc0@44.875C gpu@46.562C tj@47.281C soc1@44.906C VDD_IN 4153mW/4177mW VDD_CPU_GPU_CV 996mW/1023mW VDD_SOC 1397mW/1397mW
08-09-2026 23:09:50 RAM 3474/7620MB (lfb 2x2MB) SWAP 2/12002MB (cached 0MB) CPU [1%@1510,1%@1510,1%@1510,2%@1510,0%@1510,3%@1510] GR3D_FREQ 0% cpu@47.156C soc2@46.562C soc0@44.875C gpu@46.718C tj@47.156C soc1@44.687C VDD_IN 4153mW/4177mW VDD_CPU_GPU_CV 996mW/1023mW VDD_SOC 1397mW/1397mW
08-09-2026 23:09:51 RAM 3474/7620MB (lfb 2x2MB) SWAP 2/12002MB (cached 0MB) CPU [3%@1510,2%@1510,1%@1510,4%@1510,1%@1510,7%@1510] GR3D_FREQ 0% cpu@47.375C soc2@46.406C soc0@44.875C gpu@46.718C tj@47.375C soc1@44.812C VDD_IN 4193mW/4177mW VDD_CPU_GPU_CV 1036mW/1023mW VDD_SOC 1397mW/1397mW
08-09-2026 23:09:52 RAM 3474/7620MB (lfb 2x2MB) SWAP 2/12002MB (cached 0MB) CPU [2%@1510,2%@1510,2%@1510,1%@1510,2%@1510,3%@1510] GR3D_FREQ 0% cpu@47.156C soc2@46.531C soc0@44.781C gpu@46.718C tj@47.156C soc1@44.781C VDD_IN 4153mW/4177mW VDD_CPU_GPU_CV 1036mW/1023mW VDD_SOC 1397mW/1397mW
08-09-2026 23:09:53 RAM 3474/7620MB (lfb 2x2MB) SWAP 2/12002MB (cached 0MB) CPU [3%@1510,0%@1510,1%@1510,0%@1510,0%@1510,4%@1510] GR3D_FREQ 0% cpu@47.156C soc2@46.562C soc0@44.781C gpu@46.718C tj@47.156C soc1@44.812C VDD_IN 4153mW/4177mW VDD_CPU_GPU_CV 996mW/1023mW VDD_SOC 1397mW/1397mW
08-09-2026 23:09:54 RAM 3474/7620MB (lfb 2x2MB) SWAP 2/12002MB (cached 0MB) CPU [2%@1510,1%@1510,1%@1510,1%@1510,0%@1510,3%@1510] GR3D_FREQ 0% cpu@47.218C soc2@46.562C soc0@44.875C gpu@46.812C tj@47.218C soc1@44.875C VDD_IN 4153mW/4177mW VDD_CPU_GPU_CV 996mW/1023mW VDD_SOC 1397mW/1397mW
08-09-2026 23:09:55 RAM 3474/7620MB (lfb 2x2MB) SWAP 2/12002MB (cached 0MB) CPU [2%@1510,3%@1510,1%@1510,1%@1510,1%@1510,2%@1510] GR3D_FREQ 0% cpu@47.218C soc2@46.625C soc0@44.843C gpu@46.812C tj@47.218C soc1@44.875C VDD_IN 4153mW/4176mW VDD_CPU_GPU_CV 996mW/1022mW VDD_SOC 1397mW/1397mW
08-09-2026 23:09:56 RAM 3474/7620MB (lfb 2x2MB) SWAP 2/12002MB (cached 0MB) CPU [2%@1510,0%@1510,2%@1510,2%@1510,4%@1510,4%@1510] GR3D_FREQ 0% cpu@47.343C soc2@46.437C soc0@44.875C gpu@46.781C tj@47.343C soc1@44.781C VDD_IN 4193mW/4177mW VDD_CPU_GPU_CV 1036mW/1023mW VDD_SOC 1397mW/1397mW
08-09-2026 23:09:57 RAM 3475/7620MB (lfb 2x2MB) SWAP 2/12002MB (cached 0MB) CPU [1%@1510,1%@1510,2%@1510,2%@1510,0%@1510,3%@1510] GR3D_FREQ 0% cpu@47.187C soc2@46.468C soc0@44.843C gpu@46.843C tj@47.187C soc1@44.75C VDD_IN 4153mW/4176mW VDD_CPU_GPU_CV 1036mW/1023mW VDD_SOC 1397mW/1397mW
08-09-2026 23:09:58 RAM 3475/7620MB (lfb 2x2MB) SWAP 2/12002MB (cached 0MB) CPU [3%@1510,2%@1510,1%@1510,0%@1510,0%@1510,3%@1510] GR3D_FREQ 0% cpu@47.406C soc2@46.5C soc0@44.75C gpu@46.843C tj@47.406C soc1@44.75C VDD_IN 4153mW/4176mW VDD_CPU_GPU_CV 996mW/1022mW VDD_SOC 1397mW/1397mW
08-09-2026 23:09:59 RAM 3475/7620MB (lfb 2x2MB) SWAP 2/12002MB (cached 0MB) CPU [2%@1510,0%@1510,1%@1510,1%@1510,0%@1510,3%@1510] GR3D_FREQ 0% cpu@47.125C soc2@46.531C soc0@44.812C gpu@46.406C tj@47.125C soc1@44.843C VDD_IN 4153mW/4176mW VDD_CPU_GPU_CV 996mW/1022mW VDD_SOC 1397mW/1397mW
08-09-2026 23:10:00 RAM 3475/7620MB (lfb 2x2MB) SWAP 2/12002MB (cached 0MB) CPU [2%@1510,2%@1510,2%@1510,1%@1510,0%@1510,4%@1510] GR3D_FREQ 0% cpu@47.125C soc2@46.531C soc0@44.75C gpu@46.562C tj@47.125C soc1@44.875C VDD_IN 4153mW/4176mW VDD_CPU_GPU_CV 1036mW/1022mW VDD_SOC 1397mW/1397mW
08-09-2026 23:10:01 RAM 3474/7620MB (lfb 2x2MB) SWAP 2/12002MB (cached 0MB) CPU [2%@1510,0%@1510,3%@1510,2%@1510,4%@1510,4%@1510] GR3D_FREQ 0% cpu@47.375C soc2@46.531C soc0@44.875C gpu@46.5C tj@47.375C soc1@44.687C VDD_IN 4193mW/4176mW VDD_CPU_GPU_CV 1036mW/1022mW VDD_SOC 1397mW/1397mW
08-09-2026 23:10:02 RAM 3474/7620MB (lfb 2x2MB) SWAP 2/12002MB (cached 0MB) CPU [2%@1510,2%@1510,3%@1510,1%@1510,1%@1510,1%@1510] GR3D_FREQ 0% cpu@47.281C soc2@46.437C soc0@44.906C gpu@46.5C tj@47.187C soc1@44.812C VDD_IN 4153mW/4176mW VDD_CPU_GPU_CV 996mW/1022mW VDD_SOC 1397mW/1397mW
08-09-2026 23:10:03 RAM 3474/7620MB (lfb 2x2MB) SWAP 2/12002MB (cached 0MB) CPU [3%@1510,1%@1510,3%@1510,1%@1510,0%@1510,2%@1510] GR3D_FREQ 0% cpu@47.5C soc2@46.5C soc0@44.687C gpu@46.562C tj@47.5C soc1@44.781C VDD_IN 4153mW/4176mW VDD_CPU_GPU_CV 996mW/1022mW VDD_SOC 1397mW/1397mW
08-09-2026 23:10:04 RAM 3474/7620MB (lfb 2x2MB) SWAP 2/12002MB (cached 0MB) CPU [0%@1510,1%@1510,2%@1510,2%@1510,0%@1510,1%@1510] GR3D_FREQ 0% cpu@47.031C soc2@46.437C soc0@44.781C gpu@46.5C tj@47.031C soc1@44.843C VDD_IN 4153mW/4175mW VDD_CPU_GPU_CV 996mW/1022mW VDD_SOC 1397mW/1397mW
08-09-2026 23:10:05 RAM 3474/7620MB (lfb 2x2MB) SWAP 2/12002MB (cached 0MB) CPU [3%@1510,1%@1510,3%@1510,1%@1510,1%@1510,1%@1510] GR3D_FREQ 0% cpu@47.156C soc2@46.5C soc0@44.843C gpu@46.625C tj@47.156C soc1@44.843C VDD_IN 4153mW/4175mW VDD_CPU_GPU_CV 996mW/1022mW VDD_SOC 1397mW/1397mW
08-09-2026 23:10:06 RAM 3474/7620MB (lfb 2x2MB) SWAP 2/12002MB (cached 0MB) CPU [3%@1510,2%@1510,4%@1510,1%@1510,5%@1510,2%@1510] GR3D_FREQ 0% cpu@47.343C soc2@46.593C soc0@44.812C gpu@46.656C tj@47.343C soc1@44.937C VDD_IN 4153mW/4175mW VDD_CPU_GPU_CV 1036mW/1022mW VDD_SOC 1397mW/1397mW
08-09-2026 23:10:07 RAM 3474/7620MB (lfb 2x2MB) SWAP 2/12002MB (cached 0MB) CPU [1%@1510,1%@1510,2%@1510,2%@1510,1%@1510,1%@1510] GR3D_FREQ 0% cpu@47.156C soc2@46.437C soc0@44.906C gpu@46.625C tj@47.156C soc1@44.781C VDD_IN 4153mW/4175mW VDD_CPU_GPU_CV 996mW/1022mW VDD_SOC 1397mW/1397mW
08-09-2026 23:10:08 RAM 3474/7620MB (lfb 2x2MB) SWAP 2/12002MB (cached 0MB) CPU [3%@1510,3%@1510,4%@1510,0%@1510,0%@1510,1%@1510] GR3D_FREQ 0% cpu@47.437C soc2@46.468C soc0@44.687C gpu@46.375C tj@47.437C soc1@44.718C VDD_IN 4153mW/4175mW VDD_CPU_GPU_CV 996mW/1021mW VDD_SOC 1397mW/1397mW
08-09-2026 23:10:09 RAM 3474/7620MB (lfb 2x2MB) SWAP 2/12002MB (cached 0MB) CPU [1%@1510,1%@1510,3%@1510,1%@1510,0%@1510,0%@1510] GR3D_FREQ 0% cpu@47.093C soc2@46.5C soc0@44.75C gpu@46.468C tj@47.093C soc1@44.718C VDD_IN 4153mW/4175mW VDD_CPU_GPU_CV 996mW/1021mW VDD_SOC 1397mW/1397mW
08-09-2026 23:10:10 RAM 3474/7620MB (lfb 2x2MB) SWAP 2/12002MB (cached 0MB) CPU [2%@1510,2%@1510,4%@1510,4%@1510,2%@1510,0%@1510] GR3D_FREQ 0% cpu@47.093C soc2@46.531C soc0@44.843C gpu@46.437C tj@47.125C soc1@44.843C VDD_IN 4193mW/4175mW VDD_CPU_GPU_CV 1036mW/1021mW VDD_SOC 1397mW/1397mW
08-09-2026 23:10:11 RAM 3474/7620MB (lfb 2x2MB) SWAP 2/12002MB (cached 0MB) CPU [2%@1510,2%@1510,5%@1510,1%@1510,1%@1510,4%@1510] GR3D_FREQ 0% cpu@47.156C soc2@46.468C soc0@44.781C gpu@46.437C tj@47.406C soc1@44.875C VDD_IN 4193mW/4175mW VDD_CPU_GPU_CV 1036mW/1021mW VDD_SOC 1397mW/1397mW
08-09-2026 23:10:12 RAM 3473/7620MB (lfb 2x2MB) SWAP 2/12002MB (cached 0MB) CPU [1%@1510,0%@1510,4%@1510,2%@1510,1%@1510,1%@1510] GR3D_FREQ 0% cpu@47.25C soc2@46.5C soc0@44.875C gpu@46.406C tj@47.25C soc1@44.75C VDD_IN 4153mW/4175mW VDD_CPU_GPU_CV 1036mW/1021mW VDD_SOC 1397mW/1397mW
08-09-2026 23:10:13 RAM 3473/7620MB (lfb 2x2MB) SWAP 2/12002MB (cached 0MB) CPU [4%@1510,1%@1510,3%@1510,1%@1510,1%@1510,0%@1510] GR3D_FREQ 0% cpu@47.375C soc2@46.437C soc0@44.843C gpu@46.468C tj@47.375C soc1@44.75C VDD_IN 4153mW/4175mW VDD_CPU_GPU_CV 1036mW/1022mW VDD_SOC 1397mW/1397mW
08-09-2026 23:10:14 RAM 3473/7620MB (lfb 2x2MB) SWAP 2/12002MB (cached 0MB) CPU [2%@1510,2%@1510,3%@1510,0%@1510,0%@1510,1%@1510] GR3D_FREQ 0% cpu@47.093C soc2@46.468C soc0@44.843C gpu@46.437C tj@47.093C soc1@44.812C VDD_IN 4153mW/4174mW VDD_CPU_GPU_CV 996mW/1021mW VDD_SOC 1397mW/1397mW
08-09-2026 23:10:15 RAM 3473/7620MB (lfb 2x2MB) SWAP 2/12002MB (cached 0MB) CPU [2%@1510,1%@1510,3%@1510,1%@1510,1%@1510,1%@1510] GR3D_FREQ 0% cpu@47.156C soc2@46.562C soc0@44.781C gpu@46.5C tj@47.156C soc1@44.843C VDD_IN 4153mW/4174mW VDD_CPU_GPU_CV 996mW/1021mW VDD_SOC 1397mW/1397mW
08-09-2026 23:10:16 RAM 3472/7620MB (lfb 2x2MB) SWAP 2/12002MB (cached 0MB) CPU [2%@1510,3%@1510,3%@1510,3%@1510,2%@1510,2%@1510] GR3D_FREQ 0% cpu@47.062C soc2@46.625C soc0@44.906C gpu@46.437C tj@47.062C soc1@44.843C VDD_IN 4193mW/4174mW VDD_CPU_GPU_CV 1036mW/1021mW VDD_SOC 1397mW/1397mW
08-09-2026 23:10:17 RAM 3473/7620MB (lfb 2x2MB) SWAP 2/12002MB (cached 0MB) CPU [2%@1510,2%@1510,3%@1510,1%@1510,2%@1510,1%@1510] GR3D_FREQ 0% cpu@47.312C soc2@46.593C soc0@44.875C gpu@46.75C tj@47.312C soc1@44.75C VDD_IN 4153mW/4174mW VDD_CPU_GPU_CV 1036mW/1021mW VDD_SOC 1397mW/1397mW
08-09-2026 23:10:18 RAM 3473/7620MB (lfb 2x2MB) SWAP 2/12002MB (cached 0MB) CPU [2%@1510,1%@1510,2%@1510,0%@1510,1%@1510,0%@1510] GR3D_FREQ 0% cpu@47.406C soc2@46.375C soc0@44.906C gpu@46.812C tj@47.406C soc1@44.812C VDD_IN 4273mW/4175mW VDD_CPU_GPU_CV 1036mW/1021mW VDD_SOC 1397mW/1397mW
08-09-2026 23:10:19 RAM 3473/7620MB (lfb 2x2MB) SWAP 2/12002MB (cached 0MB) CPU [1%@1510,3%@1510,2%@1510,0%@1510,1%@1510,0%@1510] GR3D_FREQ 0% cpu@47.125C soc2@46.468C soc0@44.781C gpu@46.812C tj@47.125C soc1@44.781C VDD_IN 4153mW/4175mW VDD_CPU_GPU_CV 996mW/1021mW VDD_SOC 1397mW/1397mW
08-09-2026 23:10:20 RAM 3473/7620MB (lfb 2x2MB) SWAP 2/12002MB (cached 0MB) CPU [2%@1510,1%@1510,3%@1510,1%@1510,2%@1510,0%@1510] GR3D_FREQ 0% cpu@46.968C soc2@46.562C soc0@44.718C gpu@46.843C tj@46.968C soc1@44.843C VDD_IN 4153mW/4175mW VDD_CPU_GPU_CV 1036mW/1021mW VDD_SOC 1397mW/1397mW
08-09-2026 23:10:21 RAM 3473/7620MB (lfb 2x2MB) SWAP 2/12002MB (cached 0MB) CPU [2%@1510,2%@1510,4%@1510,1%@1510,2%@1510,4%@1510] GR3D_FREQ 0% cpu@47.093C soc2@46.593C soc0@44.812C gpu@46.843C tj@47.093C soc1@44.875C VDD_IN 4193mW/4175mW VDD_CPU_GPU_CV 1036mW/1021mW VDD_SOC 1397mW/1397mW
08-09-2026 23:10:22 RAM 3473/7620MB (lfb 2x2MB) SWAP 2/12002MB (cached 0MB) CPU [2%@1510,2%@1510,3%@1510,0%@1510,2%@1510,1%@1510] GR3D_FREQ 0% cpu@47.281C soc2@46.406C soc0@44.875C gpu@46.843C tj@47.281C soc1@45C VDD_IN 4153mW/4175mW VDD_CPU_GPU_CV 996mW/1021mW VDD_SOC 1397mW/1397mW
08-09-2026 23:10:23 RAM 3473/7620MB (lfb 2x2MB) SWAP 2/12002MB (cached 0MB) CPU [2%@1510,2%@1510,3%@1510,0%@1510,2%@1510,1%@1510] GR3D_FREQ 0% cpu@47.343C soc2@46.406C soc0@44.843C gpu@46.906C tj@47.343C soc1@44.75C VDD_IN 4153mW/4174mW VDD_CPU_GPU_CV 996mW/1021mW VDD_SOC 1397mW/1397mW
08-09-2026 23:10:24 RAM 3472/7620MB (lfb 2x2MB) SWAP 2/12002MB (cached 0MB) CPU [2%@1510,2%@1510,2%@1510,3%@1510,1%@1510,2%@1510] GR3D_FREQ 0% cpu@47.281C soc2@46.468C soc0@44.906C gpu@46.375C tj@47.062C soc1@44.687C VDD_IN 4153mW/4174mW VDD_CPU_GPU_CV 996mW/1021mW VDD_SOC 1397mW/1397mW
08-09-2026 23:10:25 RAM 3472/7620MB (lfb 2x2MB) SWAP 2/12002MB (cached 0MB) CPU [2%@1510,2%@1510,3%@1510,1%@1510,2%@1510,1%@1510] GR3D_FREQ 0% cpu@47.562C soc2@46.468C soc0@44.75C gpu@46.375C tj@47.562C soc1@44.75C VDD_IN 4153mW/4174mW VDD_CPU_GPU_CV 996mW/1021mW VDD_SOC 1397mW/1397mW
08-09-2026 23:10:26 RAM 3473/7620MB (lfb 2x2MB) SWAP 2/12002MB (cached 0MB) CPU [2%@1510,2%@1510,4%@1510,1%@1510,6%@1510,1%@1510] GR3D_FREQ 0% cpu@47.156C soc2@46.5C soc0@44.781C gpu@46.437C tj@47.156C soc1@44.781C VDD_IN 4153mW/4174mW VDD_CPU_GPU_CV 1036mW/1021mW VDD_SOC 1397mW/1397mW
08-09-2026 23:10:27 RAM 3473/7620MB (lfb 2x2MB) SWAP 2/12002MB (cached 0MB) CPU [3%@1510,1%@1510,3%@1510,1%@1510,1%@1510,2%@1510] GR3D_FREQ 0% cpu@47.187C soc2@46.562C soc0@44.812C gpu@46.5C tj@47.187C soc1@44.843C VDD_IN 4153mW/4174mW VDD_CPU_GPU_CV 996mW/1021mW VDD_SOC 1397mW/1397mW
08-09-2026 23:10:28 RAM 3473/7620MB (lfb 2x2MB) SWAP 2/12002MB (cached 0MB) CPU [1%@1510,2%@1510,3%@1510,1%@1510,2%@1510,1%@1510] GR3D_FREQ 0% cpu@47.343C soc2@46.375C soc0@44.875C gpu@46.562C tj@47.343C soc1@44.687C VDD_IN 4153mW/4174mW VDD_CPU_GPU_CV 996mW/1021mW VDD_SOC 1397mW/1397mW
08-09-2026 23:10:29 RAM 3473/7620MB (lfb 2x2MB) SWAP 2/12002MB (cached 0MB) CPU [3%@1510,2%@1510,3%@1510,0%@1510,1%@1510,0%@1510] GR3D_FREQ 0% cpu@47.25C soc2@46.437C soc0@44.875C gpu@46.562C tj@47.25C soc1@44.75C VDD_IN 4153mW/4174mW VDD_CPU_GPU_CV 996mW/1020mW VDD_SOC 1397mW/1397mW
08-09-2026 23:10:30 RAM 3473/7620MB (lfb 2x2MB) SWAP 2/12002MB (cached 0MB) CPU [1%@1510,2%@1510,3%@1510,0%@1510,2%@1510,1%@1510] GR3D_FREQ 0% cpu@47.468C soc2@46.375C soc0@44.718C gpu@46.531C tj@47.468C soc1@44.75C VDD_IN 4153mW/4173mW VDD_CPU_GPU_CV 996mW/1020mW VDD_SOC 1397mW/1397mW
08-09-2026 23:10:31 RAM 3473/7620MB (lfb 2x2MB) SWAP 2/12002MB (cached 0MB) CPU [1%@1510,2%@1510,4%@1510,3%@1510,4%@1510,1%@1510] GR3D_FREQ 0% cpu@47.093C soc2@46.468C soc0@44.75C gpu@46.593C tj@47.093C soc1@44.75C VDD_IN 4153mW/4173mW VDD_CPU_GPU_CV 1036mW/1020mW VDD_SOC 1397mW/1397mW
08-09-2026 23:10:32 RAM 3473/7620MB (lfb 2x2MB) SWAP 2/12002MB (cached 0MB) CPU [1%@1510,1%@1510,4%@1510,0%@1510,1%@1510,1%@1510] GR3D_FREQ 0% cpu@47.031C soc2@46.437C soc0@44.75C gpu@46.531C tj@47.031C soc1@44.843C VDD_IN 4153mW/4173mW VDD_CPU_GPU_CV 996mW/1020mW VDD_SOC 1397mW/1397mW
08-09-2026 23:10:33 RAM 3473/7620MB (lfb 2x2MB) SWAP 2/12002MB (cached 0MB) CPU [1%@1510,1%@1510,3%@1510,1%@1510,2%@1510,1%@1510] GR3D_FREQ 0% cpu@47.125C soc2@46.375C soc0@44.781C gpu@46.656C tj@47.125C soc1@44.781C VDD_IN 4153mW/4173mW VDD_CPU_GPU_CV 996mW/1020mW VDD_SOC 1397mW/1397mW
08-09-2026 23:10:34 RAM 3473/7620MB (lfb 2x2MB) SWAP 2/12002MB (cached 0MB) CPU [2%@1510,1%@1510,4%@1510,1%@1510,1%@1510,2%@1510] GR3D_FREQ 0% cpu@47.25C soc2@46.437C soc0@44.843C gpu@46.718C tj@47.25C soc1@44.656C VDD_IN 4153mW/4173mW VDD_CPU_GPU_CV 996mW/1020mW VDD_SOC 1397mW/1397mW
08-09-2026 23:10:35 RAM 3473/7620MB (lfb 2x2MB) SWAP 2/12002MB (cached 0MB) CPU [2%@1510,0%@1510,3%@1510,1%@1510,1%@1510,2%@1510] GR3D_FREQ 0% cpu@47.406C soc2@46.437C soc0@44.875C gpu@46.656C tj@47.406C soc1@44.718C VDD_IN 4153mW/4173mW VDD_CPU_GPU_CV 996mW/1020mW VDD_SOC 1397mW/1397mW
08-09-2026 23:10:36 RAM 3473/7620MB (lfb 2x2MB) SWAP 2/12002MB (cached 0MB) CPU [1%@1510,1%@1510,4%@1510,1%@1510,2%@1510,5%@1510] GR3D_FREQ 0% cpu@47.375C soc2@46.437C soc0@44.718C gpu@46.593C tj@47.375C soc1@44.718C VDD_IN 4153mW/4173mW VDD_CPU_GPU_CV 1036mW/1020mW VDD_SOC 1397mW/1397mW
08-09-2026 23:10:37 RAM 3473/7620MB (lfb 2x2MB) SWAP 2/12002MB (cached 0MB) CPU [2%@1510,1%@1510,4%@1510,2%@1510,2%@1510,2%@1510] GR3D_FREQ 0% cpu@47.062C soc2@46.437C soc0@44.75C gpu@46.75C tj@47.062C soc1@44.812C VDD_IN 4153mW/4173mW VDD_CPU_GPU_CV 1036mW/1020mW VDD_SOC 1397mW/1397mW
08-09-2026 23:10:38 RAM 3473/7620MB (lfb 2x2MB) SWAP 2/12002MB (cached 0MB) CPU [1%@1510,1%@1510,3%@1510,1%@1510,0%@1510,2%@1510] GR3D_FREQ 0% cpu@47.156C soc2@46.437C soc0@44.781C gpu@46.625C tj@47.156C soc1@44.75C VDD_IN 4153mW/4172mW VDD_CPU_GPU_CV 996mW/1020mW VDD_SOC 1397mW/1397mW
08-09-2026 23:10:39 RAM 3473/7620MB (lfb 2x2MB) SWAP 2/12002MB (cached 0MB) CPU [1%@1510,1%@1510,3%@1510,1%@1510,1%@1510,2%@1510] GR3D_FREQ 0% cpu@47.156C soc2@46.562C soc0@44.875C gpu@46.687C tj@47.156C soc1@44.687C VDD_IN 4153mW/4172mW VDD_CPU_GPU_CV 996mW/1020mW VDD_SOC 1397mW/1397mW
08-09-2026 23:10:40 RAM 3473/7620MB (lfb 2x2MB) SWAP 2/12002MB (cached 0MB) CPU [3%@1510,1%@1510,2%@1510,3%@1510,2%@1510,1%@1510] GR3D_FREQ 0% cpu@47.437C soc2@46.375C soc0@44.875C gpu@46.812C tj@47.437C soc1@44.656C VDD_IN 4153mW/4172mW VDD_CPU_GPU_CV 996mW/1020mW VDD_SOC 1397mW/1397mW
08-09-2026 23:10:41 RAM 3473/7620MB (lfb 2x2MB) SWAP 2/12002MB (cached 0MB) CPU [0%@1510,0%@1510,5%@1510,2%@1510,4%@1510,1%@1510] GR3D_FREQ 0% cpu@47.218C soc2@46.375C soc0@44.781C gpu@46.781C tj@47.218C soc1@44.718C VDD_IN 4153mW/4172mW VDD_CPU_GPU_CV 996mW/1019mW VDD_SOC 1397mW/1397mW
08-09-2026 23:10:42 RAM 3473/7620MB (lfb 2x2MB) SWAP 2/12002MB (cached 0MB) CPU [2%@1510,1%@1510,4%@1510,1%@1510,1%@1510,1%@1510] GR3D_FREQ 0% cpu@47.093C soc2@46.406C soc0@44.781C gpu@46.812C tj@47.093C soc1@44.687C VDD_IN 4153mW/4172mW VDD_CPU_GPU_CV 996mW/1019mW VDD_SOC 1397mW/1397mW
08-09-2026 23:10:43 RAM 3473/7620MB (lfb 2x2MB) SWAP 2/12002MB (cached 0MB) CPU [2%@1510,1%@1510,4%@1510,0%@1510,0%@1510,1%@1510] GR3D_FREQ 0% cpu@47.093C soc2@46.5C soc0@44.718C gpu@46.437C tj@47.093C soc1@44.781C VDD_IN 4153mW/4172mW VDD_CPU_GPU_CV 996mW/1019mW VDD_SOC 1397mW/1397mW
08-09-2026 23:10:44 RAM 3473/7620MB (lfb 2x2MB) SWAP 2/12002MB (cached 0MB) CPU [2%@1510,1%@1510,4%@1510,0%@1510,1%@1510,1%@1510] GR3D_FREQ 0% cpu@47.093C soc2@46.468C soc0@44.781C gpu@46.5C tj@47.093C soc1@44.843C VDD_IN 4153mW/4172mW VDD_CPU_GPU_CV 996mW/1019mW VDD_SOC 1397mW/1397mW
08-09-2026 23:10:45 RAM 3473/7620MB (lfb 2x2MB) SWAP 2/12002MB (cached 0MB) CPU [2%@1510,0%@1510,3%@1510,1%@1510,4%@1510,0%@1510] GR3D_FREQ 0% cpu@47.125C soc2@46.468C soc0@44.843C gpu@46.468C tj@47.125C soc1@44.843C VDD_IN 4153mW/4172mW VDD_CPU_GPU_CV 996mW/1019mW VDD_SOC 1397mW/1397mW
08-09-2026 23:10:46 RAM 3473/7620MB (lfb 2x2MB) SWAP 2/12002MB (cached 0MB) CPU [1%@1510,0%@1510,4%@1510,4%@1510,2%@1510,2%@1510] GR3D_FREQ 0% cpu@47.218C soc2@46.437C soc0@44.875C gpu@46.468C tj@47.218C soc1@44.687C VDD_IN 4153mW/4172mW VDD_CPU_GPU_CV 996mW/1019mW VDD_SOC 1397mW/1397mW
08-09-2026 23:10:47 RAM 3474/7620MB (lfb 2x2MB) SWAP 2/12002MB (cached 0MB) CPU [2%@1510,1%@1510,4%@1510,2%@1510,3%@1510,2%@1510] GR3D_FREQ 0% cpu@47.062C soc2@46.468C soc0@44.687C gpu@46.468C tj@47.062C soc1@44.75C VDD_IN 4153mW/4171mW VDD_CPU_GPU_CV 1036mW/1019mW VDD_SOC 1397mW/1397mW
08-09-2026 23:10:48 RAM 3474/7620MB (lfb 2x2MB) SWAP 2/12002MB (cached 0MB) CPU [3%@1510,0%@1510,2%@1510,0%@1510,1%@1510,2%@1510] GR3D_FREQ 0% cpu@47.281C soc2@46.406C soc0@44.718C gpu@46.5C tj@47.281C soc1@44.75C VDD_IN 4153mW/4171mW VDD_CPU_GPU_CV 996mW/1019mW VDD_SOC 1397mW/1397mW
08-09-2026 23:10:49 RAM 3474/7620MB (lfb 2x2MB) SWAP 2/12002MB (cached 0MB) CPU [0%@1510,0%@1510,2%@1510,2%@1510,2%@1510,1%@1510] GR3D_FREQ 0% cpu@46.968C soc2@46.5C soc0@44.781C gpu@46.531C tj@46.968C soc1@44.75C VDD_IN 4153mW/4171mW VDD_CPU_GPU_CV 996mW/1019mW VDD_SOC 1397mW/1397mW
08-09-2026 23:10:50 RAM 3474/7620MB (lfb 2x2MB) SWAP 2/12002MB (cached 0MB) CPU [1%@1510,1%@1510,2%@1510,1%@1510,1%@1510,2%@1510] GR3D_FREQ 0% cpu@47.093C soc2@46.437C soc0@44.718C gpu@46.562C tj@47.093C soc1@44.875C VDD_IN 4153mW/4171mW VDD_CPU_GPU_CV 996mW/1018mW VDD_SOC 1397mW/1397mW
08-09-2026 23:10:51 RAM 3474/7620MB (lfb 2x2MB) SWAP 2/12002MB (cached 0MB) CPU [2%@1510,0%@1510,4%@1510,1%@1510,4%@1510,2%@1510] GR3D_FREQ 0% cpu@47.25C soc2@46.468C soc0@44.75C gpu@46.593C tj@47.25C soc1@44.937C VDD_IN 4153mW/4171mW VDD_CPU_GPU_CV 996mW/1018mW VDD_SOC 1397mW/1397mW
08-09-2026 23:10:52 RAM 3474/7620MB (lfb 2x2MB) SWAP 2/12002MB (cached 0MB) CPU [1%@1510,1%@1510,4%@1510,1%@1510,3%@1510,2%@1510] GR3D_FREQ 0% cpu@47.125C soc2@46.406C soc0@44.906C gpu@46.593C tj@47.125C soc1@44.687C VDD_IN 4153mW/4171mW VDD_CPU_GPU_CV 996mW/1018mW VDD_SOC 1397mW/1397mW
08-09-2026 23:10:53 RAM 3474/7620MB (lfb 2x2MB) SWAP 2/12002MB (cached 0MB) CPU [1%@1510,1%@1510,3%@1510,0%@1510,2%@1510,0%@1510] GR3D_FREQ 0% cpu@47.406C soc2@46.375C soc0@44.687C gpu@46.562C tj@47.406C soc1@44.75C VDD_IN 4153mW/4171mW VDD_CPU_GPU_CV 996mW/1018mW VDD_SOC 1397mW/1397mW
08-09-2026 23:10:54 RAM 3474/7620MB (lfb 2x2MB) SWAP 2/12002MB (cached 0MB) CPU [1%@1510,1%@1510,3%@1510,1%@1510,2%@1510,1%@1510] GR3D_FREQ 0% cpu@47.031C soc2@46.437C soc0@44.718C gpu@46.562C tj@47.031C soc1@44.781C VDD_IN 4153mW/4171mW VDD_CPU_GPU_CV 996mW/1018mW VDD_SOC 1397mW/1397mW
08-09-2026 23:10:55 RAM 3473/7620MB (lfb 2x2MB) SWAP 2/12002MB (cached 0MB) CPU [1%@1510,0%@1510,3%@1510,1%@1510,1%@1510,1%@1510] GR3D_FREQ 0% cpu@47.093C soc2@46.468C soc0@44.843C gpu@46.718C tj@47.093C soc1@44.812C VDD_IN 4153mW/4171mW VDD_CPU_GPU_CV 996mW/1018mW VDD_SOC 1397mW/1397mW
08-09-2026 23:10:56 RAM 3474/7620MB (lfb 2x2MB) SWAP 2/12002MB (cached 0MB) CPU [2%@1510,2%@1510,4%@1510,2%@1510,2%@1510,4%@1510] GR3D_FREQ 0% cpu@47.093C soc2@46.468C soc0@44.875C gpu@46.687C tj@47.093C soc1@44.875C VDD_IN 4153mW/4171mW VDD_CPU_GPU_CV 996mW/1018mW VDD_SOC 1397mW/1397mW
08-09-2026 23:10:57 RAM 3473/7620MB (lfb 2x2MB) SWAP 2/12002MB (cached 0MB) CPU [1%@1510,1%@1510,4%@1510,2%@1510,3%@1510,1%@1510] GR3D_FREQ 0% cpu@47.093C soc2@46.531C soc0@44.843C gpu@46.687C tj@47.093C soc1@44.75C VDD_IN 4153mW/4170mW VDD_CPU_GPU_CV 996mW/1018mW VDD_SOC 1397mW/1397mW
08-09-2026 23:10:58 RAM 3473/7620MB (lfb 2x2MB) SWAP 2/12002MB (cached 0MB) CPU [1%@1510,1%@1510,3%@1510,1%@1510,2%@1510,0%@1510] GR3D_FREQ 0% cpu@47.375C soc2@46.406C soc0@44.875C gpu@46.75C tj@47.375C soc1@44.625C VDD_IN 4153mW/4170mW VDD_CPU_GPU_CV 996mW/1017mW VDD_SOC 1397mW/1397mW
08-09-2026 23:10:59 RAM 3473/7620MB (lfb 2x2MB) SWAP 2/12002MB (cached 0MB) CPU [2%@1510,1%@1510,3%@1510,1%@1510,1%@1510,0%@1510] GR3D_FREQ 0% cpu@47.156C soc2@46.406C soc0@44.718C gpu@46.687C tj@47.031C soc1@44.687C VDD_IN 4153mW/4170mW VDD_CPU_GPU_CV 1036mW/1018mW VDD_SOC 1397mW/1397mW
08-09-2026 23:11:00 RAM 3473/7620MB (lfb 2x2MB) SWAP 2/12002MB (cached 0MB) CPU [3%@1510,1%@1510,3%@1510,3%@1510,3%@1510,1%@1510] GR3D_FREQ 0% cpu@47.406C soc2@46.468C soc0@44.781C gpu@46.718C tj@47.156C soc1@44.781C VDD_IN 4193mW/4170mW VDD_CPU_GPU_CV 1036mW/1018mW VDD_SOC 1397mW/1397mW
08-09-2026 23:11:01 RAM 3473/7620MB (lfb 2x2MB) SWAP 2/12002MB (cached 0MB) CPU [3%@1510,1%@1510,4%@1510,0%@1510,3%@1510,3%@1510] GR3D_FREQ 0% cpu@47.031C soc2@46.5C soc0@44.843C gpu@46.531C tj@47.031C soc1@44.843C VDD_IN 4153mW/4170mW VDD_CPU_GPU_CV 1036mW/1018mW VDD_SOC 1397mW/1397mW
08-09-2026 23:11:02 RAM 3472/7620MB (lfb 2x2MB) SWAP 2/12002MB (cached 0MB) CPU [3%@1510,1%@1510,4%@1510,1%@1510,2%@1510,3%@1510] GR3D_FREQ 0% cpu@47.156C soc2@46.531C soc0@44.781C gpu@46.5C tj@47.156C soc1@44.843C VDD_IN 4153mW/4170mW VDD_CPU_GPU_CV 996mW/1018mW VDD_SOC 1397mW/1397mW
08-09-2026 23:11:03 RAM 3472/7620MB (lfb 2x2MB) SWAP 2/12002MB (cached 0MB) CPU [3%@1510,1%@1510,3%@1510,1%@1510,1%@1510,0%@1510] GR3D_FREQ 0% cpu@47.312C soc2@46.406C soc0@44.781C gpu@46.5C tj@47.312C soc1@44.718C VDD_IN 4153mW/4170mW VDD_CPU_GPU_CV 996mW/1017mW VDD_SOC 1397mW/1397mW
08-09-2026 23:11:04 RAM 3472/7620MB (lfb 2x2MB) SWAP 2/12002MB (cached 0MB) CPU [2%@1510,1%@1510,2%@1510,0%@1510,1%@1510,0%@1510] GR3D_FREQ 0% cpu@47.125C soc2@46.437C soc0@44.875C gpu@46.468C tj@47.125C soc1@44.781C VDD_IN 4153mW/4170mW VDD_CPU_GPU_CV 996mW/1017mW VDD_SOC 1397mW/1397mW
08-09-2026 23:11:05 RAM 3472/7620MB (lfb 2x2MB) SWAP 2/12002MB (cached 0MB) CPU [4%@1510,1%@1510,3%@1510,1%@1510,4%@1510,0%@1510] GR3D_FREQ 0% cpu@47.375C soc2@46.5C soc0@44.718C gpu@46.468C tj@47.375C soc1@44.687C VDD_IN 4233mW/4170mW VDD_CPU_GPU_CV 1036mW/1017mW VDD_SOC 1397mW/1397mW
08-09-2026 23:11:06 RAM 3472/7620MB (lfb 2x2MB) SWAP 2/12002MB (cached 0MB) CPU [1%@1510,2%@1510,3%@1510,0%@1510,2%@1510,1%@1510] GR3D_FREQ 0% cpu@47.093C soc2@46.468C soc0@44.718C gpu@46.5C tj@47.093C soc1@44.75C VDD_IN 4153mW/4170mW VDD_CPU_GPU_CV 996mW/1017mW VDD_SOC 1397mW/1397mW
08-09-2026 23:11:07 RAM 3470/7620MB (lfb 2x2MB) SWAP 2/12002MB (cached 0MB) CPU [3%@1510,5%@1510,5%@1510,1%@1510,4%@1510,4%@1510] GR3D_FREQ 0% cpu@47.093C soc2@46.406C soc0@44.781C gpu@46.5C tj@47.093C soc1@44.906C VDD_IN 4193mW/4170mW VDD_CPU_GPU_CV 1036mW/1017mW VDD_SOC 1397mW/1397mW
08-09-2026 23:11:08 RAM 3470/7620MB (lfb 2x2MB) SWAP 2/12002MB (cached 0MB) CPU [3%@1510,1%@1510,2%@1510,0%@1510,1%@1510,0%@1510] GR3D_FREQ 0% cpu@47.312C soc2@46.562C soc0@44.781C gpu@46.468C tj@47.312C soc1@44.718C VDD_IN 4153mW/4170mW VDD_CPU_GPU_CV 996mW/1017mW VDD_SOC 1397mW/1397mW
08-09-2026 23:11:09 RAM 3470/7620MB (lfb 2x2MB) SWAP 2/12002MB (cached 0MB) CPU [1%@1510,2%@1510,3%@1510,1%@1510,2%@1510,1%@1510] GR3D_FREQ 0% cpu@47.156C soc2@46.343C soc0@44.812C gpu@46.562C tj@47.156C soc1@44.593C VDD_IN 4153mW/4170mW VDD_CPU_GPU_CV 996mW/1017mW VDD_SOC 1397mW/1397mW
08-09-2026 23:11:10 RAM 3472/7620MB (lfb 2x2MB) SWAP 2/12002MB (cached 0MB) CPU [3%@1510,1%@1510,4%@1510,5%@1510,3%@1510,1%@1510] GR3D_FREQ 0% cpu@47.406C soc2@46.437C soc0@44.687C gpu@46.562C tj@47.406C soc1@44.718C VDD_IN 4273mW/4171mW VDD_CPU_GPU_CV 1076mW/1018mW VDD_SOC 1395mW/1397mW
08-09-2026 23:11:11 RAM 3471/7620MB (lfb 2x2MB) SWAP 2/12002MB (cached 0MB) CPU [2%@1510,2%@1510,4%@1510,1%@1510,1%@1510,1%@1510] GR3D_FREQ 0% cpu@47.093C soc2@46.468C soc0@44.812C gpu@46.562C tj@47.093C soc1@44.781C VDD_IN 4193mW/4171mW VDD_CPU_GPU_CV 1036mW/1018mW VDD_SOC 1397mW/1397mW
08-09-2026 23:11:12 RAM 3471/7620MB (lfb 2x2MB) SWAP 2/12002MB (cached 0MB) CPU [1%@1510,1%@1510,4%@1510,2%@1510,2%@1510,1%@1510] GR3D_FREQ 0% cpu@47.093C soc2@46.437C soc0@44.718C gpu@46.531C tj@47.093C soc1@44.812C VDD_IN 4153mW/4171mW VDD_CPU_GPU_CV 996mW/1018mW VDD_SOC 1397mW/1397mW
08-09-2026 23:11:13 RAM 3471/7620MB (lfb 2x2MB) SWAP 2/12002MB (cached 0MB) CPU [2%@1510,1%@1510,4%@1510,1%@1510,1%@1510,0%@1510] GR3D_FREQ 0% cpu@47.031C soc2@46.437C soc0@44.843C gpu@46.625C tj@47.031C soc1@44.812C VDD_IN 4153mW/4171mW VDD_CPU_GPU_CV 996mW/1017mW VDD_SOC 1397mW/1397mW
08-09-2026 23:11:14 RAM 3471/7620MB (lfb 2x2MB) SWAP 2/12002MB (cached 0MB) CPU [1%@1510,1%@1510,4%@1510,1%@1510,1%@1510,1%@1510] GR3D_FREQ 0% cpu@47.187C soc2@46.375C soc0@44.875C gpu@46.718C tj@47.187C soc1@44.656C VDD_IN 4153mW/4171mW VDD_CPU_GPU_CV 996mW/1017mW VDD_SOC 1397mW/1397mW
08-09-2026 23:11:15 RAM 3471/7620MB (lfb 2x2MB) SWAP 2/12002MB (cached 0MB) CPU [1%@1510,0%@1510,4%@1510,1%@1510,4%@1510,0%@1510] GR3D_FREQ 0% cpu@47.375C soc2@46.375C soc0@44.875C gpu@46.375C tj@47.375C soc1@44.656C VDD_IN 4233mW/4171mW VDD_CPU_GPU_CV 1076mW/1018mW VDD_SOC 1397mW/1397mW
08-09-2026 23:11:16 RAM 3471/7620MB (lfb 2x2MB) SWAP 2/12002MB (cached 0MB) CPU [2%@1510,3%@1510,3%@1510,0%@1510,3%@1510,2%@1510] GR3D_FREQ 0% cpu@47.187C soc2@46.375C soc0@44.812C gpu@46.375C tj@47.187C soc1@44.718C VDD_IN 4193mW/4171mW VDD_CPU_GPU_CV 1036mW/1018mW VDD_SOC 1397mW/1397mW
08-09-2026 23:11:17 RAM 3471/7620MB (lfb 2x2MB) SWAP 2/12002MB (cached 0MB) CPU [1%@1510,0%@1510,3%@1510,0%@1510,3%@1510,1%@1510] GR3D_FREQ 0% cpu@47.031C soc2@46.468C soc0@44.75C gpu@46.375C tj@47.031C soc1@44.718C VDD_IN 4153mW/4171mW VDD_CPU_GPU_CV 996mW/1018mW VDD_SOC 1397mW/1397mW
08-09-2026 23:11:18 RAM 3471/7620MB (lfb 2x2MB) SWAP 2/12002MB (cached 0MB) CPU [2%@1510,1%@1510,3%@1510,1%@1510,2%@1510,1%@1510] GR3D_FREQ 0% cpu@47.031C soc2@46.468C soc0@44.75C gpu@46.312C tj@47.031C soc1@44.781C VDD_IN 4153mW/4171mW VDD_CPU_GPU_CV 996mW/1017mW VDD_SOC 1397mW/1397mW
08-09-2026 23:11:19 RAM 3471/7620MB (lfb 2x2MB) SWAP 2/12002MB (cached 0MB) CPU [3%@1510,0%@1510,3%@1510,0%@1510,1%@1510,0%@1510] GR3D_FREQ 0% cpu@47.125C soc2@46.5C soc0@44.75C gpu@46.375C tj@47.125C soc1@44.843C VDD_IN 4153mW/4171mW VDD_CPU_GPU_CV 996mW/1017mW VDD_SOC 1397mW/1397mW
08-09-2026 23:11:20 RAM 3471/7620MB (lfb 2x2MB) SWAP 2/12002MB (cached 0MB) CPU [0%@1510,0%@1510,3%@1510,1%@1510,3%@1510,1%@1510] GR3D_FREQ 0% cpu@47.093C soc2@46.437C soc0@44.875C gpu@46.375C tj@47.343C soc1@44.625C VDD_IN 4233mW/4171mW VDD_CPU_GPU_CV 1036mW/1017mW VDD_SOC 1397mW/1397mW
08-09-2026 23:11:21 RAM 3471/7620MB (lfb 2x2MB) SWAP 2/12002MB (cached 0MB) CPU [2%@1510,2%@1510,3%@1510,2%@1510,3%@1510,0%@1510] GR3D_FREQ 0% cpu@47.187C soc2@46.437C soc0@44.812C gpu@46.437C tj@47.187C soc1@44.718C VDD_IN 4193mW/4171mW VDD_CPU_GPU_CV 1036mW/1018mW VDD_SOC 1397mW/1397mW
08-09-2026 23:11:22 RAM 3471/7620MB (lfb 2x2MB) SWAP 2/12002MB (cached 0MB) CPU [1%@1510,1%@1510,3%@1510,0%@1510,2%@1510,1%@1510] GR3D_FREQ 0% cpu@47C soc2@46.406C soc0@44.687C gpu@46.375C tj@47C soc1@44.687C VDD_IN 4153mW/4171mW VDD_CPU_GPU_CV 996mW/1017mW VDD_SOC 1397mW/1397mW
08-09-2026 23:11:23 RAM 3471/7620MB (lfb 2x2MB) SWAP 2/12002MB (cached 0MB) CPU [3%@1510,1%@1510,3%@1510,1%@1510,2%@1510,0%@1510] GR3D_FREQ 0% cpu@47.281C soc2@46.468C soc0@44.781C gpu@46.468C tj@47.062C soc1@44.781C VDD_IN 4153mW/4171mW VDD_CPU_GPU_CV 1036mW/1017mW VDD_SOC 1397mW/1397mW
08-09-2026 23:11:24 RAM 3471/7620MB (lfb 2x2MB) SWAP 2/12002MB (cached 0MB) CPU [1%@1510,2%@1510,3%@1510,0%@1510,2%@1510,0%@1510] GR3D_FREQ 0% cpu@47C soc2@46.375C soc0@44.75C gpu@46.5C tj@47C soc1@44.781C VDD_IN 4153mW/4171mW VDD_CPU_GPU_CV 996mW/1017mW VDD_SOC 1397mW/1397mW
08-09-2026 23:11:25 RAM 3471/7620MB (lfb 2x2MB) SWAP 2/12002MB (cached 0MB) CPU [3%@1510,2%@1510,3%@1510,1%@1510,2%@1510,3%@1510] GR3D_FREQ 0% cpu@47.093C soc2@46.468C soc0@44.843C gpu@46.437C tj@47.093C soc1@44.781C VDD_IN 4233mW/4171mW VDD_CPU_GPU_CV 1076mW/1018mW VDD_SOC 1397mW/1397mW
08-09-2026 23:11:26 RAM 3471/7620MB (lfb 2x2MB) SWAP 2/12002MB (cached 0MB) CPU [2%@1510,3%@1510,2%@1510,1%@1510,2%@1510,1%@1510] GR3D_FREQ 0% cpu@47.218C soc2@46.375C soc0@44.812C gpu@46.406C tj@47.218C soc1@44.656C VDD_IN 4193mW/4171mW VDD_CPU_GPU_CV 1036mW/1018mW VDD_SOC 1397mW/1397mW
08-09-2026 23:11:27 RAM 3471/7620MB (lfb 2x2MB) SWAP 2/12002MB (cached 0MB) CPU [3%@1510,1%@1510,3%@1510,0%@1510,1%@1510,0%@1510] GR3D_FREQ 0% cpu@47.093C soc2@46.406C soc0@44.687C gpu@46.437C tj@47.093C soc1@44.656C VDD_IN 4153mW/4171mW VDD_CPU_GPU_CV 996mW/1018mW VDD_SOC 1397mW/1397mW
08-09-2026 23:11:28 RAM 3471/7620MB (lfb 2x2MB) SWAP 2/12002MB (cached 0MB) CPU [3%@1510,3%@1510,2%@1510,0%@1510,1%@1510,1%@1510] GR3D_FREQ 0% cpu@47.343C soc2@46.375C soc0@44.656C gpu@46.5C tj@47.281C soc1@44.781C VDD_IN 4153mW/4171mW VDD_CPU_GPU_CV 996mW/1018mW VDD_SOC 1397mW/1397mW
08-09-2026 23:11:29 RAM 3471/7620MB (lfb 2x2MB) SWAP 2/12002MB (cached 0MB) CPU [2%@1510,2%@1510,2%@1510,0%@1510,0%@1510,0%@1510] GR3D_FREQ 0% cpu@47C soc2@46.375C soc0@44.812C gpu@46.531C tj@47C soc1@44.75C VDD_IN 4153mW/4171mW VDD_CPU_GPU_CV 996mW/1017mW VDD_SOC 1397mW/1397mW
08-09-2026 23:11:30 RAM 3472/7620MB (lfb 2x2MB) SWAP 2/12002MB (cached 0MB) CPU [4%@1510,2%@1510,3%@1510,1%@1510,1%@1510,4%@1510] GR3D_FREQ 0% cpu@47.093C soc2@46.437C soc0@44.656C gpu@46.5C tj@47.093C soc1@44.781C VDD_IN 4233mW/4171mW VDD_CPU_GPU_CV 1036mW/1018mW VDD_SOC 1397mW/1397mW
08-09-2026 23:11:31 RAM 3473/7620MB (lfb 2x2MB) SWAP 2/12002MB (cached 0MB) CPU [1%@1510,3%@1510,3%@1510,1%@1510,1%@1510,1%@1510] GR3D_FREQ 0% cpu@47.218C soc2@46.5C soc0@44.75C gpu@46.531C tj@47.218C soc1@44.656C VDD_IN 4193mW/4171mW VDD_CPU_GPU_CV 1036mW/1018mW VDD_SOC 1397mW/1397mW
08-09-2026 23:11:32 RAM 3473/7620MB (lfb 2x2MB) SWAP 2/12002MB (cached 0MB) CPU [2%@1510,1%@1510,3%@1510,1%@1510,1%@1510,2%@1510] GR3D_FREQ 0% cpu@47.125C soc2@46.375C soc0@44.812C gpu@46.5C tj@47.125C soc1@44.562C VDD_IN 4153mW/4171mW VDD_CPU_GPU_CV 996mW/1018mW VDD_SOC 1397mW/1397mW
08-09-2026 23:11:33 RAM 3473/7620MB (lfb 2x2MB) SWAP 2/12002MB (cached 0MB) CPU [2%@1510,0%@1510,3%@1510,0%@1510,2%@1510,0%@1510] GR3D_FREQ 0% cpu@47.218C soc2@46.375C soc0@44.843C gpu@46.531C tj@47.218C soc1@44.687C VDD_IN 4153mW/4171mW VDD_CPU_GPU_CV 996mW/1017mW VDD_SOC 1397mW/1397mW
08-09-2026 23:11:34 RAM 3473/7620MB (lfb 2x2MB) SWAP 2/12002MB (cached 0MB) CPU [2%@1510,1%@1510,2%@1510,1%@1510,1%@1510,1%@1510] GR3D_FREQ 0% cpu@47.093C soc2@46.375C soc0@44.625C gpu@46.5C tj@47.093C soc1@44.718C VDD_IN 4153mW/4171mW VDD_CPU_GPU_CV 996mW/1017mW VDD_SOC 1397mW/1397mW
08-09-2026 23:11:35 RAM 3472/7620MB (lfb 2x2MB) SWAP 2/12002MB (cached 0MB) CPU [1%@1510,1%@1510,5%@1510,2%@1510,6%@1510,2%@1510] GR3D_FREQ 0% cpu@47C soc2@46.437C soc0@44.781C gpu@46.625C tj@47C soc1@44.687C VDD_IN 4233mW/4171mW VDD_CPU_GPU_CV 1036mW/1017mW VDD_SOC 1397mW/1397mW
08-09-2026 23:11:36 RAM 3472/7620MB (lfb 2x2MB) SWAP 2/12002MB (cached 0MB) CPU [2%@1510,1%@1510,3%@1510,2%@1510,2%@1510,2%@1510] GR3D_FREQ 0% cpu@47.062C soc2@46.406C soc0@44.812C gpu@46.562C tj@47.062C soc1@44.781C VDD_IN 4193mW/4171mW VDD_CPU_GPU_CV 1036mW/1017mW VDD_SOC 1397mW/1397mW
08-09-2026 23:11:37 RAM 3472/7620MB (lfb 2x2MB) SWAP 2/12002MB (cached 0MB) CPU [3%@1510,2%@1510,2%@1510,1%@1510,0%@1510,0%@1510] GR3D_FREQ 0% cpu@47.093C soc2@46.406C soc0@44.781C gpu@46.593C tj@47.093C soc1@44.781C VDD_IN 4153mW/4171mW VDD_CPU_GPU_CV 996mW/1017mW VDD_SOC 1397mW/1397mW
08-09-2026 23:11:38 RAM 3472/7620MB (lfb 2x2MB) SWAP 2/12002MB (cached 0MB) CPU [3%@1510,2%@1510,2%@1510,0%@1510,1%@1510,1%@1510] GR3D_FREQ 0% cpu@47.218C soc2@46.375C soc0@44.781C gpu@46.562C tj@47.218C soc1@44.625C VDD_IN 4153mW/4171mW VDD_CPU_GPU_CV 996mW/1017mW VDD_SOC 1397mW/1397mW
08-09-2026 23:11:39 RAM 3472/7620MB (lfb 2x2MB) SWAP 2/12002MB (cached 0MB) CPU [2%@1510,0%@1510,2%@1510,0%@1510,2%@1510,1%@1510] GR3D_FREQ 0% cpu@47.125C soc2@46.281C soc0@44.781C gpu@46.625C tj@47.093C soc1@44.75C VDD_IN 4153mW/4171mW VDD_CPU_GPU_CV 996mW/1017mW VDD_SOC 1397mW/1397mW
08-09-2026 23:11:40 RAM 3472/7620MB (lfb 2x2MB) SWAP 2/12002MB (cached 0MB) CPU [2%@1510,0%@1510,3%@1510,2%@1510,2%@1510,4%@1510] GR3D_FREQ 0% cpu@47.312C soc2@46.375C soc0@44.656C gpu@46.718C tj@47.312C soc1@44.625C VDD_IN 4193mW/4171mW VDD_CPU_GPU_CV 1036mW/1017mW VDD_SOC 1397mW/1397mW
08-09-2026 23:11:41 RAM 3472/7620MB (lfb 2x2MB) SWAP 2/12002MB (cached 0MB) CPU [1%@1510,3%@1510,4%@1510,2%@1510,2%@1510,1%@1510] GR3D_FREQ 0% cpu@47.031C soc2@46.375C soc0@44.718C gpu@46.625C tj@47.031C soc1@44.687C VDD_IN 4193mW/4171mW VDD_CPU_GPU_CV 1036mW/1017mW VDD_SOC 1397mW/1397mW
08-09-2026 23:11:42 RAM 3472/7620MB (lfb 2x2MB) SWAP 2/12002MB (cached 0MB) CPU [3%@1510,2%@1510,4%@1510,0%@1510,2%@1510,1%@1510] GR3D_FREQ 0% cpu@47.031C soc2@46.406C soc0@44.75C gpu@46.781C tj@47.031C soc1@44.75C VDD_IN 4153mW/4171mW VDD_CPU_GPU_CV 996mW/1017mW VDD_SOC 1397mW/1397mW
08-09-2026 23:11:43 RAM 3472/7620MB (lfb 2x2MB) SWAP 2/12002MB (cached 0MB) CPU [1%@1510,1%@1510,3%@1510,0%@1510,1%@1510,0%@1510] GR3D_FREQ 0% cpu@47.031C soc2@46.468C soc0@44.812C gpu@46.718C tj@47.031C soc1@44.781C VDD_IN 4153mW/4171mW VDD_CPU_GPU_CV 996mW/1017mW VDD_SOC 1397mW/1397mW
08-09-2026 23:11:44 RAM 3472/7620MB (lfb 2x2MB) SWAP 2/12002MB (cached 0MB) CPU [3%@1510,1%@1510,2%@1510,2%@1510,2%@1510,1%@1510] GR3D_FREQ 0% cpu@47.093C soc2@46.5C soc0@44.718C gpu@46.781C tj@47.093C soc1@44.843C VDD_IN 4153mW/4171mW VDD_CPU_GPU_CV 996mW/1017mW VDD_SOC 1397mW/1397mW
08-09-2026 23:11:45 RAM 3472/7620MB (lfb 2x2MB) SWAP 2/12002MB (cached 0MB) CPU [1%@1510,1%@1510,4%@1510,3%@1510,2%@1510,5%@1510] GR3D_FREQ 0% cpu@47.406C soc2@46.375C soc0@44.812C gpu@46.75C tj@47.406C soc1@44.593C VDD_IN 4193mW/4171mW VDD_CPU_GPU_CV 1036mW/1017mW VDD_SOC 1397mW/1397mW
08-09-2026 23:11:46 RAM 3472/7620MB (lfb 2x2MB) SWAP 2/12002MB (cached 0MB) CPU [1%@1510,0%@1510,4%@1510,3%@1510,4%@1510,2%@1510] GR3D_FREQ 0% cpu@46.968C soc2@46.406C soc0@44.687C gpu@46.375C tj@46.968C soc1@44.625C VDD_IN 4193mW/4171mW VDD_CPU_GPU_CV 1036mW/1017mW VDD_SOC 1397mW/1397mW
08-09-2026 23:11:47 RAM 3473/7620MB (lfb 2x2MB) SWAP 2/12002MB (cached 0MB) CPU [2%@1510,0%@1510,3%@1510,26%@1510,1%@1510,1%@1510] GR3D_FREQ 0% cpu@47.468C soc2@46.406C soc0@44.718C gpu@46.75C tj@47.468C soc1@44.75C VDD_IN 4538mW/4173mW VDD_CPU_GPU_CV 1271mW/1018mW VDD_SOC 1393mW/1397mW
08-09-2026 23:11:48 RAM 3474/7620MB (lfb 2x2MB) SWAP 2/12002MB (cached 0MB) CPU [1%@1510,1%@1510,1%@1510,23%@1510,0%@1510,0%@1510] GR3D_FREQ 0% cpu@47.187C soc2@46.375C soc0@44.656C gpu@46.375C tj@47.187C soc1@44.656C VDD_IN 4233mW/4173mW VDD_CPU_GPU_CV 1036mW/1018mW VDD_SOC 1397mW/1397mW
08-09-2026 23:11:49 RAM 3474/7620MB (lfb 2x2MB) SWAP 2/12002MB (cached 0MB) CPU [0%@1510,0%@1510,0%@1510,0%@1510,0%@1510,0%@1510] GR3D_FREQ 0% cpu@47.187C soc2@46.375C soc0@44.718C gpu@46.718C tj@47.187C soc1@44.812C VDD_IN 4113mW/4173mW VDD_CPU_GPU_CV 996mW/1018mW VDD_SOC 1397mW/1397mW
08-09-2026 23:11:50 RAM 3475/7620MB (lfb 2x2MB) SWAP 2/12002MB (cached 0MB) CPU [1%@1510,2%@1510,1%@1510,3%@1510,0%@1510,0%@1510] GR3D_FREQ 0% cpu@47.343C soc2@46.437C soc0@44.875C gpu@46.843C tj@47.343C soc1@44.625C VDD_IN 4153mW/4173mW VDD_CPU_GPU_CV 996mW/1018mW VDD_SOC 1397mW/1397mW
08-09-2026 23:11:51 RAM 3476/7620MB (lfb 2x2MB) SWAP 2/12002MB (cached 0MB) CPU [2%@1510,0%@1510,1%@1510,0%@1510,0%@1510,1%@1510] GR3D_FREQ 0% cpu@47.062C soc2@46.375C soc0@44.687C gpu@46.437C tj@47.062C soc1@44.625C VDD_IN 4113mW/4173mW VDD_CPU_GPU_CV 996mW/1018mW VDD_SOC 1397mW/1397mW
08-09-2026 23:11:52 RAM 3476/7620MB (lfb 2x2MB) SWAP 2/12002MB (cached 0MB) CPU [0%@1510,1%@1510,0%@1510,0%@1510,0%@1510,0%@1510] GR3D_FREQ 0% cpu@47.031C soc2@46.406C soc0@44.687C gpu@46.437C tj@47.031C soc1@44.718C VDD_IN 4073mW/4172mW VDD_CPU_GPU_CV 956mW/1018mW VDD_SOC 1397mW/1397mW
08-09-2026 23:11:53 RAM 3476/7620MB (lfb 2x2MB) SWAP 2/12002MB (cached 0MB) CPU [1%@1510,0%@1510,0%@1510,1%@1510,0%@1510,0%@1510] GR3D_FREQ 0% cpu@47.187C soc2@46.468C soc0@44.843C gpu@46.375C tj@47.187C soc1@44.843C VDD_IN 4073mW/4172mW VDD_CPU_GPU_CV 956mW/1018mW VDD_SOC 1397mW/1397mW
08-09-2026 23:11:54 RAM 3476/7620MB (lfb 2x2MB) SWAP 2/12002MB (cached 0MB) CPU [2%@1510,2%@1510,0%@1510,0%@1510,0%@1510,1%@1510] GR3D_FREQ 0% cpu@47.031C soc2@46.343C soc0@44.875C gpu@46.343C tj@47.031C soc1@44.656C VDD_IN 4113mW/4171mW VDD_CPU_GPU_CV 996mW/1017mW VDD_SOC 1397mW/1397mW
08-09-2026 23:11:55 RAM 3476/7620MB (lfb 2x2MB) SWAP 2/12002MB (cached 0MB) CPU [0%@1510,1%@1510,0%@1510,3%@1510,0%@1510,1%@1510] GR3D_FREQ 0% cpu@47.25C soc2@46.437C soc0@44.75C gpu@46.468C tj@47.25C soc1@44.718C VDD_IN 4153mW/4171mW VDD_CPU_GPU_CV 996mW/1017mW VDD_SOC 1397mW/1397mW
08-09-2026 23:11:56 RAM 3477/7620MB (lfb 2x2MB) SWAP 2/12002MB (cached 0MB) CPU [1%@1510,1%@1510,1%@1510,0%@1510,0%@1510,0%@1510] GR3D_FREQ 0% cpu@47.031C soc2@46.375C soc0@44.718C gpu@46.531C tj@47.062C soc1@44.781C VDD_IN 4113mW/4171mW VDD_CPU_GPU_CV 996mW/1017mW VDD_SOC 1397mW/1397mW
08-09-2026 23:11:57 RAM 3042/7620MB (lfb 26x4MB) SWAP 2/12002MB (cached 0MB) CPU [1%@1510,0%@1510,2%@1510,0%@1510,0%@1510,0%@1510] GR3D_FREQ 0% cpu@47C soc2@46.375C soc0@44.812C gpu@46.375C tj@47.312C soc1@44.625C VDD_IN 4113mW/4171mW VDD_CPU_GPU_CV 996mW/1017mW VDD_SOC 1397mW/1397mW
08-09-2026 23:11:58 RAM 3042/7620MB (lfb 26x4MB) SWAP 2/12002MB (cached 0MB) CPU [0%@1510,0%@1510,0%@1510,1%@1510,0%@1510,0%@1510] GR3D_FREQ 0% cpu@47.156C soc2@46.375C soc0@44.718C gpu@46.343C tj@47.156C soc1@44.625C VDD_IN 4113mW/4171mW VDD_CPU_GPU_CV 996mW/1017mW VDD_SOC 1397mW/1397mW
08-09-2026 23:11:59 RAM 3042/7620MB (lfb 26x4MB) SWAP 2/12002MB (cached 0MB) CPU [1%@1510,0%@1510,1%@1510,0%@1510,0%@1510,1%@1510] GR3D_FREQ 0% cpu@47.031C soc2@46.375C soc0@44.75C gpu@46.343C tj@47.031C soc1@44.625C VDD_IN 4073mW/4170mW VDD_CPU_GPU_CV 956mW/1017mW VDD_SOC 1397mW/1397mW
08-09-2026 23:12:00 RAM 3043/7620MB (lfb 26x4MB) SWAP 2/12002MB (cached 0MB) CPU [0%@1510,0%@1510,2%@1510,0%@1510,4%@1510,1%@1510] GR3D_FREQ 0% cpu@47.031C soc2@46.375C soc0@44.75C gpu@46.468C tj@47.031C soc1@44.843C VDD_IN 4153mW/4170mW VDD_CPU_GPU_CV 996mW/1017mW VDD_SOC 1397mW/1397mW
