08-09-2026 20:19:09 RAM 2978/7620MB (lfb 18x4MB) SWAP 2/12002MB (cached 0MB) CPU [4%@729,2%@729,3%@729,6%@729,4%@1190,2%@1190] GR3D_FREQ 0% cpu@45.125C soc2@44.593C soc0@43.125C gpu@44.5C tj@45.125C soc1@43.031C VDD_IN 3280mW/3280mW VDD_CPU_GPU_CV 599mW/599mW VDD_SOC 1080mW/1080mW
08-09-2026 20:19:10 RAM 2978/7620MB (lfb 18x4MB) SWAP 2/12002MB (cached 0MB) CPU [3%@729,0%@729,3%@729,2%@729,9%@960,3%@960] GR3D_FREQ 0% cpu@45.218C soc2@44.531C soc0@43.031C gpu@44.875C tj@45.218C soc1@42.968C VDD_IN 3200mW/3240mW VDD_CPU_GPU_CV 559mW/579mW VDD_SOC 1080mW/1080mW
08-09-2026 20:19:11 RAM 2977/7620MB (lfb 18x4MB) SWAP 2/12002MB (cached 0MB) CPU [3%@729,3%@729,2%@729,0%@729,2%@729,1%@729] GR3D_FREQ 0% cpu@45.375C soc2@44.468C soc0@43.125C gpu@44.875C tj@45.375C soc1@42.937C VDD_IN 3160mW/3213mW VDD_CPU_GPU_CV 519mW/559mW VDD_SOC 1080mW/1080mW
08-09-2026 20:19:12 RAM 2977/7620MB (lfb 18x4MB) SWAP 2/12002MB (cached 0MB) CPU [1%@729,0%@729,1%@729,0%@729,0%@729,1%@729] GR3D_FREQ 0% cpu@45.093C soc2@44.468C soc0@43C gpu@44.343C tj@45.093C soc1@42.906C VDD_IN 3160mW/3200mW VDD_CPU_GPU_CV 519mW/549mW VDD_SOC 1080mW/1080mW
08-09-2026 20:19:13 RAM 2978/7620MB (lfb 18x4MB) SWAP 2/12002MB (cached 0MB) CPU [1%@729,1%@729,1%@729,1%@729,1%@729,0%@729] GR3D_FREQ 0% cpu@45.156C soc2@44.437C soc0@43C gpu@44.437C tj@45.156C soc1@43C VDD_IN 3160mW/3192mW VDD_CPU_GPU_CV 519mW/543mW VDD_SOC 1080mW/1080mW
08-09-2026 20:19:14 RAM 2978/7620MB (lfb 18x4MB) SWAP 2/12002MB (cached 0MB) CPU [2%@729,4%@729,2%@729,7%@729,2%@729,2%@729] GR3D_FREQ 0% cpu@45.281C soc2@44.531C soc0@43.093C gpu@44.5C tj@45.281C soc1@42.937C VDD_IN 3280mW/3206mW VDD_CPU_GPU_CV 599mW/552mW VDD_SOC 1080mW/1080mW
08-09-2026 20:19:15 RAM 2978/7620MB (lfb 18x4MB) SWAP 2/12002MB (cached 0MB) CPU [2%@729,3%@729,2%@729,0%@729,2%@729,2%@729] GR3D_FREQ 0% cpu@45.593C soc2@44.437C soc0@42.937C gpu@44.375C tj@45.593C soc1@42.937C VDD_IN 3200mW/3205mW VDD_CPU_GPU_CV 559mW/553mW VDD_SOC 1080mW/1080mW
08-09-2026 20:19:16 RAM 2978/7620MB (lfb 18x4MB) SWAP 2/12002MB (cached 0MB) CPU [0%@729,0%@729,0%@729,1%@729,1%@729,0%@729] GR3D_FREQ 0% cpu@45.062C soc2@44.468C soc0@42.968C gpu@44.593C tj@45.062C soc1@43.125C VDD_IN 3160mW/3200mW VDD_CPU_GPU_CV 519mW/549mW VDD_SOC 1080mW/1080mW
08-09-2026 20:19:17 RAM 2978/7620MB (lfb 18x4MB) SWAP 2/12002MB (cached 0MB) CPU [2%@729,2%@729,0%@729,1%@729,1%@729,1%@729] GR3D_FREQ 0% cpu@45.156C soc2@44.468C soc0@43.031C gpu@44.562C tj@45.156C soc1@43.093C VDD_IN 3160mW/3195mW VDD_CPU_GPU_CV 519mW/545mW VDD_SOC 1080mW/1080mW
08-09-2026 20:19:18 RAM 2978/7620MB (lfb 18x4MB) SWAP 2/12002MB (cached 0MB) CPU [0%@729,1%@729,2%@729,1%@729,1%@729,0%@729] GR3D_FREQ 0% cpu@45.312C soc2@44.406C soc0@43.093C gpu@44.5C tj@45.312C soc1@42.906C VDD_IN 3160mW/3192mW VDD_CPU_GPU_CV 519mW/543mW VDD_SOC 1080mW/1080mW
08-09-2026 20:19:19 RAM 2978/7620MB (lfb 18x4MB) SWAP 2/12002MB (cached 0MB) CPU [1%@729,1%@729,1%@729,1%@729,1%@729,0%@729] GR3D_FREQ 0% cpu@45.031C soc2@44.531C soc0@43.031C gpu@44.406C tj@45.031C soc1@42.968C VDD_IN 3160mW/3189mW VDD_CPU_GPU_CV 519mW/540mW VDD_SOC 1080mW/1080mW
08-09-2026 20:19:20 RAM 2978/7620MB (lfb 18x4MB) SWAP 2/12002MB (cached 0MB) CPU [1%@729,2%@729,2%@729,1%@729,1%@729,1%@729] GR3D_FREQ 0% cpu@45.125C soc2@44.531C soc0@42.937C gpu@44.406C tj@45.125C soc1@43.093C VDD_IN 3160mW/3186mW VDD_CPU_GPU_CV 519mW/539mW VDD_SOC 1080mW/1080mW
08-09-2026 20:19:21 RAM 2978/7620MB (lfb 18x4MB) SWAP 2/12002MB (cached 0MB) CPU [1%@729,1%@729,1%@729,3%@729,0%@729,0%@729] GR3D_FREQ 0% cpu@45.25C soc2@44.468C soc0@43.093C gpu@44.5C tj@45.25C soc1@42.906C VDD_IN 3160mW/3184mW VDD_CPU_GPU_CV 519mW/537mW VDD_SOC 1080mW/1080mW
08-09-2026 20:19:22 RAM 2978/7620MB (lfb 18x4MB) SWAP 2/12002MB (cached 0MB) CPU [1%@729,1%@729,2%@729,1%@729,1%@729,0%@729] GR3D_FREQ 0% cpu@45.062C soc2@44.5C soc0@42.875C gpu@44.562C tj@45.062C soc1@42.968C VDD_IN 3160mW/3182mW VDD_CPU_GPU_CV 519mW/536mW VDD_SOC 1080mW/1080mW
08-09-2026 20:19:23 RAM 2978/7620MB (lfb 18x4MB) SWAP 2/12002MB (cached 0MB) CPU [1%@729,1%@729,2%@729,2%@729,0%@729,1%@729] GR3D_FREQ 0% cpu@45.062C soc2@44.437C soc0@42.937C gpu@44.312C tj@45.062C soc1@42.968C VDD_IN 3160mW/3181mW VDD_CPU_GPU_CV 519mW/535mW VDD_SOC 1080mW/1080mW
08-09-2026 20:19:24 RAM 2978/7620MB (lfb 18x4MB) SWAP 2/12002MB (cached 0MB) CPU [2%@729,1%@729,1%@729,1%@729,0%@729,0%@729] GR3D_FREQ 0% cpu@45.156C soc2@44.531C soc0@43.031C gpu@44.281C tj@45.156C soc1@43.031C VDD_IN 3160mW/3180mW VDD_CPU_GPU_CV 519mW/534mW VDD_SOC 1080mW/1080mW
08-09-2026 20:19:25 RAM 2978/7620MB (lfb 18x4MB) SWAP 2/12002MB (cached 0MB) CPU [1%@729,2%@729,0%@729,2%@729,0%@729,1%@729] GR3D_FREQ 0% cpu@45.437C soc2@44.468C soc0@43.062C gpu@44.593C tj@45.437C soc1@42.937C VDD_IN 3160mW/3178mW VDD_CPU_GPU_CV 519mW/533mW VDD_SOC 1080mW/1080mW
08-09-2026 20:19:26 RAM 2978/7620MB (lfb 18x4MB) SWAP 2/12002MB (cached 0MB) CPU [0%@729,2%@729,1%@729,2%@729,1%@729,1%@729] GR3D_FREQ 0% cpu@45.031C soc2@44.468C soc0@42.968C gpu@44.593C tj@45.031C soc1@42.937C VDD_IN 3160mW/3177mW VDD_CPU_GPU_CV 519mW/532mW VDD_SOC 1080mW/1080mW
08-09-2026 20:19:27 RAM 2978/7620MB (lfb 18x4MB) SWAP 2/12002MB (cached 0MB) CPU [1%@729,0%@729,1%@729,2%@729,0%@729,1%@729] GR3D_FREQ 0% cpu@45.156C soc2@44.468C soc0@43.031C gpu@44.343C tj@45.156C soc1@43.062C VDD_IN 3160mW/3176mW VDD_CPU_GPU_CV 519mW/531mW VDD_SOC 1080mW/1080mW
08-09-2026 20:19:28 RAM 2978/7620MB (lfb 18x4MB) SWAP 2/12002MB (cached 0MB) CPU [0%@729,2%@729,1%@729,1%@729,0%@729,1%@729] GR3D_FREQ 0% cpu@45.281C soc2@44.562C soc0@43.125C gpu@44.406C tj@45.281C soc1@42.906C VDD_IN 3120mW/3174mW VDD_CPU_GPU_CV 519mW/531mW VDD_SOC 1040mW/1078mW
08-09-2026 20:19:29 RAM 2978/7620MB (lfb 18x4MB) SWAP 2/12002MB (cached 0MB) CPU [1%@729,2%@729,2%@729,1%@729,0%@729,0%@729] GR3D_FREQ 0% cpu@45.062C soc2@44.437C soc0@42.968C gpu@44.5C tj@45.062C soc1@43C VDD_IN 3120mW/3171mW VDD_CPU_GPU_CV 519mW/530mW VDD_SOC 1040mW/1076mW
08-09-2026 20:19:30 RAM 2978/7620MB (lfb 18x4MB) SWAP 2/12002MB (cached 0MB) CPU [1%@729,2%@729,4%@729,1%@729,1%@729,0%@729] GR3D_FREQ 0% cpu@45.125C soc2@44.437C soc0@43.031C gpu@44.25C tj@45.125C soc1@43.093C VDD_IN 3120mW/3169mW VDD_CPU_GPU_CV 519mW/529mW VDD_SOC 1040mW/1074mW
08-09-2026 20:19:31 RAM 2978/7620MB (lfb 18x4MB) SWAP 2/12002MB (cached 0MB) CPU [0%@729,1%@729,0%@729,1%@729,5%@729,0%@729] GR3D_FREQ 0% cpu@45.187C soc2@44.437C soc0@43.125C gpu@44.437C tj@45.187C soc1@42.906C VDD_IN 3160mW/3168mW VDD_CPU_GPU_CV 519mW/529mW VDD_SOC 1040mW/1073mW
08-09-2026 20:19:32 RAM 2978/7620MB (lfb 18x4MB) SWAP 2/12002MB (cached 0MB) CPU [2%@729,2%@729,2%@729,0%@729,1%@729,0%@729] GR3D_FREQ 0% cpu@45.5C soc2@44.531C soc0@42.937C gpu@44.687C tj@45.5C soc1@42.906C VDD_IN 3120mW/3166mW VDD_CPU_GPU_CV 519mW/529mW VDD_SOC 1040mW/1071mW
08-09-2026 20:19:34 RAM 2978/7620MB (lfb 18x4MB) SWAP 2/12002MB (cached 0MB) CPU [2%@729,0%@729,1%@729,3%@729,1%@729,0%@729] GR3D_FREQ 0% cpu@45.156C soc2@44.562C soc0@43C gpu@44.687C tj@45.156C soc1@43.031C VDD_IN 3120mW/3164mW VDD_CPU_GPU_CV 519mW/528mW VDD_SOC 1040mW/1070mW
08-09-2026 20:19:35 RAM 2978/7620MB (lfb 18x4MB) SWAP 2/12002MB (cached 0MB) CPU [1%@729,2%@729,1%@729,0%@729,0%@729,0%@729] GR3D_FREQ 0% cpu@45.187C soc2@44.5C soc0@43.062C gpu@44.406C tj@45.187C soc1@42.906C VDD_IN 3160mW/3164mW VDD_CPU_GPU_CV 519mW/528mW VDD_SOC 1080mW/1070mW
08-09-2026 20:19:36 RAM 2978/7620MB (lfb 18x4MB) SWAP 2/12002MB (cached 0MB) CPU [2%@729,1%@729,1%@729,0%@729,0%@729,1%@729] GR3D_FREQ 0% cpu@45.406C soc2@44.437C soc0@43.125C gpu@44.406C tj@45.406C soc1@42.906C VDD_IN 3120mW/3162mW VDD_CPU_GPU_CV 519mW/527mW VDD_SOC 1040mW/1069mW
08-09-2026 20:19:37 RAM 2978/7620MB (lfb 18x4MB) SWAP 2/12002MB (cached 0MB) CPU [2%@729,2%@729,1%@729,0%@729,0%@729,1%@729] GR3D_FREQ 0% cpu@45.156C soc2@44.468C soc0@43C gpu@44.656C tj@45.093C soc1@43.062C VDD_IN 3160mW/3162mW VDD_CPU_GPU_CV 519mW/527mW VDD_SOC 1040mW/1068mW
08-09-2026 20:19:38 RAM 2978/7620MB (lfb 18x4MB) SWAP 2/12002MB (cached 0MB) CPU [2%@729,1%@729,1%@729,1%@729,1%@729,0%@729] GR3D_FREQ 0% cpu@45.156C soc2@44.5C soc0@43.031C gpu@44.687C tj@45.156C soc1@43.125C VDD_IN 3120mW/3161mW VDD_CPU_GPU_CV 519mW/527mW VDD_SOC 1080mW/1068mW
08-09-2026 20:19:39 RAM 2978/7620MB (lfb 18x4MB) SWAP 2/12002MB (cached 0MB) CPU [0%@729,1%@729,2%@729,1%@729,0%@729,1%@729] GR3D_FREQ 0% cpu@45.187C soc2@44.468C soc0@43.062C gpu@44.406C tj@45.187C soc1@42.906C VDD_IN 3160mW/3161mW VDD_CPU_GPU_CV 519mW/527mW VDD_SOC 1040mW/1068mW
08-09-2026 20:19:40 RAM 2978/7620MB (lfb 18x4MB) SWAP 2/12002MB (cached 0MB) CPU [4%@729,2%@729,2%@729,0%@729,6%@729,4%@729] GR3D_FREQ 0% cpu@45.031C soc2@44.5C soc0@43C gpu@44.406C tj@45.031C soc1@42.937C VDD_IN 3240mW/3163mW VDD_CPU_GPU_CV 559mW/528mW VDD_SOC 1080mW/1068mW
08-09-2026 20:19:41 RAM 2978/7620MB (lfb 18x4MB) SWAP 2/12002MB (cached 0MB) CPU [2%@729,1%@729,2%@729,1%@729,2%@729,3%@729] GR3D_FREQ 0% cpu@45.093C soc2@44.562C soc0@43.093C gpu@44.75C tj@45.093C soc1@43.156C VDD_IN 3160mW/3163mW VDD_CPU_GPU_CV 519mW/527mW VDD_SOC 1080mW/1068mW
08-09-2026 20:19:42 RAM 2978/7620MB (lfb 18x4MB) SWAP 2/12002MB (cached 0MB) CPU [2%@729,1%@729,1%@729,1%@729,0%@729,0%@729] GR3D_FREQ 0% cpu@45.218C soc2@44.437C soc0@43C gpu@44.406C tj@45.062C soc1@42.968C VDD_IN 3120mW/3162mW VDD_CPU_GPU_CV 519mW/527mW VDD_SOC 1040mW/1067mW
08-09-2026 20:19:43 RAM 2978/7620MB (lfb 18x4MB) SWAP 2/12002MB (cached 0MB) CPU [2%@729,1%@729,1%@729,1%@729,1%@729,0%@729] GR3D_FREQ 0% cpu@45.437C soc2@44.5C soc0@42.937C gpu@44.531C tj@45.156C soc1@42.906C VDD_IN 3120mW/3161mW VDD_CPU_GPU_CV 519mW/527mW VDD_SOC 1080mW/1068mW
08-09-2026 20:19:44 RAM 2978/7620MB (lfb 18x4MB) SWAP 2/12002MB (cached 0MB) CPU [1%@729,1%@729,1%@729,1%@729,2%@729,0%@729] GR3D_FREQ 0% cpu@45.062C soc2@44.5C soc0@43C gpu@44.687C tj@45.187C soc1@43.031C VDD_IN 3120mW/3160mW VDD_CPU_GPU_CV 519mW/527mW VDD_SOC 1080mW/1068mW
08-09-2026 20:19:45 RAM 2978/7620MB (lfb 18x4MB) SWAP 2/12002MB (cached 0MB) CPU [2%@729,1%@729,1%@729,1%@729,1%@729,0%@729] GR3D_FREQ 0% cpu@45.156C soc2@44.5C soc0@43.062C gpu@44.718C tj@45.156C soc1@42.906C VDD_IN 3120mW/3158mW VDD_CPU_GPU_CV 519mW/526mW VDD_SOC 1080mW/1068mW
08-09-2026 20:19:46 RAM 2978/7620MB (lfb 18x4MB) SWAP 2/12002MB (cached 0MB) CPU [2%@729,0%@729,1%@729,1%@729,0%@729,1%@729] GR3D_FREQ 0% cpu@45.218C soc2@44.437C soc0@42.875C gpu@44.437C tj@45.218C soc1@43C VDD_IN 3120mW/3157mW VDD_CPU_GPU_CV 519mW/526mW VDD_SOC 1040mW/1068mW
08-09-2026 20:19:47 RAM 2978/7620MB (lfb 18x4MB) SWAP 2/12002MB (cached 0MB) CPU [2%@729,1%@729,1%@729,1%@729,1%@729,0%@729] GR3D_FREQ 0% cpu@45.125C soc2@44.437C soc0@42.968C gpu@44.5C tj@45.125C soc1@43.031C VDD_IN 3120mW/3156mW VDD_CPU_GPU_CV 519mW/526mW VDD_SOC 1080mW/1068mW
08-09-2026 20:19:48 RAM 2978/7620MB (lfb 18x4MB) SWAP 2/12002MB (cached 0MB) CPU [0%@729,1%@729,2%@729,2%@729,1%@729,0%@729] GR3D_FREQ 0% cpu@45.125C soc2@44.562C soc0@43C gpu@44.5C tj@45.125C soc1@43C VDD_IN 3120mW/3155mW VDD_CPU_GPU_CV 519mW/526mW VDD_SOC 1040mW/1067mW
08-09-2026 20:19:49 RAM 2978/7620MB (lfb 18x4MB) SWAP 2/12002MB (cached 0MB) CPU [2%@729,1%@729,1%@729,2%@729,1%@729,0%@729] GR3D_FREQ 0% cpu@45.156C soc2@44.5C soc0@43.093C gpu@44.812C tj@45.156C soc1@42.968C VDD_IN 3120mW/3155mW VDD_CPU_GPU_CV 519mW/526mW VDD_SOC 1080mW/1068mW
08-09-2026 20:19:50 RAM 2978/7620MB (lfb 18x4MB) SWAP 2/12002MB (cached 0MB) CPU [2%@729,0%@729,1%@729,1%@729,0%@729,2%@729] GR3D_FREQ 0% cpu@45.375C soc2@44.437C soc0@43C gpu@44.843C tj@45.375C soc1@42.968C VDD_IN 3120mW/3154mW VDD_CPU_GPU_CV 519mW/525mW VDD_SOC 1080mW/1068mW
08-09-2026 20:19:51 RAM 2978/7620MB (lfb 18x4MB) SWAP 2/12002MB (cached 0MB) CPU [1%@729,1%@729,1%@729,0%@729,0%@729,0%@729] GR3D_FREQ 0% cpu@45.031C soc2@44.531C soc0@42.937C gpu@44.437C tj@45.031C soc1@43.062C VDD_IN 3120mW/3153mW VDD_CPU_GPU_CV 519mW/525mW VDD_SOC 1080mW/1068mW
08-09-2026 20:19:52 RAM 2978/7620MB (lfb 18x4MB) SWAP 2/12002MB (cached 0MB) CPU [1%@729,2%@729,2%@729,1%@729,0%@729,0%@729] GR3D_FREQ 0% cpu@45.156C soc2@44.531C soc0@43.031C gpu@44.5C tj@45.156C soc1@42.906C VDD_IN 3120mW/3152mW VDD_CPU_GPU_CV 519mW/525mW VDD_SOC 1080mW/1068mW
08-09-2026 20:19:53 RAM 2978/7620MB (lfb 18x4MB) SWAP 2/12002MB (cached 0MB) CPU [1%@729,2%@729,1%@729,1%@729,1%@729,0%@729] GR3D_FREQ 0% cpu@45.343C soc2@44.468C soc0@43.156C gpu@44.406C tj@45.343C soc1@42.937C VDD_IN 3120mW/3151mW VDD_CPU_GPU_CV 519mW/525mW VDD_SOC 1080mW/1069mW
08-09-2026 20:19:54 RAM 2978/7620MB (lfb 18x4MB) SWAP 2/12002MB (cached 0MB) CPU [1%@729,1%@729,1%@729,1%@729,1%@729,0%@729] GR3D_FREQ 0% cpu@45.093C soc2@44.437C soc0@42.937C gpu@44.343C tj@44.968C soc1@43C VDD_IN 3160mW/3152mW VDD_CPU_GPU_CV 519mW/525mW VDD_SOC 1080mW/1069mW
08-09-2026 20:19:55 RAM 2978/7620MB (lfb 18x4MB) SWAP 2/12002MB (cached 0MB) CPU [0%@729,2%@729,1%@729,1%@729,1%@729,0%@729] GR3D_FREQ 0% cpu@45.125C soc2@44.531C soc0@42.968C gpu@44.312C tj@45.125C soc1@43.093C VDD_IN 3160mW/3152mW VDD_CPU_GPU_CV 519mW/525mW VDD_SOC 1080mW/1069mW
08-09-2026 20:19:56 RAM 2978/7620MB (lfb 18x4MB) SWAP 2/12002MB (cached 0MB) CPU [1%@729,1%@729,1%@729,1%@729,0%@729,0%@729] GR3D_FREQ 0% cpu@45.187C soc2@44.406C soc0@43.125C gpu@44.5C tj@45.187C soc1@42.906C VDD_IN 3160mW/3152mW VDD_CPU_GPU_CV 519mW/524mW VDD_SOC 1080mW/1069mW
08-09-2026 20:19:57 RAM 2978/7620MB (lfb 18x4MB) SWAP 2/12002MB (cached 0MB) CPU [1%@729,2%@729,1%@729,0%@729,0%@729,0%@729] GR3D_FREQ 0% cpu@45.062C soc2@44.468C soc0@43.125C gpu@44.531C tj@45.062C soc1@42.937C VDD_IN 3160mW/3152mW VDD_CPU_GPU_CV 519mW/524mW VDD_SOC 1080mW/1070mW
08-09-2026 20:19:58 RAM 2978/7620MB (lfb 18x4MB) SWAP 2/12002MB (cached 0MB) CPU [1%@729,2%@729,1%@729,1%@729,2%@729,1%@729] GR3D_FREQ 0% cpu@45.187C soc2@44.562C soc0@42.937C gpu@44.468C tj@45.062C soc1@42.968C VDD_IN 3120mW/3151mW VDD_CPU_GPU_CV 519mW/524mW VDD_SOC 1080mW/1070mW
08-09-2026 20:19:59 RAM 2978/7620MB (lfb 18x4MB) SWAP 2/12002MB (cached 0MB) CPU [1%@729,2%@729,0%@729,0%@729,1%@729,1%@729] GR3D_FREQ 0% cpu@45.187C soc2@44.593C soc0@42.968C gpu@44.343C tj@45.187C soc1@43C VDD_IN 3160mW/3152mW VDD_CPU_GPU_CV 519mW/524mW VDD_SOC 1080mW/1070mW
08-09-2026 20:20:00 RAM 2978/7620MB (lfb 18x4MB) SWAP 2/12002MB (cached 0MB) CPU [1%@729,0%@729,2%@729,2%@729,1%@729,1%@729] GR3D_FREQ 0% cpu@45.375C soc2@44.437C soc0@42.968C gpu@44.406C tj@45.375C soc1@42.875C VDD_IN 3160mW/3152mW VDD_CPU_GPU_CV 519mW/524mW VDD_SOC 1080mW/1070mW
08-09-2026 20:20:01 RAM 2978/7620MB (lfb 18x4MB) SWAP 2/12002MB (cached 0MB) CPU [0%@729,3%@729,0%@729,3%@729,0%@729,0%@729] GR3D_FREQ 0% cpu@45.25C soc2@44.468C soc0@43.125C gpu@44.375C tj@45.093C soc1@42.875C VDD_IN 3120mW/3151mW VDD_CPU_GPU_CV 519mW/524mW VDD_SOC 1080mW/1070mW
08-09-2026 20:20:02 RAM 2978/7620MB (lfb 18x4MB) SWAP 2/12002MB (cached 0MB) CPU [0%@729,1%@729,1%@729,2%@729,1%@729,1%@729] GR3D_FREQ 0% cpu@45.468C soc2@44.437C soc0@42.937C gpu@44.593C tj@45.468C soc1@43C VDD_IN 3120mW/3150mW VDD_CPU_GPU_CV 519mW/524mW VDD_SOC 1080mW/1070mW
08-09-2026 20:20:03 RAM 2978/7620MB (lfb 18x4MB) SWAP 2/12002MB (cached 0MB) CPU [0%@729,1%@729,1%@729,1%@729,0%@729,0%@729] GR3D_FREQ 0% cpu@45.156C soc2@44.437C soc0@42.968C gpu@44.593C tj@45.156C soc1@43.031C VDD_IN 3120mW/3150mW VDD_CPU_GPU_CV 519mW/524mW VDD_SOC 1080mW/1071mW
08-09-2026 20:20:04 RAM 2978/7620MB (lfb 18x4MB) SWAP 2/12002MB (cached 0MB) CPU [1%@729,0%@729,0%@729,0%@729,0%@729,2%@729] GR3D_FREQ 0% cpu@45.187C soc2@44.531C soc0@43.031C gpu@44.625C tj@45.187C soc1@42.843C VDD_IN 3160mW/3150mW VDD_CPU_GPU_CV 519mW/524mW VDD_SOC 1080mW/1071mW
08-09-2026 20:20:05 RAM 2978/7620MB (lfb 18x4MB) SWAP 2/12002MB (cached 0MB) CPU [0%@729,1%@729,2%@729,1%@729,1%@729,0%@729] GR3D_FREQ 0% cpu@45.312C soc2@44.468C soc0@42.937C gpu@44.375C tj@45.312C soc1@42.937C VDD_IN 3160mW/3150mW VDD_CPU_GPU_CV 519mW/524mW VDD_SOC 1080mW/1071mW
08-09-2026 20:20:06 RAM 2978/7620MB (lfb 18x4MB) SWAP 2/12002MB (cached 0MB) CPU [0%@729,1%@729,1%@729,4%@729,1%@729,1%@729] GR3D_FREQ 0% cpu@45.156C soc2@44.562C soc0@42.937C gpu@44.406C tj@45.156C soc1@43.031C VDD_IN 3120mW/3150mW VDD_CPU_GPU_CV 519mW/523mW VDD_SOC 1080mW/1071mW
08-09-2026 20:20:07 RAM 2978/7620MB (lfb 18x4MB) SWAP 2/12002MB (cached 0MB) CPU [1%@729,1%@729,3%@729,1%@729,1%@729,0%@729] GR3D_FREQ 0% cpu@45.156C soc2@44.531C soc0@42.968C gpu@44.437C tj@45.156C soc1@43.062C VDD_IN 3120mW/3149mW VDD_CPU_GPU_CV 519mW/523mW VDD_SOC 1080mW/1071mW
08-09-2026 20:20:08 RAM 2978/7620MB (lfb 18x4MB) SWAP 2/12002MB (cached 0MB) CPU [1%@729,1%@729,2%@729,1%@729,1%@729,0%@729] GR3D_FREQ 0% cpu@45.312C soc2@44.531C soc0@43.031C gpu@44.375C tj@45.312C soc1@43.093C VDD_IN 3120mW/3149mW VDD_CPU_GPU_CV 519mW/523mW VDD_SOC 1080mW/1071mW
08-09-2026 20:20:09 RAM 2978/7620MB (lfb 18x4MB) SWAP 2/12002MB (cached 0MB) CPU [0%@729,1%@729,1%@729,1%@729,0%@729,1%@729] GR3D_FREQ 0% cpu@45.093C soc2@44.437C soc0@43.125C gpu@44.656C tj@45.093C soc1@42.968C VDD_IN 3160mW/3149mW VDD_CPU_GPU_CV 519mW/523mW VDD_SOC 1080mW/1072mW
08-09-2026 20:20:10 RAM 2978/7620MB (lfb 18x4MB) SWAP 2/12002MB (cached 0MB) CPU [0%@729,1%@729,4%@729,0%@729,9%@729,2%@729] GR3D_FREQ 0% cpu@45.281C soc2@44.531C soc0@42.937C gpu@44.656C tj@45.281C soc1@42.968C VDD_IN 3200mW/3150mW VDD_CPU_GPU_CV 559mW/524mW VDD_SOC 1080mW/1072mW
08-09-2026 20:20:11 RAM 2978/7620MB (lfb 18x4MB) SWAP 2/12002MB (cached 0MB) CPU [1%@729,1%@729,2%@729,0%@729,3%@729,0%@729] GR3D_FREQ 0% cpu@45.031C soc2@44.468C soc0@43C gpu@44.5C tj@45.281C soc1@43C VDD_IN 3160mW/3150mW VDD_CPU_GPU_CV 519mW/524mW VDD_SOC 1080mW/1072mW
08-09-2026 20:20:12 RAM 2978/7620MB (lfb 18x4MB) SWAP 2/12002MB (cached 0MB) CPU [1%@729,1%@729,1%@729,1%@729,1%@729,0%@729] GR3D_FREQ 0% cpu@45.031C soc2@44.375C soc0@43.031C gpu@44.437C tj@45.031C soc1@42.906C VDD_IN 3160mW/3150mW VDD_CPU_GPU_CV 519mW/524mW VDD_SOC 1080mW/1072mW
08-09-2026 20:20:13 RAM 2978/7620MB (lfb 18x4MB) SWAP 2/12002MB (cached 0MB) CPU [1%@729,0%@729,1%@729,0%@729,1%@729,0%@729] GR3D_FREQ 0% cpu@45.218C soc2@44.531C soc0@43C gpu@44.468C tj@45.218C soc1@42.937C VDD_IN 3160mW/3150mW VDD_CPU_GPU_CV 519mW/524mW VDD_SOC 1080mW/1072mW
08-09-2026 20:20:14 RAM 2978/7620MB (lfb 18x4MB) SWAP 2/12002MB (cached 0MB) CPU [1%@729,1%@729,0%@729,2%@729,1%@729,1%@729] GR3D_FREQ 0% cpu@45.062C soc2@44.468C soc0@42.937C gpu@44.718C tj@45.062C soc1@43C VDD_IN 3160mW/3150mW VDD_CPU_GPU_CV 519mW/523mW VDD_SOC 1080mW/1072mW
08-09-2026 20:20:15 RAM 2978/7620MB (lfb 18x4MB) SWAP 2/12002MB (cached 0MB) CPU [1%@729,1%@729,1%@729,0%@729,2%@729,1%@729] GR3D_FREQ 0% cpu@45.062C soc2@44.562C soc0@42.906C gpu@44.718C tj@45.062C soc1@43C VDD_IN 3160mW/3150mW VDD_CPU_GPU_CV 519mW/523mW VDD_SOC 1080mW/1072mW
08-09-2026 20:20:16 RAM 2978/7620MB (lfb 18x4MB) SWAP 2/12002MB (cached 0MB) CPU [1%@729,1%@729,1%@729,0%@729,1%@729,0%@729] GR3D_FREQ 0% cpu@45.187C soc2@44.531C soc0@42.968C gpu@44.75C tj@45.187C soc1@43.031C VDD_IN 3120mW/3150mW VDD_CPU_GPU_CV 519mW/523mW VDD_SOC 1080mW/1072mW
08-09-2026 20:20:17 RAM 2978/7620MB (lfb 18x4MB) SWAP 2/12002MB (cached 0MB) CPU [1%@729,0%@729,1%@729,0%@729,2%@729,0%@729] GR3D_FREQ 0% cpu@45.437C soc2@44.468C soc0@43.125C gpu@44.812C tj@45.437C soc1@42.937C VDD_IN 3160mW/3150mW VDD_CPU_GPU_CV 519mW/523mW VDD_SOC 1080mW/1072mW
08-09-2026 20:20:18 RAM 2978/7620MB (lfb 18x4MB) SWAP 2/12002MB (cached 0MB) CPU [3%@729,1%@729,1%@729,1%@729,1%@729,0%@729] GR3D_FREQ 0% cpu@45.281C soc2@44.437C soc0@42.937C gpu@44.75C tj@45.156C soc1@43C VDD_IN 3160mW/3150mW VDD_CPU_GPU_CV 519mW/523mW VDD_SOC 1080mW/1073mW
08-09-2026 20:20:19 RAM 2978/7620MB (lfb 18x4MB) SWAP 2/12002MB (cached 0MB) CPU [0%@729,1%@729,1%@729,2%@729,1%@729,0%@729] GR3D_FREQ 0% cpu@45.031C soc2@44.5C soc0@42.937C gpu@44.5C tj@45.031C soc1@42.906C VDD_IN 3160mW/3150mW VDD_CPU_GPU_CV 519mW/523mW VDD_SOC 1080mW/1073mW
08-09-2026 20:20:20 RAM 2978/7620MB (lfb 18x4MB) SWAP 2/12002MB (cached 0MB) CPU [0%@729,2%@729,1%@729,0%@729,2%@729,0%@729] GR3D_FREQ 0% cpu@45.125C soc2@44.531C soc0@42.968C gpu@44.468C tj@45.125C soc1@43C VDD_IN 3160mW/3150mW VDD_CPU_GPU_CV 519mW/523mW VDD_SOC 1080mW/1073mW
08-09-2026 20:20:21 RAM 2978/7620MB (lfb 18x4MB) SWAP 2/12002MB (cached 0MB) CPU [1%@729,0%@729,1%@729,0%@729,2%@729,0%@729] GR3D_FREQ 0% cpu@45.156C soc2@44.468C soc0@43.093C gpu@44.468C tj@45.156C soc1@43.125C VDD_IN 3160mW/3151mW VDD_CPU_GPU_CV 519mW/523mW VDD_SOC 1080mW/1073mW
08-09-2026 20:20:22 RAM 2978/7620MB (lfb 18x4MB) SWAP 2/12002MB (cached 0MB) CPU [1%@729,1%@729,1%@729,0%@729,3%@729,0%@729] GR3D_FREQ 0% cpu@45.437C soc2@44.468C soc0@43.187C gpu@44.562C tj@45.437C soc1@42.968C VDD_IN 3120mW/3150mW VDD_CPU_GPU_CV 519mW/523mW VDD_SOC 1080mW/1073mW
08-09-2026 20:20:23 RAM 2978/7620MB (lfb 18x4MB) SWAP 2/12002MB (cached 0MB) CPU [1%@729,1%@729,1%@729,0%@729,1%@729,0%@729] GR3D_FREQ 0% cpu@45.125C soc2@44.5C soc0@43C gpu@44.375C tj@45.125C soc1@42.906C VDD_IN 3120mW/3150mW VDD_CPU_GPU_CV 519mW/523mW VDD_SOC 1080mW/1073mW
08-09-2026 20:20:24 RAM 2978/7620MB (lfb 18x4MB) SWAP 2/12002MB (cached 0MB) CPU [1%@729,1%@729,1%@729,0%@729,1%@729,1%@729] GR3D_FREQ 0% cpu@45.187C soc2@44.5C soc0@42.968C gpu@44.406C tj@45.187C soc1@42.937C VDD_IN 3160mW/3150mW VDD_CPU_GPU_CV 519mW/523mW VDD_SOC 1080mW/1073mW
08-09-2026 20:20:25 RAM 2978/7620MB (lfb 18x4MB) SWAP 2/12002MB (cached 0MB) CPU [2%@729,1%@729,0%@729,1%@729,1%@729,0%@729] GR3D_FREQ 0% cpu@45.156C soc2@44.562C soc0@43.093C gpu@44.343C tj@45.343C soc1@43.125C VDD_IN 3160mW/3150mW VDD_CPU_GPU_CV 519mW/523mW VDD_SOC 1080mW/1073mW
08-09-2026 20:20:26 RAM 2978/7620MB (lfb 18x4MB) SWAP 2/12002MB (cached 0MB) CPU [1%@729,1%@729,1%@729,1%@729,1%@729,0%@729] GR3D_FREQ 0% cpu@45.156C soc2@44.437C soc0@43.031C gpu@44.375C tj@45.156C soc1@42.906C VDD_IN 3160mW/3150mW VDD_CPU_GPU_CV 519mW/523mW VDD_SOC 1080mW/1073mW
08-09-2026 20:20:27 RAM 2978/7620MB (lfb 18x4MB) SWAP 2/12002MB (cached 0MB) CPU [1%@729,1%@729,1%@729,1%@729,2%@729,0%@729] GR3D_FREQ 0% cpu@45.375C soc2@44.531C soc0@43.062C gpu@44.5C tj@45.375C soc1@42.968C VDD_IN 3160mW/3150mW VDD_CPU_GPU_CV 519mW/523mW VDD_SOC 1080mW/1073mW
08-09-2026 20:20:28 RAM 2978/7620MB (lfb 18x4MB) SWAP 2/12002MB (cached 0MB) CPU [1%@729,1%@729,1%@729,1%@729,1%@729,0%@729] GR3D_FREQ 0% cpu@45.062C soc2@44.5C soc0@42.875C gpu@44.562C tj@45.062C soc1@42.937C VDD_IN 3160mW/3150mW VDD_CPU_GPU_CV 519mW/523mW VDD_SOC 1080mW/1073mW
08-09-2026 20:20:29 RAM 2978/7620MB (lfb 18x4MB) SWAP 2/12002MB (cached 0MB) CPU [1%@729,0%@729,0%@729,1%@729,2%@729,1%@729] GR3D_FREQ 0% cpu@45.125C soc2@44.5C soc0@43.093C gpu@44.531C tj@45.125C soc1@43.125C VDD_IN 3160mW/3151mW VDD_CPU_GPU_CV 519mW/523mW VDD_SOC 1080mW/1074mW
08-09-2026 20:20:30 RAM 2978/7620MB (lfb 18x4MB) SWAP 2/12002MB (cached 0MB) CPU [1%@729,1%@729,1%@729,0%@729,2%@729,0%@729] GR3D_FREQ 0% cpu@45.25C soc2@44.437C soc0@43.062C gpu@44.531C tj@45.25C soc1@42.875C VDD_IN 3160mW/3151mW VDD_CPU_GPU_CV 519mW/522mW VDD_SOC 1080mW/1074mW
08-09-2026 20:20:31 RAM 2978/7620MB (lfb 18x4MB) SWAP 2/12002MB (cached 0MB) CPU [0%@729,0%@729,0%@729,0%@729,1%@729,2%@729] GR3D_FREQ 0% cpu@45.156C soc2@44.437C soc0@42.937C gpu@44.312C tj@45.156C soc1@42.843C VDD_IN 3160mW/3151mW VDD_CPU_GPU_CV 519mW/522mW VDD_SOC 1080mW/1074mW
08-09-2026 20:20:32 RAM 2978/7620MB (lfb 18x4MB) SWAP 2/12002MB (cached 0MB) CPU [1%@729,1%@729,2%@729,0%@729,2%@729,0%@729] GR3D_FREQ 0% cpu@45.343C soc2@44.468C soc0@42.906C gpu@44.375C tj@45.343C soc1@42.968C VDD_IN 3160mW/3151mW VDD_CPU_GPU_CV 519mW/522mW VDD_SOC 1080mW/1074mW
08-09-2026 20:20:33 RAM 2978/7620MB (lfb 18x4MB) SWAP 2/12002MB (cached 0MB) CPU [0%@729,1%@729,0%@729,0%@729,2%@729,1%@729] GR3D_FREQ 0% cpu@45.156C soc2@44.437C soc0@43C gpu@44.375C tj@45.187C soc1@43.062C VDD_IN 3160mW/3151mW VDD_CPU_GPU_CV 519mW/522mW VDD_SOC 1080mW/1074mW
08-09-2026 20:20:34 RAM 2978/7620MB (lfb 18x4MB) SWAP 2/12002MB (cached 0MB) CPU [3%@729,0%@729,1%@729,0%@729,0%@729,1%@729] GR3D_FREQ 0% cpu@45.156C soc2@44.5C soc0@43C gpu@44.375C tj@45.156C soc1@43C VDD_IN 3160mW/3151mW VDD_CPU_GPU_CV 519mW/522mW VDD_SOC 1080mW/1074mW
08-09-2026 20:20:35 RAM 2978/7620MB (lfb 18x4MB) SWAP 2/12002MB (cached 0MB) CPU [1%@729,2%@729,1%@729,0%@729,0%@729,0%@729] GR3D_FREQ 0% cpu@45.281C soc2@44.437C soc0@43.031C gpu@44.406C tj@45.281C soc1@42.906C VDD_IN 3160mW/3151mW VDD_CPU_GPU_CV 519mW/522mW VDD_SOC 1080mW/1074mW
08-09-2026 20:20:36 RAM 2978/7620MB (lfb 18x4MB) SWAP 2/12002MB (cached 0MB) CPU [1%@729,2%@729,0%@729,2%@729,1%@729,0%@729] GR3D_FREQ 0% cpu@45.062C soc2@44.437C soc0@43.031C gpu@44.375C tj@45.062C soc1@42.875C VDD_IN 3160mW/3151mW VDD_CPU_GPU_CV 519mW/522mW VDD_SOC 1080mW/1074mW
08-09-2026 20:20:37 RAM 2978/7620MB (lfb 18x4MB) SWAP 2/12002MB (cached 0MB) CPU [2%@729,1%@729,0%@729,2%@729,2%@729,0%@729] GR3D_FREQ 0% cpu@45.218C soc2@44.437C soc0@42.937C gpu@44.343C tj@45.218C soc1@42.906C VDD_IN 3160mW/3151mW VDD_CPU_GPU_CV 519mW/522mW VDD_SOC 1080mW/1074mW
08-09-2026 20:20:38 RAM 2978/7620MB (lfb 18x4MB) SWAP 2/12002MB (cached 0MB) CPU [3%@729,0%@729,0%@729,1%@729,0%@729,0%@729] GR3D_FREQ 0% cpu@45C soc2@44.531C soc0@42.937C gpu@44.656C tj@45.187C soc1@43.031C VDD_IN 3160mW/3151mW VDD_CPU_GPU_CV 519mW/522mW VDD_SOC 1080mW/1074mW
08-09-2026 20:20:39 RAM 2978/7620MB (lfb 18x4MB) SWAP 2/12002MB (cached 0MB) CPU [1%@729,1%@729,1%@729,2%@729,0%@729,0%@729] GR3D_FREQ 0% cpu@45.156C soc2@44.5C soc0@43C gpu@44.625C tj@45.156C soc1@43.093C VDD_IN 3160mW/3152mW VDD_CPU_GPU_CV 519mW/522mW VDD_SOC 1080mW/1074mW
08-09-2026 20:20:40 RAM 2978/7620MB (lfb 18x4MB) SWAP 2/12002MB (cached 0MB) CPU [1%@729,1%@729,1%@729,1%@729,1%@729,0%@729] GR3D_FREQ 0% cpu@45.218C soc2@44.406C soc0@43.093C gpu@44.656C tj@45.218C soc1@42.906C VDD_IN 3160mW/3152mW VDD_CPU_GPU_CV 519mW/522mW VDD_SOC 1080mW/1074mW
08-09-2026 20:20:41 RAM 2978/7620MB (lfb 18x4MB) SWAP 2/12002MB (cached 0MB) CPU [1%@729,2%@729,0%@729,1%@729,2%@729,1%@729] GR3D_FREQ 0% cpu@45C soc2@44.5C soc0@42.937C gpu@44.437C tj@44.968C soc1@42.906C VDD_IN 3120mW/3151mW VDD_CPU_GPU_CV 519mW/522mW VDD_SOC 1080mW/1074mW
08-09-2026 20:20:42 RAM 2978/7620MB (lfb 18x4MB) SWAP 2/12002MB (cached 0MB) CPU [2%@729,0%@729,1%@729,1%@729,0%@729,0%@729] GR3D_FREQ 0% cpu@45.093C soc2@44.437C soc0@42.937C gpu@44.437C tj@45.093C soc1@42.968C VDD_IN 3160mW/3151mW VDD_CPU_GPU_CV 519mW/522mW VDD_SOC 1080mW/1074mW
08-09-2026 20:20:43 RAM 2978/7620MB (lfb 18x4MB) SWAP 2/12002MB (cached 0MB) CPU [2%@729,2%@729,0%@729,1%@729,2%@729,2%@729] GR3D_FREQ 0% cpu@45.156C soc2@44.562C soc0@42.937C gpu@44.437C tj@45.156C soc1@43.062C VDD_IN 3160mW/3151mW VDD_CPU_GPU_CV 519mW/522mW VDD_SOC 1080mW/1074mW
08-09-2026 20:20:44 RAM 2978/7620MB (lfb 18x4MB) SWAP 2/12002MB (cached 0MB) CPU [0%@729,1%@729,0%@729,0%@729,0%@729,0%@729] GR3D_FREQ 0% cpu@45.062C soc2@44.468C soc0@43.062C gpu@44.375C tj@45.062C soc1@43.062C VDD_IN 3160mW/3152mW VDD_CPU_GPU_CV 519mW/522mW VDD_SOC 1080mW/1074mW
08-09-2026 20:20:45 RAM 2978/7620MB (lfb 18x4MB) SWAP 2/12002MB (cached 0MB) CPU [2%@729,3%@729,1%@729,1%@729,1%@729,0%@729] GR3D_FREQ 0% cpu@45.187C soc2@44.531C soc0@43.031C gpu@44.625C tj@45.187C soc1@43.031C VDD_IN 3160mW/3152mW VDD_CPU_GPU_CV 519mW/522mW VDD_SOC 1080mW/1075mW
08-09-2026 20:20:46 RAM 2978/7620MB (lfb 18x4MB) SWAP 2/12002MB (cached 0MB) CPU [1%@729,0%@729,0%@729,1%@729,2%@729,0%@729] GR3D_FREQ 0% cpu@45.312C soc2@44.437C soc0@43.031C gpu@44.625C tj@45.312C soc1@42.906C VDD_IN 3120mW/3151mW VDD_CPU_GPU_CV 519mW/522mW VDD_SOC 1080mW/1075mW
08-09-2026 20:20:47 RAM 2978/7620MB (lfb 18x4MB) SWAP 2/12002MB (cached 0MB) CPU [2%@729,2%@729,0%@729,2%@729,0%@729,0%@729] GR3D_FREQ 0% cpu@45.156C soc2@44.468C soc0@42.937C gpu@44.656C tj@45.156C soc1@42.968C VDD_IN 3120mW/3151mW VDD_CPU_GPU_CV 519mW/522mW VDD_SOC 1080mW/1075mW
08-09-2026 20:20:48 RAM 2978/7620MB (lfb 18x4MB) SWAP 2/12002MB (cached 0MB) CPU [2%@729,0%@729,1%@729,0%@729,0%@729,0%@729] GR3D_FREQ 0% cpu@45.093C soc2@44.406C soc0@42.968C gpu@44.625C tj@45.093C soc1@42.968C VDD_IN 3160mW/3151mW VDD_CPU_GPU_CV 519mW/522mW VDD_SOC 1080mW/1075mW
08-09-2026 20:20:49 RAM 2978/7620MB (lfb 18x4MB) SWAP 2/12002MB (cached 0MB) CPU [1%@729,1%@729,1%@729,4%@729,1%@729,0%@729] GR3D_FREQ 0% cpu@45.093C soc2@44.468C soc0@43C gpu@44.375C tj@45.25C soc1@43.031C VDD_IN 3160mW/3151mW VDD_CPU_GPU_CV 519mW/522mW VDD_SOC 1080mW/1075mW
08-09-2026 20:20:50 RAM 2978/7620MB (lfb 18x4MB) SWAP 2/12002MB (cached 0MB) CPU [1%@729,1%@729,0%@729,1%@729,0%@729,2%@729] GR3D_FREQ 0% cpu@45.156C soc2@44.437C soc0@43.062C gpu@44.406C tj@45.156C soc1@42.875C VDD_IN 3160mW/3151mW VDD_CPU_GPU_CV 519mW/522mW VDD_SOC 1080mW/1075mW
08-09-2026 20:20:51 RAM 2978/7620MB (lfb 18x4MB) SWAP 2/12002MB (cached 0MB) CPU [2%@729,1%@729,1%@729,2%@729,1%@729,0%@729] GR3D_FREQ 0% cpu@45.343C soc2@44.437C soc0@42.906C gpu@44.375C tj@45.343C soc1@42.843C VDD_IN 3160mW/3151mW VDD_CPU_GPU_CV 519mW/522mW VDD_SOC 1080mW/1075mW
08-09-2026 20:20:52 RAM 2978/7620MB (lfb 18x4MB) SWAP 2/12002MB (cached 0MB) CPU [1%@729,1%@729,1%@729,2%@729,0%@729,0%@729] GR3D_FREQ 0% cpu@44.968C soc2@44.468C soc0@42.968C gpu@44.437C tj@44.968C soc1@42.906C VDD_IN 3120mW/3151mW VDD_CPU_GPU_CV 519mW/522mW VDD_SOC 1080mW/1075mW
08-09-2026 20:20:53 RAM 2978/7620MB (lfb 18x4MB) SWAP 2/12002MB (cached 0MB) CPU [1%@729,1%@729,2%@729,1%@729,0%@729,0%@729] GR3D_FREQ 0% cpu@45.062C soc2@44.5C soc0@42.968C gpu@44.75C tj@45.062C soc1@42.968C VDD_IN 3160mW/3151mW VDD_CPU_GPU_CV 519mW/522mW VDD_SOC 1080mW/1075mW
08-09-2026 20:20:54 RAM 2978/7620MB (lfb 18x4MB) SWAP 2/12002MB (cached 0MB) CPU [1%@729,1%@729,1%@729,2%@729,0%@729,0%@729] GR3D_FREQ 0% cpu@45.156C soc2@44.437C soc0@43.031C gpu@44.75C tj@45.156C soc1@42.906C VDD_IN 3160mW/3151mW VDD_CPU_GPU_CV 519mW/522mW VDD_SOC 1080mW/1075mW
08-09-2026 20:20:55 RAM 2978/7620MB (lfb 18x4MB) SWAP 2/12002MB (cached 0MB) CPU [1%@729,1%@729,1%@729,2%@729,1%@729,2%@729] GR3D_FREQ 0% cpu@45C soc2@44.375C soc0@42.968C gpu@44.718C tj@45C soc1@42.906C VDD_IN 3120mW/3151mW VDD_CPU_GPU_CV 519mW/522mW VDD_SOC 1080mW/1075mW
08-09-2026 20:20:56 RAM 2978/7620MB (lfb 18x4MB) SWAP 2/12002MB (cached 0MB) CPU [1%@729,0%@729,0%@729,2%@729,2%@729,1%@729] GR3D_FREQ 0% cpu@45.343C soc2@44.437C soc0@42.906C gpu@44.687C tj@45.343C soc1@42.937C VDD_IN 3120mW/3151mW VDD_CPU_GPU_CV 519mW/521mW VDD_SOC 1080mW/1075mW
08-09-2026 20:20:57 RAM 2978/7620MB (lfb 18x4MB) SWAP 2/12002MB (cached 0MB) CPU [0%@729,0%@729,2%@729,1%@729,0%@729,0%@729] GR3D_FREQ 0% cpu@45C soc2@44.531C soc0@42.968C gpu@44.406C tj@45C soc1@42.906C VDD_IN 3160mW/3151mW VDD_CPU_GPU_CV 519mW/521mW VDD_SOC 1080mW/1075mW
08-09-2026 20:20:58 RAM 2978/7620MB (lfb 18x4MB) SWAP 2/12002MB (cached 0MB) CPU [3%@729,1%@729,1%@729,2%@729,1%@729,0%@729] GR3D_FREQ 0% cpu@45.093C soc2@44.5C soc0@42.968C gpu@44.406C tj@45.093C soc1@43.031C VDD_IN 3160mW/3151mW VDD_CPU_GPU_CV 519mW/521mW VDD_SOC 1080mW/1075mW
08-09-2026 20:20:59 RAM 2978/7620MB (lfb 18x4MB) SWAP 2/12002MB (cached 0MB) CPU [1%@729,0%@729,1%@729,1%@729,0%@729,0%@729] GR3D_FREQ 0% cpu@45.156C soc2@44.406C soc0@43C gpu@44.437C tj@45.156C soc1@42.937C VDD_IN 3160mW/3151mW VDD_CPU_GPU_CV 519mW/521mW VDD_SOC 1080mW/1075mW
08-09-2026 20:21:00 RAM 2978/7620MB (lfb 18x4MB) SWAP 2/12002MB (cached 0MB) CPU [0%@729,1%@729,4%@729,2%@729,0%@729,0%@729] GR3D_FREQ 0% cpu@45C soc2@44.437C soc0@43C gpu@44.437C tj@45C soc1@42.906C VDD_IN 3160mW/3151mW VDD_CPU_GPU_CV 519mW/521mW VDD_SOC 1080mW/1075mW
08-09-2026 20:21:01 RAM 2978/7620MB (lfb 18x4MB) SWAP 2/12002MB (cached 0MB) CPU [1%@729,1%@729,1%@729,1%@729,1%@729,1%@729] GR3D_FREQ 0% cpu@45.031C soc2@44.437C soc0@42.906C gpu@44.281C tj@45.031C soc1@42.968C VDD_IN 3160mW/3151mW VDD_CPU_GPU_CV 519mW/521mW VDD_SOC 1080mW/1075mW
08-09-2026 20:21:02 RAM 2978/7620MB (lfb 18x4MB) SWAP 2/12002MB (cached 0MB) CPU [1%@729,0%@729,2%@729,0%@729,1%@729,0%@729] GR3D_FREQ 0% cpu@45.156C soc2@44.468C soc0@42.968C gpu@44.312C tj@45.156C soc1@43C VDD_IN 3160mW/3151mW VDD_CPU_GPU_CV 519mW/521mW VDD_SOC 1080mW/1075mW
08-09-2026 20:21:03 RAM 2978/7620MB (lfb 18x4MB) SWAP 2/12002MB (cached 0MB) CPU [1%@729,2%@729,1%@729,1%@729,0%@729,1%@729] GR3D_FREQ 0% cpu@45.093C soc2@44.375C soc0@43.031C gpu@44.281C tj@45.312C soc1@42.875C VDD_IN 3160mW/3151mW VDD_CPU_GPU_CV 519mW/521mW VDD_SOC 1080mW/1075mW
08-09-2026 20:21:04 RAM 2978/7620MB (lfb 18x4MB) SWAP 2/12002MB (cached 0MB) CPU [2%@729,1%@729,2%@729,1%@729,1%@729,0%@729] GR3D_FREQ 0% cpu@45.156C soc2@44.437C soc0@42.875C gpu@44.5C tj@45.156C soc1@42.968C VDD_IN 3160mW/3151mW VDD_CPU_GPU_CV 519mW/521mW VDD_SOC 1080mW/1075mW
08-09-2026 20:21:05 RAM 2978/7620MB (lfb 18x4MB) SWAP 2/12002MB (cached 0MB) CPU [1%@729,0%@729,2%@729,0%@729,1%@729,0%@729] GR3D_FREQ 0% cpu@45C soc2@44.406C soc0@42.937C gpu@44.468C tj@45C soc1@42.906C VDD_IN 3160mW/3151mW VDD_CPU_GPU_CV 519mW/521mW VDD_SOC 1080mW/1075mW
08-09-2026 20:21:06 RAM 2978/7620MB (lfb 18x4MB) SWAP 2/12002MB (cached 0MB) CPU [2%@729,1%@729,1%@729,0%@729,1%@729,1%@729] GR3D_FREQ 0% cpu@45C soc2@44.437C soc0@42.937C gpu@44.5C tj@45C soc1@42.968C VDD_IN 3160mW/3151mW VDD_CPU_GPU_CV 519mW/521mW VDD_SOC 1080mW/1075mW
08-09-2026 20:21:07 RAM 2978/7620MB (lfb 18x4MB) SWAP 2/12002MB (cached 0MB) CPU [1%@729,1%@729,2%@729,1%@729,2%@729,0%@729] GR3D_FREQ 0% cpu@45.156C soc2@44.437C soc0@43C gpu@44.468C tj@45.156C soc1@43C VDD_IN 3160mW/3151mW VDD_CPU_GPU_CV 519mW/521mW VDD_SOC 1080mW/1075mW
08-09-2026 20:21:08 RAM 2978/7620MB (lfb 18x4MB) SWAP 2/12002MB (cached 0MB) CPU [0%@729,1%@729,1%@729,1%@729,2%@729,1%@729] GR3D_FREQ 0% cpu@45.312C soc2@44.468C soc0@43.062C gpu@44.281C tj@45.312C soc1@42.906C VDD_IN 3240mW/3152mW VDD_CPU_GPU_CV 519mW/521mW VDD_SOC 1080mW/1075mW
08-09-2026 20:21:09 RAM 2978/7620MB (lfb 18x4MB) SWAP 2/12002MB (cached 0MB) CPU [1%@729,0%@729,1%@729,0%@729,1%@729,0%@729] GR3D_FREQ 0% cpu@44.968C soc2@44.406C soc0@42.906C gpu@44.281C tj@44.968C soc1@42.937C VDD_IN 3160mW/3152mW VDD_CPU_GPU_CV 519mW/521mW VDD_SOC 1080mW/1076mW
08-09-2026 20:21:10 RAM 2978/7620MB (lfb 18x4MB) SWAP 2/12002MB (cached 0MB) CPU [1%@729,2%@729,2%@729,1%@729,1%@729,9%@729] GR3D_FREQ 0% cpu@45.093C soc2@44.437C soc0@42.937C gpu@44.281C tj@45.093C soc1@43.031C VDD_IN 3160mW/3152mW VDD_CPU_GPU_CV 519mW/521mW VDD_SOC 1080mW/1076mW
08-09-2026 20:21:11 RAM 2978/7620MB (lfb 18x4MB) SWAP 2/12002MB (cached 0MB) CPU [2%@729,1%@729,0%@729,2%@729,1%@729,0%@729] GR3D_FREQ 0% cpu@45.25C soc2@44.5C soc0@42.968C gpu@44.562C tj@45.25C soc1@43.062C VDD_IN 3160mW/3152mW VDD_CPU_GPU_CV 519mW/521mW VDD_SOC 1080mW/1076mW
08-09-2026 20:21:12 RAM 2978/7620MB (lfb 18x4MB) SWAP 2/12002MB (cached 0MB) CPU [1%@729,3%@729,2%@729,1%@729,2%@729,2%@729] GR3D_FREQ 0% cpu@45.062C soc2@44.437C soc0@43C gpu@44.531C tj@45.062C soc1@42.906C VDD_IN 3160mW/3152mW VDD_CPU_GPU_CV 519mW/521mW VDD_SOC 1080mW/1076mW
08-09-2026 20:21:13 RAM 2978/7620MB (lfb 18x4MB) SWAP 2/12002MB (cached 0MB) CPU [1%@729,0%@729,2%@729,1%@729,1%@729,0%@729] GR3D_FREQ 0% cpu@45.031C soc2@44.5C soc0@42.906C gpu@44.406C tj@45.031C soc1@42.906C VDD_IN 3160mW/3152mW VDD_CPU_GPU_CV 519mW/521mW VDD_SOC 1080mW/1076mW
08-09-2026 20:21:14 RAM 2978/7620MB (lfb 18x4MB) SWAP 2/12002MB (cached 0MB) CPU [1%@729,1%@729,3%@729,0%@729,0%@729,1%@729] GR3D_FREQ 0% cpu@45.031C soc2@44.5C soc0@42.937C gpu@44.781C tj@45.156C soc1@43.031C VDD_IN 3160mW/3152mW VDD_CPU_GPU_CV 519mW/521mW VDD_SOC 1080mW/1076mW
08-09-2026 20:21:15 RAM 2978/7620MB (lfb 18x4MB) SWAP 2/12002MB (cached 0MB) CPU [1%@729,0%@729,1%@729,0%@729,1%@729,0%@729] GR3D_FREQ 0% cpu@45.125C soc2@44.5C soc0@42.937C gpu@44.437C tj@45.312C soc1@42.875C VDD_IN 3120mW/3152mW VDD_CPU_GPU_CV 519mW/521mW VDD_SOC 1080mW/1076mW
08-09-2026 20:21:16 RAM 2978/7620MB (lfb 18x4MB) SWAP 2/12002MB (cached 0MB) CPU [1%@729,1%@729,1%@729,2%@729,1%@729,1%@729] GR3D_FREQ 0% cpu@45.156C soc2@44.468C soc0@43.187C gpu@44.437C tj@45.156C soc1@42.906C VDD_IN 3120mW/3152mW VDD_CPU_GPU_CV 519mW/521mW VDD_SOC 1080mW/1076mW
08-09-2026 20:21:17 RAM 2978/7620MB (lfb 18x4MB) SWAP 2/12002MB (cached 0MB) CPU [1%@729,1%@729,1%@729,0%@729,1%@729,0%@729] GR3D_FREQ 0% cpu@45.375C soc2@44.562C soc0@42.937C gpu@44.406C tj@45.156C soc1@42.968C VDD_IN 3160mW/3152mW VDD_CPU_GPU_CV 519mW/521mW VDD_SOC 1080mW/1076mW
08-09-2026 20:21:18 RAM 2978/7620MB (lfb 18x4MB) SWAP 2/12002MB (cached 0MB) CPU [1%@729,1%@729,1%@729,1%@729,2%@729,0%@729] GR3D_FREQ 0% cpu@45C soc2@44.531C soc0@43C gpu@44.375C tj@45.25C soc1@43.125C VDD_IN 3120mW/3152mW VDD_CPU_GPU_CV 519mW/521mW VDD_SOC 1080mW/1076mW
08-09-2026 20:21:19 RAM 2978/7620MB (lfb 18x4MB) SWAP 2/12002MB (cached 0MB) CPU [1%@729,1%@729,1%@729,0%@729,0%@729,1%@729] GR3D_FREQ 0% cpu@45.5C soc2@44.468C soc0@43.125C gpu@44.5C tj@45.5C soc1@42.937C VDD_IN 3160mW/3152mW VDD_CPU_GPU_CV 519mW/521mW VDD_SOC 1080mW/1076mW
08-09-2026 20:21:20 RAM 2978/7620MB (lfb 18x4MB) SWAP 2/12002MB (cached 0MB) CPU [1%@729,2%@729,0%@729,2%@729,1%@729,0%@729] GR3D_FREQ 0% cpu@45.218C soc2@44.437C soc0@42.937C gpu@44.437C tj@45.156C soc1@42.937C VDD_IN 3160mW/3152mW VDD_CPU_GPU_CV 519mW/521mW VDD_SOC 1080mW/1076mW
08-09-2026 20:21:21 RAM 2978/7620MB (lfb 18x4MB) SWAP 2/12002MB (cached 0MB) CPU [1%@729,0%@729,1%@729,1%@729,2%@729,1%@729] GR3D_FREQ 0% cpu@45.156C soc2@44.5C soc0@42.968C gpu@44.375C tj@45.156C soc1@43.062C VDD_IN 3160mW/3152mW VDD_CPU_GPU_CV 519mW/521mW VDD_SOC 1080mW/1076mW
08-09-2026 20:21:22 RAM 2978/7620MB (lfb 18x4MB) SWAP 2/12002MB (cached 0MB) CPU [1%@729,1%@729,0%@729,1%@729,2%@729,0%@729] GR3D_FREQ 0% cpu@45.125C soc2@44.593C soc0@43.093C gpu@44.562C tj@45.406C soc1@42.875C VDD_IN 3160mW/3152mW VDD_CPU_GPU_CV 519mW/521mW VDD_SOC 1080mW/1076mW
08-09-2026 20:21:23 RAM 2978/7620MB (lfb 18x4MB) SWAP 2/12002MB (cached 0MB) CPU [0%@729,1%@729,0%@729,1%@729,1%@729,0%@729] GR3D_FREQ 0% cpu@45.187C soc2@44.562C soc0@43.156C gpu@44.531C tj@45.156C soc1@42.906C VDD_IN 3120mW/3152mW VDD_CPU_GPU_CV 519mW/521mW VDD_SOC 1040mW/1076mW
08-09-2026 20:21:24 RAM 2978/7620MB (lfb 18x4MB) SWAP 2/12002MB (cached 0MB) CPU [1%@729,2%@729,0%@729,1%@729,1%@729,2%@729] GR3D_FREQ 0% cpu@45.437C soc2@44.437C soc0@42.906C gpu@44.593C tj@45.437C soc1@42.937C VDD_IN 3120mW/3152mW VDD_CPU_GPU_CV 519mW/521mW VDD_SOC 1040mW/1075mW
08-09-2026 20:21:25 RAM 2978/7620MB (lfb 18x4MB) SWAP 2/12002MB (cached 0MB) CPU [2%@729,0%@729,0%@729,2%@729,1%@729,0%@729] GR3D_FREQ 0% cpu@45.093C soc2@44.5C soc0@43C gpu@44.406C tj@45.093C soc1@42.968C VDD_IN 3120mW/3151mW VDD_CPU_GPU_CV 519mW/521mW VDD_SOC 1040mW/1075mW
08-09-2026 20:21:26 RAM 2978/7620MB (lfb 18x4MB) SWAP 2/12002MB (cached 0MB) CPU [1%@729,1%@729,2%@729,1%@729,2%@729,0%@729] GR3D_FREQ 0% cpu@45.187C soc2@44.5C soc0@43C gpu@44.375C tj@45.187C soc1@42.906C VDD_IN 3120mW/3151mW VDD_CPU_GPU_CV 519mW/521mW VDD_SOC 1040mW/1075mW
08-09-2026 20:21:27 RAM 2978/7620MB (lfb 18x4MB) SWAP 2/12002MB (cached 0MB) CPU [1%@729,0%@729,1%@729,1%@729,1%@729,0%@729] GR3D_FREQ 0% cpu@45.343C soc2@44.468C soc0@43.062C gpu@44.406C tj@45.343C soc1@42.937C VDD_IN 3120mW/3151mW VDD_CPU_GPU_CV 519mW/521mW VDD_SOC 1040mW/1075mW
08-09-2026 20:21:28 RAM 2978/7620MB (lfb 18x4MB) SWAP 2/12002MB (cached 0MB) CPU [2%@729,1%@729,2%@729,0%@729,1%@729,0%@729] GR3D_FREQ 0% cpu@45.156C soc2@44.437C soc0@42.937C gpu@44.343C tj@45.156C soc1@42.968C VDD_IN 3120mW/3151mW VDD_CPU_GPU_CV 519mW/521mW VDD_SOC 1040mW/1074mW
08-09-2026 20:21:29 RAM 2978/7620MB (lfb 18x4MB) SWAP 2/12002MB (cached 0MB) CPU [0%@729,1%@729,2%@729,1%@729,1%@729,1%@729] GR3D_FREQ 0% cpu@45.093C soc2@44.562C soc0@42.968C gpu@44.656C tj@45.093C soc1@42.968C VDD_IN 3120mW/3150mW VDD_CPU_GPU_CV 519mW/521mW VDD_SOC 1040mW/1074mW
08-09-2026 20:21:30 RAM 2978/7620MB (lfb 18x4MB) SWAP 2/12002MB (cached 0MB) CPU [2%@729,1%@729,1%@729,1%@729,0%@729,0%@729] GR3D_FREQ 0% cpu@45.281C soc2@44.562C soc0@43.062C gpu@44.625C tj@45.281C soc1@43.062C VDD_IN 3120mW/3150mW VDD_CPU_GPU_CV 519mW/521mW VDD_SOC 1040mW/1074mW
08-09-2026 20:21:31 RAM 2978/7620MB (lfb 18x4MB) SWAP 2/12002MB (cached 0MB) CPU [1%@729,1%@729,2%@729,1%@729,2%@729,2%@729] GR3D_FREQ 0% cpu@45.187C soc2@44.5C soc0@43.062C gpu@44.593C tj@45.031C soc1@42.906C VDD_IN 3120mW/3150mW VDD_CPU_GPU_CV 519mW/521mW VDD_SOC 1040mW/1074mW
08-09-2026 20:21:32 RAM 2978/7620MB (lfb 18x4MB) SWAP 2/12002MB (cached 0MB) CPU [1%@729,1%@729,1%@729,0%@729,0%@729,0%@729] GR3D_FREQ 0% cpu@45.312C soc2@44.437C soc0@42.906C gpu@44.406C tj@45.218C soc1@42.968C VDD_IN 3120mW/3150mW VDD_CPU_GPU_CV 519mW/521mW VDD_SOC 1040mW/1073mW
08-09-2026 20:21:33 RAM 2978/7620MB (lfb 18x4MB) SWAP 2/12002MB (cached 0MB) CPU [1%@729,0%@729,1%@729,0%@729,0%@729,1%@729] GR3D_FREQ 0% cpu@44.968C soc2@44.5C soc0@42.937C gpu@44.406C tj@44.968C soc1@42.906C VDD_IN 3120mW/3150mW VDD_CPU_GPU_CV 519mW/521mW VDD_SOC 1040mW/1073mW
08-09-2026 20:21:34 RAM 2978/7620MB (lfb 18x4MB) SWAP 2/12002MB (cached 0MB) CPU [0%@729,2%@729,2%@729,1%@729,1%@729,0%@729] GR3D_FREQ 0% cpu@45.156C soc2@44.562C soc0@43.031C gpu@44.343C tj@45.156C soc1@43.031C VDD_IN 3160mW/3150mW VDD_CPU_GPU_CV 519mW/521mW VDD_SOC 1080mW/1073mW
08-09-2026 20:21:35 RAM 2978/7620MB (lfb 18x4MB) SWAP 2/12002MB (cached 0MB) CPU [0%@729,0%@729,0%@729,2%@729,3%@729,1%@729] GR3D_FREQ 0% cpu@45.25C soc2@44.5C soc0@43.093C gpu@44.75C tj@45.25C soc1@42.937C VDD_IN 3120mW/3149mW VDD_CPU_GPU_CV 519mW/521mW VDD_SOC 1040mW/1073mW
08-09-2026 20:21:36 RAM 2978/7620MB (lfb 18x4MB) SWAP 2/12002MB (cached 0MB) CPU [1%@729,1%@729,1%@729,1%@729,1%@729,1%@729] GR3D_FREQ 0% cpu@45.062C soc2@44.468C soc0@42.875C gpu@44.656C tj@45.062C soc1@42.937C VDD_IN 3120mW/3149mW VDD_CPU_GPU_CV 519mW/521mW VDD_SOC 1040mW/1073mW
08-09-2026 20:21:37 RAM 2978/7620MB (lfb 18x4MB) SWAP 2/12002MB (cached 0MB) CPU [0%@729,1%@729,2%@729,0%@729,1%@729,0%@729] GR3D_FREQ 0% cpu@45.156C soc2@44.437C soc0@42.937C gpu@44.687C tj@45.156C soc1@42.906C VDD_IN 3120mW/3149mW VDD_CPU_GPU_CV 519mW/521mW VDD_SOC 1040mW/1072mW
08-09-2026 20:21:38 RAM 2979/7620MB (lfb 18x4MB) SWAP 2/12002MB (cached 0MB) CPU [0%@729,2%@729,0%@729,2%@729,0%@729,1%@729] GR3D_FREQ 0% cpu@45.125C soc2@44.468C soc0@43C gpu@44.437C tj@45.125C soc1@43.093C VDD_IN 3160mW/3149mW VDD_CPU_GPU_CV 519mW/521mW VDD_SOC 1040mW/1072mW
08-09-2026 20:21:39 RAM 2979/7620MB (lfb 18x4MB) SWAP 2/12002MB (cached 0MB) CPU [0%@729,1%@729,1%@729,0%@729,2%@729,1%@729] GR3D_FREQ 0% cpu@45.343C soc2@44.468C soc0@43.062C gpu@44.437C tj@45.343C soc1@43C VDD_IN 3120mW/3149mW VDD_CPU_GPU_CV 519mW/521mW VDD_SOC 1040mW/1072mW
08-09-2026 20:21:40 RAM 2979/7620MB (lfb 18x4MB) SWAP 2/12002MB (cached 0MB) CPU [0%@729,1%@729,0%@729,1%@729,1%@729,1%@729] GR3D_FREQ 0% cpu@45.093C soc2@44.468C soc0@42.906C gpu@44.406C tj@45.093C soc1@42.906C VDD_IN 3120mW/3149mW VDD_CPU_GPU_CV 519mW/521mW VDD_SOC 1040mW/1072mW
08-09-2026 20:21:41 RAM 2979/7620MB (lfb 18x4MB) SWAP 2/12002MB (cached 0MB) CPU [2%@729,1%@729,1%@729,2%@729,1%@729,1%@729] GR3D_FREQ 0% cpu@45.031C soc2@44.5C soc0@42.937C gpu@44.75C tj@45.125C soc1@43C VDD_IN 3160mW/3149mW VDD_CPU_GPU_CV 519mW/521mW VDD_SOC 1080mW/1072mW
08-09-2026 20:21:42 RAM 2979/7620MB (lfb 18x4MB) SWAP 2/12002MB (cached 0MB) CPU [1%@729,2%@729,0%@729,0%@729,1%@729,0%@729] GR3D_FREQ 0% cpu@45.093C soc2@44.5C soc0@43C gpu@44.718C tj@45.093C soc1@43.218C VDD_IN 3160mW/3149mW VDD_CPU_GPU_CV 519mW/521mW VDD_SOC 1080mW/1072mW
08-09-2026 20:21:43 RAM 2979/7620MB (lfb 18x4MB) SWAP 2/12002MB (cached 0MB) CPU [0%@729,0%@729,1%@729,1%@729,1%@729,1%@729] GR3D_FREQ 0% cpu@45.125C soc2@44.437C soc0@43.125C gpu@44.781C tj@45.125C soc1@42.843C VDD_IN 3160mW/3149mW VDD_CPU_GPU_CV 519mW/521mW VDD_SOC 1080mW/1072mW
08-09-2026 20:21:44 RAM 2979/7620MB (lfb 18x4MB) SWAP 2/12002MB (cached 0MB) CPU [0%@729,2%@729,1%@729,2%@729,1%@729,2%@729] GR3D_FREQ 0% cpu@45.343C soc2@44.5C soc0@42.937C gpu@44.781C tj@45.343C soc1@42.937C VDD_IN 3160mW/3149mW VDD_CPU_GPU_CV 519mW/521mW VDD_SOC 1080mW/1072mW
08-09-2026 20:21:45 RAM 2979/7620MB (lfb 18x4MB) SWAP 2/12002MB (cached 0MB) CPU [1%@729,1%@729,1%@729,1%@729,3%@729,1%@729] GR3D_FREQ 0% cpu@45.093C soc2@44.562C soc0@42.937C gpu@44.5C tj@45.093C soc1@43C VDD_IN 3160mW/3149mW VDD_CPU_GPU_CV 519mW/521mW VDD_SOC 1080mW/1072mW
08-09-2026 20:21:46 RAM 2979/7620MB (lfb 18x4MB) SWAP 2/12002MB (cached 0MB) CPU [1%@729,2%@729,1%@729,1%@729,2%@729,0%@729] GR3D_FREQ 0% cpu@45.093C soc2@44.531C soc0@42.968C gpu@44.5C tj@45.093C soc1@43.031C VDD_IN 3160mW/3149mW VDD_CPU_GPU_CV 519mW/521mW VDD_SOC 1080mW/1072mW
08-09-2026 20:21:47 RAM 2979/7620MB (lfb 18x4MB) SWAP 2/12002MB (cached 0MB) CPU [0%@729,1%@729,0%@729,1%@729,1%@729,1%@729] GR3D_FREQ 0% cpu@45.218C soc2@44.468C soc0@43.031C gpu@44.437C tj@45.218C soc1@43C VDD_IN 3160mW/3149mW VDD_CPU_GPU_CV 519mW/521mW VDD_SOC 1080mW/1072mW
08-09-2026 20:21:48 RAM 2979/7620MB (lfb 18x4MB) SWAP 2/12002MB (cached 0MB) CPU [2%@729,1%@729,1%@729,1%@729,0%@729,0%@729] GR3D_FREQ 0% cpu@45.062C soc2@44.437C soc0@43C gpu@44.5C tj@45.062C soc1@42.937C VDD_IN 3160mW/3149mW VDD_CPU_GPU_CV 519mW/521mW VDD_SOC 1080mW/1072mW
08-09-2026 20:21:49 RAM 2979/7620MB (lfb 18x4MB) SWAP 2/12002MB (cached 0MB) CPU [1%@729,1%@729,1%@729,1%@729,1%@729,1%@729] GR3D_FREQ 0% cpu@45.281C soc2@44.5C soc0@42.875C gpu@44.343C tj@45.25C soc1@42.968C VDD_IN 3160mW/3149mW VDD_CPU_GPU_CV 519mW/521mW VDD_SOC 1080mW/1072mW
08-09-2026 20:21:50 RAM 2979/7620MB (lfb 18x4MB) SWAP 2/12002MB (cached 0MB) CPU [2%@729,2%@729,1%@729,1%@729,2%@729,0%@729] GR3D_FREQ 0% cpu@45C soc2@44.468C soc0@42.937C gpu@44.375C tj@45C soc1@43C VDD_IN 3160mW/3149mW VDD_CPU_GPU_CV 519mW/520mW VDD_SOC 1080mW/1072mW
08-09-2026 20:21:51 RAM 2979/7620MB (lfb 18x4MB) SWAP 2/12002MB (cached 0MB) CPU [1%@729,1%@729,2%@729,0%@729,0%@729,0%@729] GR3D_FREQ 0% cpu@45.093C soc2@44.531C soc0@43.031C gpu@44.312C tj@45.093C soc1@43.031C VDD_IN 3160mW/3149mW VDD_CPU_GPU_CV 519mW/520mW VDD_SOC 1080mW/1072mW
08-09-2026 20:21:52 RAM 2979/7620MB (lfb 18x4MB) SWAP 2/12002MB (cached 0MB) CPU [1%@729,1%@729,2%@729,1%@729,0%@729,0%@729] GR3D_FREQ 0% cpu@45.25C soc2@44.406C soc0@43.093C gpu@44.5C tj@45.25C soc1@42.812C VDD_IN 3160mW/3149mW VDD_CPU_GPU_CV 519mW/520mW VDD_SOC 1080mW/1072mW
08-09-2026 20:21:53 RAM 2979/7620MB (lfb 18x4MB) SWAP 2/12002MB (cached 0MB) CPU [1%@729,1%@729,2%@729,1%@729,1%@729,1%@729] GR3D_FREQ 0% cpu@45.062C soc2@44.437C soc0@42.937C gpu@44.562C tj@45.062C soc1@42.937C VDD_IN 3160mW/3150mW VDD_CPU_GPU_CV 519mW/520mW VDD_SOC 1080mW/1072mW
08-09-2026 20:21:54 RAM 2979/7620MB (lfb 18x4MB) SWAP 2/12002MB (cached 0MB) CPU [2%@729,1%@729,0%@729,2%@729,1%@729,0%@729] GR3D_FREQ 0% cpu@45.125C soc2@44.5C soc0@42.937C gpu@44.562C tj@45.125C soc1@43.062C VDD_IN 3160mW/3150mW VDD_CPU_GPU_CV 519mW/520mW VDD_SOC 1080mW/1072mW
08-09-2026 20:21:55 RAM 2979/7620MB (lfb 18x4MB) SWAP 2/12002MB (cached 0MB) CPU [2%@729,0%@729,1%@729,0%@729,2%@729,0%@729] GR3D_FREQ 0% cpu@45.125C soc2@44.562C soc0@43.031C gpu@44.312C tj@45.125C soc1@43.125C VDD_IN 3160mW/3150mW VDD_CPU_GPU_CV 519mW/520mW VDD_SOC 1080mW/1073mW
08-09-2026 20:21:56 RAM 2979/7620MB (lfb 18x4MB) SWAP 2/12002MB (cached 0MB) CPU [1%@729,2%@729,1%@729,1%@729,1%@729,0%@729] GR3D_FREQ 0% cpu@45.343C soc2@44.406C soc0@43.062C gpu@44.375C tj@45.343C soc1@42.937C VDD_IN 3160mW/3150mW VDD_CPU_GPU_CV 519mW/520mW VDD_SOC 1080mW/1073mW
08-09-2026 20:21:57 RAM 2979/7620MB (lfb 18x4MB) SWAP 2/12002MB (cached 0MB) CPU [1%@729,1%@729,2%@729,0%@729,2%@729,0%@729] GR3D_FREQ 0% cpu@45.187C soc2@44.562C soc0@42.937C gpu@44.437C tj@45.187C soc1@42.968C VDD_IN 3160mW/3150mW VDD_CPU_GPU_CV 519mW/520mW VDD_SOC 1080mW/1073mW
08-09-2026 20:21:58 RAM 2979/7620MB (lfb 18x4MB) SWAP 2/12002MB (cached 0MB) CPU [2%@729,1%@729,1%@729,1%@729,1%@729,0%@729] GR3D_FREQ 0% cpu@45C soc2@44.437C soc0@42.937C gpu@44.5C tj@45.187C soc1@43C VDD_IN 3160mW/3150mW VDD_CPU_GPU_CV 519mW/520mW VDD_SOC 1080mW/1073mW
08-09-2026 20:22:00 RAM 2979/7620MB (lfb 18x4MB) SWAP 2/12002MB (cached 0MB) CPU [1%@729,1%@729,1%@729,2%@729,2%@729,2%@729] GR3D_FREQ 0% cpu@45.093C soc2@44.437C soc0@42.937C gpu@44.593C tj@45.093C soc1@42.968C VDD_IN 3160mW/3150mW VDD_CPU_GPU_CV 519mW/520mW VDD_SOC 1080mW/1073mW
08-09-2026 20:22:01 RAM 2979/7620MB (lfb 18x4MB) SWAP 2/12002MB (cached 0MB) CPU [1%@729,1%@729,2%@729,1%@729,0%@729,1%@729] GR3D_FREQ 0% cpu@45.187C soc2@44.437C soc0@43.125C gpu@44.562C tj@45.187C soc1@42.937C VDD_IN 3160mW/3150mW VDD_CPU_GPU_CV 519mW/520mW VDD_SOC 1080mW/1073mW
08-09-2026 20:22:02 RAM 2979/7620MB (lfb 18x4MB) SWAP 2/12002MB (cached 0MB) CPU [2%@729,0%@729,1%@729,1%@729,1%@729,0%@729] GR3D_FREQ 0% cpu@45.312C soc2@44.437C soc0@42.968C gpu@44.718C tj@45.312C soc1@42.906C VDD_IN 3160mW/3150mW VDD_CPU_GPU_CV 519mW/520mW VDD_SOC 1080mW/1073mW
08-09-2026 20:22:03 RAM 2979/7620MB (lfb 18x4MB) SWAP 2/12002MB (cached 0MB) CPU [2%@729,1%@729,1%@729,0%@729,0%@729,1%@729] GR3D_FREQ 0% cpu@44.968C soc2@44.5C soc0@42.906C gpu@44.437C tj@44.968C soc1@43C VDD_IN 3160mW/3150mW VDD_CPU_GPU_CV 519mW/520mW VDD_SOC 1080mW/1073mW
08-09-2026 20:22:04 RAM 2979/7620MB (lfb 18x4MB) SWAP 2/12002MB (cached 0MB) CPU [1%@729,1%@729,1%@729,1%@729,1%@729,0%@729] GR3D_FREQ 0% cpu@45.093C soc2@44.437C soc0@42.968C gpu@44.343C tj@45.093C soc1@43C VDD_IN 3160mW/3150mW VDD_CPU_GPU_CV 519mW/520mW VDD_SOC 1080mW/1073mW
08-09-2026 20:22:05 RAM 2979/7620MB (lfb 18x4MB) SWAP 2/12002MB (cached 0MB) CPU [2%@729,2%@729,1%@729,1%@729,1%@729,1%@729] GR3D_FREQ 0% cpu@45.312C soc2@44.531C soc0@43C gpu@44.437C tj@45.312C soc1@43.125C VDD_IN 3160mW/3150mW VDD_CPU_GPU_CV 519mW/520mW VDD_SOC 1080mW/1073mW
08-09-2026 20:22:06 RAM 2979/7620MB (lfb 18x4MB) SWAP 2/12002MB (cached 0MB) CPU [0%@729,1%@729,1%@729,2%@729,2%@729,0%@729] GR3D_FREQ 0% cpu@45.125C soc2@44.406C soc0@43.031C gpu@44.375C tj@45.125C soc1@42.906C VDD_IN 3160mW/3150mW VDD_CPU_GPU_CV 519mW/520mW VDD_SOC 1080mW/1073mW
08-09-2026 20:22:07 RAM 2979/7620MB (lfb 18x4MB) SWAP 2/12002MB (cached 0MB) CPU [2%@729,1%@729,1%@729,1%@729,3%@729,1%@729] GR3D_FREQ 0% cpu@45.437C soc2@44.468C soc0@42.937C gpu@44.625C tj@45.062C soc1@42.937C VDD_IN 3160mW/3150mW VDD_CPU_GPU_CV 519mW/520mW VDD_SOC 1080mW/1073mW
08-09-2026 20:22:08 RAM 2979/7620MB (lfb 18x4MB) SWAP 2/12002MB (cached 0MB) CPU [1%@729,1%@729,0%@729,2%@729,0%@729,2%@729] GR3D_FREQ 0% cpu@45.031C soc2@44.5C soc0@43C gpu@44.781C tj@45.031C soc1@42.937C VDD_IN 3160mW/3150mW VDD_CPU_GPU_CV 519mW/520mW VDD_SOC 1080mW/1073mW
08-09-2026 20:22:09 RAM 2979/7620MB (lfb 18x4MB) SWAP 2/12002MB (cached 0MB) CPU [1%@729,1%@729,1%@729,0%@729,1%@729,0%@729] GR3D_FREQ 0% cpu@45.093C soc2@44.468C soc0@43C gpu@44.687C tj@45.093C soc1@43.093C VDD_IN 3160mW/3150mW VDD_CPU_GPU_CV 519mW/520mW VDD_SOC 1080mW/1073mW
08-09-2026 20:22:10 RAM 2979/7620MB (lfb 18x4MB) SWAP 2/12002MB (cached 0MB) CPU [1%@729,1%@729,1%@729,1%@729,1%@729,1%@729] GR3D_FREQ 0% cpu@45.281C soc2@44.5C soc0@43.062C gpu@44.812C tj@45.281C soc1@42.937C VDD_IN 3160mW/3150mW VDD_CPU_GPU_CV 519mW/520mW VDD_SOC 1080mW/1073mW
08-09-2026 20:22:11 RAM 2979/7620MB (lfb 18x4MB) SWAP 2/12002MB (cached 0MB) CPU [2%@729,1%@729,2%@729,1%@729,1%@729,9%@729] GR3D_FREQ 0% cpu@45C soc2@44.468C soc0@43C gpu@44.437C tj@45C soc1@42.906C VDD_IN 3160mW/3150mW VDD_CPU_GPU_CV 519mW/520mW VDD_SOC 1080mW/1073mW
08-09-2026 20:22:12 RAM 2979/7620MB (lfb 18x4MB) SWAP 2/12002MB (cached 0MB) CPU [1%@729,0%@729,2%@729,0%@729,0%@729,0%@729] GR3D_FREQ 0% cpu@45.406C soc2@44.531C soc0@42.937C gpu@44.468C tj@45.125C soc1@43C VDD_IN 3160mW/3150mW VDD_CPU_GPU_CV 519mW/520mW VDD_SOC 1080mW/1073mW
08-09-2026 20:22:13 RAM 2979/7620MB (lfb 18x4MB) SWAP 2/12002MB (cached 0MB) CPU [1%@729,2%@729,3%@729,0%@729,1%@729,0%@729] GR3D_FREQ 0% cpu@45.187C soc2@44.531C soc0@43.031C gpu@44.468C tj@45.187C soc1@43.093C VDD_IN 3160mW/3151mW VDD_CPU_GPU_CV 519mW/520mW VDD_SOC 1080mW/1073mW
08-09-2026 20:22:14 RAM 2979/7620MB (lfb 18x4MB) SWAP 2/12002MB (cached 0MB) CPU [2%@729,1%@729,2%@729,1%@729,1%@729,1%@729] GR3D_FREQ 0% cpu@45.156C soc2@44.531C soc0@43.156C gpu@44.437C tj@45.375C soc1@42.906C VDD_IN 3160mW/3151mW VDD_CPU_GPU_CV 519mW/520mW VDD_SOC 1080mW/1073mW
08-09-2026 20:22:15 RAM 2979/7620MB (lfb 18x4MB) SWAP 2/12002MB (cached 0MB) CPU [2%@729,1%@729,2%@729,0%@729,1%@729,0%@729] GR3D_FREQ 0% cpu@45.187C soc2@44.437C soc0@43.062C gpu@44.437C tj@45.187C soc1@42.875C VDD_IN 3160mW/3151mW VDD_CPU_GPU_CV 519mW/520mW VDD_SOC 1080mW/1073mW
08-09-2026 20:22:16 RAM 2979/7620MB (lfb 18x4MB) SWAP 2/12002MB (cached 0MB) CPU [1%@729,0%@729,2%@729,0%@729,2%@729,0%@729] GR3D_FREQ 0% cpu@45.156C soc2@44.437C soc0@43.125C gpu@44.906C tj@45.156C soc1@43.031C VDD_IN 3160mW/3151mW VDD_CPU_GPU_CV 519mW/520mW VDD_SOC 1080mW/1073mW
08-09-2026 20:22:17 RAM 2979/7620MB (lfb 18x4MB) SWAP 2/12002MB (cached 0MB) CPU [2%@729,1%@729,1%@729,1%@729,1%@729,0%@729] GR3D_FREQ 0% cpu@45.312C soc2@44.468C soc0@42.937C gpu@44.468C tj@45.218C soc1@42.968C VDD_IN 3160mW/3151mW VDD_CPU_GPU_CV 519mW/520mW VDD_SOC 1080mW/1073mW
08-09-2026 20:22:18 RAM 2979/7620MB (lfb 18x4MB) SWAP 2/12002MB (cached 0MB) CPU [0%@729,1%@729,0%@729,1%@729,3%@729,0%@729] GR3D_FREQ 0% cpu@45.125C soc2@44.468C soc0@42.937C gpu@44.531C tj@45.125C soc1@43.031C VDD_IN 3160mW/3151mW VDD_CPU_GPU_CV 519mW/520mW VDD_SOC 1080mW/1073mW
08-09-2026 20:22:19 RAM 2979/7620MB (lfb 18x4MB) SWAP 2/12002MB (cached 0MB) CPU [3%@729,1%@729,1%@729,2%@729,1%@729,0%@729] GR3D_FREQ 0% cpu@45.125C soc2@44.468C soc0@43C gpu@44.593C tj@45.125C soc1@43.031C VDD_IN 3160mW/3151mW VDD_CPU_GPU_CV 519mW/520mW VDD_SOC 1080mW/1073mW
08-09-2026 20:22:20 RAM 2979/7620MB (lfb 18x4MB) SWAP 2/12002MB (cached 0MB) CPU [1%@729,0%@729,0%@729,1%@729,2%@729,1%@729] GR3D_FREQ 0% cpu@45.312C soc2@44.5C soc0@43.093C gpu@44.375C tj@45.312C soc1@42.906C VDD_IN 3160mW/3151mW VDD_CPU_GPU_CV 519mW/520mW VDD_SOC 1080mW/1073mW
08-09-2026 20:22:21 RAM 2979/7620MB (lfb 18x4MB) SWAP 2/12002MB (cached 0MB) CPU [2%@729,1%@729,0%@729,0%@729,1%@729,0%@729] GR3D_FREQ 0% cpu@45.062C soc2@44.531C soc0@42.937C gpu@44.406C tj@45.062C soc1@42.906C VDD_IN 3160mW/3151mW VDD_CPU_GPU_CV 519mW/520mW VDD_SOC 1080mW/1073mW
08-09-2026 20:22:22 RAM 2979/7620MB (lfb 18x4MB) SWAP 2/12002MB (cached 0MB) CPU [0%@729,1%@729,1%@729,1%@729,1%@729,0%@729] GR3D_FREQ 0% cpu@45.156C soc2@44.468C soc0@42.937C gpu@44.437C tj@45.156C soc1@42.937C VDD_IN 3160mW/3151mW VDD_CPU_GPU_CV 519mW/520mW VDD_SOC 1080mW/1073mW
08-09-2026 20:22:23 RAM 2979/7620MB (lfb 18x4MB) SWAP 2/12002MB (cached 0MB) CPU [3%@729,1%@729,2%@729,1%@729,2%@729,0%@729] GR3D_FREQ 0% cpu@45.187C soc2@44.437C soc0@42.937C gpu@44.406C tj@45.187C soc1@43.031C VDD_IN 3160mW/3151mW VDD_CPU_GPU_CV 519mW/520mW VDD_SOC 1080mW/1073mW
08-09-2026 20:22:24 RAM 2979/7620MB (lfb 18x4MB) SWAP 2/12002MB (cached 0MB) CPU [1%@729,1%@729,1%@729,1%@729,2%@729,0%@729] GR3D_FREQ 0% cpu@45.218C soc2@44.625C soc0@43.062C gpu@44.406C tj@45.375C soc1@42.968C VDD_IN 3160mW/3151mW VDD_CPU_GPU_CV 519mW/520mW VDD_SOC 1080mW/1074mW
08-09-2026 20:22:25 RAM 2979/7620MB (lfb 18x4MB) SWAP 2/12002MB (cached 0MB) CPU [1%@729,1%@729,2%@729,1%@729,1%@729,0%@729] GR3D_FREQ 0% cpu@45.187C soc2@44.531C soc0@43.218C gpu@44.593C tj@45.187C soc1@42.968C VDD_IN 3160mW/3151mW VDD_CPU_GPU_CV 519mW/520mW VDD_SOC 1080mW/1074mW
08-09-2026 20:22:26 RAM 2979/7620MB (lfb 18x4MB) SWAP 2/12002MB (cached 0MB) CPU [0%@729,1%@729,1%@729,1%@729,1%@729,1%@729] GR3D_FREQ 0% cpu@45.562C soc2@44.562C soc0@42.937C gpu@44.687C tj@45.562C soc1@42.968C VDD_IN 3160mW/3151mW VDD_CPU_GPU_CV 519mW/520mW VDD_SOC 1080mW/1074mW
08-09-2026 20:22:27 RAM 2979/7620MB (lfb 18x4MB) SWAP 2/12002MB (cached 0MB) CPU [1%@729,1%@729,1%@729,1%@729,1%@729,0%@729] GR3D_FREQ 0% cpu@45.125C soc2@44.531C soc0@42.937C gpu@44.593C tj@45.125C soc1@43.031C VDD_IN 3160mW/3151mW VDD_CPU_GPU_CV 519mW/520mW VDD_SOC 1080mW/1074mW
08-09-2026 20:22:28 RAM 2979/7620MB (lfb 18x4MB) SWAP 2/12002MB (cached 0MB) CPU [0%@729,1%@729,1%@729,1%@729,1%@729,0%@729] GR3D_FREQ 0% cpu@45.25C soc2@44.562C soc0@42.968C gpu@44.593C tj@45.25C soc1@43.187C VDD_IN 3160mW/3151mW VDD_CPU_GPU_CV 519mW/520mW VDD_SOC 1080mW/1074mW
08-09-2026 20:22:29 RAM 2979/7620MB (lfb 18x4MB) SWAP 2/12002MB (cached 0MB) CPU [0%@729,0%@729,2%@729,1%@729,2%@729,0%@729] GR3D_FREQ 0% cpu@45.406C soc2@44.593C soc0@43.062C gpu@44.687C tj@45.406C soc1@42.968C VDD_IN 3160mW/3151mW VDD_CPU_GPU_CV 519mW/520mW VDD_SOC 1080mW/1074mW
08-09-2026 20:22:30 RAM 2979/7620MB (lfb 18x4MB) SWAP 2/12002MB (cached 0MB) CPU [2%@729,1%@729,1%@729,1%@729,0%@729,0%@729] GR3D_FREQ 0% cpu@45.218C soc2@44.5C soc0@43.187C gpu@44.468C tj@45.218C soc1@42.937C VDD_IN 3160mW/3151mW VDD_CPU_GPU_CV 519mW/520mW VDD_SOC 1080mW/1074mW
08-09-2026 20:22:31 RAM 2979/7620MB (lfb 18x4MB) SWAP 2/12002MB (cached 0MB) CPU [1%@729,0%@729,2%@729,2%@729,1%@729,0%@729] GR3D_FREQ 0% cpu@45.562C soc2@44.468C soc0@42.968C gpu@44.406C tj@45.562C soc1@42.968C VDD_IN 3160mW/3151mW VDD_CPU_GPU_CV 519mW/520mW VDD_SOC 1080mW/1074mW
08-09-2026 20:22:32 RAM 2979/7620MB (lfb 18x4MB) SWAP 2/12002MB (cached 0MB) CPU [0%@729,0%@729,2%@729,1%@729,1%@729,0%@729] GR3D_FREQ 0% cpu@45.125C soc2@44.531C soc0@42.937C gpu@44.375C tj@45.125C soc1@43C VDD_IN 3160mW/3151mW VDD_CPU_GPU_CV 519mW/520mW VDD_SOC 1080mW/1074mW
08-09-2026 20:22:33 RAM 2979/7620MB (lfb 18x4MB) SWAP 2/12002MB (cached 0MB) CPU [0%@729,0%@729,2%@729,1%@729,1%@729,0%@729] GR3D_FREQ 0% cpu@45.187C soc2@44.593C soc0@42.937C gpu@44.437C tj@45.187C soc1@43.125C VDD_IN 3160mW/3151mW VDD_CPU_GPU_CV 519mW/520mW VDD_SOC 1080mW/1074mW
08-09-2026 20:22:34 RAM 2979/7620MB (lfb 18x4MB) SWAP 2/12002MB (cached 0MB) CPU [1%@729,0%@729,1%@729,1%@729,1%@729,0%@729] GR3D_FREQ 0% cpu@45.375C soc2@44.5C soc0@43.062C gpu@44.437C tj@45.375C soc1@42.875C VDD_IN 3160mW/3151mW VDD_CPU_GPU_CV 519mW/520mW VDD_SOC 1080mW/1074mW
08-09-2026 20:22:35 RAM 2979/7620MB (lfb 18x4MB) SWAP 2/12002MB (cached 0MB) CPU [1%@729,2%@729,0%@729,1%@729,1%@729,0%@729] GR3D_FREQ 0% cpu@45.156C soc2@44.437C soc0@43.156C gpu@44.687C tj@45.156C soc1@42.968C VDD_IN 3200mW/3152mW VDD_CPU_GPU_CV 519mW/520mW VDD_SOC 1080mW/1074mW
08-09-2026 20:22:36 RAM 2979/7620MB (lfb 18x4MB) SWAP 2/12002MB (cached 0MB) CPU [2%@729,0%@729,2%@729,1%@729,2%@729,0%@729] GR3D_FREQ 0% cpu@45.468C soc2@44.437C soc0@43.031C gpu@44.781C tj@45.468C soc1@43C VDD_IN 3160mW/3152mW VDD_CPU_GPU_CV 519mW/520mW VDD_SOC 1080mW/1074mW
08-09-2026 20:22:37 RAM 2979/7620MB (lfb 18x4MB) SWAP 2/12002MB (cached 0MB) CPU [0%@729,1%@729,0%@729,1%@729,1%@729,0%@729] GR3D_FREQ 0% cpu@45.062C soc2@44.5C soc0@43C gpu@44.812C tj@45.062C soc1@43.031C VDD_IN 3160mW/3152mW VDD_CPU_GPU_CV 519mW/520mW VDD_SOC 1080mW/1074mW
08-09-2026 20:22:38 RAM 2979/7620MB (lfb 18x4MB) SWAP 2/12002MB (cached 0MB) CPU [2%@729,2%@729,1%@729,0%@729,1%@729,0%@729] GR3D_FREQ 0% cpu@45.156C soc2@44.562C soc0@43.062C gpu@44.5C tj@45.156C soc1@42.906C VDD_IN 3160mW/3152mW VDD_CPU_GPU_CV 519mW/520mW VDD_SOC 1080mW/1074mW
08-09-2026 20:22:39 RAM 2979/7620MB (lfb 18x4MB) SWAP 2/12002MB (cached 0MB) CPU [1%@729,1%@729,2%@729,2%@729,0%@729,2%@729] GR3D_FREQ 0% cpu@45.25C soc2@44.468C soc0@43.156C gpu@44.437C tj@45.25C soc1@42.968C VDD_IN 3160mW/3152mW VDD_CPU_GPU_CV 519mW/520mW VDD_SOC 1080mW/1074mW
08-09-2026 20:22:40 RAM 2979/7620MB (lfb 18x4MB) SWAP 2/12002MB (cached 0MB) CPU [1%@1510,1%@729,2%@729,1%@729,2%@729,1%@729] GR3D_FREQ 0% cpu@45.093C soc2@44.437C soc0@42.937C gpu@44.468C tj@45.093C soc1@42.937C VDD_IN 3160mW/3152mW VDD_CPU_GPU_CV 519mW/520mW VDD_SOC 1080mW/1074mW
08-09-2026 20:22:41 RAM 2979/7620MB (lfb 18x4MB) SWAP 2/12002MB (cached 0MB) CPU [2%@1510,2%@1510,0%@1510,1%@1510,1%@729,1%@729] GR3D_FREQ 0% cpu@45.156C soc2@44.468C soc0@43C gpu@44.718C tj@45.156C soc1@42.968C VDD_IN 3160mW/3152mW VDD_CPU_GPU_CV 519mW/520mW VDD_SOC 1080mW/1074mW
08-09-2026 20:22:42 RAM 2979/7620MB (lfb 18x4MB) SWAP 2/12002MB (cached 0MB) CPU [0%@1510,1%@1510,0%@1510,0%@1510,1%@729,0%@729] GR3D_FREQ 0% cpu@45.25C soc2@44.437C soc0@43.156C gpu@44.75C tj@45.25C soc1@42.906C VDD_IN 3160mW/3152mW VDD_CPU_GPU_CV 519mW/520mW VDD_SOC 1080mW/1074mW
08-09-2026 20:22:43 RAM 2979/7620MB (lfb 18x4MB) SWAP 2/12002MB (cached 0MB) CPU [1%@1510,1%@1510,1%@1510,1%@1510,1%@729,0%@729] GR3D_FREQ 0% cpu@45C soc2@44.468C soc0@43.156C gpu@44.781C tj@45C soc1@42.906C VDD_IN 3160mW/3152mW VDD_CPU_GPU_CV 519mW/520mW VDD_SOC 1080mW/1074mW
08-09-2026 20:22:44 RAM 2979/7620MB (lfb 18x4MB) SWAP 2/12002MB (cached 0MB) CPU [3%@729,1%@729,1%@729,0%@729,1%@729,0%@729] GR3D_FREQ 0% cpu@45.312C soc2@44.437C soc0@42.906C gpu@44.468C tj@45.093C soc1@42.906C VDD_IN 3120mW/3152mW VDD_CPU_GPU_CV 519mW/520mW VDD_SOC 1080mW/1074mW
08-09-2026 20:22:45 RAM 2979/7620MB (lfb 18x4MB) SWAP 2/12002MB (cached 0MB) CPU [1%@729,2%@729,0%@729,1%@729,1%@729,1%@729] GR3D_FREQ 0% cpu@45.187C soc2@44.468C soc0@42.906C gpu@44.437C tj@45.187C soc1@43C VDD_IN 3120mW/3152mW VDD_CPU_GPU_CV 519mW/520mW VDD_SOC 1080mW/1074mW
08-09-2026 20:22:46 RAM 2979/7620MB (lfb 18x4MB) SWAP 2/12002MB (cached 0MB) CPU [1%@729,1%@729,0%@729,1%@729,1%@729,0%@729] GR3D_FREQ 0% cpu@45.343C soc2@44.437C soc0@42.906C gpu@44.437C tj@45.062C soc1@42.937C VDD_IN 3160mW/3152mW VDD_CPU_GPU_CV 519mW/520mW VDD_SOC 1080mW/1074mW
08-09-2026 20:22:47 RAM 2979/7620MB (lfb 18x4MB) SWAP 2/12002MB (cached 0MB) CPU [1%@729,2%@729,1%@729,0%@729,1%@729,1%@729] GR3D_FREQ 0% cpu@45.25C soc2@44.437C soc0@42.968C gpu@44.843C tj@45.25C soc1@42.875C VDD_IN 3160mW/3152mW VDD_CPU_GPU_CV 519mW/520mW VDD_SOC 1080mW/1074mW
08-09-2026 20:22:48 RAM 2979/7620MB (lfb 18x4MB) SWAP 2/12002MB (cached 0MB) CPU [1%@1510,1%@1510,1%@1510,1%@1510,0%@729,0%@729] GR3D_FREQ 0% cpu@45.375C soc2@44.468C soc0@42.937C gpu@44.437C tj@45.375C soc1@42.875C VDD_IN 3160mW/3152mW VDD_CPU_GPU_CV 519mW/520mW VDD_SOC 1080mW/1074mW
08-09-2026 20:22:49 RAM 2979/7620MB (lfb 18x4MB) SWAP 2/12002MB (cached 0MB) CPU [1%@1510,1%@1510,2%@1510,1%@1510,0%@729,1%@729] GR3D_FREQ 0% cpu@45.093C soc2@44.437C soc0@42.937C gpu@44.781C tj@45.218C soc1@43.031C VDD_IN 3160mW/3152mW VDD_CPU_GPU_CV 519mW/520mW VDD_SOC 1080mW/1074mW
08-09-2026 20:22:50 RAM 2979/7620MB (lfb 18x4MB) SWAP 2/12002MB (cached 0MB) CPU [1%@729,1%@729,1%@729,0%@729,0%@729,0%@729] GR3D_FREQ 0% cpu@45C soc2@44.437C soc0@42.906C gpu@44.5C tj@45C soc1@42.875C VDD_IN 3160mW/3152mW VDD_CPU_GPU_CV 519mW/520mW VDD_SOC 1080mW/1074mW
08-09-2026 20:22:51 RAM 2979/7620MB (lfb 18x4MB) SWAP 2/12002MB (cached 0MB) CPU [1%@729,1%@729,1%@729,0%@729,2%@729,2%@729] GR3D_FREQ 0% cpu@45.031C soc2@44.406C soc0@42.906C gpu@44.718C tj@45.031C soc1@43C VDD_IN 3160mW/3152mW VDD_CPU_GPU_CV 519mW/520mW VDD_SOC 1080mW/1074mW
08-09-2026 20:22:52 RAM 2979/7620MB (lfb 18x4MB) SWAP 2/12002MB (cached 0MB) CPU [1%@729,1%@729,0%@729,0%@729,0%@729,1%@729] GR3D_FREQ 0% cpu@45.093C soc2@44.406C soc0@43C gpu@44.437C tj@45.093C soc1@42.875C VDD_IN 3160mW/3152mW VDD_CPU_GPU_CV 519mW/520mW VDD_SOC 1080mW/1074mW
08-09-2026 20:22:53 RAM 2979/7620MB (lfb 18x4MB) SWAP 2/12002MB (cached 0MB) CPU [1%@729,1%@729,1%@729,0%@729,2%@729,1%@729] GR3D_FREQ 0% cpu@45.093C soc2@44.468C soc0@42.937C gpu@44.781C tj@45.093C soc1@42.937C VDD_IN 3160mW/3152mW VDD_CPU_GPU_CV 519mW/520mW VDD_SOC 1080mW/1074mW
08-09-2026 20:22:54 RAM 2979/7620MB (lfb 18x4MB) SWAP 2/12002MB (cached 0MB) CPU [0%@729,2%@729,2%@729,1%@729,2%@729,1%@729] GR3D_FREQ 0% cpu@45.156C soc2@44.406C soc0@42.968C gpu@44.781C tj@45.156C soc1@42.875C VDD_IN 3160mW/3152mW VDD_CPU_GPU_CV 519mW/520mW VDD_SOC 1080mW/1074mW
08-09-2026 20:22:55 RAM 2979/7620MB (lfb 18x4MB) SWAP 2/12002MB (cached 0MB) CPU [1%@729,1%@729,1%@729,0%@729,1%@729,1%@729] GR3D_FREQ 0% cpu@45.437C soc2@44.437C soc0@42.875C gpu@44.437C tj@45.031C soc1@42.906C VDD_IN 3160mW/3152mW VDD_CPU_GPU_CV 519mW/520mW VDD_SOC 1080mW/1074mW
08-09-2026 20:22:56 RAM 2979/7620MB (lfb 18x4MB) SWAP 2/12002MB (cached 0MB) CPU [0%@729,2%@729,3%@729,1%@729,0%@729,0%@729] GR3D_FREQ 0% cpu@45.218C soc2@44.406C soc0@42.968C gpu@44.812C tj@45.218C soc1@42.875C VDD_IN 3160mW/3152mW VDD_CPU_GPU_CV 519mW/520mW VDD_SOC 1080mW/1074mW
08-09-2026 20:22:57 RAM 2979/7620MB (lfb 18x4MB) SWAP 2/12002MB (cached 0MB) CPU [2%@729,3%@729,2%@729,0%@729,2%@729,1%@729] GR3D_FREQ 0% cpu@45C soc2@44.437C soc0@42.937C gpu@44.437C tj@45C soc1@42.968C VDD_IN 3160mW/3152mW VDD_CPU_GPU_CV 519mW/520mW VDD_SOC 1080mW/1074mW
08-09-2026 20:22:58 RAM 2979/7620MB (lfb 18x4MB) SWAP 2/12002MB (cached 0MB) CPU [1%@729,1%@729,1%@729,1%@729,0%@729,0%@729] GR3D_FREQ 0% cpu@45.312C soc2@44.468C soc0@43.031C gpu@44.718C tj@45.312C soc1@43.093C VDD_IN 3160mW/3152mW VDD_CPU_GPU_CV 519mW/520mW VDD_SOC 1080mW/1074mW
08-09-2026 20:22:59 RAM 2979/7620MB (lfb 18x4MB) SWAP 2/12002MB (cached 0MB) CPU [2%@729,0%@729,0%@729,0%@729,2%@729,0%@729] GR3D_FREQ 0% cpu@45C soc2@44.375C soc0@42.875C gpu@44.5C tj@45C soc1@42.906C VDD_IN 3160mW/3152mW VDD_CPU_GPU_CV 519mW/520mW VDD_SOC 1080mW/1074mW
08-09-2026 20:23:00 RAM 2979/7620MB (lfb 18x4MB) SWAP 2/12002MB (cached 0MB) CPU [1%@729,0%@729,2%@729,0%@729,1%@729,2%@729] GR3D_FREQ 0% cpu@45.156C soc2@44.5C soc0@42.968C gpu@44.531C tj@45.156C soc1@42.906C VDD_IN 3160mW/3152mW VDD_CPU_GPU_CV 519mW/520mW VDD_SOC 1080mW/1074mW
08-09-2026 20:23:01 RAM 2979/7620MB (lfb 18x4MB) SWAP 2/12002MB (cached 0MB) CPU [2%@729,1%@729,1%@729,1%@729,1%@729,0%@729] GR3D_FREQ 0% cpu@45.093C soc2@44.437C soc0@42.937C gpu@44.843C tj@45.093C soc1@42.937C VDD_IN 3160mW/3152mW VDD_CPU_GPU_CV 519mW/520mW VDD_SOC 1080mW/1074mW
08-09-2026 20:23:02 RAM 2979/7620MB (lfb 18x4MB) SWAP 2/12002MB (cached 0MB) CPU [1%@729,1%@729,0%@729,1%@729,1%@729,0%@729] GR3D_FREQ 0% cpu@45.093C soc2@44.562C soc0@42.937C gpu@44.5C tj@45.093C soc1@43.062C VDD_IN 3160mW/3152mW VDD_CPU_GPU_CV 519mW/520mW VDD_SOC 1080mW/1075mW
08-09-2026 20:23:03 RAM 2979/7620MB (lfb 18x4MB) SWAP 2/12002MB (cached 0MB) CPU [1%@729,1%@729,1%@729,0%@729,1%@729,0%@729] GR3D_FREQ 0% cpu@45.156C soc2@44.437C soc0@42.906C gpu@44.843C tj@45.062C soc1@42.968C VDD_IN 3160mW/3152mW VDD_CPU_GPU_CV 519mW/520mW VDD_SOC 1080mW/1075mW
08-09-2026 20:23:04 RAM 2979/7620MB (lfb 18x4MB) SWAP 2/12002MB (cached 0MB) CPU [1%@729,1%@729,0%@729,1%@729,1%@729,0%@729] GR3D_FREQ 0% cpu@45.093C soc2@44.562C soc0@43C gpu@44.5C tj@45.093C soc1@42.968C VDD_IN 3160mW/3152mW VDD_CPU_GPU_CV 519mW/520mW VDD_SOC 1080mW/1075mW
08-09-2026 20:23:05 RAM 2979/7620MB (lfb 18x4MB) SWAP 2/12002MB (cached 0MB) CPU [1%@729,3%@729,0%@729,1%@729,1%@729,0%@729] GR3D_FREQ 0% cpu@45.312C soc2@44.437C soc0@43.062C gpu@44.75C tj@45.312C soc1@42.937C VDD_IN 3160mW/3152mW VDD_CPU_GPU_CV 519mW/520mW VDD_SOC 1080mW/1075mW
08-09-2026 20:23:06 RAM 2979/7620MB (lfb 18x4MB) SWAP 2/12002MB (cached 0MB) CPU [2%@729,1%@729,1%@729,1%@729,2%@729,0%@729] GR3D_FREQ 0% cpu@45.156C soc2@44.375C soc0@42.906C gpu@44.812C tj@45.156C soc1@43C VDD_IN 3160mW/3152mW VDD_CPU_GPU_CV 519mW/520mW VDD_SOC 1080mW/1075mW
08-09-2026 20:23:07 RAM 2979/7620MB (lfb 18x4MB) SWAP 2/12002MB (cached 0MB) CPU [1%@729,1%@729,1%@729,1%@729,1%@729,0%@729] GR3D_FREQ 0% cpu@45.281C soc2@44.437C soc0@43.093C gpu@44.406C tj@45.281C soc1@42.906C VDD_IN 3160mW/3152mW VDD_CPU_GPU_CV 519mW/520mW VDD_SOC 1080mW/1075mW
08-09-2026 20:23:08 RAM 2979/7620MB (lfb 18x4MB) SWAP 2/12002MB (cached 0MB) CPU [1%@729,1%@729,1%@729,1%@729,1%@729,0%@729] GR3D_FREQ 0% cpu@45.031C soc2@44.437C soc0@42.968C gpu@44.468C tj@45.031C soc1@42.906C VDD_IN 3160mW/3152mW VDD_CPU_GPU_CV 519mW/520mW VDD_SOC 1080mW/1075mW
08-09-2026 20:23:09 RAM 2979/7620MB (lfb 18x4MB) SWAP 2/12002MB (cached 0MB) CPU [1%@729,0%@729,0%@729,1%@729,1%@729,0%@729] GR3D_FREQ 0% cpu@45.062C soc2@44.468C soc0@43C gpu@44.437C tj@45.218C soc1@42.906C VDD_IN 3160mW/3152mW VDD_CPU_GPU_CV 519mW/520mW VDD_SOC 1080mW/1075mW
08-09-2026 20:23:10 RAM 2979/7620MB (lfb 18x4MB) SWAP 2/12002MB (cached 0MB) CPU [3%@729,2%@729,1%@729,2%@729,0%@729,8%@729] GR3D_FREQ 0% cpu@45.093C soc2@44.437C soc0@42.937C gpu@44.718C tj@45.093C soc1@42.968C VDD_IN 3200mW/3153mW VDD_CPU_GPU_CV 519mW/520mW VDD_SOC 1080mW/1075mW
08-09-2026 20:23:11 RAM 2979/7620MB (lfb 18x4MB) SWAP 2/12002MB (cached 0MB) CPU [2%@729,3%@729,0%@729,2%@729,1%@729,0%@729] GR3D_FREQ 0% cpu@45.156C soc2@44.5C soc0@43C gpu@44.468C tj@45.156C soc1@42.906C VDD_IN 3160mW/3153mW VDD_CPU_GPU_CV 519mW/520mW VDD_SOC 1080mW/1075mW
08-09-2026 20:23:12 RAM 2979/7620MB (lfb 18x4MB) SWAP 2/12002MB (cached 0MB) CPU [0%@729,1%@729,0%@729,0%@729,0%@729,0%@729] GR3D_FREQ 0% cpu@45.187C soc2@44.468C soc0@42.875C gpu@44.843C tj@45.093C soc1@42.937C VDD_IN 3160mW/3153mW VDD_CPU_GPU_CV 519mW/520mW VDD_SOC 1080mW/1075mW
08-09-2026 20:23:13 RAM 2979/7620MB (lfb 18x4MB) SWAP 2/12002MB (cached 0MB) CPU [1%@729,2%@729,1%@729,1%@729,1%@729,0%@729] GR3D_FREQ 0% cpu@45.156C soc2@44.562C soc0@43C gpu@44.406C tj@45.156C soc1@42.906C VDD_IN 3160mW/3153mW VDD_CPU_GPU_CV 519mW/520mW VDD_SOC 1080mW/1075mW
08-09-2026 20:23:14 RAM 2979/7620MB (lfb 18x4MB) SWAP 2/12002MB (cached 0MB) CPU [1%@729,2%@729,0%@729,0%@729,1%@729,0%@729] GR3D_FREQ 0% cpu@45.312C soc2@44.468C soc0@42.937C gpu@44.468C tj@45.218C soc1@42.906C VDD_IN 3160mW/3153mW VDD_CPU_GPU_CV 519mW/520mW VDD_SOC 1080mW/1075mW
08-09-2026 20:23:15 RAM 2979/7620MB (lfb 18x4MB) SWAP 2/12002MB (cached 0MB) CPU [2%@729,1%@729,0%@729,0%@729,1%@729,0%@729] GR3D_FREQ 0% cpu@45.156C soc2@44.531C soc0@42.937C gpu@44.687C tj@45.156C soc1@43.062C VDD_IN 3160mW/3153mW VDD_CPU_GPU_CV 519mW/520mW VDD_SOC 1080mW/1075mW
08-09-2026 20:23:16 RAM 2979/7620MB (lfb 18x4MB) SWAP 2/12002MB (cached 0MB) CPU [2%@729,3%@729,0%@729,0%@729,1%@729,0%@729] GR3D_FREQ 0% cpu@45.343C soc2@44.406C soc0@42.968C gpu@44.5C tj@45.343C soc1@42.937C VDD_IN 3160mW/3153mW VDD_CPU_GPU_CV 519mW/520mW VDD_SOC 1080mW/1075mW
08-09-2026 20:23:17 RAM 2979/7620MB (lfb 18x4MB) SWAP 2/12002MB (cached 0MB) CPU [1%@729,1%@729,1%@729,0%@729,1%@729,0%@729] GR3D_FREQ 0% cpu@45.156C soc2@44.562C soc0@42.937C gpu@44.656C tj@45.156C soc1@43.031C VDD_IN 3160mW/3153mW VDD_CPU_GPU_CV 519mW/520mW VDD_SOC 1080mW/1075mW
08-09-2026 20:23:18 RAM 2979/7620MB (lfb 18x4MB) SWAP 2/12002MB (cached 0MB) CPU [0%@729,1%@729,2%@729,1%@729,1%@729,0%@729] GR3D_FREQ 0% cpu@45.437C soc2@44.468C soc0@42.812C gpu@44.437C tj@45.437C soc1@42.906C VDD_IN 3160mW/3153mW VDD_CPU_GPU_CV 519mW/520mW VDD_SOC 1080mW/1075mW
08-09-2026 20:23:19 RAM 2979/7620MB (lfb 18x4MB) SWAP 2/12002MB (cached 0MB) CPU [0%@729,1%@729,0%@729,0%@729,3%@729,2%@729] GR3D_FREQ 0% cpu@45C soc2@44.437C soc0@42.906C gpu@44.718C tj@45C soc1@42.968C VDD_IN 3160mW/3153mW VDD_CPU_GPU_CV 519mW/520mW VDD_SOC 1080mW/1075mW
08-09-2026 20:23:20 RAM 2980/7620MB (lfb 18x4MB) SWAP 2/12002MB (cached 0MB) CPU [2%@729,1%@729,1%@729,0%@729,6%@729,1%@729] GR3D_FREQ 0% cpu@45C soc2@44.5C soc0@42.937C gpu@44.468C tj@45C soc1@42.937C VDD_IN 3160mW/3153mW VDD_CPU_GPU_CV 519mW/520mW VDD_SOC 1080mW/1075mW
08-09-2026 20:23:21 RAM 2980/7620MB (lfb 18x4MB) SWAP 2/12002MB (cached 0MB) CPU [0%@729,3%@729,1%@729,0%@729,1%@729,0%@729] GR3D_FREQ 0% cpu@45.031C soc2@44.437C soc0@43C gpu@44.687C tj@45.031C soc1@43.031C VDD_IN 3160mW/3153mW VDD_CPU_GPU_CV 519mW/520mW VDD_SOC 1080mW/1075mW
08-09-2026 20:23:22 RAM 2980/7620MB (lfb 18x4MB) SWAP 2/12002MB (cached 0MB) CPU [0%@729,1%@729,0%@729,0%@729,1%@729,1%@729] GR3D_FREQ 0% cpu@45.062C soc2@44.437C soc0@43.093C gpu@44.687C tj@45.062C soc1@42.906C VDD_IN 3160mW/3153mW VDD_CPU_GPU_CV 519mW/520mW VDD_SOC 1080mW/1075mW
08-09-2026 20:23:23 RAM 2980/7620MB (lfb 18x4MB) SWAP 2/12002MB (cached 0MB) CPU [1%@729,1%@729,1%@729,1%@729,1%@729,2%@729] GR3D_FREQ 0% cpu@45.156C soc2@44.468C soc0@42.937C gpu@44.343C tj@45.156C soc1@43.031C VDD_IN 3160mW/3153mW VDD_CPU_GPU_CV 519mW/520mW VDD_SOC 1080mW/1075mW
08-09-2026 20:23:24 RAM 2980/7620MB (lfb 18x4MB) SWAP 2/12002MB (cached 0MB) CPU [0%@729,1%@729,1%@729,1%@729,1%@729,0%@729] GR3D_FREQ 0% cpu@45.187C soc2@44.5C soc0@43.031C gpu@44.718C tj@45.187C soc1@42.875C VDD_IN 3160mW/3153mW VDD_CPU_GPU_CV 519mW/520mW VDD_SOC 1080mW/1075mW
08-09-2026 20:23:25 RAM 2980/7620MB (lfb 18x4MB) SWAP 2/12002MB (cached 0MB) CPU [2%@729,1%@729,2%@729,1%@729,1%@729,0%@729] GR3D_FREQ 0% cpu@45.406C soc2@44.437C soc0@42.937C gpu@44.406C tj@45.406C soc1@42.906C VDD_IN 3160mW/3153mW VDD_CPU_GPU_CV 519mW/520mW VDD_SOC 1080mW/1075mW
08-09-2026 20:23:26 RAM 2980/7620MB (lfb 18x4MB) SWAP 2/12002MB (cached 0MB) CPU [0%@729,1%@729,1%@729,1%@729,0%@729,1%@729] GR3D_FREQ 0% cpu@45.25C soc2@44.468C soc0@42.968C gpu@44.75C tj@45.25C soc1@43.156C VDD_IN 3160mW/3153mW VDD_CPU_GPU_CV 519mW/520mW VDD_SOC 1080mW/1075mW
08-09-2026 20:23:27 RAM 2980/7620MB (lfb 18x4MB) SWAP 2/12002MB (cached 0MB) CPU [0%@729,1%@729,1%@729,1%@729,1%@729,1%@729] GR3D_FREQ 0% cpu@45.031C soc2@44.5C soc0@42.843C gpu@44.375C tj@45.031C soc1@42.906C VDD_IN 3160mW/3153mW VDD_CPU_GPU_CV 519mW/520mW VDD_SOC 1080mW/1075mW
08-09-2026 20:23:28 RAM 2980/7620MB (lfb 18x4MB) SWAP 2/12002MB (cached 0MB) CPU [1%@729,1%@729,3%@729,1%@729,0%@729,1%@729] GR3D_FREQ 0% cpu@45.031C soc2@44.437C soc0@42.968C gpu@44.687C tj@45.031C soc1@43.093C VDD_IN 3160mW/3153mW VDD_CPU_GPU_CV 519mW/520mW VDD_SOC 1080mW/1075mW
08-09-2026 20:23:29 RAM 2980/7620MB (lfb 18x4MB) SWAP 2/12002MB (cached 0MB) CPU [2%@729,2%@729,2%@729,1%@729,2%@729,0%@729] GR3D_FREQ 0% cpu@45.062C soc2@44.5C soc0@42.937C gpu@44.406C tj@45.062C soc1@42.906C VDD_IN 3160mW/3153mW VDD_CPU_GPU_CV 519mW/520mW VDD_SOC 1080mW/1075mW
08-09-2026 20:23:30 RAM 2980/7620MB (lfb 18x4MB) SWAP 2/12002MB (cached 0MB) CPU [1%@729,1%@729,1%@729,0%@729,0%@729,0%@729] GR3D_FREQ 0% cpu@45.093C soc2@44.468C soc0@43C gpu@44.375C tj@45.093C soc1@43.031C VDD_IN 3160mW/3153mW VDD_CPU_GPU_CV 519mW/520mW VDD_SOC 1080mW/1075mW
08-09-2026 20:23:31 RAM 2980/7620MB (lfb 18x4MB) SWAP 2/12002MB (cached 0MB) CPU [0%@729,1%@729,2%@729,1%@729,0%@729,0%@729] GR3D_FREQ 0% cpu@45.156C soc2@44.468C soc0@42.937C gpu@44.687C tj@45.156C soc1@42.906C VDD_IN 3160mW/3153mW VDD_CPU_GPU_CV 519mW/520mW VDD_SOC 1080mW/1075mW
08-09-2026 20:23:32 RAM 2980/7620MB (lfb 18x4MB) SWAP 2/12002MB (cached 0MB) CPU [1%@729,0%@729,2%@729,3%@729,2%@729,1%@729] GR3D_FREQ 0% cpu@45.156C soc2@44.531C soc0@43C gpu@44.437C tj@45.156C soc1@43.031C VDD_IN 3160mW/3153mW VDD_CPU_GPU_CV 519mW/520mW VDD_SOC 1080mW/1075mW
08-09-2026 20:23:33 RAM 2980/7620MB (lfb 18x4MB) SWAP 2/12002MB (cached 0MB) CPU [2%@729,1%@729,0%@729,1%@729,0%@729,0%@729] GR3D_FREQ 0% cpu@45.25C soc2@44.468C soc0@42.968C gpu@44.656C tj@45.25C soc1@42.875C VDD_IN 3160mW/3153mW VDD_CPU_GPU_CV 519mW/520mW VDD_SOC 1080mW/1075mW
08-09-2026 20:23:34 RAM 2980/7620MB (lfb 18x4MB) SWAP 2/12002MB (cached 0MB) CPU [1%@729,1%@729,1%@729,1%@729,0%@729,0%@729] GR3D_FREQ 0% cpu@45.156C soc2@44.468C soc0@42.906C gpu@44.406C tj@45.156C soc1@43.062C VDD_IN 3160mW/3153mW VDD_CPU_GPU_CV 519mW/520mW VDD_SOC 1080mW/1075mW
08-09-2026 20:23:35 RAM 2980/7620MB (lfb 18x4MB) SWAP 2/12002MB (cached 0MB) CPU [1%@729,0%@729,1%@729,1%@729,0%@729,0%@729] GR3D_FREQ 0% cpu@45.343C soc2@44.437C soc0@43.031C gpu@44.656C tj@45.343C soc1@42.937C VDD_IN 3160mW/3153mW VDD_CPU_GPU_CV 519mW/520mW VDD_SOC 1080mW/1075mW
08-09-2026 20:23:36 RAM 2980/7620MB (lfb 18x4MB) SWAP 2/12002MB (cached 0MB) CPU [1%@729,1%@729,2%@729,1%@729,0%@729,0%@729] GR3D_FREQ 0% cpu@45.031C soc2@44.531C soc0@42.968C gpu@44.437C tj@45.156C soc1@43.031C VDD_IN 3120mW/3153mW VDD_CPU_GPU_CV 519mW/520mW VDD_SOC 1080mW/1075mW
08-09-2026 20:23:37 RAM 2980/7620MB (lfb 18x4MB) SWAP 2/12002MB (cached 0MB) CPU [3%@729,0%@729,1%@729,1%@729,0%@729,1%@729] GR3D_FREQ 0% cpu@45.406C soc2@44.437C soc0@43.062C gpu@44.531C tj@45.406C soc1@42.968C VDD_IN 3160mW/3153mW VDD_CPU_GPU_CV 519mW/520mW VDD_SOC 1080mW/1075mW
08-09-2026 20:23:38 RAM 2980/7620MB (lfb 18x4MB) SWAP 2/12002MB (cached 0MB) CPU [1%@729,1%@729,2%@729,0%@729,1%@729,0%@729] GR3D_FREQ 0% cpu@45.093C soc2@44.562C soc0@42.968C gpu@44.687C tj@45.093C soc1@42.968C VDD_IN 3160mW/3153mW VDD_CPU_GPU_CV 519mW/520mW VDD_SOC 1080mW/1075mW
08-09-2026 20:23:39 RAM 2980/7620MB (lfb 18x4MB) SWAP 2/12002MB (cached 0MB) CPU [0%@729,1%@729,2%@729,1%@729,1%@729,1%@729] GR3D_FREQ 0% cpu@45.468C soc2@44.5C soc0@43.093C gpu@44.437C tj@45.468C soc1@42.968C VDD_IN 3160mW/3153mW VDD_CPU_GPU_CV 519mW/520mW VDD_SOC 1080mW/1075mW
08-09-2026 20:23:40 RAM 2980/7620MB (lfb 18x4MB) SWAP 2/12002MB (cached 0MB) CPU [1%@729,2%@729,3%@729,1%@729,1%@729,0%@729] GR3D_FREQ 0% cpu@45.156C soc2@44.468C soc0@43C gpu@44.437C tj@45.156C soc1@43.062C VDD_IN 3160mW/3153mW VDD_CPU_GPU_CV 519mW/520mW VDD_SOC 1080mW/1075mW
08-09-2026 20:23:41 RAM 2980/7620MB (lfb 18x4MB) SWAP 2/12002MB (cached 0MB) CPU [1%@729,1%@729,1%@729,1%@729,0%@729,0%@729] GR3D_FREQ 0% cpu@45.437C soc2@44.531C soc0@43.156C gpu@44.687C tj@45.437C soc1@42.937C VDD_IN 3160mW/3153mW VDD_CPU_GPU_CV 519mW/520mW VDD_SOC 1080mW/1075mW
08-09-2026 20:23:42 RAM 2980/7620MB (lfb 18x4MB) SWAP 2/12002MB (cached 0MB) CPU [1%@729,1%@729,2%@729,1%@729,0%@729,0%@729] GR3D_FREQ 0% cpu@45.062C soc2@44.531C soc0@43C gpu@44.437C tj@45.062C soc1@43.062C VDD_IN 3160mW/3153mW VDD_CPU_GPU_CV 519mW/520mW VDD_SOC 1080mW/1075mW
08-09-2026 20:23:43 RAM 2980/7620MB (lfb 18x4MB) SWAP 2/12002MB (cached 0MB) CPU [2%@729,1%@729,1%@729,0%@729,1%@729,0%@729] GR3D_FREQ 0% cpu@45.125C soc2@44.406C soc0@43.062C gpu@44.718C tj@45.125C soc1@43C VDD_IN 3160mW/3153mW VDD_CPU_GPU_CV 519mW/520mW VDD_SOC 1080mW/1075mW
08-09-2026 20:23:44 RAM 2980/7620MB (lfb 18x4MB) SWAP 2/12002MB (cached 0MB) CPU [0%@729,1%@729,1%@729,0%@729,1%@729,1%@729] GR3D_FREQ 0% cpu@45.156C soc2@44.593C soc0@42.968C gpu@44.687C tj@45.156C soc1@43.031C VDD_IN 3120mW/3153mW VDD_CPU_GPU_CV 519mW/520mW VDD_SOC 1080mW/1075mW
08-09-2026 20:23:45 RAM 2980/7620MB (lfb 18x4MB) SWAP 2/12002MB (cached 0MB) CPU [0%@729,1%@729,0%@729,1%@729,0%@729,0%@729] GR3D_FREQ 0% cpu@45.187C soc2@44.5C soc0@43.093C gpu@44.406C tj@45.187C soc1@42.937C VDD_IN 3160mW/3153mW VDD_CPU_GPU_CV 519mW/520mW VDD_SOC 1080mW/1075mW
08-09-2026 20:23:46 RAM 2980/7620MB (lfb 18x4MB) SWAP 2/12002MB (cached 0MB) CPU [1%@729,1%@729,1%@729,1%@729,1%@729,0%@729] GR3D_FREQ 0% cpu@45.187C soc2@44.593C soc0@43.031C gpu@44.687C tj@45.187C soc1@43.125C VDD_IN 3160mW/3153mW VDD_CPU_GPU_CV 519mW/520mW VDD_SOC 1080mW/1075mW
08-09-2026 20:23:47 RAM 2980/7620MB (lfb 18x4MB) SWAP 2/12002MB (cached 0MB) CPU [0%@729,0%@729,2%@729,1%@729,0%@729,0%@729] GR3D_FREQ 0% cpu@45.281C soc2@44.437C soc0@43.156C gpu@44.437C tj@45.281C soc1@42.968C VDD_IN 3160mW/3153mW VDD_CPU_GPU_CV 519mW/520mW VDD_SOC 1080mW/1075mW
08-09-2026 20:23:48 RAM 2980/7620MB (lfb 18x4MB) SWAP 2/12002MB (cached 0MB) CPU [0%@729,1%@729,2%@729,1%@729,0%@729,0%@729] GR3D_FREQ 0% cpu@45.5C soc2@44.5C soc0@43.031C gpu@44.687C tj@45.5C soc1@43C VDD_IN 3120mW/3153mW VDD_CPU_GPU_CV 519mW/520mW VDD_SOC 1080mW/1075mW
08-09-2026 20:23:49 RAM 2980/7620MB (lfb 18x4MB) SWAP 2/12002MB (cached 0MB) CPU [0%@729,1%@729,1%@729,0%@729,1%@729,0%@729] GR3D_FREQ 0% cpu@45.281C soc2@44.593C soc0@43.093C gpu@44.437C tj@45.281C soc1@43.156C VDD_IN 3160mW/3153mW VDD_CPU_GPU_CV 519mW/520mW VDD_SOC 1080mW/1075mW
08-09-2026 20:23:50 RAM 2980/7620MB (lfb 18x4MB) SWAP 2/12002MB (cached 0MB) CPU [1%@729,1%@729,2%@729,2%@729,1%@729,0%@729] GR3D_FREQ 0% cpu@45.125C soc2@44.531C soc0@43.031C gpu@44.593C tj@45.125C soc1@43.031C VDD_IN 3120mW/3153mW VDD_CPU_GPU_CV 519mW/520mW VDD_SOC 1080mW/1075mW
08-09-2026 20:23:51 RAM 2980/7620MB (lfb 18x4MB) SWAP 2/12002MB (cached 0MB) CPU [1%@729,0%@729,0%@729,1%@729,1%@729,0%@729] GR3D_FREQ 0% cpu@45.062C soc2@44.562C soc0@43.093C gpu@44.437C tj@45.406C soc1@42.906C VDD_IN 3120mW/3153mW VDD_CPU_GPU_CV 519mW/520mW VDD_SOC 1080mW/1075mW
08-09-2026 20:23:52 RAM 2980/7620MB (lfb 18x4MB) SWAP 2/12002MB (cached 0MB) CPU [1%@729,1%@729,0%@729,0%@729,1%@729,0%@729] GR3D_FREQ 0% cpu@45.062C soc2@44.5C soc0@43C gpu@44.406C tj@45.062C soc1@43C VDD_IN 3120mW/3153mW VDD_CPU_GPU_CV 519mW/520mW VDD_SOC 1080mW/1075mW
08-09-2026 20:23:53 RAM 2980/7620MB (lfb 18x4MB) SWAP 2/12002MB (cached 0MB) CPU [1%@729,0%@729,2%@729,1%@729,1%@729,0%@729] GR3D_FREQ 0% cpu@45.125C soc2@44.625C soc0@43.031C gpu@44.625C tj@45.125C soc1@43.156C VDD_IN 3120mW/3153mW VDD_CPU_GPU_CV 519mW/520mW VDD_SOC 1080mW/1075mW
08-09-2026 20:23:54 RAM 2980/7620MB (lfb 18x4MB) SWAP 2/12002MB (cached 0MB) CPU [1%@729,0%@729,1%@729,0%@729,0%@729,0%@729] GR3D_FREQ 0% cpu@45.125C soc2@44.437C soc0@42.937C gpu@44.437C tj@45.125C soc1@42.968C VDD_IN 3120mW/3153mW VDD_CPU_GPU_CV 519mW/520mW VDD_SOC 1080mW/1075mW
08-09-2026 20:23:55 RAM 2980/7620MB (lfb 18x4MB) SWAP 2/12002MB (cached 0MB) CPU [1%@729,1%@729,2%@729,0%@729,0%@729,0%@729] GR3D_FREQ 0% cpu@45.125C soc2@44.562C soc0@43.031C gpu@44.656C tj@45.125C soc1@43.093C VDD_IN 3120mW/3152mW VDD_CPU_GPU_CV 519mW/520mW VDD_SOC 1080mW/1075mW
08-09-2026 20:23:56 RAM 2980/7620MB (lfb 18x4MB) SWAP 2/12002MB (cached 0MB) CPU [1%@729,1%@729,1%@729,1%@729,1%@729,0%@729] GR3D_FREQ 0% cpu@45.343C soc2@44.625C soc0@43C gpu@44.437C tj@45.343C soc1@43C VDD_IN 3120mW/3152mW VDD_CPU_GPU_CV 519mW/520mW VDD_SOC 1080mW/1075mW
08-09-2026 20:23:57 RAM 2980/7620MB (lfb 18x4MB) SWAP 2/12002MB (cached 0MB) CPU [1%@729,0%@729,0%@729,0%@729,3%@729,0%@729] GR3D_FREQ 0% cpu@45.187C soc2@44.562C soc0@42.968C gpu@44.656C tj@45.187C soc1@43.062C VDD_IN 3120mW/3152mW VDD_CPU_GPU_CV 519mW/520mW VDD_SOC 1080mW/1075mW
08-09-2026 20:23:58 RAM 2980/7620MB (lfb 18x4MB) SWAP 2/12002MB (cached 0MB) CPU [1%@729,1%@729,1%@729,0%@729,1%@729,0%@729] GR3D_FREQ 0% cpu@45.312C soc2@44.5C soc0@43.125C gpu@44.437C tj@45.312C soc1@42.937C VDD_IN 3120mW/3152mW VDD_CPU_GPU_CV 519mW/520mW VDD_SOC 1080mW/1075mW
08-09-2026 20:23:59 RAM 2980/7620MB (lfb 18x4MB) SWAP 2/12002MB (cached 0MB) CPU [2%@729,0%@729,0%@729,2%@729,1%@729,1%@729] GR3D_FREQ 0% cpu@45.031C soc2@44.5C soc0@43C gpu@44.406C tj@45.125C soc1@43.062C VDD_IN 3120mW/3152mW VDD_CPU_GPU_CV 519mW/520mW VDD_SOC 1080mW/1075mW
08-09-2026 20:24:01 RAM 2980/7620MB (lfb 18x4MB) SWAP 2/12002MB (cached 0MB) CPU [1%@729,0%@729,0%@729,1%@729,1%@729,0%@729] GR3D_FREQ 0% cpu@45.375C soc2@44.468C soc0@43.093C gpu@44.656C tj@45.375C soc1@42.968C VDD_IN 3120mW/3152mW VDD_CPU_GPU_CV 519mW/520mW VDD_SOC 1080mW/1076mW
08-09-2026 20:24:02 RAM 2980/7620MB (lfb 18x4MB) SWAP 2/12002MB (cached 0MB) CPU [2%@729,0%@729,0%@729,1%@729,2%@729,0%@729] GR3D_FREQ 0% cpu@45.093C soc2@44.531C soc0@43.062C gpu@44.406C tj@45.093C soc1@43.093C VDD_IN 3120mW/3152mW VDD_CPU_GPU_CV 519mW/520mW VDD_SOC 1080mW/1076mW
08-09-2026 20:24:03 RAM 2980/7620MB (lfb 18x4MB) SWAP 2/12002MB (cached 0MB) CPU [1%@729,1%@729,1%@729,0%@729,1%@729,1%@729] GR3D_FREQ 0% cpu@45.406C soc2@44.5C soc0@43.093C gpu@44.656C tj@45.406C soc1@42.906C VDD_IN 3120mW/3152mW VDD_CPU_GPU_CV 519mW/520mW VDD_SOC 1080mW/1076mW
08-09-2026 20:24:04 RAM 2980/7620MB (lfb 18x4MB) SWAP 2/12002MB (cached 0MB) CPU [1%@729,1%@729,2%@729,1%@729,0%@729,0%@729] GR3D_FREQ 0% cpu@45.125C soc2@44.531C soc0@43C gpu@44.406C tj@45.125C soc1@43.093C VDD_IN 3120mW/3152mW VDD_CPU_GPU_CV 519mW/520mW VDD_SOC 1040mW/1075mW
08-09-2026 20:24:05 RAM 2980/7620MB (lfb 18x4MB) SWAP 2/12002MB (cached 0MB) CPU [0%@729,2%@729,0%@729,2%@729,1%@729,0%@729] GR3D_FREQ 0% cpu@45.156C soc2@44.468C soc0@43.031C gpu@44.406C tj@45.531C soc1@42.968C VDD_IN 3120mW/3151mW VDD_CPU_GPU_CV 519mW/520mW VDD_SOC 1080mW/1075mW
08-09-2026 20:24:06 RAM 2980/7620MB (lfb 18x4MB) SWAP 2/12002MB (cached 0MB) CPU [1%@729,1%@729,2%@729,1%@729,0%@729,0%@729] GR3D_FREQ 0% cpu@45.125C soc2@44.593C soc0@42.937C gpu@44.656C tj@45.125C soc1@43.031C VDD_IN 3120mW/3151mW VDD_CPU_GPU_CV 519mW/520mW VDD_SOC 1040mW/1075mW
08-09-2026 20:24:07 RAM 2980/7620MB (lfb 18x4MB) SWAP 2/12002MB (cached 0MB) CPU [1%@729,2%@729,1%@729,1%@729,2%@729,0%@729] GR3D_FREQ 0% cpu@45.187C soc2@44.531C soc0@43C gpu@44.406C tj@45.187C soc1@42.968C VDD_IN 3120mW/3151mW VDD_CPU_GPU_CV 519mW/520mW VDD_SOC 1040mW/1075mW
08-09-2026 20:24:08 RAM 2980/7620MB (lfb 18x4MB) SWAP 2/12002MB (cached 0MB) CPU [0%@729,1%@729,1%@729,1%@729,0%@729,0%@729] GR3D_FREQ 0% cpu@45.406C soc2@44.5C soc0@42.968C gpu@44.593C tj@45.25C soc1@42.968C VDD_IN 3120mW/3151mW VDD_CPU_GPU_CV 519mW/520mW VDD_SOC 1040mW/1075mW
08-09-2026 20:24:09 RAM 2980/7620MB (lfb 18x4MB) SWAP 2/12002MB (cached 0MB) CPU [2%@729,1%@729,0%@729,1%@729,0%@729,0%@729] GR3D_FREQ 0% cpu@45.218C soc2@44.531C soc0@43.125C gpu@44.406C tj@45.218C soc1@43.156C VDD_IN 3120mW/3151mW VDD_CPU_GPU_CV 519mW/520mW VDD_SOC 1040mW/1075mW
08-09-2026 20:24:10 RAM 2980/7620MB (lfb 18x4MB) SWAP 2/12002MB (cached 0MB) CPU [0%@729,1%@729,2%@729,0%@729,1%@729,0%@729] GR3D_FREQ 0% cpu@45.5C soc2@44.468C soc0@42.968C gpu@44.656C tj@45.5C soc1@43C VDD_IN 3120mW/3151mW VDD_CPU_GPU_CV 519mW/520mW VDD_SOC 1040mW/1075mW
08-09-2026 20:24:11 RAM 2980/7620MB (lfb 18x4MB) SWAP 2/12002MB (cached 0MB) CPU [10%@729,2%@729,2%@729,1%@729,2%@729,0%@729] GR3D_FREQ 0% cpu@45.281C soc2@44.5C soc0@42.968C gpu@44.437C tj@45.281C soc1@43.125C VDD_IN 3120mW/3151mW VDD_CPU_GPU_CV 519mW/520mW VDD_SOC 1040mW/1075mW
08-09-2026 20:24:12 RAM 2980/7620MB (lfb 18x4MB) SWAP 2/12002MB (cached 0MB) CPU [2%@729,1%@729,2%@729,1%@729,1%@729,1%@729] GR3D_FREQ 0% cpu@45.562C soc2@44.593C soc0@43.093C gpu@44.625C tj@45.562C soc1@42.968C VDD_IN 3120mW/3151mW VDD_CPU_GPU_CV 519mW/520mW VDD_SOC 1040mW/1075mW
08-09-2026 20:24:13 RAM 2980/7620MB (lfb 18x4MB) SWAP 2/12002MB (cached 0MB) CPU [1%@729,1%@729,3%@729,0%@729,2%@729,0%@729] GR3D_FREQ 0% cpu@45.156C soc2@44.5C soc0@42.968C gpu@44.468C tj@45.156C soc1@43C VDD_IN 3120mW/3151mW VDD_CPU_GPU_CV 519mW/520mW VDD_SOC 1040mW/1074mW
08-09-2026 20:24:14 RAM 2980/7620MB (lfb 18x4MB) SWAP 2/12002MB (cached 0MB) CPU [0%@729,2%@729,2%@729,1%@729,3%@729,0%@729] GR3D_FREQ 0% cpu@45.187C soc2@44.406C soc0@43C gpu@44.562C tj@45.187C soc1@42.906C VDD_IN 3160mW/3151mW VDD_CPU_GPU_CV 519mW/520mW VDD_SOC 1040mW/1074mW
08-09-2026 20:24:15 RAM 2980/7620MB (lfb 18x4MB) SWAP 2/12002MB (cached 0MB) CPU [1%@729,2%@729,2%@729,1%@729,1%@729,0%@729] GR3D_FREQ 0% cpu@45.25C soc2@44.5C soc0@42.937C gpu@44.437C tj@45.156C soc1@42.968C VDD_IN 3120mW/3151mW VDD_CPU_GPU_CV 519mW/520mW VDD_SOC 1040mW/1074mW
08-09-2026 20:24:16 RAM 2980/7620MB (lfb 18x4MB) SWAP 2/12002MB (cached 0MB) CPU [1%@729,1%@729,0%@729,2%@729,1%@729,0%@729] GR3D_FREQ 0% cpu@45.156C soc2@44.531C soc0@43.062C gpu@44.593C tj@45.156C soc1@43.156C VDD_IN 3120mW/3150mW VDD_CPU_GPU_CV 519mW/520mW VDD_SOC 1040mW/1074mW
08-09-2026 20:24:17 RAM 2980/7620MB (lfb 18x4MB) SWAP 2/12002MB (cached 0MB) CPU [0%@729,2%@729,1%@729,0%@729,2%@729,0%@729] GR3D_FREQ 0% cpu@45.375C soc2@44.468C soc0@42.937C gpu@44.406C tj@45.375C soc1@42.968C VDD_IN 3120mW/3150mW VDD_CPU_GPU_CV 519mW/520mW VDD_SOC 1040mW/1074mW
08-09-2026 20:24:18 RAM 2980/7620MB (lfb 18x4MB) SWAP 2/12002MB (cached 0MB) CPU [1%@729,1%@729,0%@729,1%@729,1%@729,0%@729] GR3D_FREQ 0% cpu@45.187C soc2@44.5C soc0@42.968C gpu@44.312C tj@45.187C soc1@42.906C VDD_IN 3120mW/3150mW VDD_CPU_GPU_CV 519mW/520mW VDD_SOC 1040mW/1074mW
08-09-2026 20:24:19 RAM 2980/7620MB (lfb 18x4MB) SWAP 2/12002MB (cached 0MB) CPU [0%@1510,1%@1510,1%@1510,2%@1510,1%@729,0%@729] GR3D_FREQ 0% cpu@45.093C soc2@44.5C soc0@43C gpu@44.593C tj@45.406C soc1@42.937C VDD_IN 3160mW/3150mW VDD_CPU_GPU_CV 519mW/520mW VDD_SOC 1080mW/1074mW
08-09-2026 20:24:20 RAM 2980/7620MB (lfb 18x4MB) SWAP 2/12002MB (cached 0MB) CPU [2%@1510,1%@1510,1%@1510,1%@1510,3%@729,0%@729] GR3D_FREQ 0% cpu@45.25C soc2@44.468C soc0@42.906C gpu@44.375C tj@45.25C soc1@42.906C VDD_IN 3160mW/3150mW VDD_CPU_GPU_CV 519mW/520mW VDD_SOC 1080mW/1074mW
08-09-2026 20:24:21 RAM 2980/7620MB (lfb 18x4MB) SWAP 2/12002MB (cached 0MB) CPU [0%@1510,1%@1510,0%@1510,0%@1510,1%@729,1%@729] GR3D_FREQ 0% cpu@45.125C soc2@44.468C soc0@42.968C gpu@44.375C tj@45.125C soc1@42.937C VDD_IN 3160mW/3150mW VDD_CPU_GPU_CV 519mW/520mW VDD_SOC 1080mW/1074mW
08-09-2026 20:24:22 RAM 2980/7620MB (lfb 18x4MB) SWAP 2/12002MB (cached 0MB) CPU [1%@729,0%@729,1%@729,1%@729,1%@729,0%@729] GR3D_FREQ 0% cpu@45.062C soc2@44.5C soc0@42.937C gpu@44.437C tj@45.062C soc1@43C VDD_IN 3120mW/3150mW VDD_CPU_GPU_CV 519mW/520mW VDD_SOC 1080mW/1074mW
08-09-2026 20:24:23 RAM 2980/7620MB (lfb 18x4MB) SWAP 2/12002MB (cached 0MB) CPU [1%@729,1%@729,1%@729,2%@729,2%@729,1%@729] GR3D_FREQ 0% cpu@45.156C soc2@44.562C soc0@43.062C gpu@44.375C tj@45.156C soc1@43.156C VDD_IN 3160mW/3150mW VDD_CPU_GPU_CV 519mW/520mW VDD_SOC 1080mW/1074mW
08-09-2026 20:24:24 RAM 2980/7620MB (lfb 18x4MB) SWAP 2/12002MB (cached 0MB) CPU [1%@1510,1%@1510,1%@1510,1%@1510,1%@729,0%@729] GR3D_FREQ 0% cpu@45.406C soc2@44.437C soc0@42.937C gpu@44.593C tj@45.406C soc1@42.937C VDD_IN 3160mW/3150mW VDD_CPU_GPU_CV 519mW/520mW VDD_SOC 1080mW/1074mW
08-09-2026 20:24:25 RAM 2980/7620MB (lfb 18x4MB) SWAP 2/12002MB (cached 0MB) CPU [1%@1510,1%@1510,1%@1510,1%@1510,0%@729,0%@729] GR3D_FREQ 0% cpu@45.093C soc2@44.531C soc0@43C gpu@44.531C tj@45.093C soc1@43.031C VDD_IN 3120mW/3150mW VDD_CPU_GPU_CV 519mW/520mW VDD_SOC 1080mW/1074mW
08-09-2026 20:24:26 RAM 2980/7620MB (lfb 18x4MB) SWAP 2/12002MB (cached 0MB) CPU [1%@1510,1%@1510,2%@1510,1%@1510,2%@729,0%@729] GR3D_FREQ 0% cpu@45.156C soc2@44.531C soc0@43C gpu@44.625C tj@45.156C soc1@43.062C VDD_IN 3160mW/3150mW VDD_CPU_GPU_CV 519mW/520mW VDD_SOC 1080mW/1074mW
08-09-2026 20:24:27 RAM 2980/7620MB (lfb 18x4MB) SWAP 2/12002MB (cached 0MB) CPU [0%@1510,1%@1510,0%@1510,1%@1510,0%@729,0%@729] GR3D_FREQ 0% cpu@45.281C soc2@44.562C soc0@43C gpu@44.375C tj@45.281C soc1@42.906C VDD_IN 3160mW/3150mW VDD_CPU_GPU_CV 519mW/520mW VDD_SOC 1080mW/1074mW
08-09-2026 20:24:28 RAM 2980/7620MB (lfb 18x4MB) SWAP 2/12002MB (cached 0MB) CPU [2%@1510,1%@1510,1%@1510,1%@1510,1%@729,0%@729] GR3D_FREQ 0% cpu@45.218C soc2@44.5C soc0@43.125C gpu@44.437C tj@45.218C soc1@42.968C VDD_IN 3160mW/3150mW VDD_CPU_GPU_CV 519mW/520mW VDD_SOC 1080mW/1074mW
08-09-2026 20:24:29 RAM 2980/7620MB (lfb 18x4MB) SWAP 2/12002MB (cached 0MB) CPU [1%@1510,1%@1510,2%@1510,1%@1510,1%@729,1%@729] GR3D_FREQ 0% cpu@45.156C soc2@44.468C soc0@43C gpu@44.625C tj@45.156C soc1@43C VDD_IN 3160mW/3150mW VDD_CPU_GPU_CV 519mW/520mW VDD_SOC 1080mW/1074mW
08-09-2026 20:24:30 RAM 2980/7620MB (lfb 18x4MB) SWAP 2/12002MB (cached 0MB) CPU [0%@1510,1%@1510,1%@1510,2%@1510,0%@729,0%@729] GR3D_FREQ 0% cpu@45.093C soc2@44.468C soc0@43.031C gpu@44.656C tj@45.093C soc1@43.031C VDD_IN 3160mW/3150mW VDD_CPU_GPU_CV 519mW/520mW VDD_SOC 1080mW/1074mW
08-09-2026 20:24:31 RAM 2980/7620MB (lfb 18x4MB) SWAP 2/12002MB (cached 0MB) CPU [2%@729,1%@729,1%@729,1%@729,1%@729,0%@729] GR3D_FREQ 0% cpu@45.156C soc2@44.531C soc0@43.031C gpu@44.656C tj@45.156C soc1@42.906C VDD_IN 3160mW/3150mW VDD_CPU_GPU_CV 519mW/520mW VDD_SOC 1080mW/1074mW
08-09-2026 20:24:32 RAM 2980/7620MB (lfb 18x4MB) SWAP 2/12002MB (cached 0MB) CPU [1%@1510,1%@1510,2%@1510,1%@1510,1%@729,1%@729] GR3D_FREQ 0% cpu@45.25C soc2@44.437C soc0@43.062C gpu@44.687C tj@45.25C soc1@42.906C VDD_IN 3160mW/3150mW VDD_CPU_GPU_CV 519mW/519mW VDD_SOC 1080mW/1074mW
08-09-2026 20:24:33 RAM 2980/7620MB (lfb 18x4MB) SWAP 2/12002MB (cached 0MB) CPU [0%@729,1%@729,0%@729,1%@729,2%@729,0%@729] GR3D_FREQ 0% cpu@45.093C soc2@44.5C soc0@42.968C gpu@44.687C tj@45.093C soc1@42.875C VDD_IN 3160mW/3150mW VDD_CPU_GPU_CV 519mW/519mW VDD_SOC 1080mW/1074mW
08-09-2026 20:24:34 RAM 2980/7620MB (lfb 18x4MB) SWAP 2/12002MB (cached 0MB) CPU [1%@729,2%@729,1%@729,1%@729,1%@729,1%@729] GR3D_FREQ 0% cpu@45.093C soc2@44.437C soc0@42.937C gpu@44.375C tj@45.093C soc1@42.906C VDD_IN 3160mW/3150mW VDD_CPU_GPU_CV 519mW/519mW VDD_SOC 1080mW/1074mW
08-09-2026 20:24:35 RAM 2980/7620MB (lfb 18x4MB) SWAP 2/12002MB (cached 0MB) CPU [1%@729,2%@729,1%@729,2%@729,2%@729,1%@729] GR3D_FREQ 0% cpu@44.968C soc2@44.531C soc0@42.906C gpu@44.437C tj@45.218C soc1@43C VDD_IN 3160mW/3150mW VDD_CPU_GPU_CV 519mW/519mW VDD_SOC 1080mW/1074mW
08-09-2026 20:24:36 RAM 2980/7620MB (lfb 18x4MB) SWAP 2/12002MB (cached 0MB) CPU [1%@729,0%@729,1%@729,2%@729,1%@729,1%@729] GR3D_FREQ 0% cpu@45.125C soc2@44.531C soc0@43C gpu@44.375C tj@45.125C soc1@42.843C VDD_IN 3160mW/3151mW VDD_CPU_GPU_CV 519mW/519mW VDD_SOC 1080mW/1074mW
08-09-2026 20:24:37 RAM 2980/7620MB (lfb 18x4MB) SWAP 2/12002MB (cached 0MB) CPU [1%@729,1%@729,1%@729,1%@729,1%@729,0%@729] GR3D_FREQ 0% cpu@45.156C soc2@44.375C soc0@43.062C gpu@44.406C tj@45.156C soc1@42.875C VDD_IN 3120mW/3150mW VDD_CPU_GPU_CV 519mW/519mW VDD_SOC 1080mW/1074mW
08-09-2026 20:24:38 RAM 2980/7620MB (lfb 18x4MB) SWAP 2/12002MB (cached 0MB) CPU [2%@729,0%@729,1%@729,1%@729,1%@729,1%@729] GR3D_FREQ 0% cpu@45C soc2@44.437C soc0@42.906C gpu@44.437C tj@45C soc1@42.906C VDD_IN 3120mW/3150mW VDD_CPU_GPU_CV 519mW/519mW VDD_SOC 1080mW/1074mW
08-09-2026 20:24:39 RAM 2980/7620MB (lfb 18x4MB) SWAP 2/12002MB (cached 0MB) CPU [1%@1510,0%@1510,1%@1510,1%@1510,0%@729,0%@729] GR3D_FREQ 0% cpu@45.218C soc2@44.468C soc0@43.156C gpu@44.343C tj@45.218C soc1@42.906C VDD_IN 3160mW/3150mW VDD_CPU_GPU_CV 519mW/519mW VDD_SOC 1080mW/1074mW
