08-09-2026 23:50:01 RAM 3057/7620MB (lfb 23x4MB) SWAP 2/12002MB (cached 0MB) CPU [1%@1510,1%@1510,0%@1510,0%@1510,1%@1510,0%@1510] GR3D_FREQ 0% cpu@46.468C soc2@45.906C soc0@44.25C gpu@46.156C tj@46.468C soc1@44.281C VDD_IN 4113mW/4113mW VDD_CPU_GPU_CV 996mW/996mW VDD_SOC 1397mW/1397mW
08-09-2026 23:50:02 RAM 3058/7620MB (lfb 23x4MB) SWAP 2/12002MB (cached 0MB) CPU [2%@1510,1%@1510,0%@1510,3%@1510,1%@1510,2%@1510] GR3D_FREQ 0% cpu@46.625C soc2@46C soc0@44.281C gpu@46.187C tj@46.625C soc1@44.25C VDD_IN 4153mW/4133mW VDD_CPU_GPU_CV 996mW/996mW VDD_SOC 1397mW/1397mW
08-09-2026 23:50:03 RAM 3057/7620MB (lfb 23x4MB) SWAP 2/12002MB (cached 0MB) CPU [0%@1510,1%@1510,0%@1510,0%@1510,0%@1510,0%@1510] GR3D_FREQ 0% cpu@46.625C soc2@46.031C soc0@44.312C gpu@46.25C tj@46.656C soc1@44.187C VDD_IN 4113mW/4126mW VDD_CPU_GPU_CV 996mW/996mW VDD_SOC 1397mW/1397mW
08-09-2026 23:50:04 RAM 3057/7620MB (lfb 23x4MB) SWAP 2/12002MB (cached 0MB) CPU [2%@1510,1%@1510,0%@1510,0%@1510,0%@1510,0%@1510] GR3D_FREQ 0% cpu@46.625C soc2@45.906C soc0@44.375C gpu@46.156C tj@46.937C soc1@44.125C VDD_IN 4073mW/4113mW VDD_CPU_GPU_CV 956mW/986mW VDD_SOC 1397mW/1397mW
08-09-2026 23:50:05 RAM 3057/7620MB (lfb 23x4MB) SWAP 2/12002MB (cached 0MB) CPU [1%@1510,2%@1510,0%@1510,0%@1510,0%@1510,0%@1510] GR3D_FREQ 0% cpu@46.718C soc2@45.937C soc0@44.437C gpu@46.312C tj@46.718C soc1@44.156C VDD_IN 4073mW/4105mW VDD_CPU_GPU_CV 956mW/980mW VDD_SOC 1397mW/1397mW
08-09-2026 23:50:06 RAM 3057/7620MB (lfb 23x4MB) SWAP 2/12002MB (cached 0MB) CPU [1%@1510,0%@1510,0%@1510,0%@1510,0%@1510,0%@1510] GR3D_FREQ 0% cpu@46.562C soc2@45.906C soc0@44.281C gpu@46.343C tj@46.562C soc1@44.25C VDD_IN 4073mW/4099mW VDD_CPU_GPU_CV 956mW/976mW VDD_SOC 1397mW/1397mW
08-09-2026 23:50:07 RAM 3057/7620MB (lfb 23x4MB) SWAP 2/12002MB (cached 0MB) CPU [0%@1510,1%@1510,0%@1510,0%@1510,1%@1510,1%@1510] GR3D_FREQ 0% cpu@46.593C soc2@45.906C soc0@44.281C gpu@45.937C tj@46.593C soc1@44.281C VDD_IN 4113mW/4101mW VDD_CPU_GPU_CV 956mW/973mW VDD_SOC 1397mW/1397mW
08-09-2026 23:50:08 RAM 3057/7620MB (lfb 23x4MB) SWAP 2/12002MB (cached 0MB) CPU [2%@1510,0%@1510,0%@1510,0%@1510,0%@1510,0%@1510] GR3D_FREQ 0% cpu@46.562C soc2@46.093C soc0@44.281C gpu@46.031C tj@46.562C soc1@44.312C VDD_IN 4073mW/4098mW VDD_CPU_GPU_CV 956mW/971mW VDD_SOC 1397mW/1397mW
08-09-2026 23:50:09 RAM 3057/7620MB (lfb 23x4MB) SWAP 2/12002MB (cached 0MB) CPU [1%@1510,1%@1510,0%@1510,1%@1510,0%@1510,0%@1510] GR3D_FREQ 0% cpu@46.625C soc2@45.968C soc0@44.312C gpu@46C tj@46.625C soc1@44.156C VDD_IN 4073mW/4095mW VDD_CPU_GPU_CV 956mW/969mW VDD_SOC 1397mW/1397mW
08-09-2026 23:50:10 RAM 3057/7620MB (lfb 23x4MB) SWAP 2/12002MB (cached 0MB) CPU [1%@1510,1%@1510,0%@1510,0%@1510,2%@1510,0%@1510] GR3D_FREQ 0% cpu@46.718C soc2@45.875C soc0@44.375C gpu@45.906C tj@46.718C soc1@44.156C VDD_IN 4113mW/4097mW VDD_CPU_GPU_CV 996mW/972mW VDD_SOC 1397mW/1397mW
08-09-2026 23:50:11 RAM 3057/7620MB (lfb 23x4MB) SWAP 2/12002MB (cached 0MB) CPU [0%@1510,1%@1510,0%@1510,0%@1510,0%@1510,0%@1510] GR3D_FREQ 0% cpu@46.593C soc2@45.843C soc0@44.343C gpu@46C tj@46.593C soc1@44.187C VDD_IN 4073mW/4094mW VDD_CPU_GPU_CV 956mW/970mW VDD_SOC 1397mW/1397mW
08-09-2026 23:50:12 RAM 3057/7620MB (lfb 23x4MB) SWAP 2/12002MB (cached 0MB) CPU [1%@1510,0%@1510,0%@1510,0%@1510,0%@1510,0%@1510] GR3D_FREQ 0% cpu@46.781C soc2@45.968C soc0@44.218C gpu@46.031C tj@46.781C soc1@44.187C VDD_IN 4113mW/4096mW VDD_CPU_GPU_CV 956mW/969mW VDD_SOC 1397mW/1397mW
08-09-2026 23:50:13 RAM 3057/7620MB (lfb 23x4MB) SWAP 2/12002MB (cached 0MB) CPU [1%@1510,1%@1510,0%@1510,0%@1510,0%@1510,0%@1510] GR3D_FREQ 0% cpu@46.5C soc2@45.906C soc0@44.218C gpu@46C tj@46.5C soc1@44.281C VDD_IN 4073mW/4094mW VDD_CPU_GPU_CV 956mW/968mW VDD_SOC 1397mW/1397mW
08-09-2026 23:50:14 RAM 3057/7620MB (lfb 23x4MB) SWAP 2/12002MB (cached 0MB) CPU [1%@1510,0%@1510,0%@1510,0%@1510,0%@1510,0%@1510] GR3D_FREQ 0% cpu@46.625C soc2@45.968C soc0@44.312C gpu@46.031C tj@46.625C soc1@44.343C VDD_IN 4073mW/4093mW VDD_CPU_GPU_CV 956mW/967mW VDD_SOC 1397mW/1397mW
08-09-2026 23:50:15 RAM 3057/7620MB (lfb 23x4MB) SWAP 2/12002MB (cached 0MB) CPU [0%@1510,1%@1510,1%@1510,0%@1510,0%@1510,0%@1510] GR3D_FREQ 0% cpu@46.75C soc2@46.031C soc0@44.343C gpu@46.031C tj@46.75C soc1@44.343C VDD_IN 4073mW/4091mW VDD_CPU_GPU_CV 956mW/966mW VDD_SOC 1397mW/1397mW
08-09-2026 23:50:16 RAM 3057/7620MB (lfb 23x4MB) SWAP 2/12002MB (cached 0MB) CPU [2%@1510,0%@1510,0%@1510,0%@1510,0%@1510,0%@1510] GR3D_FREQ 0% cpu@46.687C soc2@45.906C soc0@44.406C gpu@46C tj@46.687C soc1@44.093C VDD_IN 4073mW/4090mW VDD_CPU_GPU_CV 956mW/966mW VDD_SOC 1397mW/1397mW
08-09-2026 23:50:17 RAM 3057/7620MB (lfb 23x4MB) SWAP 2/12002MB (cached 0MB) CPU [1%@1510,0%@1510,0%@1510,0%@1510,0%@1510,0%@1510] GR3D_FREQ 0% cpu@46.812C soc2@45.875C soc0@44.187C gpu@46.031C tj@46.812C soc1@44.25C VDD_IN 4073mW/4089mW VDD_CPU_GPU_CV 956mW/965mW VDD_SOC 1397mW/1397mW
08-09-2026 23:50:18 RAM 3057/7620MB (lfb 23x4MB) SWAP 2/12002MB (cached 0MB) CPU [2%@1510,0%@1510,0%@1510,0%@1510,0%@1510,0%@1510] GR3D_FREQ 0% cpu@46.5C soc2@45.968C soc0@44.218C gpu@46.093C tj@46.5C soc1@44.218C VDD_IN 4073mW/4088mW VDD_CPU_GPU_CV 956mW/964mW VDD_SOC 1397mW/1397mW
08-09-2026 23:50:19 RAM 3057/7620MB (lfb 23x4MB) SWAP 2/12002MB (cached 0MB) CPU [1%@1510,1%@1510,1%@1510,0%@1510,0%@1510,0%@1510] GR3D_FREQ 0% cpu@46.593C soc2@45.906C soc0@44.25C gpu@46.125C tj@46.593C soc1@44.25C VDD_IN 4073mW/4087mW VDD_CPU_GPU_CV 996mW/966mW VDD_SOC 1397mW/1397mW
08-09-2026 23:50:20 RAM 3057/7620MB (lfb 23x4MB) SWAP 2/12002MB (cached 0MB) CPU [0%@1510,0%@1510,0%@1510,0%@1510,0%@1510,0%@1510] GR3D_FREQ 0% cpu@46.562C soc2@45.968C soc0@44.312C gpu@46.062C tj@46.562C soc1@44.25C VDD_IN 4073mW/4087mW VDD_CPU_GPU_CV 956mW/966mW VDD_SOC 1397mW/1397mW
08-09-2026 23:50:21 RAM 3057/7620MB (lfb 23x4MB) SWAP 2/12002MB (cached 0MB) CPU [1%@1510,1%@1510,0%@1510,1%@1510,1%@1510,0%@1510] GR3D_FREQ 0% cpu@46.593C soc2@45.937C soc0@44.343C gpu@46.062C tj@46.593C soc1@44.375C VDD_IN 4113mW/4088mW VDD_CPU_GPU_CV 996mW/967mW VDD_SOC 1397mW/1397mW
08-09-2026 23:50:22 RAM 3057/7620MB (lfb 23x4MB) SWAP 2/12002MB (cached 0MB) CPU [1%@1510,1%@1510,0%@1510,0%@1510,0%@1510,0%@1510] GR3D_FREQ 0% cpu@46.812C soc2@45.875C soc0@44.312C gpu@46.093C tj@46.812C soc1@44.218C VDD_IN 4073mW/4087mW VDD_CPU_GPU_CV 996mW/968mW VDD_SOC 1397mW/1397mW
08-09-2026 23:50:23 RAM 3057/7620MB (lfb 23x4MB) SWAP 2/12002MB (cached 0MB) CPU [1%@1510,1%@1510,0%@1510,0%@1510,0%@1510,0%@1510] GR3D_FREQ 0% cpu@46.625C soc2@45.875C soc0@44.406C gpu@46.156C tj@46.562C soc1@44.156C VDD_IN 4073mW/4086mW VDD_CPU_GPU_CV 956mW/968mW VDD_SOC 1397mW/1397mW
08-09-2026 23:50:24 RAM 3057/7620MB (lfb 23x4MB) SWAP 2/12002MB (cached 0MB) CPU [1%@1510,0%@1510,0%@1510,0%@1510,0%@1510,0%@1510] GR3D_FREQ 0% cpu@46.406C soc2@45.843C soc0@44.218C gpu@46.156C tj@46.406C soc1@44.093C VDD_IN 4073mW/4086mW VDD_CPU_GPU_CV 996mW/969mW VDD_SOC 1397mW/1397mW
08-09-2026 23:50:25 RAM 3057/7620MB (lfb 23x4MB) SWAP 2/12002MB (cached 0MB) CPU [1%@1510,1%@1510,0%@1510,0%@1510,0%@1510,0%@1510] GR3D_FREQ 0% cpu@46.531C soc2@45.937C soc0@44.25C gpu@46.218C tj@46.531C soc1@44.218C VDD_IN 4073mW/4085mW VDD_CPU_GPU_CV 956mW/968mW VDD_SOC 1397mW/1397mW
08-09-2026 23:50:26 RAM 3057/7620MB (lfb 23x4MB) SWAP 2/12002MB (cached 0MB) CPU [1%@1510,1%@1510,0%@1510,0%@1510,0%@1510,0%@1510] GR3D_FREQ 0% cpu@46.531C soc2@45.843C soc0@44.281C gpu@46.218C tj@46.531C soc1@44.25C VDD_IN 4113mW/4086mW VDD_CPU_GPU_CV 996mW/969mW VDD_SOC 1397mW/1397mW
08-09-2026 23:50:27 RAM 3057/7620MB (lfb 23x4MB) SWAP 2/12002MB (cached 0MB) CPU [1%@1510,0%@1510,0%@1510,0%@1510,0%@1510,0%@1510] GR3D_FREQ 0% cpu@46.468C soc2@45.968C soc0@44.25C gpu@46.25C tj@46.75C soc1@44.187C VDD_IN 4073mW/4086mW VDD_CPU_GPU_CV 956mW/969mW VDD_SOC 1397mW/1397mW
08-09-2026 23:50:28 RAM 3057/7620MB (lfb 23x4MB) SWAP 2/12002MB (cached 0MB) CPU [1%@1510,1%@1510,0%@1510,0%@1510,0%@1510,0%@1510] GR3D_FREQ 0% cpu@46.625C soc2@45.875C soc0@44.312C gpu@46.281C tj@46.625C soc1@44.156C VDD_IN 4073mW/4085mW VDD_CPU_GPU_CV 956mW/968mW VDD_SOC 1397mW/1397mW
08-09-2026 23:50:29 RAM 3057/7620MB (lfb 23x4MB) SWAP 2/12002MB (cached 0MB) CPU [1%@1510,1%@1510,0%@1510,0%@1510,0%@1510,0%@1510] GR3D_FREQ 0% cpu@46.968C soc2@45.875C soc0@44.156C gpu@45.906C tj@46.968C soc1@44.156C VDD_IN 4113mW/4086mW VDD_CPU_GPU_CV 996mW/969mW VDD_SOC 1397mW/1397mW
08-09-2026 23:50:30 RAM 3065/7620MB (lfb 23x4MB) SWAP 2/12002MB (cached 0MB) CPU [7%@1510,7%@1510,16%@1510,7%@1510,6%@1510,7%@1510] GR3D_FREQ 0% cpu@47.562C soc2@45.875C soc0@44.218C gpu@45.906C tj@47.218C soc1@44.218C VDD_IN 4665mW/4106mW VDD_CPU_GPU_CV 1430mW/985mW VDD_SOC 1393mW/1396mW
08-09-2026 23:50:31 RAM 3213/7620MB (lfb 23x4MB) SWAP 2/12002MB (cached 0MB) CPU [16%@1510,1%@1510,85%@1510,0%@1510,1%@1510,4%@1510] GR3D_FREQ 0% cpu@46.75C soc2@45.968C soc0@44.187C gpu@45.968C tj@46.937C soc1@44.312C VDD_IN 4960mW/4133mW VDD_CPU_GPU_CV 1545mW/1003mW VDD_SOC 1428mW/1397mW
08-09-2026 23:50:32 RAM 3255/7620MB (lfb 23x4MB) SWAP 2/12002MB (cached 0MB) CPU [100%@1510,0%@1510,1%@1510,1%@1510,1%@1510,17%@1510] GR3D_FREQ 0% cpu@47.031C soc2@46C soc0@44.281C gpu@46.031C tj@47.031C soc1@44.343C VDD_IN 5237mW/4168mW VDD_CPU_GPU_CV 1700mW/1024mW VDD_SOC 1465mW/1399mW
08-09-2026 23:50:33 RAM 3283/7620MB (lfb 23x4MB) SWAP 2/12002MB (cached 0MB) CPU [47%@1510,2%@1510,1%@1510,1%@1510,2%@1510,25%@1510] GR3D_FREQ 0% cpu@46.781C soc2@45.937C soc0@44.343C gpu@46.031C tj@46.781C soc1@44.156C VDD_IN 4425mW/4175mW VDD_CPU_GPU_CV 1194mW/1030mW VDD_SOC 1395mW/1399mW
08-09-2026 23:50:34 RAM 3296/7620MB (lfb 23x4MB) SWAP 2/12002MB (cached 0MB) CPU [8%@1510,6%@1510,6%@1510,7%@1510,9%@1510,19%@1510] GR3D_FREQ 0% cpu@47.218C soc2@45.968C soc0@44.437C gpu@46.062C tj@47.218C soc1@44.187C VDD_IN 4737mW/4192mW VDD_CPU_GPU_CV 1470mW/1043mW VDD_SOC 1393mW/1399mW
08-09-2026 23:50:35 RAM 3597/7620MB (lfb 1x2MB) SWAP 2/12002MB (cached 0MB) CPU [1%@1510,2%@1510,3%@1510,6%@1510,4%@1510,96%@1510] GR3D_FREQ 0% cpu@47.468C soc2@45.937C soc0@44.218C gpu@46.125C tj@47.468C soc1@44.343C VDD_IN 5198mW/4221mW VDD_CPU_GPU_CV 1624mW/1059mW VDD_SOC 1507mW/1402mW
08-09-2026 23:50:36 RAM 3696/7620MB (lfb 1x4MB) SWAP 2/12002MB (cached 0MB) CPU [4%@1510,3%@1510,1%@1510,2%@1510,3%@1510,22%@1510] GR3D_FREQ 0% cpu@46.593C soc2@46.031C soc0@44.312C gpu@46.125C tj@46.593C soc1@44.312C VDD_IN 4385mW/4225mW VDD_CPU_GPU_CV 1154mW/1062mW VDD_SOC 1435mW/1403mW
08-09-2026 23:50:37 RAM 3697/7620MB (lfb 1x4MB) SWAP 2/12002MB (cached 0MB) CPU [2%@1510,3%@1510,2%@1510,1%@1510,3%@1510,3%@1510] GR3D_FREQ 0% cpu@46.625C soc2@45.937C soc0@44.343C gpu@46.125C tj@46.625C soc1@44.375C VDD_IN 4233mW/4225mW VDD_CPU_GPU_CV 1036mW/1061mW VDD_SOC 1397mW/1403mW
08-09-2026 23:50:38 RAM 3697/7620MB (lfb 1x4MB) SWAP 2/12002MB (cached 0MB) CPU [1%@1510,3%@1510,1%@1510,0%@1510,3%@1510,2%@1510] GR3D_FREQ 0% cpu@46.656C soc2@46.062C soc0@44.281C gpu@45.906C tj@46.656C soc1@44.156C VDD_IN 4153mW/4223mW VDD_CPU_GPU_CV 1036mW/1060mW VDD_SOC 1397mW/1403mW
08-09-2026 23:50:39 RAM 3697/7620MB (lfb 1x4MB) SWAP 2/12002MB (cached 0MB) CPU [4%@1510,2%@1510,1%@1510,1%@1510,2%@1510,3%@1510] GR3D_FREQ 0% cpu@46.843C soc2@45.937C soc0@44.375C gpu@45.875C tj@46.843C soc1@44.156C VDD_IN 4193mW/4223mW VDD_CPU_GPU_CV 1036mW/1060mW VDD_SOC 1397mW/1403mW
08-09-2026 23:50:40 RAM 3697/7620MB (lfb 1x4MB) SWAP 2/12002MB (cached 0MB) CPU [2%@1510,3%@1510,2%@1510,2%@1510,1%@1510,2%@1510] GR3D_FREQ 0% cpu@46.75C soc2@45.937C soc0@44.218C gpu@45.875C tj@46.718C soc1@44.156C VDD_IN 4153mW/4221mW VDD_CPU_GPU_CV 1036mW/1059mW VDD_SOC 1397mW/1402mW
08-09-2026 23:50:41 RAM 3697/7620MB (lfb 1x4MB) SWAP 2/12002MB (cached 0MB) CPU [1%@1510,2%@1510,4%@1510,2%@1510,4%@1510,4%@1510] GR3D_FREQ 0% cpu@46.468C soc2@45.875C soc0@44.281C gpu@45.875C tj@46.468C soc1@44.281C VDD_IN 4233mW/4221mW VDD_CPU_GPU_CV 1076mW/1060mW VDD_SOC 1397mW/1402mW
08-09-2026 23:50:42 RAM 3698/7620MB (lfb 1x4MB) SWAP 2/12002MB (cached 0MB) CPU [4%@1510,1%@1510,1%@1510,2%@1510,3%@1510,3%@1510] GR3D_FREQ 0% cpu@46.687C soc2@46.031C soc0@44.218C gpu@45.906C tj@46.687C soc1@44.25C VDD_IN 4193mW/4221mW VDD_CPU_GPU_CV 1036mW/1059mW VDD_SOC 1397mW/1402mW
08-09-2026 23:50:43 RAM 3698/7620MB (lfb 1x4MB) SWAP 2/12002MB (cached 0MB) CPU [2%@1510,1%@1510,3%@1510,1%@1510,2%@1510,3%@1510] GR3D_FREQ 0% cpu@46.687C soc2@45.906C soc0@44.375C gpu@45.968C tj@46.687C soc1@44.187C VDD_IN 4153mW/4219mW VDD_CPU_GPU_CV 1036mW/1058mW VDD_SOC 1397mW/1402mW
08-09-2026 23:50:44 RAM 3698/7620MB (lfb 1x4MB) SWAP 2/12002MB (cached 0MB) CPU [2%@1510,1%@1510,2%@1510,1%@1510,0%@1510,2%@1510] GR3D_FREQ 0% cpu@46.843C soc2@45.968C soc0@44.375C gpu@45.875C tj@46.843C soc1@44.125C VDD_IN 4153mW/4217mW VDD_CPU_GPU_CV 1036mW/1058mW VDD_SOC 1397mW/1402mW
08-09-2026 23:50:45 RAM 3698/7620MB (lfb 1x4MB) SWAP 2/12002MB (cached 0MB) CPU [2%@1510,2%@1510,2%@1510,1%@1510,2%@1510,4%@1510] GR3D_FREQ 0% cpu@46.781C soc2@45.875C soc0@44.312C gpu@45.968C tj@46.781C soc1@44.281C VDD_IN 4153mW/4216mW VDD_CPU_GPU_CV 1036mW/1057mW VDD_SOC 1397mW/1402mW
08-09-2026 23:50:46 RAM 3698/7620MB (lfb 1x4MB) SWAP 2/12002MB (cached 0MB) CPU [3%@1510,3%@1510,4%@1510,3%@1510,2%@1510,3%@1510] GR3D_FREQ 0% cpu@46.593C soc2@45.906C soc0@44.218C gpu@45.906C tj@46.593C soc1@44.281C VDD_IN 4233mW/4216mW VDD_CPU_GPU_CV 1036mW/1057mW VDD_SOC 1397mW/1402mW
08-09-2026 23:50:47 RAM 3695/7620MB (lfb 1x2MB) SWAP 2/12002MB (cached 0MB) CPU [3%@1510,1%@1510,2%@1510,2%@1510,3%@1510,5%@1510] GR3D_FREQ 0% cpu@46.625C soc2@45.906C soc0@44.25C gpu@45.937C tj@46.625C soc1@44.25C VDD_IN 4193mW/4216mW VDD_CPU_GPU_CV 1036mW/1056mW VDD_SOC 1397mW/1402mW
08-09-2026 23:50:48 RAM 3695/7620MB (lfb 1x2MB) SWAP 2/12002MB (cached 0MB) CPU [2%@1510,1%@1510,1%@1510,3%@1510,1%@1510,4%@1510] GR3D_FREQ 0% cpu@46.687C soc2@46.031C soc0@44.312C gpu@45.968C tj@46.687C soc1@44.281C VDD_IN 4153mW/4215mW VDD_CPU_GPU_CV 1036mW/1056mW VDD_SOC 1397mW/1401mW
08-09-2026 23:50:49 RAM 3695/7620MB (lfb 1x2MB) SWAP 2/12002MB (cached 0MB) CPU [3%@1510,1%@1510,2%@1510,2%@1510,0%@1510,3%@1510] GR3D_FREQ 0% cpu@46.625C soc2@45.875C soc0@44.375C gpu@46.25C tj@46.625C soc1@44.187C VDD_IN 4193mW/4214mW VDD_CPU_GPU_CV 1036mW/1056mW VDD_SOC 1397mW/1401mW
08-09-2026 23:50:50 RAM 3695/7620MB (lfb 1x2MB) SWAP 2/12002MB (cached 0MB) CPU [2%@1510,1%@1510,1%@1510,2%@1510,1%@1510,3%@1510] GR3D_FREQ 0% cpu@46.718C soc2@45.906C soc0@44.343C gpu@46.281C tj@46.718C soc1@44.156C VDD_IN 4153mW/4213mW VDD_CPU_GPU_CV 1036mW/1055mW VDD_SOC 1397mW/1401mW
08-09-2026 23:50:51 RAM 3696/7620MB (lfb 1x2MB) SWAP 2/12002MB (cached 0MB) CPU [2%@1510,1%@1510,1%@1510,4%@1510,2%@1510,6%@1510] GR3D_FREQ 0% cpu@46.593C soc2@45.937C soc0@44.25C gpu@46.375C tj@46.593C soc1@44.312C VDD_IN 4233mW/4213mW VDD_CPU_GPU_CV 1076mW/1056mW VDD_SOC 1397mW/1401mW
08-09-2026 23:50:52 RAM 3697/7620MB (lfb 1x2MB) SWAP 2/12002MB (cached 0MB) CPU [3%@1510,2%@1510,1%@1510,3%@1510,1%@1510,3%@1510] GR3D_FREQ 0% cpu@46.843C soc2@46C soc0@44.312C gpu@46.343C tj@46.625C soc1@44.281C VDD_IN 4193mW/4213mW VDD_CPU_GPU_CV 1036mW/1055mW VDD_SOC 1397mW/1401mW
08-09-2026 23:50:53 RAM 3697/7620MB (lfb 1x2MB) SWAP 2/12002MB (cached 0MB) CPU [2%@1510,1%@1510,1%@1510,0%@1510,2%@1510,3%@1510] GR3D_FREQ 0% cpu@46.562C soc2@45.968C soc0@44.281C gpu@46.406C tj@46.718C soc1@44.375C VDD_IN 4153mW/4212mW VDD_CPU_GPU_CV 1036mW/1055mW VDD_SOC 1397mW/1401mW
08-09-2026 23:50:55 RAM 3697/7620MB (lfb 1x2MB) SWAP 2/12002MB (cached 0MB) CPU [1%@1510,1%@1510,3%@1510,1%@1510,3%@1510,2%@1510] GR3D_FREQ 0% cpu@46.593C soc2@45.875C soc0@44.437C gpu@46.375C tj@46.593C soc1@44.406C VDD_IN 4193mW/4211mW VDD_CPU_GPU_CV 1036mW/1054mW VDD_SOC 1397mW/1401mW
08-09-2026 23:50:56 RAM 3697/7620MB (lfb 1x2MB) SWAP 2/12002MB (cached 0MB) CPU [3%@1510,1%@1510,0%@1510,1%@1510,4%@1510,2%@1510] GR3D_FREQ 0% cpu@46.781C soc2@45.843C soc0@44.406C gpu@45.875C tj@46.781C soc1@44.156C VDD_IN 4153mW/4210mW VDD_CPU_GPU_CV 1036mW/1054mW VDD_SOC 1397mW/1401mW
08-09-2026 23:50:57 RAM 3697/7620MB (lfb 1x2MB) SWAP 2/12002MB (cached 0MB) CPU [3%@1510,0%@1510,4%@1510,2%@1510,4%@1510,3%@1510] GR3D_FREQ 0% cpu@46.562C soc2@45.968C soc0@44.187C gpu@45.812C tj@46.562C soc1@44.156C VDD_IN 4193mW/4210mW VDD_CPU_GPU_CV 1036mW/1054mW VDD_SOC 1397mW/1401mW
08-09-2026 23:50:58 RAM 3697/7620MB (lfb 1x2MB) SWAP 2/12002MB (cached 0MB) CPU [3%@1510,2%@1510,2%@1510,2%@1510,2%@1510,1%@1510] GR3D_FREQ 0% cpu@46.875C soc2@45.937C soc0@44.187C gpu@45.843C tj@46.843C soc1@44.218C VDD_IN 4193mW/4210mW VDD_CPU_GPU_CV 1036mW/1053mW VDD_SOC 1397mW/1401mW
08-09-2026 23:50:59 RAM 3697/7620MB (lfb 1x2MB) SWAP 2/12002MB (cached 0MB) CPU [4%@1510,3%@1510,0%@1510,2%@1510,2%@1510,0%@1510] GR3D_FREQ 0% cpu@46.656C soc2@46C soc0@44.312C gpu@45.875C tj@46.656C soc1@44.218C VDD_IN 4153mW/4209mW VDD_CPU_GPU_CV 1036mW/1053mW VDD_SOC 1397mW/1401mW
08-09-2026 23:51:00 RAM 3697/7620MB (lfb 1x2MB) SWAP 2/12002MB (cached 0MB) CPU [3%@1510,2%@1510,0%@1510,1%@1510,2%@1510,1%@1510] GR3D_FREQ 0% cpu@46.562C soc2@46.062C soc0@44.312C gpu@45.906C tj@46.562C soc1@44.437C VDD_IN 4193mW/4208mW VDD_CPU_GPU_CV 1036mW/1053mW VDD_SOC 1397mW/1401mW
08-09-2026 23:51:01 RAM 3697/7620MB (lfb 1x2MB) SWAP 2/12002MB (cached 0MB) CPU [4%@1510,2%@1510,1%@1510,2%@1510,3%@1510,1%@1510] GR3D_FREQ 0% cpu@46.687C soc2@46C soc0@44.375C gpu@46.125C tj@46.687C soc1@44.25C VDD_IN 4153mW/4207mW VDD_CPU_GPU_CV 1036mW/1053mW VDD_SOC 1397mW/1400mW
08-09-2026 23:51:02 RAM 3697/7620MB (lfb 1x2MB) SWAP 2/12002MB (cached 0MB) CPU [4%@1510,2%@1510,1%@1510,4%@1510,4%@1510,2%@1510] GR3D_FREQ 0% cpu@46.593C soc2@45.937C soc0@44.343C gpu@46.125C tj@46.593C soc1@44.218C VDD_IN 4233mW/4208mW VDD_CPU_GPU_CV 1036mW/1052mW VDD_SOC 1397mW/1400mW
08-09-2026 23:51:03 RAM 3697/7620MB (lfb 1x2MB) SWAP 2/12002MB (cached 0MB) CPU [2%@1510,3%@1510,2%@1510,2%@1510,4%@1510,1%@1510] GR3D_FREQ 0% cpu@46.843C soc2@45.937C soc0@44.218C gpu@46.187C tj@46.843C soc1@44.25C VDD_IN 4193mW/4208mW VDD_CPU_GPU_CV 1036mW/1052mW VDD_SOC 1397mW/1400mW
08-09-2026 23:51:04 RAM 3696/7620MB (lfb 1x2MB) SWAP 2/12002MB (cached 0MB) CPU [3%@1510,1%@1510,1%@1510,1%@1510,3%@1510,0%@1510] GR3D_FREQ 0% cpu@46.5C soc2@46.031C soc0@44.312C gpu@46.187C tj@46.5C soc1@44.312C VDD_IN 4153mW/4207mW VDD_CPU_GPU_CV 1036mW/1052mW VDD_SOC 1397mW/1400mW
08-09-2026 23:51:05 RAM 3696/7620MB (lfb 1x2MB) SWAP 2/12002MB (cached 0MB) CPU [1%@1510,1%@1510,2%@1510,2%@1510,3%@1510,1%@1510] GR3D_FREQ 0% cpu@46.593C soc2@45.968C soc0@44.343C gpu@46.125C tj@46.593C soc1@44.312C VDD_IN 4193mW/4207mW VDD_CPU_GPU_CV 1036mW/1052mW VDD_SOC 1397mW/1400mW
08-09-2026 23:51:06 RAM 3696/7620MB (lfb 1x2MB) SWAP 2/12002MB (cached 0MB) CPU [4%@1510,3%@1510,0%@1510,1%@1510,2%@1510,2%@1510] GR3D_FREQ 0% cpu@46.75C soc2@46C soc0@44.375C gpu@46.093C tj@46.75C soc1@44.437C VDD_IN 4153mW/4206mW VDD_CPU_GPU_CV 996mW/1051mW VDD_SOC 1397mW/1400mW
08-09-2026 23:51:07 RAM 3696/7620MB (lfb 1x2MB) SWAP 2/12002MB (cached 0MB) CPU [2%@1510,3%@1510,3%@1510,4%@1510,2%@1510,3%@1510] GR3D_FREQ 0% cpu@46.75C soc2@45.906C soc0@44.437C gpu@46.218C tj@46.75C soc1@44.156C VDD_IN 4193mW/4205mW VDD_CPU_GPU_CV 1036mW/1050mW VDD_SOC 1397mW/1400mW
08-09-2026 23:51:08 RAM 3696/7620MB (lfb 1x2MB) SWAP 2/12002MB (cached 0MB) CPU [4%@1510,2%@1510,1%@1510,1%@1510,1%@1510,6%@1510] GR3D_FREQ 0% cpu@46.781C soc2@45.937C soc0@44.437C gpu@46.25C tj@46.781C soc1@44.25C VDD_IN 4193mW/4205mW VDD_CPU_GPU_CV 1036mW/1050mW VDD_SOC 1397mW/1400mW
08-09-2026 23:51:09 RAM 3696/7620MB (lfb 1x2MB) SWAP 2/12002MB (cached 0MB) CPU [2%@1510,2%@1510,1%@1510,1%@1510,0%@1510,4%@1510] GR3D_FREQ 0% cpu@46.593C soc2@45.937C soc0@44.312C gpu@46.187C tj@46.593C soc1@44.25C VDD_IN 4273mW/4206mW VDD_CPU_GPU_CV 996mW/1049mW VDD_SOC 1397mW/1400mW
08-09-2026 23:51:10 RAM 3696/7620MB (lfb 1x2MB) SWAP 2/12002MB (cached 0MB) CPU [2%@1510,1%@1510,0%@1510,1%@1510,2%@1510,3%@1510] GR3D_FREQ 0% cpu@46.625C soc2@45.937C soc0@44.312C gpu@46.25C tj@46.625C soc1@44.312C VDD_IN 4193mW/4206mW VDD_CPU_GPU_CV 996mW/1049mW VDD_SOC 1397mW/1400mW
08-09-2026 23:51:11 RAM 3696/7620MB (lfb 1x2MB) SWAP 2/12002MB (cached 0MB) CPU [3%@1510,2%@1510,2%@1510,1%@1510,3%@1510,3%@1510] GR3D_FREQ 0% cpu@46.625C soc2@46.031C soc0@44.25C gpu@45.968C tj@46.687C soc1@44.281C VDD_IN 4193mW/4206mW VDD_CPU_GPU_CV 1036mW/1048mW VDD_SOC 1397mW/1400mW
08-09-2026 23:51:12 RAM 3697/7620MB (lfb 7x1MB) SWAP 2/12002MB (cached 0MB) CPU [3%@1510,5%@1510,2%@1510,2%@1510,4%@1510,3%@1510] GR3D_FREQ 0% cpu@46.687C soc2@45.937C soc0@44.343C gpu@45.906C tj@46.687C soc1@44.25C VDD_IN 4233mW/4206mW VDD_CPU_GPU_CV 1036mW/1048mW VDD_SOC 1397mW/1400mW
08-09-2026 23:51:13 RAM 3697/7620MB (lfb 7x1MB) SWAP 2/12002MB (cached 0MB) CPU [2%@1510,2%@1510,0%@1510,2%@1510,1%@1510,4%@1510] GR3D_FREQ 0% cpu@46.781C soc2@45.937C soc0@44.468C gpu@46C tj@46.781C soc1@44.218C VDD_IN 4193mW/4206mW VDD_CPU_GPU_CV 1036mW/1048mW VDD_SOC 1397mW/1400mW
08-09-2026 23:51:14 RAM 3697/7620MB (lfb 7x1MB) SWAP 2/12002MB (cached 0MB) CPU [1%@1510,2%@1510,1%@1510,1%@1510,1%@1510,4%@1510] GR3D_FREQ 0% cpu@46.625C soc2@45.937C soc0@44.281C gpu@46.031C tj@46.625C soc1@44.218C VDD_IN 4153mW/4205mW VDD_CPU_GPU_CV 1036mW/1048mW VDD_SOC 1397mW/1400mW
08-09-2026 23:51:15 RAM 3697/7620MB (lfb 7x1MB) SWAP 2/12002MB (cached 0MB) CPU [1%@1510,2%@1510,1%@1510,1%@1510,1%@1510,3%@1510] GR3D_FREQ 0% cpu@46.625C soc2@46.062C soc0@44.281C gpu@45.937C tj@46.625C soc1@44.25C VDD_IN 4233mW/4206mW VDD_CPU_GPU_CV 1036mW/1048mW VDD_SOC 1397mW/1400mW
08-09-2026 23:51:16 RAM 3697/7620MB (lfb 7x1MB) SWAP 2/12002MB (cached 0MB) CPU [2%@1510,2%@1510,1%@1510,1%@1510,1%@1510,2%@1510] GR3D_FREQ 0% cpu@46.593C soc2@46.062C soc0@44.281C gpu@45.937C tj@46.593C soc1@44.375C VDD_IN 4193mW/4206mW VDD_CPU_GPU_CV 1036mW/1048mW VDD_SOC 1397mW/1400mW
08-09-2026 23:51:17 RAM 3698/7620MB (lfb 7x1MB) SWAP 2/12002MB (cached 0MB) CPU [2%@1510,2%@1510,4%@1510,3%@1510,2%@1510,4%@1510] GR3D_FREQ 0% cpu@46.625C soc2@46C soc0@44.375C gpu@46C tj@46.625C soc1@44.125C VDD_IN 4233mW/4206mW VDD_CPU_GPU_CV 1036mW/1047mW VDD_SOC 1397mW/1400mW
08-09-2026 23:51:18 RAM 3698/7620MB (lfb 7x1MB) SWAP 2/12002MB (cached 0MB) CPU [2%@1510,2%@1510,1%@1510,2%@1510,0%@1510,6%@1510] GR3D_FREQ 0% cpu@46.812C soc2@45.875C soc0@44.468C gpu@46.093C tj@46.812C soc1@44.187C VDD_IN 4233mW/4206mW VDD_CPU_GPU_CV 1036mW/1047mW VDD_SOC 1397mW/1400mW
08-09-2026 23:51:19 RAM 3698/7620MB (lfb 7x1MB) SWAP 2/12002MB (cached 0MB) CPU [2%@1510,2%@1510,1%@1510,1%@1510,0%@1510,4%@1510] GR3D_FREQ 0% cpu@46.625C soc2@45.937C soc0@44.25C gpu@46C tj@46.593C soc1@44.156C VDD_IN 4193mW/4206mW VDD_CPU_GPU_CV 1036mW/1047mW VDD_SOC 1397mW/1400mW
08-09-2026 23:51:20 RAM 3698/7620MB (lfb 7x1MB) SWAP 2/12002MB (cached 0MB) CPU [1%@1510,3%@1510,1%@1510,3%@1510,0%@1510,4%@1510] GR3D_FREQ 0% cpu@46.968C soc2@45.906C soc0@44.25C gpu@46.062C tj@46.625C soc1@44.343C VDD_IN 4193mW/4206mW VDD_CPU_GPU_CV 1036mW/1047mW VDD_SOC 1397mW/1400mW
08-09-2026 23:51:21 RAM 3698/7620MB (lfb 7x1MB) SWAP 2/12002MB (cached 0MB) CPU [2%@1510,2%@1510,0%@1510,2%@1510,1%@1510,3%@1510] GR3D_FREQ 0% cpu@46.625C soc2@46.031C soc0@44.312C gpu@45.875C tj@46.625C soc1@44.343C VDD_IN 4193mW/4206mW VDD_CPU_GPU_CV 1036mW/1047mW VDD_SOC 1397mW/1399mW
08-09-2026 23:51:22 RAM 3698/7620MB (lfb 7x1MB) SWAP 2/12002MB (cached 0MB) CPU [2%@1510,3%@1510,2%@1510,3%@1510,3%@1510,4%@1510] GR3D_FREQ 0% cpu@46.687C soc2@46.031C soc0@44.406C gpu@45.875C tj@46.687C soc1@44.375C VDD_IN 4193mW/4206mW VDD_CPU_GPU_CV 1036mW/1047mW VDD_SOC 1397mW/1399mW
08-09-2026 23:51:23 RAM 3698/7620MB (lfb 7x1MB) SWAP 2/12002MB (cached 0MB) CPU [4%@1510,2%@1510,0%@1510,3%@1510,3%@1510,3%@1510] GR3D_FREQ 0% cpu@46.812C soc2@45.937C soc0@44.375C gpu@45.937C tj@46.812C soc1@44.218C VDD_IN 4193mW/4205mW VDD_CPU_GPU_CV 1036mW/1047mW VDD_SOC 1397mW/1399mW
08-09-2026 23:51:24 RAM 3698/7620MB (lfb 7x1MB) SWAP 2/12002MB (cached 0MB) CPU [2%@1510,2%@1510,1%@1510,2%@1510,0%@1510,3%@1510] GR3D_FREQ 0% cpu@46.625C soc2@46C soc0@44.343C gpu@45.906C tj@46.625C soc1@44.281C VDD_IN 4153mW/4205mW VDD_CPU_GPU_CV 1036mW/1046mW VDD_SOC 1397mW/1399mW
08-09-2026 23:51:25 RAM 3698/7620MB (lfb 7x1MB) SWAP 2/12002MB (cached 0MB) CPU [2%@1510,3%@1510,0%@1510,2%@1510,1%@1510,4%@1510] GR3D_FREQ 0% cpu@46.906C soc2@45.906C soc0@44.218C gpu@45.875C tj@46.906C soc1@44.312C VDD_IN 4153mW/4204mW VDD_CPU_GPU_CV 1036mW/1046mW VDD_SOC 1397mW/1399mW
08-09-2026 23:51:26 RAM 3698/7620MB (lfb 7x1MB) SWAP 2/12002MB (cached 0MB) CPU [1%@1510,3%@1510,1%@1510,2%@1510,1%@1510,3%@1510] GR3D_FREQ 0% cpu@46.562C soc2@46C soc0@44.343C gpu@45.937C tj@46.562C soc1@44.343C VDD_IN 4193mW/4204mW VDD_CPU_GPU_CV 1036mW/1046mW VDD_SOC 1397mW/1399mW
08-09-2026 23:51:27 RAM 3698/7620MB (lfb 7x1MB) SWAP 2/12002MB (cached 0MB) CPU [1%@1510,2%@1510,1%@1510,2%@1510,6%@1510,4%@1510] GR3D_FREQ 0% cpu@46.625C soc2@45.937C soc0@44.312C gpu@45.968C tj@46.625C soc1@44.375C VDD_IN 4193mW/4204mW VDD_CPU_GPU_CV 1036mW/1046mW VDD_SOC 1397mW/1399mW
08-09-2026 23:51:28 RAM 3698/7620MB (lfb 7x1MB) SWAP 2/12002MB (cached 0MB) CPU [3%@1510,3%@1510,3%@1510,2%@1510,1%@1510,4%@1510] GR3D_FREQ 0% cpu@46.812C soc2@46C soc0@44.406C gpu@45.937C tj@46.812C soc1@44.25C VDD_IN 4233mW/4204mW VDD_CPU_GPU_CV 1036mW/1046mW VDD_SOC 1397mW/1399mW
08-09-2026 23:51:29 RAM 3698/7620MB (lfb 7x1MB) SWAP 2/12002MB (cached 0MB) CPU [1%@1510,2%@1510,2%@1510,1%@1510,1%@1510,3%@1510] GR3D_FREQ 0% cpu@46.656C soc2@45.906C soc0@44.5C gpu@45.968C tj@46.656C soc1@44.25C VDD_IN 4193mW/4204mW VDD_CPU_GPU_CV 1036mW/1046mW VDD_SOC 1397mW/1399mW
08-09-2026 23:51:30 RAM 3698/7620MB (lfb 7x1MB) SWAP 2/12002MB (cached 0MB) CPU [1%@1510,3%@1510,3%@1510,2%@1510,1%@1510,4%@1510] GR3D_FREQ 0% cpu@47.031C soc2@45.937C soc0@44.312C gpu@45.968C tj@47.031C soc1@44.343C VDD_IN 4153mW/4203mW VDD_CPU_GPU_CV 1036mW/1046mW VDD_SOC 1397mW/1399mW
08-09-2026 23:51:31 RAM 3698/7620MB (lfb 7x1MB) SWAP 2/12002MB (cached 0MB) CPU [1%@1510,2%@1510,1%@1510,0%@1510,1%@1510,5%@1510] GR3D_FREQ 0% cpu@46.593C soc2@46.031C soc0@44.343C gpu@45.968C tj@46.593C soc1@44.25C VDD_IN 4153mW/4203mW VDD_CPU_GPU_CV 1036mW/1046mW VDD_SOC 1397mW/1399mW
08-09-2026 23:51:32 RAM 3698/7620MB (lfb 7x1MB) SWAP 2/12002MB (cached 0MB) CPU [2%@1510,2%@1510,4%@1510,1%@1510,5%@1510,3%@1510] GR3D_FREQ 0% cpu@46.812C soc2@46C soc0@44.312C gpu@46.25C tj@46.812C soc1@44.312C VDD_IN 4193mW/4203mW VDD_CPU_GPU_CV 1036mW/1045mW VDD_SOC 1397mW/1399mW
08-09-2026 23:51:33 RAM 3698/7620MB (lfb 7x1MB) SWAP 2/12002MB (cached 0MB) CPU [1%@1510,2%@1510,5%@1510,3%@1510,1%@1510,4%@1510] GR3D_FREQ 0% cpu@46.625C soc2@46.156C soc0@44.406C gpu@46.281C tj@46.625C soc1@44.5C VDD_IN 4193mW/4203mW VDD_CPU_GPU_CV 1036mW/1045mW VDD_SOC 1397mW/1399mW
08-09-2026 23:51:34 RAM 3698/7620MB (lfb 7x1MB) SWAP 2/12002MB (cached 0MB) CPU [2%@1510,1%@1510,2%@1510,1%@1510,3%@1510,3%@1510] GR3D_FREQ 0% cpu@46.75C soc2@45.937C soc0@44.437C gpu@46.375C tj@46.75C soc1@44.25C VDD_IN 4193mW/4203mW VDD_CPU_GPU_CV 1036mW/1045mW VDD_SOC 1397mW/1399mW
08-09-2026 23:51:35 RAM 3698/7620MB (lfb 7x1MB) SWAP 2/12002MB (cached 0MB) CPU [2%@1510,0%@1510,0%@1510,2%@1510,1%@1510,3%@1510] GR3D_FREQ 0% cpu@46.937C soc2@46.031C soc0@44.375C gpu@46.375C tj@46.937C soc1@44.218C VDD_IN 4193mW/4202mW VDD_CPU_GPU_CV 1036mW/1045mW VDD_SOC 1397mW/1399mW
08-09-2026 23:51:36 RAM 3698/7620MB (lfb 7x1MB) SWAP 2/12002MB (cached 0MB) CPU [2%@1510,1%@1510,2%@1510,1%@1510,2%@1510,3%@1510] GR3D_FREQ 0% cpu@46.843C soc2@45.968C soc0@44.281C gpu@46.375C tj@46.687C soc1@44.281C VDD_IN 4193mW/4202mW VDD_CPU_GPU_CV 1036mW/1045mW VDD_SOC 1397mW/1399mW
08-09-2026 23:51:37 RAM 3698/7620MB (lfb 7x1MB) SWAP 2/12002MB (cached 0MB) CPU [3%@1510,1%@1510,2%@1510,4%@1510,2%@1510,4%@1510] GR3D_FREQ 0% cpu@46.656C soc2@46.031C soc0@44.343C gpu@46.343C tj@46.656C soc1@44.343C VDD_IN 4233mW/4203mW VDD_CPU_GPU_CV 1036mW/1045mW VDD_SOC 1397mW/1399mW
08-09-2026 23:51:38 RAM 3698/7620MB (lfb 7x1MB) SWAP 2/12002MB (cached 0MB) CPU [1%@1510,2%@1510,1%@1510,2%@1510,2%@1510,5%@1510] GR3D_FREQ 0% cpu@46.625C soc2@46.125C soc0@44.375C gpu@46.5C tj@46.625C soc1@44.343C VDD_IN 4233mW/4203mW VDD_CPU_GPU_CV 1036mW/1045mW VDD_SOC 1397mW/1399mW
08-09-2026 23:51:39 RAM 3698/7620MB (lfb 7x1MB) SWAP 2/12002MB (cached 0MB) CPU [1%@1510,1%@1510,2%@1510,2%@1510,1%@1510,3%@1510] GR3D_FREQ 0% cpu@46.75C soc2@46.156C soc0@44.375C gpu@45.906C tj@46.75C soc1@44.375C VDD_IN 4193mW/4203mW VDD_CPU_GPU_CV 1036mW/1045mW VDD_SOC 1397mW/1399mW
08-09-2026 23:51:40 RAM 3698/7620MB (lfb 7x1MB) SWAP 2/12002MB (cached 0MB) CPU [2%@1510,1%@1510,0%@1510,0%@1510,3%@1510,3%@1510] GR3D_FREQ 0% cpu@46.875C soc2@46C soc0@44.468C gpu@45.968C tj@46.875C soc1@44.25C VDD_IN 4193mW/4203mW VDD_CPU_GPU_CV 1036mW/1045mW VDD_SOC 1397mW/1399mW
08-09-2026 23:51:41 RAM 3698/7620MB (lfb 7x1MB) SWAP 2/12002MB (cached 0MB) CPU [1%@1510,4%@1510,2%@1510,0%@1510,3%@1510,2%@1510] GR3D_FREQ 0% cpu@46.781C soc2@45.937C soc0@44.406C gpu@45.937C tj@46.75C soc1@44.312C VDD_IN 4193mW/4203mW VDD_CPU_GPU_CV 1036mW/1045mW VDD_SOC 1397mW/1399mW
08-09-2026 23:51:42 RAM 3698/7620MB (lfb 7x1MB) SWAP 2/12002MB (cached 0MB) CPU [0%@1510,2%@1510,1%@1510,2%@1510,4%@1510,5%@1510] GR3D_FREQ 0% cpu@46.625C soc2@46.062C soc0@44.375C gpu@45.937C tj@46.625C soc1@44.375C VDD_IN 4233mW/4203mW VDD_CPU_GPU_CV 1036mW/1044mW VDD_SOC 1397mW/1399mW
08-09-2026 23:51:43 RAM 3699/7620MB (lfb 7x1MB) SWAP 2/12002MB (cached 0MB) CPU [2%@1510,3%@1510,3%@1510,2%@1510,5%@1510,3%@1510] GR3D_FREQ 0% cpu@46.625C soc2@46.062C soc0@44.375C gpu@46C tj@46.625C soc1@44.375C VDD_IN 4193mW/4203mW VDD_CPU_GPU_CV 1036mW/1044mW VDD_SOC 1397mW/1399mW
08-09-2026 23:51:44 RAM 3699/7620MB (lfb 7x1MB) SWAP 2/12002MB (cached 0MB) CPU [0%@1510,2%@1510,2%@1510,2%@1510,2%@1510,3%@1510] GR3D_FREQ 0% cpu@46.75C soc2@46.125C soc0@44.375C gpu@46C tj@46.75C soc1@44.437C VDD_IN 4153mW/4202mW VDD_CPU_GPU_CV 1036mW/1044mW VDD_SOC 1397mW/1399mW
08-09-2026 23:51:45 RAM 3699/7620MB (lfb 7x1MB) SWAP 2/12002MB (cached 0MB) CPU [1%@1510,2%@1510,1%@1510,2%@1510,4%@1510,1%@1510] GR3D_FREQ 0% cpu@46.75C soc2@46.062C soc0@44.406C gpu@46.031C tj@46.968C soc1@44.281C VDD_IN 4153mW/4202mW VDD_CPU_GPU_CV 1036mW/1044mW VDD_SOC 1397mW/1399mW
08-09-2026 23:51:46 RAM 3699/7620MB (lfb 7x1MB) SWAP 2/12002MB (cached 0MB) CPU [2%@1510,2%@1510,1%@1510,1%@1510,4%@1510,2%@1510] GR3D_FREQ 0% cpu@46.75C soc2@46.062C soc0@44.562C gpu@46.187C tj@46.75C soc1@44.343C VDD_IN 4193mW/4202mW VDD_CPU_GPU_CV 1036mW/1044mW VDD_SOC 1397mW/1399mW
08-09-2026 23:51:47 RAM 3699/7620MB (lfb 7x1MB) SWAP 2/12002MB (cached 0MB) CPU [1%@1510,2%@1510,4%@1510,2%@1510,5%@1510,4%@1510] GR3D_FREQ 0% cpu@46.562C soc2@46.093C soc0@44.375C gpu@46.281C tj@46.562C soc1@44.312C VDD_IN 4193mW/4202mW VDD_CPU_GPU_CV 1036mW/1044mW VDD_SOC 1397mW/1399mW
08-09-2026 23:51:48 RAM 3699/7620MB (lfb 7x1MB) SWAP 2/12002MB (cached 0MB) CPU [3%@1510,1%@1510,0%@1510,3%@1510,5%@1510,2%@1510] GR3D_FREQ 0% cpu@46.875C soc2@46C soc0@44.343C gpu@46.25C tj@46.625C soc1@44.281C VDD_IN 4273mW/4202mW VDD_CPU_GPU_CV 1036mW/1044mW VDD_SOC 1397mW/1399mW
08-09-2026 23:51:49 RAM 3699/7620MB (lfb 7x1MB) SWAP 2/12002MB (cached 0MB) CPU [2%@1510,4%@1510,1%@1510,2%@1510,4%@1510,0%@1510] GR3D_FREQ 0% cpu@46.718C soc2@46.093C soc0@44.468C gpu@46.312C tj@46.781C soc1@44.406C VDD_IN 4193mW/4202mW VDD_CPU_GPU_CV 1036mW/1044mW VDD_SOC 1397mW/1399mW
08-09-2026 23:51:50 RAM 3699/7620MB (lfb 7x1MB) SWAP 2/12002MB (cached 0MB) CPU [1%@1510,2%@1510,1%@1510,0%@1510,3%@1510,3%@1510] GR3D_FREQ 0% cpu@46.781C soc2@46.125C soc0@44.437C gpu@46.312C tj@46.781C soc1@44.5C VDD_IN 4153mW/4202mW VDD_CPU_GPU_CV 1036mW/1044mW VDD_SOC 1397mW/1399mW
08-09-2026 23:51:51 RAM 3699/7620MB (lfb 7x1MB) SWAP 2/12002MB (cached 0MB) CPU [2%@1510,2%@1510,1%@1510,1%@1510,3%@1510,2%@1510] GR3D_FREQ 0% cpu@46.843C soc2@45.968C soc0@44.437C gpu@46.375C tj@46.843C soc1@44.343C VDD_IN 4233mW/4202mW VDD_CPU_GPU_CV 1036mW/1044mW VDD_SOC 1397mW/1399mW
08-09-2026 23:51:52 RAM 3699/7620MB (lfb 7x1MB) SWAP 2/12002MB (cached 0MB) CPU [2%@1510,3%@1510,3%@1510,2%@1510,5%@1510,2%@1510] GR3D_FREQ 0% cpu@46.687C soc2@45.968C soc0@44.531C gpu@46.375C tj@46.687C soc1@44.312C VDD_IN 4193mW/4202mW VDD_CPU_GPU_CV 1036mW/1044mW VDD_SOC 1397mW/1399mW
08-09-2026 23:51:53 RAM 3699/7620MB (lfb 7x1MB) SWAP 2/12002MB (cached 0MB) CPU [2%@1510,2%@1510,2%@1510,1%@1510,4%@1510,2%@1510] GR3D_FREQ 0% cpu@46.843C soc2@46.125C soc0@44.343C gpu@46.312C tj@46.843C soc1@44.343C VDD_IN 4193mW/4202mW VDD_CPU_GPU_CV 1036mW/1044mW VDD_SOC 1397mW/1399mW
08-09-2026 23:51:54 RAM 3699/7620MB (lfb 7x1MB) SWAP 2/12002MB (cached 0MB) CPU [2%@1510,3%@1510,2%@1510,2%@1510,4%@1510,2%@1510] GR3D_FREQ 0% cpu@46.656C soc2@46.031C soc0@44.437C gpu@46.375C tj@46.656C soc1@44.375C VDD_IN 4153mW/4201mW VDD_CPU_GPU_CV 1036mW/1044mW VDD_SOC 1397mW/1399mW
08-09-2026 23:51:55 RAM 3699/7620MB (lfb 7x1MB) SWAP 2/12002MB (cached 0MB) CPU [2%@1510,3%@1510,1%@1510,3%@1510,3%@1510,1%@1510] GR3D_FREQ 0% cpu@46.687C soc2@46.093C soc0@44.406C gpu@46.406C tj@46.687C soc1@44.437C VDD_IN 4153mW/4201mW VDD_CPU_GPU_CV 1036mW/1043mW VDD_SOC 1397mW/1399mW
08-09-2026 23:51:56 RAM 3699/7620MB (lfb 7x1MB) SWAP 2/12002MB (cached 0MB) CPU [1%@1510,2%@1510,2%@1510,0%@1510,5%@1510,1%@1510] GR3D_FREQ 0% cpu@46.875C soc2@46.093C soc0@44.437C gpu@46.468C tj@46.875C soc1@44.343C VDD_IN 4193mW/4201mW VDD_CPU_GPU_CV 996mW/1043mW VDD_SOC 1397mW/1399mW
08-09-2026 23:51:57 RAM 3699/7620MB (lfb 7x1MB) SWAP 2/12002MB (cached 0MB) CPU [2%@1510,2%@1510,5%@1510,2%@1510,5%@1510,2%@1510] GR3D_FREQ 0% cpu@47.062C soc2@46.093C soc0@44.5C gpu@46.437C tj@47.062C soc1@44.281C VDD_IN 4193mW/4201mW VDD_CPU_GPU_CV 1036mW/1043mW VDD_SOC 1397mW/1399mW
08-09-2026 23:51:58 RAM 3699/7620MB (lfb 7x1MB) SWAP 2/12002MB (cached 0MB) CPU [2%@1510,2%@1510,2%@1510,2%@1510,3%@1510,1%@1510] GR3D_FREQ 0% cpu@46.906C soc2@46.031C soc0@44.437C gpu@46.5C tj@46.906C soc1@44.375C VDD_IN 4193mW/4201mW VDD_CPU_GPU_CV 1036mW/1043mW VDD_SOC 1397mW/1399mW
08-09-2026 23:51:59 RAM 3699/7620MB (lfb 7x1MB) SWAP 2/12002MB (cached 0MB) CPU [2%@1510,1%@1510,1%@1510,1%@1510,3%@1510,1%@1510] GR3D_FREQ 0% cpu@46.781C soc2@46.062C soc0@44.375C gpu@46.531C tj@46.781C soc1@44.375C VDD_IN 4153mW/4200mW VDD_CPU_GPU_CV 1036mW/1043mW VDD_SOC 1397mW/1399mW
08-09-2026 23:52:00 RAM 3699/7620MB (lfb 7x1MB) SWAP 2/12002MB (cached 0MB) CPU [0%@1510,1%@1510,3%@1510,1%@1510,3%@1510,1%@1510] GR3D_FREQ 0% cpu@46.687C soc2@46.093C soc0@44.375C gpu@46C tj@46.687C soc1@44.468C VDD_IN 4193mW/4200mW VDD_CPU_GPU_CV 1036mW/1043mW VDD_SOC 1397mW/1398mW
08-09-2026 23:52:01 RAM 3699/7620MB (lfb 7x1MB) SWAP 2/12002MB (cached 0MB) CPU [2%@1510,1%@1510,2%@1510,2%@1510,3%@1510,1%@1510] GR3D_FREQ 0% cpu@46.875C soc2@46.156C soc0@44.437C gpu@46.156C tj@46.875C soc1@44.468C VDD_IN 4193mW/4200mW VDD_CPU_GPU_CV 1036mW/1043mW VDD_SOC 1397mW/1398mW
08-09-2026 23:52:02 RAM 3700/7620MB (lfb 7x1MB) SWAP 2/12002MB (cached 0MB) CPU [3%@1510,0%@1510,3%@1510,4%@1510,4%@1510,3%@1510] GR3D_FREQ 0% cpu@46.75C soc2@46.125C soc0@44.468C gpu@46.187C tj@46.75C soc1@44.312C VDD_IN 4193mW/4200mW VDD_CPU_GPU_CV 1036mW/1043mW VDD_SOC 1397mW/1398mW
08-09-2026 23:52:03 RAM 3700/7620MB (lfb 7x1MB) SWAP 2/12002MB (cached 0MB) CPU [3%@1510,3%@1510,2%@1510,4%@1510,1%@1510,3%@1510] GR3D_FREQ 0% cpu@47C soc2@46.062C soc0@44.562C gpu@46.25C tj@47C soc1@44.375C VDD_IN 4193mW/4200mW VDD_CPU_GPU_CV 1036mW/1043mW VDD_SOC 1397mW/1398mW
08-09-2026 23:52:04 RAM 3700/7620MB (lfb 7x1MB) SWAP 2/12002MB (cached 0MB) CPU [3%@1510,2%@1510,3%@1510,2%@1510,1%@1510,2%@1510] GR3D_FREQ 0% cpu@46.812C soc2@46.156C soc0@44.375C gpu@46.25C tj@46.781C soc1@44.375C VDD_IN 4153mW/4200mW VDD_CPU_GPU_CV 1036mW/1043mW VDD_SOC 1397mW/1398mW
08-09-2026 23:52:05 RAM 3700/7620MB (lfb 7x1MB) SWAP 2/12002MB (cached 0MB) CPU [1%@1510,1%@1510,1%@1510,5%@1510,2%@1510,2%@1510] GR3D_FREQ 0% cpu@47.093C soc2@46.125C soc0@44.375C gpu@46.25C tj@46.812C soc1@44.437C VDD_IN 4193mW/4200mW VDD_CPU_GPU_CV 1036mW/1042mW VDD_SOC 1397mW/1398mW
08-09-2026 23:52:06 RAM 3700/7620MB (lfb 7x1MB) SWAP 2/12002MB (cached 0MB) CPU [1%@1510,1%@1510,1%@1510,4%@1510,1%@1510,2%@1510] GR3D_FREQ 0% cpu@46.781C soc2@46.156C soc0@44.406C gpu@46.25C tj@46.781C soc1@44.437C VDD_IN 4193mW/4200mW VDD_CPU_GPU_CV 1036mW/1042mW VDD_SOC 1397mW/1398mW
08-09-2026 23:52:07 RAM 3700/7620MB (lfb 7x1MB) SWAP 2/12002MB (cached 0MB) CPU [3%@1510,3%@1510,3%@1510,4%@1510,4%@1510,1%@1510] GR3D_FREQ 0% cpu@46.875C soc2@46.187C soc0@44.375C gpu@46.312C tj@46.875C soc1@44.5C VDD_IN 4193mW/4200mW VDD_CPU_GPU_CV 1036mW/1042mW VDD_SOC 1397mW/1398mW
08-09-2026 23:52:08 RAM 3701/7620MB (lfb 7x1MB) SWAP 2/12002MB (cached 0MB) CPU [1%@1510,1%@1510,3%@1510,4%@1510,2%@1510,2%@1510] GR3D_FREQ 0% cpu@46.937C soc2@46.125C soc0@44.437C gpu@46.281C tj@46.968C soc1@44.531C VDD_IN 4233mW/4200mW VDD_CPU_GPU_CV 1036mW/1042mW VDD_SOC 1397mW/1398mW
08-09-2026 23:52:09 RAM 3701/7620MB (lfb 7x1MB) SWAP 2/12002MB (cached 0MB) CPU [1%@1510,0%@1510,2%@1510,3%@1510,1%@1510,3%@1510] GR3D_FREQ 0% cpu@46.812C soc2@46.031C soc0@44.562C gpu@46.343C tj@46.812C soc1@44.343C VDD_IN 4153mW/4200mW VDD_CPU_GPU_CV 1036mW/1042mW VDD_SOC 1397mW/1398mW
08-09-2026 23:52:10 RAM 3701/7620MB (lfb 7x1MB) SWAP 2/12002MB (cached 0MB) CPU [2%@1510,2%@1510,4%@1510,3%@1510,1%@1510,1%@1510] GR3D_FREQ 0% cpu@46.937C soc2@46.031C soc0@44.406C gpu@46.281C tj@46.937C soc1@44.375C VDD_IN 4193mW/4199mW VDD_CPU_GPU_CV 1036mW/1042mW VDD_SOC 1397mW/1398mW
08-09-2026 23:52:11 RAM 3701/7620MB (lfb 7x1MB) SWAP 2/12002MB (cached 0MB) CPU [1%@1510,0%@1510,1%@1510,4%@1510,3%@1510,3%@1510] GR3D_FREQ 0% cpu@46.625C soc2@46.093C soc0@44.406C gpu@46.25C tj@46.625C soc1@44.375C VDD_IN 4193mW/4199mW VDD_CPU_GPU_CV 1036mW/1042mW VDD_SOC 1397mW/1398mW
08-09-2026 23:52:12 RAM 3701/7620MB (lfb 7x1MB) SWAP 2/12002MB (cached 0MB) CPU [1%@1510,2%@1510,2%@1510,4%@1510,2%@1510,3%@1510] GR3D_FREQ 0% cpu@46.75C soc2@46.187C soc0@44.375C gpu@46.281C tj@46.75C soc1@44.375C VDD_IN 4193mW/4199mW VDD_CPU_GPU_CV 1036mW/1042mW VDD_SOC 1397mW/1398mW
08-09-2026 23:52:13 RAM 3701/7620MB (lfb 7x1MB) SWAP 2/12002MB (cached 0MB) CPU [3%@1510,2%@1510,2%@1510,4%@1510,3%@1510,0%@1510] GR3D_FREQ 0% cpu@46.656C soc2@46.062C soc0@44.312C gpu@46.281C tj@46.906C soc1@44.562C VDD_IN 4193mW/4199mW VDD_CPU_GPU_CV 1036mW/1042mW VDD_SOC 1397mW/1398mW
08-09-2026 23:52:14 RAM 3701/7620MB (lfb 7x1MB) SWAP 2/12002MB (cached 0MB) CPU [2%@1510,2%@1510,2%@1510,2%@1510,2%@1510,1%@1510] GR3D_FREQ 0% cpu@46.687C soc2@46C soc0@44.406C gpu@46.312C tj@46.687C soc1@44.281C VDD_IN 4193mW/4199mW VDD_CPU_GPU_CV 1036mW/1042mW VDD_SOC 1397mW/1398mW
08-09-2026 23:52:15 RAM 3701/7620MB (lfb 7x1MB) SWAP 2/12002MB (cached 0MB) CPU [3%@1510,2%@1510,0%@1510,3%@1510,1%@1510,1%@1510] GR3D_FREQ 0% cpu@46.875C soc2@45.906C soc0@44.437C gpu@46.312C tj@46.875C soc1@44.312C VDD_IN 4153mW/4199mW VDD_CPU_GPU_CV 1036mW/1042mW VDD_SOC 1397mW/1398mW
08-09-2026 23:52:16 RAM 3701/7620MB (lfb 7x1MB) SWAP 2/12002MB (cached 0MB) CPU [2%@1510,1%@1510,2%@1510,3%@1510,1%@1510,1%@1510] GR3D_FREQ 0% cpu@46.625C soc2@45.937C soc0@44.343C gpu@46.281C tj@46.562C soc1@44.218C VDD_IN 4153mW/4199mW VDD_CPU_GPU_CV 1036mW/1042mW VDD_SOC 1397mW/1398mW
08-09-2026 23:52:17 RAM 3701/7620MB (lfb 7x1MB) SWAP 2/12002MB (cached 0MB) CPU [3%@1510,2%@1510,0%@1510,5%@1510,3%@1510,4%@1510] GR3D_FREQ 0% cpu@46.562C soc2@45.937C soc0@44.281C gpu@46.375C tj@46.656C soc1@44.343C VDD_IN 4193mW/4199mW VDD_CPU_GPU_CV 1036mW/1042mW VDD_SOC 1397mW/1398mW
08-09-2026 23:52:18 RAM 3701/7620MB (lfb 7x1MB) SWAP 2/12002MB (cached 0MB) CPU [3%@1510,2%@1510,3%@1510,5%@1510,2%@1510,2%@1510] GR3D_FREQ 0% cpu@46.5C soc2@45.937C soc0@44.375C gpu@45.968C tj@46.5C soc1@44.312C VDD_IN 4233mW/4199mW VDD_CPU_GPU_CV 1036mW/1042mW VDD_SOC 1397mW/1398mW
08-09-2026 23:52:19 RAM 3701/7620MB (lfb 7x1MB) SWAP 2/12002MB (cached 0MB) CPU [1%@1510,1%@1510,2%@1510,4%@1510,1%@1510,3%@1510] GR3D_FREQ 0% cpu@46.593C soc2@45.968C soc0@44.343C gpu@46C tj@46.593C soc1@44.375C VDD_IN 4153mW/4198mW VDD_CPU_GPU_CV 1036mW/1042mW VDD_SOC 1397mW/1398mW
08-09-2026 23:52:20 RAM 3701/7620MB (lfb 7x1MB) SWAP 2/12002MB (cached 0MB) CPU [2%@1510,3%@1510,2%@1510,3%@1510,0%@1510,2%@1510] GR3D_FREQ 0% cpu@46.843C soc2@45.843C soc0@44.437C gpu@45.937C tj@46.843C soc1@44.25C VDD_IN 4153mW/4198mW VDD_CPU_GPU_CV 1036mW/1042mW VDD_SOC 1397mW/1398mW
08-09-2026 23:52:21 RAM 3701/7620MB (lfb 7x1MB) SWAP 2/12002MB (cached 0MB) CPU [2%@1510,2%@1510,1%@1510,3%@1510,1%@1510,2%@1510] GR3D_FREQ 0% cpu@46.75C soc2@45.937C soc0@44.375C gpu@46C tj@46.593C soc1@44.093C VDD_IN 4153mW/4198mW VDD_CPU_GPU_CV 1036mW/1042mW VDD_SOC 1397mW/1398mW
08-09-2026 23:52:22 RAM 3701/7620MB (lfb 7x1MB) SWAP 2/12002MB (cached 0MB) CPU [2%@1510,2%@1510,1%@1510,1%@1510,4%@1510,6%@1510] GR3D_FREQ 0% cpu@46.937C soc2@45.968C soc0@44.281C gpu@46.031C tj@46.937C soc1@44.25C VDD_IN 4193mW/4198mW VDD_CPU_GPU_CV 1036mW/1042mW VDD_SOC 1397mW/1398mW
08-09-2026 23:52:23 RAM 3701/7620MB (lfb 7x1MB) SWAP 2/12002MB (cached 0MB) CPU [2%@1510,2%@1510,1%@1510,2%@1510,3%@1510,3%@1510] GR3D_FREQ 0% cpu@46.562C soc2@45.968C soc0@44.312C gpu@46.062C tj@46.562C soc1@44.312C VDD_IN 4193mW/4198mW VDD_CPU_GPU_CV 1036mW/1042mW VDD_SOC 1397mW/1398mW
08-09-2026 23:52:24 RAM 3701/7620MB (lfb 7x1MB) SWAP 2/12002MB (cached 0MB) CPU [2%@1510,1%@1510,0%@1510,1%@1510,4%@1510,3%@1510] GR3D_FREQ 0% cpu@46.656C soc2@45.968C soc0@44.218C gpu@46.062C tj@46.656C soc1@44.406C VDD_IN 4193mW/4198mW VDD_CPU_GPU_CV 1036mW/1042mW VDD_SOC 1397mW/1398mW
08-09-2026 23:52:25 RAM 3701/7620MB (lfb 7x1MB) SWAP 2/12002MB (cached 0MB) CPU [2%@1510,2%@1510,1%@1510,0%@1510,3%@1510,3%@1510] GR3D_FREQ 0% cpu@46.625C soc2@45.906C soc0@44.312C gpu@46.093C tj@46.812C soc1@44.187C VDD_IN 4193mW/4198mW VDD_CPU_GPU_CV 1036mW/1042mW VDD_SOC 1397mW/1398mW
08-09-2026 23:52:26 RAM 3701/7620MB (lfb 7x1MB) SWAP 2/12002MB (cached 0MB) CPU [1%@1510,2%@1510,0%@1510,1%@1510,3%@1510,2%@1510] GR3D_FREQ 0% cpu@46.718C soc2@45.906C soc0@44.406C gpu@46.093C tj@46.718C soc1@44.156C VDD_IN 4193mW/4198mW VDD_CPU_GPU_CV 1036mW/1041mW VDD_SOC 1397mW/1398mW
08-09-2026 23:52:27 RAM 3701/7620MB (lfb 7x1MB) SWAP 2/12002MB (cached 0MB) CPU [2%@1510,2%@1510,4%@1510,2%@1510,4%@1510,2%@1510] GR3D_FREQ 0% cpu@46.906C soc2@45.906C soc0@44.218C gpu@46.062C tj@46.906C soc1@44.218C VDD_IN 4193mW/4198mW VDD_CPU_GPU_CV 1036mW/1041mW VDD_SOC 1397mW/1398mW
08-09-2026 23:52:28 RAM 3700/7620MB (lfb 7x1MB) SWAP 2/12002MB (cached 0MB) CPU [2%@1510,2%@1510,2%@1510,3%@1510,4%@1510,2%@1510] GR3D_FREQ 0% cpu@46.593C soc2@45.937C soc0@44.25C gpu@46.062C tj@46.593C soc1@44.25C VDD_IN 4193mW/4198mW VDD_CPU_GPU_CV 1036mW/1041mW VDD_SOC 1397mW/1398mW
08-09-2026 23:52:29 RAM 3700/7620MB (lfb 7x1MB) SWAP 2/12002MB (cached 0MB) CPU [2%@1510,2%@1510,0%@1510,3%@1510,2%@1510,0%@1510] GR3D_FREQ 0% cpu@46.625C soc2@46.031C soc0@44.312C gpu@46.093C tj@46.625C soc1@44.281C VDD_IN 4193mW/4197mW VDD_CPU_GPU_CV 1036mW/1041mW VDD_SOC 1397mW/1398mW
08-09-2026 23:52:30 RAM 3700/7620MB (lfb 7x1MB) SWAP 2/12002MB (cached 0MB) CPU [2%@1510,4%@1510,2%@1510,5%@1510,3%@1510,1%@1510] GR3D_FREQ 0% cpu@46.562C soc2@45.968C soc0@44.312C gpu@46.125C tj@46.562C soc1@44.375C VDD_IN 4193mW/4197mW VDD_CPU_GPU_CV 1036mW/1041mW VDD_SOC 1397mW/1398mW
08-09-2026 23:52:31 RAM 3700/7620MB (lfb 7x1MB) SWAP 2/12002MB (cached 0MB) CPU [0%@1510,2%@1510,1%@1510,2%@1510,4%@1510,0%@1510] GR3D_FREQ 0% cpu@46.687C soc2@45.906C soc0@44.375C gpu@46.156C tj@46.687C soc1@44.187C VDD_IN 4153mW/4197mW VDD_CPU_GPU_CV 1036mW/1041mW VDD_SOC 1397mW/1398mW
08-09-2026 23:52:32 RAM 3700/7620MB (lfb 7x1MB) SWAP 2/12002MB (cached 0MB) CPU [2%@1510,1%@1510,1%@1510,7%@1510,5%@1510,2%@1510] GR3D_FREQ 0% cpu@46.906C soc2@45.968C soc0@44.406C gpu@46.187C tj@46.906C soc1@44.187C VDD_IN 4233mW/4197mW VDD_CPU_GPU_CV 1036mW/1041mW VDD_SOC 1397mW/1398mW
08-09-2026 23:52:33 RAM 3700/7620MB (lfb 7x1MB) SWAP 2/12002MB (cached 0MB) CPU [2%@1510,2%@1510,2%@1510,3%@1510,4%@1510,0%@1510] GR3D_FREQ 0% cpu@46.75C soc2@45.875C soc0@44.218C gpu@45.843C tj@46.75C soc1@44.187C VDD_IN 4193mW/4197mW VDD_CPU_GPU_CV 1036mW/1041mW VDD_SOC 1397mW/1398mW
08-09-2026 23:52:34 RAM 3700/7620MB (lfb 7x1MB) SWAP 2/12002MB (cached 0MB) CPU [1%@1510,1%@1510,0%@1510,2%@1510,3%@1510,1%@1510] GR3D_FREQ 0% cpu@46.531C soc2@45.875C soc0@44.281C gpu@45.875C tj@46.531C soc1@44.281C VDD_IN 4153mW/4197mW VDD_CPU_GPU_CV 1036mW/1041mW VDD_SOC 1397mW/1398mW
08-09-2026 23:52:35 RAM 3702/7620MB (lfb 1x4MB) SWAP 2/12002MB (cached 0MB) CPU [4%@1510,0%@1510,0%@1510,3%@1510,4%@1510,0%@1510] GR3D_FREQ 0% cpu@46.531C soc2@45.875C soc0@44.312C gpu@46C tj@46.531C soc1@44.312C VDD_IN 4193mW/4197mW VDD_CPU_GPU_CV 1036mW/1041mW VDD_SOC 1397mW/1398mW
08-09-2026 23:52:36 RAM 3702/7620MB (lfb 1x4MB) SWAP 2/12002MB (cached 0MB) CPU [2%@1510,1%@1510,2%@1510,3%@1510,3%@1510,1%@1510] GR3D_FREQ 0% cpu@46.781C soc2@45.937C soc0@44.375C gpu@45.968C tj@46.781C soc1@44.187C VDD_IN 4193mW/4197mW VDD_CPU_GPU_CV 1036mW/1041mW VDD_SOC 1397mW/1398mW
08-09-2026 23:52:37 RAM 3702/7620MB (lfb 1x4MB) SWAP 2/12002MB (cached 0MB) CPU [2%@1510,2%@1510,2%@1510,4%@1510,6%@1510,2%@1510] GR3D_FREQ 0% cpu@46.937C soc2@45.875C soc0@44.375C gpu@45.968C tj@46.937C soc1@44.25C VDD_IN 4193mW/4197mW VDD_CPU_GPU_CV 1036mW/1041mW VDD_SOC 1397mW/1398mW
08-09-2026 23:52:38 RAM 3702/7620MB (lfb 1x4MB) SWAP 2/12002MB (cached 0MB) CPU [3%@1510,2%@1510,2%@1510,3%@1510,3%@1510,1%@1510] GR3D_FREQ 0% cpu@46.812C soc2@46C soc0@44.312C gpu@45.906C tj@46.812C soc1@44.125C VDD_IN 4193mW/4197mW VDD_CPU_GPU_CV 1036mW/1041mW VDD_SOC 1397mW/1398mW
08-09-2026 23:52:39 RAM 3702/7620MB (lfb 1x4MB) SWAP 2/12002MB (cached 0MB) CPU [1%@1510,3%@1510,2%@1510,4%@1510,1%@1510,2%@1510] GR3D_FREQ 0% cpu@46.531C soc2@45.937C soc0@44.281C gpu@46.031C tj@46.531C soc1@44.25C VDD_IN 4153mW/4197mW VDD_CPU_GPU_CV 1036mW/1041mW VDD_SOC 1397mW/1398mW
08-09-2026 23:52:40 RAM 3702/7620MB (lfb 1x4MB) SWAP 2/12002MB (cached 0MB) CPU [1%@1510,2%@1510,2%@1510,3%@1510,1%@1510,0%@1510] GR3D_FREQ 0% cpu@46.593C soc2@45.968C soc0@44.343C gpu@46.062C tj@46.593C soc1@44.281C VDD_IN 4153mW/4196mW VDD_CPU_GPU_CV 996mW/1041mW VDD_SOC 1397mW/1398mW
08-09-2026 23:52:41 RAM 3702/7620MB (lfb 1x4MB) SWAP 2/12002MB (cached 0MB) CPU [1%@1510,2%@1510,2%@1510,3%@1510,1%@1510,2%@1510] GR3D_FREQ 0% cpu@46.625C soc2@46C soc0@44.343C gpu@46.031C tj@46.687C soc1@44.375C VDD_IN 4153mW/4196mW VDD_CPU_GPU_CV 996mW/1040mW VDD_SOC 1397mW/1398mW
08-09-2026 23:52:42 RAM 3702/7620MB (lfb 1x4MB) SWAP 2/12002MB (cached 0MB) CPU [2%@1510,2%@1510,3%@1510,4%@1510,2%@1510,4%@1510] GR3D_FREQ 0% cpu@46.593C soc2@45.968C soc0@44.312C gpu@46.031C tj@46.593C soc1@44.406C VDD_IN 4193mW/4196mW VDD_CPU_GPU_CV 1036mW/1040mW VDD_SOC 1397mW/1398mW
08-09-2026 23:52:43 RAM 3702/7620MB (lfb 1x4MB) SWAP 2/12002MB (cached 0MB) CPU [1%@1510,4%@1510,3%@1510,4%@1510,1%@1510,1%@1510] GR3D_FREQ 0% cpu@46.781C soc2@45.906C soc0@44.375C gpu@46.093C tj@46.781C soc1@44.187C VDD_IN 4193mW/4196mW VDD_CPU_GPU_CV 1036mW/1040mW VDD_SOC 1397mW/1398mW
08-09-2026 23:52:44 RAM 3702/7620MB (lfb 1x4MB) SWAP 2/12002MB (cached 0MB) CPU [1%@1510,2%@1510,1%@1510,4%@1510,2%@1510,1%@1510] GR3D_FREQ 0% cpu@46.625C soc2@45.968C soc0@44.281C gpu@45.968C tj@46.625C soc1@44.218C VDD_IN 4153mW/4196mW VDD_CPU_GPU_CV 996mW/1040mW VDD_SOC 1397mW/1398mW
08-09-2026 23:52:45 RAM 3702/7620MB (lfb 1x4MB) SWAP 2/12002MB (cached 0MB) CPU [2%@1510,2%@1510,2%@1510,4%@1510,2%@1510,2%@1510] GR3D_FREQ 0% cpu@46.812C soc2@45.906C soc0@44.218C gpu@46.093C tj@46.812C soc1@44.312C VDD_IN 4153mW/4196mW VDD_CPU_GPU_CV 1036mW/1040mW VDD_SOC 1397mW/1398mW
08-09-2026 23:52:46 RAM 3704/7620MB (lfb 1x2MB) SWAP 2/12002MB (cached 0MB) CPU [2%@1510,3%@1510,1%@1510,4%@1510,0%@1510,1%@1510] GR3D_FREQ 0% cpu@46.562C soc2@46.031C soc0@44.312C gpu@46.093C tj@46.562C soc1@44.312C VDD_IN 4153mW/4195mW VDD_CPU_GPU_CV 1036mW/1040mW VDD_SOC 1397mW/1398mW
08-09-2026 23:52:47 RAM 3704/7620MB (lfb 1x2MB) SWAP 2/12002MB (cached 0MB) CPU [1%@1510,3%@1510,1%@1510,4%@1510,4%@1510,4%@1510] GR3D_FREQ 0% cpu@46.562C soc2@46.031C soc0@44.343C gpu@45.906C tj@46.562C soc1@44.312C VDD_IN 4193mW/4195mW VDD_CPU_GPU_CV 1036mW/1040mW VDD_SOC 1397mW/1398mW
08-09-2026 23:52:48 RAM 3704/7620MB (lfb 1x2MB) SWAP 2/12002MB (cached 0MB) CPU [2%@1510,2%@1510,3%@1510,4%@1510,4%@1510,2%@1510] GR3D_FREQ 0% cpu@46.75C soc2@45.937C soc0@44.375C gpu@45.937C tj@46.75C soc1@44.093C VDD_IN 4193mW/4195mW VDD_CPU_GPU_CV 1036mW/1040mW VDD_SOC 1397mW/1398mW
08-09-2026 23:52:49 RAM 3704/7620MB (lfb 1x2MB) SWAP 2/12002MB (cached 0MB) CPU [2%@1510,3%@1510,1%@1510,4%@1510,1%@1510,1%@1510] GR3D_FREQ 0% cpu@46.562C soc2@45.937C soc0@44.312C gpu@45.875C tj@46.562C soc1@44.187C VDD_IN 4193mW/4195mW VDD_CPU_GPU_CV 1036mW/1040mW VDD_SOC 1397mW/1398mW
08-09-2026 23:52:50 RAM 3704/7620MB (lfb 1x2MB) SWAP 2/12002MB (cached 0MB) CPU [3%@1510,2%@1510,2%@1510,3%@1510,1%@1510,2%@1510] GR3D_FREQ 0% cpu@46.937C soc2@45.968C soc0@44.312C gpu@46C tj@46.937C soc1@44.218C VDD_IN 4153mW/4195mW VDD_CPU_GPU_CV 1036mW/1040mW VDD_SOC 1397mW/1398mW
08-09-2026 23:52:51 RAM 3704/7620MB (lfb 1x2MB) SWAP 2/12002MB (cached 0MB) CPU [2%@1510,3%@1510,1%@1510,2%@1510,1%@1510,1%@1510] GR3D_FREQ 0% cpu@46.562C soc2@45.937C soc0@44.281C gpu@45.937C tj@46.562C soc1@44.25C VDD_IN 4153mW/4195mW VDD_CPU_GPU_CV 1036mW/1040mW VDD_SOC 1397mW/1398mW
08-09-2026 23:52:52 RAM 3704/7620MB (lfb 1x2MB) SWAP 2/12002MB (cached 0MB) CPU [3%@1510,2%@1510,2%@1510,4%@1510,3%@1510,5%@1510] GR3D_FREQ 0% cpu@46.687C soc2@46.062C soc0@44.343C gpu@45.937C tj@46.687C soc1@44.375C VDD_IN 4193mW/4195mW VDD_CPU_GPU_CV 1036mW/1040mW VDD_SOC 1397mW/1398mW
08-09-2026 23:52:53 RAM 3704/7620MB (lfb 1x2MB) SWAP 2/12002MB (cached 0MB) CPU [2%@1510,2%@1510,2%@1510,4%@1510,1%@1510,2%@1510] GR3D_FREQ 0% cpu@46.781C soc2@46.062C soc0@44.375C gpu@45.968C tj@46.781C soc1@44.375C VDD_IN 4193mW/4195mW VDD_CPU_GPU_CV 1036mW/1040mW VDD_SOC 1397mW/1398mW
08-09-2026 23:52:54 RAM 3704/7620MB (lfb 1x2MB) SWAP 2/12002MB (cached 0MB) CPU [2%@1510,2%@1510,2%@1510,3%@1510,1%@1510,2%@1510] GR3D_FREQ 0% cpu@46.625C soc2@45.937C soc0@44.406C gpu@45.906C tj@46.625C soc1@44.281C VDD_IN 4193mW/4195mW VDD_CPU_GPU_CV 1036mW/1040mW VDD_SOC 1397mW/1398mW
08-09-2026 23:52:55 RAM 3705/7620MB (lfb 1x2MB) SWAP 2/12002MB (cached 0MB) CPU [1%@1510,1%@1510,1%@1510,3%@1510,2%@1510,0%@1510] GR3D_FREQ 0% cpu@46.875C soc2@45.968C soc0@44.468C gpu@46C tj@46.875C soc1@44.312C VDD_IN 4153mW/4194mW VDD_CPU_GPU_CV 1036mW/1040mW VDD_SOC 1397mW/1398mW
08-09-2026 23:52:56 RAM 3705/7620MB (lfb 1x2MB) SWAP 2/12002MB (cached 0MB) CPU [3%@1510,1%@1510,2%@1510,2%@1510,1%@1510,3%@1510] GR3D_FREQ 0% cpu@46.718C soc2@45.937C soc0@44.281C gpu@45.906C tj@46.718C soc1@44.25C VDD_IN 4153mW/4194mW VDD_CPU_GPU_CV 1036mW/1040mW VDD_SOC 1397mW/1398mW
08-09-2026 23:52:57 RAM 3705/7620MB (lfb 1x2MB) SWAP 2/12002MB (cached 0MB) CPU [2%@1510,2%@1510,3%@1510,4%@1510,5%@1510,2%@1510] GR3D_FREQ 0% cpu@46.625C soc2@46.062C soc0@44.312C gpu@45.937C tj@46.625C soc1@44.312C VDD_IN 4233mW/4194mW VDD_CPU_GPU_CV 1036mW/1040mW VDD_SOC 1397mW/1398mW
08-09-2026 23:52:58 RAM 3705/7620MB (lfb 1x2MB) SWAP 2/12002MB (cached 0MB) CPU [1%@1510,2%@1510,3%@1510,3%@1510,1%@1510,2%@1510] GR3D_FREQ 0% cpu@46.593C soc2@45.968C soc0@44.375C gpu@45.968C tj@46.593C soc1@44.468C VDD_IN 4193mW/4194mW VDD_CPU_GPU_CV 1036mW/1040mW VDD_SOC 1397mW/1398mW
08-09-2026 23:52:59 RAM 3705/7620MB (lfb 1x2MB) SWAP 2/12002MB (cached 0MB) CPU [2%@1510,0%@1510,1%@1510,3%@1510,1%@1510,1%@1510] GR3D_FREQ 0% cpu@46.625C soc2@46.031C soc0@44.343C gpu@46.093C tj@46.625C soc1@44.25C VDD_IN 4153mW/4194mW VDD_CPU_GPU_CV 1036mW/1040mW VDD_SOC 1397mW/1398mW
08-09-2026 23:53:00 RAM 3705/7620MB (lfb 1x2MB) SWAP 2/12002MB (cached 0MB) CPU [2%@1510,3%@1510,2%@1510,2%@1510,3%@1510,3%@1510] GR3D_FREQ 0% cpu@46.812C soc2@45.906C soc0@44.5C gpu@45.937C tj@46.812C soc1@44.25C VDD_IN 4193mW/4194mW VDD_CPU_GPU_CV 1036mW/1040mW VDD_SOC 1397mW/1398mW
08-09-2026 23:53:01 RAM 3705/7620MB (lfb 1x2MB) SWAP 2/12002MB (cached 0MB) CPU [0%@1510,2%@1510,1%@1510,3%@1510,1%@1510,2%@1510] GR3D_FREQ 0% cpu@46.781C soc2@45.937C soc0@44.312C gpu@46.375C tj@46.625C soc1@44.218C VDD_IN 4153mW/4194mW VDD_CPU_GPU_CV 1036mW/1040mW VDD_SOC 1397mW/1398mW
08-09-2026 23:53:02 RAM 3709/7620MB (lfb 7x1MB) SWAP 2/12002MB (cached 0MB) CPU [6%@1510,5%@1510,6%@1510,8%@1510,6%@1510,74%@1510] GR3D_FREQ 0% cpu@47.093C soc2@46.062C soc0@44.312C gpu@46.406C tj@46.843C soc1@44.312C VDD_IN 4960mW/4198mW VDD_CPU_GPU_CV 1505mW/1042mW VDD_SOC 1428mW/1398mW
08-09-2026 23:53:03 RAM 3708/7620MB (lfb 7x1MB) SWAP 2/12002MB (cached 0MB) CPU [2%@1510,2%@1510,3%@1510,3%@1510,1%@1510,13%@1510] GR3D_FREQ 0% cpu@46.593C soc2@46C soc0@44.343C gpu@46.437C tj@46.593C soc1@44.312C VDD_IN 4273mW/4199mW VDD_CPU_GPU_CV 1076mW/1042mW VDD_SOC 1395mW/1398mW
08-09-2026 23:53:04 RAM 3708/7620MB (lfb 7x1MB) SWAP 2/12002MB (cached 0MB) CPU [1%@1510,2%@1510,3%@1510,2%@1510,2%@1510,2%@1510] GR3D_FREQ 0% cpu@46.75C soc2@46.093C soc0@44.375C gpu@45.875C tj@46.75C soc1@44.375C VDD_IN 4153mW/4198mW VDD_CPU_GPU_CV 1036mW/1042mW VDD_SOC 1397mW/1398mW
08-09-2026 23:53:05 RAM 3708/7620MB (lfb 7x1MB) SWAP 2/12002MB (cached 0MB) CPU [2%@1510,1%@1510,2%@1510,3%@1510,1%@1510,0%@1510] GR3D_FREQ 0% cpu@46.843C soc2@45.968C soc0@44.468C gpu@46C tj@46.843C soc1@44.312C VDD_IN 4153mW/4198mW VDD_CPU_GPU_CV 996mW/1042mW VDD_SOC 1397mW/1398mW
08-09-2026 23:53:06 RAM 3708/7620MB (lfb 7x1MB) SWAP 2/12002MB (cached 0MB) CPU [1%@1510,2%@1510,2%@1510,3%@1510,2%@1510,1%@1510] GR3D_FREQ 0% cpu@46.718C soc2@46.031C soc0@44.437C gpu@45.937C tj@46.718C soc1@44.25C VDD_IN 4153mW/4198mW VDD_CPU_GPU_CV 1036mW/1042mW VDD_SOC 1397mW/1398mW
08-09-2026 23:53:07 RAM 3708/7620MB (lfb 7x1MB) SWAP 2/12002MB (cached 0MB) CPU [3%@1510,0%@1510,3%@1510,8%@1510,2%@1510,2%@1510] GR3D_FREQ 0% cpu@46.968C soc2@46C soc0@44.343C gpu@46.062C tj@46.968C soc1@44.343C VDD_IN 4233mW/4198mW VDD_CPU_GPU_CV 1036mW/1042mW VDD_SOC 1397mW/1398mW
08-09-2026 23:53:08 RAM 3708/7620MB (lfb 7x1MB) SWAP 2/12002MB (cached 0MB) CPU [2%@1510,2%@1510,3%@1510,2%@1510,2%@1510,3%@1510] GR3D_FREQ 0% cpu@46.625C soc2@46.093C soc0@44.375C gpu@45.937C tj@46.625C soc1@44.375C VDD_IN 4193mW/4198mW VDD_CPU_GPU_CV 1036mW/1042mW VDD_SOC 1397mW/1398mW
08-09-2026 23:53:09 RAM 3708/7620MB (lfb 7x1MB) SWAP 2/12002MB (cached 0MB) CPU [2%@1510,1%@1510,2%@1510,3%@1510,2%@1510,1%@1510] GR3D_FREQ 0% cpu@46.75C soc2@46.031C soc0@44.281C gpu@45.937C tj@46.75C soc1@44.437C VDD_IN 4153mW/4198mW VDD_CPU_GPU_CV 1036mW/1042mW VDD_SOC 1397mW/1398mW
08-09-2026 23:53:10 RAM 3707/7620MB (lfb 7x1MB) SWAP 2/12002MB (cached 0MB) CPU [1%@1510,2%@1510,4%@1510,3%@1510,3%@1510,2%@1510] GR3D_FREQ 0% cpu@46.937C soc2@46.062C soc0@44.343C gpu@45.906C tj@46.937C soc1@44.218C VDD_IN 4193mW/4198mW VDD_CPU_GPU_CV 1036mW/1042mW VDD_SOC 1397mW/1398mW
08-09-2026 23:53:11 RAM 3707/7620MB (lfb 7x1MB) SWAP 2/12002MB (cached 0MB) CPU [1%@1510,1%@1510,3%@1510,3%@1510,3%@1510,2%@1510] GR3D_FREQ 0% cpu@46.906C soc2@46.031C soc0@44.437C gpu@46.031C tj@46.906C soc1@44.25C VDD_IN 4193mW/4198mW VDD_CPU_GPU_CV 1036mW/1042mW VDD_SOC 1397mW/1398mW
08-09-2026 23:53:12 RAM 3707/7620MB (lfb 7x1MB) SWAP 2/12002MB (cached 0MB) CPU [1%@1510,4%@1510,3%@1510,4%@1510,3%@1510,2%@1510] GR3D_FREQ 0% cpu@46.968C soc2@46.031C soc0@44.281C gpu@45.937C tj@46.968C soc1@44.281C VDD_IN 4193mW/4198mW VDD_CPU_GPU_CV 1036mW/1042mW VDD_SOC 1397mW/1398mW
08-09-2026 23:53:13 RAM 3708/7620MB (lfb 6x1MB) SWAP 2/12002MB (cached 0MB) CPU [1%@1510,2%@1510,4%@1510,3%@1510,1%@1510,2%@1510] GR3D_FREQ 0% cpu@46.625C soc2@45.937C soc0@44.25C gpu@46.187C tj@46.625C soc1@44.25C VDD_IN 4193mW/4198mW VDD_CPU_GPU_CV 1036mW/1042mW VDD_SOC 1397mW/1398mW
08-09-2026 23:53:14 RAM 3708/7620MB (lfb 6x1MB) SWAP 2/12002MB (cached 0MB) CPU [0%@1510,2%@1510,0%@1510,4%@1510,2%@1510,1%@1510] GR3D_FREQ 0% cpu@46.656C soc2@46C soc0@44.343C gpu@46.312C tj@46.656C soc1@44.406C VDD_IN 4193mW/4198mW VDD_CPU_GPU_CV 1036mW/1042mW VDD_SOC 1397mW/1398mW
08-09-2026 23:53:15 RAM 3708/7620MB (lfb 6x1MB) SWAP 2/12002MB (cached 0MB) CPU [2%@1510,2%@1510,4%@1510,4%@1510,1%@1510,1%@1510] GR3D_FREQ 0% cpu@46.656C soc2@46.062C soc0@44.406C gpu@46.187C tj@46.656C soc1@44.375C VDD_IN 4153mW/4197mW VDD_CPU_GPU_CV 1036mW/1042mW VDD_SOC 1397mW/1398mW
08-09-2026 23:53:16 RAM 3708/7620MB (lfb 6x1MB) SWAP 2/12002MB (cached 0MB) CPU [1%@1510,2%@1510,4%@1510,4%@1510,2%@1510,1%@1510] GR3D_FREQ 0% cpu@46.937C soc2@45.968C soc0@44.375C gpu@46.187C tj@46.937C soc1@44.218C VDD_IN 4273mW/4198mW VDD_CPU_GPU_CV 1076mW/1042mW VDD_SOC 1395mW/1398mW
08-09-2026 23:53:17 RAM 3708/7620MB (lfb 6x1MB) SWAP 2/12002MB (cached 0MB) CPU [0%@1510,1%@1510,2%@1510,3%@1510,2%@1510,2%@1510] GR3D_FREQ 0% cpu@46.968C soc2@45.906C soc0@44.468C gpu@46.25C tj@46.968C soc1@44.281C VDD_IN 4233mW/4198mW VDD_CPU_GPU_CV 1036mW/1042mW VDD_SOC 1397mW/1398mW
08-09-2026 23:53:18 RAM 3708/7620MB (lfb 6x1MB) SWAP 2/12002MB (cached 0MB) CPU [2%@1510,2%@1510,2%@1510,3%@1510,3%@1510,4%@1510] GR3D_FREQ 0% cpu@46.718C soc2@46C soc0@44.312C gpu@46.218C tj@46.718C soc1@44.281C VDD_IN 4233mW/4198mW VDD_CPU_GPU_CV 1036mW/1042mW VDD_SOC 1397mW/1398mW
08-09-2026 23:53:19 RAM 3708/7620MB (lfb 6x1MB) SWAP 2/12002MB (cached 0MB) CPU [1%@1510,0%@1510,1%@1510,2%@1510,3%@1510,1%@1510] GR3D_FREQ 0% cpu@46.562C soc2@46C soc0@44.218C gpu@46.281C tj@46.562C soc1@44.218C VDD_IN 4153mW/4198mW VDD_CPU_GPU_CV 1036mW/1042mW VDD_SOC 1397mW/1398mW
08-09-2026 23:53:20 RAM 3708/7620MB (lfb 6x1MB) SWAP 2/12002MB (cached 0MB) CPU [2%@1510,0%@1510,1%@1510,3%@1510,2%@1510,1%@1510] GR3D_FREQ 0% cpu@46.593C soc2@46C soc0@44.281C gpu@46.343C tj@46.593C soc1@44.375C VDD_IN 4153mW/4198mW VDD_CPU_GPU_CV 1036mW/1042mW VDD_SOC 1397mW/1398mW
08-09-2026 23:53:21 RAM 3708/7620MB (lfb 6x1MB) SWAP 2/12002MB (cached 0MB) CPU [3%@1510,1%@1510,1%@1510,6%@1510,3%@1510,5%@1510] GR3D_FREQ 0% cpu@46.812C soc2@46.062C soc0@44.343C gpu@46.25C tj@46.812C soc1@44.406C VDD_IN 4273mW/4198mW VDD_CPU_GPU_CV 1076mW/1042mW VDD_SOC 1395mW/1398mW
08-09-2026 23:53:22 RAM 3709/7620MB (lfb 6x1MB) SWAP 2/12002MB (cached 0MB) CPU [1%@1510,1%@1510,2%@1510,3%@1510,2%@1510,1%@1510] GR3D_FREQ 0% cpu@46.968C soc2@45.968C soc0@44.406C gpu@46.437C tj@46.968C soc1@44.125C VDD_IN 4233mW/4198mW VDD_CPU_GPU_CV 1036mW/1042mW VDD_SOC 1397mW/1398mW
08-09-2026 23:53:23 RAM 3709/7620MB (lfb 6x1MB) SWAP 2/12002MB (cached 0MB) CPU [2%@1510,1%@1510,3%@1510,3%@1510,1%@1510,2%@1510] GR3D_FREQ 0% cpu@46.812C soc2@45.875C soc0@44.187C gpu@46.375C tj@46.812C soc1@44.218C VDD_IN 4193mW/4198mW VDD_CPU_GPU_CV 1036mW/1042mW VDD_SOC 1397mW/1398mW
08-09-2026 23:53:24 RAM 3708/7620MB (lfb 6x1MB) SWAP 2/12002MB (cached 0MB) CPU [1%@1510,2%@1510,2%@1510,4%@1510,2%@1510,2%@1510] GR3D_FREQ 0% cpu@46.593C soc2@45.968C soc0@44.343C gpu@46.375C tj@46.531C soc1@44.312C VDD_IN 4193mW/4198mW VDD_CPU_GPU_CV 1036mW/1042mW VDD_SOC 1397mW/1398mW
08-09-2026 23:53:25 RAM 3708/7620MB (lfb 6x1MB) SWAP 2/12002MB (cached 0MB) CPU [2%@1510,2%@1510,2%@1510,3%@1510,1%@1510,1%@1510] GR3D_FREQ 0% cpu@46.562C soc2@45.968C soc0@44.187C gpu@45.875C tj@46.562C soc1@44.343C VDD_IN 4153mW/4198mW VDD_CPU_GPU_CV 1036mW/1042mW VDD_SOC 1397mW/1398mW
08-09-2026 23:53:26 RAM 3709/7620MB (lfb 6x1MB) SWAP 2/12002MB (cached 0MB) CPU [2%@1510,2%@1510,4%@1510,5%@1510,2%@1510,2%@1510] GR3D_FREQ 0% cpu@46.718C soc2@46C soc0@44.375C gpu@46.031C tj@46.718C soc1@44.343C VDD_IN 4273mW/4198mW VDD_CPU_GPU_CV 1076mW/1042mW VDD_SOC 1395mW/1398mW
08-09-2026 23:53:27 RAM 3710/7620MB (lfb 1x4MB) SWAP 2/12002MB (cached 0MB) CPU [3%@1510,2%@1510,2%@1510,3%@1510,0%@1510,2%@1510] GR3D_FREQ 0% cpu@46.593C soc2@45.875C soc0@44.406C gpu@46.031C tj@46.593C soc1@44.156C VDD_IN 4233mW/4198mW VDD_CPU_GPU_CV 1036mW/1042mW VDD_SOC 1397mW/1398mW
08-09-2026 23:53:28 RAM 3709/7620MB (lfb 1x4MB) SWAP 2/12002MB (cached 0MB) CPU [1%@1510,2%@1510,1%@1510,3%@1510,3%@1510,2%@1510] GR3D_FREQ 0% cpu@46.718C soc2@45.968C soc0@44.406C gpu@46.093C tj@46.718C soc1@44.218C VDD_IN 4193mW/4198mW VDD_CPU_GPU_CV 1036mW/1042mW VDD_SOC 1397mW/1398mW
08-09-2026 23:53:29 RAM 3709/7620MB (lfb 1x4MB) SWAP 2/12002MB (cached 0MB) CPU [2%@1510,2%@1510,1%@1510,2%@1510,0%@1510,2%@1510] GR3D_FREQ 0% cpu@46.562C soc2@45.875C soc0@44.25C gpu@46.093C tj@46.562C soc1@44.218C VDD_IN 4153mW/4198mW VDD_CPU_GPU_CV 1036mW/1042mW VDD_SOC 1397mW/1398mW
08-09-2026 23:53:30 RAM 3709/7620MB (lfb 1x4MB) SWAP 2/12002MB (cached 0MB) CPU [1%@1510,1%@1510,1%@1510,4%@1510,3%@1510,1%@1510] GR3D_FREQ 0% cpu@46.843C soc2@45.968C soc0@44.25C gpu@46.125C tj@46.593C soc1@44.281C VDD_IN 4153mW/4198mW VDD_CPU_GPU_CV 1036mW/1042mW VDD_SOC 1397mW/1398mW
08-09-2026 23:53:31 RAM 3710/7620MB (lfb 1x4MB) SWAP 2/12002MB (cached 0MB) CPU [1%@1510,3%@1510,3%@1510,3%@1510,4%@1510,3%@1510] GR3D_FREQ 0% cpu@46.75C soc2@46.031C soc0@44.312C gpu@46.125C tj@46.75C soc1@44.375C VDD_IN 4273mW/4198mW VDD_CPU_GPU_CV 1076mW/1042mW VDD_SOC 1395mW/1398mW
08-09-2026 23:53:32 RAM 3711/7620MB (lfb 1x4MB) SWAP 2/12002MB (cached 0MB) CPU [2%@1510,1%@1510,1%@1510,4%@1510,3%@1510,2%@1510] GR3D_FREQ 0% cpu@46.656C soc2@46.125C soc0@44.406C gpu@46.093C tj@46.656C soc1@44.468C VDD_IN 4233mW/4198mW VDD_CPU_GPU_CV 1036mW/1042mW VDD_SOC 1397mW/1398mW
08-09-2026 23:53:33 RAM 3711/7620MB (lfb 1x4MB) SWAP 2/12002MB (cached 0MB) CPU [2%@1510,1%@1510,2%@1510,3%@1510,2%@1510,0%@1510] GR3D_FREQ 0% cpu@46.812C soc2@45.906C soc0@44.406C gpu@46.125C tj@46.812C soc1@44.312C VDD_IN 4193mW/4198mW VDD_CPU_GPU_CV 1036mW/1042mW VDD_SOC 1397mW/1398mW
08-09-2026 23:53:34 RAM 3711/7620MB (lfb 1x4MB) SWAP 2/12002MB (cached 0MB) CPU [0%@1510,2%@1510,1%@1510,3%@1510,1%@1510,1%@1510] GR3D_FREQ 0% cpu@46.625C soc2@46.031C soc0@44.437C gpu@46.187C tj@46.625C soc1@44.343C VDD_IN 4153mW/4198mW VDD_CPU_GPU_CV 1036mW/1042mW VDD_SOC 1397mW/1398mW
08-09-2026 23:53:35 RAM 3711/7620MB (lfb 1x4MB) SWAP 2/12002MB (cached 0MB) CPU [1%@1510,1%@1510,1%@1510,2%@1510,2%@1510,1%@1510] GR3D_FREQ 0% cpu@46.843C soc2@45.937C soc0@44.343C gpu@46.218C tj@46.843C soc1@44.375C VDD_IN 4153mW/4198mW VDD_CPU_GPU_CV 1036mW/1042mW VDD_SOC 1397mW/1398mW
08-09-2026 23:53:36 RAM 3711/7620MB (lfb 1x4MB) SWAP 2/12002MB (cached 0MB) CPU [2%@1510,2%@1510,3%@1510,4%@1510,3%@1510,6%@1510] GR3D_FREQ 0% cpu@46.625C soc2@46.093C soc0@44.375C gpu@45.968C tj@46.625C soc1@44.343C VDD_IN 4273mW/4198mW VDD_CPU_GPU_CV 1076mW/1042mW VDD_SOC 1397mW/1398mW
08-09-2026 23:53:37 RAM 3712/7620MB (lfb 1x4MB) SWAP 2/12002MB (cached 0MB) CPU [1%@1510,2%@1510,2%@1510,1%@1510,4%@1510,1%@1510] GR3D_FREQ 0% cpu@46.625C soc2@45.937C soc0@44.343C gpu@46.031C tj@46.625C soc1@44.406C VDD_IN 4233mW/4199mW VDD_CPU_GPU_CV 1076mW/1042mW VDD_SOC 1397mW/1398mW
08-09-2026 23:53:38 RAM 3712/7620MB (lfb 1x4MB) SWAP 2/12002MB (cached 0MB) CPU [2%@1510,1%@1510,1%@1510,1%@1510,3%@1510,2%@1510] GR3D_FREQ 0% cpu@46.718C soc2@46.062C soc0@44.343C gpu@45.906C tj@46.718C soc1@44.25C VDD_IN 4193mW/4199mW VDD_CPU_GPU_CV 1036mW/1042mW VDD_SOC 1397mW/1398mW
08-09-2026 23:53:39 RAM 3712/7620MB (lfb 1x4MB) SWAP 2/12002MB (cached 0MB) CPU [2%@1510,3%@1510,1%@1510,1%@1510,3%@1510,1%@1510] GR3D_FREQ 0% cpu@46.593C soc2@45.906C soc0@44.562C gpu@46.062C tj@46.593C soc1@44.281C VDD_IN 4193mW/4198mW VDD_CPU_GPU_CV 1036mW/1042mW VDD_SOC 1397mW/1398mW
08-09-2026 23:53:40 RAM 3712/7620MB (lfb 1x4MB) SWAP 2/12002MB (cached 0MB) CPU [2%@1510,0%@1510,1%@1510,0%@1510,3%@1510,2%@1510] GR3D_FREQ 0% cpu@46.843C soc2@46.031C soc0@44.218C gpu@46C tj@46.843C soc1@44.281C VDD_IN 4153mW/4198mW VDD_CPU_GPU_CV 1036mW/1042mW VDD_SOC 1397mW/1398mW
08-09-2026 23:53:41 RAM 3712/7620MB (lfb 1x4MB) SWAP 2/12002MB (cached 0MB) CPU [2%@1510,1%@1510,4%@1510,3%@1510,4%@1510,4%@1510] GR3D_FREQ 0% cpu@46.625C soc2@46.031C soc0@44.281C gpu@46.031C tj@46.625C soc1@44.281C VDD_IN 4233mW/4198mW VDD_CPU_GPU_CV 1076mW/1042mW VDD_SOC 1397mW/1398mW
08-09-2026 23:53:42 RAM 3712/7620MB (lfb 1x4MB) SWAP 2/12002MB (cached 0MB) CPU [3%@1510,1%@1510,2%@1510,3%@1510,3%@1510,2%@1510] GR3D_FREQ 0% cpu@46.625C soc2@45.968C soc0@44.375C gpu@45.968C tj@46.625C soc1@44.375C VDD_IN 4233mW/4199mW VDD_CPU_GPU_CV 1036mW/1042mW VDD_SOC 1397mW/1398mW
08-09-2026 23:53:43 RAM 3713/7620MB (lfb 1x4MB) SWAP 2/12002MB (cached 0MB) CPU [1%@1510,3%@1510,1%@1510,3%@1510,3%@1510,1%@1510] GR3D_FREQ 0% cpu@46.812C soc2@46.062C soc0@44.406C gpu@46.062C tj@46.812C soc1@44.218C VDD_IN 4193mW/4199mW VDD_CPU_GPU_CV 1036mW/1042mW VDD_SOC 1397mW/1398mW
08-09-2026 23:53:44 RAM 3713/7620MB (lfb 1x4MB) SWAP 2/12002MB (cached 0MB) CPU [1%@1510,3%@1510,0%@1510,2%@1510,4%@1510,2%@1510] GR3D_FREQ 0% cpu@46.75C soc2@45.937C soc0@44.375C gpu@45.906C tj@47C soc1@44.218C VDD_IN 4193mW/4199mW VDD_CPU_GPU_CV 1036mW/1042mW VDD_SOC 1397mW/1398mW
08-09-2026 23:53:45 RAM 3713/7620MB (lfb 1x4MB) SWAP 2/12002MB (cached 0MB) CPU [1%@1510,3%@1510,1%@1510,2%@1510,3%@1510,1%@1510] GR3D_FREQ 0% cpu@46.812C soc2@46C soc0@44.375C gpu@46.093C tj@46.812C soc1@44.218C VDD_IN 4153mW/4198mW VDD_CPU_GPU_CV 1036mW/1042mW VDD_SOC 1397mW/1398mW
08-09-2026 23:53:46 RAM 3712/7620MB (lfb 1x4MB) SWAP 2/12002MB (cached 0MB) CPU [1%@1510,2%@1510,4%@1510,2%@1510,4%@1510,3%@1510] GR3D_FREQ 0% cpu@46.656C soc2@45.968C soc0@44.312C gpu@46.031C tj@46.656C soc1@44.281C VDD_IN 4233mW/4198mW VDD_CPU_GPU_CV 1076mW/1042mW VDD_SOC 1397mW/1398mW
08-09-2026 23:53:47 RAM 3712/7620MB (lfb 1x4MB) SWAP 2/12002MB (cached 0MB) CPU [1%@1510,1%@1510,2%@1510,2%@1510,4%@1510,2%@1510] GR3D_FREQ 0% cpu@46.625C soc2@46.125C soc0@44.312C gpu@46.093C tj@46.625C soc1@44.375C VDD_IN 4193mW/4198mW VDD_CPU_GPU_CV 1036mW/1042mW VDD_SOC 1397mW/1398mW
08-09-2026 23:53:48 RAM 3712/7620MB (lfb 1x4MB) SWAP 2/12002MB (cached 0MB) CPU [2%@1510,3%@1510,0%@1510,1%@1510,3%@1510,3%@1510] GR3D_FREQ 0% cpu@46.812C soc2@46.062C soc0@44.343C gpu@45.875C tj@46.812C soc1@44.406C VDD_IN 4193mW/4198mW VDD_CPU_GPU_CV 1036mW/1042mW VDD_SOC 1397mW/1398mW
08-09-2026 23:53:49 RAM 3712/7620MB (lfb 1x4MB) SWAP 2/12002MB (cached 0MB) CPU [2%@1510,2%@1510,3%@1510,0%@1510,3%@1510,3%@1510] GR3D_FREQ 0% cpu@46.687C soc2@46C soc0@44.375C gpu@46.031C tj@46.687C soc1@44.156C VDD_IN 4153mW/4198mW VDD_CPU_GPU_CV 1036mW/1042mW VDD_SOC 1397mW/1398mW
08-09-2026 23:53:50 RAM 3712/7620MB (lfb 1x4MB) SWAP 2/12002MB (cached 0MB) CPU [3%@1510,1%@1510,2%@1510,1%@1510,3%@1510,1%@1510] GR3D_FREQ 0% cpu@46.843C soc2@46C soc0@44.5C gpu@45.937C tj@46.843C soc1@44.25C VDD_IN 4153mW/4198mW VDD_CPU_GPU_CV 996mW/1042mW VDD_SOC 1397mW/1398mW
08-09-2026 23:53:51 RAM 3712/7620MB (lfb 1x4MB) SWAP 2/12002MB (cached 0MB) CPU [3%@1510,1%@1510,4%@1510,3%@1510,4%@1510,2%@1510] GR3D_FREQ 0% cpu@46.687C soc2@45.937C soc0@44.375C gpu@45.937C tj@46.687C soc1@44.281C VDD_IN 4233mW/4198mW VDD_CPU_GPU_CV 1076mW/1042mW VDD_SOC 1397mW/1398mW
08-09-2026 23:53:52 RAM 3711/7620MB (lfb 1x4MB) SWAP 2/12002MB (cached 0MB) CPU [12%@1510,8%@1510,1%@1510,8%@1510,12%@1510,9%@1510] GR3D_FREQ 0% cpu@46.843C soc2@46C soc0@44.375C gpu@45.968C tj@46.875C soc1@44.281C VDD_IN 4625mW/4200mW VDD_CPU_GPU_CV 1313mW/1043mW VDD_SOC 1435mW/1398mW
08-09-2026 23:53:53 RAM 3711/7620MB (lfb 1x4MB) SWAP 2/12002MB (cached 0MB) CPU [4%@1510,1%@1510,2%@1510,2%@1510,3%@1510,1%@1510] GR3D_FREQ 0% cpu@46.687C soc2@46.062C soc0@44.343C gpu@45.937C tj@46.781C soc1@44.406C VDD_IN 4233mW/4200mW VDD_CPU_GPU_CV 1036mW/1043mW VDD_SOC 1397mW/1398mW
08-09-2026 23:53:54 RAM 3711/7620MB (lfb 1x4MB) SWAP 2/12002MB (cached 0MB) CPU [3%@1510,1%@1510,1%@1510,3%@1510,4%@1510,1%@1510] GR3D_FREQ 0% cpu@46.656C soc2@46.062C soc0@44.437C gpu@45.968C tj@46.656C soc1@44.281C VDD_IN 4193mW/4200mW VDD_CPU_GPU_CV 1036mW/1043mW VDD_SOC 1397mW/1398mW
08-09-2026 23:53:55 RAM 3711/7620MB (lfb 1x4MB) SWAP 2/12002MB (cached 0MB) CPU [2%@1510,1%@1510,2%@1510,2%@1510,2%@1510,2%@1510] GR3D_FREQ 0% cpu@46.875C soc2@46.093C soc0@44.406C gpu@45.968C tj@46.875C soc1@44.343C VDD_IN 4153mW/4200mW VDD_CPU_GPU_CV 1036mW/1043mW VDD_SOC 1397mW/1398mW
08-09-2026 23:53:56 RAM 3712/7620MB (lfb 1x4MB) SWAP 2/12002MB (cached 0MB) CPU [3%@1510,0%@1510,3%@1510,1%@1510,5%@1510,2%@1510] GR3D_FREQ 0% cpu@46.656C soc2@46C soc0@44.312C gpu@46.218C tj@46.656C soc1@44.343C VDD_IN 4233mW/4200mW VDD_CPU_GPU_CV 1076mW/1043mW VDD_SOC 1397mW/1398mW
08-09-2026 23:53:57 RAM 3712/7620MB (lfb 1x4MB) SWAP 2/12002MB (cached 0MB) CPU [2%@1510,2%@1510,3%@1510,1%@1510,4%@1510,3%@1510] GR3D_FREQ 0% cpu@46.656C soc2@46C soc0@44.343C gpu@46.156C tj@46.656C soc1@44.312C VDD_IN 4193mW/4200mW VDD_CPU_GPU_CV 1036mW/1043mW VDD_SOC 1397mW/1398mW
08-09-2026 23:53:58 RAM 3712/7620MB (lfb 1x4MB) SWAP 2/12002MB (cached 0MB) CPU [1%@1510,1%@1510,1%@1510,0%@1510,2%@1510,2%@1510] GR3D_FREQ 0% cpu@46.656C soc2@46.093C soc0@44.375C gpu@46.281C tj@46.656C soc1@44.343C VDD_IN 4193mW/4200mW VDD_CPU_GPU_CV 1036mW/1043mW VDD_SOC 1397mW/1398mW
08-09-2026 23:53:59 RAM 3712/7620MB (lfb 1x4MB) SWAP 2/12002MB (cached 0MB) CPU [3%@1510,1%@1510,1%@1510,3%@1510,5%@1510,2%@1510] GR3D_FREQ 0% cpu@46.718C soc2@46.031C soc0@44.343C gpu@46.187C tj@46.718C soc1@44.187C VDD_IN 4193mW/4200mW VDD_CPU_GPU_CV 1036mW/1043mW VDD_SOC 1397mW/1398mW
08-09-2026 23:54:00 RAM 3712/7620MB (lfb 1x4MB) SWAP 2/12002MB (cached 0MB) CPU [1%@1510,1%@1510,1%@1510,28%@1510,2%@1510,1%@1510] GR3D_FREQ 0% cpu@47.062C soc2@45.968C soc0@44.406C gpu@46.25C tj@47.062C soc1@44.218C VDD_IN 4577mW/4202mW VDD_CPU_GPU_CV 1271mW/1044mW VDD_SOC 1433mW/1398mW
08-09-2026 23:54:01 RAM 3713/7620MB (lfb 1x4MB) SWAP 2/12002MB (cached 0MB) CPU [1%@1510,1%@1510,3%@1510,9%@1510,0%@1510,1%@1510] GR3D_FREQ 0% cpu@46.656C soc2@45.937C soc0@44.437C gpu@46.312C tj@46.656C soc1@44.281C VDD_IN 4233mW/4202mW VDD_CPU_GPU_CV 1036mW/1044mW VDD_SOC 1395mW/1398mW
08-09-2026 23:54:03 RAM 3712/7620MB (lfb 1x4MB) SWAP 2/12002MB (cached 0MB) CPU [1%@1510,1%@1510,0%@1510,1%@1510,1%@1510,1%@1510] GR3D_FREQ 0% cpu@46.968C soc2@46.031C soc0@44.343C gpu@46.312C tj@46.968C soc1@44.281C VDD_IN 4273mW/4202mW VDD_CPU_GPU_CV 996mW/1044mW VDD_SOC 1397mW/1398mW
08-09-2026 23:54:04 RAM 3712/7620MB (lfb 1x4MB) SWAP 2/12002MB (cached 0MB) CPU [0%@1510,0%@1510,0%@1510,0%@1510,1%@1510,0%@1510] GR3D_FREQ 0% cpu@46.625C soc2@46.062C soc0@44.312C gpu@46.312C tj@46.625C soc1@44.343C VDD_IN 4153mW/4202mW VDD_CPU_GPU_CV 996mW/1044mW VDD_SOC 1397mW/1398mW
08-09-2026 23:54:05 RAM 3712/7620MB (lfb 1x4MB) SWAP 2/12002MB (cached 0MB) CPU [1%@1510,1%@1510,0%@1510,0%@1510,0%@1510,0%@1510] GR3D_FREQ 0% cpu@46.625C soc2@46.093C soc0@44.375C gpu@46.375C tj@46.625C soc1@44.406C VDD_IN 4113mW/4201mW VDD_CPU_GPU_CV 996mW/1044mW VDD_SOC 1397mW/1398mW
08-09-2026 23:54:06 RAM 3712/7620MB (lfb 1x4MB) SWAP 2/12002MB (cached 0MB) CPU [0%@1510,0%@1510,0%@1510,0%@1510,0%@1510,0%@1510] GR3D_FREQ 0% cpu@46.656C soc2@46.093C soc0@44.406C gpu@46.375C tj@46.656C soc1@44.468C VDD_IN 4113mW/4201mW VDD_CPU_GPU_CV 996mW/1043mW VDD_SOC 1397mW/1398mW
08-09-2026 23:54:07 RAM 3712/7620MB (lfb 1x4MB) SWAP 2/12002MB (cached 0MB) CPU [2%@1510,1%@1510,1%@1510,1%@1510,1%@1510,2%@1510] GR3D_FREQ 0% cpu@46.718C soc2@46.031C soc0@44.437C gpu@46.406C tj@46.718C soc1@44.281C VDD_IN 4153mW/4201mW VDD_CPU_GPU_CV 996mW/1043mW VDD_SOC 1397mW/1398mW
08-09-2026 23:54:08 RAM 3712/7620MB (lfb 1x4MB) SWAP 2/12002MB (cached 0MB) CPU [1%@1510,0%@1510,1%@1510,0%@1510,2%@1510,0%@1510] GR3D_FREQ 0% cpu@47C soc2@45.968C soc0@44.531C gpu@46.468C tj@47C soc1@44.375C VDD_IN 4153mW/4201mW VDD_CPU_GPU_CV 996mW/1043mW VDD_SOC 1397mW/1398mW
08-09-2026 23:54:09 RAM 3712/7620MB (lfb 1x4MB) SWAP 2/12002MB (cached 0MB) CPU [0%@1510,0%@1510,0%@1510,0%@1510,1%@1510,0%@1510] GR3D_FREQ 0% cpu@46.718C soc2@46.062C soc0@44.281C gpu@45.937C tj@46.718C soc1@44.312C VDD_IN 4113mW/4200mW VDD_CPU_GPU_CV 996mW/1043mW VDD_SOC 1397mW/1398mW
08-09-2026 23:54:10 RAM 3712/7620MB (lfb 1x4MB) SWAP 2/12002MB (cached 0MB) CPU [1%@1510,1%@1510,1%@1510,0%@1510,0%@1510,0%@1510] GR3D_FREQ 0% cpu@46.625C soc2@46.031C soc0@44.312C gpu@45.875C tj@46.625C soc1@44.312C VDD_IN 4113mW/4200mW VDD_CPU_GPU_CV 996mW/1043mW VDD_SOC 1397mW/1398mW
08-09-2026 23:54:11 RAM 3068/7620MB (lfb 23x4MB) SWAP 2/12002MB (cached 0MB) CPU [1%@1510,0%@1510,0%@1510,4%@1510,0%@1510,4%@1510] GR3D_FREQ 0% cpu@46.625C soc2@45.937C soc0@44.343C gpu@45.875C tj@46.625C soc1@44.375C VDD_IN 4193mW/4200mW VDD_CPU_GPU_CV 1036mW/1043mW VDD_SOC 1397mW/1398mW
08-09-2026 23:54:12 RAM 3069/7620MB (lfb 23x4MB) SWAP 2/12002MB (cached 0MB) CPU [1%@1510,1%@1510,1%@1510,0%@1510,5%@1510,1%@1510] GR3D_FREQ 0% cpu@46.75C soc2@46.062C soc0@44.375C gpu@45.937C tj@46.75C soc1@44.375C VDD_IN 4153mW/4200mW VDD_CPU_GPU_CV 996mW/1042mW VDD_SOC 1397mW/1398mW
08-09-2026 23:54:13 RAM 3069/7620MB (lfb 23x4MB) SWAP 2/12002MB (cached 0MB) CPU [1%@1510,1%@1510,1%@1510,0%@1510,1%@1510,0%@1510] GR3D_FREQ 0% cpu@46.687C soc2@46.156C soc0@44.437C gpu@45.968C tj@46.687C soc1@44.25C VDD_IN 4153mW/4200mW VDD_CPU_GPU_CV 996mW/1042mW VDD_SOC 1397mW/1398mW
08-09-2026 23:54:14 RAM 3069/7620MB (lfb 23x4MB) SWAP 2/12002MB (cached 0MB) CPU [0%@1510,0%@1510,0%@1510,0%@1510,0%@1510,0%@1510] GR3D_FREQ 0% cpu@46.781C soc2@46.031C soc0@44.375C gpu@45.906C tj@46.781C soc1@44.312C VDD_IN 4113mW/4199mW VDD_CPU_GPU_CV 996mW/1042mW VDD_SOC 1397mW/1398mW
