08-09-2026 23:24:39 RAM 3058/7620MB (lfb 25x4MB) SWAP 2/12002MB (cached 0MB) CPU [1%@1510,1%@1510,0%@1510,0%@1510,0%@1510,0%@1510] GR3D_FREQ 0% cpu@46.968C soc2@46.343C soc0@44.843C gpu@46.468C tj@46.968C soc1@44.687C VDD_IN 4113mW/4113mW VDD_CPU_GPU_CV 996mW/996mW VDD_SOC 1397mW/1397mW
08-09-2026 23:24:40 RAM 3058/7620MB (lfb 25x4MB) SWAP 2/12002MB (cached 0MB) CPU [1%@1510,0%@1510,0%@1510,0%@1510,1%@1510,0%@1510] GR3D_FREQ 0% cpu@47.218C soc2@46.375C soc0@44.656C gpu@46.343C tj@47.218C soc1@44.625C VDD_IN 4073mW/4093mW VDD_CPU_GPU_CV 956mW/976mW VDD_SOC 1397mW/1397mW
08-09-2026 23:24:41 RAM 3058/7620MB (lfb 25x4MB) SWAP 2/12002MB (cached 0MB) CPU [0%@1510,2%@1510,0%@1510,0%@1510,0%@1510,0%@1510] GR3D_FREQ 0% cpu@47.093C soc2@46.375C soc0@44.625C gpu@46.312C tj@46.875C soc1@44.687C VDD_IN 4073mW/4086mW VDD_CPU_GPU_CV 956mW/969mW VDD_SOC 1397mW/1397mW
08-09-2026 23:24:42 RAM 3058/7620MB (lfb 25x4MB) SWAP 2/12002MB (cached 0MB) CPU [2%@1510,1%@1510,1%@1510,0%@1510,1%@1510,3%@1510] GR3D_FREQ 0% cpu@47.093C soc2@46.5C soc0@44.656C gpu@46.375C tj@47.093C soc1@44.781C VDD_IN 4153mW/4103mW VDD_CPU_GPU_CV 996mW/976mW VDD_SOC 1397mW/1397mW
08-09-2026 23:24:43 RAM 3058/7620MB (lfb 25x4MB) SWAP 2/12002MB (cached 0MB) CPU [1%@1510,1%@1510,0%@1510,1%@1510,1%@1510,0%@1510] GR3D_FREQ 0% cpu@47.125C soc2@46.437C soc0@44.75C gpu@46.343C tj@47.125C soc1@44.843C VDD_IN 4113mW/4105mW VDD_CPU_GPU_CV 996mW/980mW VDD_SOC 1397mW/1397mW
08-09-2026 23:24:44 RAM 3058/7620MB (lfb 25x4MB) SWAP 2/12002MB (cached 0MB) CPU [1%@1510,0%@1510,0%@1510,0%@1510,0%@1510,0%@1510] GR3D_FREQ 0% cpu@47.062C soc2@46.375C soc0@44.781C gpu@46.343C tj@47.062C soc1@44.718C VDD_IN 4073mW/4099mW VDD_CPU_GPU_CV 956mW/976mW VDD_SOC 1397mW/1397mW
08-09-2026 23:24:45 RAM 3058/7620MB (lfb 25x4MB) SWAP 2/12002MB (cached 0MB) CPU [1%@1510,0%@1510,0%@1510,0%@1510,1%@1510,0%@1510] GR3D_FREQ 0% cpu@47.25C soc2@46.375C soc0@44.875C gpu@46.343C tj@47.25C soc1@44.687C VDD_IN 4073mW/4095mW VDD_CPU_GPU_CV 956mW/973mW VDD_SOC 1397mW/1397mW
08-09-2026 23:24:46 RAM 3058/7620MB (lfb 25x4MB) SWAP 2/12002MB (cached 0MB) CPU [0%@1510,1%@1510,0%@1510,2%@1510,1%@1510,10%@1510] GR3D_FREQ 0% cpu@47.031C soc2@46.406C soc0@44.625C gpu@46.312C tj@47.031C soc1@44.656C VDD_IN 4153mW/4103mW VDD_CPU_GPU_CV 996mW/976mW VDD_SOC 1397mW/1397mW
08-09-2026 23:24:47 RAM 3058/7620MB (lfb 25x4MB) SWAP 2/12002MB (cached 0MB) CPU [1%@1510,0%@1510,0%@1510,0%@1510,0%@1510,0%@1510] GR3D_FREQ 0% cpu@47C soc2@46.437C soc0@44.656C gpu@46.312C tj@47C soc1@44.718C VDD_IN 4073mW/4099mW VDD_CPU_GPU_CV 956mW/973mW VDD_SOC 1397mW/1397mW
08-09-2026 23:24:48 RAM 3058/7620MB (lfb 25x4MB) SWAP 2/12002MB (cached 0MB) CPU [0%@1510,1%@1510,1%@1510,0%@1510,11%@1510,0%@1510] GR3D_FREQ 0% cpu@46.968C soc2@46.437C soc0@44.687C gpu@46.375C tj@46.968C soc1@44.75C VDD_IN 4153mW/4105mW VDD_CPU_GPU_CV 996mW/976mW VDD_SOC 1397mW/1397mW
08-09-2026 23:24:49 RAM 3058/7620MB (lfb 25x4MB) SWAP 2/12002MB (cached 0MB) CPU [1%@1510,0%@1510,0%@1510,0%@1510,0%@1510,0%@1510] GR3D_FREQ 0% cpu@47.031C soc2@46.437C soc0@44.718C gpu@46.312C tj@47.031C soc1@44.593C VDD_IN 4113mW/4105mW VDD_CPU_GPU_CV 996mW/977mW VDD_SOC 1397mW/1397mW
08-09-2026 23:24:50 RAM 3058/7620MB (lfb 25x4MB) SWAP 2/12002MB (cached 0MB) CPU [1%@1510,0%@1510,0%@1510,0%@1510,0%@1510,0%@1510] GR3D_FREQ 0% cpu@47.218C soc2@46.406C soc0@44.781C gpu@46.375C tj@47.218C soc1@44.656C VDD_IN 4073mW/4103mW VDD_CPU_GPU_CV 956mW/976mW VDD_SOC 1397mW/1397mW
08-09-2026 23:24:51 RAM 3058/7620MB (lfb 25x4MB) SWAP 2/12002MB (cached 0MB) CPU [1%@1510,1%@1510,0%@1510,1%@1510,0%@1510,0%@1510] GR3D_FREQ 0% cpu@47.062C soc2@46.437C soc0@44.781C gpu@46.375C tj@47.062C soc1@44.687C VDD_IN 4073mW/4100mW VDD_CPU_GPU_CV 956mW/974mW VDD_SOC 1397mW/1397mW
08-09-2026 23:24:52 RAM 3058/7620MB (lfb 25x4MB) SWAP 2/12002MB (cached 0MB) CPU [1%@1510,1%@1510,0%@1510,0%@1510,0%@1510,0%@1510] GR3D_FREQ 0% cpu@47.281C soc2@46.375C soc0@44.687C gpu@46.312C tj@47.281C soc1@44.718C VDD_IN 4073mW/4098mW VDD_CPU_GPU_CV 956mW/973mW VDD_SOC 1397mW/1397mW
08-09-2026 23:24:53 RAM 3058/7620MB (lfb 25x4MB) SWAP 2/12002MB (cached 0MB) CPU [1%@1510,2%@1510,0%@1510,0%@1510,0%@1510,0%@1510] GR3D_FREQ 0% cpu@46.906C soc2@46.468C soc0@44.687C gpu@46.437C tj@46.906C soc1@44.781C VDD_IN 4073mW/4097mW VDD_CPU_GPU_CV 956mW/972mW VDD_SOC 1397mW/1397mW
08-09-2026 23:24:54 RAM 3058/7620MB (lfb 25x4MB) SWAP 2/12002MB (cached 0MB) CPU [0%@1510,1%@1510,0%@1510,1%@1510,0%@1510,0%@1510] GR3D_FREQ 0% cpu@47.062C soc2@46.468C soc0@44.718C gpu@46.375C tj@47.062C soc1@44.75C VDD_IN 4073mW/4095mW VDD_CPU_GPU_CV 956mW/971mW VDD_SOC 1397mW/1397mW
08-09-2026 23:24:55 RAM 3059/7620MB (lfb 25x4MB) SWAP 2/12002MB (cached 0MB) CPU [1%@1510,0%@1510,0%@1510,1%@1510,0%@1510,0%@1510] GR3D_FREQ 0% cpu@47.093C soc2@46.437C soc0@44.781C gpu@46.437C tj@47.093C soc1@44.562C VDD_IN 4073mW/4094mW VDD_CPU_GPU_CV 956mW/970mW VDD_SOC 1397mW/1397mW
08-09-2026 23:24:56 RAM 3059/7620MB (lfb 25x4MB) SWAP 2/12002MB (cached 0MB) CPU [1%@1510,0%@1510,0%@1510,0%@1510,0%@1510,0%@1510] GR3D_FREQ 0% cpu@47C soc2@46.375C soc0@44.843C gpu@46.437C tj@47C soc1@44.593C VDD_IN 4073mW/4093mW VDD_CPU_GPU_CV 956mW/969mW VDD_SOC 1397mW/1397mW
08-09-2026 23:24:57 RAM 3059/7620MB (lfb 25x4MB) SWAP 2/12002MB (cached 0MB) CPU [1%@1510,1%@1510,0%@1510,0%@1510,0%@1510,0%@1510] GR3D_FREQ 0% cpu@47.156C soc2@46.375C soc0@44.625C gpu@46.375C tj@47.156C soc1@44.656C VDD_IN 4073mW/4091mW VDD_CPU_GPU_CV 956mW/968mW VDD_SOC 1397mW/1397mW
08-09-2026 23:24:58 RAM 3059/7620MB (lfb 25x4MB) SWAP 2/12002MB (cached 0MB) CPU [1%@1510,0%@1510,0%@1510,0%@1510,0%@1510,0%@1510] GR3D_FREQ 0% cpu@46.906C soc2@46.375C soc0@44.687C gpu@46.468C tj@46.906C soc1@44.687C VDD_IN 4073mW/4091mW VDD_CPU_GPU_CV 956mW/968mW VDD_SOC 1397mW/1397mW
08-09-2026 23:24:59 RAM 3059/7620MB (lfb 25x4MB) SWAP 2/12002MB (cached 0MB) CPU [0%@1510,1%@1510,0%@1510,0%@1510,0%@1510,0%@1510] GR3D_FREQ 0% cpu@47.031C soc2@46.375C soc0@44.718C gpu@46.75C tj@47.031C soc1@44.75C VDD_IN 4073mW/4090mW VDD_CPU_GPU_CV 956mW/967mW VDD_SOC 1397mW/1397mW
08-09-2026 23:25:00 RAM 3059/7620MB (lfb 25x4MB) SWAP 2/12002MB (cached 0MB) CPU [1%@1510,1%@1510,0%@1510,0%@1510,1%@1510,0%@1510] GR3D_FREQ 0% cpu@46.968C soc2@46.437C soc0@44.687C gpu@46.812C tj@46.968C soc1@44.781C VDD_IN 4073mW/4089mW VDD_CPU_GPU_CV 956mW/966mW VDD_SOC 1397mW/1397mW
08-09-2026 23:25:01 RAM 3059/7620MB (lfb 25x4MB) SWAP 2/12002MB (cached 0MB) CPU [1%@1510,0%@1510,0%@1510,0%@1510,1%@1510,0%@1510] GR3D_FREQ 0% cpu@47.093C soc2@46.468C soc0@44.75C gpu@46.343C tj@47.093C soc1@44.812C VDD_IN 4073mW/4088mW VDD_CPU_GPU_CV 956mW/966mW VDD_SOC 1397mW/1397mW
08-09-2026 23:25:02 RAM 3059/7620MB (lfb 25x4MB) SWAP 2/12002MB (cached 0MB) CPU [0%@1510,1%@1510,0%@1510,0%@1510,0%@1510,0%@1510] GR3D_FREQ 0% cpu@47.281C soc2@46.375C soc0@44.875C gpu@46.281C tj@47.281C soc1@44.625C VDD_IN 4073mW/4088mW VDD_CPU_GPU_CV 956mW/966mW VDD_SOC 1397mW/1397mW
08-09-2026 23:25:03 RAM 3058/7620MB (lfb 25x4MB) SWAP 2/12002MB (cached 0MB) CPU [1%@1510,1%@1510,0%@1510,0%@1510,0%@1510,0%@1510] GR3D_FREQ 0% cpu@47C soc2@46.406C soc0@44.593C gpu@46.343C tj@47C soc1@44.625C VDD_IN 4073mW/4087mW VDD_CPU_GPU_CV 956mW/965mW VDD_SOC 1397mW/1397mW
08-09-2026 23:25:04 RAM 3058/7620MB (lfb 25x4MB) SWAP 2/12002MB (cached 0MB) CPU [0%@1510,1%@1510,0%@1510,0%@1510,0%@1510,0%@1510] GR3D_FREQ 0% cpu@46.843C soc2@46.375C soc0@44.625C gpu@46.312C tj@46.843C soc1@44.718C VDD_IN 4113mW/4088mW VDD_CPU_GPU_CV 996mW/966mW VDD_SOC 1397mW/1397mW
08-09-2026 23:25:05 RAM 3058/7620MB (lfb 25x4MB) SWAP 2/12002MB (cached 0MB) CPU [1%@1510,0%@1510,0%@1510,1%@1510,0%@1510,0%@1510] GR3D_FREQ 0% cpu@46.906C soc2@46.437C soc0@44.781C gpu@46.343C tj@46.906C soc1@44.843C VDD_IN 4073mW/4087mW VDD_CPU_GPU_CV 956mW/966mW VDD_SOC 1397mW/1397mW
08-09-2026 23:25:06 RAM 3058/7620MB (lfb 25x4MB) SWAP 2/12002MB (cached 0MB) CPU [0%@1510,1%@1510,2%@1510,0%@1510,0%@1510,0%@1510] GR3D_FREQ 0% cpu@47C soc2@46.375C soc0@44.75C gpu@46.375C tj@47C soc1@44.875C VDD_IN 4073mW/4087mW VDD_CPU_GPU_CV 956mW/966mW VDD_SOC 1397mW/1397mW
08-09-2026 23:25:07 RAM 3058/7620MB (lfb 25x4MB) SWAP 2/12002MB (cached 0MB) CPU [1%@1510,0%@1510,0%@1510,0%@1510,0%@1510,0%@1510] GR3D_FREQ 0% cpu@47.25C soc2@46.375C soc0@44.843C gpu@46.343C tj@47.25C soc1@44.656C VDD_IN 4073mW/4086mW VDD_CPU_GPU_CV 956mW/965mW VDD_SOC 1397mW/1397mW
08-09-2026 23:25:08 RAM 3067/7620MB (lfb 25x4MB) SWAP 2/12002MB (cached 0MB) CPU [1%@1510,0%@1510,0%@1510,17%@1510,1%@1510,0%@1510] GR3D_FREQ 0% cpu@47.468C soc2@46.343C soc0@44.656C gpu@46.25C tj@47.468C soc1@44.656C VDD_IN 4385mW/4096mW VDD_CPU_GPU_CV 1154mW/971mW VDD_SOC 1395mW/1396mW
08-09-2026 23:25:09 RAM 3076/7620MB (lfb 25x4MB) SWAP 2/12002MB (cached 0MB) CPU [1%@1510,1%@1510,3%@1510,24%@1510,1%@1510,1%@1510] GR3D_FREQ 0% cpu@46.906C soc2@46.406C soc0@44.625C gpu@46.281C tj@46.906C soc1@44.687C VDD_IN 4266mW/4102mW VDD_CPU_GPU_CV 1074mW/975mW VDD_SOC 1395mW/1396mW
08-09-2026 23:25:10 RAM 3089/7620MB (lfb 25x4MB) SWAP 2/12002MB (cached 0MB) CPU [10%@1510,8%@1510,9%@1510,17%@1510,8%@1510,7%@1510] GR3D_FREQ 0% cpu@47.562C soc2@46.406C soc0@44.718C gpu@46.343C tj@47.562C soc1@44.687C VDD_IN 4697mW/4120mW VDD_CPU_GPU_CV 1470mW/990mW VDD_SOC 1393mW/1396mW
08-09-2026 23:25:11 RAM 3348/7620MB (lfb 14x4MB) SWAP 2/12002MB (cached 0MB) CPU [2%@1510,1%@1510,4%@1510,95%@1510,4%@1510,5%@1510] GR3D_FREQ 0% cpu@47.718C soc2@46.468C soc0@44.656C gpu@46.687C tj@47.718C soc1@44.875C VDD_IN 5158mW/4152mW VDD_CPU_GPU_CV 1621mW/1009mW VDD_SOC 1465mW/1398mW
08-09-2026 23:25:12 RAM 3485/7620MB (lfb 1x4MB) SWAP 2/12002MB (cached 0MB) CPU [1%@1510,2%@1510,1%@1510,23%@1510,1%@1510,0%@1510] GR3D_FREQ 0% cpu@47.031C soc2@46.5C soc0@44.75C gpu@46.656C tj@47.25C soc1@44.656C VDD_IN 4313mW/4156mW VDD_CPU_GPU_CV 1074mW/1011mW VDD_SOC 1395mW/1398mW
08-09-2026 23:25:13 RAM 3485/7620MB (lfb 1x4MB) SWAP 2/12002MB (cached 0MB) CPU [1%@1510,1%@1510,1%@1510,3%@1510,0%@1510,0%@1510] GR3D_FREQ 0% cpu@47.125C soc2@46.375C soc0@44.812C gpu@46.625C tj@47.125C soc1@44.656C VDD_IN 4153mW/4156mW VDD_CPU_GPU_CV 996mW/1011mW VDD_SOC 1397mW/1398mW
08-09-2026 23:25:15 RAM 3486/7620MB (lfb 1x4MB) SWAP 2/12002MB (cached 0MB) CPU [2%@1510,1%@1510,3%@1510,4%@1510,1%@1510,0%@1510] GR3D_FREQ 0% cpu@46.906C soc2@46.406C soc0@44.656C gpu@46.593C tj@46.906C soc1@44.625C VDD_IN 4193mW/4157mW VDD_CPU_GPU_CV 1036mW/1011mW VDD_SOC 1397mW/1398mW
08-09-2026 23:25:16 RAM 3486/7620MB (lfb 1x4MB) SWAP 2/12002MB (cached 0MB) CPU [1%@1510,2%@1510,1%@1510,4%@1510,2%@1510,1%@1510] GR3D_FREQ 0% cpu@47C soc2@46.406C soc0@44.656C gpu@46.656C tj@47C soc1@44.781C VDD_IN 4153mW/4157mW VDD_CPU_GPU_CV 1036mW/1012mW VDD_SOC 1397mW/1398mW
08-09-2026 23:25:17 RAM 3486/7620MB (lfb 1x4MB) SWAP 2/12002MB (cached 0MB) CPU [1%@1510,1%@1510,0%@1510,3%@1510,0%@1510,1%@1510] GR3D_FREQ 0% cpu@46.843C soc2@46.468C soc0@44.656C gpu@46.687C tj@47.093C soc1@44.843C VDD_IN 4113mW/4156mW VDD_CPU_GPU_CV 996mW/1012mW VDD_SOC 1397mW/1398mW
08-09-2026 23:25:18 RAM 3486/7620MB (lfb 1x4MB) SWAP 2/12002MB (cached 0MB) CPU [2%@1510,1%@1510,0%@1510,3%@1510,0%@1510,0%@1510] GR3D_FREQ 0% cpu@47.031C soc2@46.437C soc0@44.75C gpu@46.812C tj@47.031C soc1@44.812C VDD_IN 4113mW/4155mW VDD_CPU_GPU_CV 996mW/1011mW VDD_SOC 1397mW/1398mW
08-09-2026 23:25:19 RAM 3486/7620MB (lfb 1x4MB) SWAP 2/12002MB (cached 0MB) CPU [1%@1510,1%@1510,1%@1510,3%@1510,1%@1510,1%@1510] GR3D_FREQ 0% cpu@47.093C soc2@46.375C soc0@44.812C gpu@46.75C tj@47.093C soc1@44.625C VDD_IN 4153mW/4155mW VDD_CPU_GPU_CV 996mW/1011mW VDD_SOC 1397mW/1398mW
08-09-2026 23:25:20 RAM 3486/7620MB (lfb 1x4MB) SWAP 2/12002MB (cached 0MB) CPU [1%@1510,1%@1510,4%@1510,4%@1510,2%@1510,2%@1510] GR3D_FREQ 0% cpu@46.968C soc2@46.375C soc0@44.781C gpu@46.75C tj@46.968C soc1@44.593C VDD_IN 4193mW/4156mW VDD_CPU_GPU_CV 1036mW/1011mW VDD_SOC 1397mW/1398mW
08-09-2026 23:25:21 RAM 3487/7620MB (lfb 1x4MB) SWAP 2/12002MB (cached 0MB) CPU [1%@1510,0%@1510,2%@1510,3%@1510,1%@1510,1%@1510] GR3D_FREQ 0% cpu@47.281C soc2@46.375C soc0@44.625C gpu@46.843C tj@47.281C soc1@44.718C VDD_IN 4153mW/4156mW VDD_CPU_GPU_CV 1036mW/1012mW VDD_SOC 1397mW/1398mW
08-09-2026 23:25:22 RAM 3487/7620MB (lfb 1x4MB) SWAP 2/12002MB (cached 0MB) CPU [1%@1510,1%@1510,1%@1510,3%@1510,1%@1510,1%@1510] GR3D_FREQ 0% cpu@47.031C soc2@46.406C soc0@44.656C gpu@46.843C tj@47.031C soc1@44.687C VDD_IN 4113mW/4155mW VDD_CPU_GPU_CV 996mW/1012mW VDD_SOC 1397mW/1398mW
08-09-2026 23:25:23 RAM 3487/7620MB (lfb 1x4MB) SWAP 2/12002MB (cached 0MB) CPU [1%@1510,0%@1510,2%@1510,2%@1510,1%@1510,0%@1510] GR3D_FREQ 0% cpu@47.031C soc2@46.437C soc0@44.625C gpu@46.312C tj@47.031C soc1@44.687C VDD_IN 4113mW/4154mW VDD_CPU_GPU_CV 996mW/1011mW VDD_SOC 1397mW/1398mW
08-09-2026 23:25:24 RAM 3487/7620MB (lfb 1x4MB) SWAP 2/12002MB (cached 0MB) CPU [1%@1510,2%@1510,1%@1510,3%@1510,1%@1510,0%@1510] GR3D_FREQ 0% cpu@47.125C soc2@46.406C soc0@44.656C gpu@46.343C tj@47.125C soc1@44.875C VDD_IN 4113mW/4153mW VDD_CPU_GPU_CV 996mW/1011mW VDD_SOC 1397mW/1398mW
08-09-2026 23:25:25 RAM 3487/7620MB (lfb 1x4MB) SWAP 2/12002MB (cached 0MB) CPU [1%@1510,1%@1510,3%@1510,3%@1510,3%@1510,2%@1510] GR3D_FREQ 0% cpu@47C soc2@46.531C soc0@44.781C gpu@46.312C tj@47C soc1@44.531C VDD_IN 4193mW/4154mW VDD_CPU_GPU_CV 1036mW/1011mW VDD_SOC 1397mW/1398mW
08-09-2026 23:25:26 RAM 3487/7620MB (lfb 1x4MB) SWAP 2/12002MB (cached 0MB) CPU [1%@1510,1%@1510,1%@1510,4%@1510,3%@1510,0%@1510] GR3D_FREQ 0% cpu@47.093C soc2@46.375C soc0@44.843C gpu@46.312C tj@47.093C soc1@44.656C VDD_IN 4153mW/4154mW VDD_CPU_GPU_CV 1036mW/1012mW VDD_SOC 1397mW/1398mW
08-09-2026 23:25:27 RAM 3487/7620MB (lfb 1x4MB) SWAP 2/12002MB (cached 0MB) CPU [1%@1510,1%@1510,1%@1510,3%@1510,2%@1510,0%@1510] GR3D_FREQ 0% cpu@47.062C soc2@46.375C soc0@44.718C gpu@46.218C tj@47.062C soc1@44.593C VDD_IN 4153mW/4154mW VDD_CPU_GPU_CV 996mW/1012mW VDD_SOC 1397mW/1398mW
08-09-2026 23:25:28 RAM 3487/7620MB (lfb 1x4MB) SWAP 2/12002MB (cached 0MB) CPU [1%@1510,1%@1510,0%@1510,2%@1510,1%@1510,3%@1510] GR3D_FREQ 0% cpu@47.281C soc2@46.375C soc0@44.718C gpu@46.375C tj@47.281C soc1@44.718C VDD_IN 4153mW/4154mW VDD_CPU_GPU_CV 996mW/1011mW VDD_SOC 1397mW/1398mW
08-09-2026 23:25:29 RAM 3487/7620MB (lfb 1x4MB) SWAP 2/12002MB (cached 0MB) CPU [1%@1510,1%@1510,0%@1510,2%@1510,1%@1510,1%@1510] GR3D_FREQ 0% cpu@46.875C soc2@46.406C soc0@44.687C gpu@46.343C tj@46.875C soc1@44.781C VDD_IN 4153mW/4154mW VDD_CPU_GPU_CV 996mW/1011mW VDD_SOC 1397mW/1398mW
08-09-2026 23:25:30 RAM 3487/7620MB (lfb 1x4MB) SWAP 2/12002MB (cached 0MB) CPU [0%@1510,0%@1510,4%@1510,3%@1510,1%@1510,2%@1510] GR3D_FREQ 0% cpu@47C soc2@46.375C soc0@44.687C gpu@46.375C tj@47C soc1@44.75C VDD_IN 4193mW/4154mW VDD_CPU_GPU_CV 1036mW/1011mW VDD_SOC 1397mW/1398mW
08-09-2026 23:25:31 RAM 3487/7620MB (lfb 1x4MB) SWAP 2/12002MB (cached 0MB) CPU [1%@1510,2%@1510,2%@1510,3%@1510,2%@1510,1%@1510] GR3D_FREQ 0% cpu@47.125C soc2@46.468C soc0@44.75C gpu@46.375C tj@47.125C soc1@44.843C VDD_IN 4193mW/4155mW VDD_CPU_GPU_CV 1036mW/1012mW VDD_SOC 1397mW/1398mW
08-09-2026 23:25:32 RAM 3487/7620MB (lfb 1x4MB) SWAP 2/12002MB (cached 0MB) CPU [1%@1510,1%@1510,0%@1510,3%@1510,0%@1510,1%@1510] GR3D_FREQ 0% cpu@47.062C soc2@46.343C soc0@44.812C gpu@46.281C tj@47.062C soc1@44.562C VDD_IN 4153mW/4155mW VDD_CPU_GPU_CV 996mW/1012mW VDD_SOC 1397mW/1398mW
08-09-2026 23:25:33 RAM 3487/7620MB (lfb 1x4MB) SWAP 2/12002MB (cached 0MB) CPU [1%@1510,1%@1510,1%@1510,2%@1510,3%@1510,1%@1510] GR3D_FREQ 0% cpu@47.156C soc2@46.406C soc0@44.718C gpu@46.312C tj@47.156C soc1@44.625C VDD_IN 4113mW/4154mW VDD_CPU_GPU_CV 996mW/1011mW VDD_SOC 1397mW/1398mW
08-09-2026 23:25:34 RAM 3487/7620MB (lfb 1x4MB) SWAP 2/12002MB (cached 0MB) CPU [1%@1510,1%@1510,1%@1510,2%@1510,1%@1510,0%@1510] GR3D_FREQ 0% cpu@47.125C soc2@46.375C soc0@44.625C gpu@46.375C tj@47C soc1@44.625C VDD_IN 4113mW/4153mW VDD_CPU_GPU_CV 996mW/1011mW VDD_SOC 1397mW/1398mW
08-09-2026 23:25:35 RAM 3487/7620MB (lfb 1x4MB) SWAP 2/12002MB (cached 0MB) CPU [1%@1510,1%@1510,1%@1510,3%@1510,5%@1510,2%@1510] GR3D_FREQ 0% cpu@46.937C soc2@46.406C soc0@44.687C gpu@46.343C tj@46.937C soc1@44.718C VDD_IN 4193mW/4154mW VDD_CPU_GPU_CV 1036mW/1011mW VDD_SOC 1397mW/1398mW
08-09-2026 23:25:36 RAM 3486/7620MB (lfb 1x4MB) SWAP 2/12002MB (cached 0MB) CPU [1%@1510,1%@1510,1%@1510,3%@1510,2%@1510,2%@1510] GR3D_FREQ 0% cpu@46.875C soc2@46.406C soc0@44.781C gpu@46.375C tj@46.875C soc1@44.75C VDD_IN 4193mW/4155mW VDD_CPU_GPU_CV 1036mW/1012mW VDD_SOC 1397mW/1398mW
08-09-2026 23:25:37 RAM 3486/7620MB (lfb 1x4MB) SWAP 2/12002MB (cached 0MB) CPU [2%@1510,1%@1510,1%@1510,2%@1510,0%@1510,1%@1510] GR3D_FREQ 0% cpu@47.062C soc2@46.437C soc0@44.781C gpu@46.375C tj@47.062C soc1@44.812C VDD_IN 4153mW/4155mW VDD_CPU_GPU_CV 996mW/1012mW VDD_SOC 1397mW/1398mW
08-09-2026 23:25:38 RAM 3486/7620MB (lfb 1x4MB) SWAP 2/12002MB (cached 0MB) CPU [0%@1510,1%@1510,1%@1510,5%@1510,0%@1510,0%@1510] GR3D_FREQ 0% cpu@47.187C soc2@46.375C soc0@44.875C gpu@46.375C tj@47.187C soc1@44.562C VDD_IN 4153mW/4155mW VDD_CPU_GPU_CV 996mW/1011mW VDD_SOC 1397mW/1397mW
08-09-2026 23:25:39 RAM 3486/7620MB (lfb 1x4MB) SWAP 2/12002MB (cached 0MB) CPU [2%@1510,1%@1510,0%@1510,3%@1510,1%@1510,1%@1510] GR3D_FREQ 0% cpu@47.093C soc2@46.375C soc0@44.687C gpu@46.406C tj@47.093C soc1@44.593C VDD_IN 4153mW/4155mW VDD_CPU_GPU_CV 996mW/1011mW VDD_SOC 1397mW/1397mW
08-09-2026 23:25:40 RAM 3487/7620MB (lfb 1x4MB) SWAP 2/12002MB (cached 0MB) CPU [2%@1510,1%@1510,1%@1510,3%@1510,3%@1510,4%@1510] GR3D_FREQ 0% cpu@46.875C soc2@46.375C soc0@44.656C gpu@46.375C tj@46.875C soc1@44.593C VDD_IN 4193mW/4155mW VDD_CPU_GPU_CV 1036mW/1011mW VDD_SOC 1397mW/1397mW
08-09-2026 23:25:41 RAM 3487/7620MB (lfb 1x4MB) SWAP 2/12002MB (cached 0MB) CPU [1%@1510,1%@1510,2%@1510,3%@1510,2%@1510,0%@1510] GR3D_FREQ 0% cpu@46.906C soc2@46.375C soc0@44.687C gpu@46.375C tj@46.906C soc1@44.718C VDD_IN 4153mW/4155mW VDD_CPU_GPU_CV 996mW/1011mW VDD_SOC 1397mW/1397mW
08-09-2026 23:25:42 RAM 3487/7620MB (lfb 1x4MB) SWAP 2/12002MB (cached 0MB) CPU [1%@1510,1%@1510,1%@1510,3%@1510,1%@1510,1%@1510] GR3D_FREQ 0% cpu@46.906C soc2@46.406C soc0@44.625C gpu@46.437C tj@46.968C soc1@44.75C VDD_IN 4153mW/4155mW VDD_CPU_GPU_CV 996mW/1011mW VDD_SOC 1397mW/1397mW
08-09-2026 23:25:43 RAM 3487/7620MB (lfb 1x4MB) SWAP 2/12002MB (cached 0MB) CPU [2%@1510,0%@1510,1%@1510,2%@1510,1%@1510,0%@1510] GR3D_FREQ 0% cpu@46.968C soc2@46.312C soc0@44.687C gpu@46.375C tj@46.968C soc1@44.843C VDD_IN 4153mW/4155mW VDD_CPU_GPU_CV 996mW/1011mW VDD_SOC 1397mW/1397mW
08-09-2026 23:25:44 RAM 3487/7620MB (lfb 1x4MB) SWAP 2/12002MB (cached 0MB) CPU [1%@1510,1%@1510,1%@1510,3%@1510,1%@1510,0%@1510] GR3D_FREQ 0% cpu@47C soc2@46.406C soc0@44.687C gpu@46.406C tj@47C soc1@44.625C VDD_IN 4113mW/4155mW VDD_CPU_GPU_CV 996mW/1010mW VDD_SOC 1397mW/1397mW
08-09-2026 23:25:45 RAM 3487/7620MB (lfb 1x4MB) SWAP 2/12002MB (cached 0MB) CPU [0%@1510,0%@1510,4%@1510,3%@1510,3%@1510,1%@1510] GR3D_FREQ 0% cpu@46.875C soc2@46.281C soc0@44.875C gpu@46.375C tj@46.875C soc1@44.562C VDD_IN 4193mW/4155mW VDD_CPU_GPU_CV 1036mW/1011mW VDD_SOC 1397mW/1397mW
08-09-2026 23:25:46 RAM 3487/7620MB (lfb 1x4MB) SWAP 2/12002MB (cached 0MB) CPU [2%@1510,2%@1510,2%@1510,3%@1510,1%@1510,0%@1510] GR3D_FREQ 0% cpu@47.156C soc2@46.375C soc0@44.718C gpu@46.406C tj@47.156C soc1@44.531C VDD_IN 4153mW/4155mW VDD_CPU_GPU_CV 996mW/1011mW VDD_SOC 1397mW/1397mW
08-09-2026 23:25:47 RAM 3487/7620MB (lfb 1x4MB) SWAP 2/12002MB (cached 0MB) CPU [1%@1510,1%@1510,1%@1510,2%@1510,1%@1510,3%@1510] GR3D_FREQ 0% cpu@46.937C soc2@46.281C soc0@44.75C gpu@46.406C tj@46.937C soc1@44.656C VDD_IN 4153mW/4155mW VDD_CPU_GPU_CV 996mW/1010mW VDD_SOC 1397mW/1397mW
08-09-2026 23:25:48 RAM 3487/7620MB (lfb 1x4MB) SWAP 2/12002MB (cached 0MB) CPU [0%@1510,1%@1510,1%@1510,3%@1510,1%@1510,1%@1510] GR3D_FREQ 0% cpu@47C soc2@46.375C soc0@44.656C gpu@46.437C tj@47C soc1@44.75C VDD_IN 4153mW/4155mW VDD_CPU_GPU_CV 996mW/1010mW VDD_SOC 1397mW/1397mW
08-09-2026 23:25:49 RAM 3487/7620MB (lfb 1x4MB) SWAP 2/12002MB (cached 0MB) CPU [2%@1510,0%@1510,1%@1510,2%@1510,1%@1510,1%@1510] GR3D_FREQ 0% cpu@46.968C soc2@46.343C soc0@44.687C gpu@46.437C tj@47.031C soc1@44.781C VDD_IN 4153mW/4155mW VDD_CPU_GPU_CV 996mW/1010mW VDD_SOC 1397mW/1397mW
08-09-2026 23:25:50 RAM 3487/7620MB (lfb 1x4MB) SWAP 2/12002MB (cached 0MB) CPU [1%@1510,1%@1510,2%@1510,4%@1510,4%@1510,2%@1510] GR3D_FREQ 0% cpu@46.968C soc2@46.406C soc0@44.75C gpu@46.437C tj@46.968C soc1@44.531C VDD_IN 4193mW/4156mW VDD_CPU_GPU_CV 1036mW/1010mW VDD_SOC 1397mW/1397mW
08-09-2026 23:25:51 RAM 3488/7620MB (lfb 1x4MB) SWAP 2/12002MB (cached 0MB) CPU [1%@1510,0%@1510,2%@1510,3%@1510,3%@1510,0%@1510] GR3D_FREQ 0% cpu@47.156C soc2@46.312C soc0@44.781C gpu@46.5C tj@47.156C soc1@44.531C VDD_IN 4153mW/4155mW VDD_CPU_GPU_CV 996mW/1010mW VDD_SOC 1397mW/1397mW
08-09-2026 23:25:52 RAM 3488/7620MB (lfb 1x4MB) SWAP 2/12002MB (cached 0MB) CPU [1%@1510,0%@1510,1%@1510,3%@1510,1%@1510,0%@1510] GR3D_FREQ 0% cpu@46.937C soc2@46.343C soc0@44.718C gpu@46.5C tj@46.937C soc1@44.531C VDD_IN 4153mW/4155mW VDD_CPU_GPU_CV 996mW/1010mW VDD_SOC 1397mW/1397mW
08-09-2026 23:25:53 RAM 3488/7620MB (lfb 1x4MB) SWAP 2/12002MB (cached 0MB) CPU [0%@1510,3%@1510,2%@1510,3%@1510,0%@1510,2%@1510] GR3D_FREQ 0% cpu@47.187C soc2@46.312C soc0@44.593C gpu@46.5C tj@47.187C soc1@44.625C VDD_IN 4153mW/4155mW VDD_CPU_GPU_CV 996mW/1010mW VDD_SOC 1397mW/1397mW
08-09-2026 23:25:54 RAM 3488/7620MB (lfb 1x4MB) SWAP 2/12002MB (cached 0MB) CPU [2%@1510,0%@1510,1%@1510,2%@1510,0%@1510,0%@1510] GR3D_FREQ 0% cpu@46.875C soc2@46.281C soc0@44.687C gpu@46.531C tj@46.875C soc1@44.718C VDD_IN 4153mW/4155mW VDD_CPU_GPU_CV 996mW/1010mW VDD_SOC 1397mW/1397mW
08-09-2026 23:25:55 RAM 3489/7620MB (lfb 1x4MB) SWAP 2/12002MB (cached 0MB) CPU [0%@1510,1%@1510,1%@1510,4%@1510,2%@1510,4%@1510] GR3D_FREQ 0% cpu@46.968C soc2@46.375C soc0@44.75C gpu@46.531C tj@46.968C soc1@44.687C VDD_IN 4193mW/4156mW VDD_CPU_GPU_CV 1036mW/1010mW VDD_SOC 1397mW/1397mW
08-09-2026 23:25:56 RAM 3489/7620MB (lfb 1x4MB) SWAP 2/12002MB (cached 0MB) CPU [1%@1510,0%@1510,2%@1510,5%@1510,1%@1510,2%@1510] GR3D_FREQ 0% cpu@47.125C soc2@46.343C soc0@44.656C gpu@46.343C tj@47.125C soc1@44.781C VDD_IN 4153mW/4156mW VDD_CPU_GPU_CV 1036mW/1010mW VDD_SOC 1397mW/1397mW
08-09-2026 23:25:57 RAM 3489/7620MB (lfb 1x4MB) SWAP 2/12002MB (cached 0MB) CPU [1%@1510,0%@1510,1%@1510,3%@1510,0%@1510,0%@1510] GR3D_FREQ 0% cpu@46.937C soc2@46.218C soc0@44.75C gpu@46.25C tj@46.937C soc1@44.531C VDD_IN 4153mW/4156mW VDD_CPU_GPU_CV 996mW/1010mW VDD_SOC 1397mW/1397mW
08-09-2026 23:25:58 RAM 3489/7620MB (lfb 1x4MB) SWAP 2/12002MB (cached 0MB) CPU [2%@1510,0%@1510,1%@1510,3%@1510,0%@1510,0%@1510] GR3D_FREQ 0% cpu@47.093C soc2@46.281C soc0@44.562C gpu@46.343C tj@47.093C soc1@44.531C VDD_IN 4153mW/4156mW VDD_CPU_GPU_CV 996mW/1010mW VDD_SOC 1397mW/1397mW
08-09-2026 23:25:59 RAM 3489/7620MB (lfb 1x4MB) SWAP 2/12002MB (cached 0MB) CPU [0%@1510,1%@1510,0%@1510,2%@1510,1%@1510,1%@1510] GR3D_FREQ 0% cpu@46.906C soc2@46.25C soc0@44.593C gpu@46.375C tj@46.906C soc1@44.593C VDD_IN 4153mW/4156mW VDD_CPU_GPU_CV 996mW/1010mW VDD_SOC 1397mW/1397mW
08-09-2026 23:26:00 RAM 3489/7620MB (lfb 1x4MB) SWAP 2/12002MB (cached 0MB) CPU [4%@1510,1%@1510,1%@1510,5%@1510,2%@1510,2%@1510] GR3D_FREQ 0% cpu@46.937C soc2@46.375C soc0@44.593C gpu@46.343C tj@46.937C soc1@44.531C VDD_IN 4193mW/4156mW VDD_CPU_GPU_CV 1036mW/1010mW VDD_SOC 1397mW/1397mW
08-09-2026 23:26:01 RAM 3490/7620MB (lfb 1x4MB) SWAP 2/12002MB (cached 0MB) CPU [1%@1510,0%@1510,1%@1510,3%@1510,2%@1510,1%@1510] GR3D_FREQ 0% cpu@46.843C soc2@46.312C soc0@44.625C gpu@46.281C tj@46.843C soc1@44.75C VDD_IN 4153mW/4156mW VDD_CPU_GPU_CV 1036mW/1010mW VDD_SOC 1397mW/1397mW
08-09-2026 23:26:02 RAM 3490/7620MB (lfb 1x4MB) SWAP 2/12002MB (cached 0MB) CPU [2%@1510,1%@1510,1%@1510,2%@1510,2%@1510,0%@1510] GR3D_FREQ 0% cpu@47.062C soc2@46.343C soc0@44.625C gpu@46.375C tj@47.062C soc1@44.468C VDD_IN 4153mW/4156mW VDD_CPU_GPU_CV 996mW/1010mW VDD_SOC 1397mW/1397mW
08-09-2026 23:26:03 RAM 3489/7620MB (lfb 1x4MB) SWAP 2/12002MB (cached 0MB) CPU [0%@1510,1%@1510,1%@1510,3%@1510,0%@1510,1%@1510] GR3D_FREQ 0% cpu@47.156C soc2@46.218C soc0@44.718C gpu@46.343C tj@47.156C soc1@44.5C VDD_IN 4153mW/4156mW VDD_CPU_GPU_CV 996mW/1010mW VDD_SOC 1397mW/1397mW
08-09-2026 23:26:04 RAM 3489/7620MB (lfb 1x4MB) SWAP 2/12002MB (cached 0MB) CPU [1%@1510,0%@1510,0%@1510,3%@1510,1%@1510,0%@1510] GR3D_FREQ 0% cpu@46.906C soc2@46.281C soc0@44.593C gpu@46.343C tj@46.843C soc1@44.531C VDD_IN 4153mW/4156mW VDD_CPU_GPU_CV 996mW/1010mW VDD_SOC 1397mW/1397mW
08-09-2026 23:26:05 RAM 3489/7620MB (lfb 1x4MB) SWAP 2/12002MB (cached 0MB) CPU [3%@1510,1%@1510,3%@1510,4%@1510,1%@1510,5%@1510] GR3D_FREQ 0% cpu@46.843C soc2@46.218C soc0@44.562C gpu@46.375C tj@46.875C soc1@44.562C VDD_IN 4193mW/4156mW VDD_CPU_GPU_CV 1036mW/1010mW VDD_SOC 1397mW/1397mW
08-09-2026 23:26:06 RAM 3489/7620MB (lfb 1x4MB) SWAP 2/12002MB (cached 0MB) CPU [0%@1510,0%@1510,5%@1510,3%@1510,1%@1510,1%@1510] GR3D_FREQ 0% cpu@46.812C soc2@46.281C soc0@44.562C gpu@46.406C tj@46.812C soc1@44.656C VDD_IN 4153mW/4156mW VDD_CPU_GPU_CV 1036mW/1010mW VDD_SOC 1397mW/1397mW
08-09-2026 23:26:07 RAM 3489/7620MB (lfb 1x4MB) SWAP 2/12002MB (cached 0MB) CPU [0%@1510,1%@1510,2%@1510,2%@1510,1%@1510,2%@1510] GR3D_FREQ 0% cpu@46.968C soc2@46.25C soc0@44.687C gpu@46.343C tj@46.968C soc1@44.75C VDD_IN 4153mW/4156mW VDD_CPU_GPU_CV 996mW/1010mW VDD_SOC 1397mW/1397mW
08-09-2026 23:26:08 RAM 3489/7620MB (lfb 1x4MB) SWAP 2/12002MB (cached 0MB) CPU [1%@1510,0%@1510,2%@1510,0%@1510,1%@1510,1%@1510] GR3D_FREQ 0% cpu@47.093C soc2@46.281C soc0@44.75C gpu@46.375C tj@47.093C soc1@44.468C VDD_IN 4153mW/4156mW VDD_CPU_GPU_CV 996mW/1010mW VDD_SOC 1397mW/1397mW
08-09-2026 23:26:09 RAM 3489/7620MB (lfb 1x4MB) SWAP 2/12002MB (cached 0MB) CPU [1%@1510,1%@1510,2%@1510,2%@1510,0%@1510,0%@1510] GR3D_FREQ 0% cpu@47C soc2@46.343C soc0@44.781C gpu@46.437C tj@47C soc1@44.562C VDD_IN 4113mW/4156mW VDD_CPU_GPU_CV 996mW/1010mW VDD_SOC 1397mW/1397mW
08-09-2026 23:26:10 RAM 3489/7620MB (lfb 1x4MB) SWAP 2/12002MB (cached 0MB) CPU [1%@1510,3%@1510,4%@1510,3%@1510,4%@1510,2%@1510] GR3D_FREQ 0% cpu@46.75C soc2@46.375C soc0@44.562C gpu@46.5C tj@46.75C soc1@44.5C VDD_IN 4193mW/4156mW VDD_CPU_GPU_CV 1036mW/1010mW VDD_SOC 1397mW/1397mW
08-09-2026 23:26:11 RAM 3489/7620MB (lfb 1x4MB) SWAP 2/12002MB (cached 0MB) CPU [1%@1510,0%@1510,3%@1510,2%@1510,1%@1510,1%@1510] GR3D_FREQ 0% cpu@46.843C soc2@46.312C soc0@44.656C gpu@46.5C tj@46.843C soc1@44.531C VDD_IN 4153mW/4156mW VDD_CPU_GPU_CV 996mW/1010mW VDD_SOC 1397mW/1397mW
08-09-2026 23:26:12 RAM 3489/7620MB (lfb 1x4MB) SWAP 2/12002MB (cached 0MB) CPU [1%@1510,1%@1510,3%@1510,1%@1510,2%@1510,1%@1510] GR3D_FREQ 0% cpu@47C soc2@46.343C soc0@44.75C gpu@46.5C tj@47C soc1@44.593C VDD_IN 4113mW/4156mW VDD_CPU_GPU_CV 996mW/1010mW VDD_SOC 1397mW/1397mW
08-09-2026 23:26:13 RAM 3489/7620MB (lfb 1x4MB) SWAP 2/12002MB (cached 0MB) CPU [1%@1510,0%@1510,3%@1510,0%@1510,2%@1510,0%@1510] GR3D_FREQ 0% cpu@46.906C soc2@46.375C soc0@44.75C gpu@46.5C tj@46.906C soc1@44.718C VDD_IN 4153mW/4156mW VDD_CPU_GPU_CV 996mW/1010mW VDD_SOC 1397mW/1397mW
08-09-2026 23:26:14 RAM 3489/7620MB (lfb 1x4MB) SWAP 2/12002MB (cached 0MB) CPU [1%@1510,1%@1510,3%@1510,1%@1510,0%@1510,1%@1510] GR3D_FREQ 0% cpu@47.031C soc2@46.25C soc0@44.656C gpu@46.531C tj@47.031C soc1@44.437C VDD_IN 4113mW/4155mW VDD_CPU_GPU_CV 996mW/1010mW VDD_SOC 1397mW/1397mW
08-09-2026 23:26:15 RAM 3489/7620MB (lfb 1x4MB) SWAP 2/12002MB (cached 0MB) CPU [0%@1510,2%@1510,3%@1510,2%@1510,3%@1510,4%@1510] GR3D_FREQ 0% cpu@47.25C soc2@46.281C soc0@44.75C gpu@46.531C tj@47.25C soc1@44.5C VDD_IN 4153mW/4155mW VDD_CPU_GPU_CV 1036mW/1010mW VDD_SOC 1397mW/1397mW
08-09-2026 23:26:16 RAM 3489/7620MB (lfb 1x4MB) SWAP 2/12002MB (cached 0MB) CPU [2%@1510,0%@1510,1%@1510,3%@1510,1%@1510,1%@1510] GR3D_FREQ 0% cpu@47.187C soc2@46.25C soc0@44.625C gpu@46.531C tj@47.187C soc1@44.531C VDD_IN 4153mW/4155mW VDD_CPU_GPU_CV 996mW/1010mW VDD_SOC 1397mW/1397mW
08-09-2026 23:26:17 RAM 3489/7620MB (lfb 1x4MB) SWAP 2/12002MB (cached 0MB) CPU [1%@1510,0%@1510,1%@1510,3%@1510,1%@1510,0%@1510] GR3D_FREQ 0% cpu@46.781C soc2@46.312C soc0@44.531C gpu@46.25C tj@46.781C soc1@44.625C VDD_IN 4153mW/4155mW VDD_CPU_GPU_CV 996mW/1010mW VDD_SOC 1397mW/1397mW
08-09-2026 23:26:18 RAM 3489/7620MB (lfb 1x4MB) SWAP 2/12002MB (cached 0MB) CPU [1%@1510,0%@1510,1%@1510,4%@1510,1%@1510,1%@1510] GR3D_FREQ 0% cpu@47.031C soc2@46.312C soc0@44.625C gpu@46.25C tj@47.031C soc1@44.656C VDD_IN 4153mW/4155mW VDD_CPU_GPU_CV 996mW/1009mW VDD_SOC 1397mW/1397mW
08-09-2026 23:26:19 RAM 3489/7620MB (lfb 1x4MB) SWAP 2/12002MB (cached 0MB) CPU [1%@1510,1%@1510,1%@1510,2%@1510,1%@1510,1%@1510] GR3D_FREQ 0% cpu@46.937C soc2@46.343C soc0@44.718C gpu@46.281C tj@46.937C soc1@44.75C VDD_IN 4153mW/4155mW VDD_CPU_GPU_CV 996mW/1009mW VDD_SOC 1397mW/1397mW
08-09-2026 23:26:20 RAM 3491/7620MB (lfb 1x4MB) SWAP 2/12002MB (cached 0MB) CPU [2%@1510,1%@1510,4%@1510,5%@1510,2%@1510,2%@1510] GR3D_FREQ 0% cpu@46.937C soc2@46.312C soc0@44.75C gpu@46.375C tj@46.937C soc1@44.531C VDD_IN 4153mW/4155mW VDD_CPU_GPU_CV 1036mW/1009mW VDD_SOC 1397mW/1397mW
08-09-2026 23:26:21 RAM 3491/7620MB (lfb 1x4MB) SWAP 2/12002MB (cached 0MB) CPU [0%@1510,1%@1510,2%@1510,4%@1510,1%@1510,1%@1510] GR3D_FREQ 0% cpu@47.093C soc2@46.343C soc0@44.812C gpu@46.25C tj@47.093C soc1@44.531C VDD_IN 4153mW/4155mW VDD_CPU_GPU_CV 996mW/1009mW VDD_SOC 1397mW/1397mW
08-09-2026 23:26:22 RAM 3491/7620MB (lfb 1x4MB) SWAP 2/12002MB (cached 0MB) CPU [1%@1510,1%@1510,0%@1510,3%@1510,1%@1510,1%@1510] GR3D_FREQ 0% cpu@46.906C soc2@46.25C soc0@44.562C gpu@46.437C tj@46.906C soc1@44.562C VDD_IN 4153mW/4155mW VDD_CPU_GPU_CV 996mW/1009mW VDD_SOC 1397mW/1397mW
08-09-2026 23:26:23 RAM 3491/7620MB (lfb 1x4MB) SWAP 2/12002MB (cached 0MB) CPU [2%@1510,1%@1510,0%@1510,2%@1510,1%@1510,0%@1510] GR3D_FREQ 0% cpu@46.812C soc2@46.375C soc0@44.593C gpu@46.375C tj@46.812C soc1@44.531C VDD_IN 4153mW/4155mW VDD_CPU_GPU_CV 996mW/1009mW VDD_SOC 1397mW/1397mW
08-09-2026 23:26:24 RAM 3491/7620MB (lfb 1x4MB) SWAP 2/12002MB (cached 0MB) CPU [2%@1510,0%@1510,0%@1510,3%@1510,1%@1510,1%@1510] GR3D_FREQ 0% cpu@46.906C soc2@46.375C soc0@44.656C gpu@46.406C tj@46.906C soc1@44.656C VDD_IN 4153mW/4155mW VDD_CPU_GPU_CV 996mW/1009mW VDD_SOC 1397mW/1397mW
08-09-2026 23:26:25 RAM 3491/7620MB (lfb 1x4MB) SWAP 2/12002MB (cached 0MB) CPU [1%@1510,2%@1510,2%@1510,2%@1510,3%@1510,3%@1510] GR3D_FREQ 0% cpu@46.937C soc2@46.375C soc0@44.75C gpu@46.375C tj@46.937C soc1@44.531C VDD_IN 4153mW/4155mW VDD_CPU_GPU_CV 1036mW/1009mW VDD_SOC 1397mW/1397mW
08-09-2026 23:26:26 RAM 3491/7620MB (lfb 1x4MB) SWAP 2/12002MB (cached 0MB) CPU [2%@1510,1%@1510,4%@1510,1%@1510,0%@1510,2%@1510] GR3D_FREQ 0% cpu@47.125C soc2@46.406C soc0@44.718C gpu@46.375C tj@47.125C soc1@44.562C VDD_IN 4153mW/4155mW VDD_CPU_GPU_CV 996mW/1009mW VDD_SOC 1397mW/1397mW
08-09-2026 23:26:27 RAM 3491/7620MB (lfb 1x4MB) SWAP 2/12002MB (cached 0MB) CPU [1%@1510,1%@1510,2%@1510,0%@1510,1%@1510,1%@1510] GR3D_FREQ 0% cpu@46.906C soc2@46.375C soc0@44.656C gpu@46.406C tj@46.906C soc1@44.531C VDD_IN 4153mW/4155mW VDD_CPU_GPU_CV 996mW/1009mW VDD_SOC 1397mW/1397mW
08-09-2026 23:26:28 RAM 3491/7620MB (lfb 1x4MB) SWAP 2/12002MB (cached 0MB) CPU [2%@1510,1%@1510,4%@1510,1%@1510,2%@1510,1%@1510] GR3D_FREQ 0% cpu@47.218C soc2@46.375C soc0@44.625C gpu@46.468C tj@47.218C soc1@44.656C VDD_IN 4153mW/4155mW VDD_CPU_GPU_CV 996mW/1009mW VDD_SOC 1397mW/1397mW
08-09-2026 23:26:29 RAM 3485/7620MB (lfb 1x4MB) SWAP 2/12002MB (cached 0MB) CPU [2%@1510,1%@1510,3%@1510,0%@1510,2%@1510,1%@1510] GR3D_FREQ 0% cpu@46.843C soc2@46.375C soc0@44.656C gpu@46.406C tj@46.843C soc1@44.625C VDD_IN 4153mW/4155mW VDD_CPU_GPU_CV 996mW/1009mW VDD_SOC 1397mW/1397mW
08-09-2026 23:26:30 RAM 3485/7620MB (lfb 1x4MB) SWAP 2/12002MB (cached 0MB) CPU [1%@1510,0%@1510,4%@1510,2%@1510,3%@1510,3%@1510] GR3D_FREQ 0% cpu@46.968C soc2@46.375C soc0@44.656C gpu@46.468C tj@46.968C soc1@44.718C VDD_IN 4153mW/4155mW VDD_CPU_GPU_CV 1036mW/1009mW VDD_SOC 1397mW/1397mW
08-09-2026 23:26:31 RAM 3486/7620MB (lfb 1x4MB) SWAP 2/12002MB (cached 0MB) CPU [2%@1510,0%@1510,1%@1510,4%@1510,3%@1510,2%@1510] GR3D_FREQ 0% cpu@47C soc2@46.375C soc0@44.75C gpu@46.5C tj@47.125C soc1@44.75C VDD_IN 4153mW/4155mW VDD_CPU_GPU_CV 996mW/1009mW VDD_SOC 1397mW/1397mW
08-09-2026 23:26:32 RAM 3486/7620MB (lfb 1x4MB) SWAP 2/12002MB (cached 0MB) CPU [1%@1510,1%@1510,0%@1510,2%@1510,1%@1510,2%@1510] GR3D_FREQ 0% cpu@46.968C soc2@46.25C soc0@44.718C gpu@46.5C tj@46.968C soc1@44.5C VDD_IN 4153mW/4155mW VDD_CPU_GPU_CV 996mW/1009mW VDD_SOC 1397mW/1397mW
08-09-2026 23:26:33 RAM 3486/7620MB (lfb 1x4MB) SWAP 2/12002MB (cached 0MB) CPU [1%@1510,1%@1510,0%@1510,2%@1510,1%@1510,1%@1510] GR3D_FREQ 0% cpu@47.187C soc2@46.343C soc0@44.656C gpu@46.5C tj@47.187C soc1@44.625C VDD_IN 4153mW/4155mW VDD_CPU_GPU_CV 996mW/1009mW VDD_SOC 1397mW/1397mW
08-09-2026 23:26:34 RAM 3486/7620MB (lfb 1x4MB) SWAP 2/12002MB (cached 0MB) CPU [2%@1510,0%@1510,0%@1510,3%@1510,2%@1510,1%@1510] GR3D_FREQ 0% cpu@46.937C soc2@46.375C soc0@44.593C gpu@46.5C tj@46.937C soc1@44.593C VDD_IN 4153mW/4155mW VDD_CPU_GPU_CV 996mW/1008mW VDD_SOC 1397mW/1397mW
08-09-2026 23:26:35 RAM 3486/7620MB (lfb 1x4MB) SWAP 2/12002MB (cached 0MB) CPU [1%@1510,1%@1510,4%@1510,4%@1510,1%@1510,2%@1510] GR3D_FREQ 0% cpu@46.875C soc2@46.343C soc0@44.593C gpu@46.593C tj@46.875C soc1@44.656C VDD_IN 4153mW/4155mW VDD_CPU_GPU_CV 996mW/1008mW VDD_SOC 1397mW/1397mW
08-09-2026 23:26:36 RAM 3486/7620MB (lfb 1x4MB) SWAP 2/12002MB (cached 0MB) CPU [0%@1510,1%@1510,1%@1510,3%@1510,0%@1510,2%@1510] GR3D_FREQ 0% cpu@46.843C soc2@46.406C soc0@44.625C gpu@46.593C tj@46.843C soc1@44.625C VDD_IN 4153mW/4155mW VDD_CPU_GPU_CV 1036mW/1009mW VDD_SOC 1397mW/1397mW
08-09-2026 23:26:37 RAM 3486/7620MB (lfb 1x4MB) SWAP 2/12002MB (cached 0MB) CPU [1%@1510,0%@1510,0%@1510,3%@1510,1%@1510,3%@1510] GR3D_FREQ 0% cpu@46.968C soc2@46.375C soc0@44.656C gpu@46.625C tj@46.968C soc1@44.812C VDD_IN 4113mW/4154mW VDD_CPU_GPU_CV 996mW/1008mW VDD_SOC 1397mW/1397mW
08-09-2026 23:26:38 RAM 3485/7620MB (lfb 1x4MB) SWAP 2/12002MB (cached 0MB) CPU [2%@1510,0%@1510,0%@1510,3%@1510,1%@1510,1%@1510] GR3D_FREQ 0% cpu@47.156C soc2@46.312C soc0@44.75C gpu@46.625C tj@47.156C soc1@44.562C VDD_IN 4153mW/4154mW VDD_CPU_GPU_CV 996mW/1008mW VDD_SOC 1397mW/1397mW
08-09-2026 23:26:39 RAM 3484/7620MB (lfb 1x4MB) SWAP 2/12002MB (cached 0MB) CPU [1%@1510,1%@1510,1%@1510,2%@1510,0%@1510,3%@1510] GR3D_FREQ 0% cpu@47.093C soc2@46.375C soc0@44.75C gpu@46.687C tj@47.093C soc1@44.593C VDD_IN 4153mW/4154mW VDD_CPU_GPU_CV 996mW/1008mW VDD_SOC 1397mW/1397mW
08-09-2026 23:26:40 RAM 3484/7620MB (lfb 1x4MB) SWAP 2/12002MB (cached 0MB) CPU [1%@1510,1%@1510,3%@1510,4%@1510,5%@1510,2%@1510] GR3D_FREQ 0% cpu@47.312C soc2@46.281C soc0@44.656C gpu@46.656C tj@47.312C soc1@44.625C VDD_IN 4153mW/4154mW VDD_CPU_GPU_CV 1036mW/1009mW VDD_SOC 1397mW/1397mW
08-09-2026 23:26:41 RAM 3484/7620MB (lfb 1x4MB) SWAP 2/12002MB (cached 0MB) CPU [2%@1510,1%@1510,2%@1510,4%@1510,0%@1510,1%@1510] GR3D_FREQ 0% cpu@47.031C soc2@46.375C soc0@44.625C gpu@46.687C tj@47.031C soc1@44.625C VDD_IN 4153mW/4154mW VDD_CPU_GPU_CV 996mW/1008mW VDD_SOC 1397mW/1397mW
08-09-2026 23:26:42 RAM 3484/7620MB (lfb 1x4MB) SWAP 2/12002MB (cached 0MB) CPU [1%@1510,0%@1510,2%@1510,3%@1510,0%@1510,0%@1510] GR3D_FREQ 0% cpu@46.843C soc2@46.375C soc0@44.718C gpu@46.75C tj@47.062C soc1@44.718C VDD_IN 4153mW/4154mW VDD_CPU_GPU_CV 996mW/1008mW VDD_SOC 1397mW/1397mW
08-09-2026 23:26:43 RAM 3484/7620MB (lfb 1x4MB) SWAP 2/12002MB (cached 0MB) CPU [1%@1510,1%@1510,2%@1510,3%@1510,1%@1510,0%@1510] GR3D_FREQ 0% cpu@47C soc2@46.375C soc0@44.656C gpu@46.281C tj@47C soc1@44.781C VDD_IN 4153mW/4154mW VDD_CPU_GPU_CV 996mW/1008mW VDD_SOC 1397mW/1397mW
08-09-2026 23:26:44 RAM 3484/7620MB (lfb 1x4MB) SWAP 2/12002MB (cached 0MB) CPU [1%@1510,0%@1510,2%@1510,4%@1510,0%@1510,0%@1510] GR3D_FREQ 0% cpu@47.093C soc2@46.281C soc0@44.812C gpu@46.281C tj@47.093C soc1@44.468C VDD_IN 4153mW/4154mW VDD_CPU_GPU_CV 996mW/1008mW VDD_SOC 1397mW/1397mW
08-09-2026 23:26:45 RAM 3484/7620MB (lfb 1x4MB) SWAP 2/12002MB (cached 0MB) CPU [1%@1510,0%@1510,2%@1510,4%@1510,2%@1510,4%@1510] GR3D_FREQ 0% cpu@47.343C soc2@46.375C soc0@44.812C gpu@46.281C tj@47.343C soc1@44.593C VDD_IN 4193mW/4155mW VDD_CPU_GPU_CV 1036mW/1008mW VDD_SOC 1397mW/1397mW
08-09-2026 23:26:46 RAM 3484/7620MB (lfb 1x4MB) SWAP 2/12002MB (cached 0MB) CPU [2%@1510,1%@1510,3%@1510,1%@1510,2%@1510,1%@1510] GR3D_FREQ 0% cpu@47.125C soc2@46.375C soc0@44.687C gpu@46.25C tj@47.125C soc1@44.656C VDD_IN 4153mW/4155mW VDD_CPU_GPU_CV 996mW/1008mW VDD_SOC 1397mW/1397mW
08-09-2026 23:26:47 RAM 3484/7620MB (lfb 1x4MB) SWAP 2/12002MB (cached 0MB) CPU [2%@1510,1%@1510,3%@1510,1%@1510,0%@1510,0%@1510] GR3D_FREQ 0% cpu@46.937C soc2@46.375C soc0@44.625C gpu@46.375C tj@46.937C soc1@44.718C VDD_IN 4153mW/4154mW VDD_CPU_GPU_CV 996mW/1008mW VDD_SOC 1397mW/1397mW
08-09-2026 23:26:48 RAM 3484/7620MB (lfb 1x4MB) SWAP 2/12002MB (cached 0MB) CPU [0%@1510,0%@1510,4%@1510,0%@1510,0%@1510,2%@1510] GR3D_FREQ 0% cpu@46.906C soc2@46.437C soc0@44.718C gpu@46.312C tj@46.906C soc1@44.687C VDD_IN 4193mW/4155mW VDD_CPU_GPU_CV 996mW/1008mW VDD_SOC 1397mW/1397mW
08-09-2026 23:26:49 RAM 3484/7620MB (lfb 1x4MB) SWAP 2/12002MB (cached 0MB) CPU [2%@1510,1%@1510,3%@1510,1%@1510,0%@1510,0%@1510] GR3D_FREQ 0% cpu@47C soc2@46.437C soc0@44.781C gpu@46.312C tj@47C soc1@44.812C VDD_IN 4153mW/4155mW VDD_CPU_GPU_CV 996mW/1008mW VDD_SOC 1397mW/1397mW
08-09-2026 23:26:50 RAM 3484/7620MB (lfb 1x4MB) SWAP 2/12002MB (cached 0MB) CPU [2%@1510,1%@1510,3%@1510,4%@1510,1%@1510,3%@1510] GR3D_FREQ 0% cpu@46.968C soc2@46.468C soc0@44.75C gpu@46.312C tj@46.968C soc1@44.5C VDD_IN 4153mW/4155mW VDD_CPU_GPU_CV 1036mW/1008mW VDD_SOC 1397mW/1397mW
08-09-2026 23:26:51 RAM 3484/7620MB (lfb 1x4MB) SWAP 2/12002MB (cached 0MB) CPU [0%@1510,1%@1510,3%@1510,4%@1510,1%@1510,1%@1510] GR3D_FREQ 0% cpu@47.156C soc2@46.312C soc0@44.781C gpu@46.187C tj@47.156C soc1@44.593C VDD_IN 4153mW/4155mW VDD_CPU_GPU_CV 996mW/1008mW VDD_SOC 1397mW/1397mW
08-09-2026 23:26:52 RAM 3484/7620MB (lfb 1x4MB) SWAP 2/12002MB (cached 0MB) CPU [0%@1510,1%@1510,0%@1510,3%@1510,1%@1510,0%@1510] GR3D_FREQ 0% cpu@46.937C soc2@46.281C soc0@44.562C gpu@46.531C tj@46.937C soc1@44.718C VDD_IN 4113mW/4154mW VDD_CPU_GPU_CV 996mW/1008mW VDD_SOC 1397mW/1397mW
08-09-2026 23:26:53 RAM 3484/7620MB (lfb 1x4MB) SWAP 2/12002MB (cached 0MB) CPU [2%@1510,1%@1510,0%@1510,3%@1510,1%@1510,0%@1510] GR3D_FREQ 0% cpu@46.968C soc2@46.343C soc0@44.687C gpu@46.5C tj@46.968C soc1@44.625C VDD_IN 4153mW/4154mW VDD_CPU_GPU_CV 996mW/1008mW VDD_SOC 1397mW/1397mW
08-09-2026 23:26:54 RAM 3484/7620MB (lfb 1x4MB) SWAP 2/12002MB (cached 0MB) CPU [1%@1510,0%@1510,2%@1510,3%@1510,0%@1510,0%@1510] GR3D_FREQ 0% cpu@46.937C soc2@46.406C soc0@44.656C gpu@46.437C tj@46.937C soc1@44.656C VDD_IN 4153mW/4154mW VDD_CPU_GPU_CV 996mW/1008mW VDD_SOC 1397mW/1397mW
08-09-2026 23:26:55 RAM 3484/7620MB (lfb 1x4MB) SWAP 2/12002MB (cached 0MB) CPU [1%@1510,1%@1510,1%@1510,2%@1510,4%@1510,1%@1510] GR3D_FREQ 0% cpu@47.031C soc2@46.437C soc0@44.718C gpu@46.593C tj@47.031C soc1@44.625C VDD_IN 4153mW/4154mW VDD_CPU_GPU_CV 1036mW/1008mW VDD_SOC 1397mW/1397mW
08-09-2026 23:26:56 RAM 3484/7620MB (lfb 1x4MB) SWAP 2/12002MB (cached 0MB) CPU [3%@1510,1%@1510,2%@1510,3%@1510,0%@1510,2%@1510] GR3D_FREQ 0% cpu@47.125C soc2@46.406C soc0@44.812C gpu@46.5C tj@47.125C soc1@44.531C VDD_IN 4153mW/4154mW VDD_CPU_GPU_CV 996mW/1008mW VDD_SOC 1397mW/1397mW
08-09-2026 23:26:57 RAM 3484/7620MB (lfb 1x4MB) SWAP 2/12002MB (cached 0MB) CPU [1%@1510,1%@1510,0%@1510,3%@1510,1%@1510,0%@1510] GR3D_FREQ 0% cpu@46.968C soc2@46.343C soc0@44.656C gpu@46.625C tj@46.968C soc1@44.625C VDD_IN 4113mW/4154mW VDD_CPU_GPU_CV 996mW/1008mW VDD_SOC 1397mW/1397mW
08-09-2026 23:26:58 RAM 3484/7620MB (lfb 1x4MB) SWAP 2/12002MB (cached 0MB) CPU [0%@1510,0%@1510,0%@1510,5%@1510,0%@1510,0%@1510] GR3D_FREQ 0% cpu@47.281C soc2@46.375C soc0@44.562C gpu@46.687C tj@47.281C soc1@44.656C VDD_IN 4153mW/4154mW VDD_CPU_GPU_CV 996mW/1008mW VDD_SOC 1397mW/1397mW
08-09-2026 23:26:59 RAM 3484/7620MB (lfb 1x4MB) SWAP 2/12002MB (cached 0MB) CPU [3%@1510,1%@1510,1%@1510,2%@1510,0%@1510,0%@1510] GR3D_FREQ 0% cpu@46.937C soc2@46.437C soc0@44.593C gpu@46.656C tj@46.937C soc1@44.625C VDD_IN 4153mW/4154mW VDD_CPU_GPU_CV 996mW/1008mW VDD_SOC 1397mW/1397mW
08-09-2026 23:27:00 RAM 3485/7620MB (lfb 1x4MB) SWAP 2/12002MB (cached 0MB) CPU [3%@1510,3%@1510,2%@1510,4%@1510,2%@1510,0%@1510] GR3D_FREQ 0% cpu@47C soc2@46.406C soc0@44.75C gpu@46.656C tj@47C soc1@44.687C VDD_IN 4193mW/4154mW VDD_CPU_GPU_CV 1036mW/1008mW VDD_SOC 1397mW/1397mW
08-09-2026 23:27:01 RAM 3485/7620MB (lfb 1x4MB) SWAP 2/12002MB (cached 0MB) CPU [2%@1510,0%@1510,2%@1510,3%@1510,1%@1510,2%@1510] GR3D_FREQ 0% cpu@47.156C soc2@46.375C soc0@44.687C gpu@46.656C tj@47.156C soc1@44.562C VDD_IN 4153mW/4154mW VDD_CPU_GPU_CV 996mW/1008mW VDD_SOC 1397mW/1397mW
08-09-2026 23:27:02 RAM 3485/7620MB (lfb 1x4MB) SWAP 2/12002MB (cached 0MB) CPU [0%@1510,2%@1510,2%@1510,2%@1510,0%@1510,0%@1510] GR3D_FREQ 0% cpu@47.062C soc2@46.343C soc0@44.781C gpu@46.781C tj@47C soc1@44.5C VDD_IN 4113mW/4154mW VDD_CPU_GPU_CV 996mW/1008mW VDD_SOC 1397mW/1397mW
08-09-2026 23:27:03 RAM 3485/7620MB (lfb 1x4MB) SWAP 2/12002MB (cached 0MB) CPU [2%@1510,0%@1510,1%@1510,3%@1510,0%@1510,0%@1510] GR3D_FREQ 0% cpu@47.218C soc2@46.343C soc0@44.718C gpu@46.375C tj@47.218C soc1@44.656C VDD_IN 4153mW/4154mW VDD_CPU_GPU_CV 996mW/1008mW VDD_SOC 1397mW/1397mW
08-09-2026 23:27:04 RAM 3485/7620MB (lfb 1x4MB) SWAP 2/12002MB (cached 0MB) CPU [0%@1510,1%@1510,1%@1510,2%@1510,1%@1510,0%@1510] GR3D_FREQ 0% cpu@46.937C soc2@46.312C soc0@44.75C gpu@46.406C tj@46.937C soc1@44.718C VDD_IN 4153mW/4154mW VDD_CPU_GPU_CV 996mW/1007mW VDD_SOC 1397mW/1397mW
08-09-2026 23:27:05 RAM 3485/7620MB (lfb 1x4MB) SWAP 2/12002MB (cached 0MB) CPU [2%@1510,3%@1510,2%@1510,4%@1510,4%@1510,1%@1510] GR3D_FREQ 0% cpu@47.093C soc2@46.375C soc0@44.656C gpu@46.468C tj@47.093C soc1@44.718C VDD_IN 4193mW/4154mW VDD_CPU_GPU_CV 996mW/1007mW VDD_SOC 1397mW/1397mW
08-09-2026 23:27:06 RAM 3484/7620MB (lfb 1x4MB) SWAP 2/12002MB (cached 0MB) CPU [1%@1510,0%@1510,3%@1510,4%@1510,1%@1510,3%@1510] GR3D_FREQ 0% cpu@47.093C soc2@46.406C soc0@44.656C gpu@46.437C tj@47.093C soc1@44.812C VDD_IN 4153mW/4154mW VDD_CPU_GPU_CV 996mW/1007mW VDD_SOC 1397mW/1397mW
08-09-2026 23:27:07 RAM 3484/7620MB (lfb 1x4MB) SWAP 2/12002MB (cached 0MB) CPU [1%@1510,1%@1510,1%@1510,2%@1510,0%@1510,0%@1510] GR3D_FREQ 0% cpu@47.031C soc2@46.343C soc0@44.687C gpu@46.468C tj@47.031C soc1@44.562C VDD_IN 4153mW/4154mW VDD_CPU_GPU_CV 996mW/1007mW VDD_SOC 1397mW/1397mW
08-09-2026 23:27:08 RAM 3484/7620MB (lfb 1x4MB) SWAP 2/12002MB (cached 0MB) CPU [2%@1510,1%@1510,2%@1510,1%@1510,2%@1510,1%@1510] GR3D_FREQ 0% cpu@47.25C soc2@46.375C soc0@44.625C gpu@46.406C tj@47.25C soc1@44.5C VDD_IN 4153mW/4154mW VDD_CPU_GPU_CV 996mW/1007mW VDD_SOC 1397mW/1397mW
08-09-2026 23:27:09 RAM 3484/7620MB (lfb 1x4MB) SWAP 2/12002MB (cached 0MB) CPU [1%@1510,0%@1510,4%@1510,0%@1510,3%@1510,1%@1510] GR3D_FREQ 0% cpu@46.968C soc2@46.375C soc0@44.562C gpu@46.406C tj@46.968C soc1@44.625C VDD_IN 4153mW/4154mW VDD_CPU_GPU_CV 996mW/1007mW VDD_SOC 1397mW/1397mW
08-09-2026 23:27:10 RAM 3484/7620MB (lfb 1x4MB) SWAP 2/12002MB (cached 0MB) CPU [3%@1510,1%@1510,3%@1510,2%@1510,2%@1510,3%@1510] GR3D_FREQ 0% cpu@47.031C soc2@46.343C soc0@44.656C gpu@46.593C tj@47.031C soc1@44.687C VDD_IN 4153mW/4154mW VDD_CPU_GPU_CV 1036mW/1007mW VDD_SOC 1397mW/1397mW
08-09-2026 23:27:11 RAM 3484/7620MB (lfb 1x4MB) SWAP 2/12002MB (cached 0MB) CPU [2%@1510,1%@1510,4%@1510,3%@1510,1%@1510,2%@1510] GR3D_FREQ 0% cpu@46.906C soc2@46.375C soc0@44.625C gpu@46.406C tj@46.906C soc1@44.656C VDD_IN 4153mW/4154mW VDD_CPU_GPU_CV 996mW/1007mW VDD_SOC 1397mW/1397mW
08-09-2026 23:27:12 RAM 3484/7620MB (lfb 1x4MB) SWAP 2/12002MB (cached 0MB) CPU [1%@1510,0%@1510,3%@1510,1%@1510,2%@1510,0%@1510] GR3D_FREQ 0% cpu@47.093C soc2@46.375C soc0@44.718C gpu@46.531C tj@47.093C soc1@44.812C VDD_IN 4153mW/4154mW VDD_CPU_GPU_CV 996mW/1007mW VDD_SOC 1397mW/1397mW
08-09-2026 23:27:13 RAM 3484/7620MB (lfb 1x4MB) SWAP 2/12002MB (cached 0MB) CPU [1%@1510,1%@1510,3%@1510,1%@1510,1%@1510,0%@1510] GR3D_FREQ 0% cpu@47.187C soc2@46.375C soc0@44.718C gpu@46.468C tj@47.187C soc1@44.531C VDD_IN 4153mW/4154mW VDD_CPU_GPU_CV 996mW/1007mW VDD_SOC 1397mW/1397mW
08-09-2026 23:27:14 RAM 3484/7620MB (lfb 1x4MB) SWAP 2/12002MB (cached 0MB) CPU [1%@1510,1%@1510,1%@1510,2%@1510,2%@1510,1%@1510] GR3D_FREQ 0% cpu@47.062C soc2@46.375C soc0@44.781C gpu@46.5C tj@46.937C soc1@44.562C VDD_IN 4153mW/4154mW VDD_CPU_GPU_CV 996mW/1007mW VDD_SOC 1397mW/1397mW
08-09-2026 23:27:15 RAM 3485/7620MB (lfb 1x4MB) SWAP 2/12002MB (cached 0MB) CPU [0%@1510,3%@1510,1%@1510,3%@1510,3%@1510,2%@1510] GR3D_FREQ 0% cpu@47.312C soc2@46.375C soc0@44.593C gpu@46.468C tj@47.312C soc1@44.656C VDD_IN 4153mW/4154mW VDD_CPU_GPU_CV 996mW/1007mW VDD_SOC 1397mW/1397mW
08-09-2026 23:27:16 RAM 3485/7620MB (lfb 1x4MB) SWAP 2/12002MB (cached 0MB) CPU [1%@1510,1%@1510,0%@1510,4%@1510,2%@1510,1%@1510] GR3D_FREQ 0% cpu@46.937C soc2@46.312C soc0@44.562C gpu@46.593C tj@46.937C soc1@44.656C VDD_IN 4153mW/4154mW VDD_CPU_GPU_CV 996mW/1007mW VDD_SOC 1397mW/1397mW
08-09-2026 23:27:17 RAM 3485/7620MB (lfb 1x4MB) SWAP 2/12002MB (cached 0MB) CPU [1%@1510,1%@1510,0%@1510,3%@1510,2%@1510,1%@1510] GR3D_FREQ 0% cpu@47.031C soc2@46.375C soc0@44.625C gpu@46.593C tj@47.031C soc1@44.718C VDD_IN 4113mW/4154mW VDD_CPU_GPU_CV 996mW/1007mW VDD_SOC 1397mW/1397mW
08-09-2026 23:27:18 RAM 3485/7620MB (lfb 1x4MB) SWAP 2/12002MB (cached 0MB) CPU [1%@1510,1%@1510,1%@1510,3%@1510,1%@1510,0%@1510] GR3D_FREQ 0% cpu@46.937C soc2@46.375C soc0@44.75C gpu@46.593C tj@46.937C soc1@44.468C VDD_IN 4193mW/4154mW VDD_CPU_GPU_CV 996mW/1007mW VDD_SOC 1397mW/1397mW
08-09-2026 23:27:19 RAM 3485/7620MB (lfb 1x4MB) SWAP 2/12002MB (cached 0MB) CPU [0%@1510,0%@1510,1%@1510,3%@1510,1%@1510,1%@1510] GR3D_FREQ 0% cpu@47.062C soc2@46.343C soc0@44.781C gpu@46.687C tj@47.062C soc1@44.562C VDD_IN 4153mW/4154mW VDD_CPU_GPU_CV 996mW/1007mW VDD_SOC 1397mW/1397mW
08-09-2026 23:27:20 RAM 3482/7620MB (lfb 1x4MB) SWAP 2/12002MB (cached 0MB) CPU [4%@1510,1%@1510,0%@1510,3%@1510,3%@1510,3%@1510] GR3D_FREQ 0% cpu@47.281C soc2@46.281C soc0@44.687C gpu@46.656C tj@47.281C soc1@44.625C VDD_IN 4153mW/4154mW VDD_CPU_GPU_CV 996mW/1007mW VDD_SOC 1397mW/1397mW
08-09-2026 23:27:21 RAM 3482/7620MB (lfb 1x4MB) SWAP 2/12002MB (cached 0MB) CPU [1%@1510,1%@1510,1%@1510,3%@1510,1%@1510,2%@1510] GR3D_FREQ 0% cpu@47.093C soc2@46.375C soc0@44.687C gpu@46.312C tj@47C soc1@44.656C VDD_IN 4153mW/4154mW VDD_CPU_GPU_CV 996mW/1006mW VDD_SOC 1397mW/1397mW
08-09-2026 23:27:22 RAM 3482/7620MB (lfb 1x4MB) SWAP 2/12002MB (cached 0MB) CPU [2%@1510,1%@1510,0%@1510,3%@1510,0%@1510,1%@1510] GR3D_FREQ 0% cpu@46.906C soc2@46.312C soc0@44.625C gpu@46.312C tj@46.906C soc1@44.687C VDD_IN 4113mW/4154mW VDD_CPU_GPU_CV 996mW/1006mW VDD_SOC 1397mW/1397mW
08-09-2026 23:27:23 RAM 3482/7620MB (lfb 1x4MB) SWAP 2/12002MB (cached 0MB) CPU [2%@1510,0%@1510,1%@1510,1%@1510,0%@1510,2%@1510] GR3D_FREQ 0% cpu@47C soc2@46.406C soc0@44.625C gpu@46.343C tj@47C soc1@44.781C VDD_IN 4153mW/4154mW VDD_CPU_GPU_CV 996mW/1006mW VDD_SOC 1397mW/1397mW
08-09-2026 23:27:24 RAM 3482/7620MB (lfb 1x4MB) SWAP 2/12002MB (cached 0MB) CPU [2%@1510,0%@1510,0%@1510,4%@1510,3%@1510,1%@1510] GR3D_FREQ 0% cpu@47.031C soc2@46.437C soc0@44.656C gpu@46.437C tj@47.031C soc1@44.5C VDD_IN 4153mW/4154mW VDD_CPU_GPU_CV 996mW/1006mW VDD_SOC 1397mW/1397mW
08-09-2026 23:27:25 RAM 3481/7620MB (lfb 1x4MB) SWAP 2/12002MB (cached 0MB) CPU [3%@1510,0%@1510,1%@1510,3%@1510,3%@1510,3%@1510] GR3D_FREQ 0% cpu@47.281C soc2@46.375C soc0@44.781C gpu@46.375C tj@47.281C soc1@44.562C VDD_IN 4153mW/4154mW VDD_CPU_GPU_CV 996mW/1006mW VDD_SOC 1397mW/1397mW
08-09-2026 23:27:26 RAM 3481/7620MB (lfb 1x4MB) SWAP 2/12002MB (cached 0MB) CPU [1%@1510,2%@1510,1%@1510,3%@1510,3%@1510,1%@1510] GR3D_FREQ 0% cpu@47.125C soc2@46.343C soc0@44.593C gpu@46.468C tj@47.125C soc1@44.593C VDD_IN 4153mW/4154mW VDD_CPU_GPU_CV 996mW/1006mW VDD_SOC 1397mW/1397mW
08-09-2026 23:27:27 RAM 3481/7620MB (lfb 1x4MB) SWAP 2/12002MB (cached 0MB) CPU [3%@1510,0%@1510,0%@1510,3%@1510,1%@1510,1%@1510] GR3D_FREQ 0% cpu@46.875C soc2@46.343C soc0@44.656C gpu@46.375C tj@46.875C soc1@44.593C VDD_IN 4153mW/4154mW VDD_CPU_GPU_CV 996mW/1006mW VDD_SOC 1397mW/1397mW
08-09-2026 23:27:28 RAM 3481/7620MB (lfb 1x4MB) SWAP 2/12002MB (cached 0MB) CPU [2%@1510,2%@1510,0%@1510,2%@1510,0%@1510,0%@1510] GR3D_FREQ 0% cpu@47.031C soc2@46.312C soc0@44.625C gpu@46.437C tj@47.031C soc1@44.593C VDD_IN 4153mW/4154mW VDD_CPU_GPU_CV 996mW/1006mW VDD_SOC 1397mW/1397mW
08-09-2026 23:27:29 RAM 3481/7620MB (lfb 1x4MB) SWAP 2/12002MB (cached 0MB) CPU [2%@1510,2%@1510,0%@1510,2%@1510,1%@1510,0%@1510] GR3D_FREQ 0% cpu@47.062C soc2@46.375C soc0@44.687C gpu@46.437C tj@47.062C soc1@44.531C VDD_IN 4153mW/4154mW VDD_CPU_GPU_CV 996mW/1006mW VDD_SOC 1397mW/1397mW
08-09-2026 23:27:30 RAM 3477/7620MB (lfb 1x4MB) SWAP 2/12002MB (cached 0MB) CPU [2%@1510,3%@1510,4%@1510,4%@1510,1%@1510,2%@1510] GR3D_FREQ 0% cpu@47.281C soc2@46.281C soc0@44.687C gpu@46.437C tj@47.281C soc1@44.593C VDD_IN 4153mW/4154mW VDD_CPU_GPU_CV 1036mW/1006mW VDD_SOC 1397mW/1397mW
08-09-2026 23:27:31 RAM 3476/7620MB (lfb 1x4MB) SWAP 2/12002MB (cached 0MB) CPU [2%@1510,1%@1510,0%@1510,3%@1510,1%@1510,2%@1510] GR3D_FREQ 0% cpu@47.062C soc2@46.375C soc0@44.687C gpu@46.406C tj@47.062C soc1@44.593C VDD_IN 4153mW/4154mW VDD_CPU_GPU_CV 996mW/1006mW VDD_SOC 1397mW/1397mW
08-09-2026 23:27:32 RAM 3476/7620MB (lfb 1x4MB) SWAP 2/12002MB (cached 0MB) CPU [2%@1510,2%@1510,0%@1510,4%@1510,0%@1510,3%@1510] GR3D_FREQ 0% cpu@46.937C soc2@46.375C soc0@44.562C gpu@46.437C tj@46.937C soc1@44.531C VDD_IN 4153mW/4154mW VDD_CPU_GPU_CV 996mW/1006mW VDD_SOC 1397mW/1397mW
08-09-2026 23:27:33 RAM 3476/7620MB (lfb 1x4MB) SWAP 2/12002MB (cached 0MB) CPU [1%@1510,1%@1510,0%@1510,2%@1510,2%@1510,1%@1510] GR3D_FREQ 0% cpu@46.937C soc2@46.343C soc0@44.562C gpu@46.468C tj@46.937C soc1@44.625C VDD_IN 4153mW/4154mW VDD_CPU_GPU_CV 996mW/1006mW VDD_SOC 1397mW/1397mW
08-09-2026 23:27:34 RAM 3476/7620MB (lfb 1x4MB) SWAP 2/12002MB (cached 0MB) CPU [2%@1510,0%@1510,0%@1510,3%@1510,1%@1510,1%@1510] GR3D_FREQ 0% cpu@46.968C soc2@46.375C soc0@44.656C gpu@46.343C tj@46.968C soc1@44.718C VDD_IN 4113mW/4153mW VDD_CPU_GPU_CV 996mW/1006mW VDD_SOC 1397mW/1397mW
08-09-2026 23:27:35 RAM 3476/7620MB (lfb 1x4MB) SWAP 2/12002MB (cached 0MB) CPU [1%@1510,2%@1510,0%@1510,3%@1510,1%@1510,4%@1510] GR3D_FREQ 0% cpu@47C soc2@46.406C soc0@44.656C gpu@46.312C tj@47C soc1@44.843C VDD_IN 4153mW/4153mW VDD_CPU_GPU_CV 996mW/1006mW VDD_SOC 1397mW/1397mW
08-09-2026 23:27:36 RAM 3476/7620MB (lfb 1x4MB) SWAP 2/12002MB (cached 0MB) CPU [3%@1510,2%@1510,4%@1510,1%@1510,2%@1510,2%@1510] GR3D_FREQ 0% cpu@47.062C soc2@46.343C soc0@44.75C gpu@46.312C tj@47.062C soc1@44.562C VDD_IN 4153mW/4153mW VDD_CPU_GPU_CV 996mW/1006mW VDD_SOC 1397mW/1397mW
08-09-2026 23:27:37 RAM 3474/7620MB (lfb 1x4MB) SWAP 2/12002MB (cached 0MB) CPU [1%@1510,2%@1510,2%@1510,0%@1510,1%@1510,0%@1510] GR3D_FREQ 0% cpu@46.937C soc2@46.312C soc0@44.562C gpu@46.281C tj@46.937C soc1@44.562C VDD_IN 4153mW/4153mW VDD_CPU_GPU_CV 996mW/1006mW VDD_SOC 1397mW/1397mW
08-09-2026 23:27:38 RAM 3474/7620MB (lfb 1x4MB) SWAP 2/12002MB (cached 0MB) CPU [2%@1510,2%@1510,2%@1510,0%@1510,0%@1510,1%@1510] GR3D_FREQ 0% cpu@47.125C soc2@46.375C soc0@44.5C gpu@46.343C tj@47.125C soc1@44.562C VDD_IN 4153mW/4153mW VDD_CPU_GPU_CV 996mW/1006mW VDD_SOC 1397mW/1397mW
08-09-2026 23:27:39 RAM 3474/7620MB (lfb 1x4MB) SWAP 2/12002MB (cached 0MB) CPU [1%@1510,1%@1510,2%@1510,0%@1510,0%@1510,1%@1510] GR3D_FREQ 0% cpu@46.906C soc2@46.343C soc0@44.593C gpu@46.343C tj@46.906C soc1@44.656C VDD_IN 4153mW/4153mW VDD_CPU_GPU_CV 996mW/1006mW VDD_SOC 1397mW/1397mW
08-09-2026 23:27:40 RAM 3474/7620MB (lfb 1x4MB) SWAP 2/12002MB (cached 0MB) CPU [1%@1510,2%@1510,3%@1510,3%@1510,2%@1510,2%@1510] GR3D_FREQ 0% cpu@46.906C soc2@46.375C soc0@44.687C gpu@46.343C tj@46.906C soc1@44.718C VDD_IN 4153mW/4153mW VDD_CPU_GPU_CV 996mW/1006mW VDD_SOC 1397mW/1397mW
08-09-2026 23:27:41 RAM 3474/7620MB (lfb 1x4MB) SWAP 2/12002MB (cached 0MB) CPU [2%@1510,1%@1510,2%@1510,1%@1510,2%@1510,2%@1510] GR3D_FREQ 0% cpu@47.125C soc2@46.406C soc0@44.75C gpu@46.218C tj@47.125C soc1@44.5C VDD_IN 4153mW/4153mW VDD_CPU_GPU_CV 996mW/1005mW VDD_SOC 1397mW/1397mW
08-09-2026 23:27:42 RAM 3474/7620MB (lfb 1x4MB) SWAP 2/12002MB (cached 0MB) CPU [2%@1510,2%@1510,3%@1510,0%@1510,1%@1510,1%@1510] GR3D_FREQ 0% cpu@46.968C soc2@46.281C soc0@44.625C gpu@46.343C tj@46.968C soc1@44.562C VDD_IN 4153mW/4153mW VDD_CPU_GPU_CV 996mW/1005mW VDD_SOC 1397mW/1397mW
08-09-2026 23:27:43 RAM 3474/7620MB (lfb 1x4MB) SWAP 2/12002MB (cached 0MB) CPU [2%@1510,1%@1510,2%@1510,0%@1510,1%@1510,0%@1510] GR3D_FREQ 0% cpu@47.187C soc2@46.281C soc0@44.687C gpu@46.375C tj@47.187C soc1@44.593C VDD_IN 4153mW/4153mW VDD_CPU_GPU_CV 996mW/1005mW VDD_SOC 1397mW/1397mW
08-09-2026 23:27:44 RAM 3474/7620MB (lfb 1x4MB) SWAP 2/12002MB (cached 0MB) CPU [1%@1510,1%@1510,3%@1510,1%@1510,1%@1510,0%@1510] GR3D_FREQ 0% cpu@47.093C soc2@46.375C soc0@44.531C gpu@46.375C tj@47.093C soc1@44.625C VDD_IN 4113mW/4153mW VDD_CPU_GPU_CV 996mW/1005mW VDD_SOC 1397mW/1397mW
08-09-2026 23:27:45 RAM 3474/7620MB (lfb 1x4MB) SWAP 2/12002MB (cached 0MB) CPU [3%@1510,3%@1510,1%@1510,3%@1510,2%@1510,4%@1510] GR3D_FREQ 0% cpu@47C soc2@46.406C soc0@44.656C gpu@46.343C tj@47C soc1@44.687C VDD_IN 4153mW/4153mW VDD_CPU_GPU_CV 996mW/1005mW VDD_SOC 1397mW/1397mW
08-09-2026 23:27:46 RAM 3473/7620MB (lfb 1x4MB) SWAP 2/12002MB (cached 0MB) CPU [2%@1510,2%@1510,1%@1510,3%@1510,1%@1510,1%@1510] GR3D_FREQ 0% cpu@47.093C soc2@46.343C soc0@44.625C gpu@46.406C tj@47.093C soc1@44.812C VDD_IN 4113mW/4153mW VDD_CPU_GPU_CV 996mW/1005mW VDD_SOC 1397mW/1397mW
08-09-2026 23:27:47 RAM 3473/7620MB (lfb 1x4MB) SWAP 2/12002MB (cached 0MB) CPU [1%@1510,1%@1510,0%@1510,2%@1510,0%@1510,1%@1510] GR3D_FREQ 0% cpu@47C soc2@46.281C soc0@44.656C gpu@46.437C tj@47C soc1@44.468C VDD_IN 4153mW/4153mW VDD_CPU_GPU_CV 996mW/1005mW VDD_SOC 1397mW/1397mW
08-09-2026 23:27:48 RAM 3473/7620MB (lfb 1x4MB) SWAP 2/12002MB (cached 0MB) CPU [1%@1510,1%@1510,1%@1510,4%@1510,0%@1510,3%@1510] GR3D_FREQ 0% cpu@47.218C soc2@46.312C soc0@44.781C gpu@46.375C tj@47.218C soc1@44.562C VDD_IN 4153mW/4153mW VDD_CPU_GPU_CV 996mW/1005mW VDD_SOC 1397mW/1397mW
08-09-2026 23:27:49 RAM 3473/7620MB (lfb 1x4MB) SWAP 2/12002MB (cached 0MB) CPU [2%@1510,1%@1510,0%@1510,2%@1510,1%@1510,1%@1510] GR3D_FREQ 0% cpu@47.031C soc2@46.343C soc0@44.625C gpu@46.375C tj@47.031C soc1@44.687C VDD_IN 4153mW/4153mW VDD_CPU_GPU_CV 996mW/1005mW VDD_SOC 1397mW/1397mW
08-09-2026 23:27:50 RAM 3473/7620MB (lfb 1x4MB) SWAP 2/12002MB (cached 0MB) CPU [1%@1510,1%@1510,2%@1510,3%@1510,3%@1510,3%@1510] GR3D_FREQ 0% cpu@47.281C soc2@46.343C soc0@44.656C gpu@46.406C tj@46.906C soc1@44.718C VDD_IN 4153mW/4153mW VDD_CPU_GPU_CV 996mW/1005mW VDD_SOC 1397mW/1397mW
08-09-2026 23:27:51 RAM 3473/7620MB (lfb 1x4MB) SWAP 2/12002MB (cached 0MB) CPU [0%@1510,2%@1510,2%@1510,3%@1510,1%@1510,2%@1510] GR3D_FREQ 0% cpu@46.875C soc2@46.375C soc0@44.625C gpu@46.281C tj@46.875C soc1@44.687C VDD_IN 4153mW/4153mW VDD_CPU_GPU_CV 996mW/1005mW VDD_SOC 1397mW/1397mW
08-09-2026 23:27:52 RAM 3473/7620MB (lfb 1x4MB) SWAP 2/12002MB (cached 0MB) CPU [1%@1510,1%@1510,0%@1510,3%@1510,1%@1510,1%@1510] GR3D_FREQ 0% cpu@47.031C soc2@46.343C soc0@44.687C gpu@46.343C tj@47.031C soc1@44.75C VDD_IN 4153mW/4153mW VDD_CPU_GPU_CV 996mW/1005mW VDD_SOC 1397mW/1397mW
08-09-2026 23:27:53 RAM 3473/7620MB (lfb 1x4MB) SWAP 2/12002MB (cached 0MB) CPU [2%@1510,1%@1510,1%@1510,3%@1510,0%@1510,2%@1510] GR3D_FREQ 0% cpu@47.187C soc2@46.312C soc0@44.75C gpu@46.25C tj@47.187C soc1@44.5C VDD_IN 4153mW/4153mW VDD_CPU_GPU_CV 996mW/1005mW VDD_SOC 1397mW/1397mW
08-09-2026 23:27:54 RAM 3473/7620MB (lfb 1x4MB) SWAP 2/12002MB (cached 0MB) CPU [2%@1510,1%@1510,3%@1510,2%@1510,1%@1510,2%@1510] GR3D_FREQ 0% cpu@47.187C soc2@46.343C soc0@44.718C gpu@46.281C tj@47.187C soc1@44.5C VDD_IN 4193mW/4153mW VDD_CPU_GPU_CV 1036mW/1005mW VDD_SOC 1397mW/1397mW
08-09-2026 23:27:55 RAM 3473/7620MB (lfb 1x4MB) SWAP 2/12002MB (cached 0MB) CPU [2%@1510,1%@1510,1%@1510,4%@1510,1%@1510,3%@1510] GR3D_FREQ 0% cpu@47.281C soc2@46.281C soc0@44.656C gpu@46.281C tj@47.281C soc1@44.593C VDD_IN 4153mW/4153mW VDD_CPU_GPU_CV 996mW/1005mW VDD_SOC 1397mW/1397mW
08-09-2026 23:27:56 RAM 3473/7620MB (lfb 1x4MB) SWAP 2/12002MB (cached 0MB) CPU [1%@1510,2%@1510,0%@1510,2%@1510,2%@1510,1%@1510] GR3D_FREQ 0% cpu@46.937C soc2@46.25C soc0@44.75C gpu@46.343C tj@46.937C soc1@44.656C VDD_IN 4153mW/4153mW VDD_CPU_GPU_CV 996mW/1005mW VDD_SOC 1397mW/1397mW
08-09-2026 23:27:57 RAM 3473/7620MB (lfb 1x4MB) SWAP 2/12002MB (cached 0MB) CPU [1%@1510,1%@1510,1%@1510,3%@1510,3%@1510,1%@1510] GR3D_FREQ 0% cpu@47C soc2@46.375C soc0@44.625C gpu@46.343C tj@47C soc1@44.718C VDD_IN 4153mW/4153mW VDD_CPU_GPU_CV 996mW/1005mW VDD_SOC 1397mW/1397mW
08-09-2026 23:27:58 RAM 3473/7620MB (lfb 1x4MB) SWAP 2/12002MB (cached 0MB) CPU [2%@1510,1%@1510,0%@1510,3%@1510,1%@1510,1%@1510] GR3D_FREQ 0% cpu@47.093C soc2@46.406C soc0@44.687C gpu@46.281C tj@47.093C soc1@44.5C VDD_IN 4153mW/4153mW VDD_CPU_GPU_CV 996mW/1005mW VDD_SOC 1397mW/1397mW
08-09-2026 23:27:59 RAM 3473/7620MB (lfb 1x4MB) SWAP 2/12002MB (cached 0MB) CPU [1%@1510,1%@1510,1%@1510,3%@1510,4%@1510,2%@1510] GR3D_FREQ 0% cpu@47.218C soc2@46.375C soc0@44.781C gpu@46.312C tj@47.218C soc1@44.562C VDD_IN 4233mW/4154mW VDD_CPU_GPU_CV 1076mW/1005mW VDD_SOC 1397mW/1397mW
08-09-2026 23:28:00 RAM 3473/7620MB (lfb 1x4MB) SWAP 2/12002MB (cached 0MB) CPU [1%@1510,1%@1510,3%@1510,4%@1510,1%@1510,2%@1510] GR3D_FREQ 0% cpu@47.312C soc2@46.312C soc0@44.593C gpu@46.375C tj@47.312C soc1@44.625C VDD_IN 4193mW/4154mW VDD_CPU_GPU_CV 1036mW/1005mW VDD_SOC 1397mW/1397mW
08-09-2026 23:28:01 RAM 3473/7620MB (lfb 1x4MB) SWAP 2/12002MB (cached 0MB) CPU [2%@1510,1%@1510,1%@1510,3%@1510,0%@1510,2%@1510] GR3D_FREQ 0% cpu@46.875C soc2@46.25C soc0@44.625C gpu@46.375C tj@46.875C soc1@44.718C VDD_IN 4153mW/4154mW VDD_CPU_GPU_CV 996mW/1005mW VDD_SOC 1397mW/1397mW
08-09-2026 23:28:02 RAM 3473/7620MB (lfb 1x4MB) SWAP 2/12002MB (cached 0MB) CPU [1%@1510,1%@1510,2%@1510,3%@1510,1%@1510,1%@1510] GR3D_FREQ 0% cpu@47C soc2@46.375C soc0@44.718C gpu@46.375C tj@47C soc1@44.625C VDD_IN 4113mW/4154mW VDD_CPU_GPU_CV 996mW/1005mW VDD_SOC 1397mW/1397mW
08-09-2026 23:28:03 RAM 3473/7620MB (lfb 1x4MB) SWAP 2/12002MB (cached 0MB) CPU [0%@1510,1%@1510,0%@1510,2%@1510,1%@1510,1%@1510] GR3D_FREQ 0% cpu@46.968C soc2@46.437C soc0@44.718C gpu@46.375C tj@46.968C soc1@44.75C VDD_IN 4153mW/4154mW VDD_CPU_GPU_CV 996mW/1005mW VDD_SOC 1397mW/1397mW
08-09-2026 23:28:04 RAM 3473/7620MB (lfb 1x4MB) SWAP 2/12002MB (cached 0MB) CPU [2%@1510,0%@1510,3%@1510,3%@1510,2%@1510,2%@1510] GR3D_FREQ 0% cpu@47.093C soc2@46.375C soc0@44.656C gpu@46.375C tj@47.093C soc1@44.781C VDD_IN 4233mW/4154mW VDD_CPU_GPU_CV 1036mW/1005mW VDD_SOC 1397mW/1397mW
08-09-2026 23:28:05 RAM 3472/7620MB (lfb 1x4MB) SWAP 2/12002MB (cached 0MB) CPU [1%@1510,1%@1510,2%@1510,4%@1510,1%@1510,2%@1510] GR3D_FREQ 0% cpu@47.281C soc2@46.25C soc0@44.75C gpu@46.375C tj@47.281C soc1@44.531C VDD_IN 4193mW/4154mW VDD_CPU_GPU_CV 1036mW/1005mW VDD_SOC 1397mW/1397mW
08-09-2026 23:28:06 RAM 3472/7620MB (lfb 1x4MB) SWAP 2/12002MB (cached 0MB) CPU [0%@1510,0%@1510,4%@1510,1%@1510,1%@1510,1%@1510] GR3D_FREQ 0% cpu@47.093C soc2@46.375C soc0@44.625C gpu@46.375C tj@47.031C soc1@44.562C VDD_IN 4153mW/4154mW VDD_CPU_GPU_CV 996mW/1005mW VDD_SOC 1397mW/1397mW
08-09-2026 23:28:07 RAM 3472/7620MB (lfb 1x4MB) SWAP 2/12002MB (cached 0MB) CPU [2%@1510,1%@1510,3%@1510,1%@1510,1%@1510,0%@1510] GR3D_FREQ 0% cpu@46.875C soc2@46.343C soc0@44.625C gpu@46.375C tj@46.875C soc1@44.562C VDD_IN 4113mW/4154mW VDD_CPU_GPU_CV 996mW/1005mW VDD_SOC 1397mW/1397mW
08-09-2026 23:28:08 RAM 3472/7620MB (lfb 1x4MB) SWAP 2/12002MB (cached 0MB) CPU [1%@1510,0%@1510,3%@1510,1%@1510,1%@1510,1%@1510] GR3D_FREQ 0% cpu@46.875C soc2@46.343C soc0@44.687C gpu@46.406C tj@46.875C soc1@44.687C VDD_IN 4113mW/4154mW VDD_CPU_GPU_CV 996mW/1005mW VDD_SOC 1397mW/1397mW
08-09-2026 23:28:09 RAM 3472/7620MB (lfb 1x4MB) SWAP 2/12002MB (cached 0MB) CPU [2%@1510,1%@1510,4%@1510,4%@1510,1%@1510,1%@1510] GR3D_FREQ 0% cpu@47.031C soc2@46.312C soc0@44.687C gpu@46.375C tj@47.031C soc1@44.718C VDD_IN 4193mW/4154mW VDD_CPU_GPU_CV 1036mW/1005mW VDD_SOC 1397mW/1397mW
08-09-2026 23:28:10 RAM 3472/7620MB (lfb 1x4MB) SWAP 2/12002MB (cached 0MB) CPU [1%@1510,4%@1510,4%@1510,2%@1510,1%@1510,2%@1510] GR3D_FREQ 0% cpu@47C soc2@46.375C soc0@44.625C gpu@46.468C tj@47C soc1@44.75C VDD_IN 4193mW/4154mW VDD_CPU_GPU_CV 1036mW/1006mW VDD_SOC 1397mW/1397mW
08-09-2026 23:28:11 RAM 3472/7620MB (lfb 1x4MB) SWAP 2/12002MB (cached 0MB) CPU [1%@1510,2%@1510,3%@1510,2%@1510,1%@1510,0%@1510] GR3D_FREQ 0% cpu@47.093C soc2@46.375C soc0@44.687C gpu@46.437C tj@47.093C soc1@44.593C VDD_IN 4113mW/4154mW VDD_CPU_GPU_CV 996mW/1006mW VDD_SOC 1397mW/1397mW
08-09-2026 23:28:12 RAM 3471/7620MB (lfb 1x4MB) SWAP 2/12002MB (cached 0MB) CPU [1%@1510,1%@1510,4%@1510,1%@1510,3%@1510,1%@1510] GR3D_FREQ 0% cpu@46.875C soc2@46.375C soc0@44.625C gpu@46.468C tj@46.875C soc1@44.625C VDD_IN 4153mW/4154mW VDD_CPU_GPU_CV 996mW/1006mW VDD_SOC 1397mW/1397mW
08-09-2026 23:28:13 RAM 3471/7620MB (lfb 1x4MB) SWAP 2/12002MB (cached 0MB) CPU [2%@1510,1%@1510,2%@1510,1%@1510,0%@1510,1%@1510] GR3D_FREQ 0% cpu@47.187C soc2@46.375C soc0@44.625C gpu@46.406C tj@47.187C soc1@44.625C VDD_IN 4113mW/4154mW VDD_CPU_GPU_CV 996mW/1005mW VDD_SOC 1397mW/1397mW
08-09-2026 23:28:14 RAM 3472/7620MB (lfb 1x4MB) SWAP 2/12002MB (cached 0MB) CPU [1%@1510,1%@1510,4%@1510,3%@1510,1%@1510,3%@1510] GR3D_FREQ 0% cpu@47C soc2@46.281C soc0@44.625C gpu@46.468C tj@47C soc1@44.656C VDD_IN 4193mW/4154mW VDD_CPU_GPU_CV 1036mW/1006mW VDD_SOC 1397mW/1397mW
08-09-2026 23:28:15 RAM 3472/7620MB (lfb 1x4MB) SWAP 2/12002MB (cached 0MB) CPU [1%@1510,1%@1510,4%@1510,1%@1510,3%@1510,2%@1510] GR3D_FREQ 0% cpu@46.968C soc2@46.406C soc0@44.843C gpu@46.5C tj@46.968C soc1@44.718C VDD_IN 4193mW/4154mW VDD_CPU_GPU_CV 1036mW/1006mW VDD_SOC 1397mW/1397mW
08-09-2026 23:28:16 RAM 3472/7620MB (lfb 1x4MB) SWAP 2/12002MB (cached 0MB) CPU [1%@1510,0%@1510,2%@1510,1%@1510,1%@1510,1%@1510] GR3D_FREQ 0% cpu@47.062C soc2@46.343C soc0@44.687C gpu@46.5C tj@47.062C soc1@44.531C VDD_IN 4153mW/4154mW VDD_CPU_GPU_CV 996mW/1006mW VDD_SOC 1397mW/1397mW
08-09-2026 23:28:17 RAM 3472/7620MB (lfb 1x4MB) SWAP 2/12002MB (cached 0MB) CPU [0%@1510,1%@1510,4%@1510,0%@1510,1%@1510,1%@1510] GR3D_FREQ 0% cpu@46.875C soc2@46.375C soc0@44.656C gpu@46.562C tj@46.875C soc1@44.625C VDD_IN 4153mW/4154mW VDD_CPU_GPU_CV 996mW/1006mW VDD_SOC 1397mW/1397mW
08-09-2026 23:28:18 RAM 3472/7620MB (lfb 1x4MB) SWAP 2/12002MB (cached 0MB) CPU [2%@1510,0%@1510,3%@1510,0%@1510,4%@1510,1%@1510] GR3D_FREQ 0% cpu@46.937C soc2@46.375C soc0@44.625C gpu@46.5C tj@46.937C soc1@44.781C VDD_IN 4153mW/4154mW VDD_CPU_GPU_CV 996mW/1006mW VDD_SOC 1397mW/1397mW
08-09-2026 23:28:19 RAM 3472/7620MB (lfb 1x4MB) SWAP 2/12002MB (cached 0MB) CPU [1%@1510,0%@1510,4%@1510,2%@1510,4%@1510,2%@1510] GR3D_FREQ 0% cpu@47.031C soc2@46.343C soc0@44.656C gpu@46.531C tj@47.031C soc1@44.812C VDD_IN 4233mW/4154mW VDD_CPU_GPU_CV 1036mW/1006mW VDD_SOC 1397mW/1397mW
08-09-2026 23:28:20 RAM 3472/7620MB (lfb 1x4MB) SWAP 2/12002MB (cached 0MB) CPU [1%@1510,1%@1510,4%@1510,1%@1510,3%@1510,2%@1510] GR3D_FREQ 0% cpu@46.937C soc2@46.406C soc0@44.718C gpu@46.593C tj@47.218C soc1@44.531C VDD_IN 4193mW/4155mW VDD_CPU_GPU_CV 1036mW/1006mW VDD_SOC 1397mW/1397mW
08-09-2026 23:28:21 RAM 3472/7620MB (lfb 1x4MB) SWAP 2/12002MB (cached 0MB) CPU [1%@1510,1%@1510,3%@1510,0%@1510,2%@1510,1%@1510] GR3D_FREQ 0% cpu@47.093C soc2@46.312C soc0@44.656C gpu@46.593C tj@47.093C soc1@44.5C VDD_IN 4153mW/4155mW VDD_CPU_GPU_CV 996mW/1006mW VDD_SOC 1397mW/1397mW
08-09-2026 23:28:22 RAM 3472/7620MB (lfb 1x4MB) SWAP 2/12002MB (cached 0MB) CPU [2%@1510,0%@1510,2%@1510,0%@1510,2%@1510,1%@1510] GR3D_FREQ 0% cpu@46.875C soc2@46.281C soc0@44.562C gpu@46.625C tj@46.875C soc1@44.593C VDD_IN 4113mW/4154mW VDD_CPU_GPU_CV 996mW/1006mW VDD_SOC 1397mW/1397mW
08-09-2026 23:28:23 RAM 3472/7620MB (lfb 1x4MB) SWAP 2/12002MB (cached 0MB) CPU [1%@1510,1%@1510,3%@1510,0%@1510,2%@1510,0%@1510] GR3D_FREQ 0% cpu@47.062C soc2@46.281C soc0@44.687C gpu@46.625C tj@47.062C soc1@44.625C VDD_IN 4113mW/4154mW VDD_CPU_GPU_CV 996mW/1006mW VDD_SOC 1397mW/1397mW
08-09-2026 23:28:24 RAM 3472/7620MB (lfb 1x4MB) SWAP 2/12002MB (cached 0MB) CPU [2%@1510,2%@1510,6%@1510,2%@1510,4%@1510,2%@1510] GR3D_FREQ 0% cpu@47C soc2@46.25C soc0@44.656C gpu@46.625C tj@47C soc1@44.625C VDD_IN 4233mW/4155mW VDD_CPU_GPU_CV 1036mW/1006mW VDD_SOC 1397mW/1397mW
08-09-2026 23:28:25 RAM 3472/7620MB (lfb 1x4MB) SWAP 2/12002MB (cached 0MB) CPU [1%@1510,0%@1510,2%@1510,3%@1510,1%@1510,2%@1510] GR3D_FREQ 0% cpu@47C soc2@46.375C soc0@44.687C gpu@46.625C tj@47C soc1@44.687C VDD_IN 4193mW/4155mW VDD_CPU_GPU_CV 1036mW/1006mW VDD_SOC 1397mW/1397mW
08-09-2026 23:28:27 RAM 3472/7620MB (lfb 1x4MB) SWAP 2/12002MB (cached 0MB) CPU [1%@1510,1%@1510,1%@1510,3%@1510,1%@1510,0%@1510] GR3D_FREQ 0% cpu@47.062C soc2@46.343C soc0@44.687C gpu@46.656C tj@47.062C soc1@44.531C VDD_IN 4113mW/4155mW VDD_CPU_GPU_CV 996mW/1006mW VDD_SOC 1397mW/1397mW
08-09-2026 23:28:28 RAM 3472/7620MB (lfb 1x4MB) SWAP 2/12002MB (cached 0MB) CPU [1%@1510,1%@1510,1%@1510,2%@1510,2%@1510,0%@1510] GR3D_FREQ 0% cpu@46.875C soc2@46.281C soc0@44.75C gpu@46.75C tj@46.875C soc1@44.562C VDD_IN 4113mW/4154mW VDD_CPU_GPU_CV 996mW/1006mW VDD_SOC 1397mW/1397mW
08-09-2026 23:28:29 RAM 3472/7620MB (lfb 1x4MB) SWAP 2/12002MB (cached 0MB) CPU [1%@1510,1%@1510,2%@1510,3%@1510,1%@1510,1%@1510] GR3D_FREQ 0% cpu@47.093C soc2@46.343C soc0@44.656C gpu@46.812C tj@47.093C soc1@44.5C VDD_IN 4113mW/4154mW VDD_CPU_GPU_CV 996mW/1006mW VDD_SOC 1397mW/1397mW
08-09-2026 23:28:30 RAM 3472/7620MB (lfb 1x4MB) SWAP 2/12002MB (cached 0MB) CPU [1%@1510,1%@1510,2%@1510,4%@1510,2%@1510,4%@1510] GR3D_FREQ 0% cpu@46.937C soc2@46.25C soc0@44.531C gpu@46.25C tj@46.937C soc1@44.593C VDD_IN 4193mW/4154mW VDD_CPU_GPU_CV 1036mW/1006mW VDD_SOC 1397mW/1397mW
08-09-2026 23:28:31 RAM 3472/7620MB (lfb 1x4MB) SWAP 2/12002MB (cached 0MB) CPU [2%@1510,1%@1510,2%@1510,5%@1510,2%@1510,1%@1510] GR3D_FREQ 0% cpu@46.937C soc2@46.343C soc0@44.687C gpu@46.218C tj@46.937C soc1@44.593C VDD_IN 4193mW/4154mW VDD_CPU_GPU_CV 1036mW/1006mW VDD_SOC 1397mW/1397mW
08-09-2026 23:28:32 RAM 3472/7620MB (lfb 1x4MB) SWAP 2/12002MB (cached 0MB) CPU [3%@1510,0%@1510,1%@1510,4%@1510,2%@1510,0%@1510] GR3D_FREQ 0% cpu@46.968C soc2@46.406C soc0@44.781C gpu@46.656C tj@46.968C soc1@44.5C VDD_IN 4153mW/4154mW VDD_CPU_GPU_CV 996mW/1006mW VDD_SOC 1397mW/1397mW
08-09-2026 23:28:33 RAM 3472/7620MB (lfb 1x4MB) SWAP 2/12002MB (cached 0MB) CPU [1%@1510,1%@1510,1%@1510,3%@1510,2%@1510,0%@1510] GR3D_FREQ 0% cpu@47.25C soc2@46.375C soc0@44.75C gpu@46.656C tj@47.25C soc1@44.593C VDD_IN 4113mW/4154mW VDD_CPU_GPU_CV 996mW/1006mW VDD_SOC 1397mW/1397mW
08-09-2026 23:28:34 RAM 3472/7620MB (lfb 1x4MB) SWAP 2/12002MB (cached 0MB) CPU [1%@1510,1%@1510,1%@1510,3%@1510,1%@1510,0%@1510] GR3D_FREQ 0% cpu@46.937C soc2@46.312C soc0@44.625C gpu@46.687C tj@46.937C soc1@44.625C VDD_IN 4113mW/4154mW VDD_CPU_GPU_CV 996mW/1006mW VDD_SOC 1397mW/1397mW
08-09-2026 23:28:35 RAM 3472/7620MB (lfb 1x4MB) SWAP 2/12002MB (cached 0MB) CPU [1%@1510,0%@1510,3%@1510,4%@1510,5%@1510,0%@1510] GR3D_FREQ 0% cpu@47C soc2@46.437C soc0@44.625C gpu@46.718C tj@47C soc1@44.687C VDD_IN 4193mW/4154mW VDD_CPU_GPU_CV 1036mW/1006mW VDD_SOC 1397mW/1397mW
08-09-2026 23:28:36 RAM 3471/7620MB (lfb 1x4MB) SWAP 2/12002MB (cached 0MB) CPU [2%@1510,1%@1510,1%@1510,4%@1510,2%@1510,0%@1510] GR3D_FREQ 0% cpu@46.906C soc2@46.468C soc0@44.656C gpu@46.25C tj@46.906C soc1@44.468C VDD_IN 4193mW/4154mW VDD_CPU_GPU_CV 1036mW/1006mW VDD_SOC 1397mW/1397mW
08-09-2026 23:28:37 RAM 3471/7620MB (lfb 1x4MB) SWAP 2/12002MB (cached 0MB) CPU [2%@1510,2%@1510,0%@1510,2%@1510,2%@1510,0%@1510] GR3D_FREQ 0% cpu@47.031C soc2@46.281C soc0@44.812C gpu@46.187C tj@47.031C soc1@44.593C VDD_IN 4113mW/4154mW VDD_CPU_GPU_CV 996mW/1006mW VDD_SOC 1397mW/1397mW
08-09-2026 23:28:38 RAM 3471/7620MB (lfb 1x4MB) SWAP 2/12002MB (cached 0MB) CPU [1%@1510,1%@1510,0%@1510,0%@1510,0%@1510,0%@1510] GR3D_FREQ 0% cpu@47.218C soc2@46.312C soc0@44.75C gpu@46.218C tj@47.218C soc1@44.531C VDD_IN 4073mW/4154mW VDD_CPU_GPU_CV 956mW/1006mW VDD_SOC 1397mW/1397mW
08-09-2026 23:28:39 RAM 3471/7620MB (lfb 1x4MB) SWAP 2/12002MB (cached 0MB) CPU [1%@1510,1%@1510,0%@1510,0%@1510,0%@1510,0%@1510] GR3D_FREQ 0% cpu@47C soc2@46.281C soc0@44.625C gpu@46.25C tj@47C soc1@44.656C VDD_IN 4073mW/4154mW VDD_CPU_GPU_CV 956mW/1006mW VDD_SOC 1397mW/1397mW
08-09-2026 23:28:40 RAM 3471/7620MB (lfb 1x4MB) SWAP 2/12002MB (cached 0MB) CPU [1%@1510,0%@1510,3%@1510,1%@1510,0%@1510,1%@1510] GR3D_FREQ 0% cpu@46.875C soc2@46.343C soc0@44.625C gpu@46.312C tj@46.875C soc1@44.625C VDD_IN 4153mW/4154mW VDD_CPU_GPU_CV 996mW/1006mW VDD_SOC 1397mW/1397mW
08-09-2026 23:28:41 RAM 3471/7620MB (lfb 1x4MB) SWAP 2/12002MB (cached 0MB) CPU [1%@1510,1%@1510,0%@1510,1%@1510,1%@1510,0%@1510] GR3D_FREQ 0% cpu@46.906C soc2@46.437C soc0@44.687C gpu@46.312C tj@46.906C soc1@44.625C VDD_IN 4153mW/4154mW VDD_CPU_GPU_CV 996mW/1006mW VDD_SOC 1397mW/1397mW
08-09-2026 23:28:42 RAM 3471/7620MB (lfb 1x4MB) SWAP 2/12002MB (cached 0MB) CPU [1%@1510,1%@1510,0%@1510,0%@1510,1%@1510,0%@1510] GR3D_FREQ 0% cpu@47.093C soc2@46.375C soc0@44.687C gpu@46.375C tj@47.093C soc1@44.718C VDD_IN 4073mW/4153mW VDD_CPU_GPU_CV 956mW/1005mW VDD_SOC 1397mW/1397mW
08-09-2026 23:28:43 RAM 3471/7620MB (lfb 1x4MB) SWAP 2/12002MB (cached 0MB) CPU [1%@1510,1%@1510,0%@1510,0%@1510,0%@1510,0%@1510] GR3D_FREQ 0% cpu@46.968C soc2@46.375C soc0@44.687C gpu@46.312C tj@46.968C soc1@44.5C VDD_IN 4073mW/4153mW VDD_CPU_GPU_CV 956mW/1005mW VDD_SOC 1397mW/1397mW
08-09-2026 23:28:44 RAM 3471/7620MB (lfb 1x4MB) SWAP 2/12002MB (cached 0MB) CPU [1%@1510,1%@1510,0%@1510,0%@1510,0%@1510,0%@1510] GR3D_FREQ 0% cpu@47.125C soc2@46.343C soc0@44.781C gpu@46.25C tj@47.125C soc1@44.531C VDD_IN 4113mW/4153mW VDD_CPU_GPU_CV 996mW/1005mW VDD_SOC 1397mW/1397mW
08-09-2026 23:28:45 RAM 3471/7620MB (lfb 1x4MB) SWAP 2/12002MB (cached 0MB) CPU [2%@1510,1%@1510,0%@1510,1%@1510,1%@1510,3%@1510] GR3D_FREQ 0% cpu@46.875C soc2@46.375C soc0@44.593C gpu@46.312C tj@46.875C soc1@44.562C VDD_IN 4153mW/4153mW VDD_CPU_GPU_CV 996mW/1005mW VDD_SOC 1397mW/1397mW
08-09-2026 23:28:46 RAM 3470/7620MB (lfb 1x4MB) SWAP 2/12002MB (cached 0MB) CPU [0%@1510,1%@1510,1%@1510,0%@1510,2%@1510,0%@1510] GR3D_FREQ 0% cpu@47.218C soc2@46.281C soc0@44.718C gpu@46.343C tj@47.218C soc1@44.687C VDD_IN 4153mW/4153mW VDD_CPU_GPU_CV 996mW/1005mW VDD_SOC 1397mW/1397mW
08-09-2026 23:28:47 RAM 3036/7620MB (lfb 26x4MB) SWAP 2/12002MB (cached 0MB) CPU [2%@1510,0%@1510,1%@1510,0%@1510,0%@1510,0%@1510] GR3D_FREQ 0% cpu@46.843C soc2@46.343C soc0@44.625C gpu@46.468C tj@46.843C soc1@44.718C VDD_IN 4113mW/4153mW VDD_CPU_GPU_CV 996mW/1005mW VDD_SOC 1397mW/1397mW
08-09-2026 23:28:48 RAM 3036/7620MB (lfb 26x4MB) SWAP 2/12002MB (cached 0MB) CPU [2%@1510,1%@1510,0%@1510,0%@1510,0%@1510,0%@1510] GR3D_FREQ 0% cpu@46.937C soc2@46.375C soc0@44.656C gpu@46.468C tj@46.937C soc1@44.656C VDD_IN 4113mW/4152mW VDD_CPU_GPU_CV 996mW/1005mW VDD_SOC 1397mW/1397mW
08-09-2026 23:28:49 RAM 3036/7620MB (lfb 26x4MB) SWAP 2/12002MB (cached 0MB) CPU [0%@1510,1%@1510,0%@1510,0%@1510,0%@1510,0%@1510] GR3D_FREQ 0% cpu@47.062C soc2@46.375C soc0@44.718C gpu@46.437C tj@47.062C soc1@44.812C VDD_IN 4073mW/4152mW VDD_CPU_GPU_CV 956mW/1005mW VDD_SOC 1397mW/1397mW
08-09-2026 23:28:50 RAM 3036/7620MB (lfb 26x4MB) SWAP 2/12002MB (cached 0MB) CPU [0%@1510,0%@1510,0%@1510,1%@1510,1%@1510,2%@1510] GR3D_FREQ 0% cpu@47.187C soc2@46.25C soc0@44.781C gpu@46.375C tj@47.187C soc1@44.562C VDD_IN 4153mW/4152mW VDD_CPU_GPU_CV 996mW/1005mW VDD_SOC 1397mW/1397mW
