08-23-2026 05:14:51 RAM 2322/7620MB (lfb 26x4MB) SWAP 0/12002MB (cached 0MB) CPU [1%@1510,0%@1510,0%@1510,0%@1510,0%@1510,0%@1510] GR3D_FREQ 0% cpu@47.593C soc2@46.906C soc0@45.187C gpu@47.093C tj@47.593C soc1@45.062C VDD_IN 4212mW/4212mW VDD_CPU_GPU_CV 992mW/992mW VDD_SOC 1391mW/1391mW
08-23-2026 05:14:52 RAM 2322/7620MB (lfb 26x4MB) SWAP 0/12002MB (cached 0MB) CPU [0%@1510,0%@1510,0%@1510,2%@1510,0%@1510,0%@1510] GR3D_FREQ 0% cpu@47.437C soc2@46.875C soc0@45.187C gpu@47.093C tj@47.437C soc1@45.125C VDD_IN 4252mW/4232mW VDD_CPU_GPU_CV 992mW/992mW VDD_SOC 1391mW/1391mW
08-23-2026 05:14:53 RAM 2322/7620MB (lfb 26x4MB) SWAP 0/12002MB (cached 0MB) CPU [0%@1510,0%@1510,1%@1510,0%@1510,0%@1510,0%@1510] GR3D_FREQ 0% cpu@47.437C soc2@46.875C soc0@45.25C gpu@47.031C tj@47.437C soc1@45.062C VDD_IN 4212mW/4225mW VDD_CPU_GPU_CV 952mW/978mW VDD_SOC 1391mW/1391mW
08-23-2026 05:14:54 RAM 2322/7620MB (lfb 26x4MB) SWAP 0/12002MB (cached 0MB) CPU [0%@1510,0%@1510,0%@1510,0%@1510,0%@1510,0%@1510] GR3D_FREQ 0% cpu@47.468C soc2@46.843C soc0@45.031C gpu@47C tj@47.468C soc1@45.125C VDD_IN 4212mW/4222mW VDD_CPU_GPU_CV 952mW/972mW VDD_SOC 1391mW/1391mW
08-23-2026 05:14:55 RAM 2322/7620MB (lfb 26x4MB) SWAP 0/12002MB (cached 0MB) CPU [0%@1510,0%@1510,0%@1510,0%@1510,0%@1510,0%@1510] GR3D_FREQ 0% cpu@47.406C soc2@46.812C soc0@45.156C gpu@47C tj@47.781C soc1@45.187C VDD_IN 4173mW/4212mW VDD_CPU_GPU_CV 952mW/968mW VDD_SOC 1391mW/1391mW
08-23-2026 05:14:56 RAM 2322/7620MB (lfb 26x4MB) SWAP 0/12002MB (cached 0MB) CPU [0%@1510,0%@1510,0%@1510,0%@1510,0%@1510,0%@1510] GR3D_FREQ 0% cpu@47.531C soc2@46.812C soc0@45.156C gpu@47.187C tj@47.531C soc1@45.218C VDD_IN 4173mW/4205mW VDD_CPU_GPU_CV 952mW/965mW VDD_SOC 1391mW/1391mW
08-23-2026 05:14:57 RAM 2322/7620MB (lfb 26x4MB) SWAP 0/12002MB (cached 0MB) CPU [0%@1510,0%@1510,0%@1510,0%@1510,0%@1510,0%@1510] GR3D_FREQ 0% cpu@47.281C soc2@46.812C soc0@45.156C gpu@47.125C tj@47.281C soc1@45.062C VDD_IN 4173mW/4201mW VDD_CPU_GPU_CV 952mW/963mW VDD_SOC 1391mW/1391mW
08-23-2026 05:14:58 RAM 2322/7620MB (lfb 26x4MB) SWAP 0/12002MB (cached 0MB) CPU [0%@1510,0%@1510,0%@1510,0%@1510,0%@1510,0%@1510] GR3D_FREQ 0% cpu@47.593C soc2@46.843C soc0@45.093C gpu@46.843C tj@47.375C soc1@45.093C VDD_IN 4173mW/4197mW VDD_CPU_GPU_CV 952mW/962mW VDD_SOC 1391mW/1391mW
08-23-2026 05:14:59 RAM 2322/7620MB (lfb 26x4MB) SWAP 0/12002MB (cached 0MB) CPU [0%@1510,0%@1510,0%@1510,0%@1510,0%@1510,0%@1510] GR3D_FREQ 0% cpu@47.406C soc2@46.875C soc0@45.343C gpu@46.875C tj@47.437C soc1@45.031C VDD_IN 4212mW/4199mW VDD_CPU_GPU_CV 952mW/960mW VDD_SOC 1391mW/1391mW
08-23-2026 05:15:00 RAM 2322/7620MB (lfb 26x4MB) SWAP 0/12002MB (cached 0MB) CPU [0%@1510,0%@1510,0%@1510,0%@1510,0%@1510,0%@1510] GR3D_FREQ 0% cpu@47.343C soc2@46.875C soc0@45.093C gpu@46.812C tj@47.343C soc1@45.125C VDD_IN 4212mW/4200mW VDD_CPU_GPU_CV 952mW/960mW VDD_SOC 1391mW/1391mW
08-23-2026 05:15:01 RAM 2322/7620MB (lfb 26x4MB) SWAP 0/12002MB (cached 0MB) CPU [0%@1510,0%@1510,0%@1510,0%@1510,0%@1510,0%@1510] GR3D_FREQ 0% cpu@47.562C soc2@46.75C soc0@45.093C gpu@46.843C tj@47.562C soc1@45.156C VDD_IN 4173mW/4197mW VDD_CPU_GPU_CV 952mW/959mW VDD_SOC 1391mW/1391mW
08-23-2026 05:15:02 RAM 2322/7620MB (lfb 26x4MB) SWAP 0/12002MB (cached 0MB) CPU [0%@1510,0%@1510,0%@1510,0%@1510,0%@1510,0%@1510] GR3D_FREQ 0% cpu@47.343C soc2@46.812C soc0@45.093C gpu@46.875C tj@47.343C soc1@45.25C VDD_IN 4212mW/4199mW VDD_CPU_GPU_CV 952mW/958mW VDD_SOC 1391mW/1391mW
08-23-2026 05:15:03 RAM 2322/7620MB (lfb 26x4MB) SWAP 0/12002MB (cached 0MB) CPU [0%@1510,0%@1510,0%@1510,0%@1510,0%@1510,0%@1510] GR3D_FREQ 0% cpu@47.625C soc2@46.718C soc0@45.093C gpu@46.843C tj@47.625C soc1@45.093C VDD_IN 4173mW/4197mW VDD_CPU_GPU_CV 952mW/958mW VDD_SOC 1391mW/1391mW
08-23-2026 05:15:04 RAM 2322/7620MB (lfb 26x4MB) SWAP 0/12002MB (cached 0MB) CPU [0%@1510,0%@1510,0%@1510,0%@1510,0%@1510,0%@1510] GR3D_FREQ 0% cpu@47.437C soc2@46.812C soc0@45.281C gpu@46.875C tj@47.375C soc1@45.093C VDD_IN 4212mW/4198mW VDD_CPU_GPU_CV 952mW/957mW VDD_SOC 1391mW/1391mW
08-23-2026 05:15:05 RAM 2322/7620MB (lfb 26x4MB) SWAP 0/12002MB (cached 0MB) CPU [0%@1510,0%@1510,0%@1510,0%@1510,0%@1510,0%@1510] GR3D_FREQ 0% cpu@47.437C soc2@46.843C soc0@45.281C gpu@46.843C tj@47.437C soc1@45.062C VDD_IN 4212mW/4199mW VDD_CPU_GPU_CV 952mW/957mW VDD_SOC 1391mW/1391mW
08-23-2026 05:15:06 RAM 2322/7620MB (lfb 26x4MB) SWAP 0/12002MB (cached 0MB) CPU [0%@1510,0%@1510,0%@1510,0%@1510,0%@1510,0%@1510] GR3D_FREQ 0% cpu@47.5C soc2@46.781C soc0@45.125C gpu@46.843C tj@47.5C soc1@45.156C VDD_IN 4212mW/4199mW VDD_CPU_GPU_CV 952mW/957mW VDD_SOC 1391mW/1391mW
08-23-2026 05:15:07 RAM 2322/7620MB (lfb 26x4MB) SWAP 0/12002MB (cached 0MB) CPU [0%@1510,0%@1510,0%@1510,0%@1510,0%@1510,0%@1510] GR3D_FREQ 0% cpu@47.437C soc2@46.75C soc0@45.156C gpu@46.875C tj@47.437C soc1@45.25C VDD_IN 4212mW/4200mW VDD_CPU_GPU_CV 952mW/956mW VDD_SOC 1391mW/1391mW
08-23-2026 05:15:08 RAM 2322/7620MB (lfb 26x4MB) SWAP 0/12002MB (cached 0MB) CPU [0%@1510,0%@1510,0%@1510,0%@1510,0%@1510,0%@1510] GR3D_FREQ 0% cpu@47.593C soc2@46.781C soc0@45.125C gpu@46.875C tj@47.593C soc1@45.312C VDD_IN 4212mW/4201mW VDD_CPU_GPU_CV 952mW/956mW VDD_SOC 1391mW/1391mW
08-23-2026 05:15:09 RAM 2319/7620MB (lfb 26x4MB) SWAP 0/12002MB (cached 0MB) CPU [1%@1510,0%@1510,0%@1510,0%@1510,0%@1510,1%@1510] GR3D_FREQ 0% cpu@47.468C soc2@46.843C soc0@45.187C gpu@47C tj@47.468C soc1@45.062C VDD_IN 4212mW/4201mW VDD_CPU_GPU_CV 952mW/956mW VDD_SOC 1391mW/1391mW
08-23-2026 05:15:10 RAM 2317/7620MB (lfb 26x4MB) SWAP 0/12002MB (cached 0MB) CPU [0%@1510,0%@1510,0%@1510,0%@1510,0%@1510,1%@1510] GR3D_FREQ 0% cpu@47.406C soc2@46.75C soc0@45.187C gpu@47C tj@47.406C soc1@45.156C VDD_IN 4212mW/4202mW VDD_CPU_GPU_CV 952mW/956mW VDD_SOC 1391mW/1391mW
08-23-2026 05:15:11 RAM 2317/7620MB (lfb 26x4MB) SWAP 0/12002MB (cached 0MB) CPU [0%@1510,0%@1510,0%@1510,0%@1510,0%@1510,2%@1510] GR3D_FREQ 0% cpu@47.312C soc2@46.843C soc0@45.25C gpu@47C tj@47.312C soc1@45.156C VDD_IN 4212mW/4202mW VDD_CPU_GPU_CV 952mW/955mW VDD_SOC 1391mW/1391mW
08-23-2026 05:15:12 RAM 2317/7620MB (lfb 26x4MB) SWAP 0/12002MB (cached 0MB) CPU [0%@1510,0%@1510,0%@1510,0%@1510,0%@1510,0%@1510] GR3D_FREQ 0% cpu@47.343C soc2@46.843C soc0@45.093C gpu@47C tj@47.343C soc1@45.281C VDD_IN 4212mW/4203mW VDD_CPU_GPU_CV 952mW/955mW VDD_SOC 1391mW/1391mW
08-23-2026 05:15:13 RAM 2317/7620MB (lfb 26x4MB) SWAP 0/12002MB (cached 0MB) CPU [0%@1510,0%@1510,0%@1510,0%@1510,0%@1510,0%@1510] GR3D_FREQ 0% cpu@47.593C soc2@46.75C soc0@45.125C gpu@46.906C tj@47.593C soc1@45.218C VDD_IN 4173mW/4201mW VDD_CPU_GPU_CV 952mW/955mW VDD_SOC 1391mW/1391mW
08-23-2026 05:15:14 RAM 2317/7620MB (lfb 26x4MB) SWAP 0/12002MB (cached 0MB) CPU [0%@1510,0%@1510,1%@1510,0%@1510,0%@1510,1%@1510] GR3D_FREQ 0% cpu@47.343C soc2@46.75C soc0@45.156C gpu@46.968C tj@47.343C soc1@45.218C VDD_IN 4212mW/4202mW VDD_CPU_GPU_CV 952mW/955mW VDD_SOC 1391mW/1391mW
08-23-2026 05:15:15 RAM 2317/7620MB (lfb 26x4MB) SWAP 0/12002MB (cached 0MB) CPU [0%@1510,0%@1510,0%@1510,0%@1510,0%@1510,0%@1510] GR3D_FREQ 0% cpu@47.718C soc2@46.781C soc0@45.187C gpu@47.031C tj@47.718C soc1@45.125C VDD_IN 4212mW/4202mW VDD_CPU_GPU_CV 952mW/955mW VDD_SOC 1391mW/1391mW
08-23-2026 05:15:16 RAM 2317/7620MB (lfb 26x4MB) SWAP 0/12002MB (cached 0MB) CPU [0%@1510,1%@1510,0%@1510,0%@1510,0%@1510,0%@1510] GR3D_FREQ 0% cpu@47.406C soc2@46.843C soc0@45.187C gpu@46.968C tj@47.406C soc1@45.093C VDD_IN 4212mW/4203mW VDD_CPU_GPU_CV 952mW/955mW VDD_SOC 1391mW/1391mW
08-23-2026 05:15:17 RAM 2317/7620MB (lfb 26x4MB) SWAP 0/12002MB (cached 0MB) CPU [0%@1510,0%@1510,0%@1510,0%@1510,0%@1510,0%@1510] GR3D_FREQ 0% cpu@47.343C soc2@46.843C soc0@45.093C gpu@47C tj@47.343C soc1@45.062C VDD_IN 4212mW/4203mW VDD_CPU_GPU_CV 952mW/954mW VDD_SOC 1391mW/1391mW
08-23-2026 05:15:18 RAM 2317/7620MB (lfb 26x4MB) SWAP 0/12002MB (cached 0MB) CPU [0%@1510,0%@1510,0%@1510,0%@1510,0%@1510,0%@1510] GR3D_FREQ 0% cpu@47.531C soc2@46.843C soc0@45C gpu@47C tj@47.531C soc1@45.093C VDD_IN 4212mW/4203mW VDD_CPU_GPU_CV 952mW/954mW VDD_SOC 1391mW/1391mW
08-23-2026 05:15:19 RAM 2312/7620MB (lfb 26x4MB) SWAP 0/12002MB (cached 0MB) CPU [0%@1510,1%@1510,0%@1510,0%@1510,0%@1510,0%@1510] GR3D_FREQ 0% cpu@47.406C soc2@46.718C soc0@45.125C gpu@47.125C tj@47.406C soc1@45.125C VDD_IN 4212mW/4203mW VDD_CPU_GPU_CV 952mW/954mW VDD_SOC 1391mW/1391mW
08-23-2026 05:15:20 RAM 2321/7620MB (lfb 26x4MB) SWAP 0/12002MB (cached 0MB) CPU [7%@1510,6%@1510,6%@1510,16%@1510,7%@1510,6%@1510] GR3D_FREQ 0% cpu@48C soc2@46.718C soc0@45.093C gpu@46.718C tj@48C soc1@44.937C VDD_IN 4761mW/4222mW VDD_CPU_GPU_CV 1426mW/970mW VDD_SOC 1388mW/1390mW
08-23-2026 05:15:21 RAM 2476/7620MB (lfb 11x4MB) SWAP 0/12002MB (cached 0MB) CPU [3%@1510,0%@1510,1%@1510,100%@1510,2%@1510,1%@1510] GR3D_FREQ 0% cpu@47.812C soc2@46.812C soc0@45.218C gpu@46.843C tj@47.812C soc1@45.031C VDD_IN 5079mW/4250mW VDD_CPU_GPU_CV 1545mW/989mW VDD_SOC 1428mW/1392mW
08-23-2026 05:15:22 RAM 2518/7620MB (lfb 11x4MB) SWAP 0/12002MB (cached 0MB) CPU [0%@1510,16%@1510,1%@1510,100%@1510,0%@1510,1%@1510] GR3D_FREQ 0% cpu@47.875C soc2@46.843C soc0@45.25C gpu@46.843C tj@47.875C soc1@45.093C VDD_IN 5317mW/4283mW VDD_CPU_GPU_CV 1703mW/1011mW VDD_SOC 1468mW/1394mW
08-23-2026 05:15:23 RAM 2542/7620MB (lfb 10x4MB) SWAP 0/12002MB (cached 0MB) CPU [2%@1510,24%@1510,2%@1510,44%@1510,1%@1510,0%@1510] GR3D_FREQ 0% cpu@47.5C soc2@46.906C soc0@45.156C gpu@46.843C tj@47.5C soc1@45.031C VDD_IN 4530mW/4290mW VDD_CPU_GPU_CV 1190mW/1016mW VDD_SOC 1428mW/1395mW
08-23-2026 05:15:24 RAM 2556/7620MB (lfb 10x4MB) SWAP 0/12002MB (cached 0MB) CPU [7%@1510,7%@1510,7%@1510,18%@1510,7%@1510,7%@1510] GR3D_FREQ 0% cpu@48.093C soc2@46.968C soc0@45.031C gpu@46.937C tj@48.093C soc1@45.156C VDD_IN 4801mW/4305mW VDD_CPU_GPU_CV 1465mW/1029mW VDD_SOC 1428mW/1396mW
08-23-2026 05:15:25 RAM 2879/7620MB (lfb 4x4MB) SWAP 0/12002MB (cached 0MB) CPU [1%@1510,0%@1510,5%@1510,8%@1510,92%@1510,4%@1510] GR3D_FREQ 0% cpu@47.968C soc2@46.781C soc0@45.125C gpu@46.937C tj@47.968C soc1@45.031C VDD_IN 5277mW/4333mW VDD_CPU_GPU_CV 1584mW/1045mW VDD_SOC 1507mW/1399mW
08-23-2026 05:15:26 RAM 2963/7620MB (lfb 5x4MB) SWAP 0/12002MB (cached 0MB) CPU [2%@1510,2%@1510,6%@1510,2%@1510,21%@1510,2%@1510] GR3D_FREQ 0% cpu@47.531C soc2@46.812C soc0@45.156C gpu@46.875C tj@47.406C soc1@45.125C VDD_IN 4491mW/4338mW VDD_CPU_GPU_CV 1111mW/1047mW VDD_SOC 1428mW/1400mW
08-23-2026 05:15:27 RAM 2964/7620MB (lfb 5x4MB) SWAP 0/12002MB (cached 0MB) CPU [1%@1510,1%@1510,2%@1510,1%@1510,5%@1510,2%@1510] GR3D_FREQ 0% cpu@47.375C soc2@46.875C soc0@45.312C gpu@46.875C tj@47.531C soc1@45.156C VDD_IN 4332mW/4337mW VDD_CPU_GPU_CV 1031mW/1047mW VDD_SOC 1391mW/1400mW
08-23-2026 05:15:28 RAM 2964/7620MB (lfb 5x4MB) SWAP 0/12002MB (cached 0MB) CPU [0%@1510,1%@1510,2%@1510,1%@1510,2%@1510,1%@1510] GR3D_FREQ 0% cpu@47.5C soc2@46.843C soc0@45.062C gpu@46.718C tj@47.5C soc1@45.187C VDD_IN 4252mW/4335mW VDD_CPU_GPU_CV 992mW/1045mW VDD_SOC 1391mW/1399mW
08-23-2026 05:15:29 RAM 2963/7620MB (lfb 4x4MB) SWAP 0/12002MB (cached 0MB) CPU [2%@1510,2%@1510,2%@1510,0%@1510,2%@1510,0%@1510] GR3D_FREQ 0% cpu@47.593C soc2@46.812C soc0@45.062C gpu@46.812C tj@47.593C soc1@45.25C VDD_IN 4292mW/4334mW VDD_CPU_GPU_CV 992mW/1044mW VDD_SOC 1391mW/1399mW
08-23-2026 05:15:30 RAM 2963/7620MB (lfb 4x4MB) SWAP 0/12002MB (cached 0MB) CPU [1%@1510,1%@1510,2%@1510,0%@1510,2%@1510,1%@1510] GR3D_FREQ 0% cpu@47.625C soc2@46.843C soc0@45.125C gpu@46.718C tj@47.625C soc1@45.218C VDD_IN 4252mW/4332mW VDD_CPU_GPU_CV 992mW/1042mW VDD_SOC 1391mW/1399mW
08-23-2026 05:15:31 RAM 2964/7620MB (lfb 4x4MB) SWAP 0/12002MB (cached 0MB) CPU [3%@1510,2%@1510,1%@1510,1%@1510,4%@1510,3%@1510] GR3D_FREQ 0% cpu@47.468C soc2@46.812C soc0@45.218C gpu@46.718C tj@47.468C soc1@45.125C VDD_IN 4332mW/4332mW VDD_CPU_GPU_CV 1031mW/1042mW VDD_SOC 1391mW/1399mW
08-23-2026 05:15:32 RAM 2963/7620MB (lfb 4x4MB) SWAP 0/12002MB (cached 0MB) CPU [0%@1510,1%@1510,3%@1510,3%@1510,3%@1510,4%@1510] GR3D_FREQ 0% cpu@47.375C soc2@46.812C soc0@45.125C gpu@46.718C tj@47.375C soc1@45.125C VDD_IN 4292mW/4331mW VDD_CPU_GPU_CV 1031mW/1042mW VDD_SOC 1391mW/1399mW
08-23-2026 05:15:33 RAM 2963/7620MB (lfb 4x4MB) SWAP 0/12002MB (cached 0MB) CPU [0%@1510,1%@1510,0%@1510,1%@1510,4%@1510,1%@1510] GR3D_FREQ 0% cpu@47.562C soc2@46.906C soc0@45.187C gpu@46.843C tj@47.562C soc1@45.156C VDD_IN 4252mW/4329mW VDD_CPU_GPU_CV 992mW/1041mW VDD_SOC 1391mW/1398mW
08-23-2026 05:15:34 RAM 2963/7620MB (lfb 4x4MB) SWAP 0/12002MB (cached 0MB) CPU [1%@1510,1%@1510,1%@1510,0%@1510,3%@1510,2%@1510] GR3D_FREQ 0% cpu@47.5C soc2@46.906C soc0@45.156C gpu@46.781C tj@47.5C soc1@45.187C VDD_IN 4252mW/4327mW VDD_CPU_GPU_CV 992mW/1040mW VDD_SOC 1391mW/1398mW
08-23-2026 05:15:35 RAM 2963/7620MB (lfb 4x4MB) SWAP 0/12002MB (cached 0MB) CPU [1%@1510,2%@1510,0%@1510,0%@1510,3%@1510,2%@1510] GR3D_FREQ 0% cpu@47.718C soc2@46.75C soc0@45.093C gpu@46.75C tj@47.718C soc1@45.281C VDD_IN 4252mW/4326mW VDD_CPU_GPU_CV 992mW/1039mW VDD_SOC 1391mW/1398mW
08-23-2026 05:15:36 RAM 2963/7620MB (lfb 4x4MB) SWAP 0/12002MB (cached 0MB) CPU [4%@1510,1%@1510,1%@1510,1%@1510,2%@1510,5%@1510] GR3D_FREQ 0% cpu@47.562C soc2@46.812C soc0@45.187C gpu@47.093C tj@47.562C soc1@45.093C VDD_IN 4332mW/4326mW VDD_CPU_GPU_CV 1031mW/1038mW VDD_SOC 1391mW/1398mW
08-23-2026 05:15:37 RAM 2964/7620MB (lfb 4x4MB) SWAP 0/12002MB (cached 0MB) CPU [0%@1510,1%@1510,1%@1510,2%@1510,6%@1510,2%@1510] GR3D_FREQ 0% cpu@47.5C soc2@46.812C soc0@45.218C gpu@47.125C tj@47.5C soc1@45.125C VDD_IN 4292mW/4325mW VDD_CPU_GPU_CV 1031mW/1038mW VDD_SOC 1391mW/1398mW
08-23-2026 05:15:38 RAM 2964/7620MB (lfb 4x4MB) SWAP 0/12002MB (cached 0MB) CPU [1%@1510,1%@1510,0%@1510,3%@1510,1%@1510,1%@1510] GR3D_FREQ 0% cpu@47.531C soc2@46.843C soc0@45.406C gpu@47.093C tj@47.531C soc1@45.156C VDD_IN 4292mW/4324mW VDD_CPU_GPU_CV 992mW/1037mW VDD_SOC 1391mW/1398mW
08-23-2026 05:15:39 RAM 2959/7620MB (lfb 4x4MB) SWAP 0/12002MB (cached 0MB) CPU [3%@1510,1%@1510,1%@1510,3%@1510,0%@1510,2%@1510] GR3D_FREQ 0% cpu@47.562C soc2@46.906C soc0@45.125C gpu@47.187C tj@47.562C soc1@45.218C VDD_IN 4292mW/4324mW VDD_CPU_GPU_CV 992mW/1036mW VDD_SOC 1391mW/1397mW
08-23-2026 05:15:40 RAM 2959/7620MB (lfb 4x4MB) SWAP 0/12002MB (cached 0MB) CPU [1%@1510,2%@1510,1%@1510,2%@1510,0%@1510,3%@1510] GR3D_FREQ 0% cpu@47.781C soc2@46.843C soc0@45.218C gpu@47.156C tj@47.781C soc1@45.312C VDD_IN 4252mW/4322mW VDD_CPU_GPU_CV 992mW/1035mW VDD_SOC 1391mW/1397mW
08-23-2026 05:15:41 RAM 2959/7620MB (lfb 4x4MB) SWAP 0/12002MB (cached 0MB) CPU [3%@1510,2%@1510,2%@1510,3%@1510,3%@1510,3%@1510] GR3D_FREQ 0% cpu@47.531C soc2@46.906C soc0@45.187C gpu@47.187C tj@47.531C soc1@45.343C VDD_IN 4332mW/4322mW VDD_CPU_GPU_CV 1031mW/1035mW VDD_SOC 1391mW/1397mW
08-23-2026 05:15:42 RAM 2959/7620MB (lfb 4x4MB) SWAP 0/12002MB (cached 0MB) CPU [1%@1510,1%@1510,2%@1510,3%@1510,2%@1510,2%@1510] GR3D_FREQ 0% cpu@47.468C soc2@46.843C soc0@45.156C gpu@47.187C tj@47.468C soc1@45.125C VDD_IN 4292mW/4322mW VDD_CPU_GPU_CV 1031mW/1035mW VDD_SOC 1391mW/1397mW
08-23-2026 05:15:43 RAM 2959/7620MB (lfb 4x4MB) SWAP 0/12002MB (cached 0MB) CPU [2%@1510,0%@1510,0%@1510,2%@1510,0%@1510,1%@1510] GR3D_FREQ 0% cpu@47.437C soc2@46.875C soc0@45.25C gpu@47.218C tj@47.437C soc1@45.281C VDD_IN 4252mW/4321mW VDD_CPU_GPU_CV 992mW/1034mW VDD_SOC 1391mW/1397mW
08-23-2026 05:15:44 RAM 2959/7620MB (lfb 4x4MB) SWAP 0/12002MB (cached 0MB) CPU [2%@1510,2%@1510,1%@1510,3%@1510,0%@1510,2%@1510] GR3D_FREQ 0% cpu@47.562C soc2@46.937C soc0@45.156C gpu@46.968C tj@47.562C soc1@45.187C VDD_IN 4252mW/4319mW VDD_CPU_GPU_CV 992mW/1034mW VDD_SOC 1391mW/1397mW
08-23-2026 05:15:45 RAM 2959/7620MB (lfb 4x4MB) SWAP 0/12002MB (cached 0MB) CPU [2%@1510,1%@1510,1%@1510,3%@1510,2%@1510,1%@1510] GR3D_FREQ 0% cpu@47.812C soc2@46.812C soc0@45.187C gpu@46.875C tj@47.812C soc1@45.281C VDD_IN 4252mW/4318mW VDD_CPU_GPU_CV 992mW/1033mW VDD_SOC 1391mW/1397mW
08-23-2026 05:15:46 RAM 2959/7620MB (lfb 4x4MB) SWAP 0/12002MB (cached 0MB) CPU [2%@1510,0%@1510,1%@1510,5%@1510,0%@1510,3%@1510] GR3D_FREQ 0% cpu@47.687C soc2@46.843C soc0@45.25C gpu@46.937C tj@47.687C soc1@45.437C VDD_IN 4292mW/4318mW VDD_CPU_GPU_CV 1031mW/1033mW VDD_SOC 1391mW/1397mW
08-23-2026 05:15:47 RAM 2957/7620MB (lfb 4x4MB) SWAP 0/12002MB (cached 0MB) CPU [0%@1510,0%@1510,1%@1510,3%@1510,1%@1510,3%@1510] GR3D_FREQ 0% cpu@47.437C soc2@46.875C soc0@45.25C gpu@46.906C tj@47.437C soc1@45.125C VDD_IN 4292mW/4317mW VDD_CPU_GPU_CV 1031mW/1033mW VDD_SOC 1391mW/1396mW
08-23-2026 05:15:48 RAM 2957/7620MB (lfb 4x4MB) SWAP 0/12002MB (cached 0MB) CPU [1%@1510,1%@1510,1%@1510,2%@1510,1%@1510,2%@1510] GR3D_FREQ 0% cpu@47.5C soc2@46.843C soc0@45.312C gpu@46.968C tj@47.5C soc1@45.187C VDD_IN 4252mW/4316mW VDD_CPU_GPU_CV 992mW/1032mW VDD_SOC 1391mW/1396mW
08-23-2026 05:15:49 RAM 2957/7620MB (lfb 4x4MB) SWAP 0/12002MB (cached 0MB) CPU [3%@1510,1%@1510,0%@1510,3%@1510,3%@1510,1%@1510] GR3D_FREQ 0% cpu@47.593C soc2@46.937C soc0@45.093C gpu@47.031C tj@47.593C soc1@45.281C VDD_IN 4292mW/4316mW VDD_CPU_GPU_CV 992mW/1031mW VDD_SOC 1391mW/1396mW
08-23-2026 05:15:50 RAM 2957/7620MB (lfb 4x4MB) SWAP 0/12002MB (cached 0MB) CPU [1%@1510,0%@1510,1%@1510,3%@1510,2%@1510,2%@1510] GR3D_FREQ 0% cpu@47.812C soc2@46.968C soc0@45.156C gpu@47.031C tj@47.812C soc1@45.281C VDD_IN 4252mW/4314mW VDD_CPU_GPU_CV 992mW/1031mW VDD_SOC 1391mW/1396mW
08-23-2026 05:15:51 RAM 2957/7620MB (lfb 4x4MB) SWAP 0/12002MB (cached 0MB) CPU [1%@1510,0%@1510,1%@1510,5%@1510,2%@1510,3%@1510] GR3D_FREQ 0% cpu@47.625C soc2@46.906C soc0@45.25C gpu@46.968C tj@47.625C soc1@45.375C VDD_IN 4292mW/4314mW VDD_CPU_GPU_CV 1031mW/1031mW VDD_SOC 1391mW/1396mW
08-23-2026 05:15:52 RAM 2957/7620MB (lfb 4x4MB) SWAP 0/12002MB (cached 0MB) CPU [2%@1510,1%@1510,3%@1510,5%@1510,1%@1510,1%@1510] GR3D_FREQ 0% cpu@47.906C soc2@46.937C soc0@45.312C gpu@47.093C tj@47.906C soc1@45.218C VDD_IN 4292mW/4314mW VDD_CPU_GPU_CV 1031mW/1031mW VDD_SOC 1391mW/1396mW
08-23-2026 05:15:53 RAM 2957/7620MB (lfb 4x4MB) SWAP 0/12002MB (cached 0MB) CPU [0%@1510,0%@1510,0%@1510,3%@1510,2%@1510,1%@1510] GR3D_FREQ 0% cpu@47.468C soc2@46.843C soc0@45.25C gpu@46.937C tj@47.468C soc1@45.156C VDD_IN 4252mW/4313mW VDD_CPU_GPU_CV 992mW/1030mW VDD_SOC 1391mW/1396mW
08-23-2026 05:15:54 RAM 2957/7620MB (lfb 4x4MB) SWAP 0/12002MB (cached 0MB) CPU [3%@1510,1%@1510,1%@1510,3%@1510,1%@1510,2%@1510] GR3D_FREQ 0% cpu@47.593C soc2@47C soc0@45.375C gpu@46.937C tj@47.593C soc1@45.187C VDD_IN 4252mW/4312mW VDD_CPU_GPU_CV 992mW/1029mW VDD_SOC 1391mW/1396mW
08-23-2026 05:15:55 RAM 2957/7620MB (lfb 4x4MB) SWAP 0/12002MB (cached 0MB) CPU [0%@1510,1%@1510,1%@1510,3%@1510,0%@1510,2%@1510] GR3D_FREQ 0% cpu@47.531C soc2@46.937C soc0@45.218C gpu@46.875C tj@47.781C soc1@45.281C VDD_IN 4252mW/4311mW VDD_CPU_GPU_CV 992mW/1029mW VDD_SOC 1391mW/1396mW
08-23-2026 05:15:56 RAM 2958/7620MB (lfb 4x4MB) SWAP 0/12002MB (cached 0MB) CPU [1%@1510,1%@1510,1%@1510,4%@1510,3%@1510,3%@1510] GR3D_FREQ 0% cpu@47.656C soc2@46.812C soc0@45.156C gpu@46.875C tj@47.656C soc1@45.343C VDD_IN 4292mW/4311mW VDD_CPU_GPU_CV 1031mW/1029mW VDD_SOC 1391mW/1396mW
08-23-2026 05:15:58 RAM 2958/7620MB (lfb 4x4MB) SWAP 0/12002MB (cached 0MB) CPU [3%@1510,1%@1510,2%@1510,5%@1510,1%@1510,2%@1510] GR3D_FREQ 0% cpu@47.906C soc2@46.906C soc0@45.25C gpu@46.906C tj@47.906C soc1@45.187C VDD_IN 4292mW/4310mW VDD_CPU_GPU_CV 1031mW/1029mW VDD_SOC 1391mW/1396mW
08-23-2026 05:15:59 RAM 2958/7620MB (lfb 4x4MB) SWAP 0/12002MB (cached 0MB) CPU [1%@1510,2%@1510,1%@1510,3%@1510,0%@1510,2%@1510] GR3D_FREQ 0% cpu@47.468C soc2@46.906C soc0@45.312C gpu@46.843C tj@47.468C soc1@45.125C VDD_IN 4252mW/4309mW VDD_CPU_GPU_CV 992mW/1028mW VDD_SOC 1391mW/1395mW
08-23-2026 05:16:00 RAM 2958/7620MB (lfb 4x4MB) SWAP 0/12002MB (cached 0MB) CPU [2%@1510,1%@1510,1%@1510,4%@1510,2%@1510,1%@1510] GR3D_FREQ 0% cpu@47.593C soc2@46.968C soc0@45.375C gpu@46.843C tj@47.593C soc1@45.25C VDD_IN 4292mW/4309mW VDD_CPU_GPU_CV 1031mW/1028mW VDD_SOC 1391mW/1395mW
08-23-2026 05:16:01 RAM 2958/7620MB (lfb 4x4MB) SWAP 0/12002MB (cached 0MB) CPU [0%@1510,0%@1510,0%@1510,3%@1510,0%@1510,2%@1510] GR3D_FREQ 0% cpu@47.593C soc2@47C soc0@45.187C gpu@46.906C tj@47.593C soc1@45.218C VDD_IN 4252mW/4308mW VDD_CPU_GPU_CV 992mW/1028mW VDD_SOC 1391mW/1395mW
08-23-2026 05:16:02 RAM 2958/7620MB (lfb 4x4MB) SWAP 0/12002MB (cached 0MB) CPU [1%@1510,0%@1510,4%@1510,4%@1510,2%@1510,2%@1510] GR3D_FREQ 0% cpu@47.656C soc2@46.875C soc0@45.187C gpu@47.218C tj@47.656C soc1@45.343C VDD_IN 4332mW/4309mW VDD_CPU_GPU_CV 1031mW/1028mW VDD_SOC 1391mW/1395mW
08-23-2026 05:16:03 RAM 2958/7620MB (lfb 4x4MB) SWAP 0/12002MB (cached 0MB) CPU [2%@1510,2%@1510,1%@1510,4%@1510,2%@1510,2%@1510] GR3D_FREQ 0% cpu@47.875C soc2@46.906C soc0@45.25C gpu@47.187C tj@47.875C soc1@45.218C VDD_IN 4292mW/4308mW VDD_CPU_GPU_CV 1031mW/1028mW VDD_SOC 1391mW/1395mW
08-23-2026 05:16:04 RAM 2958/7620MB (lfb 4x4MB) SWAP 0/12002MB (cached 0MB) CPU [1%@1510,0%@1510,1%@1510,4%@1510,0%@1510,2%@1510] GR3D_FREQ 0% cpu@47.718C soc2@46.968C soc0@45.281C gpu@47.281C tj@47.5C soc1@45.25C VDD_IN 4252mW/4308mW VDD_CPU_GPU_CV 992mW/1027mW VDD_SOC 1391mW/1395mW
08-23-2026 05:16:05 RAM 2958/7620MB (lfb 4x4MB) SWAP 0/12002MB (cached 0MB) CPU [1%@1510,0%@1510,2%@1510,3%@1510,2%@1510,3%@1510] GR3D_FREQ 0% cpu@47.593C soc2@46.968C soc0@45.343C gpu@47.281C tj@47.593C soc1@45.218C VDD_IN 4292mW/4307mW VDD_CPU_GPU_CV 1031mW/1027mW VDD_SOC 1391mW/1395mW
08-23-2026 05:16:06 RAM 2958/7620MB (lfb 4x4MB) SWAP 0/12002MB (cached 0MB) CPU [3%@1510,2%@1510,0%@1510,3%@1510,3%@1510,1%@1510] GR3D_FREQ 0% cpu@47.593C soc2@46.968C soc0@45.156C gpu@47.281C tj@47.593C soc1@45.187C VDD_IN 4252mW/4307mW VDD_CPU_GPU_CV 992mW/1027mW VDD_SOC 1391mW/1395mW
08-23-2026 05:16:07 RAM 2959/7620MB (lfb 4x4MB) SWAP 0/12002MB (cached 0MB) CPU [0%@1510,2%@1510,1%@1510,5%@1510,2%@1510,2%@1510] GR3D_FREQ 0% cpu@47.593C soc2@46.843C soc0@45.187C gpu@47.343C tj@47.593C soc1@45.312C VDD_IN 4292mW/4306mW VDD_CPU_GPU_CV 1031mW/1027mW VDD_SOC 1391mW/1395mW
08-23-2026 05:16:08 RAM 2959/7620MB (lfb 4x4MB) SWAP 0/12002MB (cached 0MB) CPU [2%@1510,0%@1510,2%@1510,4%@1510,1%@1510,1%@1510] GR3D_FREQ 0% cpu@47.906C soc2@46.906C soc0@45.218C gpu@47.343C tj@47.906C soc1@45.343C VDD_IN 4292mW/4306mW VDD_CPU_GPU_CV 1031mW/1027mW VDD_SOC 1391mW/1395mW
08-23-2026 05:16:09 RAM 2959/7620MB (lfb 4x4MB) SWAP 0/12002MB (cached 0MB) CPU [1%@1510,1%@1510,1%@1510,4%@1510,1%@1510,1%@1510] GR3D_FREQ 0% cpu@47.687C soc2@46.906C soc0@45.281C gpu@46.875C tj@47.687C soc1@45.125C VDD_IN 4252mW/4306mW VDD_CPU_GPU_CV 992mW/1027mW VDD_SOC 1391mW/1395mW
08-23-2026 05:16:10 RAM 2959/7620MB (lfb 4x4MB) SWAP 0/12002MB (cached 0MB) CPU [1%@1510,0%@1510,1%@1510,3%@1510,2%@1510,1%@1510] GR3D_FREQ 0% cpu@47.437C soc2@46.906C soc0@45.312C gpu@46.843C tj@47.437C soc1@45.218C VDD_IN 4292mW/4305mW VDD_CPU_GPU_CV 992mW/1026mW VDD_SOC 1391mW/1395mW
08-23-2026 05:16:11 RAM 2959/7620MB (lfb 4x4MB) SWAP 0/12002MB (cached 0MB) CPU [2%@1510,1%@1510,1%@1510,3%@1510,3%@1510,2%@1510] GR3D_FREQ 0% cpu@47.531C soc2@47.031C soc0@45.281C gpu@47.062C tj@47.531C soc1@45.25C VDD_IN 4292mW/4305mW VDD_CPU_GPU_CV 1031mW/1026mW VDD_SOC 1391mW/1395mW
08-23-2026 05:16:12 RAM 2959/7620MB (lfb 4x4MB) SWAP 0/12002MB (cached 0MB) CPU [0%@1510,0%@1510,1%@1510,6%@1510,1%@1510,3%@1510] GR3D_FREQ 0% cpu@47.687C soc2@46.875C soc0@45.218C gpu@47.062C tj@47.687C soc1@45.343C VDD_IN 4292mW/4305mW VDD_CPU_GPU_CV 1031mW/1026mW VDD_SOC 1391mW/1395mW
08-23-2026 05:16:13 RAM 2959/7620MB (lfb 4x4MB) SWAP 0/12002MB (cached 0MB) CPU [1%@1510,1%@1510,1%@1510,4%@1510,2%@1510,3%@1510] GR3D_FREQ 0% cpu@47.875C soc2@46.968C soc0@45.187C gpu@47.125C tj@47.875C soc1@45.343C VDD_IN 4292mW/4305mW VDD_CPU_GPU_CV 1031mW/1026mW VDD_SOC 1391mW/1395mW
08-23-2026 05:16:14 RAM 2959/7620MB (lfb 4x4MB) SWAP 0/12002MB (cached 0MB) CPU [1%@1510,1%@1510,2%@1510,3%@1510,2%@1510,1%@1510] GR3D_FREQ 0% cpu@47.687C soc2@46.937C soc0@45.281C gpu@47.156C tj@47.687C soc1@45.187C VDD_IN 4252mW/4304mW VDD_CPU_GPU_CV 992mW/1026mW VDD_SOC 1391mW/1395mW
08-23-2026 05:16:15 RAM 2959/7620MB (lfb 4x4MB) SWAP 0/12002MB (cached 0MB) CPU [1%@1510,0%@1510,2%@1510,3%@1510,1%@1510,2%@1510] GR3D_FREQ 0% cpu@47.593C soc2@46.937C soc0@45.343C gpu@47.187C tj@47.593C soc1@45.25C VDD_IN 4292mW/4304mW VDD_CPU_GPU_CV 992mW/1026mW VDD_SOC 1391mW/1395mW
08-23-2026 05:16:16 RAM 2959/7620MB (lfb 4x4MB) SWAP 0/12002MB (cached 0MB) CPU [0%@1510,1%@1510,1%@1510,3%@1510,2%@1510,1%@1510] GR3D_FREQ 0% cpu@47.656C soc2@47.031C soc0@45.406C gpu@47.093C tj@47.656C soc1@45.187C VDD_IN 4252mW/4303mW VDD_CPU_GPU_CV 992mW/1025mW VDD_SOC 1391mW/1394mW
08-23-2026 05:16:17 RAM 2960/7620MB (lfb 4x4MB) SWAP 0/12002MB (cached 0MB) CPU [1%@1510,2%@1510,3%@1510,4%@1510,2%@1510,1%@1510] GR3D_FREQ 0% cpu@47.656C soc2@46.968C soc0@45.281C gpu@47.125C tj@47.656C soc1@45.281C VDD_IN 4292mW/4303mW VDD_CPU_GPU_CV 1031mW/1025mW VDD_SOC 1391mW/1394mW
08-23-2026 05:16:18 RAM 2960/7620MB (lfb 4x4MB) SWAP 0/12002MB (cached 0MB) CPU [2%@1510,0%@1510,1%@1510,4%@1510,2%@1510,1%@1510] GR3D_FREQ 0% cpu@47.937C soc2@46.906C soc0@45.218C gpu@47.125C tj@47.937C soc1@45.312C VDD_IN 4292mW/4303mW VDD_CPU_GPU_CV 1031mW/1025mW VDD_SOC 1391mW/1394mW
08-23-2026 05:16:19 RAM 2960/7620MB (lfb 4x4MB) SWAP 0/12002MB (cached 0MB) CPU [0%@1510,1%@1510,0%@1510,2%@1510,2%@1510,2%@1510] GR3D_FREQ 0% cpu@47.75C soc2@46.937C soc0@45.343C gpu@47.093C tj@47.75C soc1@45.25C VDD_IN 4252mW/4303mW VDD_CPU_GPU_CV 992mW/1025mW VDD_SOC 1391mW/1394mW
08-23-2026 05:16:20 RAM 2960/7620MB (lfb 4x4MB) SWAP 0/12002MB (cached 0MB) CPU [1%@1510,0%@1510,2%@1510,3%@1510,3%@1510,2%@1510] GR3D_FREQ 0% cpu@47.531C soc2@47.031C soc0@45.343C gpu@46.906C tj@47.531C soc1@45.25C VDD_IN 4252mW/4302mW VDD_CPU_GPU_CV 992mW/1024mW VDD_SOC 1391mW/1394mW
08-23-2026 05:16:21 RAM 2960/7620MB (lfb 4x4MB) SWAP 0/12002MB (cached 0MB) CPU [1%@1510,1%@1510,1%@1510,5%@1510,1%@1510,1%@1510] GR3D_FREQ 0% cpu@47.593C soc2@47.062C soc0@45.406C gpu@46.906C tj@47.593C soc1@45.25C VDD_IN 4252mW/4301mW VDD_CPU_GPU_CV 992mW/1024mW VDD_SOC 1391mW/1394mW
08-23-2026 05:16:22 RAM 2957/7620MB (lfb 4x4MB) SWAP 0/12002MB (cached 0MB) CPU [1%@1510,1%@1510,2%@1510,5%@1510,2%@1510,4%@1510] GR3D_FREQ 0% cpu@47.718C soc2@46.968C soc0@45.281C gpu@46.937C tj@47.718C soc1@45.312C VDD_IN 4292mW/4301mW VDD_CPU_GPU_CV 1031mW/1024mW VDD_SOC 1391mW/1394mW
08-23-2026 05:16:23 RAM 2957/7620MB (lfb 4x4MB) SWAP 0/12002MB (cached 0MB) CPU [2%@1510,0%@1510,2%@1510,3%@1510,4%@1510,2%@1510] GR3D_FREQ 0% cpu@47.875C soc2@46.906C soc0@45.343C gpu@46.968C tj@47.875C soc1@45.343C VDD_IN 4292mW/4301mW VDD_CPU_GPU_CV 1031mW/1024mW VDD_SOC 1391mW/1394mW
08-23-2026 05:16:24 RAM 2960/7620MB (lfb 4x4MB) SWAP 0/12002MB (cached 0MB) CPU [0%@1510,2%@1510,8%@1510,5%@1510,3%@1510,4%@1510] GR3D_FREQ 0% cpu@47.75C soc2@46.937C soc0@45.312C gpu@47C tj@47.75C soc1@45.218C VDD_IN 4292mW/4301mW VDD_CPU_GPU_CV 1031mW/1024mW VDD_SOC 1391mW/1394mW
08-23-2026 05:16:25 RAM 2958/7620MB (lfb 4x4MB) SWAP 0/12002MB (cached 0MB) CPU [3%@1510,0%@1510,1%@1510,4%@1510,1%@1510,1%@1510] GR3D_FREQ 0% cpu@47.593C soc2@47.062C soc0@45.375C gpu@47C tj@47.593C soc1@45.281C VDD_IN 4292mW/4301mW VDD_CPU_GPU_CV 1031mW/1024mW VDD_SOC 1391mW/1394mW
08-23-2026 05:16:26 RAM 2958/7620MB (lfb 4x4MB) SWAP 0/12002MB (cached 0MB) CPU [1%@1510,2%@1510,1%@1510,4%@1510,1%@1510,2%@1510] GR3D_FREQ 0% cpu@47.656C soc2@47.093C soc0@45.406C gpu@46.968C tj@47.656C soc1@45.281C VDD_IN 4292mW/4301mW VDD_CPU_GPU_CV 1031mW/1024mW VDD_SOC 1391mW/1394mW
08-23-2026 05:16:27 RAM 2958/7620MB (lfb 4x4MB) SWAP 0/12002MB (cached 0MB) CPU [0%@1510,1%@1510,1%@1510,4%@1510,4%@1510,4%@1510] GR3D_FREQ 0% cpu@47.687C soc2@46.968C soc0@45.375C gpu@46.968C tj@47.687C soc1@45.25C VDD_IN 4292mW/4301mW VDD_CPU_GPU_CV 1031mW/1025mW VDD_SOC 1391mW/1394mW
08-23-2026 05:16:28 RAM 2958/7620MB (lfb 4x4MB) SWAP 0/12002MB (cached 0MB) CPU [2%@1510,0%@1510,2%@1510,3%@1510,1%@1510,1%@1510] GR3D_FREQ 0% cpu@47.562C soc2@46.937C soc0@45.281C gpu@47.343C tj@48.031C soc1@45.343C VDD_IN 4292mW/4301mW VDD_CPU_GPU_CV 1031mW/1025mW VDD_SOC 1391mW/1394mW
08-23-2026 05:16:29 RAM 2958/7620MB (lfb 4x4MB) SWAP 0/12002MB (cached 0MB) CPU [1%@1510,3%@1510,4%@1510,4%@1510,2%@1510,10%@1510] GR3D_FREQ 0% cpu@47.75C soc2@46.937C soc0@45.281C gpu@47.343C tj@47.75C soc1@45.468C VDD_IN 4292mW/4301mW VDD_CPU_GPU_CV 1031mW/1025mW VDD_SOC 1391mW/1394mW
08-23-2026 05:16:30 RAM 2958/7620MB (lfb 4x4MB) SWAP 0/12002MB (cached 0MB) CPU [1%@1510,1%@1510,1%@1510,3%@1510,2%@1510,2%@1510] GR3D_FREQ 0% cpu@47.625C soc2@47.031C soc0@45.281C gpu@47.343C tj@47.625C soc1@45.25C VDD_IN 4292mW/4301mW VDD_CPU_GPU_CV 1031mW/1025mW VDD_SOC 1391mW/1394mW
08-23-2026 05:16:31 RAM 2958/7620MB (lfb 4x4MB) SWAP 0/12002MB (cached 0MB) CPU [2%@1510,0%@1510,0%@1510,3%@1510,1%@1510,1%@1510] GR3D_FREQ 0% cpu@47.593C soc2@47C soc0@45.343C gpu@47.406C tj@47.593C soc1@45.343C VDD_IN 4252mW/4300mW VDD_CPU_GPU_CV 992mW/1024mW VDD_SOC 1391mW/1394mW
08-23-2026 05:16:32 RAM 2959/7620MB (lfb 4x4MB) SWAP 0/12002MB (cached 0MB) CPU [2%@1510,1%@1510,2%@1510,3%@1510,3%@1510,3%@1510] GR3D_FREQ 0% cpu@47.656C soc2@46.968C soc0@45.531C gpu@46.843C tj@47.656C soc1@45.312C VDD_IN 4292mW/4300mW VDD_CPU_GPU_CV 1031mW/1024mW VDD_SOC 1391mW/1394mW
08-23-2026 05:16:33 RAM 2959/7620MB (lfb 4x4MB) SWAP 0/12002MB (cached 0MB) CPU [1%@1510,0%@1510,3%@1510,4%@1510,1%@1510,3%@1510] GR3D_FREQ 0% cpu@47.593C soc2@47.125C soc0@45.218C gpu@46.937C tj@47.593C soc1@45.343C VDD_IN 4292mW/4300mW VDD_CPU_GPU_CV 1031mW/1024mW VDD_SOC 1391mW/1394mW
08-23-2026 05:16:34 RAM 2959/7620MB (lfb 4x4MB) SWAP 0/12002MB (cached 0MB) CPU [2%@1510,1%@1510,2%@1510,2%@1510,1%@1510,1%@1510] GR3D_FREQ 0% cpu@47.656C soc2@46.968C soc0@45.281C gpu@46.875C tj@47.656C soc1@45.406C VDD_IN 4252mW/4299mW VDD_CPU_GPU_CV 992mW/1024mW VDD_SOC 1391mW/1394mW
08-23-2026 05:16:35 RAM 2959/7620MB (lfb 4x4MB) SWAP 0/12002MB (cached 0MB) CPU [3%@1510,0%@1510,0%@1510,0%@1510,2%@1510,2%@1510] GR3D_FREQ 0% cpu@47.562C soc2@46.843C soc0@45.343C gpu@47.031C tj@47.562C soc1@45.125C VDD_IN 4292mW/4299mW VDD_CPU_GPU_CV 992mW/1024mW VDD_SOC 1391mW/1394mW
08-23-2026 05:16:36 RAM 2959/7620MB (lfb 4x4MB) SWAP 0/12002MB (cached 0MB) CPU [3%@1510,0%@1510,1%@1510,1%@1510,0%@1510,3%@1510] GR3D_FREQ 0% cpu@47.593C soc2@47C soc0@45.406C gpu@47.093C tj@47.593C soc1@45.281C VDD_IN 4252mW/4299mW VDD_CPU_GPU_CV 992mW/1024mW VDD_SOC 1391mW/1394mW
08-23-2026 05:16:37 RAM 2959/7620MB (lfb 4x4MB) SWAP 0/12002MB (cached 0MB) CPU [3%@1510,0%@1510,3%@1510,2%@1510,4%@1510,3%@1510] GR3D_FREQ 0% cpu@47.625C soc2@47C soc0@45.468C gpu@47.125C tj@47.625C soc1@45.281C VDD_IN 4332mW/4299mW VDD_CPU_GPU_CV 1031mW/1024mW VDD_SOC 1391mW/1394mW
08-23-2026 05:16:38 RAM 2960/7620MB (lfb 4x4MB) SWAP 0/12002MB (cached 0MB) CPU [6%@1510,3%@1510,3%@1510,4%@1510,3%@1510,4%@1510] GR3D_FREQ 0% cpu@47.562C soc2@47C soc0@45.312C gpu@47.062C tj@47.562C soc1@45.375C VDD_IN 4371mW/4300mW VDD_CPU_GPU_CV 1071mW/1024mW VDD_SOC 1391mW/1394mW
08-23-2026 05:16:39 RAM 2960/7620MB (lfb 4x4MB) SWAP 0/12002MB (cached 0MB) CPU [3%@1510,0%@1510,0%@1510,0%@1510,1%@1510,1%@1510] GR3D_FREQ 0% cpu@47.781C soc2@46.937C soc0@45.25C gpu@47.031C tj@47.781C soc1@45.375C VDD_IN 4252mW/4299mW VDD_CPU_GPU_CV 992mW/1024mW VDD_SOC 1391mW/1394mW
08-23-2026 05:16:40 RAM 2960/7620MB (lfb 4x4MB) SWAP 0/12002MB (cached 0MB) CPU [4%@1510,1%@1510,0%@1510,2%@1510,2%@1510,2%@1510] GR3D_FREQ 0% cpu@47.593C soc2@46.843C soc0@45.343C gpu@47.187C tj@47.593C soc1@45.468C VDD_IN 4252mW/4299mW VDD_CPU_GPU_CV 992mW/1023mW VDD_SOC 1391mW/1394mW
08-23-2026 05:16:41 RAM 2960/7620MB (lfb 4x4MB) SWAP 0/12002MB (cached 0MB) CPU [5%@1510,1%@1510,3%@1510,4%@1510,2%@1510,2%@1510] GR3D_FREQ 0% cpu@47.812C soc2@46.968C soc0@45.343C gpu@47.218C tj@47.812C soc1@45.312C VDD_IN 4292mW/4299mW VDD_CPU_GPU_CV 1031mW/1024mW VDD_SOC 1391mW/1394mW
08-23-2026 05:16:42 RAM 2960/7620MB (lfb 4x4MB) SWAP 0/12002MB (cached 0MB) CPU [3%@1510,2%@1510,4%@1510,1%@1510,2%@1510,1%@1510] GR3D_FREQ 0% cpu@47.562C soc2@46.968C soc0@45.406C gpu@47.25C tj@47.562C soc1@45.312C VDD_IN 4292mW/4299mW VDD_CPU_GPU_CV 1031mW/1024mW VDD_SOC 1391mW/1394mW
08-23-2026 05:16:43 RAM 2960/7620MB (lfb 4x4MB) SWAP 0/12002MB (cached 0MB) CPU [3%@1510,0%@1510,1%@1510,1%@1510,1%@1510,2%@1510] GR3D_FREQ 0% cpu@47.593C soc2@47.125C soc0@45.468C gpu@47.187C tj@47.593C soc1@45.312C VDD_IN 4292mW/4299mW VDD_CPU_GPU_CV 992mW/1023mW VDD_SOC 1391mW/1394mW
08-23-2026 05:16:44 RAM 2960/7620MB (lfb 4x4MB) SWAP 0/12002MB (cached 0MB) CPU [3%@1510,1%@1510,2%@1510,0%@1510,2%@1510,2%@1510] GR3D_FREQ 0% cpu@47.718C soc2@46.937C soc0@45.218C gpu@47.218C tj@47.718C soc1@45.406C VDD_IN 4252mW/4298mW VDD_CPU_GPU_CV 992mW/1023mW VDD_SOC 1391mW/1393mW
08-23-2026 05:16:45 RAM 2960/7620MB (lfb 4x4MB) SWAP 0/12002MB (cached 0MB) CPU [3%@1510,0%@1510,0%@1510,1%@1510,2%@1510,2%@1510] GR3D_FREQ 0% cpu@47.656C soc2@47.031C soc0@45.312C gpu@46.906C tj@47.656C soc1@45.531C VDD_IN 4292mW/4298mW VDD_CPU_GPU_CV 1031mW/1023mW VDD_SOC 1391mW/1393mW
08-23-2026 05:16:46 RAM 2960/7620MB (lfb 4x4MB) SWAP 0/12002MB (cached 0MB) CPU [3%@1510,0%@1510,1%@1510,1%@1510,2%@1510,1%@1510] GR3D_FREQ 0% cpu@47.875C soc2@46.937C soc0@45.312C gpu@46.937C tj@47.875C soc1@45.156C VDD_IN 4252mW/4298mW VDD_CPU_GPU_CV 992mW/1023mW VDD_SOC 1391mW/1393mW
08-23-2026 05:16:47 RAM 2960/7620MB (lfb 4x4MB) SWAP 0/12002MB (cached 0MB) CPU [3%@1510,1%@1510,2%@1510,3%@1510,4%@1510,2%@1510] GR3D_FREQ 0% cpu@47.593C soc2@47C soc0@45.375C gpu@47C tj@47.593C soc1@45.281C VDD_IN 4292mW/4298mW VDD_CPU_GPU_CV 1031mW/1023mW VDD_SOC 1391mW/1393mW
08-23-2026 05:16:48 RAM 2960/7620MB (lfb 4x4MB) SWAP 0/12002MB (cached 0MB) CPU [3%@1510,0%@1510,1%@1510,2%@1510,2%@1510,2%@1510] GR3D_FREQ 0% cpu@47.593C soc2@47C soc0@45.375C gpu@47.031C tj@47.593C soc1@45.343C VDD_IN 4292mW/4298mW VDD_CPU_GPU_CV 1031mW/1023mW VDD_SOC 1391mW/1393mW
08-23-2026 05:16:49 RAM 2960/7620MB (lfb 4x4MB) SWAP 0/12002MB (cached 0MB) CPU [2%@1510,1%@1510,1%@1510,1%@1510,2%@1510,2%@1510] GR3D_FREQ 0% cpu@47.75C soc2@47.093C soc0@45.281C gpu@46.968C tj@47.75C soc1@45.375C VDD_IN 4252mW/4297mW VDD_CPU_GPU_CV 992mW/1023mW VDD_SOC 1391mW/1393mW
08-23-2026 05:16:50 RAM 2960/7620MB (lfb 4x4MB) SWAP 0/12002MB (cached 0MB) CPU [3%@1510,0%@1510,3%@1510,1%@1510,2%@1510,1%@1510] GR3D_FREQ 0% cpu@48.062C soc2@46.968C soc0@45.281C gpu@47C tj@48.062C soc1@45.5C VDD_IN 4292mW/4297mW VDD_CPU_GPU_CV 1031mW/1023mW VDD_SOC 1391mW/1393mW
08-23-2026 05:16:51 RAM 2960/7620MB (lfb 4x4MB) SWAP 0/12002MB (cached 0MB) CPU [3%@1510,0%@1510,0%@1510,1%@1510,2%@1510,1%@1510] GR3D_FREQ 0% cpu@47.843C soc2@46.937C soc0@45.312C gpu@46.968C tj@47.843C soc1@45.281C VDD_IN 4292mW/4297mW VDD_CPU_GPU_CV 992mW/1022mW VDD_SOC 1391mW/1393mW
08-23-2026 05:16:52 RAM 2960/7620MB (lfb 4x4MB) SWAP 0/12002MB (cached 0MB) CPU [3%@1510,0%@1510,2%@1510,3%@1510,2%@1510,2%@1510] GR3D_FREQ 0% cpu@47.5C soc2@46.937C soc0@45.343C gpu@46.968C tj@47.5C soc1@45.187C VDD_IN 4292mW/4297mW VDD_CPU_GPU_CV 1031mW/1023mW VDD_SOC 1391mW/1393mW
08-23-2026 05:16:53 RAM 2960/7620MB (lfb 4x4MB) SWAP 0/12002MB (cached 0MB) CPU [3%@1510,1%@1510,3%@1510,0%@1510,1%@1510,1%@1510] GR3D_FREQ 0% cpu@47.625C soc2@47.031C soc0@45.468C gpu@47C tj@47.625C soc1@45.343C VDD_IN 4292mW/4297mW VDD_CPU_GPU_CV 1031mW/1023mW VDD_SOC 1391mW/1393mW
08-23-2026 05:16:54 RAM 2960/7620MB (lfb 4x4MB) SWAP 0/12002MB (cached 0MB) CPU [0%@1510,4%@1510,2%@1510,1%@1510,0%@1510,2%@1510] GR3D_FREQ 0% cpu@47.687C soc2@47.093C soc0@45.312C gpu@47.375C tj@47.687C soc1@45.25C VDD_IN 4252mW/4297mW VDD_CPU_GPU_CV 992mW/1022mW VDD_SOC 1391mW/1393mW
08-23-2026 05:16:55 RAM 2960/7620MB (lfb 4x4MB) SWAP 0/12002MB (cached 0MB) CPU [2%@1510,2%@1510,2%@1510,3%@1510,0%@1510,0%@1510] GR3D_FREQ 0% cpu@48.062C soc2@47C soc0@45.343C gpu@46.937C tj@48.062C soc1@45.406C VDD_IN 4252mW/4296mW VDD_CPU_GPU_CV 992mW/1022mW VDD_SOC 1391mW/1393mW
08-23-2026 05:16:56 RAM 2960/7620MB (lfb 4x4MB) SWAP 0/12002MB (cached 0MB) CPU [1%@1510,2%@1510,1%@1510,1%@1510,2%@1510,1%@1510] GR3D_FREQ 0% cpu@47.75C soc2@47C soc0@45.343C gpu@46.875C tj@47.75C soc1@45.25C VDD_IN 4252mW/4296mW VDD_CPU_GPU_CV 992mW/1022mW VDD_SOC 1391mW/1393mW
08-23-2026 05:16:57 RAM 2960/7620MB (lfb 4x4MB) SWAP 0/12002MB (cached 0MB) CPU [2%@1510,5%@1510,3%@1510,6%@1510,4%@1510,4%@1510] GR3D_FREQ 0% cpu@47.562C soc2@47C soc0@45.437C gpu@46.875C tj@47.562C soc1@45.343C VDD_IN 4332mW/4296mW VDD_CPU_GPU_CV 1031mW/1022mW VDD_SOC 1391mW/1393mW
08-23-2026 05:16:58 RAM 2960/7620MB (lfb 4x4MB) SWAP 0/12002MB (cached 0MB) CPU [2%@1510,4%@1510,1%@1510,2%@1510,2%@1510,2%@1510] GR3D_FREQ 0% cpu@47.593C soc2@46.937C soc0@45.5C gpu@46.875C tj@47.593C soc1@45.312C VDD_IN 4292mW/4296mW VDD_CPU_GPU_CV 1031mW/1022mW VDD_SOC 1391mW/1393mW
08-23-2026 05:16:59 RAM 2960/7620MB (lfb 4x4MB) SWAP 0/12002MB (cached 0MB) CPU [2%@1510,3%@1510,1%@1510,2%@1510,2%@1510,1%@1510] GR3D_FREQ 0% cpu@47.718C soc2@47.062C soc0@45.312C gpu@46.875C tj@47.718C soc1@45.343C VDD_IN 4292mW/4296mW VDD_CPU_GPU_CV 1031mW/1022mW VDD_SOC 1391mW/1393mW
08-23-2026 05:17:00 RAM 2960/7620MB (lfb 4x4MB) SWAP 0/12002MB (cached 0MB) CPU [2%@1510,4%@1510,1%@1510,2%@1510,1%@1510,1%@1510] GR3D_FREQ 0% cpu@47.625C soc2@46.937C soc0@45.343C gpu@46.968C tj@47.625C soc1@45.406C VDD_IN 4292mW/4296mW VDD_CPU_GPU_CV 1031mW/1022mW VDD_SOC 1391mW/1393mW
08-23-2026 05:17:01 RAM 2960/7620MB (lfb 4x4MB) SWAP 0/12002MB (cached 0MB) CPU [1%@1510,4%@1510,2%@1510,4%@1510,1%@1510,3%@1510] GR3D_FREQ 0% cpu@47.812C soc2@47C soc0@45.281C gpu@47.093C tj@47.812C soc1@45.531C VDD_IN 4292mW/4296mW VDD_CPU_GPU_CV 1031mW/1022mW VDD_SOC 1391mW/1393mW
08-23-2026 05:17:02 RAM 2961/7620MB (lfb 4x4MB) SWAP 0/12002MB (cached 0MB) CPU [0%@1510,3%@1510,5%@1510,5%@1510,2%@1510,3%@1510] GR3D_FREQ 0% cpu@47.593C soc2@46.937C soc0@45.343C gpu@46.906C tj@47.593C soc1@45.343C VDD_IN 4332mW/4297mW VDD_CPU_GPU_CV 1031mW/1022mW VDD_SOC 1391mW/1393mW
08-23-2026 05:17:03 RAM 2960/7620MB (lfb 4x4MB) SWAP 0/12002MB (cached 0MB) CPU [1%@1510,3%@1510,3%@1510,2%@1510,2%@1510,4%@1510] GR3D_FREQ 0% cpu@47.593C soc2@47.031C soc0@45.437C gpu@47.218C tj@47.593C soc1@45.312C VDD_IN 4292mW/4296mW VDD_CPU_GPU_CV 1031mW/1022mW VDD_SOC 1391mW/1393mW
08-23-2026 05:17:04 RAM 2960/7620MB (lfb 4x4MB) SWAP 0/12002MB (cached 0MB) CPU [1%@1510,4%@1510,0%@1510,3%@1510,3%@1510,2%@1510] GR3D_FREQ 0% cpu@47.718C soc2@47.093C soc0@45.406C gpu@47.187C tj@47.718C soc1@45.312C VDD_IN 4292mW/4296mW VDD_CPU_GPU_CV 1031mW/1022mW VDD_SOC 1391mW/1393mW
08-23-2026 05:17:05 RAM 2960/7620MB (lfb 4x4MB) SWAP 0/12002MB (cached 0MB) CPU [1%@1510,3%@1510,3%@1510,3%@1510,2%@1510,3%@1510] GR3D_FREQ 0% cpu@47.656C soc2@47.093C soc0@45.312C gpu@47.25C tj@47.656C soc1@45.437C VDD_IN 4292mW/4296mW VDD_CPU_GPU_CV 1031mW/1022mW VDD_SOC 1391mW/1393mW
08-23-2026 05:17:06 RAM 2960/7620MB (lfb 4x4MB) SWAP 0/12002MB (cached 0MB) CPU [1%@1510,3%@1510,1%@1510,3%@1510,2%@1510,2%@1510] GR3D_FREQ 0% cpu@47.812C soc2@47.093C soc0@45.343C gpu@47.25C tj@47.812C soc1@45.5C VDD_IN 4292mW/4296mW VDD_CPU_GPU_CV 1031mW/1023mW VDD_SOC 1391mW/1393mW
08-23-2026 05:17:07 RAM 2960/7620MB (lfb 4x4MB) SWAP 0/12002MB (cached 0MB) CPU [4%@1510,0%@1510,4%@1510,1%@1510,3%@1510,3%@1510] GR3D_FREQ 0% cpu@47.625C soc2@47C soc0@45.406C gpu@47.25C tj@47.625C soc1@45.25C VDD_IN 4292mW/4296mW VDD_CPU_GPU_CV 1031mW/1023mW VDD_SOC 1391mW/1393mW
08-23-2026 05:17:08 RAM 2959/7620MB (lfb 4x4MB) SWAP 0/12002MB (cached 0MB) CPU [3%@1510,0%@1510,1%@1510,3%@1510,3%@1510,3%@1510] GR3D_FREQ 0% cpu@47.656C soc2@47.031C soc0@45.437C gpu@47.343C tj@47.656C soc1@45.375C VDD_IN 4332mW/4297mW VDD_CPU_GPU_CV 1031mW/1023mW VDD_SOC 1391mW/1393mW
08-23-2026 05:17:09 RAM 2959/7620MB (lfb 4x4MB) SWAP 0/12002MB (cached 0MB) CPU [4%@1510,0%@1510,2%@1510,1%@1510,3%@1510,4%@1510] GR3D_FREQ 0% cpu@47.625C soc2@47.125C soc0@45.468C gpu@47.343C tj@47.625C soc1@45.343C VDD_IN 4292mW/4297mW VDD_CPU_GPU_CV 1031mW/1023mW VDD_SOC 1391mW/1393mW
08-23-2026 05:17:10 RAM 2959/7620MB (lfb 4x4MB) SWAP 0/12002MB (cached 0MB) CPU [3%@1510,1%@1510,0%@1510,2%@1510,1%@1510,0%@1510] GR3D_FREQ 0% cpu@47.656C soc2@47C soc0@45.375C gpu@47.375C tj@47.656C soc1@45.343C VDD_IN 4332mW/4297mW VDD_CPU_GPU_CV 1031mW/1023mW VDD_SOC 1391mW/1393mW
08-23-2026 05:17:11 RAM 2959/7620MB (lfb 4x4MB) SWAP 0/12002MB (cached 0MB) CPU [5%@1510,2%@1510,3%@1510,3%@1510,2%@1510,2%@1510] GR3D_FREQ 0% cpu@47.906C soc2@47C soc0@45.343C gpu@47.062C tj@47.906C soc1@45.531C VDD_IN 4292mW/4297mW VDD_CPU_GPU_CV 1031mW/1023mW VDD_SOC 1391mW/1393mW
08-23-2026 05:17:12 RAM 2959/7620MB (lfb 4x4MB) SWAP 0/12002MB (cached 0MB) CPU [4%@1510,2%@1510,2%@1510,2%@1510,4%@1510,2%@1510] GR3D_FREQ 0% cpu@47.656C soc2@47.031C soc0@45.375C gpu@47.031C tj@47.656C soc1@45.343C VDD_IN 4332mW/4297mW VDD_CPU_GPU_CV 1031mW/1023mW VDD_SOC 1391mW/1393mW
08-23-2026 05:17:13 RAM 2958/7620MB (lfb 4x4MB) SWAP 0/12002MB (cached 0MB) CPU [6%@1510,0%@1510,2%@1510,4%@1510,2%@1510,2%@1510] GR3D_FREQ 0% cpu@47.968C soc2@47.062C soc0@45.437C gpu@47.031C tj@47.968C soc1@45.343C VDD_IN 4332mW/4297mW VDD_CPU_GPU_CV 1031mW/1023mW VDD_SOC 1391mW/1393mW
08-23-2026 05:17:14 RAM 2958/7620MB (lfb 4x4MB) SWAP 0/12002MB (cached 0MB) CPU [5%@1510,2%@1510,2%@1510,2%@1510,1%@1510,4%@1510] GR3D_FREQ 0% cpu@47.593C soc2@47.031C soc0@45.437C gpu@47.062C tj@47.593C soc1@45.343C VDD_IN 4332mW/4298mW VDD_CPU_GPU_CV 1031mW/1023mW VDD_SOC 1391mW/1393mW
08-23-2026 05:17:15 RAM 2958/7620MB (lfb 4x4MB) SWAP 0/12002MB (cached 0MB) CPU [4%@1510,0%@1510,2%@1510,1%@1510,1%@1510,1%@1510] GR3D_FREQ 0% cpu@47.593C soc2@47.062C soc0@45.312C gpu@47C tj@47.593C soc1@45.375C VDD_IN 4292mW/4297mW VDD_CPU_GPU_CV 1031mW/1023mW VDD_SOC 1391mW/1393mW
08-23-2026 05:17:16 RAM 2958/7620MB (lfb 4x4MB) SWAP 0/12002MB (cached 0MB) CPU [4%@1510,0%@1510,3%@1510,1%@1510,1%@1510,1%@1510] GR3D_FREQ 0% cpu@47.812C soc2@46.906C soc0@45.218C gpu@47.062C tj@47.812C soc1@45.437C VDD_IN 4292mW/4297mW VDD_CPU_GPU_CV 1031mW/1023mW VDD_SOC 1391mW/1393mW
08-23-2026 05:17:17 RAM 2958/7620MB (lfb 4x4MB) SWAP 0/12002MB (cached 0MB) CPU [4%@1510,1%@1510,2%@1510,3%@1510,2%@1510,3%@1510] GR3D_FREQ 0% cpu@47.625C soc2@46.906C soc0@45.281C gpu@47.125C tj@47.562C soc1@45.562C VDD_IN 4292mW/4297mW VDD_CPU_GPU_CV 1031mW/1023mW VDD_SOC 1391mW/1393mW
08-23-2026 05:17:18 RAM 2959/7620MB (lfb 4x4MB) SWAP 0/12002MB (cached 0MB) CPU [5%@1510,2%@1510,1%@1510,2%@1510,2%@1510,2%@1510] GR3D_FREQ 0% cpu@47.906C soc2@47.031C soc0@45.375C gpu@47.093C tj@47.843C soc1@45.218C VDD_IN 4292mW/4297mW VDD_CPU_GPU_CV 1031mW/1023mW VDD_SOC 1391mW/1393mW
08-23-2026 05:17:19 RAM 2959/7620MB (lfb 4x4MB) SWAP 0/12002MB (cached 0MB) CPU [4%@1510,0%@1510,2%@1510,2%@1510,2%@1510,2%@1510] GR3D_FREQ 0% cpu@47.593C soc2@47C soc0@45.437C gpu@47.156C tj@47.593C soc1@45.312C VDD_IN 4292mW/4297mW VDD_CPU_GPU_CV 1031mW/1023mW VDD_SOC 1391mW/1393mW
08-23-2026 05:17:20 RAM 2959/7620MB (lfb 4x4MB) SWAP 0/12002MB (cached 0MB) CPU [4%@1510,2%@1510,1%@1510,2%@1510,3%@1510,3%@1510] GR3D_FREQ 0% cpu@47.593C soc2@46.968C soc0@45.468C gpu@46.875C tj@47.593C soc1@45.343C VDD_IN 4292mW/4297mW VDD_CPU_GPU_CV 1031mW/1023mW VDD_SOC 1391mW/1393mW
08-23-2026 05:17:21 RAM 2959/7620MB (lfb 4x4MB) SWAP 0/12002MB (cached 0MB) CPU [4%@1510,0%@1510,2%@1510,1%@1510,1%@1510,2%@1510] GR3D_FREQ 0% cpu@47.687C soc2@47.062C soc0@45.343C gpu@46.875C tj@47.687C soc1@45.343C VDD_IN 4292mW/4297mW VDD_CPU_GPU_CV 1031mW/1023mW VDD_SOC 1391mW/1393mW
08-23-2026 05:17:22 RAM 2959/7620MB (lfb 4x4MB) SWAP 0/12002MB (cached 0MB) CPU [4%@1510,3%@1510,2%@1510,3%@1510,3%@1510,3%@1510] GR3D_FREQ 0% cpu@47.593C soc2@46.968C soc0@45.218C gpu@46.906C tj@47.593C soc1@45.5C VDD_IN 4292mW/4297mW VDD_CPU_GPU_CV 1031mW/1023mW VDD_SOC 1391mW/1393mW
08-23-2026 05:17:23 RAM 2960/7620MB (lfb 4x4MB) SWAP 0/12002MB (cached 0MB) CPU [4%@1510,1%@1510,3%@1510,2%@1510,3%@1510,1%@1510] GR3D_FREQ 0% cpu@47.843C soc2@46.968C soc0@45.375C gpu@46.875C tj@47.843C soc1@45.281C VDD_IN 4292mW/4297mW VDD_CPU_GPU_CV 1031mW/1023mW VDD_SOC 1391mW/1393mW
08-23-2026 05:17:24 RAM 2960/7620MB (lfb 4x4MB) SWAP 0/12002MB (cached 0MB) CPU [4%@1510,1%@1510,2%@1510,2%@1510,3%@1510,3%@1510] GR3D_FREQ 0% cpu@47.562C soc2@47C soc0@45.375C gpu@46.875C tj@47.562C soc1@45.218C VDD_IN 4292mW/4297mW VDD_CPU_GPU_CV 1031mW/1023mW VDD_SOC 1391mW/1393mW
08-23-2026 05:17:25 RAM 2960/7620MB (lfb 4x4MB) SWAP 0/12002MB (cached 0MB) CPU [6%@1510,0%@1510,1%@1510,1%@1510,2%@1510,2%@1510] GR3D_FREQ 0% cpu@47.687C soc2@47C soc0@45.5C gpu@46.906C tj@47.687C soc1@45.312C VDD_IN 4292mW/4297mW VDD_CPU_GPU_CV 1031mW/1023mW VDD_SOC 1391mW/1393mW
08-23-2026 05:17:26 RAM 2960/7620MB (lfb 4x4MB) SWAP 0/12002MB (cached 0MB) CPU [3%@1510,1%@1510,2%@1510,3%@1510,1%@1510,2%@1510] GR3D_FREQ 0% cpu@47.781C soc2@47.093C soc0@45.187C gpu@46.937C tj@47.781C soc1@45.437C VDD_IN 4292mW/4297mW VDD_CPU_GPU_CV 1031mW/1024mW VDD_SOC 1391mW/1393mW
08-23-2026 05:17:27 RAM 2959/7620MB (lfb 4x4MB) SWAP 0/12002MB (cached 0MB) CPU [4%@1510,0%@1510,2%@1510,4%@1510,3%@1510,3%@1510] GR3D_FREQ 0% cpu@47.718C soc2@46.968C soc0@45.218C gpu@47.125C tj@47.718C soc1@45.437C VDD_IN 4292mW/4297mW VDD_CPU_GPU_CV 1031mW/1024mW VDD_SOC 1391mW/1393mW
08-23-2026 05:17:28 RAM 2960/7620MB (lfb 4x4MB) SWAP 0/12002MB (cached 0MB) CPU [3%@1510,2%@1510,2%@1510,2%@1510,3%@1510,2%@1510] GR3D_FREQ 0% cpu@47.937C soc2@47C soc0@45.312C gpu@47.25C tj@47.937C soc1@45.25C VDD_IN 4292mW/4297mW VDD_CPU_GPU_CV 1031mW/1024mW VDD_SOC 1391mW/1393mW
08-23-2026 05:17:29 RAM 2960/7620MB (lfb 4x4MB) SWAP 0/12002MB (cached 0MB) CPU [6%@1510,3%@1510,1%@1510,2%@1510,1%@1510,2%@1510] GR3D_FREQ 0% cpu@47.5C soc2@46.968C soc0@45.375C gpu@47.218C tj@47.5C soc1@45.25C VDD_IN 4292mW/4297mW VDD_CPU_GPU_CV 1031mW/1024mW VDD_SOC 1391mW/1393mW
08-23-2026 05:17:30 RAM 2959/7620MB (lfb 4x4MB) SWAP 0/12002MB (cached 0MB) CPU [2%@1510,2%@1510,1%@1510,1%@1510,2%@1510,3%@1510] GR3D_FREQ 0% cpu@47.656C soc2@47.093C soc0@45.468C gpu@47.25C tj@47.656C soc1@45.281C VDD_IN 4292mW/4297mW VDD_CPU_GPU_CV 1031mW/1024mW VDD_SOC 1391mW/1393mW
08-23-2026 05:17:31 RAM 2959/7620MB (lfb 4x4MB) SWAP 0/12002MB (cached 0MB) CPU [2%@1510,3%@1510,2%@1510,3%@1510,2%@1510,2%@1510] GR3D_FREQ 0% cpu@47.75C soc2@47.031C soc0@45.281C gpu@47.281C tj@47.75C soc1@45.343C VDD_IN 4292mW/4297mW VDD_CPU_GPU_CV 1031mW/1024mW VDD_SOC 1391mW/1393mW
08-23-2026 05:17:32 RAM 2960/7620MB (lfb 4x4MB) SWAP 0/12002MB (cached 0MB) CPU [2%@1510,1%@1510,2%@1510,2%@1510,5%@1510,4%@1510] GR3D_FREQ 0% cpu@47.625C soc2@46.968C soc0@45.218C gpu@47.25C tj@47.625C soc1@45.5C VDD_IN 4292mW/4297mW VDD_CPU_GPU_CV 1031mW/1024mW VDD_SOC 1391mW/1393mW
08-23-2026 05:17:33 RAM 2959/7620MB (lfb 4x4MB) SWAP 0/12002MB (cached 0MB) CPU [2%@1510,3%@1510,4%@1510,3%@1510,3%@1510,3%@1510] GR3D_FREQ 0% cpu@47.843C soc2@46.968C soc0@45.343C gpu@47.281C tj@47.843C soc1@45.312C VDD_IN 4332mW/4297mW VDD_CPU_GPU_CV 1031mW/1024mW VDD_SOC 1391mW/1393mW
08-23-2026 05:17:34 RAM 2959/7620MB (lfb 4x4MB) SWAP 0/12002MB (cached 0MB) CPU [1%@1510,2%@1510,2%@1510,2%@1510,1%@1510,3%@1510] GR3D_FREQ 0% cpu@47.656C soc2@46.937C soc0@45.343C gpu@46.937C tj@47.531C soc1@45.25C VDD_IN 4292mW/4297mW VDD_CPU_GPU_CV 1031mW/1024mW VDD_SOC 1391mW/1393mW
08-23-2026 05:17:35 RAM 2959/7620MB (lfb 4x4MB) SWAP 0/12002MB (cached 0MB) CPU [2%@1510,2%@1510,2%@1510,2%@1510,2%@1510,2%@1510] GR3D_FREQ 0% cpu@47.593C soc2@47.031C soc0@45.468C gpu@47C tj@47.593C soc1@45.281C VDD_IN 4292mW/4297mW VDD_CPU_GPU_CV 1031mW/1024mW VDD_SOC 1391mW/1393mW
08-23-2026 05:17:36 RAM 2959/7620MB (lfb 4x4MB) SWAP 0/12002MB (cached 0MB) CPU [1%@1510,3%@1510,3%@1510,2%@1510,1%@1510,2%@1510] GR3D_FREQ 0% cpu@47.781C soc2@47.093C soc0@45.218C gpu@46.937C tj@47.781C soc1@45.343C VDD_IN 4292mW/4297mW VDD_CPU_GPU_CV 1031mW/1024mW VDD_SOC 1391mW/1393mW
08-23-2026 05:17:37 RAM 2960/7620MB (lfb 4x4MB) SWAP 0/12002MB (cached 0MB) CPU [3%@1510,3%@1510,5%@1510,1%@1510,5%@1510,2%@1510] GR3D_FREQ 0% cpu@47.593C soc2@46.875C soc0@45.25C gpu@47.062C tj@47.562C soc1@45.343C VDD_IN 4292mW/4297mW VDD_CPU_GPU_CV 1031mW/1024mW VDD_SOC 1391mW/1393mW
08-23-2026 05:17:38 RAM 2960/7620MB (lfb 4x4MB) SWAP 0/12002MB (cached 0MB) CPU [2%@1510,3%@1510,2%@1510,2%@1510,3%@1510,2%@1510] GR3D_FREQ 0% cpu@47.812C soc2@46.968C soc0@45.343C gpu@47.062C tj@47.812C soc1@45.437C VDD_IN 4292mW/4297mW VDD_CPU_GPU_CV 1031mW/1024mW VDD_SOC 1391mW/1393mW
08-23-2026 05:17:39 RAM 2960/7620MB (lfb 4x4MB) SWAP 0/12002MB (cached 0MB) CPU [2%@1510,3%@1510,2%@1510,1%@1510,1%@1510,1%@1510] GR3D_FREQ 0% cpu@47.625C soc2@46.968C soc0@45.343C gpu@47.062C tj@47.625C soc1@45.25C VDD_IN 4292mW/4297mW VDD_CPU_GPU_CV 1031mW/1024mW VDD_SOC 1391mW/1393mW
08-23-2026 05:17:40 RAM 2960/7620MB (lfb 4x4MB) SWAP 0/12002MB (cached 0MB) CPU [2%@1510,3%@1510,2%@1510,3%@1510,2%@1510,2%@1510] GR3D_FREQ 0% cpu@47.562C soc2@47.031C soc0@45.343C gpu@47.031C tj@47.562C soc1@45.281C VDD_IN 4292mW/4297mW VDD_CPU_GPU_CV 1031mW/1024mW VDD_SOC 1391mW/1393mW
08-23-2026 05:17:41 RAM 2960/7620MB (lfb 4x4MB) SWAP 0/12002MB (cached 0MB) CPU [3%@1510,2%@1510,1%@1510,2%@1510,2%@1510,2%@1510] GR3D_FREQ 0% cpu@47.656C soc2@47C soc0@45.281C gpu@47.093C tj@47.656C soc1@45.343C VDD_IN 4292mW/4297mW VDD_CPU_GPU_CV 1031mW/1024mW VDD_SOC 1391mW/1392mW
08-23-2026 05:17:42 RAM 2960/7620MB (lfb 4x4MB) SWAP 0/12002MB (cached 0MB) CPU [2%@1510,3%@1510,2%@1510,2%@1510,1%@1510,6%@1510] GR3D_FREQ 0% cpu@47.625C soc2@46.937C soc0@45.343C gpu@46.906C tj@47.625C soc1@45.343C VDD_IN 4292mW/4297mW VDD_CPU_GPU_CV 1031mW/1024mW VDD_SOC 1391mW/1392mW
08-23-2026 05:17:43 RAM 2960/7620MB (lfb 4x4MB) SWAP 0/12002MB (cached 0MB) CPU [2%@1510,3%@1510,1%@1510,3%@1510,3%@1510,2%@1510] GR3D_FREQ 0% cpu@47.812C soc2@46.937C soc0@45.343C gpu@46.875C tj@47.812C soc1@45.406C VDD_IN 4292mW/4297mW VDD_CPU_GPU_CV 1031mW/1024mW VDD_SOC 1391mW/1392mW
08-23-2026 05:17:44 RAM 2960/7620MB (lfb 4x4MB) SWAP 0/12002MB (cached 0MB) CPU [1%@1510,3%@1510,1%@1510,1%@1510,2%@1510,2%@1510] GR3D_FREQ 0% cpu@47.562C soc2@46.968C soc0@45.343C gpu@46.968C tj@47.562C soc1@45.281C VDD_IN 4292mW/4297mW VDD_CPU_GPU_CV 1031mW/1024mW VDD_SOC 1391mW/1392mW
08-23-2026 05:17:45 RAM 2960/7620MB (lfb 4x4MB) SWAP 0/12002MB (cached 0MB) CPU [2%@1510,3%@1510,0%@1510,2%@1510,2%@1510,3%@1510] GR3D_FREQ 0% cpu@47.562C soc2@47.031C soc0@45.437C gpu@46.906C tj@47.562C soc1@45.281C VDD_IN 4292mW/4297mW VDD_CPU_GPU_CV 1031mW/1024mW VDD_SOC 1391mW/1392mW
08-23-2026 05:17:46 RAM 2960/7620MB (lfb 4x4MB) SWAP 0/12002MB (cached 0MB) CPU [1%@1510,4%@1510,1%@1510,3%@1510,1%@1510,1%@1510] GR3D_FREQ 0% cpu@47.75C soc2@46.968C soc0@45.406C gpu@46.906C tj@47.75C soc1@45.375C VDD_IN 4292mW/4297mW VDD_CPU_GPU_CV 1031mW/1024mW VDD_SOC 1391mW/1392mW
08-23-2026 05:17:47 RAM 2961/7620MB (lfb 4x4MB) SWAP 0/12002MB (cached 0MB) CPU [2%@1510,4%@1510,3%@1510,3%@1510,3%@1510,2%@1510] GR3D_FREQ 0% cpu@47.75C soc2@46.968C soc0@45.218C gpu@47C tj@47.75C soc1@45.343C VDD_IN 4292mW/4297mW VDD_CPU_GPU_CV 1031mW/1024mW VDD_SOC 1391mW/1392mW
08-23-2026 05:17:48 RAM 2961/7620MB (lfb 4x4MB) SWAP 0/12002MB (cached 0MB) CPU [1%@1510,3%@1510,2%@1510,2%@1510,3%@1510,3%@1510] GR3D_FREQ 0% cpu@47.843C soc2@47.031C soc0@45.25C gpu@46.968C tj@47.843C soc1@45.531C VDD_IN 4292mW/4297mW VDD_CPU_GPU_CV 1031mW/1024mW VDD_SOC 1391mW/1392mW
08-23-2026 05:17:49 RAM 2960/7620MB (lfb 4x4MB) SWAP 0/12002MB (cached 0MB) CPU [1%@1510,2%@1510,1%@1510,2%@1510,1%@1510,3%@1510] GR3D_FREQ 0% cpu@47.593C soc2@47C soc0@45.343C gpu@47C tj@47.593C soc1@45.312C VDD_IN 4292mW/4297mW VDD_CPU_GPU_CV 992mW/1024mW VDD_SOC 1391mW/1392mW
08-23-2026 05:17:50 RAM 2960/7620MB (lfb 4x4MB) SWAP 0/12002MB (cached 0MB) CPU [3%@1510,3%@1510,1%@1510,1%@1510,2%@1510,1%@1510] GR3D_FREQ 0% cpu@47.593C soc2@47C soc0@45.406C gpu@46.968C tj@47.593C soc1@45.343C VDD_IN 4292mW/4297mW VDD_CPU_GPU_CV 1031mW/1024mW VDD_SOC 1391mW/1392mW
08-23-2026 05:17:51 RAM 2960/7620MB (lfb 4x4MB) SWAP 0/12002MB (cached 0MB) CPU [1%@1510,3%@1510,2%@1510,3%@1510,1%@1510,1%@1510] GR3D_FREQ 0% cpu@47.562C soc2@47.031C soc0@45.312C gpu@47.187C tj@47.562C soc1@45.343C VDD_IN 4292mW/4296mW VDD_CPU_GPU_CV 1031mW/1024mW VDD_SOC 1391mW/1392mW
08-23-2026 05:17:52 RAM 2960/7620MB (lfb 4x4MB) SWAP 0/12002MB (cached 0MB) CPU [4%@1510,0%@1510,3%@1510,4%@1510,5%@1510,4%@1510] GR3D_FREQ 0% cpu@47.687C soc2@47.031C soc0@45.343C gpu@47.187C tj@47.687C soc1@45.343C VDD_IN 4292mW/4296mW VDD_CPU_GPU_CV 1031mW/1024mW VDD_SOC 1391mW/1392mW
08-23-2026 05:17:53 RAM 2961/7620MB (lfb 4x4MB) SWAP 0/12002MB (cached 0MB) CPU [2%@1510,0%@1510,2%@1510,2%@1510,2%@1510,2%@1510] GR3D_FREQ 0% cpu@47.812C soc2@47C soc0@45.312C gpu@47.281C tj@47.812C soc1@45.406C VDD_IN 4292mW/4296mW VDD_CPU_GPU_CV 1031mW/1024mW VDD_SOC 1391mW/1392mW
08-23-2026 05:17:54 RAM 2961/7620MB (lfb 4x4MB) SWAP 0/12002MB (cached 0MB) CPU [3%@1510,1%@1510,2%@1510,1%@1510,2%@1510,0%@1510] GR3D_FREQ 0% cpu@47.593C soc2@47.031C soc0@45.343C gpu@47.25C tj@47.593C soc1@45.281C VDD_IN 4292mW/4296mW VDD_CPU_GPU_CV 1031mW/1024mW VDD_SOC 1391mW/1392mW
08-23-2026 05:17:55 RAM 2961/7620MB (lfb 4x4MB) SWAP 0/12002MB (cached 0MB) CPU [3%@1510,0%@1510,2%@1510,2%@1510,2%@1510,1%@1510] GR3D_FREQ 0% cpu@47.593C soc2@46.968C soc0@45.343C gpu@47.375C tj@47.593C soc1@45.343C VDD_IN 4292mW/4296mW VDD_CPU_GPU_CV 1031mW/1024mW VDD_SOC 1391mW/1392mW
08-23-2026 05:17:56 RAM 2961/7620MB (lfb 4x4MB) SWAP 0/12002MB (cached 0MB) CPU [2%@1510,1%@1510,2%@1510,1%@1510,3%@1510,3%@1510] GR3D_FREQ 0% cpu@47.625C soc2@47.031C soc0@45.406C gpu@47.312C tj@47.625C soc1@45.343C VDD_IN 4332mW/4297mW VDD_CPU_GPU_CV 1031mW/1024mW VDD_SOC 1391mW/1392mW
08-23-2026 05:17:57 RAM 2961/7620MB (lfb 4x4MB) SWAP 0/12002MB (cached 0MB) CPU [3%@1510,0%@1510,3%@1510,3%@1510,1%@1510,3%@1510] GR3D_FREQ 0% cpu@47.656C soc2@47C soc0@45.281C gpu@47.343C tj@47.656C soc1@45.312C VDD_IN 4292mW/4297mW VDD_CPU_GPU_CV 1031mW/1024mW VDD_SOC 1391mW/1392mW
08-23-2026 05:17:58 RAM 2961/7620MB (lfb 4x4MB) SWAP 0/12002MB (cached 0MB) CPU [3%@1510,0%@1510,2%@1510,4%@1510,4%@1510,2%@1510] GR3D_FREQ 0% cpu@47.843C soc2@47C soc0@45.281C gpu@47.375C tj@47.843C soc1@45.468C VDD_IN 4292mW/4297mW VDD_CPU_GPU_CV 1031mW/1025mW VDD_SOC 1391mW/1392mW
08-23-2026 05:17:59 RAM 2961/7620MB (lfb 4x4MB) SWAP 0/12002MB (cached 0MB) CPU [4%@1510,0%@1510,3%@1510,1%@1510,2%@1510,3%@1510] GR3D_FREQ 0% cpu@47.625C soc2@46.906C soc0@45.312C gpu@47.125C tj@47.625C soc1@45.25C VDD_IN 4292mW/4296mW VDD_CPU_GPU_CV 1031mW/1025mW VDD_SOC 1391mW/1392mW
08-23-2026 05:18:00 RAM 2961/7620MB (lfb 4x4MB) SWAP 0/12002MB (cached 0MB) CPU [3%@1510,1%@1510,3%@1510,1%@1510,1%@1510,2%@1510] GR3D_FREQ 0% cpu@47.906C soc2@47C soc0@45.343C gpu@47.062C tj@47.593C soc1@45.218C VDD_IN 4292mW/4296mW VDD_CPU_GPU_CV 1031mW/1025mW VDD_SOC 1391mW/1392mW
08-23-2026 05:18:01 RAM 2961/7620MB (lfb 4x4MB) SWAP 0/12002MB (cached 0MB) CPU [3%@1510,1%@1510,2%@1510,2%@1510,6%@1510,3%@1510] GR3D_FREQ 0% cpu@47.718C soc2@46.968C soc0@45.437C gpu@47.031C tj@47.718C soc1@45.343C VDD_IN 4411mW/4297mW VDD_CPU_GPU_CV 1071mW/1025mW VDD_SOC 1391mW/1392mW
08-23-2026 05:18:02 RAM 2961/7620MB (lfb 4x4MB) SWAP 0/12002MB (cached 0MB) CPU [3%@1510,1%@1510,1%@1510,2%@1510,0%@1510,4%@1510] GR3D_FREQ 0% cpu@47.687C soc2@47C soc0@45.312C gpu@47C tj@47.687C soc1@45.343C VDD_IN 4292mW/4297mW VDD_CPU_GPU_CV 1031mW/1025mW VDD_SOC 1391mW/1392mW
08-23-2026 05:18:03 RAM 2961/7620MB (lfb 4x4MB) SWAP 0/12002MB (cached 0MB) CPU [4%@1510,1%@1510,3%@1510,3%@1510,3%@1510,2%@1510] GR3D_FREQ 0% cpu@47.812C soc2@46.968C soc0@45.343C gpu@47.062C tj@47.812C soc1@45.343C VDD_IN 4292mW/4297mW VDD_CPU_GPU_CV 1031mW/1025mW VDD_SOC 1391mW/1392mW
08-23-2026 05:18:04 RAM 2961/7620MB (lfb 4x4MB) SWAP 0/12002MB (cached 0MB) CPU [3%@1510,1%@1510,4%@1510,1%@1510,0%@1510,2%@1510] GR3D_FREQ 0% cpu@47.656C soc2@47.031C soc0@45.281C gpu@47.093C tj@47.656C soc1@45.312C VDD_IN 4292mW/4297mW VDD_CPU_GPU_CV 1031mW/1025mW VDD_SOC 1391mW/1392mW
08-23-2026 05:18:05 RAM 2961/7620MB (lfb 4x4MB) SWAP 0/12002MB (cached 0MB) CPU [3%@1510,2%@1510,2%@1510,4%@1510,2%@1510,2%@1510] GR3D_FREQ 0% cpu@47.843C soc2@46.937C soc0@45.375C gpu@47.125C tj@47.843C soc1@45.218C VDD_IN 4292mW/4297mW VDD_CPU_GPU_CV 1031mW/1025mW VDD_SOC 1391mW/1392mW
08-23-2026 05:18:06 RAM 2961/7620MB (lfb 4x4MB) SWAP 0/12002MB (cached 0MB) CPU [2%@1510,1%@1510,3%@1510,2%@1510,4%@1510,4%@1510] GR3D_FREQ 0% cpu@47.625C soc2@47C soc0@45.437C gpu@47.218C tj@47.625C soc1@45.281C VDD_IN 4371mW/4297mW VDD_CPU_GPU_CV 1071mW/1025mW VDD_SOC 1391mW/1392mW
08-23-2026 05:18:07 RAM 2961/7620MB (lfb 4x4MB) SWAP 0/12002MB (cached 0MB) CPU [5%@1510,1%@1510,3%@1510,0%@1510,3%@1510,1%@1510] GR3D_FREQ 0% cpu@47.656C soc2@47.031C soc0@45.343C gpu@47.125C tj@47.656C soc1@45.375C VDD_IN 4332mW/4298mW VDD_CPU_GPU_CV 1071mW/1025mW VDD_SOC 1391mW/1392mW
08-23-2026 05:18:08 RAM 2961/7620MB (lfb 4x4MB) SWAP 0/12002MB (cached 0MB) CPU [4%@1510,1%@1510,2%@1510,2%@1510,1%@1510,4%@1510] GR3D_FREQ 0% cpu@47.781C soc2@47.031C soc0@45.343C gpu@46.968C tj@47.781C soc1@45.468C VDD_IN 4292mW/4297mW VDD_CPU_GPU_CV 1031mW/1025mW VDD_SOC 1391mW/1392mW
08-23-2026 05:18:09 RAM 2961/7620MB (lfb 4x4MB) SWAP 0/12002MB (cached 0MB) CPU [3%@1510,0%@1510,2%@1510,3%@1510,1%@1510,2%@1510] GR3D_FREQ 0% cpu@47.718C soc2@47C soc0@45.375C gpu@47.031C tj@47.625C soc1@45.5C VDD_IN 4292mW/4297mW VDD_CPU_GPU_CV 1031mW/1025mW VDD_SOC 1391mW/1392mW
08-23-2026 05:18:10 RAM 2961/7620MB (lfb 4x4MB) SWAP 0/12002MB (cached 0MB) CPU [4%@1510,1%@1510,2%@1510,2%@1510,2%@1510,3%@1510] GR3D_FREQ 0% cpu@47.875C soc2@47.031C soc0@45.343C gpu@47.031C tj@47.875C soc1@45.281C VDD_IN 4292mW/4297mW VDD_CPU_GPU_CV 1031mW/1025mW VDD_SOC 1391mW/1392mW
08-23-2026 05:18:11 RAM 2962/7620MB (lfb 4x4MB) SWAP 0/12002MB (cached 0MB) CPU [3%@1510,0%@1510,3%@1510,6%@1510,2%@1510,1%@1510] GR3D_FREQ 0% cpu@47.593C soc2@47C soc0@45.406C gpu@47.093C tj@47.593C soc1@45.312C VDD_IN 4371mW/4298mW VDD_CPU_GPU_CV 1071mW/1026mW VDD_SOC 1391mW/1392mW
08-23-2026 05:18:12 RAM 2962/7620MB (lfb 4x4MB) SWAP 0/12002MB (cached 0MB) CPU [4%@1510,4%@1510,2%@1510,2%@1510,1%@1510,2%@1510] GR3D_FREQ 0% cpu@47.718C soc2@47C soc0@45.531C gpu@47C tj@47.718C soc1@45.375C VDD_IN 4332mW/4298mW VDD_CPU_GPU_CV 1031mW/1026mW VDD_SOC 1391mW/1392mW
08-23-2026 05:18:13 RAM 2962/7620MB (lfb 4x4MB) SWAP 0/12002MB (cached 0MB) CPU [3%@1510,2%@1510,1%@1510,2%@1510,2%@1510,2%@1510] GR3D_FREQ 0% cpu@47.812C soc2@47.156C soc0@45.343C gpu@47.093C tj@47.812C soc1@45.437C VDD_IN 4292mW/4298mW VDD_CPU_GPU_CV 1031mW/1026mW VDD_SOC 1391mW/1392mW
08-23-2026 05:18:14 RAM 2962/7620MB (lfb 4x4MB) SWAP 0/12002MB (cached 0MB) CPU [4%@1510,1%@1510,2%@1510,2%@1510,1%@1510,2%@1510] GR3D_FREQ 0% cpu@47.687C soc2@46.968C soc0@45.343C gpu@47C tj@47.687C soc1@45.5C VDD_IN 4292mW/4298mW VDD_CPU_GPU_CV 1031mW/1026mW VDD_SOC 1391mW/1392mW
08-23-2026 05:18:15 RAM 2962/7620MB (lfb 4x4MB) SWAP 0/12002MB (cached 0MB) CPU [6%@1510,2%@1510,2%@1510,2%@1510,2%@1510,1%@1510] GR3D_FREQ 0% cpu@47.968C soc2@46.906C soc0@45.343C gpu@47.062C tj@47.968C soc1@45.5C VDD_IN 4292mW/4298mW VDD_CPU_GPU_CV 1031mW/1026mW VDD_SOC 1391mW/1392mW
08-23-2026 05:18:16 RAM 2961/7620MB (lfb 4x4MB) SWAP 0/12002MB (cached 0MB) CPU [4%@1510,2%@1510,2%@1510,2%@1510,3%@1510,3%@1510] GR3D_FREQ 0% cpu@47.593C soc2@47C soc0@45.406C gpu@47.312C tj@47.593C soc1@45.343C VDD_IN 4371mW/4298mW VDD_CPU_GPU_CV 1071mW/1026mW VDD_SOC 1391mW/1392mW
08-23-2026 05:18:17 RAM 2961/7620MB (lfb 4x4MB) SWAP 0/12002MB (cached 0MB) CPU [6%@1510,1%@1510,3%@1510,1%@1510,3%@1510,2%@1510] GR3D_FREQ 0% cpu@47.718C soc2@47.093C soc0@45.468C gpu@47.281C tj@47.718C soc1@45.343C VDD_IN 4332mW/4298mW VDD_CPU_GPU_CV 1031mW/1026mW VDD_SOC 1391mW/1392mW
08-23-2026 05:18:18 RAM 2961/7620MB (lfb 4x4MB) SWAP 0/12002MB (cached 0MB) CPU [4%@1510,1%@1510,0%@1510,2%@1510,2%@1510,3%@1510] GR3D_FREQ 0% cpu@47.812C soc2@47.125C soc0@45.343C gpu@47.281C tj@47.812C soc1@45.343C VDD_IN 4292mW/4298mW VDD_CPU_GPU_CV 1031mW/1026mW VDD_SOC 1391mW/1392mW
08-23-2026 05:18:19 RAM 2961/7620MB (lfb 4x4MB) SWAP 0/12002MB (cached 0MB) CPU [5%@1510,0%@1510,3%@1510,2%@1510,1%@1510,1%@1510] GR3D_FREQ 0% cpu@47.687C soc2@47C soc0@45.312C gpu@47.312C tj@47.687C soc1@45.437C VDD_IN 4332mW/4298mW VDD_CPU_GPU_CV 1031mW/1026mW VDD_SOC 1391mW/1392mW
08-23-2026 05:18:20 RAM 2961/7620MB (lfb 4x4MB) SWAP 0/12002MB (cached 0MB) CPU [3%@1510,0%@1510,2%@1510,1%@1510,2%@1510,1%@1510] GR3D_FREQ 0% cpu@47.906C soc2@46.937C soc0@45.312C gpu@47.437C tj@47.906C soc1@45.5C VDD_IN 4292mW/4298mW VDD_CPU_GPU_CV 1031mW/1026mW VDD_SOC 1391mW/1392mW
08-23-2026 05:18:21 RAM 2962/7620MB (lfb 4x4MB) SWAP 0/12002MB (cached 0MB) CPU [4%@1510,0%@1510,4%@1510,2%@1510,2%@1510,4%@1510] GR3D_FREQ 0% cpu@47.625C soc2@47C soc0@45.343C gpu@47.437C tj@47.625C soc1@45.281C VDD_IN 4371mW/4299mW VDD_CPU_GPU_CV 1071mW/1026mW VDD_SOC 1391mW/1392mW
08-23-2026 05:18:22 RAM 2962/7620MB (lfb 4x4MB) SWAP 0/12002MB (cached 0MB) CPU [4%@1510,1%@1510,2%@1510,1%@1510,1%@1510,2%@1510] GR3D_FREQ 0% cpu@47.593C soc2@47.031C soc0@45.437C gpu@47.375C tj@47.625C soc1@45.281C VDD_IN 4332mW/4299mW VDD_CPU_GPU_CV 1031mW/1026mW VDD_SOC 1391mW/1392mW
08-23-2026 05:18:23 RAM 2962/7620MB (lfb 4x4MB) SWAP 0/12002MB (cached 0MB) CPU [5%@1510,1%@1510,1%@1510,0%@1510,2%@1510,2%@1510] GR3D_FREQ 0% cpu@47.593C soc2@47.031C soc0@45.343C gpu@46.875C tj@47.812C soc1@45.281C VDD_IN 4292mW/4299mW VDD_CPU_GPU_CV 1031mW/1026mW VDD_SOC 1391mW/1392mW
08-23-2026 05:18:24 RAM 2962/7620MB (lfb 4x4MB) SWAP 0/12002MB (cached 0MB) CPU [4%@1510,1%@1510,2%@1510,1%@1510,1%@1510,1%@1510] GR3D_FREQ 0% cpu@47.687C soc2@47.031C soc0@45.312C gpu@46.906C tj@47.687C soc1@45.406C VDD_IN 4292mW/4299mW VDD_CPU_GPU_CV 1031mW/1026mW VDD_SOC 1391mW/1392mW
08-23-2026 05:18:25 RAM 2962/7620MB (lfb 4x4MB) SWAP 0/12002MB (cached 0MB) CPU [4%@1510,0%@1510,1%@1510,2%@1510,3%@1510,4%@1510] GR3D_FREQ 0% cpu@47.843C soc2@47C soc0@45.312C gpu@47.062C tj@47.843C soc1@45.5C VDD_IN 4292mW/4299mW VDD_CPU_GPU_CV 1031mW/1026mW VDD_SOC 1391mW/1392mW
08-23-2026 05:18:26 RAM 2963/7620MB (lfb 4x4MB) SWAP 0/12002MB (cached 0MB) CPU [2%@1510,1%@1510,1%@1510,6%@1510,4%@1510,3%@1510] GR3D_FREQ 0% cpu@47.75C soc2@46.968C soc0@45.312C gpu@47.093C tj@47.75C soc1@45.281C VDD_IN 4371mW/4299mW VDD_CPU_GPU_CV 1071mW/1027mW VDD_SOC 1391mW/1392mW
08-23-2026 05:18:27 RAM 2962/7620MB (lfb 4x4MB) SWAP 0/12002MB (cached 0MB) CPU [5%@1510,1%@1510,2%@1510,2%@1510,4%@1510,2%@1510] GR3D_FREQ 0% cpu@47.687C soc2@47.031C soc0@45.437C gpu@47.062C tj@47.687C soc1@45.343C VDD_IN 4332mW/4299mW VDD_CPU_GPU_CV 1031mW/1027mW VDD_SOC 1391mW/1392mW
08-23-2026 05:18:28 RAM 2962/7620MB (lfb 4x4MB) SWAP 0/12002MB (cached 0MB) CPU [2%@1510,1%@1510,2%@1510,0%@1510,2%@1510,3%@1510] GR3D_FREQ 0% cpu@47.593C soc2@47.031C soc0@45.531C gpu@47.187C tj@47.593C soc1@45.343C VDD_IN 4292mW/4299mW VDD_CPU_GPU_CV 1031mW/1027mW VDD_SOC 1391mW/1392mW
08-23-2026 05:18:29 RAM 2962/7620MB (lfb 4x4MB) SWAP 0/12002MB (cached 0MB) CPU [3%@1510,0%@1510,1%@1510,2%@1510,2%@1510,3%@1510] GR3D_FREQ 0% cpu@47.687C soc2@46.968C soc0@45.25C gpu@47.156C tj@47.687C soc1@45.375C VDD_IN 4292mW/4299mW VDD_CPU_GPU_CV 1031mW/1027mW VDD_SOC 1391mW/1392mW
08-23-2026 05:18:30 RAM 2962/7620MB (lfb 4x4MB) SWAP 0/12002MB (cached 0MB) CPU [3%@1510,1%@1510,3%@1510,0%@1510,3%@1510,2%@1510] GR3D_FREQ 0% cpu@47.875C soc2@46.875C soc0@45.343C gpu@47.187C tj@47.875C soc1@45.468C VDD_IN 4292mW/4299mW VDD_CPU_GPU_CV 1031mW/1027mW VDD_SOC 1391mW/1392mW
08-23-2026 05:18:31 RAM 2963/7620MB (lfb 4x4MB) SWAP 0/12002MB (cached 0MB) CPU [3%@1510,1%@1510,5%@1510,3%@1510,2%@1510,3%@1510] GR3D_FREQ 0% cpu@47.593C soc2@47C soc0@45.312C gpu@47.187C tj@47.593C soc1@45.343C VDD_IN 4371mW/4300mW VDD_CPU_GPU_CV 1071mW/1027mW VDD_SOC 1391mW/1392mW
08-23-2026 05:18:32 RAM 2963/7620MB (lfb 4x4MB) SWAP 0/12002MB (cached 0MB) CPU [3%@1510,1%@1510,4%@1510,2%@1510,1%@1510,1%@1510] GR3D_FREQ 0% cpu@47.593C soc2@47.093C soc0@45.375C gpu@47.218C tj@47.593C soc1@45.343C VDD_IN 4332mW/4300mW VDD_CPU_GPU_CV 1031mW/1027mW VDD_SOC 1391mW/1392mW
08-23-2026 05:18:33 RAM 2963/7620MB (lfb 4x4MB) SWAP 0/12002MB (cached 0MB) CPU [4%@1510,0%@1510,3%@1510,4%@1510,2%@1510,2%@1510] GR3D_FREQ 0% cpu@47.656C soc2@47.062C soc0@45.5C gpu@47C tj@47.656C soc1@45.343C VDD_IN 4292mW/4300mW VDD_CPU_GPU_CV 1031mW/1027mW VDD_SOC 1391mW/1392mW
08-23-2026 05:18:34 RAM 2963/7620MB (lfb 4x4MB) SWAP 0/12002MB (cached 0MB) CPU [3%@1510,0%@1510,3%@1510,2%@1510,3%@1510,2%@1510] GR3D_FREQ 0% cpu@47.687C soc2@47.062C soc0@45.25C gpu@47C tj@47.687C soc1@45.375C VDD_IN 4292mW/4300mW VDD_CPU_GPU_CV 1031mW/1027mW VDD_SOC 1391mW/1392mW
08-23-2026 05:18:35 RAM 2963/7620MB (lfb 4x4MB) SWAP 0/12002MB (cached 0MB) CPU [1%@1510,3%@1510,1%@1510,1%@1510,2%@1510,2%@1510] GR3D_FREQ 0% cpu@47.906C soc2@46.968C soc0@45.343C gpu@46.875C tj@47.906C soc1@45.468C VDD_IN 4292mW/4300mW VDD_CPU_GPU_CV 1031mW/1027mW VDD_SOC 1391mW/1392mW
08-23-2026 05:18:36 RAM 2963/7620MB (lfb 4x4MB) SWAP 0/12002MB (cached 0MB) CPU [2%@1510,3%@1510,5%@1510,4%@1510,2%@1510,4%@1510] GR3D_FREQ 0% cpu@47.656C soc2@47.031C soc0@45.312C gpu@47.031C tj@47.656C soc1@45.25C VDD_IN 4332mW/4300mW VDD_CPU_GPU_CV 1031mW/1027mW VDD_SOC 1391mW/1392mW
08-23-2026 05:18:37 RAM 2962/7620MB (lfb 4x4MB) SWAP 0/12002MB (cached 0MB) CPU [1%@1510,3%@1510,2%@1510,4%@1510,2%@1510,3%@1510] GR3D_FREQ 0% cpu@47.937C soc2@47C soc0@45.375C gpu@47.093C tj@47.593C soc1@45.218C VDD_IN 4332mW/4300mW VDD_CPU_GPU_CV 1031mW/1027mW VDD_SOC 1391mW/1392mW
08-23-2026 05:18:38 RAM 2962/7620MB (lfb 4x4MB) SWAP 0/12002MB (cached 0MB) CPU [2%@1510,3%@1510,2%@1510,2%@1510,2%@1510,1%@1510] GR3D_FREQ 0% cpu@47.656C soc2@47C soc0@45.531C gpu@47.031C tj@47.656C soc1@45.281C VDD_IN 4292mW/4300mW VDD_CPU_GPU_CV 1031mW/1027mW VDD_SOC 1391mW/1392mW
08-23-2026 05:18:39 RAM 2963/7620MB (lfb 4x4MB) SWAP 0/12002MB (cached 0MB) CPU [2%@1510,3%@1510,3%@1510,3%@1510,5%@1510,3%@1510] GR3D_FREQ 0% cpu@47.781C soc2@47.031C soc0@45.343C gpu@47.062C tj@47.781C soc1@45.375C VDD_IN 4332mW/4300mW VDD_CPU_GPU_CV 1031mW/1027mW VDD_SOC 1391mW/1392mW
08-23-2026 05:18:40 RAM 2963/7620MB (lfb 4x4MB) SWAP 0/12002MB (cached 0MB) CPU [1%@1510,2%@1510,2%@1510,2%@1510,2%@1510,2%@1510] GR3D_FREQ 0% cpu@47.875C soc2@47C soc0@45.343C gpu@47.156C tj@47.875C soc1@45.406C VDD_IN 4292mW/4300mW VDD_CPU_GPU_CV 1031mW/1027mW VDD_SOC 1391mW/1392mW
08-23-2026 05:18:41 RAM 2962/7620MB (lfb 4x4MB) SWAP 0/12002MB (cached 0MB) CPU [1%@1510,2%@1510,5%@1510,3%@1510,3%@1510,3%@1510] GR3D_FREQ 0% cpu@47.656C soc2@46.968C soc0@45.281C gpu@47.25C tj@47.656C soc1@45.218C VDD_IN 4332mW/4300mW VDD_CPU_GPU_CV 1071mW/1027mW VDD_SOC 1391mW/1392mW
08-23-2026 05:18:42 RAM 2962/7620MB (lfb 4x4MB) SWAP 0/12002MB (cached 0MB) CPU [2%@1510,3%@1510,3%@1510,2%@1510,2%@1510,2%@1510] GR3D_FREQ 0% cpu@48.031C soc2@47C soc0@45.375C gpu@47.343C tj@48.031C soc1@45.343C VDD_IN 4332mW/4300mW VDD_CPU_GPU_CV 1031mW/1027mW VDD_SOC 1391mW/1392mW
08-23-2026 05:18:43 RAM 2962/7620MB (lfb 4x4MB) SWAP 0/12002MB (cached 0MB) CPU [2%@1510,2%@1510,1%@1510,2%@1510,1%@1510,2%@1510] GR3D_FREQ 0% cpu@47.593C soc2@47.031C soc0@45.468C gpu@47.437C tj@47.593C soc1@45.281C VDD_IN 4292mW/4300mW VDD_CPU_GPU_CV 1031mW/1027mW VDD_SOC 1391mW/1392mW
08-23-2026 05:18:44 RAM 2962/7620MB (lfb 4x4MB) SWAP 0/12002MB (cached 0MB) CPU [1%@1510,2%@1510,2%@1510,3%@1510,2%@1510,2%@1510] GR3D_FREQ 0% cpu@47.718C soc2@47.031C soc0@45.312C gpu@47.375C tj@47.718C soc1@45.375C VDD_IN 4332mW/4300mW VDD_CPU_GPU_CV 1031mW/1027mW VDD_SOC 1391mW/1392mW
08-23-2026 05:18:45 RAM 2962/7620MB (lfb 4x4MB) SWAP 0/12002MB (cached 0MB) CPU [1%@1510,3%@1510,2%@1510,1%@1510,1%@1510,2%@1510] GR3D_FREQ 0% cpu@47.937C soc2@46.968C soc0@45.343C gpu@47.437C tj@47.937C soc1@45.437C VDD_IN 4292mW/4300mW VDD_CPU_GPU_CV 1031mW/1027mW VDD_SOC 1391mW/1392mW
08-23-2026 05:18:46 RAM 2962/7620MB (lfb 4x4MB) SWAP 0/12002MB (cached 0MB) CPU [1%@1510,2%@1510,3%@1510,5%@1510,3%@1510,0%@1510] GR3D_FREQ 0% cpu@47.75C soc2@46.937C soc0@45.343C gpu@46.937C tj@47.75C soc1@45.468C VDD_IN 4332mW/4300mW VDD_CPU_GPU_CV 1031mW/1027mW VDD_SOC 1391mW/1392mW
08-23-2026 05:18:47 RAM 2961/7620MB (lfb 4x4MB) SWAP 0/12002MB (cached 0MB) CPU [3%@1510,2%@1510,2%@1510,1%@1510,2%@1510,4%@1510] GR3D_FREQ 0% cpu@48C soc2@46.937C soc0@45.343C gpu@46.968C tj@48C soc1@45.343C VDD_IN 4332mW/4301mW VDD_CPU_GPU_CV 1031mW/1027mW VDD_SOC 1391mW/1392mW
08-23-2026 05:18:48 RAM 2961/7620MB (lfb 4x4MB) SWAP 0/12002MB (cached 0MB) CPU [0%@1510,2%@1510,1%@1510,3%@1510,2%@1510,3%@1510] GR3D_FREQ 0% cpu@47.562C soc2@47.093C soc0@45.406C gpu@47C tj@47.562C soc1@45.343C VDD_IN 4292mW/4300mW VDD_CPU_GPU_CV 1031mW/1027mW VDD_SOC 1391mW/1392mW
08-23-2026 05:18:49 RAM 2960/7620MB (lfb 4x4MB) SWAP 0/12002MB (cached 0MB) CPU [1%@1510,2%@1510,3%@1510,2%@1510,2%@1510,2%@1510] GR3D_FREQ 0% cpu@47.687C soc2@46.937C soc0@45.375C gpu@47.156C tj@47.687C soc1@45.343C VDD_IN 4292mW/4300mW VDD_CPU_GPU_CV 1031mW/1027mW VDD_SOC 1391mW/1392mW
08-23-2026 05:18:50 RAM 2963/7620MB (lfb 4x4MB) SWAP 0/12002MB (cached 0MB) CPU [31%@1510,2%@1510,1%@1510,1%@1510,3%@1510,2%@1510] GR3D_FREQ 0% cpu@48.093C soc2@47.156C soc0@45.343C gpu@47.187C tj@48.093C soc1@45.343C VDD_IN 4729mW/4302mW VDD_CPU_GPU_CV 1307mW/1028mW VDD_SOC 1428mW/1392mW
08-23-2026 05:18:51 RAM 2965/7620MB (lfb 4x4MB) SWAP 0/12002MB (cached 0MB) CPU [100%@1510,0%@1510,1%@1510,2%@1510,1%@1510,2%@1510] GR3D_FREQ 0% cpu@48.062C soc2@47.125C soc0@45.343C gpu@47.125C tj@48C soc1@45.468C VDD_IN 5039mW/4305mW VDD_CPU_GPU_CV 1505mW/1030mW VDD_SOC 1428mW/1392mW
08-23-2026 05:18:52 RAM 2966/7620MB (lfb 4x4MB) SWAP 0/12002MB (cached 0MB) CPU [27%@1510,0%@1510,0%@1510,1%@1510,0%@1510,1%@1510] GR3D_FREQ 0% cpu@48C soc2@47.062C soc0@45.375C gpu@47.187C tj@48C soc1@45.343C VDD_IN 4371mW/4306mW VDD_CPU_GPU_CV 1071mW/1031mW VDD_SOC 1391mW/1392mW
08-23-2026 05:18:53 RAM 2966/7620MB (lfb 4x4MB) SWAP 0/12002MB (cached 0MB) CPU [0%@1510,0%@1510,0%@1510,0%@1510,0%@1510,0%@1510] GR3D_FREQ 0% cpu@47.593C soc2@47.156C soc0@45.437C gpu@47.156C tj@47.593C soc1@45.437C VDD_IN 4212mW/4305mW VDD_CPU_GPU_CV 992mW/1030mW VDD_SOC 1391mW/1392mW
08-23-2026 05:18:54 RAM 2966/7620MB (lfb 4x4MB) SWAP 0/12002MB (cached 0MB) CPU [0%@1510,0%@1510,0%@1510,0%@1510,0%@1510,0%@1510] GR3D_FREQ 0% cpu@47.687C soc2@47C soc0@45.437C gpu@47.156C tj@47.687C soc1@45.343C VDD_IN 4212mW/4305mW VDD_CPU_GPU_CV 952mW/1030mW VDD_SOC 1391mW/1392mW
08-23-2026 05:18:55 RAM 2966/7620MB (lfb 4x4MB) SWAP 0/12002MB (cached 0MB) CPU [0%@1510,0%@1510,0%@1510,0%@1510,0%@1510,0%@1510] GR3D_FREQ 0% cpu@47.937C soc2@47.062C soc0@45.281C gpu@47.031C tj@47.937C soc1@45.437C VDD_IN 4212mW/4304mW VDD_CPU_GPU_CV 952mW/1030mW VDD_SOC 1391mW/1392mW
08-23-2026 05:18:56 RAM 2966/7620MB (lfb 4x4MB) SWAP 0/12002MB (cached 0MB) CPU [0%@1510,0%@1510,0%@1510,0%@1510,0%@1510,4%@1510] GR3D_FREQ 0% cpu@47.656C soc2@47.031C soc0@45.343C gpu@47C tj@47.656C soc1@45.312C VDD_IN 4252mW/4304mW VDD_CPU_GPU_CV 992mW/1030mW VDD_SOC 1391mW/1392mW
08-23-2026 05:18:57 RAM 2966/7620MB (lfb 4x4MB) SWAP 0/12002MB (cached 0MB) CPU [0%@1510,0%@1510,1%@1510,1%@1510,0%@1510,0%@1510] GR3D_FREQ 0% cpu@47.625C soc2@47.031C soc0@45.437C gpu@46.937C tj@47.625C soc1@45.312C VDD_IN 4252mW/4304mW VDD_CPU_GPU_CV 992mW/1030mW VDD_SOC 1391mW/1392mW
08-23-2026 05:18:59 RAM 2966/7620MB (lfb 4x4MB) SWAP 0/12002MB (cached 0MB) CPU [0%@1510,0%@1510,0%@1510,0%@1510,0%@1510,0%@1510] GR3D_FREQ 0% cpu@47.625C soc2@47C soc0@45.437C gpu@47.031C tj@47.625C soc1@45.312C VDD_IN 4212mW/4304mW VDD_CPU_GPU_CV 952mW/1029mW VDD_SOC 1391mW/1392mW
08-23-2026 05:19:00 RAM 2966/7620MB (lfb 4x4MB) SWAP 0/12002MB (cached 0MB) CPU [0%@1510,0%@1510,1%@1510,0%@1510,0%@1510,1%@1510] GR3D_FREQ 0% cpu@47.656C soc2@47.062C soc0@45.343C gpu@46.937C tj@47.656C soc1@45.343C VDD_IN 4252mW/4303mW VDD_CPU_GPU_CV 992mW/1029mW VDD_SOC 1391mW/1392mW
08-23-2026 05:19:01 RAM 2309/7620MB (lfb 27x4MB) SWAP 0/12002MB (cached 0MB) CPU [2%@1510,1%@1510,2%@1510,4%@1510,5%@1510,2%@1510] GR3D_FREQ 0% cpu@47.843C soc2@47.093C soc0@45.343C gpu@47.093C tj@47.843C soc1@45.437C VDD_IN 4332mW/4304mW VDD_CPU_GPU_CV 1031mW/1029mW VDD_SOC 1391mW/1392mW
08-23-2026 05:19:02 RAM 2309/7620MB (lfb 27x4MB) SWAP 0/12002MB (cached 0MB) CPU [0%@1510,0%@1510,2%@1510,1%@1510,0%@1510,1%@1510] GR3D_FREQ 0% cpu@47.656C soc2@47.062C soc0@45.343C gpu@47.312C tj@47.656C soc1@45.281C VDD_IN 4252mW/4303mW VDD_CPU_GPU_CV 992mW/1029mW VDD_SOC 1391mW/1392mW
08-23-2026 05:19:03 RAM 2311/7620MB (lfb 27x4MB) SWAP 0/12002MB (cached 0MB) CPU [0%@1510,0%@1510,1%@1510,1%@1510,1%@1510,1%@1510] GR3D_FREQ 0% cpu@48C soc2@47.093C soc0@45.375C gpu@47.343C tj@48C soc1@45.343C VDD_IN 4292mW/4303mW VDD_CPU_GPU_CV 992mW/1029mW VDD_SOC 1391mW/1392mW
08-23-2026 05:19:04 RAM 2311/7620MB (lfb 27x4MB) SWAP 0/12002MB (cached 0MB) CPU [1%@1510,2%@1510,1%@1510,8%@1510,2%@1510,4%@1510] GR3D_FREQ 0% cpu@47.687C soc2@47.031C soc0@45.406C gpu@47.406C tj@47.687C soc1@45.312C VDD_IN 4292mW/4303mW VDD_CPU_GPU_CV 1031mW/1029mW VDD_SOC 1391mW/1392mW
