08-10-2026 00:43:40 RAM 3616/7620MB (lfb 9x4MB) SWAP 2/12002MB (cached 0MB) CPU [2%@1510,0%@1510,0%@1510,0%@1510,0%@1510,0%@1510] GR3D_FREQ 0% cpu@47.187C soc2@46.281C soc0@44.718C gpu@46.468C tj@47.187C soc1@44.468C VDD_IN 4193mW/4193mW VDD_CPU_GPU_CV 1036mW/1036mW VDD_SOC 1397mW/1397mW
08-10-2026 00:43:41 RAM 3616/7620MB (lfb 9x4MB) SWAP 2/12002MB (cached 0MB) CPU [100%@1510,1%@1510,0%@1510,0%@1510,0%@1510,0%@1510] GR3D_FREQ 0% cpu@47.343C soc2@46.218C soc0@44.5C gpu@46.593C tj@47.343C soc1@44.5C VDD_IN 4840mW/4516mW VDD_CPU_GPU_CV 1465mW/1250mW VDD_SOC 1428mW/1412mW
08-10-2026 00:43:42 RAM 3616/7620MB (lfb 9x4MB) SWAP 2/12002MB (cached 0MB) CPU [100%@1510,1%@1510,0%@1510,0%@1510,0%@1510,0%@1510] GR3D_FREQ 0% cpu@47.093C soc2@46.312C soc0@44.625C gpu@46.562C tj@47.093C soc1@44.531C VDD_IN 4880mW/4637mW VDD_CPU_GPU_CV 1505mW/1335mW VDD_SOC 1428mW/1417mW
08-10-2026 00:43:43 RAM 3617/7620MB (lfb 9x4MB) SWAP 2/12002MB (cached 0MB) CPU [100%@1510,0%@1510,1%@1510,1%@1510,0%@1510,3%@1510] GR3D_FREQ 0% cpu@47.187C soc2@46.312C soc0@44.531C gpu@46.562C tj@47.187C soc1@44.5C VDD_IN 4920mW/4708mW VDD_CPU_GPU_CV 1545mW/1387mW VDD_SOC 1428mW/1420mW
08-10-2026 00:43:44 RAM 3617/7620MB (lfb 9x4MB) SWAP 2/12002MB (cached 0MB) CPU [100%@1510,1%@1510,1%@1510,0%@1510,0%@1510,0%@1510] GR3D_FREQ 0% cpu@47.343C soc2@46.437C soc0@44.656C gpu@46.375C tj@47.343C soc1@44.718C VDD_IN 4880mW/4742mW VDD_CPU_GPU_CV 1545mW/1419mW VDD_SOC 1428mW/1421mW
08-10-2026 00:43:45 RAM 3617/7620MB (lfb 9x4MB) SWAP 2/12002MB (cached 0MB) CPU [100%@1510,1%@1510,0%@1510,1%@1510,0%@1510,0%@1510] GR3D_FREQ 0% cpu@47.562C soc2@46.312C soc0@44.718C gpu@46.343C tj@47.562C soc1@44.406C VDD_IN 4880mW/4765mW VDD_CPU_GPU_CV 1505mW/1433mW VDD_SOC 1428mW/1422mW
08-10-2026 00:43:46 RAM 3617/7620MB (lfb 9x4MB) SWAP 2/12002MB (cached 0MB) CPU [100%@1510,1%@1510,0%@1510,0%@1510,0%@1510,0%@1510] GR3D_FREQ 0% cpu@47.406C soc2@46.312C soc0@44.531C gpu@46.375C tj@47.406C soc1@44.562C VDD_IN 4880mW/4781mW VDD_CPU_GPU_CV 1505mW/1443mW VDD_SOC 1428mW/1423mW
08-10-2026 00:43:47 RAM 3617/7620MB (lfb 9x4MB) SWAP 2/12002MB (cached 0MB) CPU [100%@1510,1%@1510,0%@1510,1%@1510,0%@1510,0%@1510] GR3D_FREQ 0% cpu@47.25C soc2@46.312C soc0@44.593C gpu@46.375C tj@47.25C soc1@44.656C VDD_IN 4880mW/4794mW VDD_CPU_GPU_CV 1505mW/1451mW VDD_SOC 1428mW/1424mW
08-10-2026 00:43:48 RAM 3617/7620MB (lfb 9x4MB) SWAP 2/12002MB (cached 0MB) CPU [100%@1510,1%@1510,0%@1510,1%@1510,0%@1510,0%@1510] GR3D_FREQ 0% cpu@47.281C soc2@46.343C soc0@44.656C gpu@46.437C tj@47.281C soc1@44.781C VDD_IN 4880mW/4803mW VDD_CPU_GPU_CV 1505mW/1457mW VDD_SOC 1428mW/1424mW
08-10-2026 00:43:49 RAM 3617/7620MB (lfb 9x4MB) SWAP 2/12002MB (cached 0MB) CPU [100%@1510,0%@1510,0%@1510,0%@1510,0%@1510,0%@1510] GR3D_FREQ 0% cpu@47.375C soc2@46.468C soc0@44.656C gpu@46.406C tj@47.375C soc1@44.843C VDD_IN 4880mW/4811mW VDD_CPU_GPU_CV 1505mW/1462mW VDD_SOC 1428mW/1424mW
08-10-2026 00:43:50 RAM 3617/7620MB (lfb 9x4MB) SWAP 2/12002MB (cached 0MB) CPU [100%@1510,1%@1510,0%@1510,0%@1510,0%@1510,0%@1510] GR3D_FREQ 0% cpu@47.531C soc2@46.343C soc0@44.812C gpu@46.281C tj@47.531C soc1@44.531C VDD_IN 4880mW/4817mW VDD_CPU_GPU_CV 1505mW/1466mW VDD_SOC 1428mW/1425mW
08-10-2026 00:43:51 RAM 3617/7620MB (lfb 9x4MB) SWAP 2/12002MB (cached 0MB) CPU [100%@1510,1%@1510,0%@1510,0%@1510,0%@1510,0%@1510] GR3D_FREQ 0% cpu@47.468C soc2@46.406C soc0@44.812C gpu@46.343C tj@47.312C soc1@44.656C VDD_IN 4880mW/4822mW VDD_CPU_GPU_CV 1505mW/1469mW VDD_SOC 1428mW/1425mW
08-10-2026 00:43:52 RAM 3617/7620MB (lfb 9x4MB) SWAP 2/12002MB (cached 0MB) CPU [100%@1510,1%@1510,0%@1510,0%@1510,0%@1510,0%@1510] GR3D_FREQ 0% cpu@47.281C soc2@46.406C soc0@44.656C gpu@46.406C tj@47.281C soc1@44.625C VDD_IN 4880mW/4827mW VDD_CPU_GPU_CV 1505mW/1472mW VDD_SOC 1428mW/1425mW
08-10-2026 00:43:53 RAM 3617/7620MB (lfb 9x4MB) SWAP 2/12002MB (cached 0MB) CPU [100%@1510,1%@1510,0%@1510,0%@1510,0%@1510,0%@1510] GR3D_FREQ 0% cpu@47.437C soc2@46.5C soc0@44.75C gpu@46.375C tj@47.437C soc1@44.75C VDD_IN 4880mW/4830mW VDD_CPU_GPU_CV 1505mW/1474mW VDD_SOC 1428mW/1425mW
08-10-2026 00:43:54 RAM 3617/7620MB (lfb 9x4MB) SWAP 2/12002MB (cached 0MB) CPU [100%@1510,1%@1510,0%@1510,0%@1510,0%@1510,0%@1510] GR3D_FREQ 0% cpu@47.406C soc2@46.468C soc0@44.687C gpu@46.375C tj@47.406C soc1@44.812C VDD_IN 4880mW/4834mW VDD_CPU_GPU_CV 1505mW/1476mW VDD_SOC 1428mW/1425mW
08-10-2026 00:43:55 RAM 3617/7620MB (lfb 9x4MB) SWAP 2/12002MB (cached 0MB) CPU [100%@1510,0%@1510,0%@1510,0%@1510,0%@1510,0%@1510] GR3D_FREQ 0% cpu@47.687C soc2@46.437C soc0@44.812C gpu@46.437C tj@47.687C soc1@44.625C VDD_IN 4880mW/4837mW VDD_CPU_GPU_CV 1505mW/1478mW VDD_SOC 1428mW/1426mW
08-10-2026 00:43:56 RAM 3617/7620MB (lfb 9x4MB) SWAP 2/12002MB (cached 0MB) CPU [100%@1510,1%@1510,0%@1510,0%@1510,0%@1510,0%@1510] GR3D_FREQ 0% cpu@47.375C soc2@46.5C soc0@44.937C gpu@46.593C tj@47.375C soc1@44.843C VDD_IN 4880mW/4839mW VDD_CPU_GPU_CV 1505mW/1479mW VDD_SOC 1428mW/1426mW
08-10-2026 00:43:57 RAM 3617/7620MB (lfb 9x4MB) SWAP 2/12002MB (cached 0MB) CPU [100%@1510,0%@1510,0%@1510,0%@1510,0%@1510,0%@1510] GR3D_FREQ 0% cpu@47.812C soc2@46.562C soc0@44.718C gpu@46.625C tj@47.812C soc1@44.656C VDD_IN 4880mW/4841mW VDD_CPU_GPU_CV 1505mW/1481mW VDD_SOC 1428mW/1426mW
08-10-2026 00:43:58 RAM 3617/7620MB (lfb 9x4MB) SWAP 2/12002MB (cached 0MB) CPU [100%@1510,1%@1510,0%@1510,0%@1510,0%@1510,0%@1510] GR3D_FREQ 0% cpu@47.406C soc2@46.562C soc0@44.718C gpu@46.625C tj@47.406C soc1@44.75C VDD_IN 4880mW/4843mW VDD_CPU_GPU_CV 1505mW/1482mW VDD_SOC 1428mW/1426mW
08-10-2026 00:43:59 RAM 3617/7620MB (lfb 9x4MB) SWAP 2/12002MB (cached 0MB) CPU [100%@1510,1%@1510,0%@1510,0%@1510,0%@1510,0%@1510] GR3D_FREQ 0% cpu@47.5C soc2@46.625C soc0@44.781C gpu@46.718C tj@47.5C soc1@44.875C VDD_IN 4880mW/4845mW VDD_CPU_GPU_CV 1505mW/1483mW VDD_SOC 1428mW/1426mW
08-10-2026 00:44:00 RAM 3617/7620MB (lfb 9x4MB) SWAP 2/12002MB (cached 0MB) CPU [100%@1510,1%@1510,0%@1510,0%@1510,0%@1510,0%@1510] GR3D_FREQ 0% cpu@47.718C soc2@46.5C soc0@44.875C gpu@46.625C tj@47.718C soc1@44.656C VDD_IN 4880mW/4847mW VDD_CPU_GPU_CV 1505mW/1484mW VDD_SOC 1428mW/1426mW
08-10-2026 00:44:01 RAM 3617/7620MB (lfb 9x4MB) SWAP 2/12002MB (cached 0MB) CPU [100%@1510,0%@1510,0%@1510,1%@1510,0%@1510,0%@1510] GR3D_FREQ 0% cpu@47.343C soc2@46.562C soc0@44.656C gpu@46.718C tj@47.343C soc1@44.656C VDD_IN 4880mW/4848mW VDD_CPU_GPU_CV 1505mW/1485mW VDD_SOC 1428mW/1426mW
08-10-2026 00:44:02 RAM 3617/7620MB (lfb 9x4MB) SWAP 2/12002MB (cached 0MB) CPU [100%@1510,1%@1510,0%@1510,0%@1510,0%@1510,0%@1510] GR3D_FREQ 0% cpu@47.875C soc2@46.531C soc0@44.75C gpu@46.5C tj@47.875C soc1@44.843C VDD_IN 4880mW/4850mW VDD_CPU_GPU_CV 1505mW/1486mW VDD_SOC 1428mW/1426mW
08-10-2026 00:44:03 RAM 3617/7620MB (lfb 9x4MB) SWAP 2/12002MB (cached 0MB) CPU [100%@1510,2%@1510,0%@1510,0%@1510,0%@1510,0%@1510] GR3D_FREQ 0% cpu@47.437C soc2@46.562C soc0@44.843C gpu@46.468C tj@47.437C soc1@44.843C VDD_IN 4880mW/4851mW VDD_CPU_GPU_CV 1505mW/1487mW VDD_SOC 1428mW/1426mW
08-10-2026 00:44:04 RAM 3617/7620MB (lfb 9x4MB) SWAP 2/12002MB (cached 0MB) CPU [100%@1510,0%@1510,0%@1510,0%@1510,0%@1510,0%@1510] GR3D_FREQ 0% cpu@47.625C soc2@46.656C soc0@44.906C gpu@46.406C tj@47.625C soc1@44.968C VDD_IN 4880mW/4852mW VDD_CPU_GPU_CV 1505mW/1487mW VDD_SOC 1428mW/1426mW
08-10-2026 00:44:05 RAM 3617/7620MB (lfb 9x4MB) SWAP 2/12002MB (cached 0MB) CPU [100%@1510,1%@1510,0%@1510,0%@1510,0%@1510,0%@1510] GR3D_FREQ 0% cpu@47.812C soc2@46.625C soc0@44.906C gpu@46.5C tj@47.812C soc1@44.812C VDD_IN 4880mW/4853mW VDD_CPU_GPU_CV 1505mW/1488mW VDD_SOC 1428mW/1426mW
08-10-2026 00:44:06 RAM 3617/7620MB (lfb 9x4MB) SWAP 2/12002MB (cached 0MB) CPU [100%@1510,0%@1510,0%@1510,0%@1510,0%@1510,0%@1510] GR3D_FREQ 0% cpu@47.468C soc2@46.562C soc0@44.843C gpu@46.562C tj@47.468C soc1@44.687C VDD_IN 4880mW/4854mW VDD_CPU_GPU_CV 1505mW/1489mW VDD_SOC 1428mW/1426mW
08-10-2026 00:44:07 RAM 3617/7620MB (lfb 9x4MB) SWAP 2/12002MB (cached 0MB) CPU [100%@1510,1%@1510,0%@1510,0%@1510,0%@1510,0%@1510] GR3D_FREQ 0% cpu@48C soc2@46.625C soc0@44.875C gpu@46.531C tj@47.593C soc1@44.843C VDD_IN 4880mW/4855mW VDD_CPU_GPU_CV 1505mW/1489mW VDD_SOC 1428mW/1426mW
08-10-2026 00:44:08 RAM 3617/7620MB (lfb 9x4MB) SWAP 2/12002MB (cached 0MB) CPU [100%@1510,0%@1510,0%@1510,0%@1510,0%@1510,0%@1510] GR3D_FREQ 0% cpu@47.468C soc2@46.593C soc0@44.906C gpu@46.875C tj@47.468C soc1@44.937C VDD_IN 4920mW/4857mW VDD_CPU_GPU_CV 1505mW/1490mW VDD_SOC 1428mW/1426mW
08-10-2026 00:44:09 RAM 3617/7620MB (lfb 9x4MB) SWAP 2/12002MB (cached 0MB) CPU [100%@1510,1%@1510,0%@1510,0%@1510,0%@1510,0%@1510] GR3D_FREQ 0% cpu@47.687C soc2@46.75C soc0@44.906C gpu@46.906C tj@47.687C soc1@44.843C VDD_IN 4880mW/4858mW VDD_CPU_GPU_CV 1505mW/1490mW VDD_SOC 1428mW/1426mW
08-10-2026 00:44:10 RAM 3617/7620MB (lfb 9x4MB) SWAP 2/12002MB (cached 0MB) CPU [100%@1510,0%@1510,0%@1510,0%@1510,2%@1510,0%@1510] GR3D_FREQ 0% cpu@47.843C soc2@46.593C soc0@44.968C gpu@46.968C tj@47.843C soc1@44.781C VDD_IN 4920mW/4860mW VDD_CPU_GPU_CV 1545mW/1492mW VDD_SOC 1428mW/1427mW
08-10-2026 00:44:11 RAM 3617/7620MB (lfb 9x4MB) SWAP 2/12002MB (cached 0MB) CPU [100%@1510,1%@1510,0%@1510,0%@1510,0%@1510,0%@1510] GR3D_FREQ 0% cpu@47.531C soc2@46.656C soc0@44.843C gpu@47.031C tj@47.531C soc1@44.843C VDD_IN 4880mW/4861mW VDD_CPU_GPU_CV 1505mW/1492mW VDD_SOC 1428mW/1427mW
08-10-2026 00:44:12 RAM 3617/7620MB (lfb 9x4MB) SWAP 2/12002MB (cached 0MB) CPU [100%@1510,0%@1510,0%@1510,0%@1510,0%@1510,0%@1510] GR3D_FREQ 0% cpu@47.968C soc2@46.687C soc0@44.875C gpu@46.937C tj@47.593C soc1@44.875C VDD_IN 4880mW/4861mW VDD_CPU_GPU_CV 1505mW/1493mW VDD_SOC 1428mW/1427mW
08-10-2026 00:44:13 RAM 3617/7620MB (lfb 9x4MB) SWAP 2/12002MB (cached 0MB) CPU [100%@1510,0%@1510,0%@1510,0%@1510,0%@1510,0%@1510] GR3D_FREQ 0% cpu@47.562C soc2@46.687C soc0@44.937C gpu@46.562C tj@47.562C soc1@44.906C VDD_IN 4880mW/4862mW VDD_CPU_GPU_CV 1505mW/1493mW VDD_SOC 1428mW/1427mW
08-10-2026 00:44:14 RAM 3617/7620MB (lfb 9x4MB) SWAP 2/12002MB (cached 0MB) CPU [100%@1510,0%@1510,0%@1510,0%@1510,1%@1510,0%@1510] GR3D_FREQ 0% cpu@47.656C soc2@46.75C soc0@44.968C gpu@46.687C tj@47.656C soc1@44.843C VDD_IN 4880mW/4862mW VDD_CPU_GPU_CV 1505mW/1493mW VDD_SOC 1428mW/1427mW
08-10-2026 00:44:15 RAM 3617/7620MB (lfb 9x4MB) SWAP 2/12002MB (cached 0MB) CPU [100%@1510,1%@1510,0%@1510,0%@1510,0%@1510,0%@1510] GR3D_FREQ 0% cpu@47.875C soc2@46.781C soc0@45.062C gpu@46.75C tj@47.875C soc1@44.875C VDD_IN 4880mW/4863mW VDD_CPU_GPU_CV 1505mW/1494mW VDD_SOC 1428mW/1427mW
08-10-2026 00:44:16 RAM 3617/7620MB (lfb 9x4MB) SWAP 2/12002MB (cached 0MB) CPU [100%@1510,1%@1510,1%@1510,0%@1510,0%@1510,1%@1510] GR3D_FREQ 0% cpu@47.593C soc2@46.718C soc0@44.906C gpu@46.75C tj@47.593C soc1@44.906C VDD_IN 4880mW/4863mW VDD_CPU_GPU_CV 1505mW/1494mW VDD_SOC 1428mW/1427mW
08-10-2026 00:44:17 RAM 3617/7620MB (lfb 9x4MB) SWAP 2/12002MB (cached 0MB) CPU [100%@1510,0%@1510,0%@1510,0%@1510,0%@1510,0%@1510] GR3D_FREQ 0% cpu@48.062C soc2@46.656C soc0@44.906C gpu@46.812C tj@47.531C soc1@44.906C VDD_IN 4880mW/4864mW VDD_CPU_GPU_CV 1505mW/1494mW VDD_SOC 1428mW/1427mW
08-10-2026 00:44:18 RAM 3617/7620MB (lfb 9x4MB) SWAP 2/12002MB (cached 0MB) CPU [100%@1510,1%@1510,0%@1510,0%@1510,0%@1510,0%@1510] GR3D_FREQ 0% cpu@47.593C soc2@46.75C soc0@44.937C gpu@46.843C tj@47.593C soc1@45.062C VDD_IN 4920mW/4865mW VDD_CPU_GPU_CV 1545mW/1496mW VDD_SOC 1428mW/1427mW
08-10-2026 00:44:19 RAM 3617/7620MB (lfb 9x4MB) SWAP 2/12002MB (cached 0MB) CPU [100%@1510,0%@1510,0%@1510,0%@1510,0%@1510,0%@1510] GR3D_FREQ 0% cpu@47.718C soc2@46.75C soc0@45.062C gpu@46.843C tj@47.718C soc1@44.906C VDD_IN 4880mW/4865mW VDD_CPU_GPU_CV 1505mW/1496mW VDD_SOC 1428mW/1427mW
08-10-2026 00:44:20 RAM 3617/7620MB (lfb 9x4MB) SWAP 2/12002MB (cached 0MB) CPU [100%@1510,1%@1510,0%@1510,0%@1510,0%@1510,0%@1510] GR3D_FREQ 0% cpu@47.968C soc2@46.718C soc0@45.125C gpu@46.687C tj@47.968C soc1@44.906C VDD_IN 4880mW/4866mW VDD_CPU_GPU_CV 1505mW/1496mW VDD_SOC 1428mW/1427mW
08-10-2026 00:44:21 RAM 3617/7620MB (lfb 9x4MB) SWAP 2/12002MB (cached 0MB) CPU [100%@1510,0%@1510,0%@1510,0%@1510,0%@1510,0%@1510] GR3D_FREQ 0% cpu@47.625C soc2@46.812C soc0@44.968C gpu@46.75C tj@47.625C soc1@45C VDD_IN 4880mW/4866mW VDD_CPU_GPU_CV 1505mW/1496mW VDD_SOC 1428mW/1427mW
08-10-2026 00:44:22 RAM 3617/7620MB (lfb 9x4MB) SWAP 2/12002MB (cached 0MB) CPU [100%@1510,1%@1510,0%@1510,0%@1510,0%@1510,0%@1510] GR3D_FREQ 0% cpu@47.75C soc2@46.843C soc0@45C gpu@46.718C tj@47.75C soc1@44.937C VDD_IN 4880mW/4866mW VDD_CPU_GPU_CV 1505mW/1496mW VDD_SOC 1428mW/1427mW
08-10-2026 00:44:23 RAM 3617/7620MB (lfb 9x4MB) SWAP 2/12002MB (cached 0MB) CPU [100%@1510,0%@1510,0%@1510,0%@1510,0%@1510,0%@1510] GR3D_FREQ 0% cpu@47.718C soc2@46.843C soc0@45.031C gpu@46.75C tj@47.718C soc1@45.125C VDD_IN 4880mW/4867mW VDD_CPU_GPU_CV 1505mW/1497mW VDD_SOC 1428mW/1427mW
08-10-2026 00:44:24 RAM 3617/7620MB (lfb 9x4MB) SWAP 2/12002MB (cached 0MB) CPU [100%@1510,1%@1510,0%@1510,0%@1510,0%@1510,0%@1510] GR3D_FREQ 0% cpu@47.781C soc2@46.906C soc0@45.062C gpu@46.812C tj@47.781C soc1@45C VDD_IN 4880mW/4867mW VDD_CPU_GPU_CV 1545mW/1498mW VDD_SOC 1428mW/1427mW
08-10-2026 00:44:25 RAM 3617/7620MB (lfb 9x4MB) SWAP 2/12002MB (cached 0MB) CPU [100%@1510,1%@1510,1%@1510,0%@1510,0%@1510,0%@1510] GR3D_FREQ 0% cpu@47.906C soc2@46.75C soc0@45.218C gpu@46.781C tj@47.906C soc1@44.875C VDD_IN 4880mW/4867mW VDD_CPU_GPU_CV 1545mW/1499mW VDD_SOC 1428mW/1427mW
08-10-2026 00:44:26 RAM 3617/7620MB (lfb 9x4MB) SWAP 2/12002MB (cached 0MB) CPU [100%@1510,0%@1510,0%@1510,0%@1510,0%@1510,0%@1510] GR3D_FREQ 0% cpu@47.687C soc2@46.843C soc0@45.031C gpu@47C tj@47.687C soc1@45C VDD_IN 4880mW/4867mW VDD_CPU_GPU_CV 1505mW/1499mW VDD_SOC 1428mW/1427mW
08-10-2026 00:44:27 RAM 3617/7620MB (lfb 9x4MB) SWAP 2/12002MB (cached 0MB) CPU [100%@1510,1%@1510,0%@1510,0%@1510,0%@1510,0%@1510] GR3D_FREQ 0% cpu@47.781C soc2@46.843C soc0@45.031C gpu@47.125C tj@47.781C soc1@45.062C VDD_IN 4880mW/4868mW VDD_CPU_GPU_CV 1505mW/1499mW VDD_SOC 1428mW/1427mW
08-10-2026 00:44:28 RAM 3617/7620MB (lfb 9x4MB) SWAP 2/12002MB (cached 0MB) CPU [100%@1510,0%@1510,0%@1510,0%@1510,0%@1510,0%@1510] GR3D_FREQ 0% cpu@47.812C soc2@46.968C soc0@45.125C gpu@47.125C tj@47.812C soc1@45.25C VDD_IN 4880mW/4868mW VDD_CPU_GPU_CV 1505mW/1499mW VDD_SOC 1428mW/1427mW
08-10-2026 00:44:29 RAM 3617/7620MB (lfb 9x4MB) SWAP 2/12002MB (cached 0MB) CPU [100%@1510,0%@1510,0%@1510,0%@1510,0%@1510,0%@1510] GR3D_FREQ 0% cpu@47.875C soc2@46.968C soc0@45.218C gpu@47.125C tj@47.875C soc1@45.031C VDD_IN 4880mW/4868mW VDD_CPU_GPU_CV 1505mW/1499mW VDD_SOC 1428mW/1427mW
08-10-2026 00:44:30 RAM 3617/7620MB (lfb 9x4MB) SWAP 2/12002MB (cached 0MB) CPU [100%@1510,1%@1510,0%@1510,0%@1510,0%@1510,0%@1510] GR3D_FREQ 0% cpu@48.093C soc2@46.843C soc0@45.281C gpu@47.093C tj@48.093C soc1@45.031C VDD_IN 4880mW/4868mW VDD_CPU_GPU_CV 1505mW/1499mW VDD_SOC 1428mW/1427mW
08-10-2026 00:44:31 RAM 3617/7620MB (lfb 9x4MB) SWAP 2/12002MB (cached 0MB) CPU [100%@1510,0%@1510,0%@1510,0%@1510,0%@1510,1%@1510] GR3D_FREQ 0% cpu@47.781C soc2@46.906C soc0@45.031C gpu@47.187C tj@47.781C soc1@45.093C VDD_IN 4880mW/4869mW VDD_CPU_GPU_CV 1505mW/1499mW VDD_SOC 1428mW/1427mW
08-10-2026 00:44:32 RAM 3617/7620MB (lfb 9x4MB) SWAP 2/12002MB (cached 0MB) CPU [100%@1510,1%@1510,0%@1510,0%@1510,0%@1510,0%@1510] GR3D_FREQ 0% cpu@47.843C soc2@46.875C soc0@45.125C gpu@47.125C tj@47.843C soc1@45.093C VDD_IN 4880mW/4869mW VDD_CPU_GPU_CV 1505mW/1499mW VDD_SOC 1428mW/1427mW
08-10-2026 00:44:33 RAM 3617/7620MB (lfb 9x4MB) SWAP 2/12002MB (cached 0MB) CPU [100%@1510,0%@1510,0%@1510,0%@1510,0%@1510,0%@1510] GR3D_FREQ 0% cpu@47.781C soc2@46.906C soc0@45.093C gpu@47C tj@48.031C soc1@45.25C VDD_IN 4880mW/4869mW VDD_CPU_GPU_CV 1505mW/1500mW VDD_SOC 1428mW/1427mW
08-10-2026 00:44:34 RAM 3617/7620MB (lfb 9x4MB) SWAP 2/12002MB (cached 0MB) CPU [100%@1510,0%@1510,0%@1510,0%@1510,0%@1510,0%@1510] GR3D_FREQ 0% cpu@47.812C soc2@46.937C soc0@45.187C gpu@46.875C tj@47.812C soc1@45.031C VDD_IN 4880mW/4869mW VDD_CPU_GPU_CV 1505mW/1500mW VDD_SOC 1428mW/1427mW
08-10-2026 00:44:35 RAM 3617/7620MB (lfb 9x4MB) SWAP 2/12002MB (cached 0MB) CPU [100%@1510,0%@1510,0%@1510,0%@1510,0%@1510,0%@1510] GR3D_FREQ 0% cpu@48.093C soc2@46.875C soc0@45.218C gpu@46.968C tj@48.093C soc1@45.125C VDD_IN 4880mW/4869mW VDD_CPU_GPU_CV 1505mW/1500mW VDD_SOC 1428mW/1427mW
08-10-2026 00:44:36 RAM 3617/7620MB (lfb 9x4MB) SWAP 2/12002MB (cached 0MB) CPU [100%@1510,0%@1510,0%@1510,0%@1510,0%@1510,0%@1510] GR3D_FREQ 0% cpu@47.906C soc2@46.875C soc0@45.25C gpu@47C tj@47.906C soc1@45.125C VDD_IN 4880mW/4870mW VDD_CPU_GPU_CV 1505mW/1500mW VDD_SOC 1428mW/1427mW
08-10-2026 00:44:37 RAM 3617/7620MB (lfb 9x4MB) SWAP 2/12002MB (cached 0MB) CPU [100%@1510,1%@1510,1%@1510,0%@1510,0%@1510,0%@1510] GR3D_FREQ 0% cpu@48C soc2@46.968C soc0@45.156C gpu@46.906C tj@48C soc1@45.187C VDD_IN 4880mW/4870mW VDD_CPU_GPU_CV 1505mW/1500mW VDD_SOC 1428mW/1427mW
08-10-2026 00:44:38 RAM 3617/7620MB (lfb 9x4MB) SWAP 2/12002MB (cached 0MB) CPU [100%@1510,0%@1510,0%@1510,0%@1510,0%@1510,0%@1510] GR3D_FREQ 0% cpu@47.812C soc2@46.968C soc0@45.156C gpu@47.031C tj@48.031C soc1@45.281C VDD_IN 4920mW/4871mW VDD_CPU_GPU_CV 1505mW/1500mW VDD_SOC 1428mW/1427mW
08-10-2026 00:44:39 RAM 3617/7620MB (lfb 9x4MB) SWAP 2/12002MB (cached 0MB) CPU [100%@1510,0%@1510,0%@1510,0%@1510,0%@1510,0%@1510] GR3D_FREQ 0% cpu@48.031C soc2@46.937C soc0@45.25C gpu@46.843C tj@48.031C soc1@45.031C VDD_IN 4880mW/4871mW VDD_CPU_GPU_CV 1505mW/1500mW VDD_SOC 1428mW/1427mW
08-10-2026 00:44:40 RAM 3617/7620MB (lfb 9x4MB) SWAP 2/12002MB (cached 0MB) CPU [83%@1510,1%@1510,0%@1510,0%@1510,0%@1510,0%@1510] GR3D_FREQ 0% cpu@47.843C soc2@46.875C soc0@45.375C gpu@46.812C tj@47.843C soc1@45.156C VDD_IN 4610mW/4866mW VDD_CPU_GPU_CV 1349mW/1498mW VDD_SOC 1391mW/1426mW
