08-09-2026 23:45:47 RAM 3053/7620MB (lfb 22x4MB) SWAP 2/12002MB (cached 0MB) CPU [1%@1510,0%@1510,0%@1510,0%@1510,0%@1510,0%@1510] GR3D_FREQ 0% cpu@46.75C soc2@45.906C soc0@44.343C gpu@45.875C tj@46.75C soc1@44.062C VDD_IN 4113mW/4113mW VDD_CPU_GPU_CV 996mW/996mW VDD_SOC 1397mW/1397mW
08-09-2026 23:45:48 RAM 3054/7620MB (lfb 22x4MB) SWAP 2/12002MB (cached 0MB) CPU [2%@1510,0%@1510,0%@1510,3%@1510,1%@1510,1%@1510] GR3D_FREQ 0% cpu@46.656C soc2@45.906C soc0@44.437C gpu@45.875C tj@46.593C soc1@44.156C VDD_IN 4113mW/4113mW VDD_CPU_GPU_CV 996mW/996mW VDD_SOC 1397mW/1397mW
08-09-2026 23:45:49 RAM 3054/7620MB (lfb 22x4MB) SWAP 2/12002MB (cached 0MB) CPU [0%@1510,0%@1510,0%@1510,1%@1510,0%@1510,0%@1510] GR3D_FREQ 0% cpu@46.906C soc2@45.937C soc0@44.281C gpu@45.875C tj@46.906C soc1@44.156C VDD_IN 4113mW/4113mW VDD_CPU_GPU_CV 996mW/996mW VDD_SOC 1397mW/1397mW
08-09-2026 23:45:50 RAM 3054/7620MB (lfb 22x4MB) SWAP 2/12002MB (cached 0MB) CPU [1%@1510,0%@1510,0%@1510,0%@1510,1%@1510,1%@1510] GR3D_FREQ 0% cpu@46.437C soc2@45.906C soc0@44.281C gpu@45.875C tj@46.437C soc1@44.25C VDD_IN 4073mW/4103mW VDD_CPU_GPU_CV 956mW/986mW VDD_SOC 1397mW/1397mW
08-09-2026 23:45:51 RAM 3054/7620MB (lfb 22x4MB) SWAP 2/12002MB (cached 0MB) CPU [1%@1510,0%@1510,0%@1510,0%@1510,0%@1510,0%@1510] GR3D_FREQ 0% cpu@46.656C soc2@45.937C soc0@44.281C gpu@45.875C tj@46.656C soc1@44.343C VDD_IN 4073mW/4097mW VDD_CPU_GPU_CV 956mW/980mW VDD_SOC 1397mW/1397mW
08-09-2026 23:45:52 RAM 3054/7620MB (lfb 22x4MB) SWAP 2/12002MB (cached 0MB) CPU [0%@1510,0%@1510,0%@1510,0%@1510,0%@1510,0%@1510] GR3D_FREQ 0% cpu@46.5C soc2@45.937C soc0@44.343C gpu@45.875C tj@46.718C soc1@44.125C VDD_IN 4073mW/4093mW VDD_CPU_GPU_CV 956mW/976mW VDD_SOC 1397mW/1397mW
08-09-2026 23:45:53 RAM 3054/7620MB (lfb 22x4MB) SWAP 2/12002MB (cached 0MB) CPU [1%@1510,0%@1510,0%@1510,0%@1510,0%@1510,0%@1510] GR3D_FREQ 0% cpu@46.625C soc2@45.875C soc0@44.375C gpu@45.875C tj@46.625C soc1@44.156C VDD_IN 4073mW/4090mW VDD_CPU_GPU_CV 956mW/973mW VDD_SOC 1397mW/1397mW
08-09-2026 23:45:54 RAM 3054/7620MB (lfb 22x4MB) SWAP 2/12002MB (cached 0MB) CPU [1%@1510,0%@1510,0%@1510,0%@1510,0%@1510,0%@1510] GR3D_FREQ 0% cpu@46.875C soc2@45.937C soc0@44.406C gpu@45.937C tj@46.875C soc1@44.187C VDD_IN 4073mW/4088mW VDD_CPU_GPU_CV 956mW/971mW VDD_SOC 1397mW/1397mW
08-09-2026 23:45:55 RAM 3054/7620MB (lfb 22x4MB) SWAP 2/12002MB (cached 0MB) CPU [1%@1510,0%@1510,0%@1510,0%@1510,1%@1510,0%@1510] GR3D_FREQ 0% cpu@46.562C soc2@45.875C soc0@44.281C gpu@45.968C tj@46.5C soc1@44.218C VDD_IN 4073mW/4086mW VDD_CPU_GPU_CV 956mW/969mW VDD_SOC 1397mW/1397mW
08-09-2026 23:45:56 RAM 3054/7620MB (lfb 22x4MB) SWAP 2/12002MB (cached 0MB) CPU [0%@1510,1%@1510,0%@1510,1%@1510,0%@1510,1%@1510] GR3D_FREQ 0% cpu@46.5C soc2@45.937C soc0@44.312C gpu@45.937C tj@46.625C soc1@44.218C VDD_IN 4113mW/4089mW VDD_CPU_GPU_CV 956mW/968mW VDD_SOC 1397mW/1397mW
08-09-2026 23:45:57 RAM 3054/7620MB (lfb 22x4MB) SWAP 2/12002MB (cached 0MB) CPU [1%@1510,1%@1510,0%@1510,0%@1510,0%@1510,1%@1510] GR3D_FREQ 0% cpu@46.562C soc2@45.968C soc0@44.375C gpu@45.968C tj@46.562C soc1@44.312C VDD_IN 4073mW/4087mW VDD_CPU_GPU_CV 956mW/966mW VDD_SOC 1397mW/1397mW
08-09-2026 23:45:58 RAM 3054/7620MB (lfb 22x4MB) SWAP 2/12002MB (cached 0MB) CPU [1%@1510,0%@1510,0%@1510,0%@1510,0%@1510,0%@1510] GR3D_FREQ 0% cpu@46.625C soc2@46.031C soc0@44.375C gpu@45.968C tj@46.625C soc1@44.375C VDD_IN 4113mW/4089mW VDD_CPU_GPU_CV 956mW/966mW VDD_SOC 1397mW/1397mW
08-09-2026 23:45:59 RAM 3054/7620MB (lfb 22x4MB) SWAP 2/12002MB (cached 0MB) CPU [1%@1510,0%@1510,0%@1510,0%@1510,0%@1510,0%@1510] GR3D_FREQ 0% cpu@46.843C soc2@45.937C soc0@44.375C gpu@46C tj@46.843C soc1@44.156C VDD_IN 4073mW/4088mW VDD_CPU_GPU_CV 956mW/965mW VDD_SOC 1397mW/1397mW
08-09-2026 23:46:00 RAM 3054/7620MB (lfb 22x4MB) SWAP 2/12002MB (cached 0MB) CPU [1%@1510,0%@1510,0%@1510,1%@1510,0%@1510,0%@1510] GR3D_FREQ 0% cpu@46.843C soc2@45.937C soc0@44.156C gpu@46C tj@46.718C soc1@44.187C VDD_IN 4113mW/4090mW VDD_CPU_GPU_CV 956mW/964mW VDD_SOC 1397mW/1397mW
08-09-2026 23:46:01 RAM 3054/7620MB (lfb 22x4MB) SWAP 2/12002MB (cached 0MB) CPU [1%@1510,0%@1510,0%@1510,0%@1510,0%@1510,0%@1510] GR3D_FREQ 0% cpu@46.5C soc2@45.937C soc0@44.281C gpu@45.968C tj@46.5C soc1@44.281C VDD_IN 4073mW/4089mW VDD_CPU_GPU_CV 956mW/964mW VDD_SOC 1397mW/1397mW
08-09-2026 23:46:02 RAM 3054/7620MB (lfb 22x4MB) SWAP 2/12002MB (cached 0MB) CPU [1%@1510,0%@1510,0%@1510,0%@1510,0%@1510,0%@1510] GR3D_FREQ 0% cpu@46.625C soc2@45.875C soc0@44.343C gpu@45.812C tj@46.625C soc1@44.25C VDD_IN 4073mW/4088mW VDD_CPU_GPU_CV 956mW/963mW VDD_SOC 1397mW/1397mW
08-09-2026 23:46:03 RAM 3054/7620MB (lfb 22x4MB) SWAP 2/12002MB (cached 0MB) CPU [1%@1510,1%@1510,0%@1510,0%@1510,0%@1510,0%@1510] GR3D_FREQ 0% cpu@46.656C soc2@46C soc0@44.375C gpu@45.718C tj@46.656C soc1@44.312C VDD_IN 4073mW/4087mW VDD_CPU_GPU_CV 956mW/963mW VDD_SOC 1397mW/1397mW
08-09-2026 23:46:04 RAM 3054/7620MB (lfb 22x4MB) SWAP 2/12002MB (cached 0MB) CPU [1%@1510,1%@1510,0%@1510,0%@1510,0%@1510,0%@1510] GR3D_FREQ 0% cpu@46.625C soc2@45.968C soc0@44.312C gpu@45.812C tj@46.625C soc1@44.187C VDD_IN 4113mW/4088mW VDD_CPU_GPU_CV 956mW/962mW VDD_SOC 1397mW/1397mW
08-09-2026 23:46:05 RAM 3054/7620MB (lfb 22x4MB) SWAP 2/12002MB (cached 0MB) CPU [1%@1510,0%@1510,0%@1510,0%@1510,0%@1510,0%@1510] GR3D_FREQ 0% cpu@46.656C soc2@45.937C soc0@44.375C gpu@45.812C tj@46.656C soc1@44.218C VDD_IN 4073mW/4087mW VDD_CPU_GPU_CV 956mW/962mW VDD_SOC 1397mW/1397mW
08-09-2026 23:46:06 RAM 3054/7620MB (lfb 22x4MB) SWAP 2/12002MB (cached 0MB) CPU [1%@1510,0%@1510,0%@1510,0%@1510,1%@1510,0%@1510] GR3D_FREQ 0% cpu@46.531C soc2@45.968C soc0@44.156C gpu@45.937C tj@46.531C soc1@44.125C VDD_IN 4073mW/4087mW VDD_CPU_GPU_CV 956mW/962mW VDD_SOC 1397mW/1397mW
08-09-2026 23:46:07 RAM 3054/7620MB (lfb 22x4MB) SWAP 2/12002MB (cached 0MB) CPU [0%@1510,0%@1510,0%@1510,0%@1510,1%@1510,1%@1510] GR3D_FREQ 0% cpu@46.75C soc2@45.875C soc0@44.25C gpu@45.843C tj@46.562C soc1@44.25C VDD_IN 4073mW/4086mW VDD_CPU_GPU_CV 956mW/961mW VDD_SOC 1397mW/1397mW
08-09-2026 23:46:08 RAM 3054/7620MB (lfb 22x4MB) SWAP 2/12002MB (cached 0MB) CPU [2%@1510,0%@1510,0%@1510,0%@1510,0%@1510,0%@1510] GR3D_FREQ 0% cpu@46.5C soc2@45.968C soc0@44.25C gpu@45.875C tj@46.5C soc1@44.343C VDD_IN 4073mW/4085mW VDD_CPU_GPU_CV 956mW/961mW VDD_SOC 1397mW/1397mW
08-09-2026 23:46:09 RAM 3054/7620MB (lfb 22x4MB) SWAP 2/12002MB (cached 0MB) CPU [0%@1510,0%@1510,0%@1510,0%@1510,1%@1510,0%@1510] GR3D_FREQ 0% cpu@46.593C soc2@46C soc0@44.281C gpu@45.875C tj@46.593C soc1@44.375C VDD_IN 4113mW/4086mW VDD_CPU_GPU_CV 956mW/961mW VDD_SOC 1397mW/1397mW
08-09-2026 23:46:10 RAM 3054/7620MB (lfb 22x4MB) SWAP 2/12002MB (cached 0MB) CPU [0%@1510,0%@1510,0%@1510,1%@1510,0%@1510,1%@1510] GR3D_FREQ 0% cpu@46.656C soc2@45.781C soc0@44.343C gpu@45.906C tj@46.656C soc1@44.156C VDD_IN 4113mW/4088mW VDD_CPU_GPU_CV 996mW/962mW VDD_SOC 1397mW/1397mW
08-09-2026 23:46:11 RAM 3054/7620MB (lfb 22x4MB) SWAP 2/12002MB (cached 0MB) CPU [2%@1510,0%@1510,0%@1510,0%@1510,0%@1510,0%@1510] GR3D_FREQ 0% cpu@46.593C soc2@45.875C soc0@44.375C gpu@45.906C tj@46.593C soc1@44.156C VDD_IN 4073mW/4087mW VDD_CPU_GPU_CV 996mW/964mW VDD_SOC 1397mW/1397mW
08-09-2026 23:46:12 RAM 3054/7620MB (lfb 22x4MB) SWAP 2/12002MB (cached 0MB) CPU [1%@1510,0%@1510,0%@1510,0%@1510,1%@1510,0%@1510] GR3D_FREQ 0% cpu@46.781C soc2@45.906C soc0@44.187C gpu@45.906C tj@46.781C soc1@44.281C VDD_IN 4073mW/4086mW VDD_CPU_GPU_CV 956mW/963mW VDD_SOC 1397mW/1397mW
08-09-2026 23:46:13 RAM 3054/7620MB (lfb 22x4MB) SWAP 2/12002MB (cached 0MB) CPU [1%@1510,1%@1510,0%@1510,0%@1510,0%@1510,1%@1510] GR3D_FREQ 0% cpu@46.625C soc2@45.937C soc0@44.218C gpu@45.875C tj@46.468C soc1@44.187C VDD_IN 4073mW/4086mW VDD_CPU_GPU_CV 956mW/963mW VDD_SOC 1397mW/1397mW
08-09-2026 23:46:14 RAM 3054/7620MB (lfb 22x4MB) SWAP 2/12002MB (cached 0MB) CPU [1%@1510,0%@1510,0%@1510,0%@1510,0%@1510,0%@1510] GR3D_FREQ 0% cpu@46.625C soc2@45.937C soc0@44.281C gpu@45.906C tj@46.625C soc1@44.281C VDD_IN 4073mW/4085mW VDD_CPU_GPU_CV 956mW/963mW VDD_SOC 1397mW/1397mW
08-09-2026 23:46:15 RAM 3054/7620MB (lfb 22x4MB) SWAP 2/12002MB (cached 0MB) CPU [1%@1510,1%@1510,0%@1510,0%@1510,1%@1510,0%@1510] GR3D_FREQ 0% cpu@46.687C soc2@45.937C soc0@44.312C gpu@45.843C tj@46.687C soc1@44.343C VDD_IN 4073mW/4085mW VDD_CPU_GPU_CV 956mW/962mW VDD_SOC 1397mW/1397mW
08-09-2026 23:46:16 RAM 3060/7620MB (lfb 22x4MB) SWAP 2/12002MB (cached 0MB) CPU [7%@1510,7%@1510,7%@1510,7%@1510,8%@1510,16%@1510] GR3D_FREQ 0% cpu@47C soc2@45.875C soc0@44.25C gpu@45.875C tj@47C soc1@44.125C VDD_IN 4665mW/4104mW VDD_CPU_GPU_CV 1430mW/978mW VDD_SOC 1393mW/1396mW
08-09-2026 23:46:17 RAM 3215/7620MB (lfb 22x4MB) SWAP 2/12002MB (cached 0MB) CPU [2%@1510,0%@1510,3%@1510,2%@1510,1%@1510,100%@1510] GR3D_FREQ 0% cpu@47.156C soc2@45.937C soc0@44.406C gpu@45.937C tj@47.156C soc1@44.218C VDD_IN 4960mW/4132mW VDD_CPU_GPU_CV 1545mW/996mW VDD_SOC 1428mW/1397mW
08-09-2026 23:46:18 RAM 3256/7620MB (lfb 22x4MB) SWAP 2/12002MB (cached 0MB) CPU [1%@1510,18%@1510,0%@1510,1%@1510,2%@1510,100%@1510] GR3D_FREQ 0% cpu@47.375C soc2@45.906C soc0@44.281C gpu@46.343C tj@47.375C soc1@44.218C VDD_IN 5189mW/4165mW VDD_CPU_GPU_CV 1700mW/1018mW VDD_SOC 1465mW/1399mW
08-09-2026 23:46:19 RAM 3286/7620MB (lfb 21x4MB) SWAP 2/12002MB (cached 0MB) CPU [1%@1510,24%@1510,2%@1510,2%@1510,1%@1510,45%@1510] GR3D_FREQ 0% cpu@46.625C soc2@46.031C soc0@44.343C gpu@46.375C tj@46.625C soc1@44.281C VDD_IN 4425mW/4173mW VDD_CPU_GPU_CV 1194mW/1024mW VDD_SOC 1395mW/1399mW
08-09-2026 23:46:20 RAM 3300/7620MB (lfb 21x4MB) SWAP 2/12002MB (cached 0MB) CPU [8%@1510,8%@1510,7%@1510,18%@1510,7%@1510,7%@1510] GR3D_FREQ 0% cpu@47.187C soc2@46.031C soc0@44.312C gpu@46.343C tj@47.187C soc1@44.375C VDD_IN 4697mW/4188mW VDD_CPU_GPU_CV 1470mW/1037mW VDD_SOC 1393mW/1399mW
08-09-2026 23:46:21 RAM 3605/7620MB (lfb 1x4MB) SWAP 2/12002MB (cached 0MB) CPU [2%@1510,3%@1510,4%@1510,95%@1510,5%@1510,6%@1510] GR3D_FREQ 0% cpu@47.031C soc2@46.093C soc0@44.375C gpu@46.375C tj@47.031C soc1@44.218C VDD_IN 5198mW/4217mW VDD_CPU_GPU_CV 1621mW/1053mW VDD_SOC 1505mW/1402mW
08-09-2026 23:46:22 RAM 3706/7620MB (lfb 2x4MB) SWAP 2/12002MB (cached 0MB) CPU [3%@1510,2%@1510,4%@1510,20%@1510,3%@1510,3%@1510] GR3D_FREQ 0% cpu@46.875C soc2@46.062C soc0@44.406C gpu@46.343C tj@46.875C soc1@44.218C VDD_IN 4385mW/4222mW VDD_CPU_GPU_CV 1154mW/1056mW VDD_SOC 1395mW/1402mW
08-09-2026 23:46:23 RAM 3706/7620MB (lfb 2x4MB) SWAP 2/12002MB (cached 0MB) CPU [3%@1510,0%@1510,0%@1510,4%@1510,2%@1510,2%@1510] GR3D_FREQ 0% cpu@46.687C soc2@46.031C soc0@44.375C gpu@45.875C tj@46.687C soc1@44.312C VDD_IN 4233mW/4222mW VDD_CPU_GPU_CV 1036mW/1056mW VDD_SOC 1397mW/1402mW
08-09-2026 23:46:24 RAM 3706/7620MB (lfb 2x4MB) SWAP 2/12002MB (cached 0MB) CPU [1%@1510,2%@1510,0%@1510,3%@1510,1%@1510,1%@1510] GR3D_FREQ 0% cpu@46.625C soc2@46.031C soc0@44.375C gpu@45.968C tj@46.625C soc1@44.281C VDD_IN 4153mW/4220mW VDD_CPU_GPU_CV 996mW/1054mW VDD_SOC 1397mW/1402mW
08-09-2026 23:46:25 RAM 3706/7620MB (lfb 2x4MB) SWAP 2/12002MB (cached 0MB) CPU [2%@1510,1%@1510,0%@1510,4%@1510,2%@1510,2%@1510] GR3D_FREQ 0% cpu@46.656C soc2@46C soc0@44.343C gpu@45.937C tj@46.718C soc1@44.406C VDD_IN 4153mW/4218mW VDD_CPU_GPU_CV 1036mW/1054mW VDD_SOC 1397mW/1402mW
08-09-2026 23:46:26 RAM 3706/7620MB (lfb 2x4MB) SWAP 2/12002MB (cached 0MB) CPU [5%@1510,2%@1510,1%@1510,4%@1510,0%@1510,2%@1510] GR3D_FREQ 0% cpu@46.656C soc2@46.031C soc0@44.406C gpu@46.062C tj@46.656C soc1@44.187C VDD_IN 4153mW/4217mW VDD_CPU_GPU_CV 996mW/1052mW VDD_SOC 1397mW/1401mW
08-09-2026 23:46:27 RAM 3706/7620MB (lfb 2x4MB) SWAP 2/12002MB (cached 0MB) CPU [1%@1510,0%@1510,2%@1510,4%@1510,1%@1510,6%@1510] GR3D_FREQ 0% cpu@46.843C soc2@45.906C soc0@44.437C gpu@46.062C tj@46.843C soc1@44.218C VDD_IN 4233mW/4217mW VDD_CPU_GPU_CV 1036mW/1052mW VDD_SOC 1397mW/1401mW
08-09-2026 23:46:28 RAM 3707/7620MB (lfb 2x4MB) SWAP 2/12002MB (cached 0MB) CPU [3%@1510,1%@1510,2%@1510,4%@1510,1%@1510,1%@1510] GR3D_FREQ 0% cpu@46.593C soc2@45.906C soc0@44.281C gpu@46.062C tj@46.593C soc1@44.312C VDD_IN 4193mW/4217mW VDD_CPU_GPU_CV 1036mW/1051mW VDD_SOC 1397mW/1401mW
08-09-2026 23:46:29 RAM 3707/7620MB (lfb 2x4MB) SWAP 2/12002MB (cached 0MB) CPU [3%@1510,1%@1510,1%@1510,4%@1510,1%@1510,1%@1510] GR3D_FREQ 0% cpu@46.625C soc2@46.031C soc0@44.312C gpu@46.093C tj@46.625C soc1@44.187C VDD_IN 4153mW/4215mW VDD_CPU_GPU_CV 996mW/1050mW VDD_SOC 1397mW/1401mW
08-09-2026 23:46:30 RAM 3707/7620MB (lfb 2x4MB) SWAP 2/12002MB (cached 0MB) CPU [2%@1510,0%@1510,0%@1510,4%@1510,0%@1510,2%@1510] GR3D_FREQ 0% cpu@46.593C soc2@46.031C soc0@44.375C gpu@46.093C tj@46.593C soc1@44.312C VDD_IN 4153mW/4214mW VDD_CPU_GPU_CV 996mW/1049mW VDD_SOC 1397mW/1401mW
08-09-2026 23:46:31 RAM 3707/7620MB (lfb 2x4MB) SWAP 2/12002MB (cached 0MB) CPU [4%@1510,1%@1510,0%@1510,3%@1510,2%@1510,2%@1510] GR3D_FREQ 0% cpu@46.687C soc2@46.031C soc0@44.343C gpu@46.125C tj@46.687C soc1@44.156C VDD_IN 4153mW/4212mW VDD_CPU_GPU_CV 996mW/1048mW VDD_SOC 1397mW/1401mW
08-09-2026 23:46:32 RAM 3707/7620MB (lfb 2x4MB) SWAP 2/12002MB (cached 0MB) CPU [1%@1510,0%@1510,2%@1510,5%@1510,4%@1510,2%@1510] GR3D_FREQ 0% cpu@46.812C soc2@45.875C soc0@44.437C gpu@46.187C tj@46.812C soc1@44.281C VDD_IN 4193mW/4212mW VDD_CPU_GPU_CV 1036mW/1047mW VDD_SOC 1397mW/1401mW
08-09-2026 23:46:33 RAM 3706/7620MB (lfb 2x4MB) SWAP 2/12002MB (cached 0MB) CPU [2%@1510,3%@1510,2%@1510,4%@1510,2%@1510,2%@1510] GR3D_FREQ 0% cpu@46.593C soc2@45.968C soc0@44.375C gpu@46.156C tj@46.593C soc1@44.218C VDD_IN 4193mW/4211mW VDD_CPU_GPU_CV 1036mW/1047mW VDD_SOC 1397mW/1401mW
08-09-2026 23:46:34 RAM 3706/7620MB (lfb 2x4MB) SWAP 2/12002MB (cached 0MB) CPU [3%@1510,0%@1510,0%@1510,3%@1510,3%@1510,0%@1510] GR3D_FREQ 0% cpu@46.656C soc2@45.937C soc0@44.312C gpu@45.937C tj@46.656C soc1@44.281C VDD_IN 4153mW/4210mW VDD_CPU_GPU_CV 1036mW/1047mW VDD_SOC 1397mW/1401mW
08-09-2026 23:46:35 RAM 3706/7620MB (lfb 2x4MB) SWAP 2/12002MB (cached 0MB) CPU [3%@1510,0%@1510,1%@1510,2%@1510,3%@1510,1%@1510] GR3D_FREQ 0% cpu@46.625C soc2@46.031C soc0@44.375C gpu@45.875C tj@46.625C soc1@44.343C VDD_IN 4153mW/4209mW VDD_CPU_GPU_CV 1036mW/1047mW VDD_SOC 1397mW/1400mW
08-09-2026 23:46:36 RAM 3706/7620MB (lfb 2x4MB) SWAP 2/12002MB (cached 0MB) CPU [3%@1510,1%@1510,2%@1510,3%@1510,2%@1510,1%@1510] GR3D_FREQ 0% cpu@46.718C soc2@46C soc0@44.375C gpu@46C tj@46.718C soc1@44.187C VDD_IN 4153mW/4208mW VDD_CPU_GPU_CV 1036mW/1046mW VDD_SOC 1397mW/1400mW
08-09-2026 23:46:37 RAM 3706/7620MB (lfb 2x4MB) SWAP 2/12002MB (cached 0MB) CPU [2%@1510,2%@1510,2%@1510,5%@1510,5%@1510,1%@1510] GR3D_FREQ 0% cpu@46.812C soc2@45.968C soc0@44.406C gpu@45.968C tj@46.812C soc1@44.312C VDD_IN 4233mW/4208mW VDD_CPU_GPU_CV 1036mW/1046mW VDD_SOC 1397mW/1400mW
08-09-2026 23:46:38 RAM 3707/7620MB (lfb 2x4MB) SWAP 2/12002MB (cached 0MB) CPU [3%@1510,3%@1510,1%@1510,3%@1510,1%@1510,2%@1510] GR3D_FREQ 0% cpu@46.718C soc2@45.968C soc0@44.375C gpu@46.031C tj@46.718C soc1@44.25C VDD_IN 4193mW/4208mW VDD_CPU_GPU_CV 1036mW/1046mW VDD_SOC 1397mW/1400mW
08-09-2026 23:46:39 RAM 3707/7620MB (lfb 2x4MB) SWAP 2/12002MB (cached 0MB) CPU [2%@1510,2%@1510,1%@1510,4%@1510,1%@1510,3%@1510] GR3D_FREQ 0% cpu@46.937C soc2@46.062C soc0@44.375C gpu@45.968C tj@46.937C soc1@44.312C VDD_IN 4153mW/4207mW VDD_CPU_GPU_CV 1036mW/1046mW VDD_SOC 1397mW/1400mW
08-09-2026 23:46:40 RAM 3707/7620MB (lfb 2x4MB) SWAP 2/12002MB (cached 0MB) CPU [1%@1510,1%@1510,2%@1510,4%@1510,0%@1510,2%@1510] GR3D_FREQ 0% cpu@46.656C soc2@46.062C soc0@44.281C gpu@46C tj@46.656C soc1@44.343C VDD_IN 4193mW/4207mW VDD_CPU_GPU_CV 1036mW/1046mW VDD_SOC 1397mW/1400mW
08-09-2026 23:46:41 RAM 3707/7620MB (lfb 2x4MB) SWAP 2/12002MB (cached 0MB) CPU [4%@1510,2%@1510,1%@1510,3%@1510,0%@1510,2%@1510] GR3D_FREQ 0% cpu@46.656C soc2@45.968C soc0@44.312C gpu@46.125C tj@46.656C soc1@44.343C VDD_IN 4153mW/4206mW VDD_CPU_GPU_CV 996mW/1045mW VDD_SOC 1397mW/1400mW
08-09-2026 23:46:42 RAM 3707/7620MB (lfb 2x4MB) SWAP 2/12002MB (cached 0MB) CPU [2%@1510,1%@1510,2%@1510,4%@1510,2%@1510,3%@1510] GR3D_FREQ 0% cpu@46.843C soc2@45.937C soc0@44.343C gpu@45.875C tj@46.843C soc1@44.125C VDD_IN 4233mW/4206mW VDD_CPU_GPU_CV 1036mW/1044mW VDD_SOC 1397mW/1400mW
08-09-2026 23:46:43 RAM 3707/7620MB (lfb 2x4MB) SWAP 2/12002MB (cached 0MB) CPU [3%@1510,1%@1510,0%@1510,3%@1510,2%@1510,2%@1510] GR3D_FREQ 0% cpu@46.656C soc2@45.937C soc0@44.375C gpu@46.343C tj@46.656C soc1@44.25C VDD_IN 4233mW/4207mW VDD_CPU_GPU_CV 1036mW/1044mW VDD_SOC 1397mW/1400mW
08-09-2026 23:46:44 RAM 3707/7620MB (lfb 2x4MB) SWAP 2/12002MB (cached 0MB) CPU [2%@1510,3%@1510,1%@1510,4%@1510,1%@1510,3%@1510] GR3D_FREQ 0% cpu@46.875C soc2@45.968C soc0@44.25C gpu@46.375C tj@46.875C soc1@44.25C VDD_IN 4153mW/4206mW VDD_CPU_GPU_CV 1036mW/1044mW VDD_SOC 1397mW/1400mW
08-09-2026 23:46:45 RAM 3707/7620MB (lfb 2x4MB) SWAP 2/12002MB (cached 0MB) CPU [0%@1510,1%@1510,2%@1510,3%@1510,2%@1510,2%@1510] GR3D_FREQ 0% cpu@46.593C soc2@46C soc0@44.375C gpu@45.875C tj@46.593C soc1@44.375C VDD_IN 4153mW/4205mW VDD_CPU_GPU_CV 1036mW/1044mW VDD_SOC 1397mW/1400mW
08-09-2026 23:46:46 RAM 3707/7620MB (lfb 2x4MB) SWAP 2/12002MB (cached 0MB) CPU [3%@1510,1%@1510,1%@1510,4%@1510,2%@1510,2%@1510] GR3D_FREQ 0% cpu@46.625C soc2@46.093C soc0@44.375C gpu@45.906C tj@46.625C soc1@44.343C VDD_IN 4153mW/4204mW VDD_CPU_GPU_CV 1036mW/1044mW VDD_SOC 1397mW/1400mW
08-09-2026 23:46:47 RAM 3707/7620MB (lfb 2x4MB) SWAP 2/12002MB (cached 0MB) CPU [1%@1510,0%@1510,4%@1510,4%@1510,4%@1510,3%@1510] GR3D_FREQ 0% cpu@46.718C soc2@45.968C soc0@44.406C gpu@45.875C tj@46.718C soc1@44.5C VDD_IN 4193mW/4204mW VDD_CPU_GPU_CV 1036mW/1044mW VDD_SOC 1397mW/1400mW
08-09-2026 23:46:48 RAM 3708/7620MB (lfb 2x4MB) SWAP 2/12002MB (cached 0MB) CPU [3%@1510,2%@1510,2%@1510,3%@1510,2%@1510,2%@1510] GR3D_FREQ 0% cpu@46.75C soc2@45.937C soc0@44.5C gpu@45.968C tj@46.75C soc1@44.187C VDD_IN 4193mW/4204mW VDD_CPU_GPU_CV 1036mW/1044mW VDD_SOC 1397mW/1400mW
08-09-2026 23:46:49 RAM 3708/7620MB (lfb 2x4MB) SWAP 2/12002MB (cached 0MB) CPU [2%@1510,1%@1510,3%@1510,3%@1510,2%@1510,1%@1510] GR3D_FREQ 0% cpu@46.875C soc2@45.968C soc0@44.312C gpu@45.906C tj@46.875C soc1@44.218C VDD_IN 4153mW/4203mW VDD_CPU_GPU_CV 996mW/1043mW VDD_SOC 1397mW/1400mW
08-09-2026 23:46:50 RAM 3708/7620MB (lfb 2x4MB) SWAP 2/12002MB (cached 0MB) CPU [0%@1510,1%@1510,2%@1510,5%@1510,1%@1510,1%@1510] GR3D_FREQ 0% cpu@46.625C soc2@46C soc0@44.312C gpu@45.968C tj@46.625C soc1@44.25C VDD_IN 4153mW/4202mW VDD_CPU_GPU_CV 1036mW/1043mW VDD_SOC 1397mW/1400mW
08-09-2026 23:46:51 RAM 3708/7620MB (lfb 2x4MB) SWAP 2/12002MB (cached 0MB) CPU [2%@1510,1%@1510,2%@1510,3%@1510,2%@1510,1%@1510] GR3D_FREQ 0% cpu@46.593C soc2@45.968C soc0@44.312C gpu@45.875C tj@46.593C soc1@44.281C VDD_IN 4153mW/4201mW VDD_CPU_GPU_CV 1036mW/1043mW VDD_SOC 1397mW/1400mW
08-09-2026 23:46:52 RAM 3709/7620MB (lfb 2x4MB) SWAP 2/12002MB (cached 0MB) CPU [2%@1510,2%@1510,3%@1510,4%@1510,2%@1510,5%@1510] GR3D_FREQ 0% cpu@46.531C soc2@46C soc0@44.375C gpu@45.968C tj@46.718C soc1@44.5C VDD_IN 4193mW/4201mW VDD_CPU_GPU_CV 1036mW/1043mW VDD_SOC 1397mW/1399mW
08-09-2026 23:46:53 RAM 3709/7620MB (lfb 2x4MB) SWAP 2/12002MB (cached 0MB) CPU [1%@1510,1%@1510,2%@1510,4%@1510,2%@1510,1%@1510] GR3D_FREQ 0% cpu@46.656C soc2@46.093C soc0@44.343C gpu@45.968C tj@46.656C soc1@44.25C VDD_IN 4193mW/4201mW VDD_CPU_GPU_CV 1036mW/1042mW VDD_SOC 1397mW/1399mW
08-09-2026 23:46:54 RAM 3709/7620MB (lfb 2x4MB) SWAP 2/12002MB (cached 0MB) CPU [3%@1510,1%@1510,2%@1510,4%@1510,1%@1510,1%@1510] GR3D_FREQ 0% cpu@46.843C soc2@45.937C soc0@44.375C gpu@46.093C tj@46.843C soc1@44.218C VDD_IN 4153mW/4200mW VDD_CPU_GPU_CV 996mW/1042mW VDD_SOC 1397mW/1399mW
08-09-2026 23:46:55 RAM 3709/7620MB (lfb 2x4MB) SWAP 2/12002MB (cached 0MB) CPU [2%@1510,0%@1510,2%@1510,4%@1510,1%@1510,2%@1510] GR3D_FREQ 0% cpu@46.687C soc2@46.062C soc0@44.25C gpu@46.218C tj@46.687C soc1@44.218C VDD_IN 4153mW/4200mW VDD_CPU_GPU_CV 996mW/1041mW VDD_SOC 1397mW/1399mW
08-09-2026 23:46:56 RAM 3709/7620MB (lfb 2x4MB) SWAP 2/12002MB (cached 0MB) CPU [2%@1510,0%@1510,3%@1510,4%@1510,1%@1510,1%@1510] GR3D_FREQ 0% cpu@46.968C soc2@45.906C soc0@44.281C gpu@46.218C tj@46.718C soc1@44.343C VDD_IN 4153mW/4199mW VDD_CPU_GPU_CV 1036mW/1041mW VDD_SOC 1397mW/1399mW
08-09-2026 23:46:57 RAM 3709/7620MB (lfb 2x4MB) SWAP 2/12002MB (cached 0MB) CPU [2%@1510,0%@1510,3%@1510,5%@1510,5%@1510,2%@1510] GR3D_FREQ 0% cpu@46.656C soc2@46C soc0@44.375C gpu@46.25C tj@46.656C soc1@44.281C VDD_IN 4233mW/4199mW VDD_CPU_GPU_CV 1076mW/1041mW VDD_SOC 1397mW/1399mW
08-09-2026 23:46:58 RAM 3709/7620MB (lfb 2x4MB) SWAP 2/12002MB (cached 0MB) CPU [2%@1510,2%@1510,3%@1510,3%@1510,4%@1510,2%@1510] GR3D_FREQ 0% cpu@46.687C soc2@46.093C soc0@44.343C gpu@46.187C tj@46.687C soc1@44.468C VDD_IN 4233mW/4200mW VDD_CPU_GPU_CV 1036mW/1041mW VDD_SOC 1397mW/1399mW
08-09-2026 23:46:59 RAM 3709/7620MB (lfb 2x4MB) SWAP 2/12002MB (cached 0MB) CPU [1%@1510,2%@1510,1%@1510,3%@1510,0%@1510,2%@1510] GR3D_FREQ 0% cpu@46.937C soc2@45.906C soc0@44.437C gpu@46.218C tj@46.937C soc1@44.312C VDD_IN 4193mW/4200mW VDD_CPU_GPU_CV 1036mW/1041mW VDD_SOC 1397mW/1399mW
08-09-2026 23:47:00 RAM 3709/7620MB (lfb 2x4MB) SWAP 2/12002MB (cached 0MB) CPU [1%@1510,2%@1510,2%@1510,3%@1510,1%@1510,4%@1510] GR3D_FREQ 0% cpu@46.75C soc2@46.093C soc0@44.5C gpu@46.312C tj@46.75C soc1@44.187C VDD_IN 4153mW/4199mW VDD_CPU_GPU_CV 1036mW/1041mW VDD_SOC 1397mW/1399mW
08-09-2026 23:47:01 RAM 3709/7620MB (lfb 2x4MB) SWAP 2/12002MB (cached 0MB) CPU [1%@1510,2%@1510,2%@1510,3%@1510,2%@1510,1%@1510] GR3D_FREQ 0% cpu@47.031C soc2@45.968C soc0@44.218C gpu@46.312C tj@47.031C soc1@44.25C VDD_IN 4153mW/4198mW VDD_CPU_GPU_CV 1036mW/1041mW VDD_SOC 1397mW/1399mW
08-09-2026 23:47:02 RAM 3709/7620MB (lfb 2x4MB) SWAP 2/12002MB (cached 0MB) CPU [1%@1510,2%@1510,3%@1510,4%@1510,4%@1510,1%@1510] GR3D_FREQ 0% cpu@46.625C soc2@46C soc0@44.375C gpu@46.281C tj@46.625C soc1@44.343C VDD_IN 4193mW/4198mW VDD_CPU_GPU_CV 1036mW/1041mW VDD_SOC 1397mW/1399mW
08-09-2026 23:47:03 RAM 3709/7620MB (lfb 2x4MB) SWAP 2/12002MB (cached 0MB) CPU [2%@1510,1%@1510,2%@1510,5%@1510,1%@1510,1%@1510] GR3D_FREQ 0% cpu@46.718C soc2@46.093C soc0@44.343C gpu@46.343C tj@46.718C soc1@44.343C VDD_IN 4193mW/4198mW VDD_CPU_GPU_CV 1036mW/1041mW VDD_SOC 1397mW/1399mW
08-09-2026 23:47:04 RAM 3709/7620MB (lfb 2x4MB) SWAP 2/12002MB (cached 0MB) CPU [1%@1510,2%@1510,1%@1510,3%@1510,4%@1510,1%@1510] GR3D_FREQ 0% cpu@46.875C soc2@46C soc0@44.5C gpu@46C tj@46.906C soc1@44.218C VDD_IN 4153mW/4198mW VDD_CPU_GPU_CV 1036mW/1041mW VDD_SOC 1397mW/1399mW
08-09-2026 23:47:05 RAM 3709/7620MB (lfb 2x4MB) SWAP 2/12002MB (cached 0MB) CPU [1%@1510,3%@1510,3%@1510,3%@1510,3%@1510,0%@1510] GR3D_FREQ 0% cpu@46.718C soc2@45.968C soc0@44.5C gpu@45.968C tj@46.718C soc1@44.281C VDD_IN 4153mW/4197mW VDD_CPU_GPU_CV 1036mW/1041mW VDD_SOC 1397mW/1399mW
08-09-2026 23:47:06 RAM 3709/7620MB (lfb 2x4MB) SWAP 2/12002MB (cached 0MB) CPU [1%@1510,1%@1510,1%@1510,3%@1510,2%@1510,1%@1510] GR3D_FREQ 0% cpu@46.937C soc2@45.906C soc0@44.281C gpu@46.062C tj@46.937C soc1@44.312C VDD_IN 4153mW/4197mW VDD_CPU_GPU_CV 1036mW/1041mW VDD_SOC 1397mW/1399mW
08-09-2026 23:47:07 RAM 3709/7620MB (lfb 2x4MB) SWAP 2/12002MB (cached 0MB) CPU [2%@1510,2%@1510,2%@1510,4%@1510,4%@1510,3%@1510] GR3D_FREQ 0% cpu@46.625C soc2@46.062C soc0@44.312C gpu@46.062C tj@46.625C soc1@44.218C VDD_IN 4193mW/4197mW VDD_CPU_GPU_CV 1036mW/1041mW VDD_SOC 1397mW/1399mW
08-09-2026 23:47:08 RAM 3709/7620MB (lfb 2x4MB) SWAP 2/12002MB (cached 0MB) CPU [2%@1510,0%@1510,2%@1510,4%@1510,1%@1510,2%@1510] GR3D_FREQ 0% cpu@46.625C soc2@46C soc0@44.375C gpu@46.062C tj@46.625C soc1@44.375C VDD_IN 4193mW/4197mW VDD_CPU_GPU_CV 1036mW/1041mW VDD_SOC 1397mW/1399mW
08-09-2026 23:47:09 RAM 3709/7620MB (lfb 2x4MB) SWAP 2/12002MB (cached 0MB) CPU [1%@1510,1%@1510,2%@1510,4%@1510,3%@1510,2%@1510] GR3D_FREQ 0% cpu@46.656C soc2@46C soc0@44.375C gpu@46.031C tj@46.843C soc1@44.218C VDD_IN 4153mW/4196mW VDD_CPU_GPU_CV 1036mW/1041mW VDD_SOC 1397mW/1399mW
08-09-2026 23:47:10 RAM 3709/7620MB (lfb 2x4MB) SWAP 2/12002MB (cached 0MB) CPU [1%@1510,1%@1510,4%@1510,4%@1510,2%@1510,2%@1510] GR3D_FREQ 0% cpu@46.75C soc2@46.031C soc0@44.468C gpu@46.125C tj@46.75C soc1@44.187C VDD_IN 4153mW/4195mW VDD_CPU_GPU_CV 1036mW/1041mW VDD_SOC 1397mW/1399mW
08-09-2026 23:47:11 RAM 3709/7620MB (lfb 2x4MB) SWAP 2/12002MB (cached 0MB) CPU [3%@1510,1%@1510,2%@1510,3%@1510,2%@1510,2%@1510] GR3D_FREQ 0% cpu@47.062C soc2@46C soc0@44.343C gpu@46.062C tj@47.062C soc1@44.187C VDD_IN 4153mW/4195mW VDD_CPU_GPU_CV 996mW/1040mW VDD_SOC 1397mW/1399mW
08-09-2026 23:47:12 RAM 3709/7620MB (lfb 2x4MB) SWAP 2/12002MB (cached 0MB) CPU [2%@1510,3%@1510,3%@1510,3%@1510,3%@1510,4%@1510] GR3D_FREQ 0% cpu@46.562C soc2@45.937C soc0@44.281C gpu@46.156C tj@46.562C soc1@44.281C VDD_IN 4193mW/4195mW VDD_CPU_GPU_CV 1036mW/1040mW VDD_SOC 1397mW/1399mW
08-09-2026 23:47:13 RAM 3709/7620MB (lfb 2x4MB) SWAP 2/12002MB (cached 0MB) CPU [2%@1510,1%@1510,2%@1510,3%@1510,2%@1510,2%@1510] GR3D_FREQ 0% cpu@46.718C soc2@46C soc0@44.406C gpu@46.156C tj@46.718C soc1@44.312C VDD_IN 4193mW/4195mW VDD_CPU_GPU_CV 1036mW/1040mW VDD_SOC 1397mW/1399mW
08-09-2026 23:47:14 RAM 3709/7620MB (lfb 2x4MB) SWAP 2/12002MB (cached 0MB) CPU [2%@1510,1%@1510,1%@1510,4%@1510,0%@1510,0%@1510] GR3D_FREQ 0% cpu@46.625C soc2@46.093C soc0@44.375C gpu@45.875C tj@46.625C soc1@44.375C VDD_IN 4153mW/4194mW VDD_CPU_GPU_CV 996mW/1039mW VDD_SOC 1397mW/1399mW
08-09-2026 23:47:15 RAM 3709/7620MB (lfb 2x4MB) SWAP 2/12002MB (cached 0MB) CPU [1%@1510,0%@1510,3%@1510,2%@1510,2%@1510,1%@1510] GR3D_FREQ 0% cpu@46.812C soc2@46C soc0@44.406C gpu@45.875C tj@46.812C soc1@44.218C VDD_IN 4153mW/4194mW VDD_CPU_GPU_CV 996mW/1039mW VDD_SOC 1397mW/1399mW
08-09-2026 23:47:16 RAM 3709/7620MB (lfb 2x4MB) SWAP 2/12002MB (cached 0MB) CPU [2%@1510,1%@1510,2%@1510,3%@1510,1%@1510,3%@1510] GR3D_FREQ 0% cpu@46.906C soc2@46C soc0@44.437C gpu@46C tj@46.906C soc1@44.281C VDD_IN 4153mW/4193mW VDD_CPU_GPU_CV 996mW/1038mW VDD_SOC 1397mW/1399mW
08-09-2026 23:47:17 RAM 3710/7620MB (lfb 2x4MB) SWAP 2/12002MB (cached 0MB) CPU [2%@1510,2%@1510,4%@1510,4%@1510,1%@1510,2%@1510] GR3D_FREQ 0% cpu@46.843C soc2@46.062C soc0@44.25C gpu@46C tj@46.625C soc1@44.25C VDD_IN 4193mW/4193mW VDD_CPU_GPU_CV 1036mW/1038mW VDD_SOC 1397mW/1399mW
08-09-2026 23:47:18 RAM 3710/7620MB (lfb 2x4MB) SWAP 2/12002MB (cached 0MB) CPU [2%@1510,2%@1510,2%@1510,5%@1510,3%@1510,2%@1510] GR3D_FREQ 0% cpu@46.718C soc2@46.031C soc0@44.343C gpu@45.968C tj@46.718C soc1@44.343C VDD_IN 4153mW/4193mW VDD_CPU_GPU_CV 1036mW/1038mW VDD_SOC 1397mW/1399mW
08-09-2026 23:47:19 RAM 3710/7620MB (lfb 2x4MB) SWAP 2/12002MB (cached 0MB) CPU [2%@1510,2%@1510,0%@1510,4%@1510,1%@1510,1%@1510] GR3D_FREQ 0% cpu@46.625C soc2@46.031C soc0@44.406C gpu@45.937C tj@46.625C soc1@44.406C VDD_IN 4153mW/4193mW VDD_CPU_GPU_CV 1036mW/1038mW VDD_SOC 1397mW/1399mW
08-09-2026 23:47:20 RAM 3710/7620MB (lfb 2x4MB) SWAP 2/12002MB (cached 0MB) CPU [2%@1510,1%@1510,1%@1510,5%@1510,3%@1510,2%@1510] GR3D_FREQ 0% cpu@46.75C soc2@46C soc0@44.437C gpu@46.031C tj@46.75C soc1@44.25C VDD_IN 4153mW/4192mW VDD_CPU_GPU_CV 1036mW/1038mW VDD_SOC 1397mW/1399mW
08-09-2026 23:47:21 RAM 3710/7620MB (lfb 2x4MB) SWAP 2/12002MB (cached 0MB) CPU [2%@1510,2%@1510,3%@1510,4%@1510,1%@1510,0%@1510] GR3D_FREQ 0% cpu@46.937C soc2@46C soc0@44.437C gpu@45.937C tj@46.937C soc1@44.25C VDD_IN 4193mW/4192mW VDD_CPU_GPU_CV 1036mW/1038mW VDD_SOC 1397mW/1399mW
08-09-2026 23:47:22 RAM 3710/7620MB (lfb 2x4MB) SWAP 2/12002MB (cached 0MB) CPU [1%@1510,1%@1510,2%@1510,3%@1510,3%@1510,4%@1510] GR3D_FREQ 0% cpu@46.812C soc2@45.968C soc0@44.312C gpu@46.031C tj@46.812C soc1@44.25C VDD_IN 4193mW/4192mW VDD_CPU_GPU_CV 1036mW/1038mW VDD_SOC 1397mW/1399mW
08-09-2026 23:47:23 RAM 3710/7620MB (lfb 2x4MB) SWAP 2/12002MB (cached 0MB) CPU [2%@1510,1%@1510,1%@1510,3%@1510,4%@1510,3%@1510] GR3D_FREQ 0% cpu@46.625C soc2@46.031C soc0@44.312C gpu@46.281C tj@46.625C soc1@44.406C VDD_IN 4193mW/4192mW VDD_CPU_GPU_CV 1036mW/1038mW VDD_SOC 1397mW/1399mW
08-09-2026 23:47:24 RAM 3710/7620MB (lfb 2x4MB) SWAP 2/12002MB (cached 0MB) CPU [2%@1510,1%@1510,0%@1510,0%@1510,4%@1510,2%@1510] GR3D_FREQ 0% cpu@46.687C soc2@46.031C soc0@44.343C gpu@46.312C tj@46.687C soc1@44.406C VDD_IN 4153mW/4192mW VDD_CPU_GPU_CV 1036mW/1038mW VDD_SOC 1397mW/1398mW
08-09-2026 23:47:25 RAM 3710/7620MB (lfb 2x4MB) SWAP 2/12002MB (cached 0MB) CPU [1%@1510,1%@1510,0%@1510,1%@1510,4%@1510,2%@1510] GR3D_FREQ 0% cpu@46.718C soc2@46.093C soc0@44.406C gpu@46.281C tj@46.718C soc1@44.531C VDD_IN 4153mW/4191mW VDD_CPU_GPU_CV 996mW/1038mW VDD_SOC 1397mW/1398mW
08-09-2026 23:47:26 RAM 3710/7620MB (lfb 2x4MB) SWAP 2/12002MB (cached 0MB) CPU [4%@1510,1%@1510,2%@1510,0%@1510,3%@1510,2%@1510] GR3D_FREQ 0% cpu@47C soc2@45.968C soc0@44.406C gpu@46.343C tj@47C soc1@44.25C VDD_IN 4153mW/4191mW VDD_CPU_GPU_CV 1036mW/1038mW VDD_SOC 1397mW/1398mW
08-09-2026 23:47:27 RAM 3710/7620MB (lfb 2x4MB) SWAP 2/12002MB (cached 0MB) CPU [2%@1510,2%@1510,2%@1510,2%@1510,4%@1510,2%@1510] GR3D_FREQ 0% cpu@46.687C soc2@45.968C soc0@44.312C gpu@46.437C tj@46.687C soc1@44.218C VDD_IN 4193mW/4191mW VDD_CPU_GPU_CV 1036mW/1038mW VDD_SOC 1397mW/1398mW
08-09-2026 23:47:28 RAM 3710/7620MB (lfb 2x4MB) SWAP 2/12002MB (cached 0MB) CPU [4%@1510,3%@1510,2%@1510,1%@1510,3%@1510,1%@1510] GR3D_FREQ 0% cpu@46.531C soc2@45.968C soc0@44.343C gpu@46.5C tj@46.531C soc1@44.343C VDD_IN 4193mW/4191mW VDD_CPU_GPU_CV 1036mW/1038mW VDD_SOC 1397mW/1398mW
08-09-2026 23:47:29 RAM 3710/7620MB (lfb 2x4MB) SWAP 2/12002MB (cached 0MB) CPU [2%@1510,3%@1510,2%@1510,2%@1510,5%@1510,0%@1510] GR3D_FREQ 0% cpu@46.625C soc2@46.093C soc0@44.375C gpu@45.875C tj@46.625C soc1@44.343C VDD_IN 4153mW/4191mW VDD_CPU_GPU_CV 1036mW/1038mW VDD_SOC 1397mW/1398mW
08-09-2026 23:47:30 RAM 3710/7620MB (lfb 2x4MB) SWAP 2/12002MB (cached 0MB) CPU [0%@1510,2%@1510,2%@1510,1%@1510,3%@1510,1%@1510] GR3D_FREQ 0% cpu@46.687C soc2@46.156C soc0@44.343C gpu@45.875C tj@46.687C soc1@44.5C VDD_IN 4153mW/4190mW VDD_CPU_GPU_CV 1036mW/1038mW VDD_SOC 1397mW/1398mW
08-09-2026 23:47:31 RAM 3710/7620MB (lfb 2x4MB) SWAP 2/12002MB (cached 0MB) CPU [3%@1510,2%@1510,1%@1510,1%@1510,3%@1510,0%@1510] GR3D_FREQ 0% cpu@46.875C soc2@45.968C soc0@44.375C gpu@46.093C tj@46.875C soc1@44.156C VDD_IN 4153mW/4190mW VDD_CPU_GPU_CV 996mW/1037mW VDD_SOC 1397mW/1398mW
08-09-2026 23:47:32 RAM 3710/7620MB (lfb 2x4MB) SWAP 2/12002MB (cached 0MB) CPU [3%@1510,2%@1510,1%@1510,3%@1510,6%@1510,3%@1510] GR3D_FREQ 0% cpu@46.875C soc2@45.968C soc0@44.343C gpu@46.093C tj@46.875C soc1@44.312C VDD_IN 4193mW/4190mW VDD_CPU_GPU_CV 1036mW/1037mW VDD_SOC 1397mW/1398mW
08-09-2026 23:47:33 RAM 3708/7620MB (lfb 1x4MB) SWAP 2/12002MB (cached 0MB) CPU [1%@1510,1%@1510,1%@1510,1%@1510,4%@1510,3%@1510] GR3D_FREQ 0% cpu@46.562C soc2@45.937C soc0@44.281C gpu@46.156C tj@46.562C soc1@44.343C VDD_IN 4193mW/4190mW VDD_CPU_GPU_CV 1036mW/1037mW VDD_SOC 1397mW/1398mW
08-09-2026 23:47:34 RAM 3708/7620MB (lfb 1x4MB) SWAP 2/12002MB (cached 0MB) CPU [3%@1510,3%@1510,2%@1510,1%@1510,2%@1510,3%@1510] GR3D_FREQ 0% cpu@46.625C soc2@45.968C soc0@44.375C gpu@46.125C tj@46.625C soc1@44.343C VDD_IN 4153mW/4190mW VDD_CPU_GPU_CV 1036mW/1037mW VDD_SOC 1397mW/1398mW
08-09-2026 23:47:35 RAM 3708/7620MB (lfb 1x4MB) SWAP 2/12002MB (cached 0MB) CPU [2%@1510,2%@1510,0%@1510,0%@1510,4%@1510,2%@1510] GR3D_FREQ 0% cpu@46.687C soc2@46.062C soc0@44.343C gpu@46.125C tj@46.75C soc1@44.468C VDD_IN 4153mW/4189mW VDD_CPU_GPU_CV 1036mW/1037mW VDD_SOC 1397mW/1398mW
08-09-2026 23:47:36 RAM 3708/7620MB (lfb 1x4MB) SWAP 2/12002MB (cached 0MB) CPU [2%@1510,3%@1510,1%@1510,3%@1510,3%@1510,1%@1510] GR3D_FREQ 0% cpu@46.625C soc2@46C soc0@44.437C gpu@46.093C tj@46.875C soc1@44.25C VDD_IN 4153mW/4189mW VDD_CPU_GPU_CV 1036mW/1037mW VDD_SOC 1397mW/1398mW
08-09-2026 23:47:37 RAM 3708/7620MB (lfb 1x4MB) SWAP 2/12002MB (cached 0MB) CPU [1%@1510,0%@1510,3%@1510,3%@1510,4%@1510,4%@1510] GR3D_FREQ 0% cpu@46.812C soc2@46.031C soc0@44.437C gpu@46.25C tj@46.812C soc1@44.281C VDD_IN 4153mW/4189mW VDD_CPU_GPU_CV 1036mW/1037mW VDD_SOC 1397mW/1398mW
08-09-2026 23:47:38 RAM 3708/7620MB (lfb 1x4MB) SWAP 2/12002MB (cached 0MB) CPU [2%@1510,1%@1510,2%@1510,3%@1510,4%@1510,0%@1510] GR3D_FREQ 0% cpu@46.593C soc2@45.968C soc0@44.343C gpu@46.281C tj@46.593C soc1@44.218C VDD_IN 4153mW/4188mW VDD_CPU_GPU_CV 1036mW/1037mW VDD_SOC 1397mW/1398mW
08-09-2026 23:47:39 RAM 3708/7620MB (lfb 1x4MB) SWAP 2/12002MB (cached 0MB) CPU [2%@1510,3%@1510,2%@1510,3%@1510,5%@1510,47%@1510] GR3D_FREQ 0% cpu@46.812C soc2@46.062C soc0@44.312C gpu@46.312C tj@46.812C soc1@44.375C VDD_IN 4729mW/4193mW VDD_CPU_GPU_CV 1388mW/1040mW VDD_SOC 1430mW/1399mW
08-09-2026 23:47:41 RAM 3708/7620MB (lfb 1x4MB) SWAP 2/12002MB (cached 0MB) CPU [3%@1510,2%@1510,1%@1510,0%@1510,4%@1510,1%@1510] GR3D_FREQ 0% cpu@46.687C soc2@46.125C soc0@44.375C gpu@46.281C tj@46.687C soc1@44.375C VDD_IN 4193mW/4193mW VDD_CPU_GPU_CV 1036mW/1040mW VDD_SOC 1397mW/1399mW
08-09-2026 23:47:42 RAM 3708/7620MB (lfb 1x4MB) SWAP 2/12002MB (cached 0MB) CPU [5%@1510,2%@1510,1%@1510,1%@1510,6%@1510,0%@1510] GR3D_FREQ 0% cpu@46.75C soc2@46.031C soc0@44.375C gpu@46.031C tj@46.75C soc1@44.343C VDD_IN 4153mW/4193mW VDD_CPU_GPU_CV 1036mW/1040mW VDD_SOC 1397mW/1398mW
08-09-2026 23:47:43 RAM 3709/7620MB (lfb 1x4MB) SWAP 2/12002MB (cached 0MB) CPU [2%@1510,1%@1510,2%@1510,4%@1510,5%@1510,2%@1510] GR3D_FREQ 0% cpu@46.781C soc2@46C soc0@44.5C gpu@45.906C tj@46.781C soc1@44.25C VDD_IN 4193mW/4193mW VDD_CPU_GPU_CV 1036mW/1040mW VDD_SOC 1397mW/1398mW
08-09-2026 23:47:44 RAM 3709/7620MB (lfb 1x4MB) SWAP 2/12002MB (cached 0MB) CPU [1%@1510,1%@1510,2%@1510,2%@1510,3%@1510,2%@1510] GR3D_FREQ 0% cpu@46.687C soc2@46.062C soc0@44.343C gpu@46.062C tj@46.687C soc1@44.312C VDD_IN 4193mW/4193mW VDD_CPU_GPU_CV 1036mW/1040mW VDD_SOC 1397mW/1398mW
08-09-2026 23:47:45 RAM 3709/7620MB (lfb 1x4MB) SWAP 2/12002MB (cached 0MB) CPU [2%@1510,1%@1510,1%@1510,2%@1510,3%@1510,1%@1510] GR3D_FREQ 0% cpu@46.75C soc2@46.062C soc0@44.375C gpu@46C tj@46.75C soc1@44.375C VDD_IN 4273mW/4193mW VDD_CPU_GPU_CV 1036mW/1040mW VDD_SOC 1397mW/1398mW
08-09-2026 23:47:46 RAM 3709/7620MB (lfb 1x4MB) SWAP 2/12002MB (cached 0MB) CPU [4%@1510,2%@1510,1%@1510,2%@1510,4%@1510,1%@1510] GR3D_FREQ 0% cpu@46.718C soc2@46.062C soc0@44.406C gpu@46C tj@46.718C soc1@44.375C VDD_IN 4193mW/4193mW VDD_CPU_GPU_CV 1036mW/1040mW VDD_SOC 1397mW/1398mW
08-09-2026 23:47:47 RAM 3709/7620MB (lfb 1x4MB) SWAP 2/12002MB (cached 0MB) CPU [2%@1510,2%@1510,1%@1510,0%@1510,3%@1510,1%@1510] GR3D_FREQ 0% cpu@46.687C soc2@46.093C soc0@44.437C gpu@46.093C tj@46.906C soc1@44.187C VDD_IN 4193mW/4193mW VDD_CPU_GPU_CV 1036mW/1040mW VDD_SOC 1397mW/1398mW
08-09-2026 23:47:48 RAM 3708/7620MB (lfb 1x4MB) SWAP 2/12002MB (cached 0MB) CPU [5%@1510,1%@1510,3%@1510,4%@1510,6%@1510,4%@1510] GR3D_FREQ 0% cpu@46.843C soc2@45.968C soc0@44.468C gpu@46.375C tj@46.843C soc1@44.25C VDD_IN 4193mW/4193mW VDD_CPU_GPU_CV 1036mW/1040mW VDD_SOC 1397mW/1398mW
08-09-2026 23:47:49 RAM 3708/7620MB (lfb 1x4MB) SWAP 2/12002MB (cached 0MB) CPU [2%@1510,1%@1510,3%@1510,2%@1510,4%@1510,1%@1510] GR3D_FREQ 0% cpu@46.625C soc2@46C soc0@44.312C gpu@46.375C tj@46.625C soc1@44.281C VDD_IN 4193mW/4193mW VDD_CPU_GPU_CV 1036mW/1040mW VDD_SOC 1397mW/1398mW
08-09-2026 23:47:50 RAM 3708/7620MB (lfb 1x4MB) SWAP 2/12002MB (cached 0MB) CPU [3%@1510,0%@1510,0%@1510,1%@1510,4%@1510,2%@1510] GR3D_FREQ 0% cpu@46.718C soc2@45.968C soc0@44.375C gpu@46.406C tj@46.718C soc1@44.375C VDD_IN 4233mW/4194mW VDD_CPU_GPU_CV 1036mW/1040mW VDD_SOC 1397mW/1398mW
08-09-2026 23:47:51 RAM 3708/7620MB (lfb 1x4MB) SWAP 2/12002MB (cached 0MB) CPU [5%@1510,1%@1510,1%@1510,2%@1510,4%@1510,0%@1510] GR3D_FREQ 0% cpu@46.812C soc2@46C soc0@44.343C gpu@46.375C tj@46.812C soc1@44.375C VDD_IN 4193mW/4194mW VDD_CPU_GPU_CV 1036mW/1040mW VDD_SOC 1397mW/1398mW
08-09-2026 23:47:52 RAM 3708/7620MB (lfb 1x4MB) SWAP 2/12002MB (cached 0MB) CPU [2%@1510,1%@1510,1%@1510,0%@1510,4%@1510,3%@1510] GR3D_FREQ 0% cpu@46.656C soc2@46.031C soc0@44.406C gpu@46.468C tj@46.656C soc1@44.437C VDD_IN 4153mW/4193mW VDD_CPU_GPU_CV 1036mW/1040mW VDD_SOC 1397mW/1398mW
08-09-2026 23:47:53 RAM 3709/7620MB (lfb 1x4MB) SWAP 2/12002MB (cached 0MB) CPU [2%@1510,2%@1510,3%@1510,6%@1510,12%@1510,3%@1510] GR3D_FREQ 0% cpu@46.781C soc2@46C soc0@44.406C gpu@45.875C tj@46.781C soc1@44.25C VDD_IN 4313mW/4194mW VDD_CPU_GPU_CV 1074mW/1040mW VDD_SOC 1395mW/1398mW
08-09-2026 23:47:54 RAM 3710/7620MB (lfb 1x4MB) SWAP 2/12002MB (cached 0MB) CPU [2%@1510,2%@1510,2%@1510,6%@1510,3%@1510,3%@1510] GR3D_FREQ 0% cpu@47.031C soc2@45.937C soc0@44.468C gpu@45.906C tj@47.031C soc1@44.312C VDD_IN 4193mW/4194mW VDD_CPU_GPU_CV 1036mW/1040mW VDD_SOC 1397mW/1398mW
08-09-2026 23:47:55 RAM 3710/7620MB (lfb 1x4MB) SWAP 2/12002MB (cached 0MB) CPU [2%@1510,1%@1510,1%@1510,4%@1510,2%@1510,3%@1510] GR3D_FREQ 0% cpu@46.718C soc2@45.968C soc0@44.312C gpu@45.968C tj@46.718C soc1@44.375C VDD_IN 4193mW/4194mW VDD_CPU_GPU_CV 1036mW/1040mW VDD_SOC 1397mW/1398mW
08-09-2026 23:47:56 RAM 3710/7620MB (lfb 1x4MB) SWAP 2/12002MB (cached 0MB) CPU [1%@1510,2%@1510,1%@1510,3%@1510,1%@1510,3%@1510] GR3D_FREQ 0% cpu@46.593C soc2@45.968C soc0@44.343C gpu@45.875C tj@46.593C soc1@44.281C VDD_IN 4153mW/4194mW VDD_CPU_GPU_CV 1036mW/1040mW VDD_SOC 1397mW/1398mW
08-09-2026 23:47:57 RAM 3710/7620MB (lfb 1x4MB) SWAP 2/12002MB (cached 0MB) CPU [1%@1510,2%@1510,1%@1510,3%@1510,2%@1510,2%@1510] GR3D_FREQ 0% cpu@46.687C soc2@46.062C soc0@44.375C gpu@45.906C tj@46.687C soc1@44.375C VDD_IN 4153mW/4194mW VDD_CPU_GPU_CV 1036mW/1040mW VDD_SOC 1397mW/1398mW
08-09-2026 23:47:58 RAM 3710/7620MB (lfb 1x4MB) SWAP 2/12002MB (cached 0MB) CPU [2%@1510,2%@1510,2%@1510,6%@1510,4%@1510,2%@1510] GR3D_FREQ 0% cpu@46.75C soc2@46.156C soc0@44.375C gpu@46.187C tj@46.75C soc1@44.187C VDD_IN 4193mW/4194mW VDD_CPU_GPU_CV 1036mW/1040mW VDD_SOC 1397mW/1398mW
08-09-2026 23:47:59 RAM 3710/7620MB (lfb 1x4MB) SWAP 2/12002MB (cached 0MB) CPU [1%@1510,2%@1510,1%@1510,4%@1510,3%@1510,2%@1510] GR3D_FREQ 0% cpu@46.968C soc2@46C soc0@44.437C gpu@46.187C tj@46.968C soc1@44.187C VDD_IN 4193mW/4194mW VDD_CPU_GPU_CV 1036mW/1040mW VDD_SOC 1397mW/1398mW
08-09-2026 23:48:00 RAM 3710/7620MB (lfb 1x4MB) SWAP 2/12002MB (cached 0MB) CPU [1%@1510,2%@1510,2%@1510,5%@1510,2%@1510,1%@1510] GR3D_FREQ 0% cpu@46.812C soc2@46C soc0@44.218C gpu@46.156C tj@46.812C soc1@44.281C VDD_IN 4193mW/4194mW VDD_CPU_GPU_CV 1036mW/1040mW VDD_SOC 1397mW/1398mW
08-09-2026 23:48:01 RAM 3710/7620MB (lfb 1x4MB) SWAP 2/12002MB (cached 0MB) CPU [1%@1510,2%@1510,0%@1510,4%@1510,4%@1510,2%@1510] GR3D_FREQ 0% cpu@46.562C soc2@46.031C soc0@44.375C gpu@46.187C tj@46.562C soc1@44.343C VDD_IN 4153mW/4193mW VDD_CPU_GPU_CV 1036mW/1040mW VDD_SOC 1397mW/1398mW
08-09-2026 23:48:02 RAM 3710/7620MB (lfb 1x4MB) SWAP 2/12002MB (cached 0MB) CPU [1%@1510,2%@1510,1%@1510,3%@1510,1%@1510,1%@1510] GR3D_FREQ 0% cpu@46.593C soc2@46.031C soc0@44.375C gpu@46.281C tj@46.593C soc1@44.312C VDD_IN 4153mW/4193mW VDD_CPU_GPU_CV 996mW/1039mW VDD_SOC 1397mW/1398mW
08-09-2026 23:48:03 RAM 3710/7620MB (lfb 1x4MB) SWAP 2/12002MB (cached 0MB) CPU [1%@1510,3%@1510,3%@1510,5%@1510,4%@1510,3%@1510] GR3D_FREQ 0% cpu@46.718C soc2@46.093C soc0@44.375C gpu@46.187C tj@46.718C soc1@44.281C VDD_IN 4193mW/4193mW VDD_CPU_GPU_CV 1036mW/1039mW VDD_SOC 1397mW/1398mW
08-09-2026 23:48:04 RAM 3710/7620MB (lfb 1x4MB) SWAP 2/12002MB (cached 0MB) CPU [2%@1510,2%@1510,1%@1510,4%@1510,4%@1510,3%@1510] GR3D_FREQ 0% cpu@46.687C soc2@45.937C soc0@44.406C gpu@46.25C tj@47.062C soc1@44.187C VDD_IN 4153mW/4193mW VDD_CPU_GPU_CV 1036mW/1039mW VDD_SOC 1397mW/1398mW
08-09-2026 23:48:05 RAM 3710/7620MB (lfb 1x4MB) SWAP 2/12002MB (cached 0MB) CPU [3%@1510,1%@1510,1%@1510,4%@1510,2%@1510,1%@1510] GR3D_FREQ 0% cpu@46.843C soc2@45.968C soc0@44.468C gpu@46.218C tj@46.843C soc1@44.187C VDD_IN 4153mW/4192mW VDD_CPU_GPU_CV 1036mW/1039mW VDD_SOC 1397mW/1398mW
08-09-2026 23:48:06 RAM 3710/7620MB (lfb 1x4MB) SWAP 2/12002MB (cached 0MB) CPU [3%@1510,1%@1510,2%@1510,3%@1510,3%@1510,1%@1510] GR3D_FREQ 0% cpu@46.656C soc2@45.906C soc0@44.312C gpu@46.25C tj@46.656C soc1@44.218C VDD_IN 4153mW/4192mW VDD_CPU_GPU_CV 1036mW/1039mW VDD_SOC 1397mW/1398mW
08-09-2026 23:48:07 RAM 3710/7620MB (lfb 1x4MB) SWAP 2/12002MB (cached 0MB) CPU [2%@1510,1%@1510,2%@1510,1%@1510,5%@1510,1%@1510] GR3D_FREQ 0% cpu@46.687C soc2@46.031C soc0@44.375C gpu@46.281C tj@46.687C soc1@44.312C VDD_IN 4153mW/4192mW VDD_CPU_GPU_CV 1036mW/1039mW VDD_SOC 1397mW/1398mW
08-09-2026 23:48:08 RAM 3710/7620MB (lfb 1x4MB) SWAP 2/12002MB (cached 0MB) CPU [2%@1510,2%@1510,2%@1510,4%@1510,4%@1510,4%@1510] GR3D_FREQ 0% cpu@46.75C soc2@46C soc0@44.375C gpu@46.281C tj@46.75C soc1@44.343C VDD_IN 4193mW/4192mW VDD_CPU_GPU_CV 1036mW/1039mW VDD_SOC 1397mW/1398mW
08-09-2026 23:48:09 RAM 3711/7620MB (lfb 1x4MB) SWAP 2/12002MB (cached 0MB) CPU [1%@1510,3%@1510,0%@1510,2%@1510,4%@1510,4%@1510] GR3D_FREQ 0% cpu@46.625C soc2@45.968C soc0@44.406C gpu@46.343C tj@46.625C soc1@44.437C VDD_IN 4193mW/4192mW VDD_CPU_GPU_CV 1036mW/1039mW VDD_SOC 1397mW/1398mW
08-09-2026 23:48:10 RAM 3711/7620MB (lfb 1x4MB) SWAP 2/12002MB (cached 0MB) CPU [1%@1510,2%@1510,3%@1510,1%@1510,4%@1510,4%@1510] GR3D_FREQ 0% cpu@46.812C soc2@45.906C soc0@44.437C gpu@45.968C tj@46.812C soc1@44.187C VDD_IN 4233mW/4192mW VDD_CPU_GPU_CV 1036mW/1039mW VDD_SOC 1397mW/1398mW
08-09-2026 23:48:11 RAM 3711/7620MB (lfb 1x4MB) SWAP 2/12002MB (cached 0MB) CPU [2%@1510,2%@1510,2%@1510,2%@1510,1%@1510,3%@1510] GR3D_FREQ 0% cpu@46.562C soc2@45.937C soc0@44.281C gpu@46.062C tj@46.562C soc1@44.218C VDD_IN 4153mW/4192mW VDD_CPU_GPU_CV 1036mW/1039mW VDD_SOC 1397mW/1398mW
08-09-2026 23:48:12 RAM 3711/7620MB (lfb 1x4MB) SWAP 2/12002MB (cached 0MB) CPU [3%@1510,2%@1510,1%@1510,3%@1510,1%@1510,13%@1510] GR3D_FREQ 0% cpu@46.843C soc2@45.968C soc0@44.343C gpu@46.031C tj@46.625C soc1@44.375C VDD_IN 4193mW/4192mW VDD_CPU_GPU_CV 1036mW/1039mW VDD_SOC 1397mW/1398mW
08-09-2026 23:48:13 RAM 3712/7620MB (lfb 1x4MB) SWAP 2/12002MB (cached 0MB) CPU [2%@1510,3%@1510,3%@1510,6%@1510,3%@1510,4%@1510] GR3D_FREQ 0% cpu@46.562C soc2@46.093C soc0@44.312C gpu@46.093C tj@46.625C soc1@44.375C VDD_IN 4193mW/4192mW VDD_CPU_GPU_CV 1036mW/1039mW VDD_SOC 1397mW/1398mW
08-09-2026 23:48:14 RAM 3712/7620MB (lfb 1x4MB) SWAP 2/12002MB (cached 0MB) CPU [2%@1510,2%@1510,1%@1510,5%@1510,1%@1510,3%@1510] GR3D_FREQ 0% cpu@46.625C soc2@46.062C soc0@44.281C gpu@46.031C tj@46.625C soc1@44.406C VDD_IN 4153mW/4192mW VDD_CPU_GPU_CV 1036mW/1039mW VDD_SOC 1397mW/1398mW
08-09-2026 23:48:15 RAM 3712/7620MB (lfb 1x4MB) SWAP 2/12002MB (cached 0MB) CPU [3%@1510,2%@1510,1%@1510,1%@1510,4%@1510,3%@1510] GR3D_FREQ 0% cpu@46.718C soc2@45.875C soc0@44.375C gpu@46C tj@46.718C soc1@44.125C VDD_IN 4153mW/4191mW VDD_CPU_GPU_CV 1036mW/1039mW VDD_SOC 1397mW/1398mW
08-09-2026 23:48:16 RAM 3712/7620MB (lfb 1x4MB) SWAP 2/12002MB (cached 0MB) CPU [1%@1510,2%@1510,2%@1510,2%@1510,1%@1510,3%@1510] GR3D_FREQ 0% cpu@46.562C soc2@45.875C soc0@44.25C gpu@46.062C tj@46.562C soc1@44.218C VDD_IN 4153mW/4191mW VDD_CPU_GPU_CV 996mW/1039mW VDD_SOC 1397mW/1398mW
08-09-2026 23:48:17 RAM 3712/7620MB (lfb 1x4MB) SWAP 2/12002MB (cached 0MB) CPU [2%@1510,2%@1510,0%@1510,4%@1510,2%@1510,3%@1510] GR3D_FREQ 0% cpu@46.812C soc2@46C soc0@44.218C gpu@46.031C tj@46.718C soc1@44.218C VDD_IN 4153mW/4191mW VDD_CPU_GPU_CV 1036mW/1039mW VDD_SOC 1397mW/1398mW
08-09-2026 23:48:18 RAM 3712/7620MB (lfb 1x4MB) SWAP 2/12002MB (cached 0MB) CPU [3%@1510,2%@1510,2%@1510,5%@1510,5%@1510,4%@1510] GR3D_FREQ 0% cpu@46.531C soc2@45.937C soc0@44.25C gpu@46.031C tj@46.531C soc1@44.125C VDD_IN 4193mW/4191mW VDD_CPU_GPU_CV 1036mW/1039mW VDD_SOC 1397mW/1398mW
08-09-2026 23:48:19 RAM 3712/7620MB (lfb 1x4MB) SWAP 2/12002MB (cached 0MB) CPU [2%@1510,1%@1510,1%@1510,0%@1510,2%@1510,5%@1510] GR3D_FREQ 0% cpu@46.593C soc2@45.906C soc0@44.25C gpu@45.937C tj@46.593C soc1@44.343C VDD_IN 4153mW/4191mW VDD_CPU_GPU_CV 1036mW/1039mW VDD_SOC 1397mW/1398mW
08-09-2026 23:48:20 RAM 3712/7620MB (lfb 1x4MB) SWAP 2/12002MB (cached 0MB) CPU [1%@1510,2%@1510,1%@1510,1%@1510,4%@1510,3%@1510] GR3D_FREQ 0% cpu@46.625C soc2@45.875C soc0@44.312C gpu@46C tj@46.625C soc1@44.062C VDD_IN 4153mW/4190mW VDD_CPU_GPU_CV 996mW/1038mW VDD_SOC 1397mW/1398mW
08-09-2026 23:48:21 RAM 3712/7620MB (lfb 1x4MB) SWAP 2/12002MB (cached 0MB) CPU [2%@1510,1%@1510,1%@1510,1%@1510,2%@1510,3%@1510] GR3D_FREQ 0% cpu@46.531C soc2@45.812C soc0@44.312C gpu@45.781C tj@46.531C soc1@44.093C VDD_IN 4153mW/4190mW VDD_CPU_GPU_CV 996mW/1038mW VDD_SOC 1397mW/1398mW
08-09-2026 23:48:22 RAM 3712/7620MB (lfb 1x4MB) SWAP 2/12002MB (cached 0MB) CPU [2%@1510,3%@1510,2%@1510,2%@1510,2%@1510,3%@1510] GR3D_FREQ 0% cpu@46.843C soc2@45.906C soc0@44.218C gpu@45.875C tj@46.843C soc1@44.093C VDD_IN 4193mW/4190mW VDD_CPU_GPU_CV 1036mW/1038mW VDD_SOC 1397mW/1398mW
08-09-2026 23:48:23 RAM 3712/7620MB (lfb 1x4MB) SWAP 2/12002MB (cached 0MB) CPU [1%@1510,2%@1510,2%@1510,3%@1510,3%@1510,4%@1510] GR3D_FREQ 0% cpu@46.406C soc2@45.843C soc0@44.187C gpu@45.843C tj@46.406C soc1@44.187C VDD_IN 4193mW/4190mW VDD_CPU_GPU_CV 1036mW/1038mW VDD_SOC 1397mW/1398mW
08-09-2026 23:48:24 RAM 3712/7620MB (lfb 1x4MB) SWAP 2/12002MB (cached 0MB) CPU [3%@1510,2%@1510,1%@1510,1%@1510,2%@1510,4%@1510] GR3D_FREQ 0% cpu@46.468C soc2@45.906C soc0@44.156C gpu@45.843C tj@46.468C soc1@44.312C VDD_IN 4153mW/4190mW VDD_CPU_GPU_CV 1036mW/1038mW VDD_SOC 1397mW/1398mW
08-09-2026 23:48:25 RAM 3712/7620MB (lfb 1x4MB) SWAP 2/12002MB (cached 0MB) CPU [1%@1510,2%@1510,1%@1510,1%@1510,2%@1510,3%@1510] GR3D_FREQ 0% cpu@46.656C soc2@45.875C soc0@44.25C gpu@45.781C tj@46.656C soc1@44.281C VDD_IN 4153mW/4190mW VDD_CPU_GPU_CV 996mW/1038mW VDD_SOC 1397mW/1398mW
08-09-2026 23:48:26 RAM 3712/7620MB (lfb 1x4MB) SWAP 2/12002MB (cached 0MB) CPU [2%@1510,1%@1510,1%@1510,1%@1510,2%@1510,3%@1510] GR3D_FREQ 0% cpu@46.5C soc2@45.875C soc0@44.343C gpu@45.843C tj@46.5C soc1@44.125C VDD_IN 4153mW/4189mW VDD_CPU_GPU_CV 996mW/1038mW VDD_SOC 1397mW/1398mW
08-09-2026 23:48:27 RAM 3712/7620MB (lfb 1x4MB) SWAP 2/12002MB (cached 0MB) CPU [2%@1510,2%@1510,1%@1510,2%@1510,3%@1510,3%@1510] GR3D_FREQ 0% cpu@46.75C soc2@45.812C soc0@44.437C gpu@45.875C tj@46.75C soc1@44.062C VDD_IN 4153mW/4189mW VDD_CPU_GPU_CV 996mW/1037mW VDD_SOC 1397mW/1398mW
08-09-2026 23:48:28 RAM 3713/7620MB (lfb 1x4MB) SWAP 2/12002MB (cached 0MB) CPU [3%@1510,1%@1510,2%@1510,4%@1510,2%@1510,5%@1510] GR3D_FREQ 0% cpu@46.593C soc2@45.875C soc0@44.125C gpu@45.843C tj@46.593C soc1@44.156C VDD_IN 4193mW/4189mW VDD_CPU_GPU_CV 1036mW/1037mW VDD_SOC 1397mW/1398mW
08-09-2026 23:48:29 RAM 3713/7620MB (lfb 1x4MB) SWAP 2/12002MB (cached 0MB) CPU [2%@1510,2%@1510,1%@1510,3%@1510,3%@1510,6%@1510] GR3D_FREQ 0% cpu@46.531C soc2@45.906C soc0@44.281C gpu@45.875C tj@46.531C soc1@44.125C VDD_IN 4153mW/4189mW VDD_CPU_GPU_CV 1036mW/1037mW VDD_SOC 1397mW/1398mW
08-09-2026 23:48:30 RAM 3713/7620MB (lfb 1x4MB) SWAP 2/12002MB (cached 0MB) CPU [1%@1510,1%@1510,1%@1510,1%@1510,1%@1510,4%@1510] GR3D_FREQ 0% cpu@46.437C soc2@45.875C soc0@44.156C gpu@45.875C tj@46.437C soc1@44.281C VDD_IN 4153mW/4189mW VDD_CPU_GPU_CV 1036mW/1037mW VDD_SOC 1397mW/1398mW
08-09-2026 23:48:31 RAM 3713/7620MB (lfb 1x4MB) SWAP 2/12002MB (cached 0MB) CPU [1%@1510,1%@1510,0%@1510,2%@1510,1%@1510,2%@1510] GR3D_FREQ 0% cpu@46.531C soc2@45.875C soc0@44.25C gpu@45.875C tj@46.531C soc1@44C VDD_IN 4153mW/4189mW VDD_CPU_GPU_CV 1036mW/1037mW VDD_SOC 1397mW/1398mW
08-09-2026 23:48:32 RAM 3713/7620MB (lfb 1x4MB) SWAP 2/12002MB (cached 0MB) CPU [1%@1510,2%@1510,1%@1510,1%@1510,1%@1510,3%@1510] GR3D_FREQ 0% cpu@46.75C soc2@45.906C soc0@44.281C gpu@46.093C tj@46.75C soc1@44.093C VDD_IN 4153mW/4188mW VDD_CPU_GPU_CV 1036mW/1037mW VDD_SOC 1397mW/1398mW
08-09-2026 23:48:33 RAM 3713/7620MB (lfb 1x4MB) SWAP 2/12002MB (cached 0MB) CPU [3%@1510,1%@1510,2%@1510,4%@1510,3%@1510,4%@1510] GR3D_FREQ 0% cpu@46.562C soc2@45.843C soc0@44.187C gpu@46.187C tj@46.562C soc1@44.093C VDD_IN 4193mW/4188mW VDD_CPU_GPU_CV 1036mW/1037mW VDD_SOC 1397mW/1398mW
08-09-2026 23:48:34 RAM 3713/7620MB (lfb 1x4MB) SWAP 2/12002MB (cached 0MB) CPU [3%@1510,0%@1510,1%@1510,1%@1510,1%@1510,4%@1510] GR3D_FREQ 0% cpu@46.781C soc2@45.875C soc0@44.218C gpu@46.218C tj@46.593C soc1@44.156C VDD_IN 4193mW/4188mW VDD_CPU_GPU_CV 1036mW/1037mW VDD_SOC 1397mW/1398mW
08-09-2026 23:48:35 RAM 3712/7620MB (lfb 1x4MB) SWAP 2/12002MB (cached 0MB) CPU [2%@1510,2%@1510,1%@1510,1%@1510,2%@1510,3%@1510] GR3D_FREQ 0% cpu@46.562C soc2@45.875C soc0@44.187C gpu@46.312C tj@46.562C soc1@44.218C VDD_IN 4153mW/4188mW VDD_CPU_GPU_CV 1036mW/1037mW VDD_SOC 1397mW/1398mW
08-09-2026 23:48:36 RAM 3712/7620MB (lfb 1x4MB) SWAP 2/12002MB (cached 0MB) CPU [2%@1510,2%@1510,2%@1510,0%@1510,0%@1510,3%@1510] GR3D_FREQ 0% cpu@46.593C soc2@45.906C soc0@44.25C gpu@45.75C tj@46.593C soc1@44.312C VDD_IN 4153mW/4188mW VDD_CPU_GPU_CV 1036mW/1037mW VDD_SOC 1397mW/1398mW
08-09-2026 23:48:37 RAM 3712/7620MB (lfb 1x4MB) SWAP 2/12002MB (cached 0MB) CPU [2%@1510,1%@1510,2%@1510,1%@1510,1%@1510,3%@1510] GR3D_FREQ 0% cpu@46.781C soc2@45.875C soc0@44.343C gpu@45.781C tj@46.781C soc1@44.062C VDD_IN 4193mW/4188mW VDD_CPU_GPU_CV 1036mW/1037mW VDD_SOC 1397mW/1398mW
08-09-2026 23:48:38 RAM 3712/7620MB (lfb 1x4MB) SWAP 2/12002MB (cached 0MB) CPU [3%@1510,1%@1510,1%@1510,3%@1510,2%@1510,2%@1510] GR3D_FREQ 0% cpu@46.5C soc2@45.843C soc0@44.343C gpu@45.812C tj@46.5C soc1@44.156C VDD_IN 4153mW/4188mW VDD_CPU_GPU_CV 1036mW/1037mW VDD_SOC 1397mW/1398mW
08-09-2026 23:48:39 RAM 3713/7620MB (lfb 1x4MB) SWAP 2/12002MB (cached 0MB) CPU [3%@1510,1%@1510,1%@1510,3%@1510,2%@1510,3%@1510] GR3D_FREQ 0% cpu@46.781C soc2@45.875C soc0@44.25C gpu@45.781C tj@46.781C soc1@44.187C VDD_IN 4153mW/4188mW VDD_CPU_GPU_CV 1036mW/1037mW VDD_SOC 1397mW/1398mW
08-09-2026 23:48:40 RAM 3713/7620MB (lfb 1x4MB) SWAP 2/12002MB (cached 0MB) CPU [2%@1510,1%@1510,1%@1510,2%@1510,1%@1510,2%@1510] GR3D_FREQ 0% cpu@46.5C soc2@45.906C soc0@44.156C gpu@45.843C tj@46.5C soc1@44.187C VDD_IN 4153mW/4187mW VDD_CPU_GPU_CV 1036mW/1037mW VDD_SOC 1397mW/1398mW
08-09-2026 23:48:41 RAM 3713/7620MB (lfb 1x4MB) SWAP 2/12002MB (cached 0MB) CPU [2%@1510,1%@1510,2%@1510,2%@1510,1%@1510,2%@1510] GR3D_FREQ 0% cpu@46.625C soc2@45.937C soc0@44.25C gpu@45.875C tj@46.625C soc1@44.281C VDD_IN 4153mW/4187mW VDD_CPU_GPU_CV 1036mW/1037mW VDD_SOC 1397mW/1398mW
08-09-2026 23:48:42 RAM 3713/7620MB (lfb 1x4MB) SWAP 2/12002MB (cached 0MB) CPU [3%@1510,1%@1510,1%@1510,3%@1510,1%@1510,1%@1510] GR3D_FREQ 0% cpu@46.75C soc2@45.906C soc0@44.312C gpu@45.906C tj@46.75C soc1@44.031C VDD_IN 4153mW/4187mW VDD_CPU_GPU_CV 996mW/1037mW VDD_SOC 1397mW/1398mW
08-09-2026 23:48:43 RAM 3713/7620MB (lfb 1x4MB) SWAP 2/12002MB (cached 0MB) CPU [1%@1510,1%@1510,3%@1510,4%@1510,3%@1510,1%@1510] GR3D_FREQ 0% cpu@46.593C soc2@45.906C soc0@44.281C gpu@46C tj@46.593C soc1@44.156C VDD_IN 4193mW/4187mW VDD_CPU_GPU_CV 1036mW/1037mW VDD_SOC 1397mW/1398mW
08-09-2026 23:48:44 RAM 3713/7620MB (lfb 1x4MB) SWAP 2/12002MB (cached 0MB) CPU [2%@1510,1%@1510,2%@1510,3%@1510,3%@1510,2%@1510] GR3D_FREQ 0% cpu@46.812C soc2@45.875C soc0@44.125C gpu@46.156C tj@46.812C soc1@44.187C VDD_IN 4153mW/4187mW VDD_CPU_GPU_CV 1036mW/1037mW VDD_SOC 1397mW/1398mW
08-09-2026 23:48:45 RAM 3713/7620MB (lfb 1x4MB) SWAP 2/12002MB (cached 0MB) CPU [1%@1510,2%@1510,1%@1510,2%@1510,2%@1510,2%@1510] GR3D_FREQ 0% cpu@46.406C soc2@45.875C soc0@44.125C gpu@46.062C tj@46.406C soc1@44.187C VDD_IN 4153mW/4187mW VDD_CPU_GPU_CV 1036mW/1037mW VDD_SOC 1397mW/1398mW
08-09-2026 23:48:46 RAM 3713/7620MB (lfb 1x4MB) SWAP 2/12002MB (cached 0MB) CPU [1%@1510,2%@1510,2%@1510,2%@1510,1%@1510,1%@1510] GR3D_FREQ 0% cpu@46.562C soc2@45.906C soc0@44.218C gpu@46.062C tj@46.562C soc1@44.125C VDD_IN 4153mW/4186mW VDD_CPU_GPU_CV 1036mW/1037mW VDD_SOC 1397mW/1398mW
08-09-2026 23:48:47 RAM 3713/7620MB (lfb 1x4MB) SWAP 2/12002MB (cached 0MB) CPU [2%@1510,2%@1510,1%@1510,2%@1510,3%@1510,2%@1510] GR3D_FREQ 0% cpu@46.593C soc2@45.906C soc0@44.281C gpu@46.125C tj@46.656C soc1@44.187C VDD_IN 4153mW/4186mW VDD_CPU_GPU_CV 996mW/1037mW VDD_SOC 1397mW/1398mW
08-09-2026 23:48:48 RAM 3712/7620MB (lfb 1x4MB) SWAP 2/12002MB (cached 0MB) CPU [1%@1510,2%@1510,3%@1510,3%@1510,5%@1510,2%@1510] GR3D_FREQ 0% cpu@46.625C soc2@45.812C soc0@44.312C gpu@46.156C tj@46.625C soc1@44.156C VDD_IN 4193mW/4186mW VDD_CPU_GPU_CV 1036mW/1037mW VDD_SOC 1397mW/1398mW
08-09-2026 23:48:49 RAM 3713/7620MB (lfb 1x4MB) SWAP 2/12002MB (cached 0MB) CPU [3%@1510,1%@1510,1%@1510,2%@1510,0%@1510,2%@1510] GR3D_FREQ 0% cpu@46.812C soc2@45.843C soc0@44.312C gpu@46.187C tj@46.812C soc1@44.093C VDD_IN 4153mW/4186mW VDD_CPU_GPU_CV 1036mW/1037mW VDD_SOC 1397mW/1398mW
08-09-2026 23:48:50 RAM 3713/7620MB (lfb 1x4MB) SWAP 2/12002MB (cached 0MB) CPU [2%@1510,2%@1510,1%@1510,3%@1510,2%@1510,0%@1510] GR3D_FREQ 0% cpu@46.531C soc2@45.875C soc0@44.125C gpu@46.187C tj@46.531C soc1@44.218C VDD_IN 4153mW/4186mW VDD_CPU_GPU_CV 996mW/1036mW VDD_SOC 1397mW/1398mW
08-09-2026 23:48:51 RAM 3713/7620MB (lfb 1x4MB) SWAP 2/12002MB (cached 0MB) CPU [0%@1510,2%@1510,1%@1510,4%@1510,1%@1510,2%@1510] GR3D_FREQ 0% cpu@46.656C soc2@45.875C soc0@44.281C gpu@46.218C tj@46.656C soc1@44.375C VDD_IN 4153mW/4186mW VDD_CPU_GPU_CV 1036mW/1036mW VDD_SOC 1397mW/1398mW
08-09-2026 23:48:52 RAM 3713/7620MB (lfb 1x4MB) SWAP 2/12002MB (cached 0MB) CPU [3%@1510,3%@1510,0%@1510,2%@1510,2%@1510,2%@1510] GR3D_FREQ 0% cpu@46.531C soc2@45.906C soc0@44.312C gpu@46.187C tj@46.531C soc1@44.281C VDD_IN 4233mW/4186mW VDD_CPU_GPU_CV 1036mW/1036mW VDD_SOC 1397mW/1398mW
08-09-2026 23:48:53 RAM 3713/7620MB (lfb 1x4MB) SWAP 2/12002MB (cached 0MB) CPU [0%@1510,2%@1510,2%@1510,3%@1510,4%@1510,3%@1510] GR3D_FREQ 0% cpu@46.625C soc2@46C soc0@44.343C gpu@45.968C tj@46.625C soc1@44.125C VDD_IN 4193mW/4186mW VDD_CPU_GPU_CV 1036mW/1036mW VDD_SOC 1397mW/1398mW
08-09-2026 23:48:54 RAM 3714/7620MB (lfb 1x4MB) SWAP 2/12002MB (cached 0MB) CPU [2%@1510,2%@1510,2%@1510,2%@1510,1%@1510,3%@1510] GR3D_FREQ 0% cpu@46.843C soc2@45.906C soc0@44.25C gpu@45.968C tj@46.843C soc1@44.156C VDD_IN 4193mW/4186mW VDD_CPU_GPU_CV 1036mW/1036mW VDD_SOC 1397mW/1398mW
08-09-2026 23:48:55 RAM 3714/7620MB (lfb 1x4MB) SWAP 2/12002MB (cached 0MB) CPU [2%@1510,1%@1510,1%@1510,1%@1510,2%@1510,3%@1510] GR3D_FREQ 0% cpu@46.656C soc2@45.875C soc0@44.156C gpu@46.031C tj@46.531C soc1@44.187C VDD_IN 4153mW/4186mW VDD_CPU_GPU_CV 1036mW/1036mW VDD_SOC 1397mW/1398mW
08-09-2026 23:48:56 RAM 3714/7620MB (lfb 1x4MB) SWAP 2/12002MB (cached 0MB) CPU [1%@1510,2%@1510,1%@1510,2%@1510,2%@1510,3%@1510] GR3D_FREQ 0% cpu@46.531C soc2@45.843C soc0@44.25C gpu@45.968C tj@46.625C soc1@44.25C VDD_IN 4153mW/4186mW VDD_CPU_GPU_CV 1036mW/1036mW VDD_SOC 1397mW/1398mW
08-09-2026 23:48:57 RAM 3714/7620MB (lfb 1x4MB) SWAP 2/12002MB (cached 0MB) CPU [2%@1510,2%@1510,1%@1510,2%@1510,6%@1510,4%@1510] GR3D_FREQ 0% cpu@46.593C soc2@45.937C soc0@44.281C gpu@46C tj@46.593C soc1@44.25C VDD_IN 4233mW/4186mW VDD_CPU_GPU_CV 1076mW/1037mW VDD_SOC 1397mW/1398mW
08-09-2026 23:48:58 RAM 3715/7620MB (lfb 1x4MB) SWAP 2/12002MB (cached 0MB) CPU [3%@1510,2%@1510,0%@1510,1%@1510,2%@1510,3%@1510] GR3D_FREQ 0% cpu@46.625C soc2@46.031C soc0@44.312C gpu@46.031C tj@46.625C soc1@44.25C VDD_IN 4193mW/4186mW VDD_CPU_GPU_CV 1036mW/1037mW VDD_SOC 1397mW/1398mW
08-09-2026 23:48:59 RAM 3715/7620MB (lfb 1x4MB) SWAP 2/12002MB (cached 0MB) CPU [2%@1510,1%@1510,3%@1510,2%@1510,3%@1510,4%@1510] GR3D_FREQ 0% cpu@46.812C soc2@45.843C soc0@44.375C gpu@46.062C tj@46.812C soc1@44.187C VDD_IN 4193mW/4186mW VDD_CPU_GPU_CV 1036mW/1037mW VDD_SOC 1397mW/1398mW
08-09-2026 23:49:00 RAM 3715/7620MB (lfb 1x4MB) SWAP 2/12002MB (cached 0MB) CPU [2%@1510,1%@1510,1%@1510,2%@1510,1%@1510,2%@1510] GR3D_FREQ 0% cpu@46.656C soc2@45.875C soc0@44.25C gpu@46.031C tj@46.656C soc1@44.218C VDD_IN 4153mW/4186mW VDD_CPU_GPU_CV 1036mW/1037mW VDD_SOC 1397mW/1398mW
08-09-2026 23:49:01 RAM 3715/7620MB (lfb 1x4MB) SWAP 2/12002MB (cached 0MB) CPU [3%@1510,0%@1510,2%@1510,3%@1510,2%@1510,2%@1510] GR3D_FREQ 0% cpu@46.468C soc2@45.875C soc0@44.187C gpu@46C tj@46.468C soc1@44.25C VDD_IN 4153mW/4186mW VDD_CPU_GPU_CV 1036mW/1037mW VDD_SOC 1397mW/1398mW
08-09-2026 23:49:02 RAM 3715/7620MB (lfb 1x4MB) SWAP 2/12002MB (cached 0MB) CPU [2%@1510,1%@1510,1%@1510,4%@1510,2%@1510,6%@1510] GR3D_FREQ 0% cpu@46.625C soc2@45.968C soc0@44.187C gpu@45.937C tj@46.625C soc1@44.25C VDD_IN 4273mW/4186mW VDD_CPU_GPU_CV 1076mW/1037mW VDD_SOC 1395mW/1398mW
08-09-2026 23:49:03 RAM 3715/7620MB (lfb 1x4MB) SWAP 2/12002MB (cached 0MB) CPU [3%@1510,2%@1510,1%@1510,2%@1510,2%@1510,4%@1510] GR3D_FREQ 0% cpu@46.718C soc2@46.031C soc0@44.312C gpu@45.906C tj@46.718C soc1@44.375C VDD_IN 4233mW/4186mW VDD_CPU_GPU_CV 1036mW/1037mW VDD_SOC 1397mW/1398mW
08-09-2026 23:49:04 RAM 3715/7620MB (lfb 1x4MB) SWAP 2/12002MB (cached 0MB) CPU [3%@1510,3%@1510,1%@1510,1%@1510,1%@1510,3%@1510] GR3D_FREQ 0% cpu@46.937C soc2@45.906C soc0@44.375C gpu@45.875C tj@46.937C soc1@44.125C VDD_IN 4153mW/4186mW VDD_CPU_GPU_CV 1036mW/1037mW VDD_SOC 1397mW/1398mW
08-09-2026 23:49:05 RAM 3715/7620MB (lfb 1x4MB) SWAP 2/12002MB (cached 0MB) CPU [1%@1510,2%@1510,0%@1510,1%@1510,1%@1510,2%@1510] GR3D_FREQ 0% cpu@46.75C soc2@45.968C soc0@44.156C gpu@45.875C tj@46.75C soc1@44.187C VDD_IN 4153mW/4186mW VDD_CPU_GPU_CV 996mW/1037mW VDD_SOC 1397mW/1398mW
08-09-2026 23:49:06 RAM 3715/7620MB (lfb 1x4MB) SWAP 2/12002MB (cached 0MB) CPU [2%@1510,3%@1510,1%@1510,2%@1510,3%@1510,3%@1510] GR3D_FREQ 0% cpu@46.468C soc2@45.875C soc0@44.25C gpu@45.968C tj@46.468C soc1@44.187C VDD_IN 4153mW/4186mW VDD_CPU_GPU_CV 996mW/1036mW VDD_SOC 1397mW/1398mW
08-09-2026 23:49:07 RAM 3716/7620MB (lfb 1x4MB) SWAP 2/12002MB (cached 0MB) CPU [2%@1510,1%@1510,1%@1510,3%@1510,4%@1510,4%@1510] GR3D_FREQ 0% cpu@46.625C soc2@45.875C soc0@44.343C gpu@45.875C tj@46.625C soc1@44.312C VDD_IN 4233mW/4186mW VDD_CPU_GPU_CV 1076mW/1037mW VDD_SOC 1395mW/1398mW
08-09-2026 23:49:08 RAM 3716/7620MB (lfb 1x4MB) SWAP 2/12002MB (cached 0MB) CPU [1%@1510,2%@1510,1%@1510,2%@1510,4%@1510,3%@1510] GR3D_FREQ 0% cpu@46.687C soc2@45.968C soc0@44.343C gpu@45.906C tj@46.687C soc1@44.281C VDD_IN 4233mW/4186mW VDD_CPU_GPU_CV 1036mW/1037mW VDD_SOC 1397mW/1398mW
08-09-2026 23:49:09 RAM 3715/7620MB (lfb 1x4MB) SWAP 2/12002MB (cached 0MB) CPU [2%@1510,1%@1510,1%@1510,3%@1510,3%@1510,3%@1510] GR3D_FREQ 0% cpu@46.562C soc2@45.937C soc0@44.25C gpu@45.937C tj@46.843C soc1@44.156C VDD_IN 4153mW/4186mW VDD_CPU_GPU_CV 1036mW/1037mW VDD_SOC 1397mW/1398mW
08-09-2026 23:49:10 RAM 3715/7620MB (lfb 1x4MB) SWAP 2/12002MB (cached 0MB) CPU [2%@1510,1%@1510,0%@1510,4%@1510,2%@1510,3%@1510] GR3D_FREQ 0% cpu@46.718C soc2@45.906C soc0@44.468C gpu@45.906C tj@46.718C soc1@44.187C VDD_IN 4193mW/4186mW VDD_CPU_GPU_CV 1036mW/1037mW VDD_SOC 1397mW/1398mW
08-09-2026 23:49:11 RAM 3720/7620MB (lfb 1x4MB) SWAP 2/12002MB (cached 0MB) CPU [3%@1510,1%@1510,1%@1510,3%@1510,1%@1510,2%@1510] GR3D_FREQ 0% cpu@46.531C soc2@45.875C soc0@44.312C gpu@46.218C tj@46.531C soc1@44.281C VDD_IN 4153mW/4186mW VDD_CPU_GPU_CV 1036mW/1037mW VDD_SOC 1397mW/1398mW
08-09-2026 23:49:12 RAM 3721/7620MB (lfb 1x4MB) SWAP 2/12002MB (cached 0MB) CPU [3%@1510,3%@1510,2%@1510,6%@1510,1%@1510,3%@1510] GR3D_FREQ 0% cpu@46.625C soc2@45.937C soc0@44.281C gpu@46.218C tj@46.625C soc1@44.281C VDD_IN 4233mW/4186mW VDD_CPU_GPU_CV 1076mW/1037mW VDD_SOC 1395mW/1398mW
08-09-2026 23:49:13 RAM 3721/7620MB (lfb 1x4MB) SWAP 2/12002MB (cached 0MB) CPU [1%@1510,2%@1510,1%@1510,1%@1510,3%@1510,4%@1510] GR3D_FREQ 0% cpu@46.718C soc2@46.031C soc0@44.25C gpu@46.281C tj@46.718C soc1@44.343C VDD_IN 4273mW/4187mW VDD_CPU_GPU_CV 1036mW/1037mW VDD_SOC 1397mW/1398mW
08-09-2026 23:49:14 RAM 3721/7620MB (lfb 1x4MB) SWAP 2/12002MB (cached 0MB) CPU [2%@1510,2%@1510,0%@1510,2%@1510,3%@1510,2%@1510] GR3D_FREQ 0% cpu@46.531C soc2@45.968C soc0@44.375C gpu@46.312C tj@46.531C soc1@44.187C VDD_IN 4153mW/4186mW VDD_CPU_GPU_CV 1036mW/1037mW VDD_SOC 1397mW/1398mW
08-09-2026 23:49:15 RAM 3720/7620MB (lfb 1x4MB) SWAP 2/12002MB (cached 0MB) CPU [3%@1510,0%@1510,0%@1510,0%@1510,2%@1510,3%@1510] GR3D_FREQ 0% cpu@46.718C soc2@45.906C soc0@44.343C gpu@46.343C tj@46.718C soc1@44.125C VDD_IN 4153mW/4186mW VDD_CPU_GPU_CV 1036mW/1037mW VDD_SOC 1397mW/1398mW
08-09-2026 23:49:16 RAM 3720/7620MB (lfb 1x4MB) SWAP 2/12002MB (cached 0MB) CPU [1%@1510,1%@1510,1%@1510,2%@1510,0%@1510,4%@1510] GR3D_FREQ 0% cpu@46.968C soc2@45.937C soc0@44.25C gpu@46.343C tj@46.968C soc1@44.25C VDD_IN 4153mW/4186mW VDD_CPU_GPU_CV 1036mW/1037mW VDD_SOC 1397mW/1398mW
08-09-2026 23:49:17 RAM 3720/7620MB (lfb 1x4MB) SWAP 2/12002MB (cached 0MB) CPU [3%@1510,2%@1510,4%@1510,3%@1510,3%@1510,3%@1510] GR3D_FREQ 0% cpu@46.687C soc2@45.968C soc0@44.218C gpu@46.375C tj@46.687C soc1@44.281C VDD_IN 4233mW/4186mW VDD_CPU_GPU_CV 1076mW/1037mW VDD_SOC 1397mW/1398mW
08-09-2026 23:49:18 RAM 3720/7620MB (lfb 1x4MB) SWAP 2/12002MB (cached 0MB) CPU [2%@1510,2%@1510,1%@1510,1%@1510,1%@1510,3%@1510] GR3D_FREQ 0% cpu@46.656C soc2@45.937C soc0@44.218C gpu@46.375C tj@46.656C soc1@44.25C VDD_IN 4193mW/4186mW VDD_CPU_GPU_CV 1036mW/1037mW VDD_SOC 1397mW/1398mW
08-09-2026 23:49:19 RAM 3720/7620MB (lfb 1x4MB) SWAP 2/12002MB (cached 0MB) CPU [2%@1510,1%@1510,1%@1510,0%@1510,3%@1510,3%@1510] GR3D_FREQ 0% cpu@46.562C soc2@45.937C soc0@44.281C gpu@45.812C tj@46.562C soc1@44.406C VDD_IN 4153mW/4186mW VDD_CPU_GPU_CV 1036mW/1037mW VDD_SOC 1397mW/1398mW
08-09-2026 23:49:20 RAM 3720/7620MB (lfb 1x4MB) SWAP 2/12002MB (cached 0MB) CPU [2%@1510,1%@1510,0%@1510,1%@1510,3%@1510,3%@1510] GR3D_FREQ 0% cpu@46.75C soc2@45.937C soc0@44.343C gpu@46.062C tj@46.75C soc1@44.218C VDD_IN 4153mW/4186mW VDD_CPU_GPU_CV 1036mW/1037mW VDD_SOC 1397mW/1398mW
08-09-2026 23:49:21 RAM 3686/7620MB (lfb 8x1MB) SWAP 2/12002MB (cached 0MB) CPU [2%@1510,2%@1510,1%@1510,2%@1510,1%@1510,4%@1510] GR3D_FREQ 0% cpu@47.062C soc2@45.937C soc0@44.406C gpu@46.062C tj@47.062C soc1@44.218C VDD_IN 4153mW/4186mW VDD_CPU_GPU_CV 1036mW/1037mW VDD_SOC 1397mW/1398mW
08-09-2026 23:49:22 RAM 3689/7620MB (lfb 8x1MB) SWAP 2/12002MB (cached 0MB) CPU [3%@1510,3%@1510,3%@1510,5%@1510,4%@1510,4%@1510] GR3D_FREQ 0% cpu@46.781C soc2@45.968C soc0@44.312C gpu@46.062C tj@46.781C soc1@44.25C VDD_IN 4432mW/4187mW VDD_CPU_GPU_CV 1116mW/1037mW VDD_SOC 1395mW/1398mW
08-09-2026 23:49:23 RAM 3690/7620MB (lfb 8x1MB) SWAP 2/12002MB (cached 0MB) CPU [1%@1510,1%@1510,2%@1510,1%@1510,2%@1510,3%@1510] GR3D_FREQ 0% cpu@46.593C soc2@46C soc0@44.312C gpu@46.093C tj@46.593C soc1@44.312C VDD_IN 4233mW/4187mW VDD_CPU_GPU_CV 1036mW/1037mW VDD_SOC 1397mW/1398mW
08-09-2026 23:49:24 RAM 3690/7620MB (lfb 8x1MB) SWAP 2/12002MB (cached 0MB) CPU [1%@1510,1%@1510,1%@1510,1%@1510,0%@1510,4%@1510] GR3D_FREQ 0% cpu@46.625C soc2@46.031C soc0@44.312C gpu@46.062C tj@46.625C soc1@44.437C VDD_IN 4153mW/4187mW VDD_CPU_GPU_CV 1036mW/1037mW VDD_SOC 1397mW/1398mW
08-09-2026 23:49:25 RAM 3691/7620MB (lfb 8x1MB) SWAP 2/12002MB (cached 0MB) CPU [2%@1510,2%@1510,2%@1510,1%@1510,2%@1510,3%@1510] GR3D_FREQ 0% cpu@46.75C soc2@46.093C soc0@44.375C gpu@46C tj@46.75C soc1@44.218C VDD_IN 4153mW/4187mW VDD_CPU_GPU_CV 1036mW/1037mW VDD_SOC 1397mW/1398mW
08-09-2026 23:49:26 RAM 3691/7620MB (lfb 8x1MB) SWAP 2/12002MB (cached 0MB) CPU [2%@1510,1%@1510,1%@1510,2%@1510,2%@1510,2%@1510] GR3D_FREQ 0% cpu@47C soc2@45.906C soc0@44.468C gpu@46.156C tj@47C soc1@44.187C VDD_IN 4153mW/4187mW VDD_CPU_GPU_CV 996mW/1037mW VDD_SOC 1397mW/1397mW
08-09-2026 23:49:27 RAM 3691/7620MB (lfb 8x1MB) SWAP 2/12002MB (cached 0MB) CPU [2%@1510,0%@1510,3%@1510,3%@1510,2%@1510,4%@1510] GR3D_FREQ 0% cpu@46.875C soc2@46.031C soc0@44.25C gpu@46.031C tj@46.718C soc1@44.281C VDD_IN 4233mW/4187mW VDD_CPU_GPU_CV 1076mW/1037mW VDD_SOC 1397mW/1397mW
08-09-2026 23:49:28 RAM 3691/7620MB (lfb 8x1MB) SWAP 2/12002MB (cached 0MB) CPU [4%@1510,3%@1510,2%@1510,3%@1510,1%@1510,3%@1510] GR3D_FREQ 0% cpu@46.531C soc2@46.031C soc0@44.25C gpu@46.218C tj@46.531C soc1@44.281C VDD_IN 4193mW/4187mW VDD_CPU_GPU_CV 1036mW/1037mW VDD_SOC 1397mW/1397mW
08-09-2026 23:49:29 RAM 3691/7620MB (lfb 8x1MB) SWAP 2/12002MB (cached 0MB) CPU [2%@1510,1%@1510,2%@1510,2%@1510,1%@1510,5%@1510] GR3D_FREQ 0% cpu@46.625C soc2@45.968C soc0@44.312C gpu@46.125C tj@46.625C soc1@44.25C VDD_IN 4153mW/4187mW VDD_CPU_GPU_CV 1036mW/1037mW VDD_SOC 1397mW/1397mW
08-09-2026 23:49:30 RAM 3691/7620MB (lfb 8x1MB) SWAP 2/12002MB (cached 0MB) CPU [3%@1510,1%@1510,2%@1510,2%@1510,1%@1510,2%@1510] GR3D_FREQ 0% cpu@46.718C soc2@46.062C soc0@44.375C gpu@46C tj@46.718C soc1@44.218C VDD_IN 4153mW/4187mW VDD_CPU_GPU_CV 996mW/1037mW VDD_SOC 1397mW/1397mW
08-09-2026 23:49:31 RAM 3691/7620MB (lfb 8x1MB) SWAP 2/12002MB (cached 0MB) CPU [2%@1510,2%@1510,1%@1510,0%@1510,1%@1510,3%@1510] GR3D_FREQ 0% cpu@46.968C soc2@45.937C soc0@44.437C gpu@45.968C tj@46.968C soc1@44.281C VDD_IN 4153mW/4187mW VDD_CPU_GPU_CV 996mW/1037mW VDD_SOC 1397mW/1397mW
08-09-2026 23:49:32 RAM 3692/7620MB (lfb 8x1MB) SWAP 2/12002MB (cached 0MB) CPU [1%@1510,3%@1510,4%@1510,2%@1510,4%@1510,4%@1510] GR3D_FREQ 0% cpu@46.812C soc2@45.937C soc0@44.281C gpu@45.937C tj@46.812C soc1@44.187C VDD_IN 4233mW/4187mW VDD_CPU_GPU_CV 1036mW/1037mW VDD_SOC 1397mW/1397mW
08-09-2026 23:49:33 RAM 3693/7620MB (lfb 8x1MB) SWAP 2/12002MB (cached 0MB) CPU [4%@1510,2%@1510,2%@1510,0%@1510,2%@1510,3%@1510] GR3D_FREQ 0% cpu@46.656C soc2@45.937C soc0@44.343C gpu@45.937C tj@46.625C soc1@44.281C VDD_IN 4193mW/4187mW VDD_CPU_GPU_CV 1036mW/1037mW VDD_SOC 1397mW/1397mW
08-09-2026 23:49:34 RAM 3693/7620MB (lfb 8x1MB) SWAP 2/12002MB (cached 0MB) CPU [4%@1510,2%@1510,1%@1510,1%@1510,1%@1510,3%@1510] GR3D_FREQ 0% cpu@46.625C soc2@46.031C soc0@44.312C gpu@45.906C tj@46.625C soc1@44.25C VDD_IN 4153mW/4187mW VDD_CPU_GPU_CV 1036mW/1037mW VDD_SOC 1397mW/1397mW
08-09-2026 23:49:35 RAM 3693/7620MB (lfb 8x1MB) SWAP 2/12002MB (cached 0MB) CPU [2%@1510,2%@1510,2%@1510,1%@1510,2%@1510,2%@1510] GR3D_FREQ 0% cpu@46.781C soc2@46C soc0@44.343C gpu@45.968C tj@46.781C soc1@44.343C VDD_IN 4153mW/4186mW VDD_CPU_GPU_CV 996mW/1037mW VDD_SOC 1397mW/1397mW
08-09-2026 23:49:36 RAM 3693/7620MB (lfb 8x1MB) SWAP 2/12002MB (cached 0MB) CPU [3%@1510,0%@1510,1%@1510,1%@1510,3%@1510,3%@1510] GR3D_FREQ 0% cpu@46.656C soc2@46.031C soc0@44.375C gpu@45.937C tj@46.656C soc1@44.25C VDD_IN 4153mW/4186mW VDD_CPU_GPU_CV 996mW/1036mW VDD_SOC 1397mW/1397mW
08-09-2026 23:49:37 RAM 3693/7620MB (lfb 8x1MB) SWAP 2/12002MB (cached 0MB) CPU [3%@1510,1%@1510,3%@1510,3%@1510,1%@1510,3%@1510] GR3D_FREQ 0% cpu@46.75C soc2@45.968C soc0@44.437C gpu@46.062C tj@46.75C soc1@44.25C VDD_IN 4233mW/4187mW VDD_CPU_GPU_CV 1076mW/1037mW VDD_SOC 1397mW/1397mW
08-09-2026 23:49:38 RAM 3694/7620MB (lfb 8x1MB) SWAP 2/12002MB (cached 0MB) CPU [2%@1510,3%@1510,3%@1510,2%@1510,3%@1510,4%@1510] GR3D_FREQ 0% cpu@46.593C soc2@46.031C soc0@44.25C gpu@45.968C tj@46.593C soc1@44.218C VDD_IN 4193mW/4187mW VDD_CPU_GPU_CV 1036mW/1037mW VDD_SOC 1397mW/1397mW
08-09-2026 23:49:39 RAM 3699/7620MB (lfb 1x4MB) SWAP 2/12002MB (cached 0MB) CPU [2%@1510,3%@1510,2%@1510,2%@1510,2%@1510,4%@1510] GR3D_FREQ 0% cpu@46.687C soc2@45.875C soc0@44.25C gpu@46.031C tj@46.687C soc1@44.312C VDD_IN 4193mW/4187mW VDD_CPU_GPU_CV 1036mW/1037mW VDD_SOC 1397mW/1397mW
08-09-2026 23:49:40 RAM 3700/7620MB (lfb 1x4MB) SWAP 2/12002MB (cached 0MB) CPU [2%@1510,2%@1510,3%@1510,1%@1510,1%@1510,1%@1510] GR3D_FREQ 0% cpu@46.812C soc2@46C soc0@44.343C gpu@46.375C tj@46.812C soc1@44.343C VDD_IN 4193mW/4187mW VDD_CPU_GPU_CV 1036mW/1037mW VDD_SOC 1397mW/1397mW
08-09-2026 23:49:41 RAM 3700/7620MB (lfb 1x4MB) SWAP 2/12002MB (cached 0MB) CPU [2%@1510,4%@1510,2%@1510,1%@1510,1%@1510,2%@1510] GR3D_FREQ 0% cpu@46.687C soc2@46.125C soc0@44.375C gpu@46.375C tj@46.687C soc1@44.406C VDD_IN 4153mW/4186mW VDD_CPU_GPU_CV 1036mW/1037mW VDD_SOC 1397mW/1397mW
08-09-2026 23:49:42 RAM 3700/7620MB (lfb 1x4MB) SWAP 2/12002MB (cached 0MB) CPU [2%@1510,4%@1510,4%@1510,2%@1510,3%@1510,2%@1510] GR3D_FREQ 0% cpu@46.843C soc2@45.875C soc0@44.375C gpu@45.875C tj@46.843C soc1@44.187C VDD_IN 4233mW/4187mW VDD_CPU_GPU_CV 1076mW/1037mW VDD_SOC 1397mW/1397mW
08-09-2026 23:49:43 RAM 3701/7620MB (lfb 1x4MB) SWAP 2/12002MB (cached 0MB) CPU [2%@1510,1%@1510,3%@1510,1%@1510,2%@1510,2%@1510] GR3D_FREQ 0% cpu@46.593C soc2@45.937C soc0@44.25C gpu@45.906C tj@46.593C soc1@44.218C VDD_IN 4193mW/4187mW VDD_CPU_GPU_CV 1036mW/1037mW VDD_SOC 1397mW/1397mW
08-09-2026 23:49:44 RAM 3701/7620MB (lfb 1x4MB) SWAP 2/12002MB (cached 0MB) CPU [2%@1510,1%@1510,2%@1510,0%@1510,0%@1510,3%@1510] GR3D_FREQ 0% cpu@46.843C soc2@45.968C soc0@44.281C gpu@45.906C tj@46.843C soc1@44.25C VDD_IN 4153mW/4187mW VDD_CPU_GPU_CV 1036mW/1037mW VDD_SOC 1397mW/1397mW
08-09-2026 23:49:45 RAM 3701/7620MB (lfb 1x4MB) SWAP 2/12002MB (cached 0MB) CPU [3%@1510,1%@1510,2%@1510,1%@1510,2%@1510,2%@1510] GR3D_FREQ 0% cpu@46.5C soc2@46C soc0@44.281C gpu@45.937C tj@46.625C soc1@44.281C VDD_IN 4153mW/4186mW VDD_CPU_GPU_CV 1036mW/1037mW VDD_SOC 1397mW/1397mW
08-09-2026 23:49:46 RAM 3703/7620MB (lfb 1x4MB) SWAP 2/12002MB (cached 0MB) CPU [2%@1510,1%@1510,1%@1510,1%@1510,28%@1510,1%@1510] GR3D_FREQ 0% cpu@46.843C soc2@45.968C soc0@44.281C gpu@45.843C tj@46.843C soc1@44.437C VDD_IN 4577mW/4188mW VDD_CPU_GPU_CV 1271mW/1038mW VDD_SOC 1433mW/1398mW
08-09-2026 23:49:47 RAM 3703/7620MB (lfb 1x4MB) SWAP 2/12002MB (cached 0MB) CPU [2%@1510,1%@1510,1%@1510,3%@1510,29%@1510,2%@1510] GR3D_FREQ 0% cpu@46.781C soc2@45.906C soc0@44.406C gpu@45.843C tj@46.781C soc1@44.156C VDD_IN 4266mW/4188mW VDD_CPU_GPU_CV 1074mW/1038mW VDD_SOC 1395mW/1398mW
08-09-2026 23:49:48 RAM 3704/7620MB (lfb 1x4MB) SWAP 2/12002MB (cached 0MB) CPU [0%@1510,0%@1510,0%@1510,0%@1510,1%@1510,0%@1510] GR3D_FREQ 0% cpu@46.625C soc2@45.875C soc0@44.187C gpu@45.875C tj@46.562C soc1@44.156C VDD_IN 4153mW/4188mW VDD_CPU_GPU_CV 996mW/1038mW VDD_SOC 1397mW/1398mW
08-09-2026 23:49:49 RAM 3704/7620MB (lfb 1x4MB) SWAP 2/12002MB (cached 0MB) CPU [1%@1510,1%@1510,0%@1510,0%@1510,0%@1510,0%@1510] GR3D_FREQ 0% cpu@46.812C soc2@45.906C soc0@44.187C gpu@45.843C tj@46.812C soc1@44.218C VDD_IN 4113mW/4188mW VDD_CPU_GPU_CV 996mW/1038mW VDD_SOC 1397mW/1398mW
08-09-2026 23:49:50 RAM 3704/7620MB (lfb 1x4MB) SWAP 2/12002MB (cached 0MB) CPU [1%@1510,1%@1510,0%@1510,0%@1510,1%@1510,0%@1510] GR3D_FREQ 0% cpu@46.593C soc2@45.937C soc0@44.218C gpu@45.875C tj@46.593C soc1@44.312C VDD_IN 4073mW/4187mW VDD_CPU_GPU_CV 996mW/1037mW VDD_SOC 1397mW/1398mW
08-09-2026 23:49:51 RAM 3704/7620MB (lfb 1x4MB) SWAP 2/12002MB (cached 0MB) CPU [1%@1510,0%@1510,0%@1510,0%@1510,0%@1510,0%@1510] GR3D_FREQ 0% cpu@46.625C soc2@45.937C soc0@44.218C gpu@45.843C tj@46.625C soc1@44.281C VDD_IN 4073mW/4187mW VDD_CPU_GPU_CV 996mW/1037mW VDD_SOC 1397mW/1398mW
08-09-2026 23:49:52 RAM 3704/7620MB (lfb 1x4MB) SWAP 2/12002MB (cached 0MB) CPU [1%@1510,0%@1510,3%@1510,1%@1510,0%@1510,1%@1510] GR3D_FREQ 0% cpu@46.718C soc2@46C soc0@44.281C gpu@45.906C tj@46.718C soc1@44.343C VDD_IN 4153mW/4187mW VDD_CPU_GPU_CV 996mW/1037mW VDD_SOC 1397mW/1398mW
08-09-2026 23:49:53 RAM 3704/7620MB (lfb 1x4MB) SWAP 2/12002MB (cached 0MB) CPU [0%@1510,1%@1510,2%@1510,2%@1510,0%@1510,0%@1510] GR3D_FREQ 0% cpu@46.656C soc2@45.937C soc0@44.343C gpu@45.875C tj@46.656C soc1@44.156C VDD_IN 4113mW/4186mW VDD_CPU_GPU_CV 996mW/1037mW VDD_SOC 1397mW/1398mW
08-09-2026 23:49:54 RAM 3704/7620MB (lfb 1x4MB) SWAP 2/12002MB (cached 0MB) CPU [1%@1510,2%@1510,1%@1510,0%@1510,0%@1510,0%@1510] GR3D_FREQ 0% cpu@46.75C soc2@45.875C soc0@44.406C gpu@45.875C tj@46.75C soc1@44.093C VDD_IN 4073mW/4186mW VDD_CPU_GPU_CV 956mW/1036mW VDD_SOC 1397mW/1398mW
08-09-2026 23:49:55 RAM 3704/7620MB (lfb 1x4MB) SWAP 2/12002MB (cached 0MB) CPU [1%@1510,1%@1510,1%@1510,0%@1510,0%@1510,0%@1510] GR3D_FREQ 0% cpu@46.625C soc2@45.906C soc0@44.281C gpu@45.937C tj@46.625C soc1@44.187C VDD_IN 4073mW/4186mW VDD_CPU_GPU_CV 956mW/1036mW VDD_SOC 1397mW/1398mW
08-09-2026 23:49:56 RAM 3052/7620MB (lfb 23x4MB) SWAP 2/12002MB (cached 0MB) CPU [1%@1510,2%@1510,0%@1510,3%@1510,1%@1510,0%@1510] GR3D_FREQ 0% cpu@46.968C soc2@45.906C soc0@44.187C gpu@45.968C tj@46.656C soc1@44.312C VDD_IN 4153mW/4185mW VDD_CPU_GPU_CV 996mW/1036mW VDD_SOC 1397mW/1398mW
08-09-2026 23:49:57 RAM 3052/7620MB (lfb 23x4MB) SWAP 2/12002MB (cached 0MB) CPU [1%@1510,1%@1510,1%@1510,0%@1510,3%@1510,1%@1510] GR3D_FREQ 0% cpu@46.531C soc2@45.906C soc0@44.156C gpu@46.218C tj@46.531C soc1@44.281C VDD_IN 4153mW/4185mW VDD_CPU_GPU_CV 996mW/1036mW VDD_SOC 1397mW/1398mW
08-09-2026 23:49:58 RAM 3052/7620MB (lfb 23x4MB) SWAP 2/12002MB (cached 0MB) CPU [1%@1510,0%@1510,0%@1510,1%@1510,0%@1510,0%@1510] GR3D_FREQ 0% cpu@46.562C soc2@45.968C soc0@44.312C gpu@46.218C tj@46.562C soc1@44.281C VDD_IN 4113mW/4185mW VDD_CPU_GPU_CV 996mW/1036mW VDD_SOC 1397mW/1398mW
08-09-2026 23:49:59 RAM 3052/7620MB (lfb 23x4MB) SWAP 2/12002MB (cached 0MB) CPU [1%@1510,1%@1510,0%@1510,0%@1510,0%@1510,0%@1510] GR3D_FREQ 0% cpu@46.781C soc2@45.875C soc0@44.312C gpu@46.218C tj@46.781C soc1@44.093C VDD_IN 4073mW/4185mW VDD_CPU_GPU_CV 956mW/1035mW VDD_SOC 1397mW/1398mW
