08-09-2026 23:03:38 RAM 3035/7620MB (lfb 26x4MB) SWAP 2/12002MB (cached 0MB) CPU [1%@1510,1%@1510,1%@1510,0%@1510,0%@1510,0%@1510] GR3D_FREQ 0% cpu@47.156C soc2@46.375C soc0@44.812C gpu@46.375C tj@47.156C soc1@44.593C VDD_IN 4153mW/4153mW VDD_CPU_GPU_CV 996mW/996mW VDD_SOC 1397mW/1397mW
08-09-2026 23:03:39 RAM 3035/7620MB (lfb 26x4MB) SWAP 2/12002MB (cached 0MB) CPU [0%@1510,1%@1510,0%@1510,0%@1510,0%@1510,0%@1510] GR3D_FREQ 0% cpu@47C soc2@46.375C soc0@44.656C gpu@46.375C tj@47C soc1@44.593C VDD_IN 4073mW/4113mW VDD_CPU_GPU_CV 996mW/996mW VDD_SOC 1397mW/1397mW
08-09-2026 23:03:40 RAM 3035/7620MB (lfb 26x4MB) SWAP 2/12002MB (cached 0MB) CPU [0%@1510,0%@1510,0%@1510,0%@1510,0%@1510,0%@1510] GR3D_FREQ 0% cpu@47.218C soc2@46.437C soc0@44.75C gpu@46.468C tj@47.218C soc1@44.656C VDD_IN 4073mW/4099mW VDD_CPU_GPU_CV 956mW/982mW VDD_SOC 1397mW/1397mW
08-09-2026 23:03:41 RAM 3035/7620MB (lfb 26x4MB) SWAP 2/12002MB (cached 0MB) CPU [1%@1510,1%@1510,2%@1510,1%@1510,1%@1510,1%@1510] GR3D_FREQ 0% cpu@46.968C soc2@46.468C soc0@44.718C gpu@46.468C tj@46.968C soc1@44.687C VDD_IN 4153mW/4113mW VDD_CPU_GPU_CV 996mW/986mW VDD_SOC 1397mW/1397mW
08-09-2026 23:03:42 RAM 3035/7620MB (lfb 26x4MB) SWAP 2/12002MB (cached 0MB) CPU [0%@1510,0%@1510,1%@1510,0%@1510,0%@1510,1%@1510] GR3D_FREQ 0% cpu@46.968C soc2@46.5C soc0@44.718C gpu@46.406C tj@46.968C soc1@44.843C VDD_IN 4113mW/4113mW VDD_CPU_GPU_CV 996mW/988mW VDD_SOC 1397mW/1397mW
08-09-2026 23:03:43 RAM 3035/7620MB (lfb 26x4MB) SWAP 2/12002MB (cached 0MB) CPU [2%@1510,0%@1510,0%@1510,0%@1510,0%@1510,0%@1510] GR3D_FREQ 0% cpu@47.156C soc2@46.375C soc0@44.75C gpu@46.531C tj@47.156C soc1@44.593C VDD_IN 4073mW/4106mW VDD_CPU_GPU_CV 956mW/982mW VDD_SOC 1397mW/1397mW
08-09-2026 23:03:44 RAM 3035/7620MB (lfb 26x4MB) SWAP 2/12002MB (cached 0MB) CPU [0%@1510,0%@1510,0%@1510,0%@1510,0%@1510,0%@1510] GR3D_FREQ 0% cpu@46.968C soc2@46.375C soc0@44.718C gpu@46.437C tj@46.968C soc1@44.625C VDD_IN 4073mW/4101mW VDD_CPU_GPU_CV 956mW/978mW VDD_SOC 1397mW/1397mW
08-09-2026 23:03:45 RAM 3035/7620MB (lfb 26x4MB) SWAP 2/12002MB (cached 0MB) CPU [2%@1510,1%@1510,0%@1510,0%@1510,0%@1510,0%@1510] GR3D_FREQ 0% cpu@47.218C soc2@46.468C soc0@44.625C gpu@46.406C tj@47.218C soc1@44.625C VDD_IN 4073mW/4098mW VDD_CPU_GPU_CV 956mW/976mW VDD_SOC 1397mW/1397mW
08-09-2026 23:03:46 RAM 3035/7620MB (lfb 26x4MB) SWAP 2/12002MB (cached 0MB) CPU [0%@1510,1%@1510,0%@1510,0%@1510,0%@1510,0%@1510] GR3D_FREQ 0% cpu@47.125C soc2@46.375C soc0@44.718C gpu@46.406C tj@47.125C soc1@44.718C VDD_IN 4073mW/4095mW VDD_CPU_GPU_CV 956mW/973mW VDD_SOC 1397mW/1397mW
08-09-2026 23:03:47 RAM 3035/7620MB (lfb 26x4MB) SWAP 2/12002MB (cached 0MB) CPU [0%@1510,0%@1510,0%@1510,0%@1510,0%@1510,0%@1510] GR3D_FREQ 0% cpu@46.968C soc2@46.5C soc0@44.718C gpu@46.312C tj@46.968C soc1@44.781C VDD_IN 4073mW/4093mW VDD_CPU_GPU_CV 956mW/972mW VDD_SOC 1397mW/1397mW
08-09-2026 23:03:48 RAM 3035/7620MB (lfb 26x4MB) SWAP 2/12002MB (cached 0MB) CPU [1%@1510,0%@1510,0%@1510,0%@1510,0%@1510,0%@1510] GR3D_FREQ 0% cpu@47.031C soc2@46.375C soc0@44.75C gpu@46.25C tj@47.031C soc1@44.781C VDD_IN 4073mW/4091mW VDD_CPU_GPU_CV 956mW/970mW VDD_SOC 1397mW/1397mW
08-09-2026 23:03:49 RAM 3035/7620MB (lfb 26x4MB) SWAP 2/12002MB (cached 0MB) CPU [1%@1510,1%@1510,0%@1510,0%@1510,1%@1510,1%@1510] GR3D_FREQ 0% cpu@46.968C soc2@46.312C soc0@44.812C gpu@46.343C tj@46.968C soc1@44.562C VDD_IN 4073mW/4089mW VDD_CPU_GPU_CV 956mW/969mW VDD_SOC 1397mW/1397mW
08-09-2026 23:03:50 RAM 3035/7620MB (lfb 26x4MB) SWAP 2/12002MB (cached 0MB) CPU [0%@1510,0%@1510,1%@1510,0%@1510,0%@1510,0%@1510] GR3D_FREQ 0% cpu@47.125C soc2@46.312C soc0@44.875C gpu@46.25C tj@47.125C soc1@44.687C VDD_IN 4073mW/4088mW VDD_CPU_GPU_CV 956mW/968mW VDD_SOC 1397mW/1397mW
08-09-2026 23:03:51 RAM 3035/7620MB (lfb 26x4MB) SWAP 2/12002MB (cached 0MB) CPU [1%@1510,1%@1510,0%@1510,0%@1510,0%@1510,1%@1510] GR3D_FREQ 0% cpu@47.031C soc2@46.343C soc0@44.625C gpu@46.343C tj@47.031C soc1@44.593C VDD_IN 4073mW/4087mW VDD_CPU_GPU_CV 956mW/967mW VDD_SOC 1397mW/1397mW
08-09-2026 23:03:52 RAM 3035/7620MB (lfb 26x4MB) SWAP 2/12002MB (cached 0MB) CPU [0%@1510,0%@1510,0%@1510,0%@1510,0%@1510,1%@1510] GR3D_FREQ 0% cpu@47C soc2@46.343C soc0@44.687C gpu@46.312C tj@47C soc1@44.718C VDD_IN 4073mW/4086mW VDD_CPU_GPU_CV 956mW/966mW VDD_SOC 1397mW/1397mW
08-09-2026 23:03:53 RAM 3035/7620MB (lfb 26x4MB) SWAP 2/12002MB (cached 0MB) CPU [1%@1510,0%@1510,0%@1510,0%@1510,0%@1510,0%@1510] GR3D_FREQ 0% cpu@46.937C soc2@46.375C soc0@44.781C gpu@46.375C tj@46.937C soc1@44.781C VDD_IN 4073mW/4085mW VDD_CPU_GPU_CV 996mW/968mW VDD_SOC 1397mW/1397mW
08-09-2026 23:03:54 RAM 3035/7620MB (lfb 26x4MB) SWAP 2/12002MB (cached 0MB) CPU [1%@1510,0%@1510,0%@1510,0%@1510,0%@1510,0%@1510] GR3D_FREQ 0% cpu@47.031C soc2@46.437C soc0@44.718C gpu@46.343C tj@47.031C soc1@44.781C VDD_IN 4073mW/4084mW VDD_CPU_GPU_CV 956mW/967mW VDD_SOC 1397mW/1397mW
08-09-2026 23:03:55 RAM 3035/7620MB (lfb 26x4MB) SWAP 2/12002MB (cached 0MB) CPU [1%@1510,0%@1510,0%@1510,0%@1510,0%@1510,0%@1510] GR3D_FREQ 0% cpu@47.25C soc2@46.406C soc0@44.687C gpu@46.312C tj@47.25C soc1@44.593C VDD_IN 4073mW/4084mW VDD_CPU_GPU_CV 996mW/969mW VDD_SOC 1397mW/1397mW
08-09-2026 23:03:56 RAM 3035/7620MB (lfb 26x4MB) SWAP 2/12002MB (cached 0MB) CPU [0%@1510,0%@1510,0%@1510,0%@1510,0%@1510,0%@1510] GR3D_FREQ 0% cpu@47C soc2@46.343C soc0@44.812C gpu@46.312C tj@47C soc1@44.593C VDD_IN 4073mW/4083mW VDD_CPU_GPU_CV 996mW/970mW VDD_SOC 1397mW/1397mW
08-09-2026 23:03:57 RAM 3035/7620MB (lfb 26x4MB) SWAP 2/12002MB (cached 0MB) CPU [0%@1510,0%@1510,0%@1510,0%@1510,0%@1510,0%@1510] GR3D_FREQ 0% cpu@47.25C soc2@46.25C soc0@44.781C gpu@46.343C tj@47.25C soc1@44.593C VDD_IN 4113mW/4085mW VDD_CPU_GPU_CV 996mW/972mW VDD_SOC 1397mW/1397mW
08-09-2026 23:03:58 RAM 3035/7620MB (lfb 26x4MB) SWAP 2/12002MB (cached 0MB) CPU [1%@1510,0%@1510,0%@1510,0%@1510,0%@1510,0%@1510] GR3D_FREQ 0% cpu@46.906C soc2@46.343C soc0@44.593C gpu@46.375C tj@46.906C soc1@44.593C VDD_IN 4120mW/4086mW VDD_CPU_GPU_CV 996mW/973mW VDD_SOC 1397mW/1397mW
08-09-2026 23:03:59 RAM 3035/7620MB (lfb 26x4MB) SWAP 2/12002MB (cached 0MB) CPU [1%@1510,0%@1510,0%@1510,0%@1510,1%@1510,0%@1510] GR3D_FREQ 0% cpu@46.968C soc2@46.406C soc0@44.687C gpu@46.312C tj@46.968C soc1@44.781C VDD_IN 4073mW/4086mW VDD_CPU_GPU_CV 996mW/974mW VDD_SOC 1397mW/1397mW
08-09-2026 23:04:00 RAM 3035/7620MB (lfb 26x4MB) SWAP 2/12002MB (cached 0MB) CPU [0%@1510,0%@1510,1%@1510,0%@1510,0%@1510,0%@1510] GR3D_FREQ 0% cpu@46.906C soc2@46.375C soc0@44.718C gpu@46.375C tj@47.156C soc1@44.593C VDD_IN 4113mW/4087mW VDD_CPU_GPU_CV 996mW/975mW VDD_SOC 1397mW/1397mW
08-09-2026 23:04:01 RAM 3034/7620MB (lfb 26x4MB) SWAP 2/12002MB (cached 0MB) CPU [1%@1510,1%@1510,0%@1510,0%@1510,0%@1510,1%@1510] GR3D_FREQ 0% cpu@47.125C soc2@46.375C soc0@44.812C gpu@46.406C tj@47.125C soc1@44.625C VDD_IN 4113mW/4088mW VDD_CPU_GPU_CV 996mW/976mW VDD_SOC 1397mW/1397mW
08-09-2026 23:04:02 RAM 3034/7620MB (lfb 26x4MB) SWAP 2/12002MB (cached 0MB) CPU [1%@1510,0%@1510,0%@1510,0%@1510,0%@1510,0%@1510] GR3D_FREQ 0% cpu@47.343C soc2@46.343C soc0@44.75C gpu@46.375C tj@47.343C soc1@44.562C VDD_IN 4073mW/4087mW VDD_CPU_GPU_CV 996mW/976mW VDD_SOC 1397mW/1397mW
08-09-2026 23:04:03 RAM 3034/7620MB (lfb 26x4MB) SWAP 2/12002MB (cached 0MB) CPU [0%@1510,0%@1510,0%@1510,0%@1510,0%@1510,0%@1510] GR3D_FREQ 0% cpu@47.031C soc2@46.375C soc0@44.718C gpu@46.437C tj@46.968C soc1@44.656C VDD_IN 4073mW/4087mW VDD_CPU_GPU_CV 996mW/977mW VDD_SOC 1397mW/1397mW
08-09-2026 23:04:04 RAM 3034/7620MB (lfb 26x4MB) SWAP 2/12002MB (cached 0MB) CPU [1%@1510,0%@1510,0%@1510,0%@1510,0%@1510,0%@1510] GR3D_FREQ 0% cpu@46.968C soc2@46.375C soc0@44.625C gpu@46.375C tj@47C soc1@44.718C VDD_IN 4073mW/4086mW VDD_CPU_GPU_CV 996mW/978mW VDD_SOC 1397mW/1397mW
08-09-2026 23:04:05 RAM 3034/7620MB (lfb 26x4MB) SWAP 2/12002MB (cached 0MB) CPU [1%@1510,1%@1510,0%@1510,0%@1510,0%@1510,0%@1510] GR3D_FREQ 0% cpu@47C soc2@46.406C soc0@44.656C gpu@46.437C tj@47C soc1@44.781C VDD_IN 4113mW/4087mW VDD_CPU_GPU_CV 996mW/978mW VDD_SOC 1397mW/1397mW
08-09-2026 23:04:06 RAM 3034/7620MB (lfb 26x4MB) SWAP 2/12002MB (cached 0MB) CPU [0%@1510,0%@1510,1%@1510,0%@1510,1%@1510,0%@1510] GR3D_FREQ 0% cpu@47.062C soc2@46.375C soc0@44.75C gpu@46.25C tj@47.062C soc1@44.843C VDD_IN 4113mW/4088mW VDD_CPU_GPU_CV 996mW/979mW VDD_SOC 1397mW/1397mW
08-09-2026 23:04:07 RAM 3041/7620MB (lfb 26x4MB) SWAP 2/12002MB (cached 0MB) CPU [0%@1510,0%@1510,1%@1510,1%@1510,16%@1510,1%@1510] GR3D_FREQ 0% cpu@47.343C soc2@46.375C soc0@44.781C gpu@46.218C tj@47.343C soc1@44.656C VDD_IN 4385mW/4098mW VDD_CPU_GPU_CV 1194mW/986mW VDD_SOC 1395mW/1396mW
08-09-2026 23:04:08 RAM 3050/7620MB (lfb 26x4MB) SWAP 2/12002MB (cached 0MB) CPU [1%@1510,1%@1510,0%@1510,2%@1510,26%@1510,3%@1510] GR3D_FREQ 0% cpu@47.187C soc2@46.406C soc0@44.656C gpu@46.375C tj@47.187C soc1@44.625C VDD_IN 4273mW/4103mW VDD_CPU_GPU_CV 1076mW/989mW VDD_SOC 1395mW/1396mW
08-09-2026 23:04:09 RAM 3062/7620MB (lfb 26x4MB) SWAP 2/12002MB (cached 0MB) CPU [8%@1510,7%@1510,8%@1510,10%@1510,18%@1510,7%@1510] GR3D_FREQ 0% cpu@47.375C soc2@46.437C soc0@44.593C gpu@46.343C tj@47.375C soc1@44.718C VDD_IN 4704mW/4122mW VDD_CPU_GPU_CV 1470mW/1004mW VDD_SOC 1393mW/1396mW
08-09-2026 23:04:10 RAM 3316/7620MB (lfb 14x4MB) SWAP 2/12002MB (cached 0MB) CPU [1%@1510,0%@1510,6%@1510,5%@1510,97%@1510,5%@1510] GR3D_FREQ 0% cpu@47.531C soc2@46.562C soc0@44.687C gpu@46.281C tj@47.531C soc1@44.781C VDD_IN 5158mW/4154mW VDD_CPU_GPU_CV 1621mW/1023mW VDD_SOC 1465mW/1398mW
08-09-2026 23:04:11 RAM 3473/7620MB (lfb 1x4MB) SWAP 2/12002MB (cached 0MB) CPU [2%@1510,1%@1510,2%@1510,1%@1510,22%@1510,2%@1510] GR3D_FREQ 0% cpu@47.218C soc2@46.468C soc0@44.75C gpu@46.406C tj@47.218C soc1@44.906C VDD_IN 4353mW/4159mW VDD_CPU_GPU_CV 1114mW/1025mW VDD_SOC 1395mW/1398mW
08-09-2026 23:04:12 RAM 3473/7620MB (lfb 1x4MB) SWAP 2/12002MB (cached 0MB) CPU [2%@1510,0%@1510,1%@1510,1%@1510,3%@1510,0%@1510] GR3D_FREQ 0% cpu@47.343C soc2@46.437C soc0@44.781C gpu@46.375C tj@47.343C soc1@44.718C VDD_IN 4153mW/4159mW VDD_CPU_GPU_CV 1036mW/1026mW VDD_SOC 1397mW/1398mW
08-09-2026 23:04:13 RAM 3474/7620MB (lfb 1x4MB) SWAP 2/12002MB (cached 0MB) CPU [2%@1510,1%@1510,3%@1510,3%@1510,4%@1510,1%@1510] GR3D_FREQ 0% cpu@47.156C soc2@46.375C soc0@44.781C gpu@46.375C tj@47.156C soc1@44.656C VDD_IN 4233mW/4161mW VDD_CPU_GPU_CV 1036mW/1026mW VDD_SOC 1397mW/1398mW
08-09-2026 23:04:14 RAM 3474/7620MB (lfb 1x4MB) SWAP 2/12002MB (cached 0MB) CPU [1%@1510,0%@1510,2%@1510,2%@1510,3%@1510,2%@1510] GR3D_FREQ 0% cpu@47.031C soc2@46.437C soc0@44.656C gpu@46.312C tj@47.031C soc1@44.625C VDD_IN 4193mW/4162mW VDD_CPU_GPU_CV 1036mW/1026mW VDD_SOC 1397mW/1398mW
08-09-2026 23:04:15 RAM 3474/7620MB (lfb 1x4MB) SWAP 2/12002MB (cached 0MB) CPU [5%@1510,1%@1510,7%@1510,3%@1510,15%@1510,7%@1510] GR3D_FREQ 0% cpu@47.125C soc2@46.375C soc0@44.718C gpu@46.281C tj@47.125C soc1@44.718C VDD_IN 4425mW/4169mW VDD_CPU_GPU_CV 1194mW/1031mW VDD_SOC 1395mW/1398mW
08-09-2026 23:04:16 RAM 3474/7620MB (lfb 1x4MB) SWAP 2/12002MB (cached 0MB) CPU [1%@1510,1%@1510,4%@1510,1%@1510,2%@1510,4%@1510] GR3D_FREQ 0% cpu@47.156C soc2@46.437C soc0@44.718C gpu@46.375C tj@47.156C soc1@44.781C VDD_IN 4233mW/4171mW VDD_CPU_GPU_CV 1036mW/1031mW VDD_SOC 1397mW/1398mW
08-09-2026 23:04:17 RAM 3474/7620MB (lfb 1x4MB) SWAP 2/12002MB (cached 0MB) CPU [2%@1510,1%@1510,0%@1510,0%@1510,1%@1510,3%@1510] GR3D_FREQ 0% cpu@47.062C soc2@46.468C soc0@44.656C gpu@46.593C tj@47.062C soc1@44.812C VDD_IN 4153mW/4170mW VDD_CPU_GPU_CV 996mW/1030mW VDD_SOC 1397mW/1398mW
08-09-2026 23:04:18 RAM 3475/7620MB (lfb 1x4MB) SWAP 2/12002MB (cached 0MB) CPU [4%@1510,0%@1510,2%@1510,3%@1510,2%@1510,3%@1510] GR3D_FREQ 0% cpu@47.125C soc2@46.375C soc0@44.75C gpu@46.593C tj@47.125C soc1@44.687C VDD_IN 4233mW/4172mW VDD_CPU_GPU_CV 1076mW/1031mW VDD_SOC 1397mW/1398mW
08-09-2026 23:04:19 RAM 3475/7620MB (lfb 1x4MB) SWAP 2/12002MB (cached 0MB) CPU [3%@1510,1%@1510,0%@1510,3%@1510,2%@1510,3%@1510] GR3D_FREQ 0% cpu@47.062C soc2@46.406C soc0@44.656C gpu@46.687C tj@47.062C soc1@44.656C VDD_IN 4193mW/4172mW VDD_CPU_GPU_CV 1036mW/1031mW VDD_SOC 1397mW/1398mW
08-09-2026 23:04:20 RAM 3477/7620MB (lfb 1x4MB) SWAP 2/12002MB (cached 0MB) CPU [2%@1510,3%@1510,12%@1510,2%@1510,4%@1510,5%@1510] GR3D_FREQ 0% cpu@47.468C soc2@46.468C soc0@44.656C gpu@46.656C tj@47.156C soc1@44.656C VDD_IN 4425mW/4178mW VDD_CPU_GPU_CV 1194mW/1035mW VDD_SOC 1395mW/1398mW
08-09-2026 23:04:21 RAM 3477/7620MB (lfb 1x4MB) SWAP 2/12002MB (cached 0MB) CPU [2%@1510,3%@1510,1%@1510,0%@1510,1%@1510,0%@1510] GR3D_FREQ 0% cpu@47C soc2@46.5C soc0@44.75C gpu@46.718C tj@47.093C soc1@44.781C VDD_IN 4193mW/4178mW VDD_CPU_GPU_CV 1036mW/1035mW VDD_SOC 1397mW/1398mW
08-09-2026 23:04:22 RAM 3477/7620MB (lfb 1x4MB) SWAP 2/12002MB (cached 0MB) CPU [2%@1510,4%@1510,1%@1510,0%@1510,1%@1510,0%@1510] GR3D_FREQ 0% cpu@47C soc2@46.5C soc0@44.718C gpu@46.718C tj@47C soc1@44.843C VDD_IN 4153mW/4178mW VDD_CPU_GPU_CV 996mW/1034mW VDD_SOC 1397mW/1398mW
08-09-2026 23:04:23 RAM 3478/7620MB (lfb 1x4MB) SWAP 2/12002MB (cached 0MB) CPU [3%@1510,5%@1510,1%@1510,3%@1510,2%@1510,0%@1510] GR3D_FREQ 0% cpu@47.125C soc2@46.406C soc0@44.843C gpu@46.843C tj@47.125C soc1@44.593C VDD_IN 4233mW/4179mW VDD_CPU_GPU_CV 1036mW/1034mW VDD_SOC 1397mW/1398mW
08-09-2026 23:04:24 RAM 3477/7620MB (lfb 1x4MB) SWAP 2/12002MB (cached 0MB) CPU [1%@1510,3%@1510,3%@1510,1%@1510,2%@1510,1%@1510] GR3D_FREQ 0% cpu@47C soc2@46.343C soc0@44.875C gpu@46.718C tj@47C soc1@44.625C VDD_IN 4193mW/4179mW VDD_CPU_GPU_CV 1036mW/1034mW VDD_SOC 1397mW/1398mW
08-09-2026 23:04:25 RAM 3477/7620MB (lfb 1x4MB) SWAP 2/12002MB (cached 0MB) CPU [2%@1510,3%@1510,2%@1510,1%@1510,2%@1510,1%@1510] GR3D_FREQ 0% cpu@47.187C soc2@46.375C soc0@44.75C gpu@46.843C tj@47.187C soc1@44.718C VDD_IN 4153mW/4179mW VDD_CPU_GPU_CV 996mW/1033mW VDD_SOC 1397mW/1398mW
08-09-2026 23:04:26 RAM 3477/7620MB (lfb 1x4MB) SWAP 2/12002MB (cached 0MB) CPU [0%@1510,4%@1510,1%@1510,2%@1510,1%@1510,2%@1510] GR3D_FREQ 0% cpu@47C soc2@46.468C soc0@44.718C gpu@46.468C tj@47C soc1@44.812C VDD_IN 4153mW/4178mW VDD_CPU_GPU_CV 1036mW/1033mW VDD_SOC 1397mW/1398mW
08-09-2026 23:04:27 RAM 3477/7620MB (lfb 1x4MB) SWAP 2/12002MB (cached 0MB) CPU [3%@1510,2%@1510,1%@1510,1%@1510,1%@1510,2%@1510] GR3D_FREQ 0% cpu@47.031C soc2@46.5C soc0@44.75C gpu@46.531C tj@47.031C soc1@44.843C VDD_IN 4153mW/4178mW VDD_CPU_GPU_CV 996mW/1033mW VDD_SOC 1397mW/1398mW
08-09-2026 23:04:28 RAM 3478/7620MB (lfb 1x4MB) SWAP 2/12002MB (cached 0MB) CPU [1%@1510,3%@1510,2%@1510,4%@1510,3%@1510,3%@1510] GR3D_FREQ 0% cpu@47.187C soc2@46.406C soc0@44.781C gpu@46.468C tj@47.187C soc1@44.593C VDD_IN 4233mW/4179mW VDD_CPU_GPU_CV 1036mW/1033mW VDD_SOC 1397mW/1398mW
08-09-2026 23:04:29 RAM 3478/7620MB (lfb 1x4MB) SWAP 2/12002MB (cached 0MB) CPU [4%@1510,4%@1510,2%@1510,3%@1510,3%@1510,3%@1510] GR3D_FREQ 0% cpu@47C soc2@46.468C soc0@44.812C gpu@46.562C tj@47C soc1@44.625C VDD_IN 4233mW/4180mW VDD_CPU_GPU_CV 1036mW/1033mW VDD_SOC 1397mW/1398mW
08-09-2026 23:04:30 RAM 3478/7620MB (lfb 1x4MB) SWAP 2/12002MB (cached 0MB) CPU [2%@1510,3%@1510,2%@1510,3%@1510,3%@1510,4%@1510] GR3D_FREQ 0% cpu@47.187C soc2@46.437C soc0@44.687C gpu@46.531C tj@47.187C soc1@44.687C VDD_IN 4193mW/4180mW VDD_CPU_GPU_CV 1036mW/1033mW VDD_SOC 1397mW/1398mW
08-09-2026 23:04:31 RAM 3478/7620MB (lfb 1x4MB) SWAP 2/12002MB (cached 0MB) CPU [1%@1510,3%@1510,1%@1510,0%@1510,1%@1510,2%@1510] GR3D_FREQ 0% cpu@47C soc2@46.437C soc0@44.687C gpu@46.562C tj@47C soc1@44.718C VDD_IN 4153mW/4180mW VDD_CPU_GPU_CV 996mW/1032mW VDD_SOC 1397mW/1398mW
08-09-2026 23:04:32 RAM 3478/7620MB (lfb 1x4MB) SWAP 2/12002MB (cached 0MB) CPU [1%@1510,3%@1510,1%@1510,0%@1510,0%@1510,3%@1510] GR3D_FREQ 0% cpu@47.093C soc2@46.406C soc0@44.781C gpu@46.5C tj@47.093C soc1@44.843C VDD_IN 4153mW/4179mW VDD_CPU_GPU_CV 996mW/1031mW VDD_SOC 1397mW/1397mW
08-09-2026 23:04:33 RAM 3477/7620MB (lfb 1x4MB) SWAP 2/12002MB (cached 0MB) CPU [1%@1510,3%@1510,2%@1510,2%@1510,2%@1510,3%@1510] GR3D_FREQ 0% cpu@47.093C soc2@46.531C soc0@44.718C gpu@46.531C tj@47.093C soc1@44.562C VDD_IN 4193mW/4179mW VDD_CPU_GPU_CV 1036mW/1031mW VDD_SOC 1397mW/1397mW
08-09-2026 23:04:34 RAM 3478/7620MB (lfb 1x4MB) SWAP 2/12002MB (cached 0MB) CPU [3%@1510,2%@1510,1%@1510,3%@1510,1%@1510,2%@1510] GR3D_FREQ 0% cpu@47.375C soc2@46.375C soc0@44.812C gpu@46.375C tj@47.375C soc1@44.75C VDD_IN 4193mW/4180mW VDD_CPU_GPU_CV 1036mW/1031mW VDD_SOC 1397mW/1397mW
08-09-2026 23:04:35 RAM 3478/7620MB (lfb 1x4MB) SWAP 2/12002MB (cached 0MB) CPU [0%@1510,3%@1510,1%@1510,2%@1510,1%@1510,2%@1510] GR3D_FREQ 0% cpu@47.281C soc2@46.406C soc0@44.75C gpu@46.437C tj@47.281C soc1@44.718C VDD_IN 4153mW/4179mW VDD_CPU_GPU_CV 996mW/1031mW VDD_SOC 1397mW/1397mW
08-09-2026 23:04:36 RAM 3478/7620MB (lfb 1x4MB) SWAP 2/12002MB (cached 0MB) CPU [3%@1510,3%@1510,1%@1510,1%@1510,0%@1510,1%@1510] GR3D_FREQ 0% cpu@47C soc2@46.437C soc0@44.687C gpu@46.312C tj@47C soc1@44.781C VDD_IN 4193mW/4179mW VDD_CPU_GPU_CV 996mW/1030mW VDD_SOC 1397mW/1397mW
08-09-2026 23:04:37 RAM 3478/7620MB (lfb 1x4MB) SWAP 2/12002MB (cached 0MB) CPU [1%@1510,2%@1510,0%@1510,1%@1510,6%@1510,1%@1510] GR3D_FREQ 0% cpu@47.093C soc2@46.531C soc0@44.843C gpu@46.406C tj@47.093C soc1@44.781C VDD_IN 4153mW/4179mW VDD_CPU_GPU_CV 996mW/1030mW VDD_SOC 1397mW/1397mW
08-09-2026 23:04:38 RAM 3478/7620MB (lfb 1x4MB) SWAP 2/12002MB (cached 0MB) CPU [0%@1510,3%@1510,3%@1510,1%@1510,3%@1510,2%@1510] GR3D_FREQ 0% cpu@47.25C soc2@46.5C soc0@44.875C gpu@46.375C tj@47.25C soc1@44.718C VDD_IN 4193mW/4179mW VDD_CPU_GPU_CV 1036mW/1030mW VDD_SOC 1397mW/1397mW
08-09-2026 23:04:39 RAM 3478/7620MB (lfb 1x4MB) SWAP 2/12002MB (cached 0MB) CPU [2%@1510,3%@1510,3%@1510,0%@1510,1%@1510,2%@1510] GR3D_FREQ 0% cpu@47.406C soc2@46.375C soc0@44.812C gpu@46.375C tj@47.406C soc1@44.656C VDD_IN 4193mW/4179mW VDD_CPU_GPU_CV 1036mW/1030mW VDD_SOC 1397mW/1397mW
08-09-2026 23:04:40 RAM 3478/7620MB (lfb 1x4MB) SWAP 2/12002MB (cached 0MB) CPU [1%@1510,3%@1510,3%@1510,1%@1510,3%@1510,1%@1510] GR3D_FREQ 0% cpu@47.281C soc2@46.375C soc0@44.75C gpu@46.375C tj@47.281C soc1@44.718C VDD_IN 4153mW/4179mW VDD_CPU_GPU_CV 996mW/1029mW VDD_SOC 1397mW/1397mW
08-09-2026 23:04:41 RAM 3478/7620MB (lfb 1x4MB) SWAP 2/12002MB (cached 0MB) CPU [2%@1510,3%@1510,1%@1510,0%@1510,2%@1510,1%@1510] GR3D_FREQ 0% cpu@47.062C soc2@46.437C soc0@44.656C gpu@46.375C tj@47.062C soc1@44.718C VDD_IN 4153mW/4178mW VDD_CPU_GPU_CV 996mW/1029mW VDD_SOC 1397mW/1397mW
08-09-2026 23:04:42 RAM 3478/7620MB (lfb 1x4MB) SWAP 2/12002MB (cached 0MB) CPU [1%@1510,2%@1510,1%@1510,1%@1510,1%@1510,1%@1510] GR3D_FREQ 0% cpu@47.062C soc2@46.375C soc0@44.718C gpu@46.437C tj@47.062C soc1@44.75C VDD_IN 4153mW/4178mW VDD_CPU_GPU_CV 996mW/1028mW VDD_SOC 1397mW/1397mW
08-09-2026 23:04:43 RAM 3478/7620MB (lfb 1x4MB) SWAP 2/12002MB (cached 0MB) CPU [1%@1510,3%@1510,1%@1510,2%@1510,7%@1510,2%@1510] GR3D_FREQ 0% cpu@47.187C soc2@46.5C soc0@44.812C gpu@46.437C tj@47.187C soc1@44.875C VDD_IN 4193mW/4178mW VDD_CPU_GPU_CV 1036mW/1028mW VDD_SOC 1397mW/1397mW
08-09-2026 23:04:44 RAM 3478/7620MB (lfb 1x4MB) SWAP 2/12002MB (cached 0MB) CPU [1%@1510,3%@1510,4%@1510,2%@1510,1%@1510,2%@1510] GR3D_FREQ 0% cpu@47.093C soc2@46.562C soc0@44.875C gpu@46.781C tj@47.093C soc1@44.656C VDD_IN 4193mW/4178mW VDD_CPU_GPU_CV 1036mW/1029mW VDD_SOC 1397mW/1397mW
08-09-2026 23:04:45 RAM 3478/7620MB (lfb 1x4MB) SWAP 2/12002MB (cached 0MB) CPU [1%@1510,3%@1510,0%@1510,1%@1510,1%@1510,2%@1510] GR3D_FREQ 0% cpu@47.281C soc2@46.437C soc0@44.875C gpu@46.75C tj@47.281C soc1@44.687C VDD_IN 4153mW/4178mW VDD_CPU_GPU_CV 996mW/1028mW VDD_SOC 1397mW/1397mW
08-09-2026 23:04:46 RAM 3478/7620MB (lfb 1x4MB) SWAP 2/12002MB (cached 0MB) CPU [1%@1510,3%@1510,1%@1510,1%@1510,2%@1510,1%@1510] GR3D_FREQ 0% cpu@47.062C soc2@46.437C soc0@44.718C gpu@46.781C tj@47.062C soc1@44.687C VDD_IN 4153mW/4178mW VDD_CPU_GPU_CV 996mW/1028mW VDD_SOC 1397mW/1397mW
08-09-2026 23:04:47 RAM 3478/7620MB (lfb 1x4MB) SWAP 2/12002MB (cached 0MB) CPU [1%@1510,3%@1510,1%@1510,3%@1510,0%@1510,2%@1510] GR3D_FREQ 0% cpu@47.093C soc2@46.437C soc0@44.718C gpu@46.812C tj@47.093C soc1@44.812C VDD_IN 4153mW/4177mW VDD_CPU_GPU_CV 996mW/1027mW VDD_SOC 1397mW/1397mW
08-09-2026 23:04:48 RAM 3479/7620MB (lfb 1x4MB) SWAP 2/12002MB (cached 0MB) CPU [2%@1510,3%@1510,1%@1510,4%@1510,2%@1510,3%@1510] GR3D_FREQ 0% cpu@47.062C soc2@46.5C soc0@44.781C gpu@46.906C tj@47.25C soc1@44.812C VDD_IN 4193mW/4178mW VDD_CPU_GPU_CV 1036mW/1027mW VDD_SOC 1397mW/1397mW
08-09-2026 23:04:49 RAM 3479/7620MB (lfb 1x4MB) SWAP 2/12002MB (cached 0MB) CPU [2%@1510,3%@1510,2%@1510,1%@1510,1%@1510,3%@1510] GR3D_FREQ 0% cpu@47.093C soc2@46.5C soc0@44.781C gpu@46.375C tj@47.093C soc1@44.843C VDD_IN 4193mW/4178mW VDD_CPU_GPU_CV 1036mW/1027mW VDD_SOC 1397mW/1397mW
08-09-2026 23:04:50 RAM 3479/7620MB (lfb 1x4MB) SWAP 2/12002MB (cached 0MB) CPU [1%@1510,2%@1510,1%@1510,1%@1510,1%@1510,1%@1510] GR3D_FREQ 0% cpu@47.25C soc2@46.437C soc0@44.875C gpu@46.375C tj@47.25C soc1@44.718C VDD_IN 4153mW/4177mW VDD_CPU_GPU_CV 996mW/1027mW VDD_SOC 1397mW/1397mW
08-09-2026 23:04:51 RAM 3479/7620MB (lfb 1x4MB) SWAP 2/12002MB (cached 0MB) CPU [2%@1510,3%@1510,2%@1510,1%@1510,1%@1510,1%@1510] GR3D_FREQ 0% cpu@47.125C soc2@46.468C soc0@44.718C gpu@46.312C tj@47.125C soc1@44.75C VDD_IN 4153mW/4177mW VDD_CPU_GPU_CV 996mW/1026mW VDD_SOC 1397mW/1397mW
08-09-2026 23:04:52 RAM 3479/7620MB (lfb 1x4MB) SWAP 2/12002MB (cached 0MB) CPU [1%@1510,2%@1510,1%@1510,2%@1510,1%@1510,1%@1510] GR3D_FREQ 0% cpu@47.343C soc2@46.406C soc0@44.718C gpu@46.375C tj@47.343C soc1@44.718C VDD_IN 4153mW/4177mW VDD_CPU_GPU_CV 996mW/1026mW VDD_SOC 1397mW/1397mW
08-09-2026 23:04:53 RAM 3479/7620MB (lfb 1x4MB) SWAP 2/12002MB (cached 0MB) CPU [1%@1510,3%@1510,4%@1510,5%@1510,18%@1510,2%@1510] GR3D_FREQ 0% cpu@47.031C soc2@46.468C soc0@44.812C gpu@46.343C tj@47.031C soc1@44.812C VDD_IN 4273mW/4178mW VDD_CPU_GPU_CV 1076mW/1027mW VDD_SOC 1395mW/1397mW
08-09-2026 23:04:54 RAM 3479/7620MB (lfb 1x4MB) SWAP 2/12002MB (cached 0MB) CPU [0%@1510,2%@1510,2%@1510,1%@1510,0%@1510,2%@1510] GR3D_FREQ 0% cpu@47.062C soc2@46.5C soc0@44.812C gpu@46.625C tj@47.062C soc1@44.875C VDD_IN 4193mW/4178mW VDD_CPU_GPU_CV 1036mW/1027mW VDD_SOC 1397mW/1397mW
08-09-2026 23:04:55 RAM 3479/7620MB (lfb 1x4MB) SWAP 2/12002MB (cached 0MB) CPU [1%@1510,3%@1510,2%@1510,3%@1510,2%@1510,1%@1510] GR3D_FREQ 0% cpu@47.281C soc2@46.437C soc0@44.843C gpu@46.5C tj@47.281C soc1@44.687C VDD_IN 4153mW/4178mW VDD_CPU_GPU_CV 1036mW/1027mW VDD_SOC 1397mW/1397mW
08-09-2026 23:04:56 RAM 3479/7620MB (lfb 1x4MB) SWAP 2/12002MB (cached 0MB) CPU [1%@1510,3%@1510,1%@1510,1%@1510,1%@1510,0%@1510] GR3D_FREQ 0% cpu@47.062C soc2@46.375C soc0@44.781C gpu@46.625C tj@47.062C soc1@44.75C VDD_IN 4153mW/4178mW VDD_CPU_GPU_CV 996mW/1027mW VDD_SOC 1397mW/1397mW
08-09-2026 23:04:57 RAM 3479/7620MB (lfb 1x4MB) SWAP 2/12002MB (cached 0MB) CPU [2%@1510,2%@1510,2%@1510,1%@1510,2%@1510,0%@1510] GR3D_FREQ 0% cpu@47.375C soc2@46.437C soc0@44.718C gpu@46.656C tj@47.375C soc1@44.75C VDD_IN 4153mW/4177mW VDD_CPU_GPU_CV 996mW/1026mW VDD_SOC 1397mW/1397mW
08-09-2026 23:04:58 RAM 3478/7620MB (lfb 1x4MB) SWAP 2/12002MB (cached 0MB) CPU [1%@1510,3%@1510,2%@1510,2%@1510,4%@1510,5%@1510] GR3D_FREQ 0% cpu@47.093C soc2@46.531C soc0@44.75C gpu@46.687C tj@47.093C soc1@44.812C VDD_IN 4193mW/4177mW VDD_CPU_GPU_CV 1036mW/1026mW VDD_SOC 1397mW/1397mW
08-09-2026 23:04:59 RAM 3478/7620MB (lfb 1x4MB) SWAP 2/12002MB (cached 0MB) CPU [1%@1510,3%@1510,1%@1510,2%@1510,3%@1510,2%@1510] GR3D_FREQ 0% cpu@47.125C soc2@46.468C soc0@44.781C gpu@46.718C tj@47.125C soc1@44.843C VDD_IN 4193mW/4178mW VDD_CPU_GPU_CV 1036mW/1026mW VDD_SOC 1397mW/1397mW
08-09-2026 23:05:00 RAM 3478/7620MB (lfb 1x4MB) SWAP 2/12002MB (cached 0MB) CPU [1%@1510,3%@1510,3%@1510,1%@1510,1%@1510,2%@1510] GR3D_FREQ 0% cpu@47.312C soc2@46.531C soc0@44.781C gpu@46.687C tj@47.312C soc1@44.593C VDD_IN 4153mW/4177mW VDD_CPU_GPU_CV 1036mW/1026mW VDD_SOC 1397mW/1397mW
08-09-2026 23:05:01 RAM 3478/7620MB (lfb 1x4MB) SWAP 2/12002MB (cached 0MB) CPU [1%@1510,2%@1510,1%@1510,0%@1510,1%@1510,1%@1510] GR3D_FREQ 0% cpu@47.125C soc2@46.406C soc0@44.937C gpu@46.625C tj@47.125C soc1@44.75C VDD_IN 4153mW/4177mW VDD_CPU_GPU_CV 996mW/1026mW VDD_SOC 1397mW/1397mW
08-09-2026 23:05:02 RAM 3478/7620MB (lfb 1x4MB) SWAP 2/12002MB (cached 0MB) CPU [1%@1510,2%@1510,1%@1510,2%@1510,1%@1510,2%@1510] GR3D_FREQ 0% cpu@47.343C soc2@46.437C soc0@44.781C gpu@46.718C tj@47.343C soc1@44.718C VDD_IN 4153mW/4177mW VDD_CPU_GPU_CV 996mW/1026mW VDD_SOC 1397mW/1397mW
08-09-2026 23:05:03 RAM 3479/7620MB (lfb 1x4MB) SWAP 2/12002MB (cached 0MB) CPU [1%@1510,3%@1510,2%@1510,3%@1510,6%@1510,3%@1510] GR3D_FREQ 0% cpu@46.968C soc2@46.468C soc0@44.718C gpu@46.656C tj@46.968C soc1@44.781C VDD_IN 4193mW/4177mW VDD_CPU_GPU_CV 1036mW/1026mW VDD_SOC 1397mW/1397mW
08-09-2026 23:05:04 RAM 3479/7620MB (lfb 1x4MB) SWAP 2/12002MB (cached 0MB) CPU [1%@1510,3%@1510,1%@1510,1%@1510,1%@1510,3%@1510] GR3D_FREQ 0% cpu@47.093C soc2@46.437C soc0@44.718C gpu@46.375C tj@47.093C soc1@44.843C VDD_IN 4153mW/4177mW VDD_CPU_GPU_CV 1036mW/1026mW VDD_SOC 1397mW/1397mW
08-09-2026 23:05:05 RAM 3479/7620MB (lfb 1x4MB) SWAP 2/12002MB (cached 0MB) CPU [2%@1510,4%@1510,1%@1510,1%@1510,1%@1510,1%@1510] GR3D_FREQ 0% cpu@47.25C soc2@46.5C soc0@44.875C gpu@46.437C tj@47.25C soc1@44.843C VDD_IN 4153mW/4176mW VDD_CPU_GPU_CV 996mW/1026mW VDD_SOC 1397mW/1397mW
08-09-2026 23:05:06 RAM 3479/7620MB (lfb 1x4MB) SWAP 2/12002MB (cached 0MB) CPU [1%@1510,2%@1510,2%@1510,0%@1510,1%@1510,2%@1510] GR3D_FREQ 0% cpu@47.187C soc2@46.468C soc0@44.843C gpu@46.375C tj@47.187C soc1@44.656C VDD_IN 4153mW/4176mW VDD_CPU_GPU_CV 996mW/1025mW VDD_SOC 1397mW/1397mW
08-09-2026 23:05:07 RAM 3479/7620MB (lfb 1x4MB) SWAP 2/12002MB (cached 0MB) CPU [0%@1510,3%@1510,1%@1510,2%@1510,1%@1510,1%@1510] GR3D_FREQ 0% cpu@47.406C soc2@46.468C soc0@44.875C gpu@46.468C tj@47.406C soc1@44.718C VDD_IN 4153mW/4176mW VDD_CPU_GPU_CV 996mW/1025mW VDD_SOC 1397mW/1397mW
08-09-2026 23:05:08 RAM 3479/7620MB (lfb 1x4MB) SWAP 2/12002MB (cached 0MB) CPU [1%@1510,2%@1510,5%@1510,2%@1510,2%@1510,1%@1510] GR3D_FREQ 0% cpu@47.125C soc2@46.437C soc0@44.75C gpu@46.437C tj@47.125C soc1@44.75C VDD_IN 4193mW/4176mW VDD_CPU_GPU_CV 1036mW/1025mW VDD_SOC 1397mW/1397mW
08-09-2026 23:05:09 RAM 3479/7620MB (lfb 1x4MB) SWAP 2/12002MB (cached 0MB) CPU [3%@1510,1%@1510,2%@1510,4%@1510,1%@1510,2%@1510] GR3D_FREQ 0% cpu@47.125C soc2@46.437C soc0@44.75C gpu@46.437C tj@47.125C soc1@44.843C VDD_IN 4153mW/4176mW VDD_CPU_GPU_CV 1036mW/1025mW VDD_SOC 1397mW/1397mW
08-09-2026 23:05:10 RAM 3478/7620MB (lfb 1x4MB) SWAP 2/12002MB (cached 0MB) CPU [3%@1510,1%@1510,2%@1510,2%@1510,3%@1510,3%@1510] GR3D_FREQ 0% cpu@47.093C soc2@46.531C soc0@44.75C gpu@46.531C tj@47.093C soc1@44.812C VDD_IN 4153mW/4176mW VDD_CPU_GPU_CV 1036mW/1025mW VDD_SOC 1397mW/1397mW
08-09-2026 23:05:11 RAM 3478/7620MB (lfb 1x4MB) SWAP 2/12002MB (cached 0MB) CPU [4%@1510,0%@1510,3%@1510,3%@1510,1%@1510,0%@1510] GR3D_FREQ 0% cpu@47.187C soc2@46.531C soc0@44.812C gpu@46.562C tj@47.187C soc1@44.656C VDD_IN 4153mW/4175mW VDD_CPU_GPU_CV 996mW/1025mW VDD_SOC 1397mW/1397mW
08-09-2026 23:05:12 RAM 3478/7620MB (lfb 1x4MB) SWAP 2/12002MB (cached 0MB) CPU [3%@1510,0%@1510,3%@1510,0%@1510,1%@1510,1%@1510] GR3D_FREQ 0% cpu@47.375C soc2@46.437C soc0@44.875C gpu@46.468C tj@47.375C soc1@44.718C VDD_IN 4153mW/4175mW VDD_CPU_GPU_CV 996mW/1025mW VDD_SOC 1397mW/1397mW
08-09-2026 23:05:13 RAM 3479/7620MB (lfb 1x4MB) SWAP 2/12002MB (cached 0MB) CPU [3%@1510,1%@1510,2%@1510,2%@1510,2%@1510,3%@1510] GR3D_FREQ 0% cpu@47.218C soc2@46.5C soc0@44.781C gpu@46.5C tj@47.218C soc1@44.75C VDD_IN 4193mW/4175mW VDD_CPU_GPU_CV 1036mW/1025mW VDD_SOC 1397mW/1397mW
08-09-2026 23:05:14 RAM 3479/7620MB (lfb 1x4MB) SWAP 2/12002MB (cached 0MB) CPU [4%@1510,0%@1510,2%@1510,3%@1510,2%@1510,3%@1510] GR3D_FREQ 0% cpu@47.437C soc2@46.375C soc0@44.656C gpu@46.531C tj@47.437C soc1@44.812C VDD_IN 4153mW/4175mW VDD_CPU_GPU_CV 1036mW/1025mW VDD_SOC 1397mW/1397mW
08-09-2026 23:05:15 RAM 3479/7620MB (lfb 1x4MB) SWAP 2/12002MB (cached 0MB) CPU [3%@1510,0%@1510,1%@1510,1%@1510,1%@1510,1%@1510] GR3D_FREQ 0% cpu@47.062C soc2@46.5C soc0@44.75C gpu@46.562C tj@47.062C soc1@44.843C VDD_IN 4153mW/4175mW VDD_CPU_GPU_CV 996mW/1025mW VDD_SOC 1397mW/1397mW
08-09-2026 23:05:16 RAM 3479/7620MB (lfb 1x4MB) SWAP 2/12002MB (cached 0MB) CPU [4%@1510,0%@1510,1%@1510,3%@1510,1%@1510,1%@1510] GR3D_FREQ 0% cpu@47.093C soc2@46.437C soc0@44.812C gpu@46.375C tj@47.093C soc1@44.843C VDD_IN 4153mW/4175mW VDD_CPU_GPU_CV 996mW/1024mW VDD_SOC 1397mW/1397mW
08-09-2026 23:05:17 RAM 3479/7620MB (lfb 1x4MB) SWAP 2/12002MB (cached 0MB) CPU [3%@1510,0%@1510,3%@1510,3%@1510,1%@1510,1%@1510] GR3D_FREQ 0% cpu@47.281C soc2@46.375C soc0@44.781C gpu@46.375C tj@47.281C soc1@44.625C VDD_IN 4153mW/4174mW VDD_CPU_GPU_CV 996mW/1024mW VDD_SOC 1397mW/1397mW
08-09-2026 23:05:18 RAM 3480/7620MB (lfb 1x4MB) SWAP 2/12002MB (cached 0MB) CPU [3%@1510,1%@1510,2%@1510,2%@1510,2%@1510,3%@1510] GR3D_FREQ 0% cpu@47.187C soc2@46.437C soc0@44.843C gpu@46.375C tj@47.125C soc1@44.718C VDD_IN 4193mW/4174mW VDD_CPU_GPU_CV 1036mW/1024mW VDD_SOC 1397mW/1397mW
08-09-2026 23:05:19 RAM 3481/7620MB (lfb 1x4MB) SWAP 2/12002MB (cached 0MB) CPU [3%@1510,0%@1510,2%@1510,1%@1510,2%@1510,2%@1510] GR3D_FREQ 0% cpu@47.375C soc2@46.437C soc0@44.687C gpu@46.375C tj@47.375C soc1@44.781C VDD_IN 4153mW/4174mW VDD_CPU_GPU_CV 1036mW/1024mW VDD_SOC 1397mW/1397mW
08-09-2026 23:05:20 RAM 3480/7620MB (lfb 1x4MB) SWAP 2/12002MB (cached 0MB) CPU [4%@1510,1%@1510,1%@1510,1%@1510,3%@1510,0%@1510] GR3D_FREQ 0% cpu@47C soc2@46.531C soc0@44.718C gpu@46.281C tj@47C soc1@44.718C VDD_IN 4153mW/4174mW VDD_CPU_GPU_CV 996mW/1024mW VDD_SOC 1397mW/1397mW
08-09-2026 23:05:21 RAM 3480/7620MB (lfb 1x4MB) SWAP 2/12002MB (cached 0MB) CPU [3%@1510,0%@1510,2%@1510,1%@1510,1%@1510,2%@1510] GR3D_FREQ 0% cpu@47.125C soc2@46.468C soc0@44.718C gpu@46.375C tj@47.125C soc1@44.843C VDD_IN 4153mW/4174mW VDD_CPU_GPU_CV 996mW/1024mW VDD_SOC 1397mW/1397mW
08-09-2026 23:05:22 RAM 3480/7620MB (lfb 1x4MB) SWAP 2/12002MB (cached 0MB) CPU [1%@1510,2%@1510,2%@1510,1%@1510,1%@1510,2%@1510] GR3D_FREQ 0% cpu@47.312C soc2@46.5C soc0@44.781C gpu@46.375C tj@47.312C soc1@44.656C VDD_IN 4153mW/4174mW VDD_CPU_GPU_CV 996mW/1023mW VDD_SOC 1397mW/1397mW
08-09-2026 23:05:23 RAM 3480/7620MB (lfb 1x4MB) SWAP 2/12002MB (cached 0MB) CPU [1%@1510,3%@1510,3%@1510,2%@1510,3%@1510,3%@1510] GR3D_FREQ 0% cpu@47.218C soc2@46.468C soc0@44.843C gpu@46.375C tj@47.218C soc1@44.562C VDD_IN 4193mW/4174mW VDD_CPU_GPU_CV 1036mW/1024mW VDD_SOC 1397mW/1397mW
08-09-2026 23:05:24 RAM 3479/7620MB (lfb 1x4MB) SWAP 2/12002MB (cached 0MB) CPU [1%@1510,2%@1510,2%@1510,3%@1510,4%@1510,2%@1510] GR3D_FREQ 0% cpu@47.375C soc2@46.375C soc0@44.687C gpu@46.406C tj@47.375C soc1@44.718C VDD_IN 4153mW/4174mW VDD_CPU_GPU_CV 1036mW/1024mW VDD_SOC 1397mW/1397mW
08-09-2026 23:05:25 RAM 3479/7620MB (lfb 1x4MB) SWAP 2/12002MB (cached 0MB) CPU [1%@1510,3%@1510,1%@1510,4%@1510,1%@1510,1%@1510] GR3D_FREQ 0% cpu@47.093C soc2@46.437C soc0@44.687C gpu@46.406C tj@47.093C soc1@44.75C VDD_IN 4153mW/4173mW VDD_CPU_GPU_CV 996mW/1023mW VDD_SOC 1397mW/1397mW
08-09-2026 23:05:26 RAM 3479/7620MB (lfb 1x4MB) SWAP 2/12002MB (cached 0MB) CPU [1%@1510,4%@1510,1%@1510,1%@1510,1%@1510,1%@1510] GR3D_FREQ 0% cpu@47.125C soc2@46.406C soc0@44.75C gpu@46.375C tj@47.125C soc1@44.812C VDD_IN 4153mW/4173mW VDD_CPU_GPU_CV 996mW/1023mW VDD_SOC 1397mW/1397mW
08-09-2026 23:05:27 RAM 3479/7620MB (lfb 1x4MB) SWAP 2/12002MB (cached 0MB) CPU [0%@1510,3%@1510,2%@1510,2%@1510,1%@1510,1%@1510] GR3D_FREQ 0% cpu@47.156C soc2@46.468C soc0@44.781C gpu@46.437C tj@47.156C soc1@44.781C VDD_IN 4153mW/4173mW VDD_CPU_GPU_CV 996mW/1023mW VDD_SOC 1397mW/1397mW
08-09-2026 23:05:28 RAM 3478/7620MB (lfb 1x4MB) SWAP 2/12002MB (cached 0MB) CPU [2%@1510,3%@1510,3%@1510,4%@1510,1%@1510,3%@1510] GR3D_FREQ 0% cpu@47.218C soc2@46.562C soc0@44.843C gpu@46.5C tj@47.218C soc1@44.937C VDD_IN 4193mW/4173mW VDD_CPU_GPU_CV 1036mW/1023mW VDD_SOC 1397mW/1397mW
08-09-2026 23:05:29 RAM 3479/7620MB (lfb 1x4MB) SWAP 2/12002MB (cached 0MB) CPU [1%@1510,4%@1510,3%@1510,1%@1510,1%@1510,2%@1510] GR3D_FREQ 0% cpu@47.375C soc2@46.406C soc0@44.906C gpu@46.531C tj@47.375C soc1@44.687C VDD_IN 4153mW/4173mW VDD_CPU_GPU_CV 1036mW/1023mW VDD_SOC 1397mW/1397mW
08-09-2026 23:05:30 RAM 3479/7620MB (lfb 1x4MB) SWAP 2/12002MB (cached 0MB) CPU [0%@1510,3%@1510,1%@1510,2%@1510,2%@1510,2%@1510] GR3D_FREQ 0% cpu@47.218C soc2@46.5C soc0@44.687C gpu@46.437C tj@47.218C soc1@44.718C VDD_IN 4153mW/4173mW VDD_CPU_GPU_CV 996mW/1023mW VDD_SOC 1397mW/1397mW
08-09-2026 23:05:31 RAM 3479/7620MB (lfb 1x4MB) SWAP 2/12002MB (cached 0MB) CPU [1%@1510,3%@1510,1%@1510,1%@1510,0%@1510,2%@1510] GR3D_FREQ 0% cpu@47.031C soc2@46.406C soc0@44.687C gpu@46.843C tj@47.031C soc1@44.781C VDD_IN 4153mW/4173mW VDD_CPU_GPU_CV 996mW/1023mW VDD_SOC 1397mW/1397mW
08-09-2026 23:05:32 RAM 3479/7620MB (lfb 1x4MB) SWAP 2/12002MB (cached 0MB) CPU [1%@1510,3%@1510,1%@1510,1%@1510,1%@1510,2%@1510] GR3D_FREQ 0% cpu@47.093C soc2@46.531C soc0@44.687C gpu@46.375C tj@47.093C soc1@44.75C VDD_IN 4153mW/4172mW VDD_CPU_GPU_CV 996mW/1022mW VDD_SOC 1397mW/1397mW
08-09-2026 23:05:33 RAM 3479/7620MB (lfb 1x4MB) SWAP 2/12002MB (cached 0MB) CPU [1%@1510,2%@1510,3%@1510,4%@1510,2%@1510,2%@1510] GR3D_FREQ 0% cpu@47.156C soc2@46.562C soc0@44.781C gpu@46.375C tj@47.156C soc1@44.812C VDD_IN 4153mW/4172mW VDD_CPU_GPU_CV 1036mW/1022mW VDD_SOC 1397mW/1397mW
08-09-2026 23:05:34 RAM 3478/7620MB (lfb 1x4MB) SWAP 2/12002MB (cached 0MB) CPU [2%@1510,3%@1510,1%@1510,2%@1510,2%@1510,2%@1510] GR3D_FREQ 0% cpu@47.093C soc2@46.468C soc0@44.843C gpu@46.312C tj@47.093C soc1@44.656C VDD_IN 4193mW/4172mW VDD_CPU_GPU_CV 1036mW/1023mW VDD_SOC 1397mW/1397mW
08-09-2026 23:05:35 RAM 3478/7620MB (lfb 1x4MB) SWAP 2/12002MB (cached 0MB) CPU [1%@1510,3%@1510,1%@1510,2%@1510,1%@1510,2%@1510] GR3D_FREQ 0% cpu@47.281C soc2@46.468C soc0@44.812C gpu@46.375C tj@47.281C soc1@44.687C VDD_IN 4153mW/4172mW VDD_CPU_GPU_CV 996mW/1022mW VDD_SOC 1397mW/1397mW
08-09-2026 23:05:36 RAM 3478/7620MB (lfb 1x4MB) SWAP 2/12002MB (cached 0MB) CPU [0%@1510,3%@1510,0%@1510,0%@1510,2%@1510,1%@1510] GR3D_FREQ 0% cpu@47.062C soc2@46.5C soc0@44.656C gpu@46.343C tj@47.062C soc1@44.687C VDD_IN 4153mW/4172mW VDD_CPU_GPU_CV 996mW/1022mW VDD_SOC 1397mW/1397mW
08-09-2026 23:05:37 RAM 3478/7620MB (lfb 1x4MB) SWAP 2/12002MB (cached 0MB) CPU [1%@1510,3%@1510,1%@1510,1%@1510,1%@1510,3%@1510] GR3D_FREQ 0% cpu@47.312C soc2@46.531C soc0@44.75C gpu@46.437C tj@47.125C soc1@44.843C VDD_IN 4153mW/4172mW VDD_CPU_GPU_CV 996mW/1022mW VDD_SOC 1397mW/1397mW
08-09-2026 23:05:38 RAM 3478/7620MB (lfb 1x4MB) SWAP 2/12002MB (cached 0MB) CPU [2%@1510,3%@1510,3%@1510,2%@1510,2%@1510,2%@1510] GR3D_FREQ 0% cpu@47C soc2@46.531C soc0@44.781C gpu@46.375C tj@47.218C soc1@44.812C VDD_IN 4193mW/4172mW VDD_CPU_GPU_CV 1036mW/1022mW VDD_SOC 1397mW/1397mW
08-09-2026 23:05:39 RAM 3478/7620MB (lfb 1x4MB) SWAP 2/12002MB (cached 0MB) CPU [1%@1510,3%@1510,3%@1510,0%@1510,1%@1510,3%@1510] GR3D_FREQ 0% cpu@47.125C soc2@46.562C soc0@44.843C gpu@46.437C tj@47.125C soc1@45C VDD_IN 4193mW/4172mW VDD_CPU_GPU_CV 1036mW/1022mW VDD_SOC 1397mW/1397mW
08-09-2026 23:05:40 RAM 3478/7620MB (lfb 1x4MB) SWAP 2/12002MB (cached 0MB) CPU [4%@1510,0%@1510,2%@1510,0%@1510,1%@1510,2%@1510] GR3D_FREQ 0% cpu@47.25C soc2@46.375C soc0@44.875C gpu@46.468C tj@47.25C soc1@44.718C VDD_IN 4153mW/4172mW VDD_CPU_GPU_CV 996mW/1022mW VDD_SOC 1397mW/1397mW
08-09-2026 23:05:41 RAM 3478/7620MB (lfb 1x4MB) SWAP 2/12002MB (cached 0MB) CPU [4%@1510,1%@1510,1%@1510,2%@1510,1%@1510,2%@1510] GR3D_FREQ 0% cpu@47.156C soc2@46.375C soc0@44.968C gpu@46.375C tj@47.156C soc1@44.656C VDD_IN 4153mW/4172mW VDD_CPU_GPU_CV 996mW/1022mW VDD_SOC 1397mW/1397mW
08-09-2026 23:05:42 RAM 3478/7620MB (lfb 1x4MB) SWAP 2/12002MB (cached 0MB) CPU [3%@1510,1%@1510,2%@1510,1%@1510,1%@1510,2%@1510] GR3D_FREQ 0% cpu@47.312C soc2@46.5C soc0@44.781C gpu@46.375C tj@47.312C soc1@44.781C VDD_IN 4153mW/4172mW VDD_CPU_GPU_CV 996mW/1022mW VDD_SOC 1397mW/1397mW
08-09-2026 23:05:43 RAM 3479/7620MB (lfb 1x4MB) SWAP 2/12002MB (cached 0MB) CPU [4%@1510,1%@1510,1%@1510,5%@1510,3%@1510,4%@1510] GR3D_FREQ 0% cpu@47.093C soc2@46.593C soc0@44.75C gpu@46.375C tj@47.093C soc1@44.875C VDD_IN 4193mW/4172mW VDD_CPU_GPU_CV 1036mW/1022mW VDD_SOC 1397mW/1397mW
08-09-2026 23:05:44 RAM 3479/7620MB (lfb 1x4MB) SWAP 2/12002MB (cached 0MB) CPU [3%@1510,0%@1510,2%@1510,1%@1510,2%@1510,2%@1510] GR3D_FREQ 0% cpu@47.125C soc2@46.5C soc0@44.843C gpu@46.5C tj@47.125C soc1@44.875C VDD_IN 4153mW/4172mW VDD_CPU_GPU_CV 1036mW/1022mW VDD_SOC 1397mW/1397mW
08-09-2026 23:05:45 RAM 3479/7620MB (lfb 1x4MB) SWAP 2/12002MB (cached 0MB) CPU [3%@1510,0%@1510,1%@1510,1%@1510,1%@1510,3%@1510] GR3D_FREQ 0% cpu@47.343C soc2@46.656C soc0@44.843C gpu@46.468C tj@47.343C soc1@44.718C VDD_IN 4153mW/4172mW VDD_CPU_GPU_CV 996mW/1022mW VDD_SOC 1397mW/1397mW
08-09-2026 23:05:46 RAM 3479/7620MB (lfb 1x4MB) SWAP 2/12002MB (cached 0MB) CPU [2%@1510,0%@1510,1%@1510,2%@1510,1%@1510,1%@1510] GR3D_FREQ 0% cpu@47.156C soc2@46.468C soc0@44.875C gpu@46.687C tj@47.156C soc1@44.75C VDD_IN 4153mW/4172mW VDD_CPU_GPU_CV 1036mW/1022mW VDD_SOC 1397mW/1397mW
08-09-2026 23:05:47 RAM 3479/7620MB (lfb 1x4MB) SWAP 2/12002MB (cached 0MB) CPU [3%@1510,1%@1510,1%@1510,0%@1510,1%@1510,2%@1510] GR3D_FREQ 0% cpu@47.375C soc2@46.5C soc0@44.843C gpu@46.843C tj@47.375C soc1@44.718C VDD_IN 4153mW/4171mW VDD_CPU_GPU_CV 996mW/1021mW VDD_SOC 1397mW/1397mW
08-09-2026 23:05:48 RAM 3479/7620MB (lfb 1x4MB) SWAP 2/12002MB (cached 0MB) CPU [3%@1510,0%@1510,2%@1510,2%@1510,3%@1510,3%@1510] GR3D_FREQ 0% cpu@47.25C soc2@46.468C soc0@44.75C gpu@46.875C tj@47.25C soc1@44.781C VDD_IN 4193mW/4172mW VDD_CPU_GPU_CV 1036mW/1022mW VDD_SOC 1397mW/1397mW
08-09-2026 23:05:49 RAM 3480/7620MB (lfb 1x4MB) SWAP 2/12002MB (cached 0MB) CPU [2%@1510,0%@1510,2%@1510,2%@1510,3%@1510,1%@1510] GR3D_FREQ 0% cpu@47.187C soc2@46.468C soc0@44.875C gpu@46.843C tj@47.187C soc1@44.906C VDD_IN 4193mW/4172mW VDD_CPU_GPU_CV 1036mW/1022mW VDD_SOC 1397mW/1397mW
08-09-2026 23:05:50 RAM 3480/7620MB (lfb 1x4MB) SWAP 2/12002MB (cached 0MB) CPU [4%@1510,0%@1510,2%@1510,0%@1510,1%@1510,1%@1510] GR3D_FREQ 0% cpu@47.187C soc2@46.5C soc0@44.812C gpu@46.843C tj@47.187C soc1@44.937C VDD_IN 4153mW/4172mW VDD_CPU_GPU_CV 996mW/1021mW VDD_SOC 1397mW/1397mW
08-09-2026 23:05:51 RAM 3480/7620MB (lfb 1x4MB) SWAP 2/12002MB (cached 0MB) CPU [2%@1510,0%@1510,1%@1510,1%@1510,2%@1510,2%@1510] GR3D_FREQ 0% cpu@47.218C soc2@46.468C soc0@44.781C gpu@46.843C tj@47.218C soc1@44.781C VDD_IN 4153mW/4171mW VDD_CPU_GPU_CV 996mW/1021mW VDD_SOC 1397mW/1397mW
08-09-2026 23:05:52 RAM 3480/7620MB (lfb 1x4MB) SWAP 2/12002MB (cached 0MB) CPU [3%@1510,0%@1510,1%@1510,0%@1510,0%@1510,1%@1510] GR3D_FREQ 0% cpu@47.375C soc2@46.5C soc0@44.718C gpu@46.562C tj@47.312C soc1@44.843C VDD_IN 4153mW/4171mW VDD_CPU_GPU_CV 996mW/1021mW VDD_SOC 1397mW/1397mW
08-09-2026 23:05:53 RAM 3478/7620MB (lfb 1x4MB) SWAP 2/12002MB (cached 0MB) CPU [4%@1510,0%@1510,4%@1510,3%@1510,2%@1510,1%@1510] GR3D_FREQ 0% cpu@47.093C soc2@46.562C soc0@44.812C gpu@46.531C tj@47.187C soc1@44.906C VDD_IN 4193mW/4171mW VDD_CPU_GPU_CV 1036mW/1021mW VDD_SOC 1397mW/1397mW
08-09-2026 23:05:54 RAM 3477/7620MB (lfb 1x4MB) SWAP 2/12002MB (cached 0MB) CPU [2%@1510,0%@1510,2%@1510,2%@1510,3%@1510,1%@1510] GR3D_FREQ 0% cpu@47.125C soc2@46.656C soc0@44.781C gpu@46.937C tj@47.125C soc1@44.718C VDD_IN 4153mW/4171mW VDD_CPU_GPU_CV 1036mW/1021mW VDD_SOC 1397mW/1397mW
08-09-2026 23:05:55 RAM 3477/7620MB (lfb 1x4MB) SWAP 2/12002MB (cached 0MB) CPU [2%@1510,1%@1510,2%@1510,0%@1510,1%@1510,0%@1510] GR3D_FREQ 0% cpu@47.25C soc2@46.437C soc0@44.906C gpu@46.406C tj@47.25C soc1@44.781C VDD_IN 4153mW/4171mW VDD_CPU_GPU_CV 996mW/1021mW VDD_SOC 1397mW/1397mW
08-09-2026 23:05:56 RAM 3477/7620MB (lfb 1x4MB) SWAP 2/12002MB (cached 0MB) CPU [4%@1510,0%@1510,2%@1510,1%@1510,1%@1510,1%@1510] GR3D_FREQ 0% cpu@47.531C soc2@46.437C soc0@44.75C gpu@46.375C tj@47.531C soc1@44.75C VDD_IN 4153mW/4171mW VDD_CPU_GPU_CV 996mW/1021mW VDD_SOC 1397mW/1397mW
08-09-2026 23:05:57 RAM 3477/7620MB (lfb 1x4MB) SWAP 2/12002MB (cached 0MB) CPU [3%@1510,0%@1510,3%@1510,0%@1510,2%@1510,0%@1510] GR3D_FREQ 0% cpu@47.093C soc2@46.562C soc0@44.875C gpu@46.5C tj@47.093C soc1@44.843C VDD_IN 4153mW/4171mW VDD_CPU_GPU_CV 1036mW/1021mW VDD_SOC 1397mW/1397mW
08-09-2026 23:05:58 RAM 3477/7620MB (lfb 1x4MB) SWAP 2/12002MB (cached 0MB) CPU [3%@1510,0%@1510,3%@1510,1%@1510,4%@1510,2%@1510] GR3D_FREQ 0% cpu@47.218C soc2@46.437C soc0@44.843C gpu@46.593C tj@47.218C soc1@44.687C VDD_IN 4193mW/4171mW VDD_CPU_GPU_CV 1036mW/1021mW VDD_SOC 1397mW/1397mW
08-09-2026 23:05:59 RAM 3478/7620MB (lfb 1x4MB) SWAP 2/12002MB (cached 0MB) CPU [4%@1510,1%@1510,2%@1510,1%@1510,3%@1510,2%@1510] GR3D_FREQ 0% cpu@47.531C soc2@46.5C soc0@44.718C gpu@46.375C tj@47.531C soc1@44.781C VDD_IN 4193mW/4171mW VDD_CPU_GPU_CV 1036mW/1021mW VDD_SOC 1397mW/1397mW
08-09-2026 23:06:00 RAM 3478/7620MB (lfb 1x4MB) SWAP 2/12002MB (cached 0MB) CPU [3%@1510,1%@1510,0%@1510,1%@1510,3%@1510,1%@1510] GR3D_FREQ 0% cpu@47.093C soc2@46.531C soc0@44.781C gpu@46.343C tj@47.093C soc1@44.75C VDD_IN 4153mW/4171mW VDD_CPU_GPU_CV 1036mW/1021mW VDD_SOC 1397mW/1397mW
08-09-2026 23:06:01 RAM 3477/7620MB (lfb 1x4MB) SWAP 2/12002MB (cached 0MB) CPU [4%@1510,0%@1510,0%@1510,1%@1510,1%@1510,2%@1510] GR3D_FREQ 0% cpu@47.156C soc2@46.5C soc0@44.875C gpu@46.593C tj@47.156C soc1@44.906C VDD_IN 4153mW/4171mW VDD_CPU_GPU_CV 996mW/1021mW VDD_SOC 1397mW/1397mW
08-09-2026 23:06:03 RAM 3477/7620MB (lfb 1x4MB) SWAP 2/12002MB (cached 0MB) CPU [3%@1510,2%@1510,2%@1510,3%@1510,2%@1510,1%@1510] GR3D_FREQ 0% cpu@47.312C soc2@46.437C soc0@44.875C gpu@46.562C tj@47.312C soc1@44.75C VDD_IN 4153mW/4171mW VDD_CPU_GPU_CV 996mW/1021mW VDD_SOC 1397mW/1397mW
08-09-2026 23:06:04 RAM 3478/7620MB (lfb 1x4MB) SWAP 2/12002MB (cached 0MB) CPU [3%@1510,0%@1510,2%@1510,1%@1510,1%@1510,4%@1510] GR3D_FREQ 0% cpu@47.062C soc2@46.437C soc0@44.75C gpu@46.375C tj@47.031C soc1@44.781C VDD_IN 4153mW/4171mW VDD_CPU_GPU_CV 1036mW/1021mW VDD_SOC 1397mW/1397mW
08-09-2026 23:06:05 RAM 3478/7620MB (lfb 1x4MB) SWAP 2/12002MB (cached 0MB) CPU [4%@1510,0%@1510,2%@1510,2%@1510,0%@1510,1%@1510] GR3D_FREQ 0% cpu@47.093C soc2@46.531C soc0@44.875C gpu@46.468C tj@47.093C soc1@44.843C VDD_IN 4153mW/4171mW VDD_CPU_GPU_CV 996mW/1021mW VDD_SOC 1397mW/1397mW
08-09-2026 23:06:06 RAM 3478/7620MB (lfb 1x4MB) SWAP 2/12002MB (cached 0MB) CPU [3%@1510,1%@1510,3%@1510,0%@1510,2%@1510,1%@1510] GR3D_FREQ 0% cpu@47.125C soc2@46.5C soc0@44.718C gpu@46.531C tj@47.125C soc1@44.75C VDD_IN 4153mW/4170mW VDD_CPU_GPU_CV 1036mW/1021mW VDD_SOC 1397mW/1397mW
08-09-2026 23:06:07 RAM 3478/7620MB (lfb 1x4MB) SWAP 2/12002MB (cached 0MB) CPU [3%@1510,1%@1510,2%@1510,1%@1510,1%@1510,1%@1510] GR3D_FREQ 0% cpu@47.312C soc2@46.375C soc0@44.718C gpu@46.656C tj@47.312C soc1@44.687C VDD_IN 4153mW/4170mW VDD_CPU_GPU_CV 996mW/1021mW VDD_SOC 1397mW/1397mW
08-09-2026 23:06:08 RAM 3478/7620MB (lfb 1x4MB) SWAP 2/12002MB (cached 0MB) CPU [3%@1510,1%@1510,1%@1510,1%@1510,1%@1510,1%@1510] GR3D_FREQ 0% cpu@47.062C soc2@46.468C soc0@44.812C gpu@46.625C tj@47.062C soc1@44.75C VDD_IN 4153mW/4170mW VDD_CPU_GPU_CV 996mW/1021mW VDD_SOC 1397mW/1397mW
08-09-2026 23:06:09 RAM 3478/7620MB (lfb 1x4MB) SWAP 2/12002MB (cached 0MB) CPU [0%@1510,4%@1510,3%@1510,3%@1510,5%@1510,3%@1510] GR3D_FREQ 0% cpu@47.093C soc2@46.468C soc0@44.687C gpu@46.406C tj@47.093C soc1@44.843C VDD_IN 4153mW/4170mW VDD_CPU_GPU_CV 1036mW/1021mW VDD_SOC 1397mW/1397mW
08-09-2026 23:06:10 RAM 3478/7620MB (lfb 1x4MB) SWAP 2/12002MB (cached 0MB) CPU [1%@1510,3%@1510,2%@1510,1%@1510,1%@1510,1%@1510] GR3D_FREQ 0% cpu@47.25C soc2@46.343C soc0@44.781C gpu@46.375C tj@47.25C soc1@44.656C VDD_IN 4153mW/4170mW VDD_CPU_GPU_CV 996mW/1021mW VDD_SOC 1397mW/1397mW
08-09-2026 23:06:11 RAM 3478/7620MB (lfb 1x4MB) SWAP 2/12002MB (cached 0MB) CPU [1%@1510,3%@1510,1%@1510,0%@1510,5%@1510,1%@1510] GR3D_FREQ 0% cpu@47.125C soc2@46.406C soc0@44.843C gpu@46.375C tj@47.125C soc1@44.75C VDD_IN 4153mW/4170mW VDD_CPU_GPU_CV 996mW/1020mW VDD_SOC 1397mW/1397mW
08-09-2026 23:06:12 RAM 3478/7620MB (lfb 1x4MB) SWAP 2/12002MB (cached 0MB) CPU [0%@1510,3%@1510,2%@1510,0%@1510,2%@1510,1%@1510] GR3D_FREQ 0% cpu@47.312C soc2@46.437C soc0@44.718C gpu@46.343C tj@47.156C soc1@44.781C VDD_IN 4153mW/4170mW VDD_CPU_GPU_CV 996mW/1020mW VDD_SOC 1397mW/1397mW
08-09-2026 23:06:13 RAM 3478/7620MB (lfb 1x4MB) SWAP 2/12002MB (cached 0MB) CPU [0%@1510,4%@1510,2%@1510,1%@1510,0%@1510,2%@1510] GR3D_FREQ 0% cpu@47.093C soc2@46.468C soc0@44.656C gpu@46.468C tj@47.093C soc1@44.75C VDD_IN 4153mW/4170mW VDD_CPU_GPU_CV 996mW/1020mW VDD_SOC 1397mW/1397mW
08-09-2026 23:06:14 RAM 3478/7620MB (lfb 1x4MB) SWAP 2/12002MB (cached 0MB) CPU [2%@1510,4%@1510,2%@1510,4%@1510,1%@1510,4%@1510] GR3D_FREQ 0% cpu@47.125C soc2@46.437C soc0@44.781C gpu@46.468C tj@47.125C soc1@44.843C VDD_IN 4153mW/4170mW VDD_CPU_GPU_CV 996mW/1020mW VDD_SOC 1397mW/1397mW
08-09-2026 23:06:15 RAM 3478/7620MB (lfb 1x4MB) SWAP 2/12002MB (cached 0MB) CPU [1%@1510,2%@1510,2%@1510,2%@1510,4%@1510,1%@1510] GR3D_FREQ 0% cpu@47.281C soc2@46.531C soc0@44.875C gpu@46.437C tj@47.281C soc1@44.906C VDD_IN 4153mW/4169mW VDD_CPU_GPU_CV 996mW/1020mW VDD_SOC 1397mW/1397mW
08-09-2026 23:06:16 RAM 3478/7620MB (lfb 1x4MB) SWAP 2/12002MB (cached 0MB) CPU [0%@1510,3%@1510,1%@1510,0%@1510,1%@1510,3%@1510] GR3D_FREQ 0% cpu@47.187C soc2@46.468C soc0@44.937C gpu@46.5C tj@47.187C soc1@44.687C VDD_IN 4153mW/4169mW VDD_CPU_GPU_CV 996mW/1020mW VDD_SOC 1397mW/1397mW
08-09-2026 23:06:17 RAM 3478/7620MB (lfb 1x4MB) SWAP 2/12002MB (cached 0MB) CPU [2%@1510,3%@1510,1%@1510,1%@1510,1%@1510,1%@1510] GR3D_FREQ 0% cpu@47.25C soc2@46.437C soc0@44.718C gpu@46.468C tj@47.25C soc1@44.687C VDD_IN 4153mW/4169mW VDD_CPU_GPU_CV 996mW/1019mW VDD_SOC 1397mW/1397mW
08-09-2026 23:06:18 RAM 3478/7620MB (lfb 1x4MB) SWAP 2/12002MB (cached 0MB) CPU [1%@1510,3%@1510,3%@1510,2%@1510,2%@1510,1%@1510] GR3D_FREQ 0% cpu@47C soc2@46.437C soc0@44.687C gpu@46.75C tj@47C soc1@44.718C VDD_IN 4193mW/4169mW VDD_CPU_GPU_CV 996mW/1019mW VDD_SOC 1397mW/1397mW
08-09-2026 23:06:19 RAM 3478/7620MB (lfb 1x4MB) SWAP 2/12002MB (cached 0MB) CPU [1%@1510,5%@1510,4%@1510,2%@1510,2%@1510,2%@1510] GR3D_FREQ 0% cpu@47.125C soc2@46.531C soc0@44.718C gpu@46.75C tj@47.125C soc1@44.812C VDD_IN 4153mW/4169mW VDD_CPU_GPU_CV 1036mW/1019mW VDD_SOC 1397mW/1397mW
08-09-2026 23:06:20 RAM 3478/7620MB (lfb 1x4MB) SWAP 2/12002MB (cached 0MB) CPU [0%@1510,3%@1510,3%@1510,4%@1510,2%@1510,0%@1510] GR3D_FREQ 0% cpu@47.093C soc2@46.468C soc0@44.75C gpu@46.75C tj@47.093C soc1@44.843C VDD_IN 4193mW/4169mW VDD_CPU_GPU_CV 1036mW/1020mW VDD_SOC 1397mW/1397mW
08-09-2026 23:06:21 RAM 3478/7620MB (lfb 1x4MB) SWAP 2/12002MB (cached 0MB) CPU [1%@1510,3%@1510,2%@1510,1%@1510,1%@1510,1%@1510] GR3D_FREQ 0% cpu@47.125C soc2@46.468C soc0@44.781C gpu@46.812C tj@47.125C soc1@44.843C VDD_IN 4153mW/4169mW VDD_CPU_GPU_CV 996mW/1019mW VDD_SOC 1397mW/1397mW
08-09-2026 23:06:22 RAM 3478/7620MB (lfb 1x4MB) SWAP 2/12002MB (cached 0MB) CPU [1%@1510,3%@1510,1%@1510,1%@1510,1%@1510,2%@1510] GR3D_FREQ 0% cpu@47.312C soc2@46.375C soc0@44.875C gpu@46.375C tj@47.312C soc1@44.687C VDD_IN 4153mW/4169mW VDD_CPU_GPU_CV 996mW/1019mW VDD_SOC 1397mW/1397mW
08-09-2026 23:06:23 RAM 3478/7620MB (lfb 1x4MB) SWAP 2/12002MB (cached 0MB) CPU [1%@1510,3%@1510,2%@1510,1%@1510,0%@1510,1%@1510] GR3D_FREQ 0% cpu@47.156C soc2@46.375C soc0@44.875C gpu@46.312C tj@47.125C soc1@44.656C VDD_IN 4153mW/4169mW VDD_CPU_GPU_CV 996mW/1019mW VDD_SOC 1397mW/1397mW
08-09-2026 23:06:24 RAM 3479/7620MB (lfb 1x4MB) SWAP 2/12002MB (cached 0MB) CPU [1%@1510,2%@1510,3%@1510,3%@1510,1%@1510,2%@1510] GR3D_FREQ 0% cpu@47.093C soc2@46.406C soc0@44.718C gpu@46.343C tj@47.093C soc1@44.718C VDD_IN 4153mW/4169mW VDD_CPU_GPU_CV 1036mW/1019mW VDD_SOC 1397mW/1397mW
08-09-2026 23:06:25 RAM 3479/7620MB (lfb 1x4MB) SWAP 2/12002MB (cached 0MB) CPU [2%@1510,3%@1510,2%@1510,1%@1510,2%@1510,1%@1510] GR3D_FREQ 0% cpu@47.125C soc2@46.375C soc0@44.687C gpu@46.375C tj@47.125C soc1@44.781C VDD_IN 4153mW/4169mW VDD_CPU_GPU_CV 1036mW/1019mW VDD_SOC 1397mW/1397mW
08-09-2026 23:06:26 RAM 3479/7620MB (lfb 1x4MB) SWAP 2/12002MB (cached 0MB) CPU [0%@1510,3%@1510,2%@1510,3%@1510,1%@1510,0%@1510] GR3D_FREQ 0% cpu@47.218C soc2@46.437C soc0@44.687C gpu@46.343C tj@47.218C soc1@44.843C VDD_IN 4153mW/4169mW VDD_CPU_GPU_CV 996mW/1019mW VDD_SOC 1397mW/1397mW
08-09-2026 23:06:27 RAM 3479/7620MB (lfb 1x4MB) SWAP 2/12002MB (cached 0MB) CPU [1%@1510,3%@1510,0%@1510,1%@1510,3%@1510,2%@1510] GR3D_FREQ 0% cpu@47.093C soc2@46.5C soc0@44.875C gpu@46.406C tj@47.093C soc1@44.843C VDD_IN 4153mW/4169mW VDD_CPU_GPU_CV 996mW/1019mW VDD_SOC 1397mW/1397mW
08-09-2026 23:06:28 RAM 3479/7620MB (lfb 1x4MB) SWAP 2/12002MB (cached 0MB) CPU [2%@1510,3%@1510,1%@1510,3%@1510,2%@1510,1%@1510] GR3D_FREQ 0% cpu@47.218C soc2@46.375C soc0@44.875C gpu@46.437C tj@47.218C soc1@44.687C VDD_IN 4193mW/4169mW VDD_CPU_GPU_CV 996mW/1019mW VDD_SOC 1397mW/1397mW
08-09-2026 23:06:29 RAM 3479/7620MB (lfb 1x4MB) SWAP 2/12002MB (cached 0MB) CPU [1%@1510,4%@1510,3%@1510,2%@1510,1%@1510,1%@1510] GR3D_FREQ 0% cpu@47.5C soc2@46.406C soc0@44.875C gpu@46.406C tj@47.5C soc1@44.656C VDD_IN 4153mW/4169mW VDD_CPU_GPU_CV 1036mW/1019mW VDD_SOC 1397mW/1397mW
08-09-2026 23:06:30 RAM 3478/7620MB (lfb 1x4MB) SWAP 2/12002MB (cached 0MB) CPU [2%@1510,4%@1510,1%@1510,2%@1510,0%@1510,2%@1510] GR3D_FREQ 0% cpu@47.25C soc2@46.5C soc0@44.656C gpu@46.375C tj@47.25C soc1@44.687C VDD_IN 4153mW/4169mW VDD_CPU_GPU_CV 1036mW/1019mW VDD_SOC 1397mW/1397mW
08-09-2026 23:06:31 RAM 3478/7620MB (lfb 1x4MB) SWAP 2/12002MB (cached 0MB) CPU [2%@1510,3%@1510,0%@1510,2%@1510,1%@1510,0%@1510] GR3D_FREQ 0% cpu@47.031C soc2@46.375C soc0@44.718C gpu@46.375C tj@47.031C soc1@44.781C VDD_IN 4153mW/4169mW VDD_CPU_GPU_CV 996mW/1019mW VDD_SOC 1397mW/1397mW
08-09-2026 23:06:32 RAM 3478/7620MB (lfb 1x4MB) SWAP 2/12002MB (cached 0MB) CPU [1%@1510,3%@1510,2%@1510,2%@1510,2%@1510,0%@1510] GR3D_FREQ 0% cpu@47.125C soc2@46.437C soc0@44.718C gpu@46.375C tj@47.125C soc1@44.812C VDD_IN 4153mW/4168mW VDD_CPU_GPU_CV 996mW/1019mW VDD_SOC 1397mW/1397mW
08-09-2026 23:06:33 RAM 3478/7620MB (lfb 1x4MB) SWAP 2/12002MB (cached 0MB) CPU [2%@1510,3%@1510,2%@1510,2%@1510,1%@1510,1%@1510] GR3D_FREQ 0% cpu@47.125C soc2@46.531C soc0@44.75C gpu@46.375C tj@47.125C soc1@44.843C VDD_IN 4153mW/4168mW VDD_CPU_GPU_CV 996mW/1019mW VDD_SOC 1397mW/1397mW
08-09-2026 23:06:34 RAM 3478/7620MB (lfb 1x4MB) SWAP 2/12002MB (cached 0MB) CPU [0%@1510,3%@1510,1%@1510,3%@1510,4%@1510,1%@1510] GR3D_FREQ 0% cpu@47.093C soc2@46.406C soc0@44.781C gpu@46.437C tj@47.093C soc1@44.718C VDD_IN 4153mW/4168mW VDD_CPU_GPU_CV 1036mW/1019mW VDD_SOC 1397mW/1397mW
08-09-2026 23:06:35 RAM 3477/7620MB (lfb 1x4MB) SWAP 2/12002MB (cached 0MB) CPU [0%@1510,3%@1510,1%@1510,2%@1510,2%@1510,2%@1510] GR3D_FREQ 0% cpu@47.281C soc2@46.406C soc0@44.875C gpu@46.406C tj@47.281C soc1@44.562C VDD_IN 4153mW/4168mW VDD_CPU_GPU_CV 1036mW/1019mW VDD_SOC 1397mW/1397mW
08-09-2026 23:06:36 RAM 3477/7620MB (lfb 1x4MB) SWAP 2/12002MB (cached 0MB) CPU [2%@1510,2%@1510,2%@1510,2%@1510,2%@1510,0%@1510] GR3D_FREQ 0% cpu@47.031C soc2@46.406C soc0@44.687C gpu@46.406C tj@47.031C soc1@44.687C VDD_IN 4153mW/4168mW VDD_CPU_GPU_CV 996mW/1019mW VDD_SOC 1397mW/1397mW
08-09-2026 23:06:37 RAM 3477/7620MB (lfb 1x4MB) SWAP 2/12002MB (cached 0MB) CPU [1%@1510,3%@1510,1%@1510,2%@1510,2%@1510,1%@1510] GR3D_FREQ 0% cpu@47.093C soc2@46.375C soc0@44.656C gpu@46.375C tj@47.093C soc1@44.843C VDD_IN 4153mW/4168mW VDD_CPU_GPU_CV 996mW/1019mW VDD_SOC 1397mW/1397mW
08-09-2026 23:06:38 RAM 3477/7620MB (lfb 1x4MB) SWAP 2/12002MB (cached 0MB) CPU [1%@1510,3%@1510,1%@1510,1%@1510,1%@1510,0%@1510] GR3D_FREQ 0% cpu@47.062C soc2@46.5C soc0@44.656C gpu@46.437C tj@47.062C soc1@44.75C VDD_IN 4193mW/4168mW VDD_CPU_GPU_CV 996mW/1018mW VDD_SOC 1397mW/1397mW
08-09-2026 23:06:39 RAM 3477/7620MB (lfb 1x4MB) SWAP 2/12002MB (cached 0MB) CPU [2%@1510,4%@1510,2%@1510,3%@1510,1%@1510,3%@1510] GR3D_FREQ 0% cpu@47.031C soc2@46.562C soc0@44.75C gpu@46.375C tj@47.031C soc1@44.843C VDD_IN 4153mW/4168mW VDD_CPU_GPU_CV 996mW/1018mW VDD_SOC 1397mW/1397mW
08-09-2026 23:06:40 RAM 3477/7620MB (lfb 1x4MB) SWAP 2/12002MB (cached 0MB) CPU [2%@1510,4%@1510,0%@1510,2%@1510,5%@1510,1%@1510] GR3D_FREQ 0% cpu@47.25C soc2@46.437C soc0@44.75C gpu@46.468C tj@47.25C soc1@44.625C VDD_IN 4153mW/4168mW VDD_CPU_GPU_CV 996mW/1018mW VDD_SOC 1397mW/1397mW
08-09-2026 23:06:41 RAM 3477/7620MB (lfb 1x4MB) SWAP 2/12002MB (cached 0MB) CPU [2%@1510,3%@1510,0%@1510,1%@1510,1%@1510,1%@1510] GR3D_FREQ 0% cpu@47.125C soc2@46.343C soc0@44.875C gpu@46.406C tj@47C soc1@44.656C VDD_IN 4153mW/4168mW VDD_CPU_GPU_CV 996mW/1018mW VDD_SOC 1397mW/1397mW
08-09-2026 23:06:42 RAM 3477/7620MB (lfb 1x4MB) SWAP 2/12002MB (cached 0MB) CPU [1%@1510,4%@1510,1%@1510,1%@1510,2%@1510,1%@1510] GR3D_FREQ 0% cpu@47.375C soc2@46.375C soc0@44.656C gpu@46.468C tj@47.375C soc1@44.625C VDD_IN 4153mW/4168mW VDD_CPU_GPU_CV 996mW/1018mW VDD_SOC 1397mW/1397mW
08-09-2026 23:06:43 RAM 3477/7620MB (lfb 1x4MB) SWAP 2/12002MB (cached 0MB) CPU [3%@1510,1%@1510,1%@1510,2%@1510,1%@1510,2%@1510] GR3D_FREQ 0% cpu@46.937C soc2@46.375C soc0@44.656C gpu@46.437C tj@46.937C soc1@44.718C VDD_IN 4193mW/4168mW VDD_CPU_GPU_CV 1036mW/1018mW VDD_SOC 1397mW/1397mW
08-09-2026 23:06:44 RAM 3477/7620MB (lfb 1x4MB) SWAP 2/12002MB (cached 0MB) CPU [4%@1510,0%@1510,3%@1510,3%@1510,2%@1510,2%@1510] GR3D_FREQ 0% cpu@47.062C soc2@46.5C soc0@44.687C gpu@46.375C tj@47.062C soc1@44.75C VDD_IN 4153mW/4168mW VDD_CPU_GPU_CV 1036mW/1018mW VDD_SOC 1397mW/1397mW
08-09-2026 23:06:45 RAM 3477/7620MB (lfb 1x4MB) SWAP 2/12002MB (cached 0MB) CPU [4%@1510,1%@1510,2%@1510,1%@1510,1%@1510,2%@1510] GR3D_FREQ 0% cpu@47.156C soc2@46.375C soc0@44.718C gpu@46.437C tj@47.156C soc1@44.875C VDD_IN 4153mW/4168mW VDD_CPU_GPU_CV 1036mW/1018mW VDD_SOC 1397mW/1397mW
08-09-2026 23:06:46 RAM 3477/7620MB (lfb 1x4MB) SWAP 2/12002MB (cached 0MB) CPU [3%@1510,1%@1510,2%@1510,1%@1510,2%@1510,0%@1510] GR3D_FREQ 0% cpu@47.093C soc2@46.375C soc0@44.781C gpu@46.5C tj@47.093C soc1@44.593C VDD_IN 4153mW/4168mW VDD_CPU_GPU_CV 1036mW/1018mW VDD_SOC 1397mW/1397mW
08-09-2026 23:06:47 RAM 3477/7620MB (lfb 1x4MB) SWAP 2/12002MB (cached 0MB) CPU [4%@1510,0%@1510,2%@1510,1%@1510,1%@1510,1%@1510] GR3D_FREQ 0% cpu@47.343C soc2@46.375C soc0@44.625C gpu@46.468C tj@47.343C soc1@44.593C VDD_IN 4153mW/4168mW VDD_CPU_GPU_CV 1036mW/1018mW VDD_SOC 1397mW/1397mW
08-09-2026 23:06:48 RAM 3477/7620MB (lfb 1x4MB) SWAP 2/12002MB (cached 0MB) CPU [3%@1510,1%@1510,3%@1510,1%@1510,4%@1510,2%@1510] GR3D_FREQ 0% cpu@46.968C soc2@46.312C soc0@44.625C gpu@46.468C tj@46.968C soc1@44.625C VDD_IN 4273mW/4168mW VDD_CPU_GPU_CV 1076mW/1019mW VDD_SOC 1397mW/1397mW
08-09-2026 23:06:49 RAM 3476/7620MB (lfb 1x4MB) SWAP 2/12002MB (cached 0MB) CPU [4%@1510,0%@1510,1%@1510,1%@1510,1%@1510,1%@1510] GR3D_FREQ 0% cpu@47C soc2@46.343C soc0@44.656C gpu@46.468C tj@47.031C soc1@44.75C VDD_IN 4153mW/4168mW VDD_CPU_GPU_CV 1036mW/1019mW VDD_SOC 1397mW/1397mW
08-09-2026 23:06:50 RAM 3475/7620MB (lfb 1x4MB) SWAP 2/12002MB (cached 0MB) CPU [3%@1510,1%@1510,2%@1510,2%@1510,1%@1510,0%@1510] GR3D_FREQ 0% cpu@46.937C soc2@46.406C soc0@44.718C gpu@46.562C tj@46.937C soc1@44.781C VDD_IN 4153mW/4168mW VDD_CPU_GPU_CV 1036mW/1019mW VDD_SOC 1397mW/1397mW
08-09-2026 23:06:51 RAM 3475/7620MB (lfb 1x4MB) SWAP 2/12002MB (cached 0MB) CPU [3%@1510,1%@1510,1%@1510,1%@1510,1%@1510,3%@1510] GR3D_FREQ 0% cpu@47.125C soc2@46.406C soc0@44.718C gpu@46.593C tj@47.125C soc1@44.906C VDD_IN 4153mW/4168mW VDD_CPU_GPU_CV 996mW/1019mW VDD_SOC 1397mW/1397mW
08-09-2026 23:06:52 RAM 3475/7620MB (lfb 1x4MB) SWAP 2/12002MB (cached 0MB) CPU [4%@1510,0%@1510,1%@1510,2%@1510,2%@1510,2%@1510] GR3D_FREQ 0% cpu@47.187C soc2@46.437C soc0@44.812C gpu@46.562C tj@47.187C soc1@44.687C VDD_IN 4153mW/4168mW VDD_CPU_GPU_CV 1036mW/1019mW VDD_SOC 1397mW/1397mW
08-09-2026 23:06:53 RAM 3475/7620MB (lfb 1x4MB) SWAP 2/12002MB (cached 0MB) CPU [2%@1510,2%@1510,3%@1510,2%@1510,3%@1510,1%@1510] GR3D_FREQ 0% cpu@47.218C soc2@46.375C soc0@44.843C gpu@46.593C tj@47.218C soc1@44.625C VDD_IN 4273mW/4168mW VDD_CPU_GPU_CV 1076mW/1019mW VDD_SOC 1397mW/1397mW
08-09-2026 23:06:54 RAM 3476/7620MB (lfb 1x4MB) SWAP 2/12002MB (cached 0MB) CPU [1%@1510,4%@1510,2%@1510,1%@1510,1%@1510,2%@1510] GR3D_FREQ 0% cpu@47C soc2@46.312C soc0@44.75C gpu@46.687C tj@47C soc1@44.656C VDD_IN 4193mW/4169mW VDD_CPU_GPU_CV 1036mW/1019mW VDD_SOC 1397mW/1397mW
08-09-2026 23:06:55 RAM 3475/7620MB (lfb 1x4MB) SWAP 2/12002MB (cached 0MB) CPU [2%@1510,2%@1510,1%@1510,0%@1510,1%@1510,1%@1510] GR3D_FREQ 0% cpu@47C soc2@46.343C soc0@44.625C gpu@46.593C tj@47C soc1@44.687C VDD_IN 4153mW/4168mW VDD_CPU_GPU_CV 1036mW/1019mW VDD_SOC 1397mW/1397mW
08-09-2026 23:06:56 RAM 3475/7620MB (lfb 1x4MB) SWAP 2/12002MB (cached 0MB) CPU [1%@1510,3%@1510,2%@1510,1%@1510,1%@1510,0%@1510] GR3D_FREQ 0% cpu@47C soc2@46.437C soc0@44.718C gpu@46.593C tj@47.093C soc1@44.656C VDD_IN 4153mW/4168mW VDD_CPU_GPU_CV 996mW/1019mW VDD_SOC 1397mW/1397mW
08-09-2026 23:06:57 RAM 3475/7620MB (lfb 1x4MB) SWAP 2/12002MB (cached 0MB) CPU [1%@1510,3%@1510,1%@1510,1%@1510,2%@1510,1%@1510] GR3D_FREQ 0% cpu@46.968C soc2@46.375C soc0@44.656C gpu@46.593C tj@46.968C soc1@44.812C VDD_IN 4153mW/4168mW VDD_CPU_GPU_CV 996mW/1019mW VDD_SOC 1397mW/1397mW
08-09-2026 23:06:58 RAM 3475/7620MB (lfb 1x4MB) SWAP 2/12002MB (cached 0MB) CPU [1%@1510,3%@1510,4%@1510,3%@1510,2%@1510,2%@1510] GR3D_FREQ 0% cpu@47.187C soc2@46.406C soc0@44.812C gpu@46.718C tj@47.187C soc1@44.593C VDD_IN 4273mW/4169mW VDD_CPU_GPU_CV 1076mW/1019mW VDD_SOC 1397mW/1397mW
08-09-2026 23:06:59 RAM 3476/7620MB (lfb 1x4MB) SWAP 2/12002MB (cached 0MB) CPU [2%@1510,3%@1510,1%@1510,2%@1510,2%@1510,3%@1510] GR3D_FREQ 0% cpu@47.406C soc2@46.437C soc0@44.75C gpu@46.687C tj@47.406C soc1@44.593C VDD_IN 4193mW/4169mW VDD_CPU_GPU_CV 1036mW/1019mW VDD_SOC 1397mW/1397mW
08-09-2026 23:07:00 RAM 3475/7620MB (lfb 1x4MB) SWAP 2/12002MB (cached 0MB) CPU [2%@1510,4%@1510,0%@1510,1%@1510,3%@1510,0%@1510] GR3D_FREQ 0% cpu@47.187C soc2@46.375C soc0@44.625C gpu@46.812C tj@47.187C soc1@44.593C VDD_IN 4153mW/4169mW VDD_CPU_GPU_CV 1036mW/1020mW VDD_SOC 1397mW/1397mW
08-09-2026 23:07:01 RAM 3475/7620MB (lfb 1x4MB) SWAP 2/12002MB (cached 0MB) CPU [1%@1510,3%@1510,1%@1510,2%@1510,3%@1510,1%@1510] GR3D_FREQ 0% cpu@47.031C soc2@46.375C soc0@44.625C gpu@46.75C tj@47.031C soc1@44.656C VDD_IN 4153mW/4169mW VDD_CPU_GPU_CV 1036mW/1020mW VDD_SOC 1397mW/1397mW
08-09-2026 23:07:02 RAM 3475/7620MB (lfb 1x4MB) SWAP 2/12002MB (cached 0MB) CPU [1%@1510,3%@1510,1%@1510,1%@1510,1%@1510,1%@1510] GR3D_FREQ 0% cpu@47.093C soc2@46.375C soc0@44.625C gpu@46.312C tj@47.093C soc1@44.718C VDD_IN 4153mW/4169mW VDD_CPU_GPU_CV 996mW/1019mW VDD_SOC 1397mW/1397mW
08-09-2026 23:07:03 RAM 3476/7620MB (lfb 1x4MB) SWAP 2/12002MB (cached 0MB) CPU [1%@1510,3%@1510,2%@1510,6%@1510,2%@1510,2%@1510] GR3D_FREQ 0% cpu@47.218C soc2@46.375C soc0@44.75C gpu@46.406C tj@47.218C soc1@44.812C VDD_IN 4233mW/4169mW VDD_CPU_GPU_CV 1076mW/1020mW VDD_SOC 1397mW/1397mW
08-09-2026 23:07:04 RAM 3477/7620MB (lfb 1x4MB) SWAP 2/12002MB (cached 0MB) CPU [3%@1510,1%@1510,3%@1510,2%@1510,2%@1510,2%@1510] GR3D_FREQ 0% cpu@47.093C soc2@46.375C soc0@44.812C gpu@46.468C tj@47.093C soc1@44.687C VDD_IN 4193mW/4169mW VDD_CPU_GPU_CV 1036mW/1020mW VDD_SOC 1397mW/1397mW
08-09-2026 23:07:05 RAM 3476/7620MB (lfb 1x4MB) SWAP 2/12002MB (cached 0MB) CPU [4%@1510,0%@1510,1%@1510,2%@1510,3%@1510,0%@1510] GR3D_FREQ 0% cpu@47.187C soc2@46.375C soc0@44.843C gpu@46.406C tj@47.187C soc1@44.593C VDD_IN 4153mW/4169mW VDD_CPU_GPU_CV 996mW/1020mW VDD_SOC 1397mW/1397mW
08-09-2026 23:07:06 RAM 3476/7620MB (lfb 1x4MB) SWAP 2/12002MB (cached 0MB) CPU [3%@1510,1%@1510,0%@1510,2%@1510,1%@1510,0%@1510] GR3D_FREQ 0% cpu@47C soc2@46.375C soc0@44.625C gpu@46.375C tj@47C soc1@44.687C VDD_IN 4153mW/4169mW VDD_CPU_GPU_CV 996mW/1020mW VDD_SOC 1397mW/1397mW
08-09-2026 23:07:07 RAM 3476/7620MB (lfb 1x4MB) SWAP 2/12002MB (cached 0MB) CPU [1%@1510,2%@1510,1%@1510,2%@1510,2%@1510,2%@1510] GR3D_FREQ 0% cpu@46.906C soc2@46.375C soc0@44.718C gpu@46.468C tj@46.906C soc1@44.687C VDD_IN 4153mW/4169mW VDD_CPU_GPU_CV 996mW/1019mW VDD_SOC 1397mW/1397mW
08-09-2026 23:07:08 RAM 3476/7620MB (lfb 1x4MB) SWAP 2/12002MB (cached 0MB) CPU [1%@1510,3%@1510,4%@1510,1%@1510,2%@1510,2%@1510] GR3D_FREQ 0% cpu@46.906C soc2@46.406C soc0@44.656C gpu@46.437C tj@46.906C soc1@44.687C VDD_IN 4233mW/4169mW VDD_CPU_GPU_CV 1076mW/1020mW VDD_SOC 1397mW/1397mW
08-09-2026 23:07:09 RAM 3476/7620MB (lfb 1x4MB) SWAP 2/12002MB (cached 0MB) CPU [1%@1510,2%@1510,2%@1510,1%@1510,2%@1510,2%@1510] GR3D_FREQ 0% cpu@47.093C soc2@46.437C soc0@44.718C gpu@46.593C tj@47.093C soc1@44.625C VDD_IN 4193mW/4169mW VDD_CPU_GPU_CV 1036mW/1020mW VDD_SOC 1397mW/1397mW
08-09-2026 23:07:10 RAM 3476/7620MB (lfb 1x4MB) SWAP 2/12002MB (cached 0MB) CPU [1%@1510,3%@1510,1%@1510,2%@1510,3%@1510,3%@1510] GR3D_FREQ 0% cpu@47.218C soc2@46.312C soc0@44.781C gpu@46.531C tj@47.218C soc1@44.562C VDD_IN 4193mW/4169mW VDD_CPU_GPU_CV 1036mW/1020mW VDD_SOC 1397mW/1397mW
08-09-2026 23:07:11 RAM 3476/7620MB (lfb 1x4MB) SWAP 2/12002MB (cached 0MB) CPU [1%@1510,3%@1510,2%@1510,2%@1510,1%@1510,1%@1510] GR3D_FREQ 0% cpu@47.062C soc2@46.375C soc0@44.656C gpu@46.25C tj@47.062C soc1@44.656C VDD_IN 4153mW/4169mW VDD_CPU_GPU_CV 1036mW/1020mW VDD_SOC 1397mW/1397mW
08-09-2026 23:07:12 RAM 3476/7620MB (lfb 1x4MB) SWAP 2/12002MB (cached 0MB) CPU [0%@1510,2%@1510,2%@1510,1%@1510,1%@1510,1%@1510] GR3D_FREQ 0% cpu@47.062C soc2@46.375C soc0@44.656C gpu@46.375C tj@47.062C soc1@44.656C VDD_IN 4153mW/4169mW VDD_CPU_GPU_CV 996mW/1020mW VDD_SOC 1397mW/1397mW
08-09-2026 23:07:13 RAM 3476/7620MB (lfb 1x4MB) SWAP 2/12002MB (cached 0MB) CPU [2%@1510,3%@1510,3%@1510,1%@1510,2%@1510,2%@1510] GR3D_FREQ 0% cpu@47.156C soc2@46.375C soc0@44.75C gpu@46.375C tj@47.156C soc1@44.843C VDD_IN 4233mW/4170mW VDD_CPU_GPU_CV 1036mW/1020mW VDD_SOC 1397mW/1397mW
08-09-2026 23:07:14 RAM 3476/7620MB (lfb 1x4MB) SWAP 2/12002MB (cached 0MB) CPU [1%@1510,2%@1510,1%@1510,5%@1510,3%@1510,1%@1510] GR3D_FREQ 0% cpu@47.062C soc2@46.375C soc0@44.781C gpu@46.25C tj@47.062C soc1@44.781C VDD_IN 4193mW/4170mW VDD_CPU_GPU_CV 1036mW/1020mW VDD_SOC 1397mW/1397mW
08-09-2026 23:07:15 RAM 3476/7620MB (lfb 1x4MB) SWAP 2/12002MB (cached 0MB) CPU [0%@1510,3%@1510,1%@1510,1%@1510,0%@1510,2%@1510] GR3D_FREQ 0% cpu@47.125C soc2@46.375C soc0@44.781C gpu@46.375C tj@47.125C soc1@44.593C VDD_IN 4153mW/4170mW VDD_CPU_GPU_CV 996mW/1020mW VDD_SOC 1397mW/1397mW
08-09-2026 23:07:16 RAM 3476/7620MB (lfb 1x4MB) SWAP 2/12002MB (cached 0MB) CPU [1%@1510,3%@1510,1%@1510,1%@1510,1%@1510,0%@1510] GR3D_FREQ 0% cpu@47C soc2@46.375C soc0@44.656C gpu@46.656C tj@47C soc1@44.625C VDD_IN 4153mW/4169mW VDD_CPU_GPU_CV 996mW/1020mW VDD_SOC 1397mW/1397mW
08-09-2026 23:07:17 RAM 3476/7620MB (lfb 1x4MB) SWAP 2/12002MB (cached 0MB) CPU [1%@1510,3%@1510,2%@1510,1%@1510,1%@1510,0%@1510] GR3D_FREQ 0% cpu@47.031C soc2@46.406C soc0@44.625C gpu@46.593C tj@47.031C soc1@44.781C VDD_IN 4153mW/4169mW VDD_CPU_GPU_CV 996mW/1020mW VDD_SOC 1397mW/1397mW
08-09-2026 23:07:18 RAM 3476/7620MB (lfb 1x4MB) SWAP 2/12002MB (cached 0MB) CPU [1%@1510,2%@1510,2%@1510,4%@1510,3%@1510,2%@1510] GR3D_FREQ 0% cpu@47.218C soc2@46.468C soc0@44.718C gpu@46.593C tj@47.218C soc1@44.781C VDD_IN 4233mW/4170mW VDD_CPU_GPU_CV 1036mW/1020mW VDD_SOC 1397mW/1397mW
08-09-2026 23:07:19 RAM 3476/7620MB (lfb 1x4MB) SWAP 2/12002MB (cached 0MB) CPU [1%@1510,3%@1510,2%@1510,2%@1510,1%@1510,2%@1510] GR3D_FREQ 0% cpu@47.093C soc2@46.375C soc0@44.75C gpu@46.687C tj@47.375C soc1@44.531C VDD_IN 4193mW/4170mW VDD_CPU_GPU_CV 1036mW/1020mW VDD_SOC 1397mW/1397mW
08-09-2026 23:07:20 RAM 3476/7620MB (lfb 1x4MB) SWAP 2/12002MB (cached 0MB) CPU [1%@1510,3%@1510,2%@1510,1%@1510,1%@1510,0%@1510] GR3D_FREQ 0% cpu@47.125C soc2@46.375C soc0@44.781C gpu@46.718C tj@47.125C soc1@44.593C VDD_IN 4153mW/4170mW VDD_CPU_GPU_CV 996mW/1020mW VDD_SOC 1397mW/1397mW
08-09-2026 23:07:21 RAM 3476/7620MB (lfb 1x4MB) SWAP 2/12002MB (cached 0MB) CPU [0%@1510,2%@1510,3%@1510,1%@1510,0%@1510,0%@1510] GR3D_FREQ 0% cpu@47C soc2@46.375C soc0@44.656C gpu@46.375C tj@47C soc1@44.718C VDD_IN 4153mW/4170mW VDD_CPU_GPU_CV 996mW/1020mW VDD_SOC 1397mW/1397mW
08-09-2026 23:07:22 RAM 3476/7620MB (lfb 1x4MB) SWAP 2/12002MB (cached 0MB) CPU [1%@1510,4%@1510,3%@1510,2%@1510,1%@1510,1%@1510] GR3D_FREQ 0% cpu@47.062C soc2@46.437C soc0@44.718C gpu@46.375C tj@47.062C soc1@44.687C VDD_IN 4153mW/4170mW VDD_CPU_GPU_CV 996mW/1019mW VDD_SOC 1397mW/1397mW
08-09-2026 23:07:23 RAM 3476/7620MB (lfb 1x4MB) SWAP 2/12002MB (cached 0MB) CPU [1%@1510,3%@1510,1%@1510,3%@1510,5%@1510,3%@1510] GR3D_FREQ 0% cpu@47.156C soc2@46.406C soc0@44.781C gpu@46.375C tj@47.156C soc1@44.843C VDD_IN 4233mW/4170mW VDD_CPU_GPU_CV 1036mW/1020mW VDD_SOC 1397mW/1397mW
08-09-2026 23:07:24 RAM 3476/7620MB (lfb 1x4MB) SWAP 2/12002MB (cached 0MB) CPU [1%@1510,4%@1510,1%@1510,2%@1510,3%@1510,1%@1510] GR3D_FREQ 0% cpu@47.375C soc2@46.343C soc0@44.812C gpu@46.437C tj@47.375C soc1@44.718C VDD_IN 4193mW/4170mW VDD_CPU_GPU_CV 1036mW/1020mW VDD_SOC 1397mW/1397mW
08-09-2026 23:07:25 RAM 3476/7620MB (lfb 1x4MB) SWAP 2/12002MB (cached 0MB) CPU [2%@1510,4%@1510,1%@1510,2%@1510,1%@1510,1%@1510] GR3D_FREQ 0% cpu@47.218C soc2@46.343C soc0@44.687C gpu@46.5C tj@47.125C soc1@44.718C VDD_IN 4153mW/4170mW VDD_CPU_GPU_CV 996mW/1020mW VDD_SOC 1397mW/1397mW
08-09-2026 23:07:26 RAM 3476/7620MB (lfb 1x4MB) SWAP 2/12002MB (cached 0MB) CPU [1%@1510,2%@1510,0%@1510,1%@1510,1%@1510,1%@1510] GR3D_FREQ 0% cpu@47C soc2@46.468C soc0@44.656C gpu@46.781C tj@47C soc1@44.687C VDD_IN 4153mW/4170mW VDD_CPU_GPU_CV 996mW/1019mW VDD_SOC 1397mW/1397mW
08-09-2026 23:07:27 RAM 3476/7620MB (lfb 1x4MB) SWAP 2/12002MB (cached 0MB) CPU [2%@1510,3%@1510,2%@1510,1%@1510,2%@1510,1%@1510] GR3D_FREQ 0% cpu@47.062C soc2@46.468C soc0@44.718C gpu@46.375C tj@47.062C soc1@44.843C VDD_IN 4153mW/4170mW VDD_CPU_GPU_CV 996mW/1019mW VDD_SOC 1397mW/1397mW
08-09-2026 23:07:28 RAM 3475/7620MB (lfb 1x4MB) SWAP 2/12002MB (cached 0MB) CPU [1%@1510,3%@1510,2%@1510,3%@1510,3%@1510,2%@1510] GR3D_FREQ 0% cpu@47.093C soc2@46.468C soc0@44.812C gpu@46.375C tj@47.093C soc1@44.843C VDD_IN 4233mW/4170mW VDD_CPU_GPU_CV 1036mW/1019mW VDD_SOC 1397mW/1397mW
08-09-2026 23:07:29 RAM 3475/7620MB (lfb 1x4MB) SWAP 2/12002MB (cached 0MB) CPU [0%@1510,3%@1510,3%@1510,1%@1510,2%@1510,1%@1510] GR3D_FREQ 0% cpu@47.25C soc2@46.312C soc0@44.812C gpu@46.375C tj@47.25C soc1@44.625C VDD_IN 4193mW/4170mW VDD_CPU_GPU_CV 1036mW/1019mW VDD_SOC 1397mW/1397mW
08-09-2026 23:07:30 RAM 3475/7620MB (lfb 1x4MB) SWAP 2/12002MB (cached 0MB) CPU [1%@1510,3%@1510,1%@1510,1%@1510,0%@1510,1%@1510] GR3D_FREQ 0% cpu@47.062C soc2@46.375C soc0@44.687C gpu@46.312C tj@47.062C soc1@44.687C VDD_IN 4153mW/4170mW VDD_CPU_GPU_CV 1036mW/1020mW VDD_SOC 1397mW/1397mW
08-09-2026 23:07:31 RAM 3476/7620MB (lfb 1x4MB) SWAP 2/12002MB (cached 0MB) CPU [2%@1510,4%@1510,1%@1510,0%@1510,4%@1510,0%@1510] GR3D_FREQ 0% cpu@47C soc2@46.406C soc0@44.75C gpu@46.343C tj@47C soc1@44.718C VDD_IN 4193mW/4170mW VDD_CPU_GPU_CV 1036mW/1020mW VDD_SOC 1397mW/1397mW
08-09-2026 23:07:32 RAM 3476/7620MB (lfb 1x4MB) SWAP 2/12002MB (cached 0MB) CPU [1%@1510,3%@1510,1%@1510,0%@1510,1%@1510,1%@1510] GR3D_FREQ 0% cpu@46.968C soc2@46.406C soc0@44.718C gpu@46.562C tj@46.968C soc1@44.843C VDD_IN 4153mW/4170mW VDD_CPU_GPU_CV 1036mW/1020mW VDD_SOC 1397mW/1397mW
08-09-2026 23:07:33 RAM 3476/7620MB (lfb 1x4MB) SWAP 2/12002MB (cached 0MB) CPU [1%@1510,2%@1510,4%@1510,0%@1510,2%@1510,2%@1510] GR3D_FREQ 0% cpu@47.093C soc2@46.5C soc0@44.812C gpu@46.531C tj@47.093C soc1@44.843C VDD_IN 4233mW/4170mW VDD_CPU_GPU_CV 1036mW/1020mW VDD_SOC 1397mW/1397mW
08-09-2026 23:07:34 RAM 3476/7620MB (lfb 1x4MB) SWAP 2/12002MB (cached 0MB) CPU [1%@1510,3%@1510,2%@1510,1%@1510,2%@1510,0%@1510] GR3D_FREQ 0% cpu@47.375C soc2@46.375C soc0@44.875C gpu@46.625C tj@47.375C soc1@44.687C VDD_IN 4193mW/4170mW VDD_CPU_GPU_CV 1036mW/1020mW VDD_SOC 1397mW/1397mW
08-09-2026 23:07:35 RAM 3477/7620MB (lfb 1x4MB) SWAP 2/12002MB (cached 0MB) CPU [3%@1510,3%@1510,28%@1510,8%@1510,3%@1510,3%@1510] GR3D_FREQ 0% cpu@47.812C soc2@46.375C soc0@44.687C gpu@46.593C tj@47.812C soc1@44.718C VDD_IN 4657mW/4172mW VDD_CPU_GPU_CV 1351mW/1021mW VDD_SOC 1433mW/1397mW
08-09-2026 23:07:36 RAM 3478/7620MB (lfb 1x4MB) SWAP 2/12002MB (cached 0MB) CPU [1%@1510,1%@1510,39%@1510,0%@1510,1%@1510,0%@1510] GR3D_FREQ 0% cpu@47.031C soc2@46.406C soc0@44.718C gpu@46.656C tj@47.031C soc1@44.781C VDD_IN 4313mW/4173mW VDD_CPU_GPU_CV 1114mW/1022mW VDD_SOC 1395mW/1397mW
08-09-2026 23:07:37 RAM 3478/7620MB (lfb 1x4MB) SWAP 2/12002MB (cached 0MB) CPU [0%@1510,0%@1510,0%@1510,0%@1510,2%@1510,0%@1510] GR3D_FREQ 0% cpu@47.093C soc2@46.531C soc0@44.75C gpu@46.625C tj@47.093C soc1@44.843C VDD_IN 4113mW/4173mW VDD_CPU_GPU_CV 996mW/1021mW VDD_SOC 1397mW/1397mW
08-09-2026 23:07:38 RAM 3478/7620MB (lfb 1x4MB) SWAP 2/12002MB (cached 0MB) CPU [1%@1510,0%@1510,1%@1510,2%@1510,2%@1510,0%@1510] GR3D_FREQ 0% cpu@47C soc2@46.437C soc0@44.781C gpu@46.687C tj@47C soc1@44.843C VDD_IN 4153mW/4173mW VDD_CPU_GPU_CV 996mW/1021mW VDD_SOC 1397mW/1397mW
08-09-2026 23:07:39 RAM 3478/7620MB (lfb 1x4MB) SWAP 2/12002MB (cached 0MB) CPU [0%@1510,0%@1510,0%@1510,0%@1510,1%@1510,1%@1510] GR3D_FREQ 0% cpu@47.125C soc2@46.468C soc0@44.875C gpu@46.625C tj@47.125C soc1@44.843C VDD_IN 4113mW/4172mW VDD_CPU_GPU_CV 996mW/1021mW VDD_SOC 1397mW/1397mW
08-09-2026 23:07:40 RAM 3478/7620MB (lfb 1x4MB) SWAP 2/12002MB (cached 0MB) CPU [1%@1510,0%@1510,1%@1510,0%@1510,2%@1510,0%@1510] GR3D_FREQ 0% cpu@47.187C soc2@46.375C soc0@44.843C gpu@46.656C tj@47.187C soc1@44.718C VDD_IN 4113mW/4172mW VDD_CPU_GPU_CV 996mW/1021mW VDD_SOC 1397mW/1397mW
08-09-2026 23:07:41 RAM 3478/7620MB (lfb 1x4MB) SWAP 2/12002MB (cached 0MB) CPU [0%@1510,0%@1510,0%@1510,0%@1510,0%@1510,0%@1510] GR3D_FREQ 0% cpu@47C soc2@46.406C soc0@44.875C gpu@46.718C tj@47C soc1@44.75C VDD_IN 4113mW/4172mW VDD_CPU_GPU_CV 996mW/1021mW VDD_SOC 1397mW/1397mW
08-09-2026 23:07:42 RAM 3478/7620MB (lfb 1x4MB) SWAP 2/12002MB (cached 0MB) CPU [0%@1510,0%@1510,1%@1510,1%@1510,1%@1510,0%@1510] GR3D_FREQ 0% cpu@47.25C soc2@46.468C soc0@44.687C gpu@46.75C tj@47.25C soc1@44.718C VDD_IN 4113mW/4172mW VDD_CPU_GPU_CV 996mW/1021mW VDD_SOC 1397mW/1397mW
08-09-2026 23:07:43 RAM 3478/7620MB (lfb 1x4MB) SWAP 2/12002MB (cached 0MB) CPU [0%@1510,0%@1510,1%@1510,3%@1510,1%@1510,1%@1510] GR3D_FREQ 0% cpu@47.031C soc2@46.531C soc0@44.718C gpu@46.812C tj@47.031C soc1@44.75C VDD_IN 4193mW/4172mW VDD_CPU_GPU_CV 1036mW/1021mW VDD_SOC 1397mW/1397mW
08-09-2026 23:07:44 RAM 3478/7620MB (lfb 1x4MB) SWAP 2/12002MB (cached 0MB) CPU [0%@1510,0%@1510,2%@1510,0%@1510,1%@1510,0%@1510] GR3D_FREQ 0% cpu@47.093C soc2@46.437C soc0@44.75C gpu@46.781C tj@47.093C soc1@44.843C VDD_IN 4153mW/4172mW VDD_CPU_GPU_CV 996mW/1021mW VDD_SOC 1397mW/1397mW
08-09-2026 23:07:45 RAM 3041/7620MB (lfb 27x4MB) SWAP 2/12002MB (cached 0MB) CPU [1%@1510,0%@1510,0%@1510,2%@1510,1%@1510,0%@1510] GR3D_FREQ 0% cpu@47.218C soc2@46.5C soc0@44.875C gpu@46.812C tj@47.218C soc1@44.75C VDD_IN 4153mW/4172mW VDD_CPU_GPU_CV 996mW/1021mW VDD_SOC 1397mW/1397mW
08-09-2026 23:07:46 RAM 3040/7620MB (lfb 27x4MB) SWAP 2/12002MB (cached 0MB) CPU [1%@1510,0%@1510,0%@1510,0%@1510,0%@1510,0%@1510] GR3D_FREQ 0% cpu@47.093C soc2@46.375C soc0@44.875C gpu@46.906C tj@47.093C soc1@44.75C VDD_IN 4113mW/4171mW VDD_CPU_GPU_CV 996mW/1021mW VDD_SOC 1397mW/1397mW
08-09-2026 23:07:47 RAM 3040/7620MB (lfb 27x4MB) SWAP 2/12002MB (cached 0MB) CPU [0%@1510,0%@1510,0%@1510,2%@1510,0%@1510,0%@1510] GR3D_FREQ 0% cpu@47.312C soc2@46.406C soc0@44.812C gpu@46.375C tj@47.312C soc1@44.687C VDD_IN 4113mW/4171mW VDD_CPU_GPU_CV 996mW/1021mW VDD_SOC 1397mW/1397mW
08-09-2026 23:07:48 RAM 3040/7620MB (lfb 27x4MB) SWAP 2/12002MB (cached 0MB) CPU [0%@1510,0%@1510,1%@1510,1%@1510,4%@1510,1%@1510] GR3D_FREQ 0% cpu@47.093C soc2@46.468C soc0@44.781C gpu@46.406C tj@47.093C soc1@44.687C VDD_IN 4153mW/4171mW VDD_CPU_GPU_CV 996mW/1020mW VDD_SOC 1397mW/1397mW
