08-09-2026 23:37:04 RAM 3046/7620MB (lfb 24x4MB) SWAP 2/12002MB (cached 0MB) CPU [0%@1510,1%@1510,0%@1510,0%@1510,0%@1510,1%@1510] GR3D_FREQ 0% cpu@46.375C soc2@45.875C soc0@44.187C gpu@45.906C tj@46.375C soc1@44.25C VDD_IN 4113mW/4113mW VDD_CPU_GPU_CV 996mW/996mW VDD_SOC 1397mW/1397mW
08-09-2026 23:37:05 RAM 3046/7620MB (lfb 24x4MB) SWAP 2/12002MB (cached 0MB) CPU [1%@1510,1%@1510,0%@1510,0%@1510,0%@1510,0%@1510] GR3D_FREQ 0% cpu@46.531C soc2@45.937C soc0@44.187C gpu@45.812C tj@46.531C soc1@44.25C VDD_IN 4073mW/4093mW VDD_CPU_GPU_CV 956mW/976mW VDD_SOC 1397mW/1397mW
08-09-2026 23:37:06 RAM 3045/7620MB (lfb 24x4MB) SWAP 2/12002MB (cached 0MB) CPU [0%@1510,0%@1510,0%@1510,0%@1510,1%@1510,0%@1510] GR3D_FREQ 0% cpu@46.562C soc2@45.968C soc0@44.312C gpu@45.937C tj@46.562C soc1@44.281C VDD_IN 4073mW/4086mW VDD_CPU_GPU_CV 956mW/969mW VDD_SOC 1397mW/1397mW
08-09-2026 23:37:07 RAM 3046/7620MB (lfb 24x4MB) SWAP 2/12002MB (cached 0MB) CPU [0%@1510,1%@1510,1%@1510,1%@1510,3%@1510,0%@1510] GR3D_FREQ 0% cpu@46.843C soc2@45.875C soc0@44.312C gpu@45.875C tj@46.843C soc1@44.093C VDD_IN 4113mW/4093mW VDD_CPU_GPU_CV 996mW/976mW VDD_SOC 1397mW/1397mW
08-09-2026 23:37:08 RAM 3046/7620MB (lfb 24x4MB) SWAP 2/12002MB (cached 0MB) CPU [0%@1510,0%@1510,1%@1510,0%@1510,1%@1510,1%@1510] GR3D_FREQ 0% cpu@46.625C soc2@45.781C soc0@44.062C gpu@45.875C tj@46.625C soc1@44.093C VDD_IN 4113mW/4097mW VDD_CPU_GPU_CV 996mW/980mW VDD_SOC 1397mW/1397mW
08-09-2026 23:37:09 RAM 3046/7620MB (lfb 24x4MB) SWAP 2/12002MB (cached 0MB) CPU [0%@1510,0%@1510,1%@1510,0%@1510,0%@1510,0%@1510] GR3D_FREQ 0% cpu@46.437C soc2@45.875C soc0@44.093C gpu@45.875C tj@46.437C soc1@44.156C VDD_IN 4073mW/4093mW VDD_CPU_GPU_CV 956mW/976mW VDD_SOC 1397mW/1397mW
08-09-2026 23:37:10 RAM 3046/7620MB (lfb 24x4MB) SWAP 2/12002MB (cached 0MB) CPU [3%@1510,0%@1510,1%@1510,0%@1510,0%@1510,0%@1510] GR3D_FREQ 0% cpu@46.468C soc2@45.875C soc0@44.125C gpu@45.843C tj@46.468C soc1@44.156C VDD_IN 4073mW/4090mW VDD_CPU_GPU_CV 956mW/973mW VDD_SOC 1397mW/1397mW
08-09-2026 23:37:11 RAM 3046/7620MB (lfb 24x4MB) SWAP 2/12002MB (cached 0MB) CPU [0%@1510,0%@1510,0%@1510,0%@1510,0%@1510,0%@1510] GR3D_FREQ 0% cpu@46.562C soc2@45.906C soc0@44.125C gpu@45.906C tj@46.562C soc1@44.25C VDD_IN 4073mW/4088mW VDD_CPU_GPU_CV 956mW/971mW VDD_SOC 1397mW/1397mW
08-09-2026 23:37:12 RAM 3046/7620MB (lfb 24x4MB) SWAP 2/12002MB (cached 0MB) CPU [0%@1510,1%@1510,1%@1510,0%@1510,0%@1510,0%@1510] GR3D_FREQ 0% cpu@46.468C soc2@45.937C soc0@44.218C gpu@45.875C tj@46.468C soc1@44.312C VDD_IN 4073mW/4086mW VDD_CPU_GPU_CV 956mW/969mW VDD_SOC 1397mW/1397mW
08-09-2026 23:37:13 RAM 3046/7620MB (lfb 24x4MB) SWAP 2/12002MB (cached 0MB) CPU [0%@1510,0%@1510,0%@1510,0%@1510,1%@1510,0%@1510] GR3D_FREQ 0% cpu@46.593C soc2@45.875C soc0@44.218C gpu@45.937C tj@46.593C soc1@44.125C VDD_IN 4073mW/4085mW VDD_CPU_GPU_CV 956mW/968mW VDD_SOC 1397mW/1397mW
08-09-2026 23:37:14 RAM 3046/7620MB (lfb 24x4MB) SWAP 2/12002MB (cached 0MB) CPU [1%@1510,1%@1510,0%@1510,0%@1510,0%@1510,0%@1510] GR3D_FREQ 0% cpu@46.343C soc2@45.843C soc0@44.312C gpu@45.937C tj@46.343C soc1@44.093C VDD_IN 4113mW/4087mW VDD_CPU_GPU_CV 956mW/966mW VDD_SOC 1397mW/1397mW
08-09-2026 23:37:15 RAM 3046/7620MB (lfb 24x4MB) SWAP 2/12002MB (cached 0MB) CPU [0%@1510,0%@1510,1%@1510,0%@1510,0%@1510,0%@1510] GR3D_FREQ 0% cpu@46.531C soc2@45.843C soc0@44.093C gpu@45.968C tj@46.531C soc1@44.062C VDD_IN 4073mW/4086mW VDD_CPU_GPU_CV 956mW/966mW VDD_SOC 1397mW/1397mW
08-09-2026 23:37:16 RAM 3046/7620MB (lfb 24x4MB) SWAP 2/12002MB (cached 0MB) CPU [1%@1510,0%@1510,1%@1510,0%@1510,0%@1510,1%@1510] GR3D_FREQ 0% cpu@46.406C soc2@45.843C soc0@44.156C gpu@45.906C tj@46.406C soc1@44.187C VDD_IN 4113mW/4088mW VDD_CPU_GPU_CV 956mW/965mW VDD_SOC 1397mW/1397mW
08-09-2026 23:37:17 RAM 3046/7620MB (lfb 24x4MB) SWAP 2/12002MB (cached 0MB) CPU [0%@1510,1%@1510,0%@1510,0%@1510,0%@1510,0%@1510] GR3D_FREQ 0% cpu@46.406C soc2@45.875C soc0@44.125C gpu@45.937C tj@46.406C soc1@44.093C VDD_IN 4073mW/4087mW VDD_CPU_GPU_CV 956mW/964mW VDD_SOC 1397mW/1397mW
08-09-2026 23:37:18 RAM 3046/7620MB (lfb 24x4MB) SWAP 2/12002MB (cached 0MB) CPU [1%@1510,1%@1510,0%@1510,0%@1510,1%@1510,0%@1510] GR3D_FREQ 0% cpu@46.531C soc2@45.843C soc0@44.125C gpu@45.906C tj@46.531C soc1@44.062C VDD_IN 4073mW/4086mW VDD_CPU_GPU_CV 956mW/964mW VDD_SOC 1397mW/1397mW
08-09-2026 23:37:19 RAM 3046/7620MB (lfb 24x4MB) SWAP 2/12002MB (cached 0MB) CPU [0%@1510,1%@1510,0%@1510,0%@1510,0%@1510,0%@1510] GR3D_FREQ 0% cpu@46.437C soc2@45.781C soc0@44.218C gpu@45.906C tj@46.718C soc1@44.062C VDD_IN 4073mW/4085mW VDD_CPU_GPU_CV 956mW/963mW VDD_SOC 1397mW/1397mW
08-09-2026 23:37:20 RAM 3046/7620MB (lfb 24x4MB) SWAP 2/12002MB (cached 0MB) CPU [1%@1510,0%@1510,1%@1510,0%@1510,0%@1510,0%@1510] GR3D_FREQ 0% cpu@46.656C soc2@45.718C soc0@44.281C gpu@45.937C tj@46.656C soc1@44C VDD_IN 4073mW/4084mW VDD_CPU_GPU_CV 956mW/963mW VDD_SOC 1397mW/1397mW
08-09-2026 23:37:21 RAM 3046/7620MB (lfb 24x4MB) SWAP 2/12002MB (cached 0MB) CPU [0%@1510,1%@1510,0%@1510,0%@1510,0%@1510,2%@1510] GR3D_FREQ 0% cpu@46.406C soc2@45.718C soc0@44C gpu@46C tj@46.406C soc1@44.093C VDD_IN 4073mW/4084mW VDD_CPU_GPU_CV 956mW/962mW VDD_SOC 1397mW/1397mW
08-09-2026 23:37:22 RAM 3046/7620MB (lfb 24x4MB) SWAP 2/12002MB (cached 0MB) CPU [2%@1510,0%@1510,0%@1510,0%@1510,0%@1510,0%@1510] GR3D_FREQ 0% cpu@46.406C soc2@45.781C soc0@44.062C gpu@46C tj@46.406C soc1@44.062C VDD_IN 4073mW/4083mW VDD_CPU_GPU_CV 956mW/962mW VDD_SOC 1397mW/1397mW
08-09-2026 23:37:23 RAM 3046/7620MB (lfb 24x4MB) SWAP 2/12002MB (cached 0MB) CPU [0%@1510,1%@1510,0%@1510,0%@1510,0%@1510,0%@1510] GR3D_FREQ 0% cpu@46.187C soc2@45.781C soc0@44.125C gpu@45.875C tj@46.187C soc1@44.187C VDD_IN 4113mW/4085mW VDD_CPU_GPU_CV 956mW/962mW VDD_SOC 1397mW/1397mW
08-09-2026 23:37:24 RAM 3046/7620MB (lfb 24x4MB) SWAP 2/12002MB (cached 0MB) CPU [0%@1510,0%@1510,1%@1510,0%@1510,0%@1510,0%@1510] GR3D_FREQ 0% cpu@46.406C soc2@45.781C soc0@44.062C gpu@45.937C tj@46.406C soc1@44.031C VDD_IN 4073mW/4084mW VDD_CPU_GPU_CV 956mW/961mW VDD_SOC 1397mW/1397mW
08-09-2026 23:37:25 RAM 3046/7620MB (lfb 24x4MB) SWAP 2/12002MB (cached 0MB) CPU [0%@1510,0%@1510,0%@1510,0%@1510,0%@1510,0%@1510] GR3D_FREQ 0% cpu@46.562C soc2@45.718C soc0@44.218C gpu@45.968C tj@46.562C soc1@43.937C VDD_IN 4073mW/4083mW VDD_CPU_GPU_CV 956mW/961mW VDD_SOC 1397mW/1397mW
08-09-2026 23:37:26 RAM 3046/7620MB (lfb 24x4MB) SWAP 2/12002MB (cached 0MB) CPU [0%@1510,0%@1510,1%@1510,0%@1510,0%@1510,0%@1510] GR3D_FREQ 0% cpu@46.25C soc2@45.687C soc0@44.031C gpu@46.093C tj@46.25C soc1@44C VDD_IN 4073mW/4083mW VDD_CPU_GPU_CV 956mW/961mW VDD_SOC 1397mW/1397mW
08-09-2026 23:37:27 RAM 3046/7620MB (lfb 24x4MB) SWAP 2/12002MB (cached 0MB) CPU [0%@1510,0%@1510,0%@1510,0%@1510,0%@1510,0%@1510] GR3D_FREQ 0% cpu@46.625C soc2@45.718C soc0@43.906C gpu@45.687C tj@46.625C soc1@43.968C VDD_IN 4073mW/4083mW VDD_CPU_GPU_CV 956mW/961mW VDD_SOC 1397mW/1397mW
08-09-2026 23:37:28 RAM 3046/7620MB (lfb 24x4MB) SWAP 2/12002MB (cached 0MB) CPU [1%@1510,1%@1510,0%@1510,0%@1510,0%@1510,1%@1510] GR3D_FREQ 0% cpu@46.156C soc2@45.687C soc0@44C gpu@45.718C tj@46.156C soc1@44.062C VDD_IN 4073mW/4082mW VDD_CPU_GPU_CV 956mW/960mW VDD_SOC 1397mW/1397mW
08-09-2026 23:37:29 RAM 3046/7620MB (lfb 24x4MB) SWAP 2/12002MB (cached 0MB) CPU [0%@1510,0%@1510,1%@1510,0%@1510,0%@1510,0%@1510] GR3D_FREQ 0% cpu@46.25C soc2@45.718C soc0@43.968C gpu@45.718C tj@46.25C soc1@44.062C VDD_IN 4073mW/4082mW VDD_CPU_GPU_CV 956mW/960mW VDD_SOC 1397mW/1397mW
08-09-2026 23:37:30 RAM 3046/7620MB (lfb 24x4MB) SWAP 2/12002MB (cached 0MB) CPU [1%@1510,0%@1510,0%@1510,0%@1510,1%@1510,0%@1510] GR3D_FREQ 0% cpu@46.437C soc2@45.781C soc0@44.062C gpu@45.656C tj@46.437C soc1@44.093C VDD_IN 4073mW/4081mW VDD_CPU_GPU_CV 956mW/960mW VDD_SOC 1397mW/1397mW
08-09-2026 23:37:31 RAM 3046/7620MB (lfb 24x4MB) SWAP 2/12002MB (cached 0MB) CPU [0%@1510,1%@1510,1%@1510,0%@1510,0%@1510,0%@1510] GR3D_FREQ 0% cpu@46.312C soc2@45.656C soc0@44.062C gpu@45.718C tj@46.312C soc1@43.875C VDD_IN 4073mW/4081mW VDD_CPU_GPU_CV 956mW/960mW VDD_SOC 1397mW/1397mW
08-09-2026 23:37:32 RAM 3046/7620MB (lfb 24x4MB) SWAP 2/12002MB (cached 0MB) CPU [0%@1510,0%@1510,0%@1510,0%@1510,0%@1510,1%@1510] GR3D_FREQ 0% cpu@46.593C soc2@45.625C soc0@43.968C gpu@45.718C tj@46.593C soc1@43.875C VDD_IN 4073mW/4081mW VDD_CPU_GPU_CV 956mW/960mW VDD_SOC 1397mW/1397mW
08-09-2026 23:37:33 RAM 3058/7620MB (lfb 24x4MB) SWAP 2/12002MB (cached 0MB) CPU [1%@1510,1%@1510,1%@1510,0%@1510,0%@1510,15%@1510] GR3D_FREQ 0% cpu@46.343C soc2@45.718C soc0@43.843C gpu@45.718C tj@46.343C soc1@43.906C VDD_IN 4385mW/4091mW VDD_CPU_GPU_CV 1154mW/966mW VDD_SOC 1395mW/1396mW
08-09-2026 23:37:34 RAM 3066/7620MB (lfb 24x4MB) SWAP 2/12002MB (cached 0MB) CPU [0%@1510,1%@1510,1%@1510,2%@1510,1%@1510,27%@1510] GR3D_FREQ 0% cpu@46.312C soc2@45.687C soc0@43.937C gpu@45.781C tj@46.312C soc1@43.906C VDD_IN 4233mW/4095mW VDD_CPU_GPU_CV 1076mW/970mW VDD_SOC 1395mW/1396mW
08-09-2026 23:37:35 RAM 3079/7620MB (lfb 24x4MB) SWAP 2/12002MB (cached 0MB) CPU [8%@1510,7%@1510,8%@1510,7%@1510,7%@1510,17%@1510] GR3D_FREQ 0% cpu@46.687C soc2@45.718C soc0@43.968C gpu@45.781C tj@46.687C soc1@44.093C VDD_IN 4697mW/4114mW VDD_CPU_GPU_CV 1470mW/985mW VDD_SOC 1393mW/1396mW
08-09-2026 23:37:36 RAM 3334/7620MB (lfb 13x4MB) SWAP 2/12002MB (cached 0MB) CPU [2%@1510,1%@1510,5%@1510,5%@1510,6%@1510,95%@1510] GR3D_FREQ 0% cpu@46.656C soc2@45.781C soc0@44.062C gpu@45.718C tj@46.656C soc1@43.937C VDD_IN 5158mW/4146mW VDD_CPU_GPU_CV 1621mW/1005mW VDD_SOC 1465mW/1398mW
08-09-2026 23:37:37 RAM 3477/7620MB (lfb 1x2MB) SWAP 2/12002MB (cached 0MB) CPU [2%@1510,1%@1510,2%@1510,3%@1510,1%@1510,21%@1510] GR3D_FREQ 0% cpu@46.593C soc2@45.687C soc0@44.031C gpu@45.75C tj@46.593C soc1@43.875C VDD_IN 4313mW/4151mW VDD_CPU_GPU_CV 1114mW/1008mW VDD_SOC 1395mW/1398mW
08-09-2026 23:37:38 RAM 3477/7620MB (lfb 1x2MB) SWAP 2/12002MB (cached 0MB) CPU [0%@1510,0%@1510,1%@1510,1%@1510,1%@1510,3%@1510] GR3D_FREQ 0% cpu@46.375C soc2@45.718C soc0@43.906C gpu@45.812C tj@46.375C soc1@44C VDD_IN 4153mW/4151mW VDD_CPU_GPU_CV 996mW/1007mW VDD_SOC 1397mW/1398mW
08-09-2026 23:37:39 RAM 3478/7620MB (lfb 1x2MB) SWAP 2/12002MB (cached 0MB) CPU [1%@1510,0%@1510,5%@1510,3%@1510,1%@1510,5%@1510] GR3D_FREQ 0% cpu@46.281C soc2@45.656C soc0@43.906C gpu@45.781C tj@46.281C soc1@43.968C VDD_IN 4193mW/4152mW VDD_CPU_GPU_CV 1036mW/1008mW VDD_SOC 1397mW/1398mW
08-09-2026 23:37:40 RAM 3479/7620MB (lfb 1x2MB) SWAP 2/12002MB (cached 0MB) CPU [1%@1510,1%@1510,1%@1510,3%@1510,3%@1510,2%@1510] GR3D_FREQ 0% cpu@46.218C soc2@45.687C soc0@44C gpu@45.75C tj@46.218C soc1@44.031C VDD_IN 4193mW/4153mW VDD_CPU_GPU_CV 1036mW/1009mW VDD_SOC 1397mW/1398mW
08-09-2026 23:37:41 RAM 3478/7620MB (lfb 1x2MB) SWAP 2/12002MB (cached 0MB) CPU [1%@1510,0%@1510,0%@1510,3%@1510,1%@1510,1%@1510] GR3D_FREQ 0% cpu@46.375C soc2@45.687C soc0@43.906C gpu@45.843C tj@46.375C soc1@44.062C VDD_IN 4153mW/4153mW VDD_CPU_GPU_CV 996mW/1009mW VDD_SOC 1397mW/1398mW
08-09-2026 23:37:42 RAM 3478/7620MB (lfb 1x2MB) SWAP 2/12002MB (cached 0MB) CPU [1%@1510,1%@1510,1%@1510,2%@1510,1%@1510,3%@1510] GR3D_FREQ 0% cpu@46.593C soc2@45.687C soc0@43.968C gpu@45.875C tj@46.593C soc1@43.968C VDD_IN 4153mW/4153mW VDD_CPU_GPU_CV 996mW/1008mW VDD_SOC 1397mW/1398mW
08-09-2026 23:37:43 RAM 3478/7620MB (lfb 1x2MB) SWAP 2/12002MB (cached 0MB) CPU [1%@1510,0%@1510,0%@1510,1%@1510,2%@1510,2%@1510] GR3D_FREQ 0% cpu@46.343C soc2@45.656C soc0@44.031C gpu@45.875C tj@46.343C soc1@43.875C VDD_IN 4153mW/4153mW VDD_CPU_GPU_CV 996mW/1008mW VDD_SOC 1397mW/1398mW
08-09-2026 23:37:44 RAM 3479/7620MB (lfb 1x2MB) SWAP 2/12002MB (cached 0MB) CPU [1%@1510,1%@1510,2%@1510,4%@1510,2%@1510,5%@1510] GR3D_FREQ 0% cpu@46.156C soc2@45.625C soc0@43.875C gpu@45.906C tj@46.156C soc1@43.968C VDD_IN 4193mW/4154mW VDD_CPU_GPU_CV 1036mW/1009mW VDD_SOC 1397mW/1398mW
08-09-2026 23:37:45 RAM 3480/7620MB (lfb 1x2MB) SWAP 2/12002MB (cached 0MB) CPU [1%@1510,0%@1510,2%@1510,3%@1510,1%@1510,1%@1510] GR3D_FREQ 0% cpu@46.156C soc2@45.625C soc0@43.906C gpu@45.593C tj@46.156C soc1@43.875C VDD_IN 4153mW/4154mW VDD_CPU_GPU_CV 1036mW/1009mW VDD_SOC 1397mW/1398mW
08-09-2026 23:37:46 RAM 3480/7620MB (lfb 1x2MB) SWAP 2/12002MB (cached 0MB) CPU [1%@1510,0%@1510,2%@1510,3%@1510,1%@1510,1%@1510] GR3D_FREQ 0% cpu@46.218C soc2@45.656C soc0@43.968C gpu@45.562C tj@46.218C soc1@43.968C VDD_IN 4153mW/4154mW VDD_CPU_GPU_CV 996mW/1009mW VDD_SOC 1397mW/1398mW
08-09-2026 23:37:47 RAM 3480/7620MB (lfb 1x2MB) SWAP 2/12002MB (cached 0MB) CPU [2%@1510,1%@1510,1%@1510,2%@1510,1%@1510,2%@1510] GR3D_FREQ 0% cpu@46.25C soc2@45.625C soc0@43.906C gpu@45.562C tj@46.25C soc1@44.031C VDD_IN 4233mW/4156mW VDD_CPU_GPU_CV 996mW/1009mW VDD_SOC 1397mW/1398mW
08-09-2026 23:37:48 RAM 3480/7620MB (lfb 1x2MB) SWAP 2/12002MB (cached 0MB) CPU [2%@1510,2%@1510,1%@1510,3%@1510,1%@1510,1%@1510] GR3D_FREQ 0% cpu@46.312C soc2@45.531C soc0@43.968C gpu@45.593C tj@46.312C soc1@43.875C VDD_IN 4153mW/4156mW VDD_CPU_GPU_CV 996mW/1008mW VDD_SOC 1397mW/1398mW
08-09-2026 23:37:49 RAM 3480/7620MB (lfb 1x2MB) SWAP 2/12002MB (cached 0MB) CPU [1%@1510,2%@1510,6%@1510,4%@1510,1%@1510,2%@1510] GR3D_FREQ 0% cpu@46.5C soc2@45.593C soc0@43.968C gpu@45.656C tj@46.5C soc1@43.906C VDD_IN 4193mW/4156mW VDD_CPU_GPU_CV 1036mW/1009mW VDD_SOC 1397mW/1398mW
08-09-2026 23:37:50 RAM 3481/7620MB (lfb 1x2MB) SWAP 2/12002MB (cached 0MB) CPU [2%@1510,1%@1510,1%@1510,4%@1510,0%@1510,3%@1510] GR3D_FREQ 0% cpu@46.343C soc2@45.593C soc0@43.781C gpu@45.593C tj@46.343C soc1@43.781C VDD_IN 4153mW/4156mW VDD_CPU_GPU_CV 1036mW/1009mW VDD_SOC 1397mW/1398mW
08-09-2026 23:37:51 RAM 3481/7620MB (lfb 1x2MB) SWAP 2/12002MB (cached 0MB) CPU [1%@1510,2%@1510,1%@1510,3%@1510,0%@1510,2%@1510] GR3D_FREQ 0% cpu@46.125C soc2@45.656C soc0@43.843C gpu@45.593C tj@46.125C soc1@43.875C VDD_IN 4153mW/4156mW VDD_CPU_GPU_CV 996mW/1009mW VDD_SOC 1397mW/1398mW
08-09-2026 23:37:52 RAM 3481/7620MB (lfb 1x2MB) SWAP 2/12002MB (cached 0MB) CPU [2%@1510,1%@1510,2%@1510,2%@1510,1%@1510,2%@1510] GR3D_FREQ 0% cpu@46.125C soc2@45.593C soc0@43.906C gpu@45.593C tj@46.125C soc1@43.937C VDD_IN 4193mW/4157mW VDD_CPU_GPU_CV 996mW/1009mW VDD_SOC 1397mW/1398mW
08-09-2026 23:37:53 RAM 3481/7620MB (lfb 1x2MB) SWAP 2/12002MB (cached 0MB) CPU [1%@1510,1%@1510,0%@1510,5%@1510,1%@1510,1%@1510] GR3D_FREQ 0% cpu@46.312C soc2@45.656C soc0@43.875C gpu@45.562C tj@46.312C soc1@43.843C VDD_IN 4153mW/4157mW VDD_CPU_GPU_CV 996mW/1009mW VDD_SOC 1397mW/1398mW
08-09-2026 23:37:54 RAM 3480/7620MB (lfb 1x2MB) SWAP 2/12002MB (cached 0MB) CPU [2%@1510,2%@1510,3%@1510,3%@1510,2%@1510,3%@1510] GR3D_FREQ 0% cpu@46.437C soc2@45.562C soc0@43.906C gpu@45.625C tj@46.437C soc1@43.781C VDD_IN 4193mW/4158mW VDD_CPU_GPU_CV 1036mW/1009mW VDD_SOC 1397mW/1398mW
08-09-2026 23:37:55 RAM 3479/7620MB (lfb 1x2MB) SWAP 2/12002MB (cached 0MB) CPU [3%@1510,0%@1510,2%@1510,4%@1510,2%@1510,2%@1510] GR3D_FREQ 0% cpu@46.437C soc2@45.468C soc0@43.937C gpu@45.562C tj@46.437C soc1@43.875C VDD_IN 4153mW/4158mW VDD_CPU_GPU_CV 1036mW/1010mW VDD_SOC 1397mW/1398mW
08-09-2026 23:37:56 RAM 3479/7620MB (lfb 1x2MB) SWAP 2/12002MB (cached 0MB) CPU [0%@1510,1%@1510,1%@1510,3%@1510,0%@1510,2%@1510] GR3D_FREQ 0% cpu@46.125C soc2@45.562C soc0@43.75C gpu@45.656C tj@46.125C soc1@43.906C VDD_IN 4153mW/4157mW VDD_CPU_GPU_CV 996mW/1009mW VDD_SOC 1397mW/1398mW
08-09-2026 23:37:57 RAM 3479/7620MB (lfb 1x2MB) SWAP 2/12002MB (cached 0MB) CPU [1%@1510,1%@1510,2%@1510,2%@1510,0%@1510,1%@1510] GR3D_FREQ 0% cpu@46.187C soc2@45.593C soc0@43.812C gpu@45.687C tj@46.187C soc1@43.875C VDD_IN 4153mW/4157mW VDD_CPU_GPU_CV 996mW/1009mW VDD_SOC 1397mW/1398mW
08-09-2026 23:37:58 RAM 3479/7620MB (lfb 1x2MB) SWAP 2/12002MB (cached 0MB) CPU [2%@1510,1%@1510,1%@1510,3%@1510,1%@1510,1%@1510] GR3D_FREQ 0% cpu@46.125C soc2@45.593C soc0@43.812C gpu@45.687C tj@46.281C soc1@43.937C VDD_IN 4153mW/4157mW VDD_CPU_GPU_CV 996mW/1009mW VDD_SOC 1397mW/1398mW
08-09-2026 23:37:59 RAM 3479/7620MB (lfb 1x2MB) SWAP 2/12002MB (cached 0MB) CPU [1%@1510,1%@1510,4%@1510,4%@1510,1%@1510,3%@1510] GR3D_FREQ 0% cpu@46.156C soc2@45.625C soc0@43.906C gpu@45.656C tj@46.156C soc1@43.75C VDD_IN 4193mW/4158mW VDD_CPU_GPU_CV 1036mW/1009mW VDD_SOC 1397mW/1398mW
08-09-2026 23:38:00 RAM 3478/7620MB (lfb 1x2MB) SWAP 2/12002MB (cached 0MB) CPU [2%@1510,2%@1510,2%@1510,4%@1510,2%@1510,2%@1510] GR3D_FREQ 0% cpu@46.375C soc2@45.468C soc0@43.968C gpu@45.718C tj@46.375C soc1@43.781C VDD_IN 4153mW/4158mW VDD_CPU_GPU_CV 1036mW/1010mW VDD_SOC 1397mW/1398mW
08-09-2026 23:38:01 RAM 3478/7620MB (lfb 1x2MB) SWAP 2/12002MB (cached 0MB) CPU [1%@1510,0%@1510,1%@1510,3%@1510,2%@1510,2%@1510] GR3D_FREQ 0% cpu@46.156C soc2@45.593C soc0@43.812C gpu@45.781C tj@46.156C soc1@43.718C VDD_IN 4153mW/4158mW VDD_CPU_GPU_CV 996mW/1010mW VDD_SOC 1397mW/1398mW
08-09-2026 23:38:02 RAM 3478/7620MB (lfb 1x2MB) SWAP 2/12002MB (cached 0MB) CPU [2%@1510,2%@1510,1%@1510,3%@1510,1%@1510,1%@1510] GR3D_FREQ 0% cpu@46.468C soc2@45.562C soc0@43.781C gpu@45.75C tj@46.468C soc1@43.906C VDD_IN 4153mW/4158mW VDD_CPU_GPU_CV 996mW/1009mW VDD_SOC 1397mW/1397mW
08-09-2026 23:38:03 RAM 3478/7620MB (lfb 1x2MB) SWAP 2/12002MB (cached 0MB) CPU [2%@1510,1%@1510,1%@1510,2%@1510,1%@1510,2%@1510] GR3D_FREQ 0% cpu@46.156C soc2@45.625C soc0@43.906C gpu@45.843C tj@46.156C soc1@43.968C VDD_IN 4153mW/4158mW VDD_CPU_GPU_CV 996mW/1009mW VDD_SOC 1397mW/1397mW
08-09-2026 23:38:04 RAM 3479/7620MB (lfb 1x2MB) SWAP 2/12002MB (cached 0MB) CPU [2%@1510,0%@1510,2%@1510,4%@1510,4%@1510,4%@1510] GR3D_FREQ 0% cpu@46.187C soc2@45.593C soc0@43.906C gpu@45.812C tj@46.187C soc1@43.906C VDD_IN 4193mW/4158mW VDD_CPU_GPU_CV 1036mW/1010mW VDD_SOC 1397mW/1397mW
08-09-2026 23:38:05 RAM 3479/7620MB (lfb 1x2MB) SWAP 2/12002MB (cached 0MB) CPU [3%@1510,1%@1510,2%@1510,2%@1510,1%@1510,1%@1510] GR3D_FREQ 0% cpu@46.406C soc2@45.625C soc0@43.906C gpu@45.593C tj@46.406C soc1@44.031C VDD_IN 4153mW/4158mW VDD_CPU_GPU_CV 996mW/1009mW VDD_SOC 1397mW/1397mW
08-09-2026 23:38:06 RAM 3479/7620MB (lfb 1x2MB) SWAP 2/12002MB (cached 0MB) CPU [2%@1510,1%@1510,1%@1510,3%@1510,0%@1510,2%@1510] GR3D_FREQ 0% cpu@46.187C soc2@45.625C soc0@43.906C gpu@45.468C tj@46.187C soc1@43.875C VDD_IN 4153mW/4158mW VDD_CPU_GPU_CV 996mW/1009mW VDD_SOC 1397mW/1397mW
08-09-2026 23:38:07 RAM 3479/7620MB (lfb 1x2MB) SWAP 2/12002MB (cached 0MB) CPU [3%@1510,0%@1510,1%@1510,2%@1510,1%@1510,1%@1510] GR3D_FREQ 0% cpu@46.437C soc2@45.5C soc0@43.812C gpu@45.468C tj@46.437C soc1@43.875C VDD_IN 4153mW/4158mW VDD_CPU_GPU_CV 996mW/1009mW VDD_SOC 1397mW/1397mW
08-09-2026 23:38:08 RAM 3479/7620MB (lfb 1x2MB) SWAP 2/12002MB (cached 0MB) CPU [2%@1510,1%@1510,0%@1510,3%@1510,1%@1510,1%@1510] GR3D_FREQ 0% cpu@46.125C soc2@45.656C soc0@43.843C gpu@45.5C tj@46.125C soc1@43.906C VDD_IN 4113mW/4157mW VDD_CPU_GPU_CV 996mW/1009mW VDD_SOC 1397mW/1397mW
08-09-2026 23:38:09 RAM 3480/7620MB (lfb 1x2MB) SWAP 2/12002MB (cached 0MB) CPU [2%@1510,0%@1510,2%@1510,4%@1510,2%@1510,4%@1510] GR3D_FREQ 0% cpu@46.187C soc2@45.593C soc0@43.843C gpu@45.562C tj@46.187C soc1@43.937C VDD_IN 4193mW/4158mW VDD_CPU_GPU_CV 1036mW/1009mW VDD_SOC 1397mW/1397mW
08-09-2026 23:38:10 RAM 3479/7620MB (lfb 1x2MB) SWAP 2/12002MB (cached 0MB) CPU [2%@1510,1%@1510,2%@1510,6%@1510,2%@1510,4%@1510] GR3D_FREQ 0% cpu@46.125C soc2@45.656C soc0@43.906C gpu@45.625C tj@46.125C soc1@43.937C VDD_IN 4153mW/4158mW VDD_CPU_GPU_CV 1036mW/1009mW VDD_SOC 1397mW/1397mW
08-09-2026 23:38:11 RAM 3479/7620MB (lfb 1x2MB) SWAP 2/12002MB (cached 0MB) CPU [2%@1510,1%@1510,0%@1510,1%@1510,2%@1510,2%@1510] GR3D_FREQ 0% cpu@46.281C soc2@45.687C soc0@43.937C gpu@45.531C tj@46.281C soc1@43.906C VDD_IN 4113mW/4157mW VDD_CPU_GPU_CV 996mW/1009mW VDD_SOC 1397mW/1397mW
08-09-2026 23:38:12 RAM 3479/7620MB (lfb 1x2MB) SWAP 2/12002MB (cached 0MB) CPU [2%@1510,2%@1510,1%@1510,1%@1510,2%@1510,2%@1510] GR3D_FREQ 0% cpu@46.5C soc2@45.562C soc0@44C gpu@45.625C tj@46.5C soc1@43.843C VDD_IN 4113mW/4156mW VDD_CPU_GPU_CV 996mW/1009mW VDD_SOC 1397mW/1397mW
08-09-2026 23:38:13 RAM 3480/7620MB (lfb 1x2MB) SWAP 2/12002MB (cached 0MB) CPU [3%@1510,1%@1510,1%@1510,2%@1510,0%@1510,3%@1510] GR3D_FREQ 0% cpu@46.312C soc2@45.562C soc0@43.875C gpu@45.656C tj@46.312C soc1@43.843C VDD_IN 4113mW/4156mW VDD_CPU_GPU_CV 996mW/1009mW VDD_SOC 1397mW/1397mW
08-09-2026 23:38:14 RAM 3480/7620MB (lfb 1x2MB) SWAP 2/12002MB (cached 0MB) CPU [0%@1510,0%@1510,3%@1510,2%@1510,3%@1510,5%@1510] GR3D_FREQ 0% cpu@46.593C soc2@45.656C soc0@43.906C gpu@45.656C tj@46.593C soc1@43.843C VDD_IN 4153mW/4156mW VDD_CPU_GPU_CV 1036mW/1009mW VDD_SOC 1397mW/1397mW
08-09-2026 23:38:15 RAM 3480/7620MB (lfb 1x2MB) SWAP 2/12002MB (cached 0MB) CPU [2%@1510,1%@1510,2%@1510,4%@1510,6%@1510,1%@1510] GR3D_FREQ 0% cpu@46.187C soc2@45.593C soc0@43.937C gpu@45.687C tj@46.187C soc1@43.968C VDD_IN 4153mW/4156mW VDD_CPU_GPU_CV 996mW/1009mW VDD_SOC 1397mW/1397mW
08-09-2026 23:38:16 RAM 3480/7620MB (lfb 1x2MB) SWAP 2/12002MB (cached 0MB) CPU [1%@1510,1%@1510,1%@1510,3%@1510,3%@1510,1%@1510] GR3D_FREQ 0% cpu@46.281C soc2@45.562C soc0@43.968C gpu@45.687C tj@46.281C soc1@44.093C VDD_IN 4153mW/4156mW VDD_CPU_GPU_CV 996mW/1009mW VDD_SOC 1397mW/1397mW
08-09-2026 23:38:17 RAM 3480/7620MB (lfb 1x2MB) SWAP 2/12002MB (cached 0MB) CPU [1%@1510,1%@1510,2%@1510,2%@1510,1%@1510,1%@1510] GR3D_FREQ 0% cpu@46.5C soc2@45.593C soc0@44C gpu@45.687C tj@46.5C soc1@43.843C VDD_IN 4153mW/4155mW VDD_CPU_GPU_CV 996mW/1009mW VDD_SOC 1397mW/1397mW
08-09-2026 23:38:18 RAM 3480/7620MB (lfb 1x2MB) SWAP 2/12002MB (cached 0MB) CPU [1%@1510,0%@1510,1%@1510,3%@1510,2%@1510,2%@1510] GR3D_FREQ 0% cpu@46.343C soc2@45.593C soc0@44C gpu@45.75C tj@46.343C soc1@43.843C VDD_IN 4153mW/4155mW VDD_CPU_GPU_CV 996mW/1009mW VDD_SOC 1397mW/1397mW
08-09-2026 23:38:19 RAM 3480/7620MB (lfb 1x2MB) SWAP 2/12002MB (cached 0MB) CPU [2%@1510,1%@1510,4%@1510,3%@1510,2%@1510,3%@1510] GR3D_FREQ 0% cpu@46.593C soc2@45.687C soc0@43.843C gpu@45.625C tj@46.593C soc1@43.843C VDD_IN 4193mW/4156mW VDD_CPU_GPU_CV 1036mW/1009mW VDD_SOC 1397mW/1397mW
08-09-2026 23:38:20 RAM 3480/7620MB (lfb 1x2MB) SWAP 2/12002MB (cached 0MB) CPU [2%@1510,1%@1510,3%@1510,3%@1510,1%@1510,2%@1510] GR3D_FREQ 0% cpu@46.281C soc2@45.562C soc0@43.843C gpu@45.656C tj@46.281C soc1@43.906C VDD_IN 4153mW/4156mW VDD_CPU_GPU_CV 1036mW/1009mW VDD_SOC 1397mW/1397mW
08-09-2026 23:38:21 RAM 3480/7620MB (lfb 1x2MB) SWAP 2/12002MB (cached 0MB) CPU [1%@1510,1%@1510,1%@1510,4%@1510,1%@1510,1%@1510] GR3D_FREQ 0% cpu@46.25C soc2@45.656C soc0@43.875C gpu@45.781C tj@46.25C soc1@44C VDD_IN 4153mW/4156mW VDD_CPU_GPU_CV 996mW/1009mW VDD_SOC 1397mW/1397mW
08-09-2026 23:38:22 RAM 3480/7620MB (lfb 1x2MB) SWAP 2/12002MB (cached 0MB) CPU [1%@1510,0%@1510,1%@1510,4%@1510,2%@1510,1%@1510] GR3D_FREQ 0% cpu@46.218C soc2@45.625C soc0@43.906C gpu@45.593C tj@46.218C soc1@44.062C VDD_IN 4153mW/4156mW VDD_CPU_GPU_CV 996mW/1009mW VDD_SOC 1397mW/1397mW
08-09-2026 23:38:23 RAM 3480/7620MB (lfb 1x2MB) SWAP 2/12002MB (cached 0MB) CPU [2%@1510,1%@1510,1%@1510,2%@1510,1%@1510,0%@1510] GR3D_FREQ 0% cpu@46.375C soc2@45.562C soc0@43.968C gpu@45.593C tj@46.375C soc1@43.875C VDD_IN 4153mW/4156mW VDD_CPU_GPU_CV 996mW/1009mW VDD_SOC 1397mW/1397mW
08-09-2026 23:38:24 RAM 3480/7620MB (lfb 1x2MB) SWAP 2/12002MB (cached 0MB) CPU [2%@1510,1%@1510,5%@1510,4%@1510,2%@1510,2%@1510] GR3D_FREQ 0% cpu@46.531C soc2@45.687C soc0@44.062C gpu@45.562C tj@46.531C soc1@43.875C VDD_IN 4193mW/4156mW VDD_CPU_GPU_CV 1036mW/1009mW VDD_SOC 1397mW/1397mW
08-09-2026 23:38:25 RAM 3480/7620MB (lfb 1x2MB) SWAP 2/12002MB (cached 0MB) CPU [2%@1510,1%@1510,2%@1510,5%@1510,2%@1510,3%@1510] GR3D_FREQ 0% cpu@46.375C soc2@45.562C soc0@43.812C gpu@45.593C tj@46.187C soc1@43.875C VDD_IN 4153mW/4156mW VDD_CPU_GPU_CV 1036mW/1009mW VDD_SOC 1397mW/1397mW
08-09-2026 23:38:26 RAM 3480/7620MB (lfb 1x2MB) SWAP 2/12002MB (cached 0MB) CPU [1%@1510,2%@1510,1%@1510,5%@1510,1%@1510,1%@1510] GR3D_FREQ 0% cpu@46.218C soc2@45.625C soc0@43.875C gpu@45.593C tj@46.281C soc1@44C VDD_IN 4153mW/4156mW VDD_CPU_GPU_CV 996mW/1009mW VDD_SOC 1397mW/1397mW
08-09-2026 23:38:27 RAM 3480/7620MB (lfb 1x2MB) SWAP 2/12002MB (cached 0MB) CPU [1%@1510,1%@1510,1%@1510,3%@1510,1%@1510,1%@1510] GR3D_FREQ 0% cpu@46.218C soc2@45.656C soc0@43.937C gpu@45.562C tj@46.218C soc1@44.031C VDD_IN 4153mW/4156mW VDD_CPU_GPU_CV 996mW/1009mW VDD_SOC 1397mW/1397mW
08-09-2026 23:38:29 RAM 3480/7620MB (lfb 1x2MB) SWAP 2/12002MB (cached 0MB) CPU [1%@1510,0%@1510,0%@1510,3%@1510,1%@1510,1%@1510] GR3D_FREQ 0% cpu@46.156C soc2@45.656C soc0@43.906C gpu@45.843C tj@46.156C soc1@43.937C VDD_IN 4153mW/4156mW VDD_CPU_GPU_CV 996mW/1009mW VDD_SOC 1397mW/1397mW
08-09-2026 23:38:30 RAM 3481/7620MB (lfb 1x2MB) SWAP 2/12002MB (cached 0MB) CPU [2%@1510,1%@1510,3%@1510,4%@1510,4%@1510,1%@1510] GR3D_FREQ 0% cpu@46.281C soc2@45.656C soc0@43.906C gpu@45.906C tj@46.281C soc1@44.031C VDD_IN 4193mW/4156mW VDD_CPU_GPU_CV 1036mW/1009mW VDD_SOC 1397mW/1397mW
08-09-2026 23:38:31 RAM 3481/7620MB (lfb 1x2MB) SWAP 2/12002MB (cached 0MB) CPU [1%@1510,0%@1510,2%@1510,3%@1510,1%@1510,1%@1510] GR3D_FREQ 0% cpu@46.375C soc2@45.781C soc0@43.968C gpu@45.875C tj@46.375C soc1@43.875C VDD_IN 4153mW/4156mW VDD_CPU_GPU_CV 996mW/1009mW VDD_SOC 1397mW/1397mW
08-09-2026 23:38:32 RAM 3481/7620MB (lfb 1x2MB) SWAP 2/12002MB (cached 0MB) CPU [1%@1510,1%@1510,2%@1510,3%@1510,1%@1510,0%@1510] GR3D_FREQ 0% cpu@46.218C soc2@45.562C soc0@44.093C gpu@45.906C tj@46.218C soc1@43.843C VDD_IN 4153mW/4156mW VDD_CPU_GPU_CV 996mW/1009mW VDD_SOC 1397mW/1397mW
08-09-2026 23:38:33 RAM 3481/7620MB (lfb 1x2MB) SWAP 2/12002MB (cached 0MB) CPU [1%@1510,0%@1510,2%@1510,3%@1510,0%@1510,0%@1510] GR3D_FREQ 0% cpu@46.5C soc2@45.625C soc0@43.906C gpu@45.875C tj@46.5C soc1@43.875C VDD_IN 4153mW/4156mW VDD_CPU_GPU_CV 996mW/1009mW VDD_SOC 1397mW/1397mW
08-09-2026 23:38:34 RAM 3481/7620MB (lfb 1x2MB) SWAP 2/12002MB (cached 0MB) CPU [3%@1510,0%@1510,0%@1510,2%@1510,1%@1510,2%@1510] GR3D_FREQ 0% cpu@46.343C soc2@45.562C soc0@44.125C gpu@45.906C tj@46.343C soc1@43.875C VDD_IN 4153mW/4156mW VDD_CPU_GPU_CV 996mW/1009mW VDD_SOC 1397mW/1397mW
08-09-2026 23:38:35 RAM 3481/7620MB (lfb 1x2MB) SWAP 2/12002MB (cached 0MB) CPU [2%@1510,2%@1510,4%@1510,4%@1510,4%@1510,1%@1510] GR3D_FREQ 0% cpu@46.5C soc2@45.656C soc0@43.906C gpu@46C tj@46.5C soc1@43.937C VDD_IN 4153mW/4156mW VDD_CPU_GPU_CV 1036mW/1009mW VDD_SOC 1397mW/1397mW
08-09-2026 23:38:36 RAM 3481/7620MB (lfb 1x2MB) SWAP 2/12002MB (cached 0MB) CPU [2%@1510,0%@1510,2%@1510,4%@1510,1%@1510,1%@1510] GR3D_FREQ 0% cpu@46.156C soc2@45.625C soc0@43.906C gpu@46C tj@46.156C soc1@43.968C VDD_IN 4153mW/4156mW VDD_CPU_GPU_CV 996mW/1009mW VDD_SOC 1397mW/1397mW
08-09-2026 23:38:37 RAM 3481/7620MB (lfb 1x2MB) SWAP 2/12002MB (cached 0MB) CPU [2%@1510,0%@1510,0%@1510,5%@1510,1%@1510,0%@1510] GR3D_FREQ 0% cpu@46.25C soc2@45.656C soc0@43.937C gpu@45.937C tj@46.25C soc1@44C VDD_IN 4153mW/4156mW VDD_CPU_GPU_CV 996mW/1009mW VDD_SOC 1397mW/1397mW
08-09-2026 23:38:38 RAM 3481/7620MB (lfb 1x2MB) SWAP 2/12002MB (cached 0MB) CPU [0%@1510,0%@1510,3%@1510,3%@1510,1%@1510,1%@1510] GR3D_FREQ 0% cpu@46.25C soc2@45.656C soc0@43.937C gpu@45.968C tj@46.25C soc1@44.062C VDD_IN 4153mW/4156mW VDD_CPU_GPU_CV 996mW/1008mW VDD_SOC 1397mW/1397mW
08-09-2026 23:38:39 RAM 3481/7620MB (lfb 1x2MB) SWAP 2/12002MB (cached 0MB) CPU [3%@1510,1%@1510,1%@1510,4%@1510,1%@1510,0%@1510] GR3D_FREQ 0% cpu@46.375C soc2@45.562C soc0@43.906C gpu@46.062C tj@46.375C soc1@43.875C VDD_IN 4153mW/4156mW VDD_CPU_GPU_CV 996mW/1008mW VDD_SOC 1397mW/1397mW
08-09-2026 23:38:40 RAM 3481/7620MB (lfb 1x2MB) SWAP 2/12002MB (cached 0MB) CPU [2%@1510,1%@1510,4%@1510,5%@1510,2%@1510,3%@1510] GR3D_FREQ 0% cpu@46.593C soc2@45.562C soc0@44.031C gpu@45.468C tj@46.593C soc1@43.812C VDD_IN 4193mW/4156mW VDD_CPU_GPU_CV 1036mW/1009mW VDD_SOC 1397mW/1397mW
08-09-2026 23:38:41 RAM 3481/7620MB (lfb 1x2MB) SWAP 2/12002MB (cached 0MB) CPU [1%@1510,1%@1510,2%@1510,1%@1510,2%@1510,3%@1510] GR3D_FREQ 0% cpu@46.343C soc2@45.656C soc0@43.906C gpu@45.562C tj@46.343C soc1@43.875C VDD_IN 4153mW/4156mW VDD_CPU_GPU_CV 1036mW/1009mW VDD_SOC 1397mW/1397mW
08-09-2026 23:38:42 RAM 3481/7620MB (lfb 1x2MB) SWAP 2/12002MB (cached 0MB) CPU [2%@1510,1%@1510,0%@1510,1%@1510,1%@1510,3%@1510] GR3D_FREQ 0% cpu@46.156C soc2@45.687C soc0@43.906C gpu@45.468C tj@46.156C soc1@43.968C VDD_IN 4153mW/4156mW VDD_CPU_GPU_CV 996mW/1009mW VDD_SOC 1397mW/1397mW
08-09-2026 23:38:43 RAM 3481/7620MB (lfb 1x2MB) SWAP 2/12002MB (cached 0MB) CPU [1%@1510,1%@1510,0%@1510,0%@1510,2%@1510,2%@1510] GR3D_FREQ 0% cpu@46.218C soc2@45.656C soc0@43.937C gpu@45.562C tj@46.218C soc1@43.968C VDD_IN 4153mW/4156mW VDD_CPU_GPU_CV 996mW/1009mW VDD_SOC 1397mW/1397mW
08-09-2026 23:38:44 RAM 3481/7620MB (lfb 1x2MB) SWAP 2/12002MB (cached 0MB) CPU [4%@1510,0%@1510,2%@1510,1%@1510,1%@1510,4%@1510] GR3D_FREQ 0% cpu@46.25C soc2@45.718C soc0@43.937C gpu@45.562C tj@46.281C soc1@44.031C VDD_IN 4193mW/4157mW VDD_CPU_GPU_CV 996mW/1008mW VDD_SOC 1397mW/1397mW
08-09-2026 23:38:45 RAM 3482/7620MB (lfb 1x2MB) SWAP 2/12002MB (cached 0MB) CPU [1%@1510,2%@1510,3%@1510,3%@1510,0%@1510,3%@1510] GR3D_FREQ 0% cpu@46.375C soc2@45.75C soc0@44C gpu@45.718C tj@46.375C soc1@44C VDD_IN 4193mW/4157mW VDD_CPU_GPU_CV 1036mW/1009mW VDD_SOC 1397mW/1397mW
08-09-2026 23:38:46 RAM 3482/7620MB (lfb 1x2MB) SWAP 2/12002MB (cached 0MB) CPU [0%@1510,1%@1510,1%@1510,1%@1510,3%@1510,4%@1510] GR3D_FREQ 0% cpu@46.375C soc2@45.656C soc0@44.031C gpu@45.562C tj@46.375C soc1@43.875C VDD_IN 4153mW/4157mW VDD_CPU_GPU_CV 1036mW/1009mW VDD_SOC 1397mW/1397mW
08-09-2026 23:38:47 RAM 3482/7620MB (lfb 1x2MB) SWAP 2/12002MB (cached 0MB) CPU [2%@1510,1%@1510,1%@1510,2%@1510,0%@1510,4%@1510] GR3D_FREQ 0% cpu@46.625C soc2@45.687C soc0@44.156C gpu@45.625C tj@46.625C soc1@43.937C VDD_IN 4153mW/4157mW VDD_CPU_GPU_CV 996mW/1009mW VDD_SOC 1397mW/1397mW
08-09-2026 23:38:48 RAM 3482/7620MB (lfb 1x2MB) SWAP 2/12002MB (cached 0MB) CPU [1%@1510,1%@1510,1%@1510,2%@1510,0%@1510,4%@1510] GR3D_FREQ 0% cpu@46.375C soc2@45.625C soc0@44C gpu@45.562C tj@46.375C soc1@43.906C VDD_IN 4153mW/4157mW VDD_CPU_GPU_CV 996mW/1009mW VDD_SOC 1397mW/1397mW
08-09-2026 23:38:49 RAM 3482/7620MB (lfb 1x2MB) SWAP 2/12002MB (cached 0MB) CPU [1%@1510,0%@1510,1%@1510,3%@1510,1%@1510,3%@1510] GR3D_FREQ 0% cpu@46.25C soc2@45.718C soc0@43.968C gpu@45.656C tj@46.25C soc1@43.968C VDD_IN 4193mW/4157mW VDD_CPU_GPU_CV 996mW/1009mW VDD_SOC 1397mW/1397mW
08-09-2026 23:38:50 RAM 3482/7620MB (lfb 1x2MB) SWAP 2/12002MB (cached 0MB) CPU [2%@1510,1%@1510,3%@1510,3%@1510,3%@1510,5%@1510] GR3D_FREQ 0% cpu@46.312C soc2@45.656C soc0@43.968C gpu@45.687C tj@46.312C soc1@44.031C VDD_IN 4153mW/4157mW VDD_CPU_GPU_CV 1036mW/1009mW VDD_SOC 1397mW/1397mW
08-09-2026 23:38:51 RAM 3481/7620MB (lfb 1x2MB) SWAP 2/12002MB (cached 0MB) CPU [0%@1510,1%@1510,1%@1510,2%@1510,0%@1510,4%@1510] GR3D_FREQ 0% cpu@46.406C soc2@45.75C soc0@44.062C gpu@45.656C tj@46.406C soc1@43.906C VDD_IN 4153mW/4157mW VDD_CPU_GPU_CV 996mW/1009mW VDD_SOC 1397mW/1397mW
08-09-2026 23:38:52 RAM 3481/7620MB (lfb 1x2MB) SWAP 2/12002MB (cached 0MB) CPU [1%@1510,1%@1510,1%@1510,2%@1510,1%@1510,4%@1510] GR3D_FREQ 0% cpu@46.343C soc2@45.656C soc0@44.093C gpu@45.75C tj@46.687C soc1@43.937C VDD_IN 4153mW/4157mW VDD_CPU_GPU_CV 996mW/1009mW VDD_SOC 1397mW/1397mW
08-09-2026 23:38:53 RAM 3481/7620MB (lfb 1x2MB) SWAP 2/12002MB (cached 0MB) CPU [1%@1510,0%@1510,1%@1510,0%@1510,3%@1510,4%@1510] GR3D_FREQ 0% cpu@46.531C soc2@45.593C soc0@44.125C gpu@45.625C tj@46.531C soc1@43.937C VDD_IN 4153mW/4157mW VDD_CPU_GPU_CV 996mW/1008mW VDD_SOC 1397mW/1397mW
08-09-2026 23:38:54 RAM 3481/7620MB (lfb 1x2MB) SWAP 2/12002MB (cached 0MB) CPU [0%@1510,1%@1510,1%@1510,2%@1510,0%@1510,4%@1510] GR3D_FREQ 0% cpu@46.281C soc2@45.687C soc0@44.062C gpu@45.875C tj@46.281C soc1@44C VDD_IN 4153mW/4157mW VDD_CPU_GPU_CV 996mW/1008mW VDD_SOC 1397mW/1397mW
08-09-2026 23:38:55 RAM 3481/7620MB (lfb 1x2MB) SWAP 2/12002MB (cached 0MB) CPU [1%@1510,1%@1510,3%@1510,2%@1510,3%@1510,3%@1510] GR3D_FREQ 0% cpu@46.343C soc2@45.687C soc0@43.968C gpu@45.906C tj@46.343C soc1@44C VDD_IN 4153mW/4157mW VDD_CPU_GPU_CV 996mW/1008mW VDD_SOC 1397mW/1397mW
08-09-2026 23:38:56 RAM 3481/7620MB (lfb 1x2MB) SWAP 2/12002MB (cached 0MB) CPU [0%@1510,0%@1510,3%@1510,2%@1510,2%@1510,3%@1510] GR3D_FREQ 0% cpu@46.343C soc2@45.75C soc0@44.031C gpu@45.968C tj@46.343C soc1@44.062C VDD_IN 4153mW/4157mW VDD_CPU_GPU_CV 996mW/1008mW VDD_SOC 1397mW/1397mW
08-09-2026 23:38:57 RAM 3481/7620MB (lfb 1x2MB) SWAP 2/12002MB (cached 0MB) CPU [1%@1510,0%@1510,2%@1510,1%@1510,2%@1510,3%@1510] GR3D_FREQ 0% cpu@46.312C soc2@45.781C soc0@44.062C gpu@46.093C tj@46.312C soc1@43.875C VDD_IN 4113mW/4157mW VDD_CPU_GPU_CV 996mW/1008mW VDD_SOC 1397mW/1397mW
08-09-2026 23:38:58 RAM 3481/7620MB (lfb 1x2MB) SWAP 2/12002MB (cached 0MB) CPU [1%@1510,1%@1510,1%@1510,1%@1510,2%@1510,3%@1510] GR3D_FREQ 0% cpu@46.468C soc2@45.656C soc0@44.156C gpu@46.031C tj@46.468C soc1@43.968C VDD_IN 4153mW/4157mW VDD_CPU_GPU_CV 996mW/1008mW VDD_SOC 1397mW/1397mW
08-09-2026 23:38:59 RAM 3481/7620MB (lfb 1x2MB) SWAP 2/12002MB (cached 0MB) CPU [2%@1510,1%@1510,1%@1510,0%@1510,2%@1510,2%@1510] GR3D_FREQ 0% cpu@46.312C soc2@45.718C soc0@44C gpu@46.156C tj@46.312C soc1@43.968C VDD_IN 4113mW/4156mW VDD_CPU_GPU_CV 996mW/1008mW VDD_SOC 1397mW/1397mW
08-09-2026 23:39:00 RAM 3481/7620MB (lfb 1x2MB) SWAP 2/12002MB (cached 0MB) CPU [2%@1510,1%@1510,2%@1510,2%@1510,4%@1510,4%@1510] GR3D_FREQ 0% cpu@46.625C soc2@45.687C soc0@44C gpu@46.093C tj@46.312C soc1@44.062C VDD_IN 4153mW/4156mW VDD_CPU_GPU_CV 1036mW/1008mW VDD_SOC 1397mW/1397mW
08-09-2026 23:39:01 RAM 3482/7620MB (lfb 1x2MB) SWAP 2/12002MB (cached 0MB) CPU [2%@1510,0%@1510,2%@1510,2%@1510,1%@1510,5%@1510] GR3D_FREQ 0% cpu@46.281C soc2@45.718C soc0@44.031C gpu@45.562C tj@46.281C soc1@44.093C VDD_IN 4153mW/4156mW VDD_CPU_GPU_CV 996mW/1008mW VDD_SOC 1397mW/1397mW
08-09-2026 23:39:02 RAM 3482/7620MB (lfb 1x2MB) SWAP 2/12002MB (cached 0MB) CPU [2%@1510,1%@1510,2%@1510,0%@1510,0%@1510,3%@1510] GR3D_FREQ 0% cpu@46.406C soc2@45.781C soc0@44.031C gpu@45.625C tj@46.406C soc1@44.093C VDD_IN 4153mW/4156mW VDD_CPU_GPU_CV 996mW/1008mW VDD_SOC 1397mW/1397mW
08-09-2026 23:39:03 RAM 3482/7620MB (lfb 1x2MB) SWAP 2/12002MB (cached 0MB) CPU [2%@1510,0%@1510,2%@1510,1%@1510,1%@1510,3%@1510] GR3D_FREQ 0% cpu@46.375C soc2@45.812C soc0@44.093C gpu@45.593C tj@46.437C soc1@44.25C VDD_IN 4153mW/4156mW VDD_CPU_GPU_CV 996mW/1008mW VDD_SOC 1397mW/1397mW
08-09-2026 23:39:04 RAM 3482/7620MB (lfb 1x2MB) SWAP 2/12002MB (cached 0MB) CPU [1%@1510,1%@1510,1%@1510,4%@1510,0%@1510,3%@1510] GR3D_FREQ 0% cpu@46.343C soc2@45.75C soc0@44.031C gpu@45.812C tj@46.343C soc1@44.031C VDD_IN 4153mW/4156mW VDD_CPU_GPU_CV 996mW/1008mW VDD_SOC 1397mW/1397mW
08-09-2026 23:39:05 RAM 3482/7620MB (lfb 1x2MB) SWAP 2/12002MB (cached 0MB) CPU [1%@1510,1%@1510,3%@1510,4%@1510,4%@1510,1%@1510] GR3D_FREQ 0% cpu@46.375C soc2@45.75C soc0@44C gpu@45.875C tj@46.375C soc1@44.062C VDD_IN 4153mW/4156mW VDD_CPU_GPU_CV 1036mW/1008mW VDD_SOC 1397mW/1397mW
08-09-2026 23:39:06 RAM 3482/7620MB (lfb 1x2MB) SWAP 2/12002MB (cached 0MB) CPU [2%@1510,0%@1510,1%@1510,3%@1510,0%@1510,1%@1510] GR3D_FREQ 0% cpu@46.437C soc2@45.843C soc0@44.062C gpu@45.593C tj@46.437C soc1@43.968C VDD_IN 4153mW/4156mW VDD_CPU_GPU_CV 996mW/1008mW VDD_SOC 1397mW/1397mW
08-09-2026 23:39:07 RAM 3486/7620MB (lfb 1x4MB) SWAP 2/12002MB (cached 0MB) CPU [1%@1510,1%@1510,1%@1510,3%@1510,1%@1510,1%@1510] GR3D_FREQ 0% cpu@46.687C soc2@45.781C soc0@44C gpu@45.875C tj@46.687C soc1@44C VDD_IN 4153mW/4156mW VDD_CPU_GPU_CV 996mW/1008mW VDD_SOC 1397mW/1397mW
08-09-2026 23:39:08 RAM 3486/7620MB (lfb 1x4MB) SWAP 2/12002MB (cached 0MB) CPU [2%@1510,0%@1510,0%@1510,2%@1510,3%@1510,1%@1510] GR3D_FREQ 0% cpu@46.375C soc2@45.718C soc0@44C gpu@45.843C tj@46.375C soc1@44.093C VDD_IN 4153mW/4156mW VDD_CPU_GPU_CV 996mW/1008mW VDD_SOC 1397mW/1397mW
08-09-2026 23:39:09 RAM 3486/7620MB (lfb 1x4MB) SWAP 2/12002MB (cached 0MB) CPU [1%@1510,1%@1510,1%@1510,2%@1510,1%@1510,1%@1510] GR3D_FREQ 0% cpu@46.468C soc2@45.656C soc0@44.156C gpu@45.687C tj@46.468C soc1@43.968C VDD_IN 4153mW/4156mW VDD_CPU_GPU_CV 996mW/1007mW VDD_SOC 1397mW/1397mW
08-09-2026 23:39:10 RAM 3487/7620MB (lfb 1x4MB) SWAP 2/12002MB (cached 0MB) CPU [3%@1510,3%@1510,3%@1510,4%@1510,4%@1510,3%@1510] GR3D_FREQ 0% cpu@46.531C soc2@45.718C soc0@44.031C gpu@45.781C tj@46.531C soc1@44.062C VDD_IN 4193mW/4156mW VDD_CPU_GPU_CV 1036mW/1008mW VDD_SOC 1397mW/1397mW
08-09-2026 23:39:11 RAM 3484/7620MB (lfb 1x4MB) SWAP 2/12002MB (cached 0MB) CPU [2%@1510,1%@1510,2%@1510,3%@1510,0%@1510,1%@1510] GR3D_FREQ 0% cpu@46.406C soc2@45.781C soc0@44.031C gpu@45.718C tj@46.406C soc1@44.187C VDD_IN 4153mW/4156mW VDD_CPU_GPU_CV 996mW/1008mW VDD_SOC 1397mW/1397mW
08-09-2026 23:39:12 RAM 3484/7620MB (lfb 1x4MB) SWAP 2/12002MB (cached 0MB) CPU [3%@1510,2%@1510,1%@1510,3%@1510,2%@1510,1%@1510] GR3D_FREQ 0% cpu@46.625C soc2@45.718C soc0@44.187C gpu@45.593C tj@46.625C soc1@44.031C VDD_IN 4153mW/4156mW VDD_CPU_GPU_CV 996mW/1007mW VDD_SOC 1397mW/1397mW
08-09-2026 23:39:13 RAM 3484/7620MB (lfb 1x4MB) SWAP 2/12002MB (cached 0MB) CPU [3%@1510,1%@1510,1%@1510,3%@1510,2%@1510,0%@1510] GR3D_FREQ 0% cpu@46.406C soc2@45.687C soc0@44.218C gpu@45.75C tj@46.406C soc1@43.906C VDD_IN 4153mW/4156mW VDD_CPU_GPU_CV 996mW/1007mW VDD_SOC 1397mW/1397mW
08-09-2026 23:39:14 RAM 3484/7620MB (lfb 1x4MB) SWAP 2/12002MB (cached 0MB) CPU [2%@1510,1%@1510,1%@1510,3%@1510,0%@1510,1%@1510] GR3D_FREQ 0% cpu@46.218C soc2@45.718C soc0@43.937C gpu@45.812C tj@46.218C soc1@44C VDD_IN 4153mW/4156mW VDD_CPU_GPU_CV 996mW/1007mW VDD_SOC 1397mW/1397mW
08-09-2026 23:39:15 RAM 3484/7620MB (lfb 1x4MB) SWAP 2/12002MB (cached 0MB) CPU [3%@1510,1%@1510,4%@1510,4%@1510,2%@1510,2%@1510] GR3D_FREQ 0% cpu@46.281C soc2@45.781C soc0@44.062C gpu@45.875C tj@46.281C soc1@44.031C VDD_IN 4153mW/4156mW VDD_CPU_GPU_CV 996mW/1007mW VDD_SOC 1397mW/1397mW
08-09-2026 23:39:16 RAM 3484/7620MB (lfb 1x4MB) SWAP 2/12002MB (cached 0MB) CPU [1%@1510,2%@1510,1%@1510,3%@1510,1%@1510,1%@1510] GR3D_FREQ 0% cpu@46.375C soc2@45.75C soc0@44.031C gpu@45.875C tj@46.375C soc1@44.156C VDD_IN 4153mW/4156mW VDD_CPU_GPU_CV 996mW/1007mW VDD_SOC 1397mW/1397mW
08-09-2026 23:39:17 RAM 3484/7620MB (lfb 1x4MB) SWAP 2/12002MB (cached 0MB) CPU [2%@1510,3%@1510,1%@1510,2%@1510,2%@1510,1%@1510] GR3D_FREQ 0% cpu@46.625C soc2@45.718C soc0@44.187C gpu@45.968C tj@46.625C soc1@44C VDD_IN 4113mW/4156mW VDD_CPU_GPU_CV 996mW/1007mW VDD_SOC 1397mW/1397mW
08-09-2026 23:39:18 RAM 3484/7620MB (lfb 1x4MB) SWAP 2/12002MB (cached 0MB) CPU [3%@1510,1%@1510,1%@1510,3%@1510,0%@1510,0%@1510] GR3D_FREQ 0% cpu@46.468C soc2@45.718C soc0@44.125C gpu@46C tj@46.468C soc1@44C VDD_IN 4153mW/4156mW VDD_CPU_GPU_CV 996mW/1007mW VDD_SOC 1397mW/1397mW
08-09-2026 23:39:19 RAM 3484/7620MB (lfb 1x4MB) SWAP 2/12002MB (cached 0MB) CPU [2%@1510,2%@1510,2%@1510,3%@1510,0%@1510,1%@1510] GR3D_FREQ 0% cpu@46.812C soc2@45.718C soc0@43.937C gpu@45.937C tj@46.812C soc1@44.031C VDD_IN 4113mW/4155mW VDD_CPU_GPU_CV 996mW/1007mW VDD_SOC 1397mW/1397mW
08-09-2026 23:39:20 RAM 3484/7620MB (lfb 1x4MB) SWAP 2/12002MB (cached 0MB) CPU [3%@1510,1%@1510,2%@1510,4%@1510,1%@1510,4%@1510] GR3D_FREQ 0% cpu@46.375C soc2@45.687C soc0@43.968C gpu@46.031C tj@46.375C soc1@44.093C VDD_IN 4153mW/4155mW VDD_CPU_GPU_CV 1036mW/1007mW VDD_SOC 1397mW/1397mW
08-09-2026 23:39:21 RAM 3484/7620MB (lfb 1x4MB) SWAP 2/12002MB (cached 0MB) CPU [3%@1510,1%@1510,1%@1510,3%@1510,1%@1510,1%@1510] GR3D_FREQ 0% cpu@46.437C soc2@45.75C soc0@44.093C gpu@45.75C tj@46.437C soc1@44.156C VDD_IN 4153mW/4155mW VDD_CPU_GPU_CV 996mW/1007mW VDD_SOC 1397mW/1397mW
08-09-2026 23:39:22 RAM 3484/7620MB (lfb 1x4MB) SWAP 2/12002MB (cached 0MB) CPU [3%@1510,1%@1510,1%@1510,2%@1510,0%@1510,2%@1510] GR3D_FREQ 0% cpu@46.625C soc2@45.687C soc0@44.156C gpu@45.687C tj@46.625C soc1@43.906C VDD_IN 4153mW/4155mW VDD_CPU_GPU_CV 996mW/1007mW VDD_SOC 1397mW/1397mW
08-09-2026 23:39:23 RAM 3484/7620MB (lfb 1x4MB) SWAP 2/12002MB (cached 0MB) CPU [3%@1510,2%@1510,1%@1510,2%@1510,1%@1510,1%@1510] GR3D_FREQ 0% cpu@46.468C soc2@45.75C soc0@44.218C gpu@45.718C tj@46.468C soc1@43.968C VDD_IN 4193mW/4156mW VDD_CPU_GPU_CV 996mW/1007mW VDD_SOC 1397mW/1397mW
08-09-2026 23:39:24 RAM 3482/7620MB (lfb 1x4MB) SWAP 2/12002MB (cached 0MB) CPU [5%@1510,3%@1510,1%@1510,2%@1510,1%@1510,4%@1510] GR3D_FREQ 0% cpu@46.75C soc2@45.687C soc0@43.937C gpu@45.75C tj@46.75C soc1@44C VDD_IN 4193mW/4156mW VDD_CPU_GPU_CV 1036mW/1007mW VDD_SOC 1397mW/1397mW
08-09-2026 23:39:25 RAM 3482/7620MB (lfb 1x4MB) SWAP 2/12002MB (cached 0MB) CPU [3%@1510,0%@1510,4%@1510,3%@1510,3%@1510,2%@1510] GR3D_FREQ 0% cpu@46.375C soc2@45.75C soc0@44.031C gpu@45.75C tj@46.375C soc1@43.968C VDD_IN 4193mW/4156mW VDD_CPU_GPU_CV 1036mW/1007mW VDD_SOC 1397mW/1397mW
08-09-2026 23:39:26 RAM 3481/7620MB (lfb 1x4MB) SWAP 2/12002MB (cached 0MB) CPU [1%@1510,2%@1510,2%@1510,2%@1510,1%@1510,4%@1510] GR3D_FREQ 0% cpu@46.375C soc2@45.781C soc0@44.093C gpu@45.875C tj@46.375C soc1@44.125C VDD_IN 4153mW/4156mW VDD_CPU_GPU_CV 996mW/1007mW VDD_SOC 1397mW/1397mW
08-09-2026 23:39:27 RAM 3481/7620MB (lfb 1x4MB) SWAP 2/12002MB (cached 0MB) CPU [2%@1510,1%@1510,1%@1510,0%@1510,2%@1510,3%@1510] GR3D_FREQ 0% cpu@46.375C soc2@45.843C soc0@44.093C gpu@45.718C tj@46.656C soc1@43.906C VDD_IN 4153mW/4156mW VDD_CPU_GPU_CV 996mW/1007mW VDD_SOC 1397mW/1397mW
08-09-2026 23:39:28 RAM 3480/7620MB (lfb 1x4MB) SWAP 2/12002MB (cached 0MB) CPU [1%@1510,0%@1510,2%@1510,2%@1510,1%@1510,4%@1510] GR3D_FREQ 0% cpu@46.468C soc2@45.625C soc0@44.187C gpu@45.718C tj@46.468C soc1@44C VDD_IN 4153mW/4156mW VDD_CPU_GPU_CV 996mW/1007mW VDD_SOC 1397mW/1397mW
08-09-2026 23:39:29 RAM 3480/7620MB (lfb 1x4MB) SWAP 2/12002MB (cached 0MB) CPU [1%@1510,1%@1510,1%@1510,2%@1510,1%@1510,3%@1510] GR3D_FREQ 0% cpu@46.75C soc2@45.75C soc0@44.031C gpu@45.843C tj@46.75C soc1@44.062C VDD_IN 4153mW/4156mW VDD_CPU_GPU_CV 996mW/1007mW VDD_SOC 1397mW/1397mW
08-09-2026 23:39:30 RAM 3480/7620MB (lfb 1x4MB) SWAP 2/12002MB (cached 0MB) CPU [2%@1510,1%@1510,2%@1510,2%@1510,5%@1510,4%@1510] GR3D_FREQ 0% cpu@46.281C soc2@45.75C soc0@44.062C gpu@45.656C tj@46.281C soc1@44.062C VDD_IN 4153mW/4156mW VDD_CPU_GPU_CV 996mW/1007mW VDD_SOC 1397mW/1397mW
08-09-2026 23:39:31 RAM 3480/7620MB (lfb 1x4MB) SWAP 2/12002MB (cached 0MB) CPU [2%@1510,1%@1510,1%@1510,1%@1510,1%@1510,3%@1510] GR3D_FREQ 0% cpu@46.312C soc2@45.718C soc0@44.031C gpu@45.687C tj@46.312C soc1@44C VDD_IN 4153mW/4156mW VDD_CPU_GPU_CV 996mW/1007mW VDD_SOC 1397mW/1397mW
08-09-2026 23:39:32 RAM 3480/7620MB (lfb 1x4MB) SWAP 2/12002MB (cached 0MB) CPU [3%@1510,2%@1510,0%@1510,0%@1510,0%@1510,2%@1510] GR3D_FREQ 0% cpu@46.281C soc2@45.781C soc0@44.093C gpu@45.687C tj@46.281C soc1@44.031C VDD_IN 4153mW/4156mW VDD_CPU_GPU_CV 996mW/1007mW VDD_SOC 1397mW/1397mW
08-09-2026 23:39:33 RAM 3480/7620MB (lfb 1x4MB) SWAP 2/12002MB (cached 0MB) CPU [1%@1510,1%@1510,1%@1510,1%@1510,2%@1510,3%@1510] GR3D_FREQ 0% cpu@46.406C soc2@45.687C soc0@44.156C gpu@45.656C tj@46.406C soc1@43.937C VDD_IN 4193mW/4156mW VDD_CPU_GPU_CV 996mW/1007mW VDD_SOC 1397mW/1397mW
08-09-2026 23:39:34 RAM 3471/7620MB (lfb 1x4MB) SWAP 2/12002MB (cached 0MB) CPU [10%@1510,8%@1510,9%@1510,9%@1510,52%@1510,6%@1510] GR3D_FREQ 0% cpu@46.812C soc2@45.718C soc0@44.156C gpu@45.656C tj@46.812C soc1@44.031C VDD_IN 4657mW/4159mW VDD_CPU_GPU_CV 1311mW/1009mW VDD_SOC 1433mW/1397mW
08-09-2026 23:39:35 RAM 3471/7620MB (lfb 1x4MB) SWAP 2/12002MB (cached 0MB) CPU [1%@1510,1%@1510,2%@1510,3%@1510,2%@1510,4%@1510] GR3D_FREQ 0% cpu@46.312C soc2@45.718C soc0@44.062C gpu@45.625C tj@46.312C soc1@44.031C VDD_IN 4193mW/4160mW VDD_CPU_GPU_CV 1036mW/1009mW VDD_SOC 1397mW/1397mW
08-09-2026 23:39:36 RAM 3472/7620MB (lfb 1x4MB) SWAP 2/12002MB (cached 0MB) CPU [2%@1510,1%@1510,1%@1510,2%@1510,3%@1510,4%@1510] GR3D_FREQ 0% cpu@46.375C soc2@45.75C soc0@44.062C gpu@45.718C tj@46.375C soc1@44.031C VDD_IN 4153mW/4160mW VDD_CPU_GPU_CV 996mW/1009mW VDD_SOC 1397mW/1397mW
08-09-2026 23:39:37 RAM 3472/7620MB (lfb 1x4MB) SWAP 2/12002MB (cached 0MB) CPU [2%@1510,1%@1510,3%@1510,1%@1510,1%@1510,4%@1510] GR3D_FREQ 0% cpu@46.468C soc2@45.781C soc0@44.187C gpu@45.593C tj@46.468C soc1@44.125C VDD_IN 4153mW/4160mW VDD_CPU_GPU_CV 996mW/1009mW VDD_SOC 1397mW/1397mW
08-09-2026 23:39:38 RAM 3472/7620MB (lfb 1x4MB) SWAP 2/12002MB (cached 0MB) CPU [0%@1510,1%@1510,0%@1510,1%@1510,1%@1510,2%@1510] GR3D_FREQ 0% cpu@46.468C soc2@45.656C soc0@44.125C gpu@45.906C tj@46.468C soc1@44.062C VDD_IN 4153mW/4160mW VDD_CPU_GPU_CV 996mW/1009mW VDD_SOC 1397mW/1397mW
08-09-2026 23:39:39 RAM 3472/7620MB (lfb 1x4MB) SWAP 2/12002MB (cached 0MB) CPU [2%@1510,0%@1510,1%@1510,1%@1510,1%@1510,3%@1510] GR3D_FREQ 0% cpu@46.781C soc2@45.75C soc0@44.25C gpu@45.875C tj@46.781C soc1@44.031C VDD_IN 4113mW/4159mW VDD_CPU_GPU_CV 996mW/1008mW VDD_SOC 1397mW/1397mW
08-09-2026 23:39:40 RAM 3472/7620MB (lfb 1x4MB) SWAP 2/12002MB (cached 0MB) CPU [3%@1510,0%@1510,2%@1510,4%@1510,4%@1510,3%@1510] GR3D_FREQ 0% cpu@46.468C soc2@45.843C soc0@44.093C gpu@45.937C tj@46.468C soc1@44C VDD_IN 4153mW/4159mW VDD_CPU_GPU_CV 996mW/1008mW VDD_SOC 1397mW/1397mW
08-09-2026 23:39:41 RAM 3472/7620MB (lfb 1x4MB) SWAP 2/12002MB (cached 0MB) CPU [6%@1510,8%@1510,4%@1510,10%@1510,9%@1510,8%@1510] GR3D_FREQ 0% cpu@46.375C soc2@45.781C soc0@44.062C gpu@45.937C tj@46.375C soc1@44.093C VDD_IN 4313mW/4160mW VDD_CPU_GPU_CV 1116mW/1009mW VDD_SOC 1397mW/1397mW
08-09-2026 23:39:42 RAM 3472/7620MB (lfb 1x4MB) SWAP 2/12002MB (cached 0MB) CPU [2%@1510,1%@1510,0%@1510,3%@1510,1%@1510,2%@1510] GR3D_FREQ 0% cpu@46.375C soc2@45.781C soc0@44.031C gpu@46.031C tj@46.375C soc1@44.187C VDD_IN 4153mW/4160mW VDD_CPU_GPU_CV 996mW/1009mW VDD_SOC 1397mW/1397mW
08-09-2026 23:39:43 RAM 3472/7620MB (lfb 1x4MB) SWAP 2/12002MB (cached 0MB) CPU [1%@1510,1%@1510,1%@1510,3%@1510,3%@1510,1%@1510] GR3D_FREQ 0% cpu@46.562C soc2@45.875C soc0@44.062C gpu@46.031C tj@46.562C soc1@43.937C VDD_IN 4233mW/4161mW VDD_CPU_GPU_CV 996mW/1009mW VDD_SOC 1397mW/1397mW
08-09-2026 23:39:44 RAM 3473/7620MB (lfb 1x4MB) SWAP 2/12002MB (cached 0MB) CPU [1%@1510,0%@1510,2%@1510,4%@1510,6%@1510,1%@1510] GR3D_FREQ 0% cpu@46.781C soc2@45.75C soc0@44.218C gpu@45.937C tj@46.781C soc1@44.031C VDD_IN 4193mW/4161mW VDD_CPU_GPU_CV 1036mW/1009mW VDD_SOC 1397mW/1397mW
08-09-2026 23:39:45 RAM 3473/7620MB (lfb 1x4MB) SWAP 2/12002MB (cached 0MB) CPU [1%@1510,0%@1510,4%@1510,4%@1510,2%@1510,2%@1510] GR3D_FREQ 0% cpu@46.5C soc2@45.812C soc0@44.031C gpu@46.062C tj@46.5C soc1@44.062C VDD_IN 4153mW/4161mW VDD_CPU_GPU_CV 996mW/1009mW VDD_SOC 1397mW/1397mW
08-09-2026 23:39:46 RAM 3473/7620MB (lfb 1x4MB) SWAP 2/12002MB (cached 0MB) CPU [1%@1510,1%@1510,1%@1510,4%@1510,1%@1510,2%@1510] GR3D_FREQ 0% cpu@46.343C soc2@45.843C soc0@44C gpu@46.093C tj@46.343C soc1@44.031C VDD_IN 4153mW/4161mW VDD_CPU_GPU_CV 996mW/1009mW VDD_SOC 1397mW/1397mW
08-09-2026 23:39:47 RAM 3473/7620MB (lfb 1x4MB) SWAP 2/12002MB (cached 0MB) CPU [0%@1510,1%@1510,0%@1510,3%@1510,1%@1510,2%@1510] GR3D_FREQ 0% cpu@46.406C soc2@45.843C soc0@44.093C gpu@46.093C tj@46.406C soc1@44.062C VDD_IN 4153mW/4161mW VDD_CPU_GPU_CV 996mW/1009mW VDD_SOC 1397mW/1397mW
08-09-2026 23:39:48 RAM 3473/7620MB (lfb 1x4MB) SWAP 2/12002MB (cached 0MB) CPU [1%@1510,1%@1510,3%@1510,3%@1510,2%@1510,2%@1510] GR3D_FREQ 0% cpu@46.437C soc2@45.843C soc0@44.125C gpu@45.812C tj@46.437C soc1@44.281C VDD_IN 4153mW/4161mW VDD_CPU_GPU_CV 996mW/1009mW VDD_SOC 1397mW/1397mW
08-09-2026 23:39:49 RAM 3473/7620MB (lfb 1x4MB) SWAP 2/12002MB (cached 0MB) CPU [2%@1510,1%@1510,1%@1510,3%@1510,1%@1510,0%@1510] GR3D_FREQ 0% cpu@46.687C soc2@45.812C soc0@44.218C gpu@45.812C tj@46.687C soc1@44C VDD_IN 4153mW/4161mW VDD_CPU_GPU_CV 996mW/1009mW VDD_SOC 1397mW/1397mW
08-09-2026 23:39:50 RAM 3473/7620MB (lfb 1x4MB) SWAP 2/12002MB (cached 0MB) CPU [1%@1510,1%@1510,2%@1510,4%@1510,4%@1510,2%@1510] GR3D_FREQ 0% cpu@46.562C soc2@45.812C soc0@44.031C gpu@45.812C tj@46.562C soc1@44.031C VDD_IN 4153mW/4160mW VDD_CPU_GPU_CV 996mW/1009mW VDD_SOC 1397mW/1397mW
08-09-2026 23:39:51 RAM 3473/7620MB (lfb 1x4MB) SWAP 2/12002MB (cached 0MB) CPU [2%@1510,2%@1510,0%@1510,5%@1510,2%@1510,0%@1510] GR3D_FREQ 0% cpu@46.312C soc2@45.781C soc0@44.031C gpu@45.875C tj@46.312C soc1@44.062C VDD_IN 4153mW/4160mW VDD_CPU_GPU_CV 996mW/1008mW VDD_SOC 1397mW/1397mW
08-09-2026 23:39:52 RAM 3473/7620MB (lfb 1x4MB) SWAP 2/12002MB (cached 0MB) CPU [1%@1510,1%@1510,1%@1510,3%@1510,2%@1510,1%@1510] GR3D_FREQ 0% cpu@46.437C soc2@45.843C soc0@44.093C gpu@45.906C tj@46.437C soc1@44.156C VDD_IN 4113mW/4160mW VDD_CPU_GPU_CV 996mW/1008mW VDD_SOC 1397mW/1397mW
08-09-2026 23:39:53 RAM 3473/7620MB (lfb 1x4MB) SWAP 2/12002MB (cached 0MB) CPU [2%@1510,1%@1510,0%@1510,3%@1510,2%@1510,1%@1510] GR3D_FREQ 0% cpu@46.562C soc2@45.875C soc0@44.156C gpu@45.906C tj@46.562C soc1@44.25C VDD_IN 4233mW/4161mW VDD_CPU_GPU_CV 996mW/1008mW VDD_SOC 1397mW/1397mW
08-09-2026 23:39:54 RAM 3473/7620MB (lfb 1x4MB) SWAP 2/12002MB (cached 0MB) CPU [1%@1510,1%@1510,1%@1510,3%@1510,4%@1510,1%@1510] GR3D_FREQ 0% cpu@46.5C soc2@45.75C soc0@44.156C gpu@45.875C tj@46.625C soc1@43.968C VDD_IN 4153mW/4161mW VDD_CPU_GPU_CV 996mW/1008mW VDD_SOC 1397mW/1397mW
08-09-2026 23:39:55 RAM 3473/7620MB (lfb 1x4MB) SWAP 2/12002MB (cached 0MB) CPU [2%@1510,1%@1510,3%@1510,4%@1510,2%@1510,3%@1510] GR3D_FREQ 0% cpu@46.593C soc2@45.781C soc0@44.187C gpu@45.875C tj@46.593C soc1@44.031C VDD_IN 4153mW/4160mW VDD_CPU_GPU_CV 996mW/1008mW VDD_SOC 1397mW/1397mW
08-09-2026 23:39:56 RAM 3474/7620MB (lfb 1x4MB) SWAP 2/12002MB (cached 0MB) CPU [2%@1510,2%@1510,2%@1510,3%@1510,1%@1510,2%@1510] GR3D_FREQ 0% cpu@46.375C soc2@45.843C soc0@44.031C gpu@45.937C tj@46.375C soc1@44C VDD_IN 4153mW/4160mW VDD_CPU_GPU_CV 996mW/1008mW VDD_SOC 1397mW/1397mW
08-09-2026 23:39:57 RAM 3474/7620MB (lfb 1x4MB) SWAP 2/12002MB (cached 0MB) CPU [1%@1510,1%@1510,0%@1510,3%@1510,1%@1510,0%@1510] GR3D_FREQ 0% cpu@46.375C soc2@45.781C soc0@44.125C gpu@45.812C tj@46.375C soc1@44.156C VDD_IN 4113mW/4160mW VDD_CPU_GPU_CV 996mW/1008mW VDD_SOC 1397mW/1397mW
08-09-2026 23:39:58 RAM 3474/7620MB (lfb 1x4MB) SWAP 2/12002MB (cached 0MB) CPU [2%@1510,1%@1510,0%@1510,2%@1510,3%@1510,0%@1510] GR3D_FREQ 0% cpu@46.5C soc2@45.812C soc0@44.187C gpu@45.687C tj@46.5C soc1@44.156C VDD_IN 4113mW/4160mW VDD_CPU_GPU_CV 996mW/1008mW VDD_SOC 1397mW/1397mW
08-09-2026 23:39:59 RAM 3474/7620MB (lfb 1x4MB) SWAP 2/12002MB (cached 0MB) CPU [2%@1510,1%@1510,0%@1510,3%@1510,3%@1510,0%@1510] GR3D_FREQ 0% cpu@46.406C soc2@45.875C soc0@44.187C gpu@45.687C tj@46.406C soc1@44.218C VDD_IN 4153mW/4160mW VDD_CPU_GPU_CV 1036mW/1008mW VDD_SOC 1397mW/1397mW
08-09-2026 23:40:00 RAM 3474/7620MB (lfb 1x4MB) SWAP 2/12002MB (cached 0MB) CPU [2%@1510,1%@1510,3%@1510,4%@1510,2%@1510,4%@1510] GR3D_FREQ 0% cpu@46.625C soc2@45.812C soc0@44.343C gpu@45.781C tj@46.625C soc1@44.093C VDD_IN 4153mW/4160mW VDD_CPU_GPU_CV 996mW/1008mW VDD_SOC 1397mW/1397mW
08-09-2026 23:40:01 RAM 3474/7620MB (lfb 1x4MB) SWAP 2/12002MB (cached 0MB) CPU [2%@1510,1%@1510,2%@1510,5%@1510,2%@1510,2%@1510] GR3D_FREQ 0% cpu@46.406C soc2@45.781C soc0@44.312C gpu@45.812C tj@46.406C soc1@44.062C VDD_IN 4153mW/4160mW VDD_CPU_GPU_CV 996mW/1008mW VDD_SOC 1397mW/1397mW
08-09-2026 23:40:02 RAM 3474/7620MB (lfb 1x4MB) SWAP 2/12002MB (cached 0MB) CPU [1%@1510,1%@1510,1%@1510,2%@1510,1%@1510,0%@1510] GR3D_FREQ 0% cpu@46.656C soc2@45.875C soc0@44.062C gpu@45.875C tj@46.656C soc1@44.093C VDD_IN 4113mW/4159mW VDD_CPU_GPU_CV 996mW/1008mW VDD_SOC 1397mW/1397mW
08-09-2026 23:40:03 RAM 3474/7620MB (lfb 1x4MB) SWAP 2/12002MB (cached 0MB) CPU [2%@1510,1%@1510,1%@1510,4%@1510,0%@1510,0%@1510] GR3D_FREQ 0% cpu@46.406C soc2@45.875C soc0@44.125C gpu@45.781C tj@46.406C soc1@44.187C VDD_IN 4193mW/4160mW VDD_CPU_GPU_CV 996mW/1008mW VDD_SOC 1397mW/1397mW
08-09-2026 23:40:04 RAM 3475/7620MB (lfb 1x4MB) SWAP 2/12002MB (cached 0MB) CPU [1%@1510,0%@1510,1%@1510,3%@1510,2%@1510,3%@1510] GR3D_FREQ 0% cpu@46.437C soc2@45.937C soc0@44.218C gpu@45.843C tj@46.437C soc1@44.312C VDD_IN 4153mW/4160mW VDD_CPU_GPU_CV 996mW/1008mW VDD_SOC 1397mW/1397mW
08-09-2026 23:40:05 RAM 3475/7620MB (lfb 1x4MB) SWAP 2/12002MB (cached 0MB) CPU [2%@1510,1%@1510,5%@1510,3%@1510,2%@1510,1%@1510] GR3D_FREQ 0% cpu@46.625C soc2@45.843C soc0@44.218C gpu@45.812C tj@46.625C soc1@44.093C VDD_IN 4153mW/4160mW VDD_CPU_GPU_CV 996mW/1008mW VDD_SOC 1397mW/1397mW
08-09-2026 23:40:06 RAM 3474/7620MB (lfb 1x4MB) SWAP 2/12002MB (cached 0MB) CPU [2%@1510,1%@1510,2%@1510,2%@1510,2%@1510,1%@1510] GR3D_FREQ 0% cpu@46.375C soc2@45.812C soc0@44.343C gpu@45.875C tj@46.375C soc1@44.125C VDD_IN 4153mW/4160mW VDD_CPU_GPU_CV 996mW/1008mW VDD_SOC 1397mW/1397mW
08-09-2026 23:40:07 RAM 3474/7620MB (lfb 1x4MB) SWAP 2/12002MB (cached 0MB) CPU [3%@1510,1%@1510,1%@1510,3%@1510,1%@1510,1%@1510] GR3D_FREQ 0% cpu@46.687C soc2@45.843C soc0@44.125C gpu@46.125C tj@46.687C soc1@44.093C VDD_IN 4153mW/4160mW VDD_CPU_GPU_CV 996mW/1008mW VDD_SOC 1397mW/1397mW
08-09-2026 23:40:08 RAM 3474/7620MB (lfb 1x4MB) SWAP 2/12002MB (cached 0MB) CPU [1%@1510,0%@1510,1%@1510,3%@1510,1%@1510,2%@1510] GR3D_FREQ 0% cpu@46.375C soc2@45.875C soc0@44.218C gpu@46.156C tj@46.375C soc1@44.062C VDD_IN 4153mW/4159mW VDD_CPU_GPU_CV 996mW/1008mW VDD_SOC 1397mW/1397mW
08-09-2026 23:40:09 RAM 3474/7620MB (lfb 1x4MB) SWAP 2/12002MB (cached 0MB) CPU [3%@1510,1%@1510,1%@1510,6%@1510,0%@1510,2%@1510] GR3D_FREQ 0% cpu@46.531C soc2@45.875C soc0@44.218C gpu@46.156C tj@46.531C soc1@44.25C VDD_IN 4193mW/4160mW VDD_CPU_GPU_CV 1036mW/1008mW VDD_SOC 1397mW/1397mW
08-09-2026 23:40:10 RAM 3474/7620MB (lfb 1x4MB) SWAP 2/12002MB (cached 0MB) CPU [3%@1510,2%@1510,0%@1510,1%@1510,3%@1510,4%@1510] GR3D_FREQ 0% cpu@46.625C soc2@45.781C soc0@44.25C gpu@46.187C tj@46.625C soc1@44.093C VDD_IN 4153mW/4160mW VDD_CPU_GPU_CV 1036mW/1008mW VDD_SOC 1397mW/1397mW
08-09-2026 23:40:11 RAM 3474/7620MB (lfb 1x4MB) SWAP 2/12002MB (cached 0MB) CPU [2%@1510,2%@1510,0%@1510,2%@1510,1%@1510,4%@1510] GR3D_FREQ 0% cpu@46.437C soc2@45.75C soc0@44.281C gpu@46.156C tj@46.437C soc1@44.156C VDD_IN 4153mW/4160mW VDD_CPU_GPU_CV 996mW/1008mW VDD_SOC 1397mW/1397mW
08-09-2026 23:40:12 RAM 3474/7620MB (lfb 1x4MB) SWAP 2/12002MB (cached 0MB) CPU [3%@1510,2%@1510,0%@1510,0%@1510,0%@1510,4%@1510] GR3D_FREQ 0% cpu@46.656C soc2@45.781C soc0@44.125C gpu@46.25C tj@46.656C soc1@44.125C VDD_IN 4113mW/4159mW VDD_CPU_GPU_CV 996mW/1008mW VDD_SOC 1397mW/1397mW
08-09-2026 23:40:13 RAM 3474/7620MB (lfb 1x4MB) SWAP 2/12002MB (cached 0MB) CPU [3%@1510,1%@1510,1%@1510,1%@1510,1%@1510,3%@1510] GR3D_FREQ 0% cpu@46.468C soc2@45.906C soc0@44.093C gpu@45.718C tj@46.468C soc1@44.187C VDD_IN 4153mW/4159mW VDD_CPU_GPU_CV 996mW/1008mW VDD_SOC 1397mW/1397mW
08-09-2026 23:40:14 RAM 3475/7620MB (lfb 1x4MB) SWAP 2/12002MB (cached 0MB) CPU [2%@1510,2%@1510,3%@1510,2%@1510,3%@1510,3%@1510] GR3D_FREQ 0% cpu@46.562C soc2@45.875C soc0@44.156C gpu@45.781C tj@46.562C soc1@44.187C VDD_IN 4233mW/4160mW VDD_CPU_GPU_CV 1076mW/1008mW VDD_SOC 1397mW/1397mW
08-09-2026 23:40:15 RAM 3475/7620MB (lfb 1x4MB) SWAP 2/12002MB (cached 0MB) CPU [2%@1510,1%@1510,0%@1510,1%@1510,2%@1510,2%@1510] GR3D_FREQ 0% cpu@46.75C soc2@45.875C soc0@44.25C gpu@45.75C tj@46.75C soc1@44C VDD_IN 4153mW/4160mW VDD_CPU_GPU_CV 1036mW/1008mW VDD_SOC 1397mW/1397mW
08-09-2026 23:40:16 RAM 3474/7620MB (lfb 1x4MB) SWAP 2/12002MB (cached 0MB) CPU [1%@1510,4%@1510,1%@1510,1%@1510,0%@1510,4%@1510] GR3D_FREQ 0% cpu@46.5C soc2@45.781C soc0@44.312C gpu@45.937C tj@46.5C soc1@44.093C VDD_IN 4153mW/4160mW VDD_CPU_GPU_CV 996mW/1008mW VDD_SOC 1397mW/1397mW
08-09-2026 23:40:17 RAM 3474/7620MB (lfb 1x4MB) SWAP 2/12002MB (cached 0MB) CPU [1%@1510,1%@1510,1%@1510,1%@1510,1%@1510,3%@1510] GR3D_FREQ 0% cpu@46.625C soc2@45.875C soc0@44.125C gpu@45.937C tj@46.625C soc1@44.187C VDD_IN 4113mW/4159mW VDD_CPU_GPU_CV 996mW/1008mW VDD_SOC 1397mW/1397mW
08-09-2026 23:40:18 RAM 3474/7620MB (lfb 1x4MB) SWAP 2/12002MB (cached 0MB) CPU [1%@1510,1%@1510,1%@1510,1%@1510,0%@1510,3%@1510] GR3D_FREQ 0% cpu@46.468C soc2@45.875C soc0@44.187C gpu@45.937C tj@46.468C soc1@44.093C VDD_IN 4153mW/4159mW VDD_CPU_GPU_CV 996mW/1008mW VDD_SOC 1397mW/1397mW
08-09-2026 23:40:19 RAM 3475/7620MB (lfb 1x4MB) SWAP 2/12002MB (cached 0MB) CPU [1%@1510,2%@1510,2%@1510,2%@1510,2%@1510,5%@1510] GR3D_FREQ 0% cpu@46.468C soc2@45.843C soc0@44.156C gpu@46.062C tj@46.468C soc1@44.281C VDD_IN 4233mW/4160mW VDD_CPU_GPU_CV 1036mW/1008mW VDD_SOC 1397mW/1397mW
08-09-2026 23:40:20 RAM 3475/7620MB (lfb 1x4MB) SWAP 2/12002MB (cached 0MB) CPU [2%@1510,0%@1510,1%@1510,3%@1510,2%@1510,2%@1510] GR3D_FREQ 0% cpu@46.656C soc2@45.875C soc0@44.156C gpu@45.937C tj@46.656C soc1@44.25C VDD_IN 4193mW/4160mW VDD_CPU_GPU_CV 1036mW/1008mW VDD_SOC 1397mW/1397mW
08-09-2026 23:40:21 RAM 3474/7620MB (lfb 1x4MB) SWAP 2/12002MB (cached 0MB) CPU [2%@1510,2%@1510,1%@1510,3%@1510,1%@1510,1%@1510] GR3D_FREQ 0% cpu@46.468C soc2@45.843C soc0@44.218C gpu@45.968C tj@46.468C soc1@44.031C VDD_IN 4153mW/4160mW VDD_CPU_GPU_CV 996mW/1008mW VDD_SOC 1397mW/1397mW
08-09-2026 23:40:22 RAM 3474/7620MB (lfb 1x4MB) SWAP 2/12002MB (cached 0MB) CPU [1%@1510,3%@1510,1%@1510,4%@1510,1%@1510,1%@1510] GR3D_FREQ 0% cpu@46.656C soc2@45.812C soc0@44.375C gpu@45.937C tj@46.656C soc1@44.062C VDD_IN 4153mW/4160mW VDD_CPU_GPU_CV 996mW/1008mW VDD_SOC 1397mW/1397mW
08-09-2026 23:40:23 RAM 3474/7620MB (lfb 1x4MB) SWAP 2/12002MB (cached 0MB) CPU [3%@1510,1%@1510,1%@1510,3%@1510,1%@1510,0%@1510] GR3D_FREQ 0% cpu@46.437C soc2@45.875C soc0@44.125C gpu@46.031C tj@46.437C soc1@44.031C VDD_IN 4153mW/4160mW VDD_CPU_GPU_CV 996mW/1008mW VDD_SOC 1397mW/1397mW
08-09-2026 23:40:24 RAM 3474/7620MB (lfb 1x4MB) SWAP 2/12002MB (cached 0MB) CPU [3%@1510,2%@1510,2%@1510,4%@1510,1%@1510,3%@1510] GR3D_FREQ 0% cpu@46.562C soc2@45.875C soc0@44.125C gpu@46C tj@46.562C soc1@44.125C VDD_IN 4233mW/4160mW VDD_CPU_GPU_CV 1036mW/1008mW VDD_SOC 1397mW/1397mW
08-09-2026 23:40:25 RAM 3475/7620MB (lfb 1x4MB) SWAP 2/12002MB (cached 0MB) CPU [3%@1510,1%@1510,2%@1510,3%@1510,3%@1510,1%@1510] GR3D_FREQ 0% cpu@46.531C soc2@45.906C soc0@44.156C gpu@46C tj@46.593C soc1@44.218C VDD_IN 4193mW/4160mW VDD_CPU_GPU_CV 1036mW/1008mW VDD_SOC 1397mW/1397mW
08-09-2026 23:40:26 RAM 3474/7620MB (lfb 1x4MB) SWAP 2/12002MB (cached 0MB) CPU [2%@1510,1%@1510,0%@1510,3%@1510,2%@1510,1%@1510] GR3D_FREQ 0% cpu@46.468C soc2@45.843C soc0@44.281C gpu@45.875C tj@46.468C soc1@44.062C VDD_IN 4153mW/4160mW VDD_CPU_GPU_CV 996mW/1008mW VDD_SOC 1397mW/1397mW
08-09-2026 23:40:27 RAM 3474/7620MB (lfb 1x4MB) SWAP 2/12002MB (cached 0MB) CPU [0%@1510,0%@1510,1%@1510,3%@1510,1%@1510,2%@1510] GR3D_FREQ 0% cpu@46.625C soc2@45.812C soc0@44.25C gpu@45.812C tj@46.625C soc1@44.093C VDD_IN 4113mW/4160mW VDD_CPU_GPU_CV 996mW/1008mW VDD_SOC 1397mW/1397mW
08-09-2026 23:40:28 RAM 3474/7620MB (lfb 1x4MB) SWAP 2/12002MB (cached 0MB) CPU [4%@1510,1%@1510,1%@1510,3%@1510,3%@1510,1%@1510] GR3D_FREQ 0% cpu@46.468C soc2@45.875C soc0@44.125C gpu@45.843C tj@46.468C soc1@44.062C VDD_IN 4153mW/4160mW VDD_CPU_GPU_CV 996mW/1008mW VDD_SOC 1397mW/1397mW
08-09-2026 23:40:29 RAM 3474/7620MB (lfb 1x4MB) SWAP 2/12002MB (cached 0MB) CPU [1%@1510,1%@1510,1%@1510,4%@1510,4%@1510,1%@1510] GR3D_FREQ 0% cpu@46.5C soc2@45.843C soc0@44.187C gpu@45.781C tj@46.5C soc1@44.093C VDD_IN 4233mW/4160mW VDD_CPU_GPU_CV 1036mW/1008mW VDD_SOC 1397mW/1397mW
08-09-2026 23:40:30 RAM 3473/7620MB (lfb 1x4MB) SWAP 2/12002MB (cached 0MB) CPU [3%@1510,1%@1510,1%@1510,3%@1510,1%@1510,1%@1510] GR3D_FREQ 0% cpu@46.5C soc2@45.781C soc0@44.062C gpu@45.906C tj@46.5C soc1@44.187C VDD_IN 4193mW/4160mW VDD_CPU_GPU_CV 1036mW/1008mW VDD_SOC 1397mW/1397mW
08-09-2026 23:40:31 RAM 3473/7620MB (lfb 1x4MB) SWAP 2/12002MB (cached 0MB) CPU [2%@1510,1%@1510,1%@1510,3%@1510,2%@1510,0%@1510] GR3D_FREQ 0% cpu@46.5C soc2@45.875C soc0@44.281C gpu@45.875C tj@46.5C soc1@44.031C VDD_IN 4193mW/4161mW VDD_CPU_GPU_CV 996mW/1008mW VDD_SOC 1397mW/1397mW
08-09-2026 23:40:32 RAM 3473/7620MB (lfb 1x4MB) SWAP 2/12002MB (cached 0MB) CPU [2%@1510,0%@1510,0%@1510,4%@1510,1%@1510,1%@1510] GR3D_FREQ 0% cpu@46.687C soc2@45.843C soc0@44.312C gpu@45.812C tj@46.687C soc1@44.031C VDD_IN 4153mW/4161mW VDD_CPU_GPU_CV 996mW/1008mW VDD_SOC 1397mW/1397mW
08-09-2026 23:40:33 RAM 3473/7620MB (lfb 1x4MB) SWAP 2/12002MB (cached 0MB) CPU [2%@1510,0%@1510,1%@1510,3%@1510,1%@1510,1%@1510] GR3D_FREQ 0% cpu@46.468C soc2@45.812C soc0@44.062C gpu@45.843C tj@46.406C soc1@44.062C VDD_IN 4193mW/4161mW VDD_CPU_GPU_CV 996mW/1008mW VDD_SOC 1397mW/1397mW
08-09-2026 23:40:34 RAM 3473/7620MB (lfb 1x4MB) SWAP 2/12002MB (cached 0MB) CPU [1%@1510,1%@1510,0%@1510,5%@1510,4%@1510,2%@1510] GR3D_FREQ 0% cpu@46.468C soc2@45.875C soc0@44.062C gpu@46.187C tj@46.468C soc1@44.156C VDD_IN 4233mW/4161mW VDD_CPU_GPU_CV 1036mW/1008mW VDD_SOC 1397mW/1397mW
08-09-2026 23:40:35 RAM 3474/7620MB (lfb 1x4MB) SWAP 2/12002MB (cached 0MB) CPU [2%@1510,1%@1510,1%@1510,4%@1510,2%@1510,3%@1510] GR3D_FREQ 0% cpu@46.468C soc2@45.812C soc0@44.218C gpu@46.281C tj@46.468C soc1@44.218C VDD_IN 4193mW/4161mW VDD_CPU_GPU_CV 1036mW/1008mW VDD_SOC 1397mW/1397mW
08-09-2026 23:40:36 RAM 3474/7620MB (lfb 1x4MB) SWAP 2/12002MB (cached 0MB) CPU [2%@1510,2%@1510,1%@1510,5%@1510,1%@1510,1%@1510] GR3D_FREQ 0% cpu@46.5C soc2@45.875C soc0@44.156C gpu@45.687C tj@46.5C soc1@44.25C VDD_IN 4153mW/4161mW VDD_CPU_GPU_CV 996mW/1008mW VDD_SOC 1397mW/1397mW
08-09-2026 23:40:37 RAM 3474/7620MB (lfb 1x4MB) SWAP 2/12002MB (cached 0MB) CPU [1%@1510,2%@1510,2%@1510,3%@1510,1%@1510,2%@1510] GR3D_FREQ 0% cpu@46.656C soc2@45.875C soc0@44.218C gpu@45.75C tj@46.656C soc1@44.062C VDD_IN 4153mW/4161mW VDD_CPU_GPU_CV 996mW/1008mW VDD_SOC 1397mW/1397mW
08-09-2026 23:40:38 RAM 3474/7620MB (lfb 1x4MB) SWAP 2/12002MB (cached 0MB) CPU [3%@1510,1%@1510,1%@1510,1%@1510,2%@1510,4%@1510] GR3D_FREQ 0% cpu@46.562C soc2@45.875C soc0@44.281C gpu@45.75C tj@46.562C soc1@44.031C VDD_IN 4153mW/4161mW VDD_CPU_GPU_CV 996mW/1008mW VDD_SOC 1397mW/1397mW
08-09-2026 23:40:39 RAM 3475/7620MB (lfb 1x4MB) SWAP 2/12002MB (cached 0MB) CPU [1%@1510,2%@1510,1%@1510,4%@1510,2%@1510,4%@1510] GR3D_FREQ 0% cpu@46.781C soc2@45.875C soc0@44.156C gpu@45.75C tj@46.781C soc1@44.093C VDD_IN 4193mW/4161mW VDD_CPU_GPU_CV 1036mW/1008mW VDD_SOC 1397mW/1397mW
08-09-2026 23:40:40 RAM 3475/7620MB (lfb 1x4MB) SWAP 2/12002MB (cached 0MB) CPU [1%@1510,1%@1510,2%@1510,2%@1510,1%@1510,3%@1510] GR3D_FREQ 0% cpu@46.5C soc2@45.875C soc0@44.125C gpu@45.718C tj@46.5C soc1@44.156C VDD_IN 4193mW/4161mW VDD_CPU_GPU_CV 1036mW/1009mW VDD_SOC 1397mW/1397mW
08-09-2026 23:40:41 RAM 3474/7620MB (lfb 1x4MB) SWAP 2/12002MB (cached 0MB) CPU [1%@1510,0%@1510,0%@1510,1%@1510,2%@1510,3%@1510] GR3D_FREQ 0% cpu@46.5C soc2@45.906C soc0@44.156C gpu@45.75C tj@46.5C soc1@44.187C VDD_IN 4113mW/4161mW VDD_CPU_GPU_CV 996mW/1008mW VDD_SOC 1397mW/1397mW
08-09-2026 23:40:42 RAM 3474/7620MB (lfb 1x4MB) SWAP 2/12002MB (cached 0MB) CPU [2%@1510,1%@1510,1%@1510,1%@1510,1%@1510,3%@1510] GR3D_FREQ 0% cpu@46.593C soc2@45.906C soc0@44.218C gpu@45.718C tj@46.593C soc1@44.25C VDD_IN 4113mW/4161mW VDD_CPU_GPU_CV 996mW/1008mW VDD_SOC 1397mW/1397mW
08-09-2026 23:40:43 RAM 3474/7620MB (lfb 1x4MB) SWAP 2/12002MB (cached 0MB) CPU [2%@1510,1%@1510,1%@1510,3%@1510,1%@1510,3%@1510] GR3D_FREQ 0% cpu@46.468C soc2@45.812C soc0@44.25C gpu@45.718C tj@46.468C soc1@44.093C VDD_IN 4153mW/4161mW VDD_CPU_GPU_CV 996mW/1008mW VDD_SOC 1397mW/1397mW
08-09-2026 23:40:44 RAM 3475/7620MB (lfb 1x4MB) SWAP 2/12002MB (cached 0MB) CPU [2%@1510,1%@1510,2%@1510,4%@1510,1%@1510,3%@1510] GR3D_FREQ 0% cpu@46.812C soc2@45.875C soc0@44.093C gpu@45.687C tj@46.812C soc1@44.093C VDD_IN 4193mW/4161mW VDD_CPU_GPU_CV 1036mW/1008mW VDD_SOC 1397mW/1397mW
08-09-2026 23:40:45 RAM 3474/7620MB (lfb 1x4MB) SWAP 2/12002MB (cached 0MB) CPU [2%@1510,0%@1510,2%@1510,0%@1510,1%@1510,5%@1510] GR3D_FREQ 0% cpu@46.437C soc2@45.875C soc0@44.156C gpu@45.843C tj@46.437C soc1@44.156C VDD_IN 4153mW/4161mW VDD_CPU_GPU_CV 1036mW/1009mW VDD_SOC 1397mW/1397mW
08-09-2026 23:40:46 RAM 3474/7620MB (lfb 1x4MB) SWAP 2/12002MB (cached 0MB) CPU [2%@1510,1%@1510,1%@1510,2%@1510,1%@1510,3%@1510] GR3D_FREQ 0% cpu@46.562C soc2@45.843C soc0@44.156C gpu@45.812C tj@46.562C soc1@44.062C VDD_IN 4113mW/4161mW VDD_CPU_GPU_CV 996mW/1009mW VDD_SOC 1397mW/1397mW
08-09-2026 23:40:47 RAM 3474/7620MB (lfb 1x4MB) SWAP 2/12002MB (cached 0MB) CPU [2%@1510,1%@1510,0%@1510,0%@1510,2%@1510,3%@1510] GR3D_FREQ 0% cpu@46.375C soc2@45.843C soc0@44.25C gpu@46.031C tj@46.375C soc1@44.25C VDD_IN 4113mW/4161mW VDD_CPU_GPU_CV 996mW/1008mW VDD_SOC 1397mW/1397mW
08-09-2026 23:40:48 RAM 3474/7620MB (lfb 1x4MB) SWAP 2/12002MB (cached 0MB) CPU [1%@1510,1%@1510,1%@1510,1%@1510,2%@1510,5%@1510] GR3D_FREQ 0% cpu@46.5C soc2@45.875C soc0@44.156C gpu@46.062C tj@46.5C soc1@44.062C VDD_IN 4153mW/4161mW VDD_CPU_GPU_CV 996mW/1008mW VDD_SOC 1397mW/1397mW
08-09-2026 23:40:49 RAM 3474/7620MB (lfb 1x4MB) SWAP 2/12002MB (cached 0MB) CPU [3%@1510,3%@1510,1%@1510,2%@1510,2%@1510,4%@1510] GR3D_FREQ 0% cpu@46.781C soc2@45.812C soc0@44.312C gpu@46.093C tj@46.781C soc1@44.093C VDD_IN 4193mW/4161mW VDD_CPU_GPU_CV 1036mW/1009mW VDD_SOC 1397mW/1397mW
08-09-2026 23:40:50 RAM 3474/7620MB (lfb 1x4MB) SWAP 2/12002MB (cached 0MB) CPU [3%@1510,1%@1510,2%@1510,3%@1510,1%@1510,1%@1510] GR3D_FREQ 0% cpu@46.468C soc2@45.875C soc0@44.062C gpu@46.125C tj@46.468C soc1@44.062C VDD_IN 4153mW/4161mW VDD_CPU_GPU_CV 1036mW/1009mW VDD_SOC 1397mW/1397mW
08-09-2026 23:40:51 RAM 3474/7620MB (lfb 1x4MB) SWAP 2/12002MB (cached 0MB) CPU [2%@1510,1%@1510,1%@1510,3%@1510,1%@1510,1%@1510] GR3D_FREQ 0% cpu@46.75C soc2@45.812C soc0@44.093C gpu@46.093C tj@46.75C soc1@44.218C VDD_IN 4113mW/4160mW VDD_CPU_GPU_CV 996mW/1009mW VDD_SOC 1397mW/1397mW
08-09-2026 23:40:52 RAM 3474/7620MB (lfb 1x4MB) SWAP 2/12002MB (cached 0MB) CPU [2%@1510,2%@1510,0%@1510,4%@1510,1%@1510,1%@1510] GR3D_FREQ 0% cpu@46.468C soc2@45.906C soc0@44.218C gpu@46.156C tj@46.468C soc1@44.312C VDD_IN 4113mW/4160mW VDD_CPU_GPU_CV 996mW/1009mW VDD_SOC 1397mW/1397mW
08-09-2026 23:40:53 RAM 3474/7620MB (lfb 1x4MB) SWAP 2/12002MB (cached 0MB) CPU [3%@1510,1%@1510,2%@1510,2%@1510,0%@1510,0%@1510] GR3D_FREQ 0% cpu@46.5C soc2@45.875C soc0@44.125C gpu@46.187C tj@46.5C soc1@44.281C VDD_IN 4153mW/4160mW VDD_CPU_GPU_CV 996mW/1008mW VDD_SOC 1397mW/1397mW
08-09-2026 23:40:54 RAM 3474/7620MB (lfb 1x4MB) SWAP 2/12002MB (cached 0MB) CPU [1%@1510,3%@1510,1%@1510,4%@1510,3%@1510,4%@1510] GR3D_FREQ 0% cpu@46.625C soc2@45.875C soc0@44.218C gpu@46.25C tj@46.75C soc1@44.062C VDD_IN 4193mW/4160mW VDD_CPU_GPU_CV 1036mW/1009mW VDD_SOC 1397mW/1397mW
08-09-2026 23:40:55 RAM 3473/7620MB (lfb 1x4MB) SWAP 2/12002MB (cached 0MB) CPU [1%@1510,3%@1510,2%@1510,1%@1510,2%@1510,3%@1510] GR3D_FREQ 0% cpu@46.625C soc2@45.843C soc0@44.343C gpu@46.343C tj@46.625C soc1@44.031C VDD_IN 4193mW/4160mW VDD_CPU_GPU_CV 1036mW/1009mW VDD_SOC 1397mW/1397mW
08-09-2026 23:40:56 RAM 3473/7620MB (lfb 1x4MB) SWAP 2/12002MB (cached 0MB) CPU [2%@1510,2%@1510,1%@1510,0%@1510,0%@1510,3%@1510] GR3D_FREQ 0% cpu@46.843C soc2@45.812C soc0@44.125C gpu@45.687C tj@46.843C soc1@44.125C VDD_IN 4153mW/4160mW VDD_CPU_GPU_CV 996mW/1009mW VDD_SOC 1397mW/1397mW
08-09-2026 23:40:57 RAM 3473/7620MB (lfb 1x4MB) SWAP 2/12002MB (cached 0MB) CPU [0%@1510,1%@1510,1%@1510,0%@1510,1%@1510,3%@1510] GR3D_FREQ 0% cpu@46.5C soc2@45.843C soc0@44.156C gpu@45.687C tj@46.5C soc1@44.125C VDD_IN 4153mW/4160mW VDD_CPU_GPU_CV 996mW/1009mW VDD_SOC 1397mW/1397mW
08-09-2026 23:40:58 RAM 3473/7620MB (lfb 1x4MB) SWAP 2/12002MB (cached 0MB) CPU [2%@1510,1%@1510,1%@1510,0%@1510,0%@1510,3%@1510] GR3D_FREQ 0% cpu@46.562C soc2@45.781C soc0@44.125C gpu@45.875C tj@46.562C soc1@44.281C VDD_IN 4153mW/4160mW VDD_CPU_GPU_CV 996mW/1009mW VDD_SOC 1397mW/1397mW
08-09-2026 23:40:59 RAM 3474/7620MB (lfb 1x4MB) SWAP 2/12002MB (cached 0MB) CPU [3%@1510,1%@1510,2%@1510,4%@1510,3%@1510,4%@1510] GR3D_FREQ 0% cpu@46.75C soc2@45.937C soc0@44.125C gpu@45.937C tj@46.75C soc1@44.093C VDD_IN 4193mW/4161mW VDD_CPU_GPU_CV 1036mW/1009mW VDD_SOC 1397mW/1397mW
08-09-2026 23:41:00 RAM 3474/7620MB (lfb 1x4MB) SWAP 2/12002MB (cached 0MB) CPU [2%@1510,3%@1510,1%@1510,1%@1510,3%@1510,3%@1510] GR3D_FREQ 0% cpu@46.625C soc2@45.718C soc0@44.343C gpu@45.937C tj@46.625C soc1@44.093C VDD_IN 4193mW/4161mW VDD_CPU_GPU_CV 1036mW/1009mW VDD_SOC 1397mW/1397mW
08-09-2026 23:41:01 RAM 3475/7620MB (lfb 1x4MB) SWAP 2/12002MB (cached 0MB) CPU [2%@1510,1%@1510,25%@1510,1%@1510,1%@1510,2%@1510] GR3D_FREQ 0% cpu@46.812C soc2@45.875C soc0@44.125C gpu@45.937C tj@46.812C soc1@44.156C VDD_IN 4458mW/4162mW VDD_CPU_GPU_CV 1232mW/1010mW VDD_SOC 1393mW/1397mW
08-09-2026 23:41:02 RAM 3475/7620MB (lfb 1x4MB) SWAP 2/12002MB (cached 0MB) CPU [1%@1510,0%@1510,0%@1510,0%@1510,1%@1510,0%@1510] GR3D_FREQ 0% cpu@46.437C soc2@45.781C soc0@44.156C gpu@46.031C tj@46.437C soc1@44.093C VDD_IN 4113mW/4162mW VDD_CPU_GPU_CV 996mW/1010mW VDD_SOC 1397mW/1397mW
08-09-2026 23:41:03 RAM 3475/7620MB (lfb 1x4MB) SWAP 2/12002MB (cached 0MB) CPU [0%@1510,0%@1510,0%@1510,0%@1510,1%@1510,0%@1510] GR3D_FREQ 0% cpu@46.437C soc2@45.875C soc0@44.125C gpu@45.906C tj@46.437C soc1@44.187C VDD_IN 4113mW/4161mW VDD_CPU_GPU_CV 956mW/1009mW VDD_SOC 1397mW/1397mW
08-09-2026 23:41:04 RAM 3475/7620MB (lfb 1x4MB) SWAP 2/12002MB (cached 0MB) CPU [1%@1510,2%@1510,2%@1510,4%@1510,2%@1510,1%@1510] GR3D_FREQ 0% cpu@46.531C soc2@45.937C soc0@44.156C gpu@45.968C tj@46.531C soc1@44.25C VDD_IN 4153mW/4161mW VDD_CPU_GPU_CV 996mW/1009mW VDD_SOC 1397mW/1397mW
08-09-2026 23:41:05 RAM 3476/7620MB (lfb 1x4MB) SWAP 2/12002MB (cached 0MB) CPU [1%@1510,0%@1510,1%@1510,1%@1510,2%@1510,0%@1510] GR3D_FREQ 0% cpu@46.531C soc2@45.781C soc0@44.218C gpu@45.937C tj@46.531C soc1@44.093C VDD_IN 4113mW/4161mW VDD_CPU_GPU_CV 996mW/1009mW VDD_SOC 1397mW/1397mW
08-09-2026 23:41:06 RAM 3476/7620MB (lfb 1x4MB) SWAP 2/12002MB (cached 0MB) CPU [1%@1510,0%@1510,0%@1510,0%@1510,0%@1510,0%@1510] GR3D_FREQ 0% cpu@46.75C soc2@45.875C soc0@44.312C gpu@46.031C tj@46.75C soc1@44C VDD_IN 4073mW/4161mW VDD_CPU_GPU_CV 956mW/1009mW VDD_SOC 1397mW/1397mW
08-09-2026 23:41:07 RAM 3476/7620MB (lfb 1x4MB) SWAP 2/12002MB (cached 0MB) CPU [1%@1510,0%@1510,0%@1510,1%@1510,0%@1510,0%@1510] GR3D_FREQ 0% cpu@46.656C soc2@45.875C soc0@44.031C gpu@46.062C tj@46.656C soc1@44.093C VDD_IN 4073mW/4161mW VDD_CPU_GPU_CV 956mW/1009mW VDD_SOC 1397mW/1397mW
08-09-2026 23:41:08 RAM 3476/7620MB (lfb 1x4MB) SWAP 2/12002MB (cached 0MB) CPU [0%@1510,0%@1510,0%@1510,1%@1510,0%@1510,0%@1510] GR3D_FREQ 0% cpu@46.437C soc2@45.843C soc0@44.125C gpu@46.125C tj@46.437C soc1@44.156C VDD_IN 4073mW/4160mW VDD_CPU_GPU_CV 956mW/1009mW VDD_SOC 1397mW/1397mW
08-09-2026 23:41:09 RAM 3476/7620MB (lfb 1x4MB) SWAP 2/12002MB (cached 0MB) CPU [1%@1510,0%@1510,2%@1510,1%@1510,0%@1510,3%@1510] GR3D_FREQ 0% cpu@46.406C soc2@45.812C soc0@44.156C gpu@46.062C tj@46.406C soc1@44.125C VDD_IN 4153mW/4160mW VDD_CPU_GPU_CV 996mW/1009mW VDD_SOC 1397mW/1397mW
08-09-2026 23:41:10 RAM 3476/7620MB (lfb 1x4MB) SWAP 2/12002MB (cached 0MB) CPU [0%@1510,2%@1510,1%@1510,1%@1510,3%@1510,0%@1510] GR3D_FREQ 0% cpu@46.625C soc2@45.843C soc0@44.25C gpu@46.062C tj@46.625C soc1@44.25C VDD_IN 4113mW/4160mW VDD_CPU_GPU_CV 996mW/1009mW VDD_SOC 1397mW/1397mW
08-09-2026 23:41:11 RAM 3044/7620MB (lfb 25x4MB) SWAP 2/12002MB (cached 0MB) CPU [1%@1510,0%@1510,0%@1510,2%@1510,1%@1510,0%@1510] GR3D_FREQ 0% cpu@46.531C soc2@45.75C soc0@44.312C gpu@46.156C tj@46.531C soc1@44.093C VDD_IN 4113mW/4160mW VDD_CPU_GPU_CV 996mW/1008mW VDD_SOC 1397mW/1397mW
08-09-2026 23:41:12 RAM 3044/7620MB (lfb 25x4MB) SWAP 2/12002MB (cached 0MB) CPU [1%@1510,0%@1510,0%@1510,0%@1510,1%@1510,0%@1510] GR3D_FREQ 0% cpu@46.625C soc2@45.812C soc0@44.312C gpu@46.125C tj@46.625C soc1@44.031C VDD_IN 4113mW/4160mW VDD_CPU_GPU_CV 956mW/1008mW VDD_SOC 1397mW/1397mW
08-09-2026 23:41:13 RAM 3044/7620MB (lfb 25x4MB) SWAP 2/12002MB (cached 0MB) CPU [1%@1510,1%@1510,0%@1510,0%@1510,0%@1510,0%@1510] GR3D_FREQ 0% cpu@46.437C soc2@45.875C soc0@44.125C gpu@46.187C tj@46.437C soc1@44.125C VDD_IN 4073mW/4159mW VDD_CPU_GPU_CV 956mW/1008mW VDD_SOC 1397mW/1397mW
08-09-2026 23:41:14 RAM 3044/7620MB (lfb 25x4MB) SWAP 2/12002MB (cached 0MB) CPU [0%@1510,0%@1510,1%@1510,3%@1510,2%@1510,0%@1510] GR3D_FREQ 0% cpu@46.687C soc2@45.812C soc0@44.093C gpu@46.312C tj@46.687C soc1@44.187C VDD_IN 4113mW/4159mW VDD_CPU_GPU_CV 996mW/1008mW VDD_SOC 1397mW/1397mW
