08-10-2026 00:29:15 RAM 3083/7620MB (lfb 36x4MB) SWAP 2/12002MB (cached 0MB) CPU [1%@1510,1%@1510,0%@1510,0%@1510,0%@1510,0%@1510] GR3D_FREQ 0% cpu@47.031C soc2@46.437C soc0@44.812C gpu@46.468C tj@47.031C soc1@44.718C VDD_IN 4153mW/4153mW VDD_CPU_GPU_CV 996mW/996mW VDD_SOC 1397mW/1397mW
08-10-2026 00:29:16 RAM 3083/7620MB (lfb 36x4MB) SWAP 2/12002MB (cached 0MB) CPU [0%@1510,1%@1510,0%@1510,0%@1510,1%@1510,1%@1510] GR3D_FREQ 0% cpu@47.062C soc2@46.468C soc0@44.812C gpu@46.5C tj@47.062C soc1@44.812C VDD_IN 4113mW/4133mW VDD_CPU_GPU_CV 996mW/996mW VDD_SOC 1397mW/1397mW
08-10-2026 00:29:17 RAM 3083/7620MB (lfb 36x4MB) SWAP 2/12002MB (cached 0MB) CPU [1%@1510,1%@1510,0%@1510,0%@1510,0%@1510,0%@1510] GR3D_FREQ 0% cpu@47.187C soc2@46.468C soc0@44.781C gpu@46.5C tj@47.187C soc1@44.687C VDD_IN 4073mW/4113mW VDD_CPU_GPU_CV 956mW/982mW VDD_SOC 1397mW/1397mW
08-10-2026 00:29:18 RAM 3083/7620MB (lfb 36x4MB) SWAP 2/12002MB (cached 0MB) CPU [0%@1510,0%@1510,0%@1510,0%@1510,0%@1510,0%@1510] GR3D_FREQ 0% cpu@47.031C soc2@46.406C soc0@44.843C gpu@46.531C tj@47.031C soc1@44.687C VDD_IN 4073mW/4103mW VDD_CPU_GPU_CV 956mW/976mW VDD_SOC 1397mW/1397mW
08-10-2026 00:29:19 RAM 3083/7620MB (lfb 36x4MB) SWAP 2/12002MB (cached 0MB) CPU [1%@1510,1%@1510,1%@1510,1%@1510,2%@1510,0%@1510] GR3D_FREQ 0% cpu@47.312C soc2@46.375C soc0@44.687C gpu@46.437C tj@47.312C soc1@44.625C VDD_IN 4153mW/4113mW VDD_CPU_GPU_CV 996mW/980mW VDD_SOC 1397mW/1397mW
08-10-2026 00:29:20 RAM 3083/7620MB (lfb 36x4MB) SWAP 2/12002MB (cached 0MB) CPU [0%@1510,0%@1510,1%@1510,0%@1510,1%@1510,2%@1510] GR3D_FREQ 0% cpu@46.937C soc2@46.437C soc0@44.656C gpu@46.593C tj@46.937C soc1@44.656C VDD_IN 4113mW/4113mW VDD_CPU_GPU_CV 996mW/982mW VDD_SOC 1397mW/1397mW
08-10-2026 00:29:21 RAM 3083/7620MB (lfb 36x4MB) SWAP 2/12002MB (cached 0MB) CPU [1%@1510,1%@1510,1%@1510,0%@1510,0%@1510,0%@1510] GR3D_FREQ 0% cpu@47.125C soc2@46.468C soc0@44.718C gpu@46.562C tj@47.125C soc1@44.687C VDD_IN 4073mW/4107mW VDD_CPU_GPU_CV 956mW/978mW VDD_SOC 1397mW/1397mW
08-10-2026 00:29:22 RAM 3083/7620MB (lfb 36x4MB) SWAP 2/12002MB (cached 0MB) CPU [0%@1510,1%@1510,0%@1510,0%@1510,0%@1510,0%@1510] GR3D_FREQ 0% cpu@46.968C soc2@46.437C soc0@44.75C gpu@46.531C tj@46.968C soc1@44.875C VDD_IN 4073mW/4103mW VDD_CPU_GPU_CV 956mW/976mW VDD_SOC 1397mW/1397mW
08-10-2026 00:29:23 RAM 3083/7620MB (lfb 36x4MB) SWAP 2/12002MB (cached 0MB) CPU [0%@1510,1%@1510,0%@1510,0%@1510,0%@1510,0%@1510] GR3D_FREQ 0% cpu@47.062C soc2@46.343C soc0@44.75C gpu@46.531C tj@47.062C soc1@44.593C VDD_IN 4113mW/4104mW VDD_CPU_GPU_CV 956mW/973mW VDD_SOC 1397mW/1397mW
08-10-2026 00:29:25 RAM 3083/7620MB (lfb 36x4MB) SWAP 2/12002MB (cached 0MB) CPU [0%@1510,1%@1510,0%@1510,0%@1510,0%@1510,0%@1510] GR3D_FREQ 0% cpu@47.25C soc2@46.375C soc0@44.812C gpu@46.593C tj@47.25C soc1@44.625C VDD_IN 4073mW/4101mW VDD_CPU_GPU_CV 956mW/972mW VDD_SOC 1397mW/1397mW
08-10-2026 00:29:26 RAM 3083/7620MB (lfb 36x4MB) SWAP 2/12002MB (cached 0MB) CPU [0%@1510,0%@1510,1%@1510,0%@1510,0%@1510,0%@1510] GR3D_FREQ 0% cpu@47.062C soc2@46.343C soc0@44.656C gpu@46.562C tj@47.062C soc1@44.687C VDD_IN 4113mW/4102mW VDD_CPU_GPU_CV 956mW/970mW VDD_SOC 1397mW/1397mW
08-10-2026 00:29:27 RAM 3083/7620MB (lfb 36x4MB) SWAP 2/12002MB (cached 0MB) CPU [1%@1510,3%@1510,0%@1510,0%@1510,0%@1510,0%@1510] GR3D_FREQ 0% cpu@46.843C soc2@46.375C soc0@44.687C gpu@46.593C tj@46.843C soc1@44.75C VDD_IN 4073mW/4099mW VDD_CPU_GPU_CV 956mW/969mW VDD_SOC 1397mW/1397mW
08-10-2026 00:29:28 RAM 3083/7620MB (lfb 36x4MB) SWAP 2/12002MB (cached 0MB) CPU [0%@1510,0%@1510,0%@1510,0%@1510,0%@1510,1%@1510] GR3D_FREQ 0% cpu@46.968C soc2@46.437C soc0@44.625C gpu@46.562C tj@46.968C soc1@44.781C VDD_IN 4073mW/4097mW VDD_CPU_GPU_CV 956mW/968mW VDD_SOC 1397mW/1397mW
08-10-2026 00:29:29 RAM 3083/7620MB (lfb 36x4MB) SWAP 2/12002MB (cached 0MB) CPU [0%@1510,1%@1510,0%@1510,0%@1510,0%@1510,0%@1510] GR3D_FREQ 0% cpu@47.093C soc2@46.312C soc0@44.781C gpu@46.375C tj@47.093C soc1@44.625C VDD_IN 4073mW/4095mW VDD_CPU_GPU_CV 956mW/967mW VDD_SOC 1397mW/1397mW
08-10-2026 00:29:30 RAM 3083/7620MB (lfb 36x4MB) SWAP 2/12002MB (cached 0MB) CPU [0%@1510,1%@1510,0%@1510,0%@1510,1%@1510,1%@1510] GR3D_FREQ 0% cpu@47.281C soc2@46.375C soc0@44.656C gpu@46.375C tj@47.281C soc1@44.593C VDD_IN 4073mW/4094mW VDD_CPU_GPU_CV 956mW/966mW VDD_SOC 1397mW/1397mW
08-10-2026 00:29:31 RAM 3083/7620MB (lfb 36x4MB) SWAP 2/12002MB (cached 0MB) CPU [1%@1510,1%@1510,1%@1510,0%@1510,0%@1510,0%@1510] GR3D_FREQ 0% cpu@46.968C soc2@46.375C soc0@44.656C gpu@46.343C tj@46.968C soc1@44.687C VDD_IN 4113mW/4095mW VDD_CPU_GPU_CV 996mW/968mW VDD_SOC 1397mW/1397mW
08-10-2026 00:29:32 RAM 3083/7620MB (lfb 36x4MB) SWAP 2/12002MB (cached 0MB) CPU [1%@1510,1%@1510,0%@1510,0%@1510,0%@1510,0%@1510] GR3D_FREQ 0% cpu@47.031C soc2@46.406C soc0@44.75C gpu@46.343C tj@47.031C soc1@44.75C VDD_IN 4073mW/4094mW VDD_CPU_GPU_CV 956mW/967mW VDD_SOC 1397mW/1397mW
08-10-2026 00:29:33 RAM 3083/7620MB (lfb 36x4MB) SWAP 2/12002MB (cached 0MB) CPU [0%@1510,1%@1510,0%@1510,0%@1510,0%@1510,1%@1510] GR3D_FREQ 0% cpu@46.968C soc2@46.375C soc0@44.75C gpu@46.406C tj@47.093C soc1@44.843C VDD_IN 4073mW/4093mW VDD_CPU_GPU_CV 956mW/967mW VDD_SOC 1397mW/1397mW
08-10-2026 00:29:34 RAM 3083/7620MB (lfb 36x4MB) SWAP 2/12002MB (cached 0MB) CPU [0%@1510,0%@1510,0%@1510,0%@1510,0%@1510,0%@1510] GR3D_FREQ 0% cpu@47C soc2@46.468C soc0@44.75C gpu@46.406C tj@47C soc1@44.593C VDD_IN 4073mW/4091mW VDD_CPU_GPU_CV 956mW/966mW VDD_SOC 1397mW/1397mW
08-10-2026 00:29:35 RAM 3083/7620MB (lfb 36x4MB) SWAP 2/12002MB (cached 0MB) CPU [1%@1510,1%@1510,0%@1510,0%@1510,0%@1510,0%@1510] GR3D_FREQ 0% cpu@47.218C soc2@46.343C soc0@44.75C gpu@46.781C tj@47.218C soc1@44.562C VDD_IN 4073mW/4091mW VDD_CPU_GPU_CV 956mW/966mW VDD_SOC 1397mW/1397mW
08-10-2026 00:29:36 RAM 3083/7620MB (lfb 36x4MB) SWAP 2/12002MB (cached 0MB) CPU [1%@1510,1%@1510,1%@1510,0%@1510,0%@1510,0%@1510] GR3D_FREQ 0% cpu@47.031C soc2@46.375C soc0@44.656C gpu@46.718C tj@46.937C soc1@44.625C VDD_IN 4113mW/4092mW VDD_CPU_GPU_CV 956mW/965mW VDD_SOC 1397mW/1397mW
08-10-2026 00:29:37 RAM 3083/7620MB (lfb 36x4MB) SWAP 2/12002MB (cached 0MB) CPU [1%@1510,1%@1510,0%@1510,0%@1510,1%@1510,0%@1510] GR3D_FREQ 0% cpu@47.343C soc2@46.343C soc0@44.687C gpu@46.343C tj@47.343C soc1@44.625C VDD_IN 4073mW/4091mW VDD_CPU_GPU_CV 956mW/965mW VDD_SOC 1397mW/1397mW
08-10-2026 00:29:38 RAM 3083/7620MB (lfb 36x4MB) SWAP 2/12002MB (cached 0MB) CPU [1%@1510,0%@1510,0%@1510,0%@1510,1%@1510,2%@1510] GR3D_FREQ 0% cpu@46.968C soc2@46.343C soc0@44.75C gpu@46.281C tj@46.968C soc1@44.75C VDD_IN 4073mW/4090mW VDD_CPU_GPU_CV 956mW/964mW VDD_SOC 1397mW/1397mW
08-10-2026 00:29:39 RAM 3083/7620MB (lfb 36x4MB) SWAP 2/12002MB (cached 0MB) CPU [0%@1510,0%@1510,0%@1510,0%@1510,0%@1510,0%@1510] GR3D_FREQ 0% cpu@47.062C soc2@46.406C soc0@44.687C gpu@46.312C tj@47.062C soc1@44.843C VDD_IN 4073mW/4089mW VDD_CPU_GPU_CV 956mW/964mW VDD_SOC 1397mW/1397mW
08-10-2026 00:29:40 RAM 3083/7620MB (lfb 36x4MB) SWAP 2/12002MB (cached 0MB) CPU [1%@1510,0%@1510,0%@1510,0%@1510,0%@1510,0%@1510] GR3D_FREQ 0% cpu@47.25C soc2@46.343C soc0@44.812C gpu@46.312C tj@47.25C soc1@44.625C VDD_IN 4073mW/4089mW VDD_CPU_GPU_CV 956mW/964mW VDD_SOC 1397mW/1397mW
08-10-2026 00:29:41 RAM 3083/7620MB (lfb 36x4MB) SWAP 2/12002MB (cached 0MB) CPU [1%@1510,2%@1510,0%@1510,0%@1510,0%@1510,0%@1510] GR3D_FREQ 0% cpu@47.093C soc2@46.343C soc0@44.812C gpu@46.312C tj@47.093C soc1@44.593C VDD_IN 4113mW/4089mW VDD_CPU_GPU_CV 956mW/963mW VDD_SOC 1397mW/1397mW
08-10-2026 00:29:42 RAM 3083/7620MB (lfb 36x4MB) SWAP 2/12002MB (cached 0MB) CPU [0%@1510,0%@1510,0%@1510,0%@1510,0%@1510,0%@1510] GR3D_FREQ 0% cpu@47.25C soc2@46.375C soc0@44.625C gpu@46.375C tj@47.25C soc1@44.593C VDD_IN 4073mW/4089mW VDD_CPU_GPU_CV 956mW/963mW VDD_SOC 1397mW/1397mW
08-10-2026 00:29:43 RAM 3083/7620MB (lfb 36x4MB) SWAP 2/12002MB (cached 0MB) CPU [1%@1510,1%@1510,0%@1510,0%@1510,0%@1510,0%@1510] GR3D_FREQ 0% cpu@46.875C soc2@46.375C soc0@44.687C gpu@46.312C tj@46.875C soc1@44.687C VDD_IN 4073mW/4088mW VDD_CPU_GPU_CV 956mW/963mW VDD_SOC 1397mW/1397mW
08-10-2026 00:29:44 RAM 3083/7620MB (lfb 36x4MB) SWAP 2/12002MB (cached 0MB) CPU [1%@1510,0%@1510,0%@1510,0%@1510,0%@1510,0%@1510] GR3D_FREQ 0% cpu@47.093C soc2@46.375C soc0@44.593C gpu@46.375C tj@47.093C soc1@44.718C VDD_IN 4073mW/4088mW VDD_CPU_GPU_CV 956mW/962mW VDD_SOC 1397mW/1397mW
08-10-2026 00:29:45 RAM 3091/7620MB (lfb 36x4MB) SWAP 2/12002MB (cached 0MB) CPU [0%@1510,2%@1510,0%@1510,0%@1510,16%@1510,1%@1510] GR3D_FREQ 0% cpu@47.031C soc2@46.406C soc0@44.687C gpu@46.375C tj@47.031C soc1@44.812C VDD_IN 4385mW/4098mW VDD_CPU_GPU_CV 1154mW/969mW VDD_SOC 1395mW/1396mW
08-10-2026 00:29:46 RAM 3121/7620MB (lfb 36x4MB) SWAP 2/12002MB (cached 0MB) CPU [8%@1510,7%@1510,8%@1510,8%@1510,57%@1510,10%@1510] GR3D_FREQ 0% cpu@47.187C soc2@46.343C soc0@44.781C gpu@46.375C tj@47.187C soc1@44.625C VDD_IN 4458mW/4109mW VDD_CPU_GPU_CV 1232mW/977mW VDD_SOC 1393mW/1396mW
08-10-2026 00:29:47 RAM 3129/7620MB (lfb 36x4MB) SWAP 2/12002MB (cached 0MB) CPU [7%@1510,7%@1510,6%@1510,8%@1510,9%@1510,17%@1510] GR3D_FREQ 0% cpu@47.562C soc2@46.375C soc0@44.75C gpu@46.343C tj@47.562C soc1@44.593C VDD_IN 4737mW/4129mW VDD_CPU_GPU_CV 1510mW/994mW VDD_SOC 1393mW/1396mW
08-10-2026 00:29:48 RAM 3282/7620MB (lfb 36x4MB) SWAP 2/12002MB (cached 0MB) CPU [1%@1510,1%@1510,1%@1510,1%@1510,3%@1510,100%@1510] GR3D_FREQ 0% cpu@47.468C soc2@46.437C soc0@44.593C gpu@46.437C tj@47.468C soc1@44.656C VDD_IN 4960mW/4154mW VDD_CPU_GPU_CV 1545mW/1011mW VDD_SOC 1428mW/1397mW
08-10-2026 00:29:49 RAM 3329/7620MB (lfb 36x4MB) SWAP 2/12002MB (cached 0MB) CPU [13%@1510,1%@1510,1%@1510,0%@1510,11%@1510,100%@1510] GR3D_FREQ 0% cpu@47.375C soc2@46.406C soc0@44.718C gpu@46.406C tj@47.375C soc1@44.687C VDD_IN 5229mW/4186mW VDD_CPU_GPU_CV 1700mW/1031mW VDD_SOC 1465mW/1399mW
08-10-2026 00:29:50 RAM 3353/7620MB (lfb 36x4MB) SWAP 2/12002MB (cached 0MB) CPU [25%@1510,2%@1510,4%@1510,2%@1510,2%@1510,46%@1510] GR3D_FREQ 0% cpu@47.156C soc2@46.468C soc0@44.718C gpu@46.468C tj@47.156C soc1@44.781C VDD_IN 4465mW/4194mW VDD_CPU_GPU_CV 1194mW/1035mW VDD_SOC 1395mW/1399mW
08-10-2026 00:29:51 RAM 3368/7620MB (lfb 36x4MB) SWAP 2/12002MB (cached 0MB) CPU [7%@1510,7%@1510,8%@1510,9%@1510,11%@1510,19%@1510] GR3D_FREQ 0% cpu@47.562C soc2@46.406C soc0@44.718C gpu@46.468C tj@47.562C soc1@44.656C VDD_IN 4816mW/4211mW VDD_CPU_GPU_CV 1510mW/1049mW VDD_SOC 1393mW/1399mW
08-10-2026 00:29:52 RAM 3672/7620MB (lfb 13x4MB) SWAP 2/12002MB (cached 0MB) CPU [23%@1510,4%@1510,8%@1510,5%@1510,7%@1510,77%@1510] GR3D_FREQ 0% cpu@47.75C soc2@46.375C soc0@44.875C gpu@46.75C tj@47.75C soc1@44.687C VDD_IN 5229mW/4238mW VDD_CPU_GPU_CV 1661mW/1065mW VDD_SOC 1505mW/1402mW
08-10-2026 00:29:53 RAM 3773/7620MB (lfb 1x4MB) SWAP 2/12002MB (cached 0MB) CPU [26%@1510,3%@1510,4%@1510,5%@1510,6%@1510,4%@1510] GR3D_FREQ 0% cpu@47.312C soc2@46.5C soc0@44.687C gpu@46.781C tj@47.062C soc1@44.75C VDD_IN 4505mW/4245mW VDD_CPU_GPU_CV 1234mW/1070mW VDD_SOC 1435mW/1403mW
08-10-2026 00:29:54 RAM 3773/7620MB (lfb 1x4MB) SWAP 2/12002MB (cached 0MB) CPU [3%@1510,1%@1510,1%@1510,3%@1510,0%@1510,2%@1510] GR3D_FREQ 0% cpu@47.125C soc2@46.562C soc0@44.687C gpu@46.75C tj@47.125C soc1@44.812C VDD_IN 4233mW/4245mW VDD_CPU_GPU_CV 1036mW/1069mW VDD_SOC 1397mW/1402mW
08-10-2026 00:29:55 RAM 3774/7620MB (lfb 1x4MB) SWAP 2/12002MB (cached 0MB) CPU [4%@1510,3%@1510,1%@1510,1%@1510,0%@1510,2%@1510] GR3D_FREQ 0% cpu@47.031C soc2@46.562C soc0@44.75C gpu@46.468C tj@47.031C soc1@44.812C VDD_IN 4193mW/4244mW VDD_CPU_GPU_CV 1036mW/1068mW VDD_SOC 1397mW/1402mW
08-10-2026 00:29:56 RAM 3775/7620MB (lfb 1x4MB) SWAP 2/12002MB (cached 0MB) CPU [4%@1510,3%@1510,4%@1510,3%@1510,3%@1510,2%@1510] GR3D_FREQ 0% cpu@47.156C soc2@46.375C soc0@44.843C gpu@46.437C tj@47.156C soc1@44.718C VDD_IN 4273mW/4244mW VDD_CPU_GPU_CV 1076mW/1068mW VDD_SOC 1397mW/1402mW
08-10-2026 00:29:57 RAM 3775/7620MB (lfb 1x4MB) SWAP 2/12002MB (cached 0MB) CPU [4%@1510,3%@1510,2%@1510,3%@1510,3%@1510,1%@1510] GR3D_FREQ 0% cpu@47.312C soc2@46.375C soc0@44.875C gpu@46.5C tj@47.312C soc1@44.656C VDD_IN 4233mW/4244mW VDD_CPU_GPU_CV 1036mW/1067mW VDD_SOC 1397mW/1402mW
08-10-2026 00:29:58 RAM 3775/7620MB (lfb 1x4MB) SWAP 2/12002MB (cached 0MB) CPU [4%@1510,2%@1510,1%@1510,1%@1510,2%@1510,1%@1510] GR3D_FREQ 0% cpu@47.187C soc2@46.437C soc0@44.687C gpu@46.468C tj@47.187C soc1@44.656C VDD_IN 4193mW/4243mW VDD_CPU_GPU_CV 1036mW/1067mW VDD_SOC 1397mW/1402mW
08-10-2026 00:29:59 RAM 3775/7620MB (lfb 1x4MB) SWAP 2/12002MB (cached 0MB) CPU [4%@1510,2%@1510,2%@1510,1%@1510,3%@1510,1%@1510] GR3D_FREQ 0% cpu@47C soc2@46.375C soc0@44.75C gpu@46.5C tj@47C soc1@44.781C VDD_IN 4193mW/4242mW VDD_CPU_GPU_CV 1036mW/1066mW VDD_SOC 1397mW/1402mW
08-10-2026 00:30:00 RAM 3775/7620MB (lfb 1x4MB) SWAP 2/12002MB (cached 0MB) CPU [5%@1510,3%@1510,2%@1510,3%@1510,1%@1510,2%@1510] GR3D_FREQ 0% cpu@47.093C soc2@46.437C soc0@44.75C gpu@46.531C tj@47.093C soc1@44.75C VDD_IN 4193mW/4241mW VDD_CPU_GPU_CV 1036mW/1065mW VDD_SOC 1397mW/1402mW
08-10-2026 00:30:01 RAM 3776/7620MB (lfb 1x4MB) SWAP 2/12002MB (cached 0MB) CPU [3%@1510,3%@1510,2%@1510,3%@1510,4%@1510,3%@1510] GR3D_FREQ 0% cpu@47.218C soc2@46.468C soc0@44.75C gpu@46.406C tj@47.218C soc1@44.843C VDD_IN 4273mW/4241mW VDD_CPU_GPU_CV 1076mW/1065mW VDD_SOC 1397mW/1401mW
08-10-2026 00:30:02 RAM 3775/7620MB (lfb 1x4MB) SWAP 2/12002MB (cached 0MB) CPU [2%@1510,4%@1510,2%@1510,2%@1510,2%@1510,2%@1510] GR3D_FREQ 0% cpu@47.093C soc2@46.406C soc0@44.843C gpu@46.5C tj@47.406C soc1@44.593C VDD_IN 4233mW/4241mW VDD_CPU_GPU_CV 1036mW/1065mW VDD_SOC 1397mW/1401mW
08-10-2026 00:30:03 RAM 3775/7620MB (lfb 1x4MB) SWAP 2/12002MB (cached 0MB) CPU [2%@1510,2%@1510,2%@1510,2%@1510,2%@1510,2%@1510] GR3D_FREQ 0% cpu@47.187C soc2@46.406C soc0@44.718C gpu@46.531C tj@47.187C soc1@44.687C VDD_IN 4193mW/4240mW VDD_CPU_GPU_CV 1036mW/1064mW VDD_SOC 1397mW/1401mW
08-10-2026 00:30:04 RAM 3775/7620MB (lfb 1x4MB) SWAP 2/12002MB (cached 0MB) CPU [2%@1510,4%@1510,2%@1510,2%@1510,2%@1510,1%@1510] GR3D_FREQ 0% cpu@47.093C soc2@46.375C soc0@44.718C gpu@46.468C tj@47.093C soc1@44.781C VDD_IN 4193mW/4239mW VDD_CPU_GPU_CV 1036mW/1064mW VDD_SOC 1397mW/1401mW
08-10-2026 00:30:05 RAM 3773/7620MB (lfb 1x4MB) SWAP 2/12002MB (cached 0MB) CPU [2%@1510,2%@1510,1%@1510,2%@1510,3%@1510,2%@1510] GR3D_FREQ 0% cpu@47.093C soc2@46.468C soc0@44.687C gpu@46.5C tj@47.093C soc1@44.781C VDD_IN 4193mW/4238mW VDD_CPU_GPU_CV 1036mW/1063mW VDD_SOC 1397mW/1401mW
08-10-2026 00:30:06 RAM 3774/7620MB (lfb 1x4MB) SWAP 2/12002MB (cached 0MB) CPU [4%@1510,1%@1510,4%@1510,4%@1510,4%@1510,3%@1510] GR3D_FREQ 0% cpu@47.218C soc2@46.5C soc0@44.781C gpu@46.593C tj@47.218C soc1@44.781C VDD_IN 4273mW/4239mW VDD_CPU_GPU_CV 1076mW/1063mW VDD_SOC 1397mW/1401mW
08-10-2026 00:30:07 RAM 3775/7620MB (lfb 1x4MB) SWAP 2/12002MB (cached 0MB) CPU [4%@1510,1%@1510,3%@1510,2%@1510,2%@1510,4%@1510] GR3D_FREQ 0% cpu@47.093C soc2@46.531C soc0@44.843C gpu@46.656C tj@47.343C soc1@44.656C VDD_IN 4233mW/4239mW VDD_CPU_GPU_CV 1036mW/1063mW VDD_SOC 1397mW/1401mW
08-10-2026 00:30:08 RAM 3775/7620MB (lfb 1x4MB) SWAP 2/12002MB (cached 0MB) CPU [4%@1510,3%@1510,2%@1510,3%@1510,1%@1510,1%@1510] GR3D_FREQ 0% cpu@47.218C soc2@46.375C soc0@44.812C gpu@46.437C tj@47.218C soc1@44.625C VDD_IN 4193mW/4238mW VDD_CPU_GPU_CV 1036mW/1062mW VDD_SOC 1397mW/1401mW
08-10-2026 00:30:09 RAM 3775/7620MB (lfb 1x4MB) SWAP 2/12002MB (cached 0MB) CPU [3%@1510,2%@1510,2%@1510,2%@1510,3%@1510,1%@1510] GR3D_FREQ 0% cpu@46.968C soc2@46.437C soc0@44.687C gpu@46.406C tj@46.968C soc1@44.718C VDD_IN 4193mW/4237mW VDD_CPU_GPU_CV 1036mW/1062mW VDD_SOC 1397mW/1401mW
08-10-2026 00:30:10 RAM 3775/7620MB (lfb 1x4MB) SWAP 2/12002MB (cached 0MB) CPU [7%@1510,3%@1510,1%@1510,2%@1510,3%@1510,1%@1510] GR3D_FREQ 0% cpu@47.062C soc2@46.437C soc0@44.781C gpu@46.406C tj@47.062C soc1@44.75C VDD_IN 4193mW/4236mW VDD_CPU_GPU_CV 1036mW/1061mW VDD_SOC 1397mW/1401mW
08-10-2026 00:30:11 RAM 3775/7620MB (lfb 1x4MB) SWAP 2/12002MB (cached 0MB) CPU [4%@1510,1%@1510,3%@1510,2%@1510,5%@1510,2%@1510] GR3D_FREQ 0% cpu@47.156C soc2@46.5C soc0@44.781C gpu@46.406C tj@47.156C soc1@44.781C VDD_IN 4233mW/4236mW VDD_CPU_GPU_CV 1076mW/1062mW VDD_SOC 1397mW/1401mW
08-10-2026 00:30:12 RAM 3775/7620MB (lfb 1x4MB) SWAP 2/12002MB (cached 0MB) CPU [2%@1510,1%@1510,5%@1510,2%@1510,2%@1510,3%@1510] GR3D_FREQ 0% cpu@47.093C soc2@46.406C soc0@44.781C gpu@46.375C tj@47.093C soc1@44.718C VDD_IN 4193mW/4235mW VDD_CPU_GPU_CV 1036mW/1061mW VDD_SOC 1397mW/1401mW
08-10-2026 00:30:13 RAM 3775/7620MB (lfb 1x4MB) SWAP 2/12002MB (cached 0MB) CPU [3%@1510,2%@1510,3%@1510,1%@1510,2%@1510,1%@1510] GR3D_FREQ 0% cpu@47.281C soc2@46.437C soc0@44.843C gpu@46.375C tj@47.281C soc1@44.687C VDD_IN 4193mW/4235mW VDD_CPU_GPU_CV 1036mW/1061mW VDD_SOC 1397mW/1400mW
08-10-2026 00:30:14 RAM 3775/7620MB (lfb 1x4MB) SWAP 2/12002MB (cached 0MB) CPU [4%@1510,1%@1510,3%@1510,3%@1510,2%@1510,2%@1510] GR3D_FREQ 0% cpu@47C soc2@46.406C soc0@44.75C gpu@46.5C tj@47C soc1@44.625C VDD_IN 4153mW/4233mW VDD_CPU_GPU_CV 1036mW/1060mW VDD_SOC 1397mW/1400mW
08-10-2026 00:30:15 RAM 3775/7620MB (lfb 1x4MB) SWAP 2/12002MB (cached 0MB) CPU [3%@1510,1%@1510,2%@1510,2%@1510,2%@1510,1%@1510] GR3D_FREQ 0% cpu@47.187C soc2@46.5C soc0@44.812C gpu@46.406C tj@47C soc1@44.75C VDD_IN 4193mW/4233mW VDD_CPU_GPU_CV 1036mW/1060mW VDD_SOC 1397mW/1400mW
08-10-2026 00:30:16 RAM 3775/7620MB (lfb 1x4MB) SWAP 2/12002MB (cached 0MB) CPU [5%@1510,2%@1510,3%@1510,5%@1510,3%@1510,2%@1510] GR3D_FREQ 0% cpu@47.062C soc2@46.468C soc0@44.718C gpu@46.656C tj@47.187C soc1@44.75C VDD_IN 4233mW/4233mW VDD_CPU_GPU_CV 1076mW/1060mW VDD_SOC 1397mW/1400mW
08-10-2026 00:30:17 RAM 3774/7620MB (lfb 1x4MB) SWAP 2/12002MB (cached 0MB) CPU [3%@1510,1%@1510,1%@1510,3%@1510,3%@1510,2%@1510] GR3D_FREQ 0% cpu@47.062C soc2@46.437C soc0@44.812C gpu@46.75C tj@47.062C soc1@44.875C VDD_IN 4193mW/4232mW VDD_CPU_GPU_CV 1036mW/1060mW VDD_SOC 1397mW/1400mW
08-10-2026 00:30:18 RAM 3774/7620MB (lfb 1x4MB) SWAP 2/12002MB (cached 0MB) CPU [3%@1510,1%@1510,4%@1510,2%@1510,2%@1510,1%@1510] GR3D_FREQ 0% cpu@47.187C soc2@46.375C soc0@44.875C gpu@46.781C tj@47.187C soc1@44.656C VDD_IN 4193mW/4231mW VDD_CPU_GPU_CV 1036mW/1059mW VDD_SOC 1397mW/1400mW
08-10-2026 00:30:19 RAM 3774/7620MB (lfb 1x4MB) SWAP 2/12002MB (cached 0MB) CPU [4%@1510,1%@1510,1%@1510,2%@1510,2%@1510,2%@1510] GR3D_FREQ 0% cpu@46.968C soc2@46.437C soc0@44.718C gpu@46.812C tj@46.968C soc1@44.593C VDD_IN 4193mW/4231mW VDD_CPU_GPU_CV 1036mW/1059mW VDD_SOC 1397mW/1400mW
08-10-2026 00:30:20 RAM 3774/7620MB (lfb 1x4MB) SWAP 2/12002MB (cached 0MB) CPU [3%@1510,2%@1510,2%@1510,2%@1510,1%@1510,1%@1510] GR3D_FREQ 0% cpu@47.031C soc2@46.437C soc0@44.718C gpu@46.843C tj@47.031C soc1@44.75C VDD_IN 4193mW/4230mW VDD_CPU_GPU_CV 1036mW/1059mW VDD_SOC 1397mW/1400mW
08-10-2026 00:30:21 RAM 3774/7620MB (lfb 1x4MB) SWAP 2/12002MB (cached 0MB) CPU [6%@1510,1%@1510,3%@1510,2%@1510,4%@1510,3%@1510] GR3D_FREQ 0% cpu@47.093C soc2@46.437C soc0@44.75C gpu@46.531C tj@47.093C soc1@44.843C VDD_IN 4273mW/4231mW VDD_CPU_GPU_CV 1076mW/1059mW VDD_SOC 1397mW/1400mW
08-10-2026 00:30:22 RAM 3775/7620MB (lfb 1x4MB) SWAP 2/12002MB (cached 0MB) CPU [3%@1510,1%@1510,2%@1510,2%@1510,2%@1510,3%@1510] GR3D_FREQ 0% cpu@47C soc2@46.437C soc0@44.812C gpu@46.468C tj@47.343C soc1@44.656C VDD_IN 4193mW/4230mW VDD_CPU_GPU_CV 1036mW/1058mW VDD_SOC 1397mW/1400mW
08-10-2026 00:30:23 RAM 3775/7620MB (lfb 1x4MB) SWAP 2/12002MB (cached 0MB) CPU [3%@1510,3%@1510,2%@1510,1%@1510,2%@1510,2%@1510] GR3D_FREQ 0% cpu@47.125C soc2@46.5C soc0@44.875C gpu@46.468C tj@47.125C soc1@44.687C VDD_IN 4193mW/4230mW VDD_CPU_GPU_CV 1036mW/1058mW VDD_SOC 1397mW/1400mW
08-10-2026 00:30:24 RAM 3775/7620MB (lfb 1x4MB) SWAP 2/12002MB (cached 0MB) CPU [3%@1510,2%@1510,2%@1510,1%@1510,2%@1510,3%@1510] GR3D_FREQ 0% cpu@47C soc2@46.406C soc0@44.687C gpu@46.562C tj@47C soc1@44.625C VDD_IN 4153mW/4229mW VDD_CPU_GPU_CV 1036mW/1058mW VDD_SOC 1397mW/1400mW
08-10-2026 00:30:25 RAM 3775/7620MB (lfb 1x4MB) SWAP 2/12002MB (cached 0MB) CPU [3%@1510,2%@1510,1%@1510,1%@1510,2%@1510,2%@1510] GR3D_FREQ 0% cpu@47.187C soc2@46.437C soc0@44.625C gpu@46.562C tj@47.187C soc1@44.718C VDD_IN 4233mW/4229mW VDD_CPU_GPU_CV 1036mW/1057mW VDD_SOC 1397mW/1400mW
08-10-2026 00:30:26 RAM 3775/7620MB (lfb 1x4MB) SWAP 2/12002MB (cached 0MB) CPU [3%@1510,3%@1510,5%@1510,3%@1510,5%@1510,2%@1510] GR3D_FREQ 0% cpu@46.968C soc2@46.406C soc0@44.718C gpu@46.593C tj@47.218C soc1@44.75C VDD_IN 4233mW/4229mW VDD_CPU_GPU_CV 1036mW/1057mW VDD_SOC 1397mW/1400mW
08-10-2026 00:30:27 RAM 3776/7620MB (lfb 1x4MB) SWAP 2/12002MB (cached 0MB) CPU [3%@1510,3%@1510,3%@1510,2%@1510,4%@1510,2%@1510] GR3D_FREQ 0% cpu@47.093C soc2@46.437C soc0@44.812C gpu@46.5C tj@47.093C soc1@44.906C VDD_IN 4193mW/4228mW VDD_CPU_GPU_CV 1036mW/1057mW VDD_SOC 1397mW/1400mW
08-10-2026 00:30:28 RAM 3776/7620MB (lfb 1x4MB) SWAP 2/12002MB (cached 0MB) CPU [3%@1510,0%@1510,2%@1510,2%@1510,2%@1510,2%@1510] GR3D_FREQ 0% cpu@47.25C soc2@46.406C soc0@44.906C gpu@46.562C tj@47.25C soc1@44.593C VDD_IN 4193mW/4228mW VDD_CPU_GPU_CV 1036mW/1057mW VDD_SOC 1397mW/1400mW
08-10-2026 00:30:29 RAM 3776/7620MB (lfb 1x4MB) SWAP 2/12002MB (cached 0MB) CPU [5%@1510,1%@1510,2%@1510,2%@1510,2%@1510,2%@1510] GR3D_FREQ 0% cpu@47C soc2@46.375C soc0@44.75C gpu@46.375C tj@47C soc1@44.625C VDD_IN 4193mW/4227mW VDD_CPU_GPU_CV 1036mW/1056mW VDD_SOC 1397mW/1400mW
08-10-2026 00:30:30 RAM 3776/7620MB (lfb 1x4MB) SWAP 2/12002MB (cached 0MB) CPU [3%@1510,1%@1510,3%@1510,2%@1510,3%@1510,1%@1510] GR3D_FREQ 0% cpu@47.031C soc2@46.375C soc0@44.687C gpu@46.375C tj@47.031C soc1@44.656C VDD_IN 4193mW/4227mW VDD_CPU_GPU_CV 1036mW/1056mW VDD_SOC 1397mW/1400mW
08-10-2026 00:30:31 RAM 3776/7620MB (lfb 1x4MB) SWAP 2/12002MB (cached 0MB) CPU [4%@1510,2%@1510,2%@1510,4%@1510,4%@1510,4%@1510] GR3D_FREQ 0% cpu@47.093C soc2@46.437C soc0@44.718C gpu@46.375C tj@47.093C soc1@44.812C VDD_IN 4273mW/4227mW VDD_CPU_GPU_CV 1076mW/1056mW VDD_SOC 1397mW/1400mW
08-10-2026 00:30:32 RAM 3772/7620MB (lfb 1x4MB) SWAP 2/12002MB (cached 0MB) CPU [2%@1510,3%@1510,2%@1510,3%@1510,2%@1510,2%@1510] GR3D_FREQ 0% cpu@47.031C soc2@46.468C soc0@44.718C gpu@46.406C tj@47.031C soc1@44.843C VDD_IN 4233mW/4227mW VDD_CPU_GPU_CV 1036mW/1056mW VDD_SOC 1397mW/1399mW
08-10-2026 00:30:33 RAM 3772/7620MB (lfb 1x4MB) SWAP 2/12002MB (cached 0MB) CPU [3%@1510,2%@1510,2%@1510,3%@1510,3%@1510,2%@1510] GR3D_FREQ 0% cpu@47.187C soc2@46.406C soc0@44.875C gpu@46.406C tj@47.187C soc1@44.531C VDD_IN 4193mW/4227mW VDD_CPU_GPU_CV 1036mW/1056mW VDD_SOC 1397mW/1399mW
08-10-2026 00:30:34 RAM 3772/7620MB (lfb 1x4MB) SWAP 2/12002MB (cached 0MB) CPU [3%@1510,5%@1510,1%@1510,3%@1510,1%@1510,1%@1510] GR3D_FREQ 0% cpu@47.406C soc2@46.437C soc0@44.843C gpu@46.343C tj@47.406C soc1@44.625C VDD_IN 4193mW/4227mW VDD_CPU_GPU_CV 1036mW/1055mW VDD_SOC 1397mW/1399mW
08-10-2026 00:30:35 RAM 3772/7620MB (lfb 1x4MB) SWAP 2/12002MB (cached 0MB) CPU [2%@1510,3%@1510,1%@1510,1%@1510,1%@1510,1%@1510] GR3D_FREQ 0% cpu@47.25C soc2@46.375C soc0@44.687C gpu@46.343C tj@47.25C soc1@44.593C VDD_IN 4193mW/4226mW VDD_CPU_GPU_CV 1036mW/1055mW VDD_SOC 1397mW/1399mW
08-10-2026 00:30:36 RAM 3773/7620MB (lfb 1x4MB) SWAP 2/12002MB (cached 0MB) CPU [3%@1510,2%@1510,3%@1510,2%@1510,7%@1510,3%@1510] GR3D_FREQ 0% cpu@47C soc2@46.375C soc0@44.656C gpu@46.437C tj@47C soc1@44.656C VDD_IN 4233mW/4226mW VDD_CPU_GPU_CV 1076mW/1055mW VDD_SOC 1397mW/1399mW
08-10-2026 00:30:37 RAM 3773/7620MB (lfb 1x4MB) SWAP 2/12002MB (cached 0MB) CPU [4%@1510,2%@1510,3%@1510,3%@1510,3%@1510,1%@1510] GR3D_FREQ 0% cpu@47.093C soc2@46.406C soc0@44.75C gpu@46.406C tj@47.093C soc1@44.718C VDD_IN 4193mW/4226mW VDD_CPU_GPU_CV 1036mW/1055mW VDD_SOC 1397mW/1399mW
08-10-2026 00:30:38 RAM 3773/7620MB (lfb 1x4MB) SWAP 2/12002MB (cached 0MB) CPU [3%@1510,1%@1510,1%@1510,1%@1510,2%@1510,3%@1510] GR3D_FREQ 0% cpu@47.125C soc2@46.5C soc0@44.843C gpu@46.375C tj@47.125C soc1@44.875C VDD_IN 4193mW/4225mW VDD_CPU_GPU_CV 1036mW/1055mW VDD_SOC 1397mW/1399mW
08-10-2026 00:30:39 RAM 3773/7620MB (lfb 1x4MB) SWAP 2/12002MB (cached 0MB) CPU [4%@1510,2%@1510,1%@1510,3%@1510,1%@1510,2%@1510] GR3D_FREQ 0% cpu@47.062C soc2@46.375C soc0@44.843C gpu@46.406C tj@47.343C soc1@44.656C VDD_IN 4193mW/4225mW VDD_CPU_GPU_CV 1036mW/1055mW VDD_SOC 1397mW/1399mW
08-10-2026 00:30:40 RAM 3773/7620MB (lfb 1x4MB) SWAP 2/12002MB (cached 0MB) CPU [3%@1510,2%@1510,1%@1510,3%@1510,2%@1510,2%@1510] GR3D_FREQ 0% cpu@47.25C soc2@46.406C soc0@44.75C gpu@46.406C tj@47.25C soc1@44.656C VDD_IN 4193mW/4225mW VDD_CPU_GPU_CV 1036mW/1055mW VDD_SOC 1397mW/1399mW
08-10-2026 00:30:41 RAM 3773/7620MB (lfb 1x4MB) SWAP 2/12002MB (cached 0MB) CPU [4%@1510,2%@1510,4%@1510,3%@1510,3%@1510,1%@1510] GR3D_FREQ 0% cpu@47.031C soc2@46.406C soc0@44.75C gpu@46.718C tj@46.937C soc1@44.687C VDD_IN 4273mW/4225mW VDD_CPU_GPU_CV 1076mW/1055mW VDD_SOC 1397mW/1399mW
08-10-2026 00:30:42 RAM 3773/7620MB (lfb 1x4MB) SWAP 2/12002MB (cached 0MB) CPU [4%@1510,1%@1510,2%@1510,3%@1510,5%@1510,1%@1510] GR3D_FREQ 0% cpu@47.093C soc2@46.406C soc0@44.718C gpu@46.812C tj@47.093C soc1@44.718C VDD_IN 4233mW/4225mW VDD_CPU_GPU_CV 1036mW/1055mW VDD_SOC 1397mW/1399mW
08-10-2026 00:30:43 RAM 3773/7620MB (lfb 1x4MB) SWAP 2/12002MB (cached 0MB) CPU [4%@1510,2%@1510,2%@1510,3%@1510,0%@1510,2%@1510] GR3D_FREQ 0% cpu@47.156C soc2@46.406C soc0@44.781C gpu@46.343C tj@47.156C soc1@44.625C VDD_IN 4193mW/4225mW VDD_CPU_GPU_CV 1036mW/1054mW VDD_SOC 1397mW/1399mW
08-10-2026 00:30:44 RAM 3773/7620MB (lfb 1x4MB) SWAP 2/12002MB (cached 0MB) CPU [4%@1510,1%@1510,1%@1510,2%@1510,2%@1510,2%@1510] GR3D_FREQ 0% cpu@47.406C soc2@46.375C soc0@44.875C gpu@46.375C tj@47.406C soc1@44.593C VDD_IN 4193mW/4224mW VDD_CPU_GPU_CV 1036mW/1054mW VDD_SOC 1397mW/1399mW
08-10-2026 00:30:45 RAM 3773/7620MB (lfb 1x4MB) SWAP 2/12002MB (cached 0MB) CPU [5%@1510,2%@1510,2%@1510,1%@1510,2%@1510,3%@1510] GR3D_FREQ 0% cpu@47.25C soc2@46.375C soc0@44.781C gpu@46.375C tj@47.25C soc1@44.625C VDD_IN 4233mW/4225mW VDD_CPU_GPU_CV 1036mW/1054mW VDD_SOC 1397mW/1399mW
08-10-2026 00:30:46 RAM 3774/7620MB (lfb 1x4MB) SWAP 2/12002MB (cached 0MB) CPU [5%@1510,2%@1510,5%@1510,4%@1510,4%@1510,2%@1510] GR3D_FREQ 0% cpu@47C soc2@46.437C soc0@44.687C gpu@46.375C tj@47C soc1@44.687C VDD_IN 4233mW/4225mW VDD_CPU_GPU_CV 1076mW/1054mW VDD_SOC 1397mW/1399mW
08-10-2026 00:30:47 RAM 3773/7620MB (lfb 1x4MB) SWAP 2/12002MB (cached 0MB) CPU [5%@1510,2%@1510,3%@1510,1%@1510,5%@1510,1%@1510] GR3D_FREQ 0% cpu@47.093C soc2@46.406C soc0@44.781C gpu@46.562C tj@47.093C soc1@44.812C VDD_IN 4193mW/4224mW VDD_CPU_GPU_CV 1036mW/1054mW VDD_SOC 1397mW/1399mW
08-10-2026 00:30:48 RAM 3773/7620MB (lfb 1x4MB) SWAP 2/12002MB (cached 0MB) CPU [4%@1510,2%@1510,1%@1510,1%@1510,2%@1510,1%@1510] GR3D_FREQ 0% cpu@47.156C soc2@46.437C soc0@44.718C gpu@46.468C tj@47.156C soc1@44.625C VDD_IN 4193mW/4224mW VDD_CPU_GPU_CV 1036mW/1054mW VDD_SOC 1397mW/1399mW
08-10-2026 00:30:49 RAM 3773/7620MB (lfb 1x4MB) SWAP 2/12002MB (cached 0MB) CPU [5%@1510,2%@1510,2%@1510,1%@1510,2%@1510,0%@1510] GR3D_FREQ 0% cpu@47.437C soc2@46.406C soc0@44.875C gpu@46.562C tj@47.437C soc1@44.687C VDD_IN 4193mW/4224mW VDD_CPU_GPU_CV 1036mW/1054mW VDD_SOC 1397mW/1399mW
08-10-2026 00:30:50 RAM 3773/7620MB (lfb 1x4MB) SWAP 2/12002MB (cached 0MB) CPU [4%@1510,3%@1510,1%@1510,3%@1510,2%@1510,2%@1510] GR3D_FREQ 0% cpu@47.25C soc2@46.437C soc0@44.781C gpu@46.5C tj@47.25C soc1@44.75C VDD_IN 4233mW/4224mW VDD_CPU_GPU_CV 1036mW/1053mW VDD_SOC 1397mW/1399mW
08-10-2026 00:30:51 RAM 3774/7620MB (lfb 1x4MB) SWAP 2/12002MB (cached 0MB) CPU [6%@1510,1%@1510,3%@1510,3%@1510,4%@1510,2%@1510] GR3D_FREQ 0% cpu@47.031C soc2@46.5C soc0@44.656C gpu@46.5C tj@47.031C soc1@44.75C VDD_IN 4273mW/4224mW VDD_CPU_GPU_CV 1076mW/1054mW VDD_SOC 1397mW/1399mW
08-10-2026 00:30:52 RAM 3774/7620MB (lfb 1x4MB) SWAP 2/12002MB (cached 0MB) CPU [3%@1510,2%@1510,2%@1510,1%@1510,4%@1510,3%@1510] GR3D_FREQ 0% cpu@47.062C soc2@46.406C soc0@44.687C gpu@46.562C tj@47.062C soc1@44.687C VDD_IN 4233mW/4224mW VDD_CPU_GPU_CV 1076mW/1054mW VDD_SOC 1397mW/1399mW
08-10-2026 00:30:53 RAM 3774/7620MB (lfb 1x4MB) SWAP 2/12002MB (cached 0MB) CPU [5%@1510,1%@1510,2%@1510,2%@1510,2%@1510,2%@1510] GR3D_FREQ 0% cpu@47.187C soc2@46.5C soc0@44.781C gpu@46.656C tj@47.187C soc1@44.812C VDD_IN 4193mW/4224mW VDD_CPU_GPU_CV 1036mW/1054mW VDD_SOC 1397mW/1399mW
08-10-2026 00:30:54 RAM 3774/7620MB (lfb 1x4MB) SWAP 2/12002MB (cached 0MB) CPU [4%@1510,1%@1510,1%@1510,1%@1510,4%@1510,1%@1510] GR3D_FREQ 0% cpu@47.031C soc2@46.5C soc0@44.781C gpu@46.625C tj@47.031C soc1@44.937C VDD_IN 4193mW/4224mW VDD_CPU_GPU_CV 1036mW/1053mW VDD_SOC 1397mW/1399mW
08-10-2026 00:30:55 RAM 3774/7620MB (lfb 1x4MB) SWAP 2/12002MB (cached 0MB) CPU [4%@1510,0%@1510,2%@1510,1%@1510,3%@1510,2%@1510] GR3D_FREQ 0% cpu@47.25C soc2@46.406C soc0@44.843C gpu@46.656C tj@47.25C soc1@44.625C VDD_IN 4193mW/4223mW VDD_CPU_GPU_CV 1036mW/1053mW VDD_SOC 1397mW/1399mW
08-10-2026 00:30:56 RAM 3774/7620MB (lfb 1x4MB) SWAP 2/12002MB (cached 0MB) CPU [5%@1510,5%@1510,2%@1510,4%@1510,2%@1510,2%@1510] GR3D_FREQ 0% cpu@47.062C soc2@46.406C soc0@44.718C gpu@46.687C tj@47.062C soc1@44.687C VDD_IN 4233mW/4223mW VDD_CPU_GPU_CV 1036mW/1053mW VDD_SOC 1397mW/1399mW
08-10-2026 00:30:57 RAM 3773/7620MB (lfb 1x4MB) SWAP 2/12002MB (cached 0MB) CPU [5%@1510,0%@1510,1%@1510,3%@1510,4%@1510,2%@1510] GR3D_FREQ 0% cpu@47.281C soc2@46.468C soc0@44.656C gpu@46.375C tj@47.125C soc1@44.718C VDD_IN 4233mW/4224mW VDD_CPU_GPU_CV 1036mW/1053mW VDD_SOC 1397mW/1399mW
08-10-2026 00:30:58 RAM 3773/7620MB (lfb 1x4MB) SWAP 2/12002MB (cached 0MB) CPU [3%@1510,1%@1510,2%@1510,0%@1510,3%@1510,1%@1510] GR3D_FREQ 0% cpu@47.031C soc2@46.531C soc0@44.781C gpu@46.468C tj@47.187C soc1@44.781C VDD_IN 4193mW/4223mW VDD_CPU_GPU_CV 1036mW/1053mW VDD_SOC 1397mW/1399mW
08-10-2026 00:30:59 RAM 3773/7620MB (lfb 1x4MB) SWAP 2/12002MB (cached 0MB) CPU [5%@1510,0%@1510,2%@1510,1%@1510,3%@1510,2%@1510] GR3D_FREQ 0% cpu@47.156C soc2@46.375C soc0@44.812C gpu@46.468C tj@47.156C soc1@44.875C VDD_IN 4193mW/4223mW VDD_CPU_GPU_CV 1036mW/1053mW VDD_SOC 1397mW/1399mW
08-10-2026 00:31:00 RAM 3773/7620MB (lfb 1x4MB) SWAP 2/12002MB (cached 0MB) CPU [3%@1510,2%@1510,2%@1510,1%@1510,3%@1510,2%@1510] GR3D_FREQ 0% cpu@47.218C soc2@46.468C soc0@44.875C gpu@46.468C tj@47.218C soc1@44.718C VDD_IN 4193mW/4223mW VDD_CPU_GPU_CV 1036mW/1052mW VDD_SOC 1397mW/1399mW
08-10-2026 00:31:01 RAM 3774/7620MB (lfb 1x4MB) SWAP 2/12002MB (cached 0MB) CPU [5%@1510,1%@1510,5%@1510,4%@1510,4%@1510,2%@1510] GR3D_FREQ 0% cpu@47.093C soc2@46.437C soc0@44.781C gpu@46.5C tj@47.093C soc1@44.625C VDD_IN 4233mW/4223mW VDD_CPU_GPU_CV 1036mW/1052mW VDD_SOC 1397mW/1399mW
08-10-2026 00:31:02 RAM 3774/7620MB (lfb 1x4MB) SWAP 2/12002MB (cached 0MB) CPU [3%@1510,2%@1510,3%@1510,2%@1510,2%@1510,2%@1510] GR3D_FREQ 0% cpu@47.093C soc2@46.406C soc0@44.781C gpu@46.437C tj@47.093C soc1@44.781C VDD_IN 4193mW/4222mW VDD_CPU_GPU_CV 1036mW/1052mW VDD_SOC 1397mW/1399mW
08-10-2026 00:31:03 RAM 3774/7620MB (lfb 1x4MB) SWAP 2/12002MB (cached 0MB) CPU [4%@1510,2%@1510,1%@1510,0%@1510,2%@1510,1%@1510] GR3D_FREQ 0% cpu@47.187C soc2@46.5C soc0@44.843C gpu@46.843C tj@47.187C soc1@44.812C VDD_IN 4193mW/4222mW VDD_CPU_GPU_CV 1036mW/1052mW VDD_SOC 1397mW/1399mW
08-10-2026 00:31:04 RAM 3774/7620MB (lfb 1x4MB) SWAP 2/12002MB (cached 0MB) CPU [4%@1510,1%@1510,1%@1510,2%@1510,3%@1510,3%@1510] GR3D_FREQ 0% cpu@47.406C soc2@46.406C soc0@44.812C gpu@46.843C tj@47.406C soc1@44.656C VDD_IN 4193mW/4222mW VDD_CPU_GPU_CV 1036mW/1052mW VDD_SOC 1397mW/1399mW
08-10-2026 00:31:05 RAM 3774/7620MB (lfb 1x4MB) SWAP 2/12002MB (cached 0MB) CPU [3%@1510,2%@1510,3%@1510,1%@1510,1%@1510,2%@1510] GR3D_FREQ 0% cpu@47.25C soc2@46.468C soc0@44.812C gpu@46.843C tj@47.25C soc1@44.718C VDD_IN 4193mW/4222mW VDD_CPU_GPU_CV 1036mW/1052mW VDD_SOC 1397mW/1399mW
08-10-2026 00:31:06 RAM 3774/7620MB (lfb 1x4MB) SWAP 2/12002MB (cached 0MB) CPU [5%@1510,3%@1510,6%@1510,3%@1510,4%@1510,4%@1510] GR3D_FREQ 0% cpu@47.093C soc2@46.406C soc0@44.718C gpu@46.437C tj@47.093C soc1@44.656C VDD_IN 4233mW/4222mW VDD_CPU_GPU_CV 1076mW/1052mW VDD_SOC 1397mW/1399mW
08-10-2026 00:31:07 RAM 3775/7620MB (lfb 1x4MB) SWAP 2/12002MB (cached 0MB) CPU [3%@1510,1%@1510,2%@1510,1%@1510,3%@1510,3%@1510] GR3D_FREQ 0% cpu@47C soc2@46.5C soc0@44.843C gpu@46.5C tj@47C soc1@44.781C VDD_IN 4193mW/4221mW VDD_CPU_GPU_CV 1036mW/1052mW VDD_SOC 1397mW/1399mW
08-10-2026 00:31:08 RAM 3775/7620MB (lfb 1x4MB) SWAP 2/12002MB (cached 0MB) CPU [3%@1510,1%@1510,2%@1510,2%@1510,2%@1510,1%@1510] GR3D_FREQ 0% cpu@47.218C soc2@46.468C soc0@44.843C gpu@46.593C tj@47.218C soc1@44.843C VDD_IN 4193mW/4221mW VDD_CPU_GPU_CV 1036mW/1052mW VDD_SOC 1397mW/1399mW
08-10-2026 00:31:09 RAM 3775/7620MB (lfb 1x4MB) SWAP 2/12002MB (cached 0MB) CPU [4%@1510,0%@1510,2%@1510,2%@1510,2%@1510,2%@1510] GR3D_FREQ 0% cpu@47.468C soc2@46.406C soc0@44.906C gpu@46.562C tj@47.468C soc1@44.625C VDD_IN 4153mW/4221mW VDD_CPU_GPU_CV 1036mW/1051mW VDD_SOC 1397mW/1399mW
08-10-2026 00:31:10 RAM 3775/7620MB (lfb 1x4MB) SWAP 2/12002MB (cached 0MB) CPU [4%@1510,2%@1510,4%@1510,3%@1510,1%@1510,2%@1510] GR3D_FREQ 0% cpu@47.187C soc2@46.406C soc0@44.812C gpu@46.562C tj@47.187C soc1@44.718C VDD_IN 4193mW/4220mW VDD_CPU_GPU_CV 1036mW/1051mW VDD_SOC 1397mW/1398mW
08-10-2026 00:31:11 RAM 3775/7620MB (lfb 1x4MB) SWAP 2/12002MB (cached 0MB) CPU [3%@1510,1%@1510,4%@1510,4%@1510,6%@1510,3%@1510] GR3D_FREQ 0% cpu@47.062C soc2@46.468C soc0@44.781C gpu@46.406C tj@47.062C soc1@44.718C VDD_IN 4273mW/4221mW VDD_CPU_GPU_CV 1036mW/1051mW VDD_SOC 1397mW/1398mW
08-10-2026 00:31:12 RAM 3775/7620MB (lfb 1x4MB) SWAP 2/12002MB (cached 0MB) CPU [3%@1510,2%@1510,1%@1510,2%@1510,3%@1510,2%@1510] GR3D_FREQ 0% cpu@47.031C soc2@46.437C soc0@44.75C gpu@46.406C tj@47.031C soc1@44.875C VDD_IN 4193mW/4221mW VDD_CPU_GPU_CV 1036mW/1051mW VDD_SOC 1397mW/1398mW
08-10-2026 00:31:13 RAM 3775/7620MB (lfb 1x4MB) SWAP 2/12002MB (cached 0MB) CPU [2%@1510,3%@1510,2%@1510,1%@1510,1%@1510,0%@1510] GR3D_FREQ 0% cpu@47.187C soc2@46.5C soc0@44.875C gpu@46.437C tj@47.187C soc1@44.843C VDD_IN 4193mW/4220mW VDD_CPU_GPU_CV 1036mW/1051mW VDD_SOC 1397mW/1398mW
08-10-2026 00:31:14 RAM 3775/7620MB (lfb 1x4MB) SWAP 2/12002MB (cached 0MB) CPU [3%@1510,3%@1510,4%@1510,1%@1510,1%@1510,2%@1510] GR3D_FREQ 0% cpu@47.343C soc2@46.5C soc0@44.875C gpu@46.468C tj@47.343C soc1@44.656C VDD_IN 4193mW/4220mW VDD_CPU_GPU_CV 1036mW/1051mW VDD_SOC 1397mW/1398mW
08-10-2026 00:31:15 RAM 3775/7620MB (lfb 1x4MB) SWAP 2/12002MB (cached 0MB) CPU [0%@1510,4%@1510,1%@1510,1%@1510,2%@1510,4%@1510] GR3D_FREQ 0% cpu@47.281C soc2@46.437C soc0@44.781C gpu@46.406C tj@47.281C soc1@44.718C VDD_IN 4193mW/4220mW VDD_CPU_GPU_CV 1036mW/1051mW VDD_SOC 1397mW/1398mW
08-10-2026 00:31:16 RAM 3775/7620MB (lfb 1x4MB) SWAP 2/12002MB (cached 0MB) CPU [2%@1510,4%@1510,3%@1510,3%@1510,2%@1510,4%@1510] GR3D_FREQ 0% cpu@47.062C soc2@46.437C soc0@44.781C gpu@46.468C tj@47.062C soc1@44.843C VDD_IN 4233mW/4220mW VDD_CPU_GPU_CV 1036mW/1051mW VDD_SOC 1397mW/1398mW
08-10-2026 00:31:17 RAM 3775/7620MB (lfb 1x4MB) SWAP 2/12002MB (cached 0MB) CPU [2%@1510,3%@1510,2%@1510,3%@1510,3%@1510,2%@1510] GR3D_FREQ 0% cpu@47.093C soc2@46.468C soc0@44.718C gpu@46.406C tj@47.093C soc1@44.687C VDD_IN 4193mW/4220mW VDD_CPU_GPU_CV 1036mW/1050mW VDD_SOC 1397mW/1398mW
08-10-2026 00:31:18 RAM 3775/7620MB (lfb 1x4MB) SWAP 2/12002MB (cached 0MB) CPU [2%@1510,3%@1510,1%@1510,1%@1510,2%@1510,3%@1510] GR3D_FREQ 0% cpu@47.125C soc2@46.406C soc0@44.843C gpu@46.531C tj@47.125C soc1@44.812C VDD_IN 4193mW/4220mW VDD_CPU_GPU_CV 1036mW/1050mW VDD_SOC 1397mW/1398mW
08-10-2026 00:31:19 RAM 3775/7620MB (lfb 1x4MB) SWAP 2/12002MB (cached 0MB) CPU [2%@1510,3%@1510,3%@1510,1%@1510,4%@1510,2%@1510] GR3D_FREQ 0% cpu@47.093C soc2@46.531C soc0@44.812C gpu@46.437C tj@47.093C soc1@44.843C VDD_IN 4193mW/4219mW VDD_CPU_GPU_CV 1036mW/1050mW VDD_SOC 1397mW/1398mW
08-10-2026 00:31:20 RAM 3775/7620MB (lfb 1x4MB) SWAP 2/12002MB (cached 0MB) CPU [0%@1510,4%@1510,2%@1510,0%@1510,2%@1510,2%@1510] GR3D_FREQ 0% cpu@47.25C soc2@46.468C soc0@44.875C gpu@46.437C tj@47.25C soc1@44.656C VDD_IN 4193mW/4219mW VDD_CPU_GPU_CV 1036mW/1050mW VDD_SOC 1397mW/1398mW
08-10-2026 00:31:21 RAM 3775/7620MB (lfb 1x4MB) SWAP 2/12002MB (cached 0MB) CPU [4%@1510,4%@1510,2%@1510,3%@1510,2%@1510,4%@1510] GR3D_FREQ 0% cpu@47.093C soc2@46.406C soc0@44.906C gpu@46.406C tj@47.093C soc1@44.75C VDD_IN 4233mW/4219mW VDD_CPU_GPU_CV 1036mW/1050mW VDD_SOC 1397mW/1398mW
08-10-2026 00:31:22 RAM 3775/7620MB (lfb 1x4MB) SWAP 2/12002MB (cached 0MB) CPU [1%@1510,2%@1510,3%@1510,3%@1510,3%@1510,2%@1510] GR3D_FREQ 0% cpu@47.375C soc2@46.5C soc0@44.718C gpu@46.468C tj@47.312C soc1@44.75C VDD_IN 4193mW/4219mW VDD_CPU_GPU_CV 1036mW/1050mW VDD_SOC 1397mW/1398mW
08-10-2026 00:31:23 RAM 3775/7620MB (lfb 1x4MB) SWAP 2/12002MB (cached 0MB) CPU [4%@1510,3%@1510,0%@1510,2%@1510,1%@1510,4%@1510] GR3D_FREQ 0% cpu@47.031C soc2@46.468C soc0@44.781C gpu@46.468C tj@47.031C soc1@44.718C VDD_IN 4193mW/4219mW VDD_CPU_GPU_CV 1036mW/1050mW VDD_SOC 1397mW/1398mW
08-10-2026 00:31:24 RAM 3775/7620MB (lfb 1x4MB) SWAP 2/12002MB (cached 0MB) CPU [1%@1510,4%@1510,1%@1510,2%@1510,2%@1510,2%@1510] GR3D_FREQ 0% cpu@47.093C soc2@46.406C soc0@44.875C gpu@46.562C tj@47.093C soc1@44.906C VDD_IN 4193mW/4219mW VDD_CPU_GPU_CV 1036mW/1050mW VDD_SOC 1397mW/1398mW
08-10-2026 00:31:25 RAM 3775/7620MB (lfb 1x4MB) SWAP 2/12002MB (cached 0MB) CPU [2%@1510,3%@1510,1%@1510,1%@1510,4%@1510,1%@1510] GR3D_FREQ 0% cpu@47.187C soc2@46.562C soc0@44.875C gpu@46.531C tj@47.187C soc1@44.687C VDD_IN 4193mW/4218mW VDD_CPU_GPU_CV 1036mW/1049mW VDD_SOC 1397mW/1398mW
08-10-2026 00:31:26 RAM 3774/7620MB (lfb 1x4MB) SWAP 2/12002MB (cached 0MB) CPU [5%@1510,4%@1510,3%@1510,3%@1510,3%@1510,4%@1510] GR3D_FREQ 0% cpu@47.062C soc2@46.437C soc0@44.875C gpu@46.468C tj@47.062C soc1@44.718C VDD_IN 4233mW/4219mW VDD_CPU_GPU_CV 1036mW/1049mW VDD_SOC 1397mW/1398mW
08-10-2026 00:31:27 RAM 3774/7620MB (lfb 1x4MB) SWAP 2/12002MB (cached 0MB) CPU [1%@1510,2%@1510,3%@1510,3%@1510,2%@1510,3%@1510] GR3D_FREQ 0% cpu@47.312C soc2@46.375C soc0@44.812C gpu@46.468C tj@47.312C soc1@44.75C VDD_IN 4193mW/4218mW VDD_CPU_GPU_CV 1036mW/1049mW VDD_SOC 1397mW/1398mW
08-10-2026 00:31:28 RAM 3774/7620MB (lfb 1x4MB) SWAP 2/12002MB (cached 0MB) CPU [3%@1510,4%@1510,2%@1510,1%@1510,2%@1510,2%@1510] GR3D_FREQ 0% cpu@47.093C soc2@46.5C soc0@44.781C gpu@46.531C tj@47.093C soc1@44.718C VDD_IN 4193mW/4218mW VDD_CPU_GPU_CV 1036mW/1049mW VDD_SOC 1397mW/1398mW
08-10-2026 00:31:29 RAM 3774/7620MB (lfb 1x4MB) SWAP 2/12002MB (cached 0MB) CPU [2%@1510,3%@1510,3%@1510,1%@1510,2%@1510,2%@1510] GR3D_FREQ 0% cpu@47.031C soc2@46.468C soc0@44.718C gpu@46.343C tj@47.031C soc1@44.781C VDD_IN 4193mW/4218mW VDD_CPU_GPU_CV 1036mW/1049mW VDD_SOC 1397mW/1398mW
08-10-2026 00:31:30 RAM 3774/7620MB (lfb 1x4MB) SWAP 2/12002MB (cached 0MB) CPU [2%@1510,3%@1510,1%@1510,1%@1510,2%@1510,2%@1510] GR3D_FREQ 0% cpu@47.125C soc2@46.531C soc0@44.812C gpu@46.437C tj@47.125C soc1@44.843C VDD_IN 4193mW/4218mW VDD_CPU_GPU_CV 1036mW/1049mW VDD_SOC 1397mW/1398mW
08-10-2026 00:31:31 RAM 3774/7620MB (lfb 1x4MB) SWAP 2/12002MB (cached 0MB) CPU [3%@1510,3%@1510,4%@1510,3%@1510,3%@1510,3%@1510] GR3D_FREQ 0% cpu@47.125C soc2@46.437C soc0@44.875C gpu@46.375C tj@47.125C soc1@44.625C VDD_IN 4233mW/4218mW VDD_CPU_GPU_CV 1036mW/1049mW VDD_SOC 1397mW/1398mW
08-10-2026 00:31:32 RAM 3774/7620MB (lfb 1x4MB) SWAP 2/12002MB (cached 0MB) CPU [2%@1510,4%@1510,3%@1510,1%@1510,5%@1510,1%@1510] GR3D_FREQ 0% cpu@47.312C soc2@46.375C soc0@44.937C gpu@46.437C tj@47.312C soc1@44.781C VDD_IN 4193mW/4218mW VDD_CPU_GPU_CV 1036mW/1049mW VDD_SOC 1397mW/1398mW
08-10-2026 00:31:33 RAM 3774/7620MB (lfb 1x4MB) SWAP 2/12002MB (cached 0MB) CPU [3%@1510,3%@1510,3%@1510,2%@1510,1%@1510,2%@1510] GR3D_FREQ 0% cpu@47.125C soc2@46.468C soc0@44.687C gpu@46.375C tj@47.125C soc1@44.781C VDD_IN 4193mW/4217mW VDD_CPU_GPU_CV 1036mW/1049mW VDD_SOC 1397mW/1398mW
08-10-2026 00:31:34 RAM 3774/7620MB (lfb 1x4MB) SWAP 2/12002MB (cached 0MB) CPU [4%@1510,3%@1510,2%@1510,2%@1510,2%@1510,2%@1510] GR3D_FREQ 0% cpu@47.125C soc2@46.406C soc0@44.75C gpu@46.406C tj@47.125C soc1@44.875C VDD_IN 4193mW/4217mW VDD_CPU_GPU_CV 1036mW/1049mW VDD_SOC 1397mW/1398mW
08-10-2026 00:31:35 RAM 3774/7620MB (lfb 1x4MB) SWAP 2/12002MB (cached 0MB) CPU [5%@1510,1%@1510,3%@1510,2%@1510,2%@1510,2%@1510] GR3D_FREQ 0% cpu@47.312C soc2@46.437C soc0@44.781C gpu@46.437C tj@47.312C soc1@44.812C VDD_IN 4193mW/4217mW VDD_CPU_GPU_CV 1036mW/1048mW VDD_SOC 1397mW/1398mW
08-10-2026 00:31:36 RAM 3774/7620MB (lfb 1x4MB) SWAP 2/12002MB (cached 0MB) CPU [4%@1510,1%@1510,4%@1510,1%@1510,1%@1510,3%@1510] GR3D_FREQ 0% cpu@47.218C soc2@46.437C soc0@44.781C gpu@46.468C tj@47.218C soc1@44.843C VDD_IN 4233mW/4217mW VDD_CPU_GPU_CV 1036mW/1048mW VDD_SOC 1397mW/1398mW
08-10-2026 00:31:37 RAM 3773/7620MB (lfb 1x4MB) SWAP 2/12002MB (cached 0MB) CPU [4%@1510,2%@1510,2%@1510,2%@1510,1%@1510,2%@1510] GR3D_FREQ 0% cpu@47.281C soc2@46.406C soc0@44.781C gpu@46.593C tj@47.281C soc1@44.718C VDD_IN 4193mW/4217mW VDD_CPU_GPU_CV 1036mW/1048mW VDD_SOC 1397mW/1398mW
08-10-2026 00:31:38 RAM 3773/7620MB (lfb 1x4MB) SWAP 2/12002MB (cached 0MB) CPU [4%@1510,1%@1510,1%@1510,1%@1510,2%@1510,0%@1510] GR3D_FREQ 0% cpu@47.125C soc2@46.468C soc0@44.781C gpu@46.375C tj@47.125C soc1@44.812C VDD_IN 4193mW/4217mW VDD_CPU_GPU_CV 1036mW/1048mW VDD_SOC 1397mW/1398mW
08-10-2026 00:31:39 RAM 3773/7620MB (lfb 1x4MB) SWAP 2/12002MB (cached 0MB) CPU [4%@1510,5%@1510,4%@1510,4%@1510,4%@1510,4%@1510] GR3D_FREQ 0% cpu@47.281C soc2@46.375C soc0@44.875C gpu@46.375C tj@47.281C soc1@44.656C VDD_IN 4233mW/4217mW VDD_CPU_GPU_CV 1076mW/1048mW VDD_SOC 1397mW/1398mW
08-10-2026 00:31:40 RAM 3773/7620MB (lfb 1x4MB) SWAP 2/12002MB (cached 0MB) CPU [4%@1510,1%@1510,4%@1510,1%@1510,2%@1510,1%@1510] GR3D_FREQ 0% cpu@47.125C soc2@46.468C soc0@44.718C gpu@46.531C tj@47.125C soc1@44.718C VDD_IN 4233mW/4217mW VDD_CPU_GPU_CV 1036mW/1048mW VDD_SOC 1397mW/1398mW
08-10-2026 00:31:41 RAM 3772/7620MB (lfb 1x4MB) SWAP 2/12002MB (cached 0MB) CPU [4%@1510,3%@1510,3%@1510,2%@1510,5%@1510,4%@1510] GR3D_FREQ 0% cpu@47.062C soc2@46.406C soc0@44.718C gpu@46.406C tj@47.062C soc1@44.843C VDD_IN 4273mW/4217mW VDD_CPU_GPU_CV 1036mW/1048mW VDD_SOC 1397mW/1398mW
08-10-2026 00:31:42 RAM 3771/7620MB (lfb 1x4MB) SWAP 2/12002MB (cached 0MB) CPU [4%@1510,1%@1510,3%@1510,2%@1510,3%@1510,2%@1510] GR3D_FREQ 0% cpu@47.218C soc2@46.375C soc0@44.875C gpu@46.625C tj@47.218C soc1@44.75C VDD_IN 4193mW/4217mW VDD_CPU_GPU_CV 1036mW/1048mW VDD_SOC 1397mW/1398mW
08-10-2026 00:31:43 RAM 3772/7620MB (lfb 1x4MB) SWAP 2/12002MB (cached 0MB) CPU [4%@1510,0%@1510,1%@1510,1%@1510,2%@1510,1%@1510] GR3D_FREQ 0% cpu@47.562C soc2@46.468C soc0@44.718C gpu@46.593C tj@47.562C soc1@44.781C VDD_IN 4193mW/4217mW VDD_CPU_GPU_CV 1036mW/1048mW VDD_SOC 1397mW/1398mW
08-10-2026 00:31:44 RAM 3772/7620MB (lfb 1x4MB) SWAP 2/12002MB (cached 0MB) CPU [3%@1510,1%@1510,3%@1510,3%@1510,2%@1510,1%@1510] GR3D_FREQ 0% cpu@47.062C soc2@46.468C soc0@44.781C gpu@46.375C tj@47.062C soc1@44.781C VDD_IN 4193mW/4217mW VDD_CPU_GPU_CV 1036mW/1048mW VDD_SOC 1397mW/1398mW
08-10-2026 00:31:45 RAM 3772/7620MB (lfb 1x4MB) SWAP 2/12002MB (cached 0MB) CPU [5%@1510,1%@1510,2%@1510,3%@1510,1%@1510,3%@1510] GR3D_FREQ 0% cpu@47.093C soc2@46.625C soc0@44.812C gpu@46.437C tj@47.093C soc1@44.75C VDD_IN 4193mW/4217mW VDD_CPU_GPU_CV 1036mW/1048mW VDD_SOC 1397mW/1398mW
08-10-2026 00:31:46 RAM 3772/7620MB (lfb 1x4MB) SWAP 2/12002MB (cached 0MB) CPU [3%@1510,0%@1510,5%@1510,5%@1510,3%@1510,2%@1510] GR3D_FREQ 0% cpu@47.375C soc2@46.437C soc0@44.875C gpu@46.375C tj@47.375C soc1@44.718C VDD_IN 4233mW/4217mW VDD_CPU_GPU_CV 1036mW/1048mW VDD_SOC 1397mW/1398mW
08-10-2026 00:31:47 RAM 3771/7620MB (lfb 1x4MB) SWAP 2/12002MB (cached 0MB) CPU [2%@1510,3%@1510,4%@1510,4%@1510,3%@1510,2%@1510] GR3D_FREQ 0% cpu@47.093C soc2@46.5C soc0@44.781C gpu@46.562C tj@47.093C soc1@44.781C VDD_IN 4193mW/4217mW VDD_CPU_GPU_CV 1036mW/1048mW VDD_SOC 1397mW/1398mW
08-10-2026 00:31:48 RAM 3771/7620MB (lfb 1x4MB) SWAP 2/12002MB (cached 0MB) CPU [2%@1510,0%@1510,4%@1510,3%@1510,1%@1510,1%@1510] GR3D_FREQ 0% cpu@47.093C soc2@46.437C soc0@44.781C gpu@46.656C tj@47.093C soc1@44.875C VDD_IN 4193mW/4217mW VDD_CPU_GPU_CV 1036mW/1048mW VDD_SOC 1397mW/1398mW
08-10-2026 00:31:49 RAM 3771/7620MB (lfb 1x4MB) SWAP 2/12002MB (cached 0MB) CPU [3%@1510,2%@1510,2%@1510,3%@1510,0%@1510,1%@1510] GR3D_FREQ 0% cpu@47.281C soc2@46.375C soc0@44.843C gpu@46.5C tj@47.281C soc1@44.625C VDD_IN 4193mW/4216mW VDD_CPU_GPU_CV 1036mW/1048mW VDD_SOC 1397mW/1398mW
08-10-2026 00:31:50 RAM 3771/7620MB (lfb 1x4MB) SWAP 2/12002MB (cached 0MB) CPU [3%@1510,1%@1510,3%@1510,1%@1510,2%@1510,2%@1510] GR3D_FREQ 0% cpu@47.093C soc2@46.531C soc0@44.687C gpu@46.468C tj@47.093C soc1@44.718C VDD_IN 4193mW/4216mW VDD_CPU_GPU_CV 1036mW/1047mW VDD_SOC 1397mW/1398mW
08-10-2026 00:31:51 RAM 3770/7620MB (lfb 1x4MB) SWAP 2/12002MB (cached 0MB) CPU [2%@1510,3%@1510,5%@1510,4%@1510,5%@1510,5%@1510] GR3D_FREQ 0% cpu@47.437C soc2@46.406C soc0@44.781C gpu@46.437C tj@47.437C soc1@44.718C VDD_IN 4233mW/4216mW VDD_CPU_GPU_CV 1036mW/1047mW VDD_SOC 1397mW/1398mW
08-10-2026 00:31:52 RAM 3771/7620MB (lfb 1x4MB) SWAP 2/12002MB (cached 0MB) CPU [3%@1510,3%@1510,4%@1510,1%@1510,1%@1510,2%@1510] GR3D_FREQ 0% cpu@47.093C soc2@46.437C soc0@44.875C gpu@46.406C tj@47.093C soc1@44.687C VDD_IN 4233mW/4216mW VDD_CPU_GPU_CV 1036mW/1047mW VDD_SOC 1397mW/1398mW
08-10-2026 00:31:53 RAM 3771/7620MB (lfb 1x4MB) SWAP 2/12002MB (cached 0MB) CPU [3%@1510,2%@1510,3%@1510,1%@1510,2%@1510,2%@1510] GR3D_FREQ 0% cpu@47.125C soc2@46.437C soc0@44.75C gpu@46.406C tj@47.125C soc1@44.843C VDD_IN 4193mW/4216mW VDD_CPU_GPU_CV 1036mW/1047mW VDD_SOC 1397mW/1398mW
08-10-2026 00:31:54 RAM 3771/7620MB (lfb 1x4MB) SWAP 2/12002MB (cached 0MB) CPU [2%@1510,0%@1510,4%@1510,0%@1510,4%@1510,2%@1510] GR3D_FREQ 0% cpu@47.281C soc2@46.5C soc0@44.781C gpu@46.437C tj@47.281C soc1@44.718C VDD_IN 4193mW/4216mW VDD_CPU_GPU_CV 1036mW/1047mW VDD_SOC 1397mW/1398mW
08-10-2026 00:31:55 RAM 3771/7620MB (lfb 1x4MB) SWAP 2/12002MB (cached 0MB) CPU [2%@1510,2%@1510,3%@1510,0%@1510,1%@1510,3%@1510] GR3D_FREQ 0% cpu@47.093C soc2@46.406C soc0@44.875C gpu@46.437C tj@47.093C soc1@44.656C VDD_IN 4193mW/4216mW VDD_CPU_GPU_CV 1036mW/1047mW VDD_SOC 1397mW/1398mW
08-10-2026 00:31:56 RAM 3771/7620MB (lfb 1x4MB) SWAP 2/12002MB (cached 0MB) CPU [2%@1510,1%@1510,5%@1510,5%@1510,3%@1510,4%@1510] GR3D_FREQ 0% cpu@47.312C soc2@46.5C soc0@44.75C gpu@46.468C tj@47.312C soc1@44.718C VDD_IN 4193mW/4216mW VDD_CPU_GPU_CV 1036mW/1047mW VDD_SOC 1397mW/1398mW
08-10-2026 00:31:57 RAM 3772/7620MB (lfb 1x4MB) SWAP 2/12002MB (cached 0MB) CPU [2%@1510,2%@1510,5%@1510,3%@1510,2%@1510,2%@1510] GR3D_FREQ 0% cpu@47.125C soc2@46.468C soc0@44.718C gpu@46.468C tj@47.125C soc1@44.718C VDD_IN 4193mW/4216mW VDD_CPU_GPU_CV 1036mW/1047mW VDD_SOC 1397mW/1398mW
08-10-2026 00:31:58 RAM 3772/7620MB (lfb 1x4MB) SWAP 2/12002MB (cached 0MB) CPU [2%@1510,3%@1510,4%@1510,1%@1510,3%@1510,1%@1510] GR3D_FREQ 0% cpu@47.156C soc2@46.406C soc0@44.781C gpu@46.437C tj@47.156C soc1@44.812C VDD_IN 4193mW/4216mW VDD_CPU_GPU_CV 1036mW/1047mW VDD_SOC 1397mW/1398mW
08-10-2026 00:31:59 RAM 3772/7620MB (lfb 1x4MB) SWAP 2/12002MB (cached 0MB) CPU [2%@1510,1%@1510,4%@1510,1%@1510,2%@1510,2%@1510] GR3D_FREQ 0% cpu@47.093C soc2@46.468C soc0@44.812C gpu@46.468C tj@47.187C soc1@44.843C VDD_IN 4193mW/4215mW VDD_CPU_GPU_CV 1036mW/1047mW VDD_SOC 1397mW/1398mW
08-10-2026 00:32:00 RAM 3772/7620MB (lfb 1x4MB) SWAP 2/12002MB (cached 0MB) CPU [1%@1510,1%@1510,5%@1510,1%@1510,2%@1510,2%@1510] GR3D_FREQ 0% cpu@47.218C soc2@46.531C soc0@44.812C gpu@46.5C tj@47.218C soc1@44.75C VDD_IN 4233mW/4216mW VDD_CPU_GPU_CV 1036mW/1047mW VDD_SOC 1397mW/1398mW
08-10-2026 00:32:01 RAM 3771/7620MB (lfb 1x4MB) SWAP 2/12002MB (cached 0MB) CPU [3%@1510,3%@1510,6%@1510,5%@1510,3%@1510,2%@1510] GR3D_FREQ 0% cpu@47.312C soc2@46.437C soc0@44.875C gpu@46.5C tj@47.312C soc1@44.656C VDD_IN 4193mW/4215mW VDD_CPU_GPU_CV 1036mW/1047mW VDD_SOC 1397mW/1398mW
08-10-2026 00:32:02 RAM 3771/7620MB (lfb 1x4MB) SWAP 2/12002MB (cached 0MB) CPU [3%@1510,2%@1510,2%@1510,3%@1510,4%@1510,2%@1510] GR3D_FREQ 0% cpu@47.125C soc2@46.437C soc0@44.812C gpu@46.562C tj@47.125C soc1@44.718C VDD_IN 4193mW/4215mW VDD_CPU_GPU_CV 1036mW/1047mW VDD_SOC 1397mW/1398mW
08-10-2026 00:32:03 RAM 3771/7620MB (lfb 1x4MB) SWAP 2/12002MB (cached 0MB) CPU [3%@1510,2%@1510,2%@1510,3%@1510,3%@1510,1%@1510] GR3D_FREQ 0% cpu@47.343C soc2@46.406C soc0@44.843C gpu@46.593C tj@47.343C soc1@44.718C VDD_IN 4193mW/4215mW VDD_CPU_GPU_CV 1036mW/1047mW VDD_SOC 1397mW/1398mW
08-10-2026 00:32:04 RAM 3771/7620MB (lfb 1x4MB) SWAP 2/12002MB (cached 0MB) CPU [3%@1510,2%@1510,1%@1510,1%@1510,3%@1510,3%@1510] GR3D_FREQ 0% cpu@47C soc2@46.468C soc0@44.75C gpu@46.5C tj@47C soc1@44.75C VDD_IN 4193mW/4215mW VDD_CPU_GPU_CV 1036mW/1046mW VDD_SOC 1397mW/1398mW
08-10-2026 00:32:05 RAM 3771/7620MB (lfb 1x4MB) SWAP 2/12002MB (cached 0MB) CPU [1%@1510,0%@1510,0%@1510,2%@1510,3%@1510,2%@1510] GR3D_FREQ 0% cpu@47.156C soc2@46.531C soc0@44.718C gpu@46.593C tj@47.156C soc1@44.843C VDD_IN 4193mW/4215mW VDD_CPU_GPU_CV 1036mW/1046mW VDD_SOC 1397mW/1398mW
08-10-2026 00:32:06 RAM 3771/7620MB (lfb 1x4MB) SWAP 2/12002MB (cached 0MB) CPU [4%@1510,2%@1510,4%@1510,3%@1510,5%@1510,2%@1510] GR3D_FREQ 0% cpu@47.093C soc2@46.437C soc0@44.875C gpu@46.625C tj@47.312C soc1@44.687C VDD_IN 4193mW/4215mW VDD_CPU_GPU_CV 1036mW/1046mW VDD_SOC 1397mW/1398mW
08-10-2026 00:32:07 RAM 3771/7620MB (lfb 1x4MB) SWAP 2/12002MB (cached 0MB) CPU [3%@1510,1%@1510,3%@1510,4%@1510,3%@1510,3%@1510] GR3D_FREQ 0% cpu@47.218C soc2@46.406C soc0@44.906C gpu@46.593C tj@47.218C soc1@44.812C VDD_IN 4193mW/4215mW VDD_CPU_GPU_CV 1036mW/1046mW VDD_SOC 1397mW/1398mW
08-10-2026 00:32:08 RAM 3771/7620MB (lfb 1x4MB) SWAP 2/12002MB (cached 0MB) CPU [3%@1510,2%@1510,4%@1510,2%@1510,2%@1510,1%@1510] GR3D_FREQ 0% cpu@47.468C soc2@46.437C soc0@44.875C gpu@46.593C tj@47.468C soc1@44.75C VDD_IN 4193mW/4215mW VDD_CPU_GPU_CV 1036mW/1046mW VDD_SOC 1397mW/1398mW
08-10-2026 00:32:09 RAM 3771/7620MB (lfb 1x4MB) SWAP 2/12002MB (cached 0MB) CPU [3%@1510,2%@1510,3%@1510,2%@1510,2%@1510,3%@1510] GR3D_FREQ 0% cpu@47.156C soc2@46.406C soc0@44.75C gpu@46.656C tj@47.093C soc1@44.75C VDD_IN 4193mW/4214mW VDD_CPU_GPU_CV 1036mW/1046mW VDD_SOC 1397mW/1398mW
08-10-2026 00:32:10 RAM 3771/7620MB (lfb 1x4MB) SWAP 2/12002MB (cached 0MB) CPU [2%@1510,2%@1510,6%@1510,2%@1510,1%@1510,3%@1510] GR3D_FREQ 0% cpu@47.093C soc2@46.468C soc0@44.812C gpu@46.656C tj@47.093C soc1@44.781C VDD_IN 4233mW/4214mW VDD_CPU_GPU_CV 1036mW/1046mW VDD_SOC 1397mW/1398mW
08-10-2026 00:32:11 RAM 3771/7620MB (lfb 1x2MB) SWAP 2/12002MB (cached 0MB) CPU [4%@1510,2%@1510,3%@1510,3%@1510,5%@1510,2%@1510] GR3D_FREQ 0% cpu@47.031C soc2@46.593C soc0@44.75C gpu@46.656C tj@47.031C soc1@44.906C VDD_IN 4193mW/4214mW VDD_CPU_GPU_CV 1036mW/1046mW VDD_SOC 1397mW/1398mW
08-10-2026 00:32:12 RAM 3771/7620MB (lfb 1x2MB) SWAP 2/12002MB (cached 0MB) CPU [2%@1510,2%@1510,2%@1510,3%@1510,3%@1510,2%@1510] GR3D_FREQ 0% cpu@47.25C soc2@46.562C soc0@44.843C gpu@46.687C tj@47.25C soc1@44.968C VDD_IN 4193mW/4214mW VDD_CPU_GPU_CV 1036mW/1046mW VDD_SOC 1397mW/1398mW
08-10-2026 00:32:13 RAM 3771/7620MB (lfb 1x2MB) SWAP 2/12002MB (cached 0MB) CPU [3%@1510,2%@1510,1%@1510,1%@1510,4%@1510,2%@1510] GR3D_FREQ 0% cpu@47.375C soc2@46.468C soc0@44.906C gpu@46.75C tj@47.375C soc1@44.656C VDD_IN 4153mW/4214mW VDD_CPU_GPU_CV 1036mW/1046mW VDD_SOC 1397mW/1398mW
08-10-2026 00:32:14 RAM 3771/7620MB (lfb 1x2MB) SWAP 2/12002MB (cached 0MB) CPU [2%@1510,2%@1510,2%@1510,3%@1510,4%@1510,1%@1510] GR3D_FREQ 0% cpu@47.25C soc2@46.5C soc0@44.812C gpu@46.75C tj@47.25C soc1@44.687C VDD_IN 4153mW/4214mW VDD_CPU_GPU_CV 1036mW/1046mW VDD_SOC 1397mW/1398mW
08-10-2026 00:32:15 RAM 3771/7620MB (lfb 1x2MB) SWAP 2/12002MB (cached 0MB) CPU [3%@1510,4%@1510,4%@1510,1%@1510,3%@1510,1%@1510] GR3D_FREQ 0% cpu@47.187C soc2@46.5C soc0@44.875C gpu@46.531C tj@47.187C soc1@44.75C VDD_IN 4233mW/4214mW VDD_CPU_GPU_CV 1036mW/1046mW VDD_SOC 1397mW/1398mW
08-10-2026 00:32:16 RAM 3772/7620MB (lfb 1x2MB) SWAP 2/12002MB (cached 0MB) CPU [3%@1510,2%@1510,2%@1510,2%@1510,4%@1510,2%@1510] GR3D_FREQ 0% cpu@47.156C soc2@46.531C soc0@44.812C gpu@46.5C tj@47.156C soc1@44.843C VDD_IN 4233mW/4214mW VDD_CPU_GPU_CV 1036mW/1046mW VDD_SOC 1397mW/1398mW
08-10-2026 00:32:17 RAM 3772/7620MB (lfb 1x2MB) SWAP 2/12002MB (cached 0MB) CPU [2%@1510,1%@1510,3%@1510,1%@1510,3%@1510,2%@1510] GR3D_FREQ 0% cpu@47.281C soc2@46.593C soc0@44.875C gpu@46.531C tj@47.281C soc1@44.812C VDD_IN 4193mW/4214mW VDD_CPU_GPU_CV 1036mW/1046mW VDD_SOC 1397mW/1398mW
08-10-2026 00:32:18 RAM 3772/7620MB (lfb 1x2MB) SWAP 2/12002MB (cached 0MB) CPU [4%@1510,2%@1510,1%@1510,1%@1510,3%@1510,2%@1510] GR3D_FREQ 0% cpu@47.25C soc2@46.531C soc0@44.843C gpu@46.468C tj@47.25C soc1@44.718C VDD_IN 4193mW/4214mW VDD_CPU_GPU_CV 1036mW/1046mW VDD_SOC 1397mW/1398mW
08-10-2026 00:32:19 RAM 3772/7620MB (lfb 1x2MB) SWAP 2/12002MB (cached 0MB) CPU [3%@1510,3%@1510,1%@1510,1%@1510,4%@1510,2%@1510] GR3D_FREQ 0% cpu@47.187C soc2@46.468C soc0@44.937C gpu@46.593C tj@47.187C soc1@44.656C VDD_IN 4193mW/4213mW VDD_CPU_GPU_CV 1036mW/1046mW VDD_SOC 1397mW/1398mW
08-10-2026 00:32:20 RAM 3773/7620MB (lfb 1x2MB) SWAP 2/12002MB (cached 0MB) CPU [2%@1510,0%@1510,2%@1510,4%@1510,5%@1510,1%@1510] GR3D_FREQ 0% cpu@47.125C soc2@46.406C soc0@44.906C gpu@46.562C tj@47.125C soc1@44.781C VDD_IN 4432mW/4215mW VDD_CPU_GPU_CV 1114mW/1046mW VDD_SOC 1395mW/1398mW
08-10-2026 00:32:21 RAM 3772/7620MB (lfb 1x2MB) SWAP 2/12002MB (cached 0MB) CPU [4%@1510,3%@1510,3%@1510,3%@1510,4%@1510,1%@1510] GR3D_FREQ 0% cpu@47.25C soc2@46.406C soc0@44.843C gpu@46.531C tj@47.25C soc1@44.687C VDD_IN 4233mW/4215mW VDD_CPU_GPU_CV 1036mW/1046mW VDD_SOC 1397mW/1398mW
08-10-2026 00:32:23 RAM 3772/7620MB (lfb 1x2MB) SWAP 2/12002MB (cached 0MB) CPU [1%@1510,2%@1510,2%@1510,2%@1510,5%@1510,2%@1510] GR3D_FREQ 0% cpu@47.062C soc2@46.468C soc0@44.781C gpu@46.531C tj@47.062C soc1@44.75C VDD_IN 4193mW/4215mW VDD_CPU_GPU_CV 1036mW/1046mW VDD_SOC 1397mW/1398mW
08-10-2026 00:32:24 RAM 3772/7620MB (lfb 1x2MB) SWAP 2/12002MB (cached 0MB) CPU [3%@1510,2%@1510,2%@1510,2%@1510,3%@1510,2%@1510] GR3D_FREQ 0% cpu@47.156C soc2@46.531C soc0@44.906C gpu@46.5C tj@47.156C soc1@44.843C VDD_IN 4193mW/4214mW VDD_CPU_GPU_CV 1036mW/1046mW VDD_SOC 1397mW/1398mW
08-10-2026 00:32:25 RAM 3772/7620MB (lfb 1x2MB) SWAP 2/12002MB (cached 0MB) CPU [1%@1510,3%@1510,3%@1510,2%@1510,5%@1510,1%@1510] GR3D_FREQ 0% cpu@47.312C soc2@46.531C soc0@44.843C gpu@46.531C tj@47.312C soc1@44.687C VDD_IN 4193mW/4214mW VDD_CPU_GPU_CV 1036mW/1046mW VDD_SOC 1397mW/1398mW
08-10-2026 00:32:26 RAM 3771/7620MB (lfb 1x2MB) SWAP 2/12002MB (cached 0MB) CPU [2%@1510,2%@1510,6%@1510,1%@1510,3%@1510,3%@1510] GR3D_FREQ 0% cpu@47.25C soc2@46.468C soc0@44.906C gpu@46.5C tj@47.25C soc1@44.718C VDD_IN 4273mW/4215mW VDD_CPU_GPU_CV 1076mW/1046mW VDD_SOC 1395mW/1398mW
08-10-2026 00:32:27 RAM 3771/7620MB (lfb 1x2MB) SWAP 2/12002MB (cached 0MB) CPU [4%@1510,3%@1510,1%@1510,4%@1510,4%@1510,1%@1510] GR3D_FREQ 0% cpu@47.375C soc2@46.5C soc0@44.781C gpu@46.5C tj@47.375C soc1@44.687C VDD_IN 4233mW/4215mW VDD_CPU_GPU_CV 1076mW/1046mW VDD_SOC 1397mW/1398mW
08-10-2026 00:32:28 RAM 3770/7620MB (lfb 1x2MB) SWAP 2/12002MB (cached 0MB) CPU [2%@1510,2%@1510,1%@1510,2%@1510,4%@1510,2%@1510] GR3D_FREQ 0% cpu@47.093C soc2@46.375C soc0@44.781C gpu@46.531C tj@47.093C soc1@44.75C VDD_IN 4193mW/4215mW VDD_CPU_GPU_CV 1036mW/1046mW VDD_SOC 1397mW/1398mW
08-10-2026 00:32:29 RAM 3774/7620MB (lfb 1x2MB) SWAP 2/12002MB (cached 0MB) CPU [81%@1510,3%@1510,5%@1510,3%@1510,6%@1510,8%@1510] GR3D_FREQ 0% cpu@47.343C soc2@46.5C soc0@44.812C gpu@46.687C tj@47.343C soc1@44.75C VDD_IN 4960mW/4218mW VDD_CPU_GPU_CV 1505mW/1048mW VDD_SOC 1428mW/1398mW
08-10-2026 00:32:30 RAM 3774/7620MB (lfb 1x2MB) SWAP 2/12002MB (cached 0MB) CPU [20%@1510,4%@1510,3%@1510,1%@1510,3%@1510,2%@1510] GR3D_FREQ 0% cpu@47.156C soc2@46.5C soc0@44.781C gpu@46.656C tj@47.156C soc1@44.875C VDD_IN 4313mW/4219mW VDD_CPU_GPU_CV 1114mW/1049mW VDD_SOC 1395mW/1398mW
08-10-2026 00:32:31 RAM 3774/7620MB (lfb 1x2MB) SWAP 2/12002MB (cached 0MB) CPU [3%@1510,1%@1510,6%@1510,4%@1510,2%@1510,2%@1510] GR3D_FREQ 0% cpu@47.156C soc2@46.625C soc0@44.875C gpu@46.625C tj@47.156C soc1@44.687C VDD_IN 4313mW/4219mW VDD_CPU_GPU_CV 1114mW/1049mW VDD_SOC 1395mW/1398mW
08-10-2026 00:32:32 RAM 3779/7620MB (lfb 1x4MB) SWAP 2/12002MB (cached 0MB) CPU [3%@1510,2%@1510,1%@1510,3%@1510,4%@1510,3%@1510] GR3D_FREQ 0% cpu@47.343C soc2@46.406C soc0@44.875C gpu@46.718C tj@47.343C soc1@44.625C VDD_IN 4233mW/4220mW VDD_CPU_GPU_CV 1076mW/1049mW VDD_SOC 1397mW/1398mW
08-10-2026 00:32:33 RAM 3779/7620MB (lfb 1x4MB) SWAP 2/12002MB (cached 0MB) CPU [3%@1510,3%@1510,1%@1510,2%@1510,6%@1510,0%@1510] GR3D_FREQ 0% cpu@47.156C soc2@46.468C soc0@44.843C gpu@46.687C tj@47.156C soc1@44.718C VDD_IN 4193mW/4219mW VDD_CPU_GPU_CV 1036mW/1049mW VDD_SOC 1397mW/1398mW
08-10-2026 00:32:34 RAM 3779/7620MB (lfb 1x4MB) SWAP 2/12002MB (cached 0MB) CPU [2%@1510,2%@1510,2%@1510,1%@1510,3%@1510,1%@1510] GR3D_FREQ 0% cpu@47.437C soc2@46.406C soc0@44.75C gpu@46.687C tj@47.437C soc1@44.75C VDD_IN 4193mW/4219mW VDD_CPU_GPU_CV 1036mW/1049mW VDD_SOC 1397mW/1398mW
08-10-2026 00:32:35 RAM 3779/7620MB (lfb 1x4MB) SWAP 2/12002MB (cached 0MB) CPU [2%@1510,3%@1510,5%@1510,2%@1510,1%@1510,3%@1510] GR3D_FREQ 0% cpu@47.062C soc2@46.531C soc0@44.718C gpu@46.75C tj@47.062C soc1@44.781C VDD_IN 4193mW/4219mW VDD_CPU_GPU_CV 1036mW/1049mW VDD_SOC 1397mW/1398mW
08-10-2026 00:32:36 RAM 3780/7620MB (lfb 1x4MB) SWAP 2/12002MB (cached 0MB) CPU [3%@1510,0%@1510,5%@1510,3%@1510,4%@1510,3%@1510] GR3D_FREQ 0% cpu@47.125C soc2@46.562C soc0@44.812C gpu@46.781C tj@47.125C soc1@44.781C VDD_IN 4273mW/4219mW VDD_CPU_GPU_CV 1076mW/1049mW VDD_SOC 1395mW/1398mW
08-10-2026 00:32:37 RAM 3780/7620MB (lfb 1x4MB) SWAP 2/12002MB (cached 0MB) CPU [3%@1510,2%@1510,5%@1510,2%@1510,3%@1510,2%@1510] GR3D_FREQ 0% cpu@47.062C soc2@46.562C soc0@44.875C gpu@46.781C tj@47.062C soc1@44.687C VDD_IN 4233mW/4219mW VDD_CPU_GPU_CV 1076mW/1049mW VDD_SOC 1397mW/1398mW
08-10-2026 00:32:38 RAM 3780/7620MB (lfb 1x4MB) SWAP 2/12002MB (cached 0MB) CPU [2%@1510,4%@1510,3%@1510,2%@1510,1%@1510,3%@1510] GR3D_FREQ 0% cpu@47.25C soc2@46.593C soc0@44.843C gpu@46.843C tj@47.25C soc1@44.656C VDD_IN 4193mW/4219mW VDD_CPU_GPU_CV 1036mW/1049mW VDD_SOC 1397mW/1398mW
08-10-2026 00:32:39 RAM 3780/7620MB (lfb 1x4MB) SWAP 2/12002MB (cached 0MB) CPU [2%@1510,1%@1510,4%@1510,1%@1510,3%@1510,2%@1510] GR3D_FREQ 0% cpu@47.468C soc2@46.406C soc0@44.875C gpu@46.812C tj@47.468C soc1@44.75C VDD_IN 4193mW/4219mW VDD_CPU_GPU_CV 1036mW/1049mW VDD_SOC 1397mW/1398mW
08-10-2026 00:32:40 RAM 3780/7620MB (lfb 1x4MB) SWAP 2/12002MB (cached 0MB) CPU [3%@1510,2%@1510,3%@1510,0%@1510,4%@1510,2%@1510] GR3D_FREQ 0% cpu@47.218C soc2@46.5C soc0@44.812C gpu@46.875C tj@47.218C soc1@44.687C VDD_IN 4193mW/4219mW VDD_CPU_GPU_CV 1036mW/1049mW VDD_SOC 1397mW/1398mW
08-10-2026 00:32:41 RAM 3780/7620MB (lfb 1x4MB) SWAP 2/12002MB (cached 0MB) CPU [3%@1510,2%@1510,4%@1510,4%@1510,5%@1510,4%@1510] GR3D_FREQ 0% cpu@47.093C soc2@46.406C soc0@44.75C gpu@46.875C tj@47.093C soc1@44.843C VDD_IN 4306mW/4219mW VDD_CPU_GPU_CV 1114mW/1049mW VDD_SOC 1395mW/1398mW
08-10-2026 00:32:42 RAM 3781/7620MB (lfb 1x4MB) SWAP 2/12002MB (cached 0MB) CPU [3%@1510,2%@1510,2%@1510,2%@1510,5%@1510,2%@1510] GR3D_FREQ 0% cpu@47.187C soc2@46.468C soc0@44.843C gpu@46.437C tj@47.187C soc1@44.781C VDD_IN 4233mW/4220mW VDD_CPU_GPU_CV 1076mW/1049mW VDD_SOC 1397mW/1398mW
08-10-2026 00:32:43 RAM 3780/7620MB (lfb 1x4MB) SWAP 2/12002MB (cached 0MB) CPU [6%@1510,2%@1510,1%@1510,1%@1510,4%@1510,1%@1510] GR3D_FREQ 0% cpu@47.187C soc2@46.562C soc0@44.843C gpu@46.406C tj@47.187C soc1@44.937C VDD_IN 4193mW/4219mW VDD_CPU_GPU_CV 1036mW/1049mW VDD_SOC 1397mW/1398mW
08-10-2026 00:32:44 RAM 3780/7620MB (lfb 1x4MB) SWAP 2/12002MB (cached 0MB) CPU [3%@1510,2%@1510,1%@1510,2%@1510,3%@1510,1%@1510] GR3D_FREQ 0% cpu@47.437C soc2@46.5C soc0@44.843C gpu@46.312C tj@47.437C soc1@44.687C VDD_IN 4193mW/4219mW VDD_CPU_GPU_CV 1036mW/1049mW VDD_SOC 1397mW/1398mW
08-10-2026 00:32:45 RAM 3780/7620MB (lfb 1x4MB) SWAP 2/12002MB (cached 0MB) CPU [3%@1510,1%@1510,2%@1510,1%@1510,4%@1510,2%@1510] GR3D_FREQ 0% cpu@47.218C soc2@46.437C soc0@44.812C gpu@46.375C tj@47.218C soc1@44.75C VDD_IN 4193mW/4219mW VDD_CPU_GPU_CV 1036mW/1049mW VDD_SOC 1397mW/1398mW
08-10-2026 00:32:46 RAM 3780/7620MB (lfb 1x4MB) SWAP 2/12002MB (cached 0MB) CPU [2%@1510,2%@1510,4%@1510,5%@1510,4%@1510,2%@1510] GR3D_FREQ 0% cpu@47.031C soc2@46.5C soc0@44.781C gpu@46.468C tj@47.031C soc1@44.75C VDD_IN 4273mW/4219mW VDD_CPU_GPU_CV 1076mW/1049mW VDD_SOC 1395mW/1398mW
08-10-2026 00:32:47 RAM 3780/7620MB (lfb 1x4MB) SWAP 2/12002MB (cached 0MB) CPU [4%@1510,2%@1510,3%@1510,1%@1510,5%@1510,3%@1510] GR3D_FREQ 0% cpu@47.187C soc2@46.437C soc0@44.875C gpu@46.437C tj@47.187C soc1@44.843C VDD_IN 4233mW/4219mW VDD_CPU_GPU_CV 1076mW/1050mW VDD_SOC 1397mW/1398mW
08-10-2026 00:32:48 RAM 3781/7620MB (lfb 1x4MB) SWAP 2/12002MB (cached 0MB) CPU [4%@1510,2%@1510,10%@1510,2%@1510,5%@1510,2%@1510] GR3D_FREQ 0% cpu@47.125C soc2@46.5C soc0@44.875C gpu@46.468C tj@47.218C soc1@44.875C VDD_IN 4273mW/4220mW VDD_CPU_GPU_CV 1076mW/1050mW VDD_SOC 1397mW/1398mW
08-10-2026 00:32:49 RAM 3781/7620MB (lfb 1x4MB) SWAP 2/12002MB (cached 0MB) CPU [2%@1510,1%@1510,1%@1510,2%@1510,4%@1510,1%@1510] GR3D_FREQ 0% cpu@47.187C soc2@46.5C soc0@44.843C gpu@46.437C tj@47.187C soc1@44.843C VDD_IN 4193mW/4220mW VDD_CPU_GPU_CV 1036mW/1050mW VDD_SOC 1397mW/1398mW
08-10-2026 00:32:50 RAM 3781/7620MB (lfb 1x4MB) SWAP 2/12002MB (cached 0MB) CPU [2%@1510,1%@1510,2%@1510,2%@1510,4%@1510,1%@1510] GR3D_FREQ 0% cpu@47.218C soc2@46.406C soc0@44.937C gpu@46.406C tj@47.218C soc1@44.718C VDD_IN 4193mW/4219mW VDD_CPU_GPU_CV 1036mW/1050mW VDD_SOC 1397mW/1398mW
08-10-2026 00:32:51 RAM 3779/7620MB (lfb 1x4MB) SWAP 2/12002MB (cached 0MB) CPU [3%@1510,3%@1510,2%@1510,3%@1510,5%@1510,4%@1510] GR3D_FREQ 0% cpu@47.125C soc2@46.468C soc0@44.843C gpu@46.468C tj@47.125C soc1@44.656C VDD_IN 4273mW/4220mW VDD_CPU_GPU_CV 1076mW/1050mW VDD_SOC 1395mW/1398mW
08-10-2026 00:32:52 RAM 3780/7620MB (lfb 1x4MB) SWAP 2/12002MB (cached 0MB) CPU [2%@1510,1%@1510,3%@1510,1%@1510,5%@1510,1%@1510] GR3D_FREQ 0% cpu@47.375C soc2@46.5C soc0@44.875C gpu@46.468C tj@47.375C soc1@44.718C VDD_IN 4233mW/4220mW VDD_CPU_GPU_CV 1076mW/1050mW VDD_SOC 1397mW/1398mW
08-10-2026 00:32:53 RAM 3780/7620MB (lfb 1x4MB) SWAP 2/12002MB (cached 0MB) CPU [2%@1510,2%@1510,1%@1510,1%@1510,4%@1510,0%@1510] GR3D_FREQ 0% cpu@47.125C soc2@46.531C soc0@44.75C gpu@46.437C tj@47.125C soc1@44.718C VDD_IN 4193mW/4220mW VDD_CPU_GPU_CV 1036mW/1050mW VDD_SOC 1397mW/1398mW
08-10-2026 00:32:54 RAM 3780/7620MB (lfb 1x4MB) SWAP 2/12002MB (cached 0MB) CPU [3%@1510,1%@1510,3%@1510,4%@1510,4%@1510,2%@1510] GR3D_FREQ 0% cpu@47.125C soc2@46.5C soc0@44.781C gpu@46.687C tj@47.125C soc1@44.875C VDD_IN 4193mW/4220mW VDD_CPU_GPU_CV 1036mW/1050mW VDD_SOC 1397mW/1398mW
08-10-2026 00:32:55 RAM 3779/7620MB (lfb 1x4MB) SWAP 2/12002MB (cached 0MB) CPU [3%@1510,2%@1510,2%@1510,2%@1510,4%@1510,1%@1510] GR3D_FREQ 0% cpu@47.218C soc2@46.562C soc0@44.843C gpu@46.718C tj@47.218C soc1@44.843C VDD_IN 4193mW/4219mW VDD_CPU_GPU_CV 1036mW/1050mW VDD_SOC 1397mW/1398mW
08-10-2026 00:32:56 RAM 3779/7620MB (lfb 1x4MB) SWAP 2/12002MB (cached 0MB) CPU [3%@1510,2%@1510,2%@1510,2%@1510,4%@1510,4%@1510] GR3D_FREQ 0% cpu@47.156C soc2@46.562C soc0@44.875C gpu@46.687C tj@47.156C soc1@44.687C VDD_IN 4273mW/4220mW VDD_CPU_GPU_CV 1076mW/1050mW VDD_SOC 1397mW/1398mW
08-10-2026 00:32:57 RAM 3780/7620MB (lfb 1x4MB) SWAP 2/12002MB (cached 0MB) CPU [4%@1510,1%@1510,2%@1510,1%@1510,4%@1510,3%@1510] GR3D_FREQ 0% cpu@47.312C soc2@46.375C soc0@45C gpu@46.843C tj@47.312C soc1@44.718C VDD_IN 4233mW/4220mW VDD_CPU_GPU_CV 1036mW/1050mW VDD_SOC 1397mW/1398mW
08-10-2026 00:32:58 RAM 3780/7620MB (lfb 1x4MB) SWAP 2/12002MB (cached 0MB) CPU [1%@1510,2%@1510,0%@1510,0%@1510,4%@1510,2%@1510] GR3D_FREQ 0% cpu@47.156C soc2@46.406C soc0@44.718C gpu@46.812C tj@47.156C soc1@44.718C VDD_IN 4193mW/4220mW VDD_CPU_GPU_CV 1036mW/1050mW VDD_SOC 1397mW/1398mW
08-10-2026 00:32:59 RAM 3780/7620MB (lfb 1x4MB) SWAP 2/12002MB (cached 0MB) CPU [2%@1510,1%@1510,4%@1510,2%@1510,3%@1510,3%@1510] GR3D_FREQ 0% cpu@47.406C soc2@46.375C soc0@44.812C gpu@46.843C tj@47.406C soc1@44.75C VDD_IN 4193mW/4219mW VDD_CPU_GPU_CV 1036mW/1049mW VDD_SOC 1397mW/1398mW
08-10-2026 00:33:00 RAM 3780/7620MB (lfb 1x4MB) SWAP 2/12002MB (cached 0MB) CPU [2%@1510,1%@1510,5%@1510,1%@1510,2%@1510,3%@1510] GR3D_FREQ 0% cpu@47.093C soc2@46.531C soc0@44.812C gpu@46.843C tj@47.093C soc1@44.843C VDD_IN 4193mW/4219mW VDD_CPU_GPU_CV 1036mW/1049mW VDD_SOC 1397mW/1398mW
08-10-2026 00:33:01 RAM 3782/7620MB (lfb 1x4MB) SWAP 2/12002MB (cached 0MB) CPU [4%@1510,1%@1510,6%@1510,3%@1510,3%@1510,4%@1510] GR3D_FREQ 0% cpu@47.218C soc2@46.531C soc0@44.812C gpu@46.875C tj@47.218C soc1@44.906C VDD_IN 4233mW/4219mW VDD_CPU_GPU_CV 1076mW/1050mW VDD_SOC 1395mW/1398mW
08-10-2026 00:33:02 RAM 3781/7620MB (lfb 1x4MB) SWAP 2/12002MB (cached 0MB) CPU [3%@1510,2%@1510,3%@1510,2%@1510,5%@1510,3%@1510] GR3D_FREQ 0% cpu@47.406C soc2@46.562C soc0@44.812C gpu@46.906C tj@47.406C soc1@44.718C VDD_IN 4193mW/4219mW VDD_CPU_GPU_CV 1036mW/1049mW VDD_SOC 1397mW/1398mW
08-10-2026 00:33:03 RAM 3781/7620MB (lfb 1x4MB) SWAP 2/12002MB (cached 0MB) CPU [0%@1510,0%@1510,2%@1510,3%@1510,3%@1510,1%@1510] GR3D_FREQ 0% cpu@47.25C soc2@46.437C soc0@44.875C gpu@46.375C tj@47.25C soc1@44.656C VDD_IN 4193mW/4219mW VDD_CPU_GPU_CV 1036mW/1049mW VDD_SOC 1397mW/1398mW
08-10-2026 00:33:04 RAM 3781/7620MB (lfb 1x4MB) SWAP 2/12002MB (cached 0MB) CPU [4%@1510,0%@1510,3%@1510,2%@1510,5%@1510,1%@1510] GR3D_FREQ 0% cpu@47.437C soc2@46.437C soc0@44.781C gpu@46.375C tj@47.437C soc1@44.718C VDD_IN 4193mW/4219mW VDD_CPU_GPU_CV 1036mW/1049mW VDD_SOC 1397mW/1398mW
08-10-2026 00:33:05 RAM 3781/7620MB (lfb 1x4MB) SWAP 2/12002MB (cached 0MB) CPU [1%@1510,3%@1510,2%@1510,3%@1510,3%@1510,1%@1510] GR3D_FREQ 0% cpu@47.093C soc2@46.437C soc0@44.75C gpu@46.406C tj@47.093C soc1@44.75C VDD_IN 4193mW/4219mW VDD_CPU_GPU_CV 1036mW/1049mW VDD_SOC 1397mW/1398mW
08-10-2026 00:33:06 RAM 3781/7620MB (lfb 1x4MB) SWAP 2/12002MB (cached 0MB) CPU [1%@1510,3%@1510,3%@1510,4%@1510,7%@1510,5%@1510] GR3D_FREQ 0% cpu@47.187C soc2@46.468C soc0@44.781C gpu@46.468C tj@47.187C soc1@44.843C VDD_IN 4233mW/4219mW VDD_CPU_GPU_CV 1076mW/1049mW VDD_SOC 1397mW/1398mW
08-10-2026 00:33:07 RAM 3780/7620MB (lfb 1x4MB) SWAP 2/12002MB (cached 0MB) CPU [2%@1510,2%@1510,3%@1510,1%@1510,4%@1510,2%@1510] GR3D_FREQ 0% cpu@47.093C soc2@46.531C soc0@44.75C gpu@46.468C tj@47.093C soc1@44.906C VDD_IN 4233mW/4219mW VDD_CPU_GPU_CV 1076mW/1050mW VDD_SOC 1397mW/1398mW
08-10-2026 00:33:08 RAM 3780/7620MB (lfb 1x4MB) SWAP 2/12002MB (cached 0MB) CPU [1%@1510,0%@1510,2%@1510,1%@1510,3%@1510,3%@1510] GR3D_FREQ 0% cpu@47.218C soc2@46.656C soc0@44.875C gpu@46.437C tj@47.218C soc1@44.906C VDD_IN 4193mW/4219mW VDD_CPU_GPU_CV 1036mW/1049mW VDD_SOC 1397mW/1398mW
08-10-2026 00:33:09 RAM 3780/7620MB (lfb 1x4MB) SWAP 2/12002MB (cached 0MB) CPU [3%@1510,2%@1510,2%@1510,2%@1510,4%@1510,4%@1510] GR3D_FREQ 0% cpu@47.25C soc2@46.406C soc0@44.906C gpu@46.406C tj@47.25C soc1@44.656C VDD_IN 4193mW/4219mW VDD_CPU_GPU_CV 1036mW/1049mW VDD_SOC 1397mW/1398mW
08-10-2026 00:33:10 RAM 3780/7620MB (lfb 1x4MB) SWAP 2/12002MB (cached 0MB) CPU [3%@1510,2%@1510,4%@1510,3%@1510,4%@1510,2%@1510] GR3D_FREQ 0% cpu@47.343C soc2@46.5C soc0@44.75C gpu@46.437C tj@47.343C soc1@44.718C VDD_IN 4233mW/4219mW VDD_CPU_GPU_CV 1036mW/1049mW VDD_SOC 1397mW/1398mW
08-10-2026 00:33:11 RAM 3780/7620MB (lfb 1x4MB) SWAP 2/12002MB (cached 0MB) CPU [4%@1510,3%@1510,4%@1510,2%@1510,4%@1510,3%@1510] GR3D_FREQ 0% cpu@47.125C soc2@46.562C soc0@44.718C gpu@46.437C tj@47.093C soc1@44.75C VDD_IN 4273mW/4219mW VDD_CPU_GPU_CV 1076mW/1049mW VDD_SOC 1395mW/1398mW
08-10-2026 00:33:12 RAM 3781/7620MB (lfb 1x4MB) SWAP 2/12002MB (cached 0MB) CPU [2%@1510,3%@1510,3%@1510,2%@1510,4%@1510,3%@1510] GR3D_FREQ 0% cpu@47.125C soc2@46.593C soc0@44.781C gpu@46.437C tj@47.125C soc1@44.781C VDD_IN 4233mW/4219mW VDD_CPU_GPU_CV 1036mW/1049mW VDD_SOC 1397mW/1398mW
08-10-2026 00:33:13 RAM 3781/7620MB (lfb 1x4MB) SWAP 2/12002MB (cached 0MB) CPU [3%@1510,2%@1510,2%@1510,1%@1510,3%@1510,2%@1510] GR3D_FREQ 0% cpu@47.218C soc2@46.531C soc0@44.812C gpu@46.468C tj@47.218C soc1@44.875C VDD_IN 4193mW/4219mW VDD_CPU_GPU_CV 1036mW/1049mW VDD_SOC 1397mW/1398mW
08-10-2026 00:33:14 RAM 3781/7620MB (lfb 1x4MB) SWAP 2/12002MB (cached 0MB) CPU [2%@1510,1%@1510,2%@1510,1%@1510,3%@1510,1%@1510] GR3D_FREQ 0% cpu@47.062C soc2@46.625C soc0@44.875C gpu@46.437C tj@47.343C soc1@44.687C VDD_IN 4193mW/4219mW VDD_CPU_GPU_CV 1036mW/1049mW VDD_SOC 1397mW/1398mW
08-10-2026 00:33:15 RAM 3781/7620MB (lfb 1x4MB) SWAP 2/12002MB (cached 0MB) CPU [3%@1510,1%@1510,2%@1510,1%@1510,4%@1510,2%@1510] GR3D_FREQ 0% cpu@47.281C soc2@46.437C soc0@44.781C gpu@46.5C tj@47.281C soc1@44.656C VDD_IN 4193mW/4219mW VDD_CPU_GPU_CV 1036mW/1049mW VDD_SOC 1397mW/1398mW
08-10-2026 00:33:16 RAM 3781/7620MB (lfb 1x4MB) SWAP 2/12002MB (cached 0MB) CPU [5%@1510,1%@1510,2%@1510,6%@1510,5%@1510,2%@1510] GR3D_FREQ 0% cpu@47.062C soc2@46.531C soc0@44.781C gpu@46.625C tj@47.062C soc1@44.687C VDD_IN 4233mW/4219mW VDD_CPU_GPU_CV 1076mW/1049mW VDD_SOC 1397mW/1398mW
08-10-2026 00:33:17 RAM 3781/7620MB (lfb 1x4MB) SWAP 2/12002MB (cached 0MB) CPU [2%@1510,2%@1510,18%@1510,2%@1510,2%@1510,3%@1510] GR3D_FREQ 0% cpu@47.156C soc2@46.406C soc0@44.718C gpu@46.625C tj@47.156C soc1@44.906C VDD_IN 4385mW/4220mW VDD_CPU_GPU_CV 1154mW/1050mW VDD_SOC 1395mW/1397mW
08-10-2026 00:33:18 RAM 3781/7620MB (lfb 1x4MB) SWAP 2/12002MB (cached 0MB) CPU [0%@1510,0%@1510,0%@1510,0%@1510,0%@1510,0%@1510] GR3D_FREQ 0% cpu@47.062C soc2@46.468C soc0@44.687C gpu@46.781C tj@47.062C soc1@44.75C VDD_IN 4153mW/4219mW VDD_CPU_GPU_CV 996mW/1050mW VDD_SOC 1397mW/1397mW
08-10-2026 00:33:19 RAM 3781/7620MB (lfb 1x4MB) SWAP 2/12002MB (cached 0MB) CPU [0%@1510,0%@1510,0%@1510,0%@1510,0%@1510,1%@1510] GR3D_FREQ 0% cpu@47.156C soc2@46.468C soc0@44.812C gpu@46.687C tj@47.156C soc1@44.843C VDD_IN 4113mW/4219mW VDD_CPU_GPU_CV 996mW/1049mW VDD_SOC 1397mW/1397mW
08-10-2026 00:33:20 RAM 3781/7620MB (lfb 1x4MB) SWAP 2/12002MB (cached 0MB) CPU [2%@1510,1%@1510,0%@1510,0%@1510,0%@1510,0%@1510] GR3D_FREQ 0% cpu@47.218C soc2@46.5C soc0@44.843C gpu@46.781C tj@47.218C soc1@44.843C VDD_IN 4113mW/4218mW VDD_CPU_GPU_CV 996mW/1049mW VDD_SOC 1397mW/1397mW
08-10-2026 00:33:21 RAM 3781/7620MB (lfb 1x4MB) SWAP 2/12002MB (cached 0MB) CPU [1%@1510,1%@1510,0%@1510,3%@1510,1%@1510,3%@1510] GR3D_FREQ 0% cpu@47.156C soc2@46.406C soc0@44.843C gpu@46.687C tj@47.156C soc1@44.937C VDD_IN 4153mW/4218mW VDD_CPU_GPU_CV 996mW/1049mW VDD_SOC 1397mW/1397mW
08-10-2026 00:33:22 RAM 3782/7620MB (lfb 1x4MB) SWAP 2/12002MB (cached 0MB) CPU [1%@1510,1%@1510,1%@1510,1%@1510,1%@1510,2%@1510] GR3D_FREQ 0% cpu@47.312C soc2@46.437C soc0@44.875C gpu@46.843C tj@47.312C soc1@44.687C VDD_IN 4153mW/4218mW VDD_CPU_GPU_CV 996mW/1049mW VDD_SOC 1397mW/1397mW
08-10-2026 00:33:23 RAM 3782/7620MB (lfb 1x4MB) SWAP 2/12002MB (cached 0MB) CPU [0%@1510,2%@1510,1%@1510,0%@1510,0%@1510,0%@1510] GR3D_FREQ 0% cpu@47.093C soc2@46.406C soc0@44.781C gpu@46.843C tj@47.093C soc1@44.781C VDD_IN 4113mW/4217mW VDD_CPU_GPU_CV 996mW/1048mW VDD_SOC 1397mW/1397mW
08-10-2026 00:33:24 RAM 3746/7620MB (lfb 1x4MB) SWAP 2/12002MB (cached 0MB) CPU [1%@1510,0%@1510,12%@1510,1%@1510,1%@1510,1%@1510] GR3D_FREQ 0% cpu@47.375C soc2@46.468C soc0@44.781C gpu@46.468C tj@47.375C soc1@44.812C VDD_IN 4306mW/4218mW VDD_CPU_GPU_CV 1074mW/1049mW VDD_SOC 1435mW/1398mW
08-10-2026 00:33:25 RAM 3746/7620MB (lfb 1x4MB) SWAP 2/12002MB (cached 0MB) CPU [1%@1510,0%@1510,0%@1510,0%@1510,1%@1510,0%@1510] GR3D_FREQ 0% cpu@47.156C soc2@46.5C soc0@44.718C gpu@46.531C tj@47.156C soc1@44.843C VDD_IN 4113mW/4217mW VDD_CPU_GPU_CV 996mW/1048mW VDD_SOC 1397mW/1398mW
08-10-2026 00:33:26 RAM 3747/7620MB (lfb 1x4MB) SWAP 2/12002MB (cached 0MB) CPU [3%@1510,2%@1510,0%@1510,0%@1510,2%@1510,1%@1510] GR3D_FREQ 0% cpu@47.125C soc2@46.531C soc0@44.75C gpu@46.468C tj@47.125C soc1@44.843C VDD_IN 4153mW/4217mW VDD_CPU_GPU_CV 996mW/1048mW VDD_SOC 1397mW/1398mW
08-10-2026 00:33:27 RAM 3086/7620MB (lfb 36x4MB) SWAP 2/12002MB (cached 0MB) CPU [4%@1510,0%@1510,2%@1510,2%@1510,0%@1510,0%@1510] GR3D_FREQ 0% cpu@47.281C soc2@46.5C soc0@44.781C gpu@46.531C tj@47.281C soc1@44.875C VDD_IN 4193mW/4217mW VDD_CPU_GPU_CV 1036mW/1048mW VDD_SOC 1397mW/1398mW
08-10-2026 00:33:28 RAM 3086/7620MB (lfb 36x4MB) SWAP 2/12002MB (cached 0MB) CPU [0%@1510,1%@1510,0%@1510,0%@1510,0%@1510,0%@1510] GR3D_FREQ 0% cpu@47.062C soc2@46.468C soc0@44.843C gpu@46.437C tj@47.062C soc1@44.906C VDD_IN 4113mW/4217mW VDD_CPU_GPU_CV 996mW/1048mW VDD_SOC 1397mW/1398mW
08-10-2026 00:33:29 RAM 3086/7620MB (lfb 36x4MB) SWAP 2/12002MB (cached 0MB) CPU [1%@1510,1%@1510,0%@1510,0%@1510,1%@1510,0%@1510] GR3D_FREQ 0% cpu@47.281C soc2@46.437C soc0@44.875C gpu@46.468C tj@47.281C soc1@44.718C VDD_IN 4113mW/4216mW VDD_CPU_GPU_CV 996mW/1048mW VDD_SOC 1397mW/1398mW
08-10-2026 00:33:30 RAM 3086/7620MB (lfb 36x4MB) SWAP 2/12002MB (cached 0MB) CPU [0%@1510,1%@1510,0%@1510,0%@1510,0%@1510,0%@1510] GR3D_FREQ 0% cpu@47.093C soc2@46.375C soc0@44.75C gpu@46.531C tj@47.093C soc1@44.718C VDD_IN 4113mW/4216mW VDD_CPU_GPU_CV 996mW/1047mW VDD_SOC 1397mW/1398mW
